 
****************************************
Report : timing
        -path full
        -delay min
        -max_paths 20
Design : gemv_unit
Version: P-2019.03-SP5-6
Date   : Tue Sep  1 00:13:11 2026
****************************************

 # A fanout number of 1000 was used for high fanout net computations.

Operating Conditions: PVT_0P7V_25C   Library: asap7sc7p5t_AO_RVT_TT_nldm_211120
Wire Load Model Mode: top

  Startpoint: last_pipe_reg[2]
              (rising edge-triggered flip-flop clocked by clk)
  Endpoint: last_pipe_reg[3]
            (rising edge-triggered flip-flop clocked by clk)
  Path Group: clk
  Path Type: min

  Point                                                   Incr       Path
  --------------------------------------------------------------------------
  clock clk (rise edge)                                   0.00       0.00
  clock network delay (ideal)                             0.00       0.00
  last_pipe_reg[2]/CLK (DFFASRHQNx1_ASAP7_75t_R)          0.00 #     0.00 r
  last_pipe_reg[2]/QN (DFFASRHQNx1_ASAP7_75t_R)          57.26      57.26 r
  U5611/Y (INVx1_ASAP7_75t_R)                             9.08      66.34 f
  last_pipe_reg[3]/D (DFFASRHQNx1_ASAP7_75t_R)            0.00      66.34 f
  data arrival time                                                 66.34

  clock clk (rise edge)                                   0.00       0.00
  clock network delay (ideal)                             0.00       0.00
  clock uncertainty                                      50.00      50.00
  last_pipe_reg[3]/CLK (DFFASRHQNx1_ASAP7_75t_R)          0.00      50.00 r
  library hold time                                      15.61      65.61
  data required time                                                65.61
  --------------------------------------------------------------------------
  data required time                                                65.61
  data arrival time                                                -66.34
  --------------------------------------------------------------------------
  slack (MET)                                                        0.73


  Startpoint: clr_q_reg (rising edge-triggered flip-flop clocked by clk)
  Endpoint: clr_q_reg (rising edge-triggered flip-flop clocked by clk)
  Path Group: clk
  Path Type: min

  Point                                                   Incr       Path
  --------------------------------------------------------------------------
  clock clk (rise edge)                                   0.00       0.00
  clock network delay (ideal)                             0.00       0.00
  clr_q_reg/CLK (DFFASRHQNx1_ASAP7_75t_R)                 0.00 #     0.00 r
  clr_q_reg/QN (DFFASRHQNx1_ASAP7_75t_R)                 56.16      56.16 r
  U309/Y (OAI22xp5_ASAP7_75t_R)                          10.62      66.79 f
  clr_q_reg/D (DFFASRHQNx1_ASAP7_75t_R)                   0.00      66.79 f
  data arrival time                                                 66.79

  clock clk (rise edge)                                   0.00       0.00
  clock network delay (ideal)                             0.00       0.00
  clock uncertainty                                      50.00      50.00
  clr_q_reg/CLK (DFFASRHQNx1_ASAP7_75t_R)                 0.00      50.00 r
  library hold time                                      15.49      65.49
  data required time                                                65.49
  --------------------------------------------------------------------------
  data required time                                                65.49
  data arrival time                                                -66.79
  --------------------------------------------------------------------------
  slack (MET)                                                        1.30


  Startpoint: last_pipe_reg[6]
              (rising edge-triggered flip-flop clocked by clk)
  Endpoint: sc_last_d_reg
            (rising edge-triggered flip-flop clocked by clk)
  Path Group: clk
  Path Type: min

  Point                                                   Incr       Path
  --------------------------------------------------------------------------
  clock clk (rise edge)                                   0.00       0.00
  clock network delay (ideal)                             0.00       0.00
  last_pipe_reg[6]/CLK (DFFASRHQNx1_ASAP7_75t_R)          0.00 #     0.00 r
  last_pipe_reg[6]/QN (DFFASRHQNx1_ASAP7_75t_R)          53.29      53.29 r
  U5557/Y (NAND3xp33_ASAP7_75t_R)                        13.25      66.54 f
  sc_last_d_reg/D (DFFASRHQNx1_ASAP7_75t_R)               0.00      66.54 f
  data arrival time                                                 66.54

  clock clk (rise edge)                                   0.00       0.00
  clock network delay (ideal)                             0.00       0.00
  clock uncertainty                                      50.00      50.00
  sc_last_d_reg/CLK (DFFASRHQNx1_ASAP7_75t_R)             0.00      50.00 r
  library hold time                                      14.60      64.60
  data required time                                                64.60
  --------------------------------------------------------------------------
  data required time                                                64.60
  data arrival time                                                -66.54
  --------------------------------------------------------------------------
  slack (MET)                                                        1.94


  Startpoint: g_add[15].u_add/y_reg[2]
              (rising edge-triggered flip-flop clocked by clk)
  Endpoint: acc_hold_reg[15][2]
            (rising edge-triggered flip-flop clocked by clk)
  Path Group: clk
  Path Type: min

  Point                                                   Incr       Path
  --------------------------------------------------------------------------
  clock clk (rise edge)                                   0.00       0.00
  clock network delay (ideal)                             0.00       0.00
  g_add[15].u_add/y_reg[2]/CLK (DFFASRHQNx1_ASAP7_75t_R)     0.00 #     0.00 r
  g_add[15].u_add/y_reg[2]/QN (DFFASRHQNx1_ASAP7_75t_R)    54.25    54.25 r
  g_add[15].u_add/y[2] (fp16_add_1)                       0.00      54.25 r
  U2449/Y (AOI22xp5_ASAP7_75t_R)                         12.67      66.92 f
  acc_hold_reg[15][2]/D (DFFASRHQNx1_ASAP7_75t_R)         0.00      66.92 f
  data arrival time                                                 66.92

  clock clk (rise edge)                                   0.00       0.00
  clock network delay (ideal)                             0.00       0.00
  clock uncertainty                                      50.00      50.00
  acc_hold_reg[15][2]/CLK (DFFASRHQNx1_ASAP7_75t_R)       0.00      50.00 r
  library hold time                                      14.74      64.74
  data required time                                                64.74
  --------------------------------------------------------------------------
  data required time                                                64.74
  data arrival time                                                -66.92
  --------------------------------------------------------------------------
  slack (MET)                                                        2.18


  Startpoint: last_pipe_reg[2]
              (rising edge-triggered flip-flop clocked by clk)
  Endpoint: ctx_last_d_reg
            (rising edge-triggered flip-flop clocked by clk)
  Path Group: clk
  Path Type: min

  Point                                                   Incr       Path
  --------------------------------------------------------------------------
  clock clk (rise edge)                                   0.00       0.00
  clock network delay (ideal)                             0.00       0.00
  last_pipe_reg[2]/CLK (DFFASRHQNx1_ASAP7_75t_R)          0.00 #     0.00 r
  last_pipe_reg[2]/QN (DFFASRHQNx1_ASAP7_75t_R)          57.26      57.26 r
  U5559/Y (NAND2xp5_ASAP7_75t_R)                         10.81      68.07 f
  ctx_last_d_reg/D (DFFASRHQNx1_ASAP7_75t_R)              0.00      68.07 f
  data arrival time                                                 68.07

  clock clk (rise edge)                                   0.00       0.00
  clock network delay (ideal)                             0.00       0.00
  clock uncertainty                                      50.00      50.00
  ctx_last_d_reg/CLK (DFFASRHQNx1_ASAP7_75t_R)            0.00      50.00 r
  library hold time                                      15.26      65.26
  data required time                                                65.26
  --------------------------------------------------------------------------
  data required time                                                65.26
  data arrival time                                                -68.07
  --------------------------------------------------------------------------
  slack (MET)                                                        2.81


  Startpoint: acc_hold_reg[15][8]
              (rising edge-triggered flip-flop clocked by clk)
  Endpoint: acc_hold_reg[15][8]
            (rising edge-triggered flip-flop clocked by clk)
  Path Group: clk
  Path Type: min

  Point                                                   Incr       Path
  --------------------------------------------------------------------------
  clock clk (rise edge)                                   0.00       0.00
  clock network delay (ideal)                             0.00       0.00
  acc_hold_reg[15][8]/CLK (DFFASRHQNx1_ASAP7_75t_R)       0.00 #     0.00 r
  acc_hold_reg[15][8]/QN (DFFASRHQNx1_ASAP7_75t_R)       57.32      57.32 r
  U3182/Y (AOI22x1_ASAP7_75t_R)                          11.05      68.37 f
  acc_hold_reg[15][8]/D (DFFASRHQNx1_ASAP7_75t_R)         0.00      68.37 f
  data arrival time                                                 68.37

  clock clk (rise edge)                                   0.00       0.00
  clock network delay (ideal)                             0.00       0.00
  clock uncertainty                                      50.00      50.00
  acc_hold_reg[15][8]/CLK (DFFASRHQNx1_ASAP7_75t_R)       0.00      50.00 r
  library hold time                                      15.30      65.30
  data required time                                                65.30
  --------------------------------------------------------------------------
  data required time                                                65.30
  data arrival time                                                -68.37
  --------------------------------------------------------------------------
  slack (MET)                                                        3.07


  Startpoint: acc_hold_reg[15][7]
              (rising edge-triggered flip-flop clocked by clk)
  Endpoint: acc_hold_reg[15][7]
            (rising edge-triggered flip-flop clocked by clk)
  Path Group: clk
  Path Type: min

  Point                                                   Incr       Path
  --------------------------------------------------------------------------
  clock clk (rise edge)                                   0.00       0.00
  clock network delay (ideal)                             0.00       0.00
  acc_hold_reg[15][7]/CLK (DFFASRHQNx1_ASAP7_75t_R)       0.00 #     0.00 r
  acc_hold_reg[15][7]/QN (DFFASRHQNx1_ASAP7_75t_R)       57.32      57.32 r
  U3181/Y (AOI22x1_ASAP7_75t_R)                          11.05      68.37 f
  acc_hold_reg[15][7]/D (DFFASRHQNx1_ASAP7_75t_R)         0.00      68.37 f
  data arrival time                                                 68.37

  clock clk (rise edge)                                   0.00       0.00
  clock network delay (ideal)                             0.00       0.00
  clock uncertainty                                      50.00      50.00
  acc_hold_reg[15][7]/CLK (DFFASRHQNx1_ASAP7_75t_R)       0.00      50.00 r
  library hold time                                      15.17      65.17
  data required time                                                65.17
  --------------------------------------------------------------------------
  data required time                                                65.17
  data arrival time                                                -68.37
  --------------------------------------------------------------------------
  slack (MET)                                                        3.20


  Startpoint: acc_hold_reg[9][7]
              (rising edge-triggered flip-flop clocked by clk)
  Endpoint: acc_hold_reg[9][7]
            (rising edge-triggered flip-flop clocked by clk)
  Path Group: clk
  Path Type: min

  Point                                                   Incr       Path
  --------------------------------------------------------------------------
  clock clk (rise edge)                                   0.00       0.00
  clock network delay (ideal)                             0.00       0.00
  acc_hold_reg[9][7]/CLK (DFFASRHQNx1_ASAP7_75t_R)        0.00 #     0.00 r
  acc_hold_reg[9][7]/QN (DFFASRHQNx1_ASAP7_75t_R)        54.46      54.46 r
  U2464/Y (AOI22xp5_ASAP7_75t_R)                         13.83      68.28 f
  acc_hold_reg[9][7]/D (DFFASRHQNx1_ASAP7_75t_R)          0.00      68.28 f
  data arrival time                                                 68.28

  clock clk (rise edge)                                   0.00       0.00
  clock network delay (ideal)                             0.00       0.00
  clock uncertainty                                      50.00      50.00
  acc_hold_reg[9][7]/CLK (DFFASRHQNx1_ASAP7_75t_R)        0.00      50.00 r
  library hold time                                      14.59      64.59
  data required time                                                64.59
  --------------------------------------------------------------------------
  data required time                                                64.59
  data arrival time                                                -68.28
  --------------------------------------------------------------------------
  slack (MET)                                                        3.69


  Startpoint: acc_hold_reg[3][1]
              (rising edge-triggered flip-flop clocked by clk)
  Endpoint: acc_hold_reg[3][1]
            (rising edge-triggered flip-flop clocked by clk)
  Path Group: clk
  Path Type: min

  Point                                                   Incr       Path
  --------------------------------------------------------------------------
  clock clk (rise edge)                                   0.00       0.00
  clock network delay (ideal)                             0.00       0.00
  acc_hold_reg[3][1]/CLK (DFFASRHQNx1_ASAP7_75t_R)        0.00 #     0.00 r
  acc_hold_reg[3][1]/QN (DFFASRHQNx1_ASAP7_75t_R)        54.46      54.46 r
  U2489/Y (AOI22xp5_ASAP7_75t_R)                         13.83      68.28 f
  acc_hold_reg[3][1]/D (DFFASRHQNx1_ASAP7_75t_R)          0.00      68.28 f
  data arrival time                                                 68.28

  clock clk (rise edge)                                   0.00       0.00
  clock network delay (ideal)                             0.00       0.00
  clock uncertainty                                      50.00      50.00
  acc_hold_reg[3][1]/CLK (DFFASRHQNx1_ASAP7_75t_R)        0.00      50.00 r
  library hold time                                      14.59      64.59
  data required time                                                64.59
  --------------------------------------------------------------------------
  data required time                                                64.59
  data arrival time                                                -68.28
  --------------------------------------------------------------------------
  slack (MET)                                                        3.70


  Startpoint: acc_hold_reg[4][1]
              (rising edge-triggered flip-flop clocked by clk)
  Endpoint: acc_hold_reg[4][1]
            (rising edge-triggered flip-flop clocked by clk)
  Path Group: clk
  Path Type: min

  Point                                                   Incr       Path
  --------------------------------------------------------------------------
  clock clk (rise edge)                                   0.00       0.00
  clock network delay (ideal)                             0.00       0.00
  acc_hold_reg[4][1]/CLK (DFFASRHQNx1_ASAP7_75t_R)        0.00 #     0.00 r
  acc_hold_reg[4][1]/QN (DFFASRHQNx1_ASAP7_75t_R)        54.46      54.46 r
  U2487/Y (AOI22xp5_ASAP7_75t_R)                         13.83      68.28 f
  acc_hold_reg[4][1]/D (DFFASRHQNx1_ASAP7_75t_R)          0.00      68.28 f
  data arrival time                                                 68.28

  clock clk (rise edge)                                   0.00       0.00
  clock network delay (ideal)                             0.00       0.00
  clock uncertainty                                      50.00      50.00
  acc_hold_reg[4][1]/CLK (DFFASRHQNx1_ASAP7_75t_R)        0.00      50.00 r
  library hold time                                      14.59      64.59
  data required time                                                64.59
  --------------------------------------------------------------------------
  data required time                                                64.59
  data arrival time                                                -68.28
  --------------------------------------------------------------------------
  slack (MET)                                                        3.70


  Startpoint: acc_hold_reg[10][1]
              (rising edge-triggered flip-flop clocked by clk)
  Endpoint: acc_hold_reg[10][1]
            (rising edge-triggered flip-flop clocked by clk)
  Path Group: clk
  Path Type: min

  Point                                                   Incr       Path
  --------------------------------------------------------------------------
  clock clk (rise edge)                                   0.00       0.00
  clock network delay (ideal)                             0.00       0.00
  acc_hold_reg[10][1]/CLK (DFFASRHQNx1_ASAP7_75t_R)       0.00 #     0.00 r
  acc_hold_reg[10][1]/QN (DFFASRHQNx1_ASAP7_75t_R)       54.46      54.46 r
  U2462/Y (AOI22xp5_ASAP7_75t_R)                         13.83      68.28 f
  acc_hold_reg[10][1]/D (DFFASRHQNx1_ASAP7_75t_R)         0.00      68.28 f
  data arrival time                                                 68.28

  clock clk (rise edge)                                   0.00       0.00
  clock network delay (ideal)                             0.00       0.00
  clock uncertainty                                      50.00      50.00
  acc_hold_reg[10][1]/CLK (DFFASRHQNx1_ASAP7_75t_R)       0.00      50.00 r
  library hold time                                      14.59      64.59
  data required time                                                64.59
  --------------------------------------------------------------------------
  data required time                                                64.59
  data arrival time                                                -68.28
  --------------------------------------------------------------------------
  slack (MET)                                                        3.70


  Startpoint: g_add[15].u_add/y_reg[11]
              (rising edge-triggered flip-flop clocked by clk)
  Endpoint: acc_hold_reg[15][11]
            (rising edge-triggered flip-flop clocked by clk)
  Path Group: clk
  Path Type: min

  Point                                                   Incr       Path
  --------------------------------------------------------------------------
  clock clk (rise edge)                                   0.00       0.00
  clock network delay (ideal)                             0.00       0.00
  g_add[15].u_add/y_reg[11]/CLK (DFFASRHQNx1_ASAP7_75t_R)     0.00 #     0.00 r
  g_add[15].u_add/y_reg[11]/QN (DFFASRHQNx1_ASAP7_75t_R)    54.25    54.25 r
  g_add[15].u_add/y[11] (fp16_add_1)                      0.00      54.25 r
  U2448/Y (AOI22xp5_ASAP7_75t_R)                         14.05      68.30 f
  acc_hold_reg[15][11]/D (DFFASRHQNx1_ASAP7_75t_R)        0.00      68.30 f
  data arrival time                                                 68.30

  clock clk (rise edge)                                   0.00       0.00
  clock network delay (ideal)                             0.00       0.00
  clock uncertainty                                      50.00      50.00
  acc_hold_reg[15][11]/CLK (DFFASRHQNx1_ASAP7_75t_R)      0.00      50.00 r
  library hold time                                      14.39      64.39
  data required time                                                64.39
  --------------------------------------------------------------------------
  data required time                                                64.39
  data arrival time                                                -68.30
  --------------------------------------------------------------------------
  slack (MET)                                                        3.91


  Startpoint: g_add[15].u_add/y_reg[13]
              (rising edge-triggered flip-flop clocked by clk)
  Endpoint: acc_hold_reg[15][13]
            (rising edge-triggered flip-flop clocked by clk)
  Path Group: clk
  Path Type: min

  Point                                                   Incr       Path
  --------------------------------------------------------------------------
  clock clk (rise edge)                                   0.00       0.00
  clock network delay (ideal)                             0.00       0.00
  g_add[15].u_add/y_reg[13]/CLK (DFFASRHQNx1_ASAP7_75t_R)     0.00 #     0.00 r
  g_add[15].u_add/y_reg[13]/QN (DFFASRHQNx1_ASAP7_75t_R)    54.25    54.25 r
  g_add[15].u_add/y[13] (fp16_add_1)                      0.00      54.25 r
  U2447/Y (AOI22xp5_ASAP7_75t_R)                         14.05      68.30 f
  acc_hold_reg[15][13]/D (DFFASRHQNx1_ASAP7_75t_R)        0.00      68.30 f
  data arrival time                                                 68.30

  clock clk (rise edge)                                   0.00       0.00
  clock network delay (ideal)                             0.00       0.00
  clock uncertainty                                      50.00      50.00
  acc_hold_reg[15][13]/CLK (DFFASRHQNx1_ASAP7_75t_R)      0.00      50.00 r
  library hold time                                      14.39      64.39
  data required time                                                64.39
  --------------------------------------------------------------------------
  data required time                                                64.39
  data arrival time                                                -68.30
  --------------------------------------------------------------------------
  slack (MET)                                                        3.91


  Startpoint: acc_hold_reg[15][0]
              (rising edge-triggered flip-flop clocked by clk)
  Endpoint: acc_hold_reg[15][0]
            (rising edge-triggered flip-flop clocked by clk)
  Path Group: clk
  Path Type: min

  Point                                                   Incr       Path
  --------------------------------------------------------------------------
  clock clk (rise edge)                                   0.00       0.00
  clock network delay (ideal)                             0.00       0.00
  acc_hold_reg[15][0]/CLK (DFFASRHQNx1_ASAP7_75t_R)       0.00 #     0.00 r
  acc_hold_reg[15][0]/QN (DFFASRHQNx1_ASAP7_75t_R)       57.32      57.32 r
  U3161/Y (AOI22x1_ASAP7_75t_R)                          11.85      69.16 f
  acc_hold_reg[15][0]/D (DFFASRHQNx1_ASAP7_75t_R)         0.00      69.16 f
  data arrival time                                                 69.16

  clock clk (rise edge)                                   0.00       0.00
  clock network delay (ideal)                             0.00       0.00
  clock uncertainty                                      50.00      50.00
  acc_hold_reg[15][0]/CLK (DFFASRHQNx1_ASAP7_75t_R)       0.00      50.00 r
  library hold time                                      15.01      65.01
  data required time                                                65.01
  --------------------------------------------------------------------------
  data required time                                                65.01
  data arrival time                                                -69.16
  --------------------------------------------------------------------------
  slack (MET)                                                        4.15


  Startpoint: acc_hold_reg[15][1]
              (rising edge-triggered flip-flop clocked by clk)
  Endpoint: acc_hold_reg[15][1]
            (rising edge-triggered flip-flop clocked by clk)
  Path Group: clk
  Path Type: min

  Point                                                   Incr       Path
  --------------------------------------------------------------------------
  clock clk (rise edge)                                   0.00       0.00
  clock network delay (ideal)                             0.00       0.00
  acc_hold_reg[15][1]/CLK (DFFASRHQNx1_ASAP7_75t_R)       0.00 #     0.00 r
  acc_hold_reg[15][1]/QN (DFFASRHQNx1_ASAP7_75t_R)       57.32      57.32 r
  U3168/Y (AOI22x1_ASAP7_75t_R)                          11.85      69.16 f
  acc_hold_reg[15][1]/D (DFFASRHQNx1_ASAP7_75t_R)         0.00      69.16 f
  data arrival time                                                 69.16

  clock clk (rise edge)                                   0.00       0.00
  clock network delay (ideal)                             0.00       0.00
  clock uncertainty                                      50.00      50.00
  acc_hold_reg[15][1]/CLK (DFFASRHQNx1_ASAP7_75t_R)       0.00      50.00 r
  library hold time                                      15.01      65.01
  data required time                                                65.01
  --------------------------------------------------------------------------
  data required time                                                65.01
  data arrival time                                                -69.16
  --------------------------------------------------------------------------
  slack (MET)                                                        4.15


  Startpoint: acc_hold_reg[15][3]
              (rising edge-triggered flip-flop clocked by clk)
  Endpoint: acc_hold_reg[15][3]
            (rising edge-triggered flip-flop clocked by clk)
  Path Group: clk
  Path Type: min

  Point                                                   Incr       Path
  --------------------------------------------------------------------------
  clock clk (rise edge)                                   0.00       0.00
  clock network delay (ideal)                             0.00       0.00
  acc_hold_reg[15][3]/CLK (DFFASRHQNx1_ASAP7_75t_R)       0.00 #     0.00 r
  acc_hold_reg[15][3]/QN (DFFASRHQNx1_ASAP7_75t_R)       57.32      57.32 r
  U3172/Y (AOI22x1_ASAP7_75t_R)                          11.85      69.16 f
  acc_hold_reg[15][3]/D (DFFASRHQNx1_ASAP7_75t_R)         0.00      69.16 f
  data arrival time                                                 69.16

  clock clk (rise edge)                                   0.00       0.00
  clock network delay (ideal)                             0.00       0.00
  clock uncertainty                                      50.00      50.00
  acc_hold_reg[15][3]/CLK (DFFASRHQNx1_ASAP7_75t_R)       0.00      50.00 r
  library hold time                                      15.01      65.01
  data required time                                                65.01
  --------------------------------------------------------------------------
  data required time                                                65.01
  data arrival time                                                -69.16
  --------------------------------------------------------------------------
  slack (MET)                                                        4.15


  Startpoint: acc_hold_reg[15][4]
              (rising edge-triggered flip-flop clocked by clk)
  Endpoint: acc_hold_reg[15][4]
            (rising edge-triggered flip-flop clocked by clk)
  Path Group: clk
  Path Type: min

  Point                                                   Incr       Path
  --------------------------------------------------------------------------
  clock clk (rise edge)                                   0.00       0.00
  clock network delay (ideal)                             0.00       0.00
  acc_hold_reg[15][4]/CLK (DFFASRHQNx1_ASAP7_75t_R)       0.00 #     0.00 r
  acc_hold_reg[15][4]/QN (DFFASRHQNx1_ASAP7_75t_R)       57.32      57.32 r
  U3175/Y (AOI22x1_ASAP7_75t_R)                          11.85      69.16 f
  acc_hold_reg[15][4]/D (DFFASRHQNx1_ASAP7_75t_R)         0.00      69.16 f
  data arrival time                                                 69.16

  clock clk (rise edge)                                   0.00       0.00
  clock network delay (ideal)                             0.00       0.00
  clock uncertainty                                      50.00      50.00
  acc_hold_reg[15][4]/CLK (DFFASRHQNx1_ASAP7_75t_R)       0.00      50.00 r
  library hold time                                      15.01      65.01
  data required time                                                65.01
  --------------------------------------------------------------------------
  data required time                                                65.01
  data arrival time                                                -69.16
  --------------------------------------------------------------------------
  slack (MET)                                                        4.15


  Startpoint: acc_hold_reg[15][5]
              (rising edge-triggered flip-flop clocked by clk)
  Endpoint: acc_hold_reg[15][5]
            (rising edge-triggered flip-flop clocked by clk)
  Path Group: clk
  Path Type: min

  Point                                                   Incr       Path
  --------------------------------------------------------------------------
  clock clk (rise edge)                                   0.00       0.00
  clock network delay (ideal)                             0.00       0.00
  acc_hold_reg[15][5]/CLK (DFFASRHQNx1_ASAP7_75t_R)       0.00 #     0.00 r
  acc_hold_reg[15][5]/QN (DFFASRHQNx1_ASAP7_75t_R)       57.32      57.32 r
  U3177/Y (AOI22x1_ASAP7_75t_R)                          11.85      69.16 f
  acc_hold_reg[15][5]/D (DFFASRHQNx1_ASAP7_75t_R)         0.00      69.16 f
  data arrival time                                                 69.16

  clock clk (rise edge)                                   0.00       0.00
  clock network delay (ideal)                             0.00       0.00
  clock uncertainty                                      50.00      50.00
  acc_hold_reg[15][5]/CLK (DFFASRHQNx1_ASAP7_75t_R)       0.00      50.00 r
  library hold time                                      15.01      65.01
  data required time                                                65.01
  --------------------------------------------------------------------------
  data required time                                                65.01
  data arrival time                                                -69.16
  --------------------------------------------------------------------------
  slack (MET)                                                        4.15


  Startpoint: acc_hold_reg[15][6]
              (rising edge-triggered flip-flop clocked by clk)
  Endpoint: acc_hold_reg[15][6]
            (rising edge-triggered flip-flop clocked by clk)
  Path Group: clk
  Path Type: min

  Point                                                   Incr       Path
  --------------------------------------------------------------------------
  clock clk (rise edge)                                   0.00       0.00
  clock network delay (ideal)                             0.00       0.00
  acc_hold_reg[15][6]/CLK (DFFASRHQNx1_ASAP7_75t_R)       0.00 #     0.00 r
  acc_hold_reg[15][6]/QN (DFFASRHQNx1_ASAP7_75t_R)       57.32      57.32 r
  U3179/Y (AOI22x1_ASAP7_75t_R)                          11.85      69.16 f
  acc_hold_reg[15][6]/D (DFFASRHQNx1_ASAP7_75t_R)         0.00      69.16 f
  data arrival time                                                 69.16

  clock clk (rise edge)                                   0.00       0.00
  clock network delay (ideal)                             0.00       0.00
  clock uncertainty                                      50.00      50.00
  acc_hold_reg[15][6]/CLK (DFFASRHQNx1_ASAP7_75t_R)       0.00      50.00 r
  library hold time                                      15.01      65.01
  data required time                                                65.01
  --------------------------------------------------------------------------
  data required time                                                65.01
  data arrival time                                                -69.16
  --------------------------------------------------------------------------
  slack (MET)                                                        4.15


  Startpoint: acc_hold_reg[15][10]
              (rising edge-triggered flip-flop clocked by clk)
  Endpoint: acc_hold_reg[15][10]
            (rising edge-triggered flip-flop clocked by clk)
  Path Group: clk
  Path Type: min

  Point                                                   Incr       Path
  --------------------------------------------------------------------------
  clock clk (rise edge)                                   0.00       0.00
  clock network delay (ideal)                             0.00       0.00
  acc_hold_reg[15][10]/CLK (DFFASRHQNx1_ASAP7_75t_R)      0.00 #     0.00 r
  acc_hold_reg[15][10]/QN (DFFASRHQNx1_ASAP7_75t_R)      57.32      57.32 r
  U3184/Y (AOI22x1_ASAP7_75t_R)                          11.85      69.16 f
  acc_hold_reg[15][10]/D (DFFASRHQNx1_ASAP7_75t_R)        0.00      69.16 f
  data arrival time                                                 69.16

  clock clk (rise edge)                                   0.00       0.00
  clock network delay (ideal)                             0.00       0.00
  clock uncertainty                                      50.00      50.00
  acc_hold_reg[15][10]/CLK (DFFASRHQNx1_ASAP7_75t_R)      0.00      50.00 r
  library hold time                                      15.01      65.01
  data required time                                                65.01
  --------------------------------------------------------------------------
  data required time                                                65.01
  data arrival time                                                -69.16
  --------------------------------------------------------------------------
  slack (MET)                                                        4.15


1
