 
****************************************
Report : area
Design : softmax_unit
Version: P-2019.03-SP5-6
Date   : Fri Aug 28 23:37:09 2026
****************************************

Library(s) Used:

    asap7sc7p5t_INVBUF_RVT_TT_nldm_211120 (File: /thu-bloor/xinyao-w23/kvpim-rtl/third_party/asap7_lib/db/asap7sc7p5t_INVBUF_RVT_TT_nldm_211120.db)
    asap7sc7p5t_AO_RVT_TT_nldm_211120 (File: /thu-bloor/xinyao-w23/kvpim-rtl/third_party/asap7_lib/db/asap7sc7p5t_AO_RVT_TT_nldm_211120.db)
    asap7sc7p5t_SIMPLE_RVT_TT_nldm_211120 (File: /thu-bloor/xinyao-w23/kvpim-rtl/third_party/asap7_lib/db/asap7sc7p5t_SIMPLE_RVT_TT_nldm_211120.db)
    asap7sc7p5t_OA_RVT_TT_nldm_211120 (File: /thu-bloor/xinyao-w23/kvpim-rtl/third_party/asap7_lib/db/asap7sc7p5t_OA_RVT_TT_nldm_211120.db)
    asap7sc7p5t_SEQ_RVT_TT_nldm_220123 (File: /thu-bloor/xinyao-w23/kvpim-rtl/third_party/asap7_lib/db/asap7sc7p5t_SEQ_RVT_TT_nldm_220123.db)

Number of ports:                        43095
Number of nets:                        240410
Number of cells:                       181675
Number of combinational cells:         176506
Number of sequential cells:              4550
Number of macros/black boxes:               0
Number of buf/inv:                      75647
Number of references:                     158

Combinational area:              15241.144613
Buf/Inv area:                     3506.956599
Noncombinational area:            1724.813989
Macro/Black Box area:                0.000000
Net Interconnect area:      undefined  (No wire load specified)

Total cell area:                 16965.958602
Total area:                 undefined

Hierarchical area distribution
------------------------------

                                  Global cell area            Local cell area
                                  -------------------  ----------------------------- 
Hierarchical cell                 Absolute    Percent  Combi-      Noncombi-  Black-
                                  Total       Total    national    national   boxes   Design
--------------------------------  ----------  -------  ----------  ---------  ------  ------------------------------------
softmax_unit                      16965.9586    100.0    280.2568   407.5110  0.0000  softmax_unit
g_exp[0].u_exp                      414.5531      2.4     65.0560    40.5616  0.0000  fp32_exp_0
g_exp[0].u_exp/add_142                2.0120      0.0      2.0120     0.0000  0.0000  fp32_exp_0_DW01_inc_0_DW01_inc_94
g_exp[0].u_exp/add_271                6.8380      0.0      6.8380     0.0000  0.0000  fp32_exp_0_DW01_add_1_DW01_add_160
g_exp[0].u_exp/mult_121             118.4771      0.7    109.6853     0.0000  0.0000  fp32_exp_0_DW02_mult_0_DW02_mult_17
g_exp[0].u_exp/mult_121/FS_1          8.7917      0.1      8.7917     0.0000  0.0000  fp32_exp_0_DW01_add_0_DW01_add_96
g_exp[0].u_exp/mult_269             155.4811      0.9    148.3078     0.0000  0.0000  fp32_exp_0_DW02_mult_1_DW02_mult_49
g_exp[0].u_exp/mult_269/FS_1          7.1734      0.0      7.1734     0.0000  0.0000  fp32_exp_0_DW01_add_2_DW01_add_161
g_exp[0].u_exp/srl_85                11.9556      0.1     11.9556     0.0000  0.0000  fp32_exp_0_DW_rash_0_DW_rash_30
g_exp[0].u_exp/sub_143                6.3423      0.0      6.3423     0.0000  0.0000  fp32_exp_0_DW01_sub_5_DW01_sub_220
g_exp[0].u_exp/sub_267                7.8295      0.0      7.8295     0.0000  0.0000  fp32_exp_0_DW01_sub_1_DW01_sub_136
g_exp[10].u_exp                     414.5531      2.4     65.0560    40.5616  0.0000  fp32_exp_6
g_exp[10].u_exp/add_142               2.0120      0.0      2.0120     0.0000  0.0000  fp32_exp_6_DW01_inc_0_DW01_inc_84
g_exp[10].u_exp/add_271               6.8380      0.0      6.8380     0.0000  0.0000  fp32_exp_6_DW01_add_1_DW01_add_140
g_exp[10].u_exp/mult_121            118.4771      0.7    109.6853     0.0000  0.0000  fp32_exp_6_DW02_mult_0_DW02_mult_7
g_exp[10].u_exp/mult_121/FS_1         8.7917      0.1      8.7917     0.0000  0.0000  fp32_exp_6_DW01_add_0_DW01_add_86
g_exp[10].u_exp/mult_269            155.4811      0.9    148.3078     0.0000  0.0000  fp32_exp_6_DW02_mult_1_DW02_mult_39
g_exp[10].u_exp/mult_269/FS_1         7.1734      0.0      7.1734     0.0000  0.0000  fp32_exp_6_DW01_add_2_DW01_add_141
g_exp[10].u_exp/srl_85               11.9556      0.1     11.9556     0.0000  0.0000  fp32_exp_6_DW_rash_0_DW_rash_20
g_exp[10].u_exp/sub_143               6.3423      0.0      6.3423     0.0000  0.0000  fp32_exp_6_DW01_sub_5_DW01_sub_210
g_exp[10].u_exp/sub_267               7.8295      0.0      7.8295     0.0000  0.0000  fp32_exp_6_DW01_sub_1_DW01_sub_86
g_exp[11].u_exp                     414.5531      2.4     65.0560    40.5616  0.0000  fp32_exp_5
g_exp[11].u_exp/add_142               2.0120      0.0      2.0120     0.0000  0.0000  fp32_exp_5_DW01_inc_0_DW01_inc_83
g_exp[11].u_exp/add_271               6.8380      0.0      6.8380     0.0000  0.0000  fp32_exp_5_DW01_add_1_DW01_add_138
g_exp[11].u_exp/mult_121            118.4771      0.7    109.6853     0.0000  0.0000  fp32_exp_5_DW02_mult_0_DW02_mult_6
g_exp[11].u_exp/mult_121/FS_1         8.7917      0.1      8.7917     0.0000  0.0000  fp32_exp_5_DW01_add_0_DW01_add_85
g_exp[11].u_exp/mult_269            155.4811      0.9    148.3078     0.0000  0.0000  fp32_exp_5_DW02_mult_1_DW02_mult_38
g_exp[11].u_exp/mult_269/FS_1         7.1734      0.0      7.1734     0.0000  0.0000  fp32_exp_5_DW01_add_2_DW01_add_139
g_exp[11].u_exp/srl_85               11.9556      0.1     11.9556     0.0000  0.0000  fp32_exp_5_DW_rash_0_DW_rash_19
g_exp[11].u_exp/sub_143               6.3423      0.0      6.3423     0.0000  0.0000  fp32_exp_5_DW01_sub_5_DW01_sub_209
g_exp[11].u_exp/sub_267               7.8295      0.0      7.8295     0.0000  0.0000  fp32_exp_5_DW01_sub_1_DW01_sub_81
g_exp[12].u_exp                     414.5531      2.4     65.0560    40.5616  0.0000  fp32_exp_4
g_exp[12].u_exp/add_142               2.0120      0.0      2.0120     0.0000  0.0000  fp32_exp_4_DW01_inc_0_DW01_inc_82
g_exp[12].u_exp/add_271               6.8380      0.0      6.8380     0.0000  0.0000  fp32_exp_4_DW01_add_1_DW01_add_136
g_exp[12].u_exp/mult_121            118.4771      0.7    109.6853     0.0000  0.0000  fp32_exp_4_DW02_mult_0_DW02_mult_5
g_exp[12].u_exp/mult_121/FS_1         8.7917      0.1      8.7917     0.0000  0.0000  fp32_exp_4_DW01_add_0_DW01_add_84
g_exp[12].u_exp/mult_269            155.4811      0.9    148.3078     0.0000  0.0000  fp32_exp_4_DW02_mult_1_DW02_mult_37
g_exp[12].u_exp/mult_269/FS_1         7.1734      0.0      7.1734     0.0000  0.0000  fp32_exp_4_DW01_add_2_DW01_add_137
g_exp[12].u_exp/srl_85               11.9556      0.1     11.9556     0.0000  0.0000  fp32_exp_4_DW_rash_0_DW_rash_18
g_exp[12].u_exp/sub_143               6.3423      0.0      6.3423     0.0000  0.0000  fp32_exp_4_DW01_sub_5_DW01_sub_208
g_exp[12].u_exp/sub_267               7.8295      0.0      7.8295     0.0000  0.0000  fp32_exp_4_DW01_sub_1_DW01_sub_76
g_exp[13].u_exp                     414.5531      2.4     65.0560    40.5616  0.0000  fp32_exp_3
g_exp[13].u_exp/add_142               2.0120      0.0      2.0120     0.0000  0.0000  fp32_exp_3_DW01_inc_0_DW01_inc_81
g_exp[13].u_exp/add_271               6.8380      0.0      6.8380     0.0000  0.0000  fp32_exp_3_DW01_add_1_DW01_add_134
g_exp[13].u_exp/mult_121            118.4771      0.7    109.6853     0.0000  0.0000  fp32_exp_3_DW02_mult_0_DW02_mult_4
g_exp[13].u_exp/mult_121/FS_1         8.7917      0.1      8.7917     0.0000  0.0000  fp32_exp_3_DW01_add_0_DW01_add_83
g_exp[13].u_exp/mult_269            155.4811      0.9    148.3078     0.0000  0.0000  fp32_exp_3_DW02_mult_1_DW02_mult_36
g_exp[13].u_exp/mult_269/FS_1         7.1734      0.0      7.1734     0.0000  0.0000  fp32_exp_3_DW01_add_2_DW01_add_135
g_exp[13].u_exp/srl_85               11.9556      0.1     11.9556     0.0000  0.0000  fp32_exp_3_DW_rash_0_DW_rash_17
g_exp[13].u_exp/sub_143               6.3423      0.0      6.3423     0.0000  0.0000  fp32_exp_3_DW01_sub_5_DW01_sub_207
g_exp[13].u_exp/sub_267               7.8295      0.0      7.8295     0.0000  0.0000  fp32_exp_3_DW01_sub_1_DW01_sub_71
g_exp[14].u_exp                     414.5531      2.4     65.0560    40.5616  0.0000  fp32_exp_2
g_exp[14].u_exp/add_142               2.0120      0.0      2.0120     0.0000  0.0000  fp32_exp_2_DW01_inc_0_DW01_inc_80
g_exp[14].u_exp/add_271               6.8380      0.0      6.8380     0.0000  0.0000  fp32_exp_2_DW01_add_1_DW01_add_132
g_exp[14].u_exp/mult_121            118.4771      0.7    109.6853     0.0000  0.0000  fp32_exp_2_DW02_mult_0_DW02_mult_3
g_exp[14].u_exp/mult_121/FS_1         8.7917      0.1      8.7917     0.0000  0.0000  fp32_exp_2_DW01_add_0_DW01_add_82
g_exp[14].u_exp/mult_269            155.4811      0.9    148.3078     0.0000  0.0000  fp32_exp_2_DW02_mult_1_DW02_mult_35
g_exp[14].u_exp/mult_269/FS_1         7.1734      0.0      7.1734     0.0000  0.0000  fp32_exp_2_DW01_add_2_DW01_add_133
g_exp[14].u_exp/srl_85               11.9556      0.1     11.9556     0.0000  0.0000  fp32_exp_2_DW_rash_0_DW_rash_16
g_exp[14].u_exp/sub_143               6.3423      0.0      6.3423     0.0000  0.0000  fp32_exp_2_DW01_sub_5_DW01_sub_206
g_exp[14].u_exp/sub_267               7.8295      0.0      7.8295     0.0000  0.0000  fp32_exp_2_DW01_sub_1_DW01_sub_66
g_exp[15].u_exp                     414.5531      2.4     65.0560    40.5616  0.0000  fp32_exp_1
g_exp[15].u_exp/add_142               2.0120      0.0      2.0120     0.0000  0.0000  fp32_exp_1_DW01_inc_0_DW01_inc_79
g_exp[15].u_exp/add_271               6.8380      0.0      6.8380     0.0000  0.0000  fp32_exp_1_DW01_add_1_DW01_add_130
g_exp[15].u_exp/mult_121            118.4771      0.7    109.6853     0.0000  0.0000  fp32_exp_1_DW02_mult_0_DW02_mult_2
g_exp[15].u_exp/mult_121/FS_1         8.7917      0.1      8.7917     0.0000  0.0000  fp32_exp_1_DW01_add_0_DW01_add_81
g_exp[15].u_exp/mult_269            155.4811      0.9    148.3078     0.0000  0.0000  fp32_exp_1_DW02_mult_1_DW02_mult_34
g_exp[15].u_exp/mult_269/FS_1         7.1734      0.0      7.1734     0.0000  0.0000  fp32_exp_1_DW01_add_2_DW01_add_131
g_exp[15].u_exp/srl_85               11.9556      0.1     11.9556     0.0000  0.0000  fp32_exp_1_DW_rash_0_DW_rash_15
g_exp[15].u_exp/sub_143               6.3423      0.0      6.3423     0.0000  0.0000  fp32_exp_1_DW01_sub_5_DW01_sub_205
g_exp[15].u_exp/sub_267               7.8295      0.0      7.8295     0.0000  0.0000  fp32_exp_1_DW01_sub_1_DW01_sub_61
g_exp[1].u_exp                      414.5531      2.4     65.0560    40.5616  0.0000  fp32_exp_15
g_exp[1].u_exp/add_142                2.0120      0.0      2.0120     0.0000  0.0000  fp32_exp_15_DW01_inc_0_DW01_inc_93
g_exp[1].u_exp/add_271                6.8380      0.0      6.8380     0.0000  0.0000  fp32_exp_15_DW01_add_1_DW01_add_158
g_exp[1].u_exp/mult_121             118.4771      0.7    109.6853     0.0000  0.0000  fp32_exp_15_DW02_mult_0_DW02_mult_16
g_exp[1].u_exp/mult_121/FS_1          8.7917      0.1      8.7917     0.0000  0.0000  fp32_exp_15_DW01_add_0_DW01_add_95
g_exp[1].u_exp/mult_269             155.4811      0.9    148.3078     0.0000  0.0000  fp32_exp_15_DW02_mult_1_DW02_mult_48
g_exp[1].u_exp/mult_269/FS_1          7.1734      0.0      7.1734     0.0000  0.0000  fp32_exp_15_DW01_add_2_DW01_add_159
g_exp[1].u_exp/srl_85                11.9556      0.1     11.9556     0.0000  0.0000  fp32_exp_15_DW_rash_0_DW_rash_29
g_exp[1].u_exp/sub_143                6.3423      0.0      6.3423     0.0000  0.0000  fp32_exp_15_DW01_sub_5_DW01_sub_219
g_exp[1].u_exp/sub_267                7.8295      0.0      7.8295     0.0000  0.0000  fp32_exp_15_DW01_sub_1_DW01_sub_131
g_exp[2].u_exp                      414.5531      2.4     65.0560    40.5616  0.0000  fp32_exp_14
g_exp[2].u_exp/add_142                2.0120      0.0      2.0120     0.0000  0.0000  fp32_exp_14_DW01_inc_0_DW01_inc_92
g_exp[2].u_exp/add_271                6.8380      0.0      6.8380     0.0000  0.0000  fp32_exp_14_DW01_add_1_DW01_add_156
g_exp[2].u_exp/mult_121             118.4771      0.7    109.6853     0.0000  0.0000  fp32_exp_14_DW02_mult_0_DW02_mult_15
g_exp[2].u_exp/mult_121/FS_1          8.7917      0.1      8.7917     0.0000  0.0000  fp32_exp_14_DW01_add_0_DW01_add_94
g_exp[2].u_exp/mult_269             155.4811      0.9    148.3078     0.0000  0.0000  fp32_exp_14_DW02_mult_1_DW02_mult_47
g_exp[2].u_exp/mult_269/FS_1          7.1734      0.0      7.1734     0.0000  0.0000  fp32_exp_14_DW01_add_2_DW01_add_157
g_exp[2].u_exp/srl_85                11.9556      0.1     11.9556     0.0000  0.0000  fp32_exp_14_DW_rash_0_DW_rash_28
g_exp[2].u_exp/sub_143                6.3423      0.0      6.3423     0.0000  0.0000  fp32_exp_14_DW01_sub_5_DW01_sub_218
g_exp[2].u_exp/sub_267                7.8295      0.0      7.8295     0.0000  0.0000  fp32_exp_14_DW01_sub_1_DW01_sub_126
g_exp[3].u_exp                      414.5531      2.4     65.0560    40.5616  0.0000  fp32_exp_13
g_exp[3].u_exp/add_142                2.0120      0.0      2.0120     0.0000  0.0000  fp32_exp_13_DW01_inc_0_DW01_inc_91
g_exp[3].u_exp/add_271                6.8380      0.0      6.8380     0.0000  0.0000  fp32_exp_13_DW01_add_1_DW01_add_154
g_exp[3].u_exp/mult_121             118.4771      0.7    109.6853     0.0000  0.0000  fp32_exp_13_DW02_mult_0_DW02_mult_14
g_exp[3].u_exp/mult_121/FS_1          8.7917      0.1      8.7917     0.0000  0.0000  fp32_exp_13_DW01_add_0_DW01_add_93
g_exp[3].u_exp/mult_269             155.4811      0.9    148.3078     0.0000  0.0000  fp32_exp_13_DW02_mult_1_DW02_mult_46
g_exp[3].u_exp/mult_269/FS_1          7.1734      0.0      7.1734     0.0000  0.0000  fp32_exp_13_DW01_add_2_DW01_add_155
g_exp[3].u_exp/srl_85                11.9556      0.1     11.9556     0.0000  0.0000  fp32_exp_13_DW_rash_0_DW_rash_27
g_exp[3].u_exp/sub_143                6.3423      0.0      6.3423     0.0000  0.0000  fp32_exp_13_DW01_sub_5_DW01_sub_217
g_exp[3].u_exp/sub_267                7.8295      0.0      7.8295     0.0000  0.0000  fp32_exp_13_DW01_sub_1_DW01_sub_121
g_exp[4].u_exp                      414.5531      2.4     65.0560    40.5616  0.0000  fp32_exp_12
g_exp[4].u_exp/add_142                2.0120      0.0      2.0120     0.0000  0.0000  fp32_exp_12_DW01_inc_0_DW01_inc_90
g_exp[4].u_exp/add_271                6.8380      0.0      6.8380     0.0000  0.0000  fp32_exp_12_DW01_add_1_DW01_add_152
g_exp[4].u_exp/mult_121             118.4771      0.7    109.6853     0.0000  0.0000  fp32_exp_12_DW02_mult_0_DW02_mult_13
g_exp[4].u_exp/mult_121/FS_1          8.7917      0.1      8.7917     0.0000  0.0000  fp32_exp_12_DW01_add_0_DW01_add_92
g_exp[4].u_exp/mult_269             155.4811      0.9    148.3078     0.0000  0.0000  fp32_exp_12_DW02_mult_1_DW02_mult_45
g_exp[4].u_exp/mult_269/FS_1          7.1734      0.0      7.1734     0.0000  0.0000  fp32_exp_12_DW01_add_2_DW01_add_153
g_exp[4].u_exp/srl_85                11.9556      0.1     11.9556     0.0000  0.0000  fp32_exp_12_DW_rash_0_DW_rash_26
g_exp[4].u_exp/sub_143                6.3423      0.0      6.3423     0.0000  0.0000  fp32_exp_12_DW01_sub_5_DW01_sub_216
g_exp[4].u_exp/sub_267                7.8295      0.0      7.8295     0.0000  0.0000  fp32_exp_12_DW01_sub_1_DW01_sub_116
g_exp[5].u_exp                      414.5531      2.4     65.0560    40.5616  0.0000  fp32_exp_11
g_exp[5].u_exp/add_142                2.0120      0.0      2.0120     0.0000  0.0000  fp32_exp_11_DW01_inc_0_DW01_inc_89
g_exp[5].u_exp/add_271                6.8380      0.0      6.8380     0.0000  0.0000  fp32_exp_11_DW01_add_1_DW01_add_150
g_exp[5].u_exp/mult_121             118.4771      0.7    109.6853     0.0000  0.0000  fp32_exp_11_DW02_mult_0_DW02_mult_12
g_exp[5].u_exp/mult_121/FS_1          8.7917      0.1      8.7917     0.0000  0.0000  fp32_exp_11_DW01_add_0_DW01_add_91
g_exp[5].u_exp/mult_269             155.4811      0.9    148.3078     0.0000  0.0000  fp32_exp_11_DW02_mult_1_DW02_mult_44
g_exp[5].u_exp/mult_269/FS_1          7.1734      0.0      7.1734     0.0000  0.0000  fp32_exp_11_DW01_add_2_DW01_add_151
g_exp[5].u_exp/srl_85                11.9556      0.1     11.9556     0.0000  0.0000  fp32_exp_11_DW_rash_0_DW_rash_25
g_exp[5].u_exp/sub_143                6.3423      0.0      6.3423     0.0000  0.0000  fp32_exp_11_DW01_sub_5_DW01_sub_215
g_exp[5].u_exp/sub_267                7.8295      0.0      7.8295     0.0000  0.0000  fp32_exp_11_DW01_sub_1_DW01_sub_111
g_exp[6].u_exp                      414.5531      2.4     65.0560    40.5616  0.0000  fp32_exp_10
g_exp[6].u_exp/add_142                2.0120      0.0      2.0120     0.0000  0.0000  fp32_exp_10_DW01_inc_0_DW01_inc_88
g_exp[6].u_exp/add_271                6.8380      0.0      6.8380     0.0000  0.0000  fp32_exp_10_DW01_add_1_DW01_add_148
g_exp[6].u_exp/mult_121             118.4771      0.7    109.6853     0.0000  0.0000  fp32_exp_10_DW02_mult_0_DW02_mult_11
g_exp[6].u_exp/mult_121/FS_1          8.7917      0.1      8.7917     0.0000  0.0000  fp32_exp_10_DW01_add_0_DW01_add_90
g_exp[6].u_exp/mult_269             155.4811      0.9    148.3078     0.0000  0.0000  fp32_exp_10_DW02_mult_1_DW02_mult_43
g_exp[6].u_exp/mult_269/FS_1          7.1734      0.0      7.1734     0.0000  0.0000  fp32_exp_10_DW01_add_2_DW01_add_149
g_exp[6].u_exp/srl_85                11.9556      0.1     11.9556     0.0000  0.0000  fp32_exp_10_DW_rash_0_DW_rash_24
g_exp[6].u_exp/sub_143                6.3423      0.0      6.3423     0.0000  0.0000  fp32_exp_10_DW01_sub_5_DW01_sub_214
g_exp[6].u_exp/sub_267                7.8295      0.0      7.8295     0.0000  0.0000  fp32_exp_10_DW01_sub_1_DW01_sub_106
g_exp[7].u_exp                      414.5531      2.4     65.0560    40.5616  0.0000  fp32_exp_9
g_exp[7].u_exp/add_142                2.0120      0.0      2.0120     0.0000  0.0000  fp32_exp_9_DW01_inc_0_DW01_inc_87
g_exp[7].u_exp/add_271                6.8380      0.0      6.8380     0.0000  0.0000  fp32_exp_9_DW01_add_1_DW01_add_146
g_exp[7].u_exp/mult_121             118.4771      0.7    109.6853     0.0000  0.0000  fp32_exp_9_DW02_mult_0_DW02_mult_10
g_exp[7].u_exp/mult_121/FS_1          8.7917      0.1      8.7917     0.0000  0.0000  fp32_exp_9_DW01_add_0_DW01_add_89
g_exp[7].u_exp/mult_269             155.4811      0.9    148.3078     0.0000  0.0000  fp32_exp_9_DW02_mult_1_DW02_mult_42
g_exp[7].u_exp/mult_269/FS_1          7.1734      0.0      7.1734     0.0000  0.0000  fp32_exp_9_DW01_add_2_DW01_add_147
g_exp[7].u_exp/srl_85                11.9556      0.1     11.9556     0.0000  0.0000  fp32_exp_9_DW_rash_0_DW_rash_23
g_exp[7].u_exp/sub_143                6.3423      0.0      6.3423     0.0000  0.0000  fp32_exp_9_DW01_sub_5_DW01_sub_213
g_exp[7].u_exp/sub_267                7.8295      0.0      7.8295     0.0000  0.0000  fp32_exp_9_DW01_sub_1_DW01_sub_101
g_exp[8].u_exp                      414.5531      2.4     65.0560    40.5616  0.0000  fp32_exp_8
g_exp[8].u_exp/add_142                2.0120      0.0      2.0120     0.0000  0.0000  fp32_exp_8_DW01_inc_0_DW01_inc_86
g_exp[8].u_exp/add_271                6.8380      0.0      6.8380     0.0000  0.0000  fp32_exp_8_DW01_add_1_DW01_add_144
g_exp[8].u_exp/mult_121             118.4771      0.7    109.6853     0.0000  0.0000  fp32_exp_8_DW02_mult_0_DW02_mult_9
g_exp[8].u_exp/mult_121/FS_1          8.7917      0.1      8.7917     0.0000  0.0000  fp32_exp_8_DW01_add_0_DW01_add_88
g_exp[8].u_exp/mult_269             155.4811      0.9    148.3078     0.0000  0.0000  fp32_exp_8_DW02_mult_1_DW02_mult_41
g_exp[8].u_exp/mult_269/FS_1          7.1734      0.0      7.1734     0.0000  0.0000  fp32_exp_8_DW01_add_2_DW01_add_145
g_exp[8].u_exp/srl_85                11.9556      0.1     11.9556     0.0000  0.0000  fp32_exp_8_DW_rash_0_DW_rash_22
g_exp[8].u_exp/sub_143                6.3423      0.0      6.3423     0.0000  0.0000  fp32_exp_8_DW01_sub_5_DW01_sub_212
g_exp[8].u_exp/sub_267                7.8295      0.0      7.8295     0.0000  0.0000  fp32_exp_8_DW01_sub_1_DW01_sub_96
g_exp[9].u_exp                      414.5531      2.4     65.0560    40.5616  0.0000  fp32_exp_7
g_exp[9].u_exp/add_142                2.0120      0.0      2.0120     0.0000  0.0000  fp32_exp_7_DW01_inc_0_DW01_inc_85
g_exp[9].u_exp/add_271                6.8380      0.0      6.8380     0.0000  0.0000  fp32_exp_7_DW01_add_1_DW01_add_142
g_exp[9].u_exp/mult_121             118.4771      0.7    109.6853     0.0000  0.0000  fp32_exp_7_DW02_mult_0_DW02_mult_8
g_exp[9].u_exp/mult_121/FS_1          8.7917      0.1      8.7917     0.0000  0.0000  fp32_exp_7_DW01_add_0_DW01_add_87
g_exp[9].u_exp/mult_269             155.4811      0.9    148.3078     0.0000  0.0000  fp32_exp_7_DW02_mult_1_DW02_mult_40
g_exp[9].u_exp/mult_269/FS_1          7.1734      0.0      7.1734     0.0000  0.0000  fp32_exp_7_DW01_add_2_DW01_add_143
g_exp[9].u_exp/srl_85                11.9556      0.1     11.9556     0.0000  0.0000  fp32_exp_7_DW_rash_0_DW_rash_21
g_exp[9].u_exp/sub_143                6.3423      0.0      6.3423     0.0000  0.0000  fp32_exp_7_DW01_sub_5_DW01_sub_211
g_exp[9].u_exp/sub_267                7.8295      0.0      7.8295     0.0000  0.0000  fp32_exp_7_DW01_sub_1_DW01_sub_91
g_mul[0].u_mul                      273.6083      1.6     23.1385    12.5096  0.0000  fp32_mul_0
g_mul[0].u_mul/add_2_root_add_50_aco     2.3328     0.0     2.3328    0.0000  0.0000  fp32_mul_0_DW01_add_2_DW01_add_129
g_mul[0].u_mul/add_62                 5.7154      0.0      5.7154     0.0000  0.0000  fp32_mul_0_DW01_add_0_DW01_add_15
g_mul[0].u_mul/add_67                 2.0995      0.0      2.0995     0.0000  0.0000  fp32_mul_0_DW01_inc_0_DW01_inc_15
g_mul[0].u_mul/mult_35              227.8125      1.3    217.9418     0.0000  0.0000  fp32_mul_0_DW02_mult_0_DW02_mult_33
g_mul[0].u_mul/mult_35/FS_1           9.8707      0.1      9.8707     0.0000  0.0000  fp32_mul_0_DW01_add_1_DW01_add_113
g_mul[10].u_mul                     273.4916      1.6     23.0801    12.5096  0.0000  fp32_mul_6
g_mul[10].u_mul/add_2_root_add_50_aco     2.3328     0.0     2.3328    0.0000 0.0000  fp32_mul_6_DW01_add_2_DW01_add_123
g_mul[10].u_mul/add_62                5.7154      0.0      5.7154     0.0000  0.0000  fp32_mul_6_DW01_add_0_DW01_add_5
g_mul[10].u_mul/add_67                2.0995      0.0      2.0995     0.0000  0.0000  fp32_mul_6_DW01_inc_0_DW01_inc_5
g_mul[10].u_mul/mult_35             227.7542      1.3    217.7815     0.0000  0.0000  fp32_mul_6_DW02_mult_0_DW02_mult_27
g_mul[10].u_mul/mult_35/FS_1          9.9727      0.1      9.9727     0.0000  0.0000  fp32_mul_6_DW01_add_1_DW01_add_107
g_mul[11].u_mul                     273.4916      1.6     23.0801    12.5096  0.0000  fp32_mul_5
g_mul[11].u_mul/add_2_root_add_50_aco     2.3328     0.0     2.3328    0.0000 0.0000  fp32_mul_5_DW01_add_2_DW01_add_124
g_mul[11].u_mul/add_62                5.7154      0.0      5.7154     0.0000  0.0000  fp32_mul_5_DW01_add_0_DW01_add_4
g_mul[11].u_mul/add_67                2.0995      0.0      2.0995     0.0000  0.0000  fp32_mul_5_DW01_inc_0_DW01_inc_4
g_mul[11].u_mul/mult_35             227.7542      1.3    217.7815     0.0000  0.0000  fp32_mul_5_DW02_mult_0_DW02_mult_28
g_mul[11].u_mul/mult_35/FS_1          9.9727      0.1      9.9727     0.0000  0.0000  fp32_mul_5_DW01_add_1_DW01_add_108
g_mul[12].u_mul                     273.4916      1.6     23.0801    12.5096  0.0000  fp32_mul_4
g_mul[12].u_mul/add_2_root_add_50_aco     2.3328     0.0     2.3328    0.0000 0.0000  fp32_mul_4_DW01_add_2_DW01_add_125
g_mul[12].u_mul/add_62                5.7154      0.0      5.7154     0.0000  0.0000  fp32_mul_4_DW01_add_0_DW01_add_3
g_mul[12].u_mul/add_67                2.0995      0.0      2.0995     0.0000  0.0000  fp32_mul_4_DW01_inc_0_DW01_inc_3
g_mul[12].u_mul/mult_35             227.7542      1.3    217.7815     0.0000  0.0000  fp32_mul_4_DW02_mult_0_DW02_mult_29
g_mul[12].u_mul/mult_35/FS_1          9.9727      0.1      9.9727     0.0000  0.0000  fp32_mul_4_DW01_add_1_DW01_add_109
g_mul[13].u_mul                     273.4625      1.6     23.0510    12.5096  0.0000  fp32_mul_3
g_mul[13].u_mul/add_2_root_add_50_aco     2.3328     0.0     2.3328    0.0000 0.0000  fp32_mul_3_DW01_add_2_DW01_add_126
g_mul[13].u_mul/add_62                5.7154      0.0      5.7154     0.0000  0.0000  fp32_mul_3_DW01_add_0_DW01_add_2
g_mul[13].u_mul/add_67                2.0995      0.0      2.0995     0.0000  0.0000  fp32_mul_3_DW01_inc_0_DW01_inc_2
g_mul[13].u_mul/mult_35             227.7542      1.3    217.7815     0.0000  0.0000  fp32_mul_3_DW02_mult_0_DW02_mult_30
g_mul[13].u_mul/mult_35/FS_1          9.9727      0.1      9.9727     0.0000  0.0000  fp32_mul_3_DW01_add_1_DW01_add_110
g_mul[14].u_mul                     273.6083      1.6     23.1385    12.5096  0.0000  fp32_mul_2
g_mul[14].u_mul/add_2_root_add_50_aco     2.3328     0.0     2.3328    0.0000 0.0000  fp32_mul_2_DW01_add_2_DW01_add_127
g_mul[14].u_mul/add_62                5.7154      0.0      5.7154     0.0000  0.0000  fp32_mul_2_DW01_add_0_DW01_add_1
g_mul[14].u_mul/add_67                2.0995      0.0      2.0995     0.0000  0.0000  fp32_mul_2_DW01_inc_0_DW01_inc_1
g_mul[14].u_mul/mult_35             227.8125      1.3    217.9418     0.0000  0.0000  fp32_mul_2_DW02_mult_0_DW02_mult_31
g_mul[14].u_mul/mult_35/FS_1          9.8707      0.1      9.8707     0.0000  0.0000  fp32_mul_2_DW01_add_1_DW01_add_111
g_mul[15].u_mul                     273.6083      1.6     22.9927    12.5096  0.0000  fp32_mul_1
g_mul[15].u_mul/add_2_root_add_50_aco     2.3328     0.0     2.3328    0.0000 0.0000  fp32_mul_1_DW01_add_2_DW01_add_128
g_mul[15].u_mul/add_62                6.0215      0.0      6.0215     0.0000  0.0000  fp32_mul_1_DW01_add_0
g_mul[15].u_mul/add_67                2.0995      0.0      2.0995     0.0000  0.0000  fp32_mul_1_DW01_inc_0
g_mul[15].u_mul/mult_35             227.6521      1.3    217.7086     0.0000  0.0000  fp32_mul_1_DW02_mult_0_DW02_mult_32
g_mul[15].u_mul/mult_35/FS_1          9.9436      0.1      9.9436     0.0000  0.0000  fp32_mul_1_DW01_add_1_DW01_add_112
g_mul[1].u_mul                      273.4916      1.6     23.0801    12.5096  0.0000  fp32_mul_15
g_mul[1].u_mul/add_2_root_add_50_aco     2.3328     0.0     2.3328    0.0000  0.0000  fp32_mul_15_DW01_add_2_DW01_add_114
g_mul[1].u_mul/add_62                 5.7154      0.0      5.7154     0.0000  0.0000  fp32_mul_15_DW01_add_0_DW01_add_14
g_mul[1].u_mul/add_67                 2.0995      0.0      2.0995     0.0000  0.0000  fp32_mul_15_DW01_inc_0_DW01_inc_14
g_mul[1].u_mul/mult_35              227.7542      1.3    217.7815     0.0000  0.0000  fp32_mul_15_DW02_mult_0_DW02_mult_18
g_mul[1].u_mul/mult_35/FS_1           9.9727      0.1      9.9727     0.0000  0.0000  fp32_mul_15_DW01_add_1_DW01_add_98
g_mul[2].u_mul                      273.4916      1.6     23.0801    12.5096  0.0000  fp32_mul_14
g_mul[2].u_mul/add_2_root_add_50_aco     2.3328     0.0     2.3328    0.0000  0.0000  fp32_mul_14_DW01_add_2_DW01_add_115
g_mul[2].u_mul/add_62                 5.7154      0.0      5.7154     0.0000  0.0000  fp32_mul_14_DW01_add_0_DW01_add_13
g_mul[2].u_mul/add_67                 2.0995      0.0      2.0995     0.0000  0.0000  fp32_mul_14_DW01_inc_0_DW01_inc_13
g_mul[2].u_mul/mult_35              227.7542      1.3    217.7815     0.0000  0.0000  fp32_mul_14_DW02_mult_0_DW02_mult_19
g_mul[2].u_mul/mult_35/FS_1           9.9727      0.1      9.9727     0.0000  0.0000  fp32_mul_14_DW01_add_1_DW01_add_99
g_mul[3].u_mul                      273.4916      1.6     23.0801    12.5096  0.0000  fp32_mul_13
g_mul[3].u_mul/add_2_root_add_50_aco     2.3328     0.0     2.3328    0.0000  0.0000  fp32_mul_13_DW01_add_2_DW01_add_116
g_mul[3].u_mul/add_62                 5.7154      0.0      5.7154     0.0000  0.0000  fp32_mul_13_DW01_add_0_DW01_add_12
g_mul[3].u_mul/add_67                 2.0995      0.0      2.0995     0.0000  0.0000  fp32_mul_13_DW01_inc_0_DW01_inc_12
g_mul[3].u_mul/mult_35              227.7542      1.3    217.7815     0.0000  0.0000  fp32_mul_13_DW02_mult_0_DW02_mult_20
g_mul[3].u_mul/mult_35/FS_1           9.9727      0.1      9.9727     0.0000  0.0000  fp32_mul_13_DW01_add_1_DW01_add_100
g_mul[4].u_mul                      273.4916      1.6     23.0801    12.5096  0.0000  fp32_mul_12
g_mul[4].u_mul/add_2_root_add_50_aco     2.3328     0.0     2.3328    0.0000  0.0000  fp32_mul_12_DW01_add_2_DW01_add_117
g_mul[4].u_mul/add_62                 5.7154      0.0      5.7154     0.0000  0.0000  fp32_mul_12_DW01_add_0_DW01_add_11
g_mul[4].u_mul/add_67                 2.0995      0.0      2.0995     0.0000  0.0000  fp32_mul_12_DW01_inc_0_DW01_inc_11
g_mul[4].u_mul/mult_35              227.7542      1.3    217.7815     0.0000  0.0000  fp32_mul_12_DW02_mult_0_DW02_mult_21
g_mul[4].u_mul/mult_35/FS_1           9.9727      0.1      9.9727     0.0000  0.0000  fp32_mul_12_DW01_add_1_DW01_add_101
g_mul[5].u_mul                      273.4916      1.6     23.0801    12.5096  0.0000  fp32_mul_11
g_mul[5].u_mul/add_2_root_add_50_aco     2.3328     0.0     2.3328    0.0000  0.0000  fp32_mul_11_DW01_add_2_DW01_add_118
g_mul[5].u_mul/add_62                 5.7154      0.0      5.7154     0.0000  0.0000  fp32_mul_11_DW01_add_0_DW01_add_10
g_mul[5].u_mul/add_67                 2.0995      0.0      2.0995     0.0000  0.0000  fp32_mul_11_DW01_inc_0_DW01_inc_10
g_mul[5].u_mul/mult_35              227.7542      1.3    217.7815     0.0000  0.0000  fp32_mul_11_DW02_mult_0_DW02_mult_22
g_mul[5].u_mul/mult_35/FS_1           9.9727      0.1      9.9727     0.0000  0.0000  fp32_mul_11_DW01_add_1_DW01_add_102
g_mul[6].u_mul                      273.4916      1.6     23.0801    12.5096  0.0000  fp32_mul_10
g_mul[6].u_mul/add_2_root_add_50_aco     2.3328     0.0     2.3328    0.0000  0.0000  fp32_mul_10_DW01_add_2_DW01_add_119
g_mul[6].u_mul/add_62                 5.7154      0.0      5.7154     0.0000  0.0000  fp32_mul_10_DW01_add_0_DW01_add_9
g_mul[6].u_mul/add_67                 2.0995      0.0      2.0995     0.0000  0.0000  fp32_mul_10_DW01_inc_0_DW01_inc_9
g_mul[6].u_mul/mult_35              227.7542      1.3    217.7815     0.0000  0.0000  fp32_mul_10_DW02_mult_0_DW02_mult_23
g_mul[6].u_mul/mult_35/FS_1           9.9727      0.1      9.9727     0.0000  0.0000  fp32_mul_10_DW01_add_1_DW01_add_103
g_mul[7].u_mul                      273.4916      1.6     23.0801    12.5096  0.0000  fp32_mul_9
g_mul[7].u_mul/add_2_root_add_50_aco     2.3328     0.0     2.3328    0.0000  0.0000  fp32_mul_9_DW01_add_2_DW01_add_120
g_mul[7].u_mul/add_62                 5.7154      0.0      5.7154     0.0000  0.0000  fp32_mul_9_DW01_add_0_DW01_add_8
g_mul[7].u_mul/add_67                 2.0995      0.0      2.0995     0.0000  0.0000  fp32_mul_9_DW01_inc_0_DW01_inc_8
g_mul[7].u_mul/mult_35              227.7542      1.3    217.7815     0.0000  0.0000  fp32_mul_9_DW02_mult_0_DW02_mult_24
g_mul[7].u_mul/mult_35/FS_1           9.9727      0.1      9.9727     0.0000  0.0000  fp32_mul_9_DW01_add_1_DW01_add_104
g_mul[8].u_mul                      273.4916      1.6     23.0801    12.5096  0.0000  fp32_mul_8
g_mul[8].u_mul/add_2_root_add_50_aco     2.3328     0.0     2.3328    0.0000  0.0000  fp32_mul_8_DW01_add_2_DW01_add_121
g_mul[8].u_mul/add_62                 5.7154      0.0      5.7154     0.0000  0.0000  fp32_mul_8_DW01_add_0_DW01_add_7
g_mul[8].u_mul/add_67                 2.0995      0.0      2.0995     0.0000  0.0000  fp32_mul_8_DW01_inc_0_DW01_inc_7
g_mul[8].u_mul/mult_35              227.7542      1.3    217.7815     0.0000  0.0000  fp32_mul_8_DW02_mult_0_DW02_mult_25
g_mul[8].u_mul/mult_35/FS_1           9.9727      0.1      9.9727     0.0000  0.0000  fp32_mul_8_DW01_add_1_DW01_add_105
g_mul[9].u_mul                      273.4916      1.6     23.0801    12.5096  0.0000  fp32_mul_7
g_mul[9].u_mul/add_2_root_add_50_aco     2.3328     0.0     2.3328    0.0000  0.0000  fp32_mul_7_DW01_add_2_DW01_add_122
g_mul[9].u_mul/add_62                 5.7154      0.0      5.7154     0.0000  0.0000  fp32_mul_7_DW01_add_0_DW01_add_6
g_mul[9].u_mul/add_67                 2.0995      0.0      2.0995     0.0000  0.0000  fp32_mul_7_DW01_inc_0_DW01_inc_6
g_mul[9].u_mul/mult_35              227.7542      1.3    217.7815     0.0000  0.0000  fp32_mul_7_DW02_mult_0_DW02_mult_26
g_mul[9].u_mul/mult_35/FS_1           9.9727      0.1      9.9727     0.0000  0.0000  fp32_mul_7_DW01_add_1_DW01_add_106
g_sub[0].u_sub                      132.5176      0.8     49.8053    12.5096  0.0000  fp32_add_0
g_sub[0].u_sub/add_149                7.0130      0.0      7.0130     0.0000  0.0000  fp32_add_0_DW01_add_0_DW01_add_77
g_sub[0].u_sub/add_153                1.4434      0.0      1.4434     0.0000  0.0000  fp32_add_0_DW01_inc_0_DW01_inc_77
g_sub[0].u_sub/add_75_S2              6.9547      0.0      6.9547     0.0000  0.0000  fp32_add_0_DW01_add_1_DW01_add_78
g_sub[0].u_sub/add_90                 1.4434      0.0      1.4434     0.0000  0.0000  fp32_add_0_DW01_inc_1_DW01_inc_78
g_sub[0].u_sub/sll_127               13.3990      0.1     13.3990     0.0000  0.0000  fp32_add_0_DW01_ash_0_DW01_ash_76
g_sub[0].u_sub/sll_64                12.4222      0.1     12.4222     0.0000  0.0000  fp32_add_0_DW01_ash_1_DW01_ash_77
g_sub[0].u_sub/srl_62                13.5448      0.1     13.5448     0.0000  0.0000  fp32_add_0_DW_rash_0_DW_rash_46
g_sub[0].u_sub/sub_128                2.2745      0.0      2.2745     0.0000  0.0000  fp32_add_0_DW01_sub_0_DW01_sub_200
g_sub[0].u_sub/sub_48                 2.6973      0.0      2.6973     0.0000  0.0000  fp32_add_0_DW01_sub_3_DW01_sub_203
g_sub[0].u_sub/sub_76                 9.0104      0.1      9.0104     0.0000  0.0000  fp32_add_0_DW01_sub_1_DW01_sub_201
g_sub[10].u_sub                     133.1591      0.8     50.2573    12.5096  0.0000  fp32_add_21
g_sub[10].u_sub/add_149               7.1005      0.0      7.1005     0.0000  0.0000  fp32_add_21_DW01_add_0_DW01_add_57
g_sub[10].u_sub/add_153               1.4434      0.0      1.4434     0.0000  0.0000  fp32_add_21_DW01_inc_0_DW01_inc_57
g_sub[10].u_sub/add_75_S2             6.9692      0.0      6.9692     0.0000  0.0000  fp32_add_21_DW01_add_1_DW01_add_58
g_sub[10].u_sub/add_90                1.4434      0.0      1.4434     0.0000  0.0000  fp32_add_21_DW01_inc_1_DW01_inc_58
g_sub[10].u_sub/sll_127              13.3553      0.1     13.3553     0.0000  0.0000  fp32_add_21_DW01_ash_0_DW01_ash_56
g_sub[10].u_sub/sll_64               12.4367      0.1     12.4367     0.0000  0.0000  fp32_add_21_DW01_ash_1_DW01_ash_57
g_sub[10].u_sub/srl_62               13.5448      0.1     13.5448     0.0000  0.0000  fp32_add_21_DW_rash_0_DW_rash_36
g_sub[10].u_sub/sub_128               2.2745      0.0      2.2745     0.0000  0.0000  fp32_add_21_DW01_sub_0_DW01_sub_160
g_sub[10].u_sub/sub_48                2.6973      0.0      2.6973     0.0000  0.0000  fp32_add_21_DW01_sub_3_DW01_sub_163
g_sub[10].u_sub/sub_76                9.1271      0.1      9.1271     0.0000  0.0000  fp32_add_21_DW01_sub_1_DW01_sub_161
g_sub[11].u_sub                     132.5176      0.8     49.9365    12.5096  0.0000  fp32_add_20
g_sub[11].u_sub/add_149               6.8818      0.0      6.8818     0.0000  0.0000  fp32_add_20_DW01_add_0_DW01_add_55
g_sub[11].u_sub/add_153               1.4434      0.0      1.4434     0.0000  0.0000  fp32_add_20_DW01_inc_0_DW01_inc_55
g_sub[11].u_sub/add_75_S2             6.9692      0.0      6.9692     0.0000  0.0000  fp32_add_20_DW01_add_1_DW01_add_56
g_sub[11].u_sub/add_90                1.4434      0.0      1.4434     0.0000  0.0000  fp32_add_20_DW01_inc_1_DW01_inc_56
g_sub[11].u_sub/sll_127              13.4428      0.1     13.4428     0.0000  0.0000  fp32_add_20_DW01_ash_0_DW01_ash_54
g_sub[11].u_sub/sll_64               12.3347      0.1     12.3347     0.0000  0.0000  fp32_add_20_DW01_ash_1_DW01_ash_55
g_sub[11].u_sub/srl_62               13.5448      0.1     13.5448     0.0000  0.0000  fp32_add_20_DW_rash_0_DW_rash_35
g_sub[11].u_sub/sub_128               2.3182      0.0      2.3182     0.0000  0.0000  fp32_add_20_DW01_sub_0_DW01_sub_156
g_sub[11].u_sub/sub_48                2.6536      0.0      2.6536     0.0000  0.0000  fp32_add_20_DW01_sub_3_DW01_sub_159
g_sub[11].u_sub/sub_76                9.0396      0.1      9.0396     0.0000  0.0000  fp32_add_20_DW01_sub_1_DW01_sub_157
g_sub[12].u_sub                     133.2029      0.8     50.3447    12.5096  0.0000  fp32_add_19
g_sub[12].u_sub/add_149               6.9401      0.0      6.9401     0.0000  0.0000  fp32_add_19_DW01_add_0_DW01_add_53
g_sub[12].u_sub/add_153               1.4434      0.0      1.4434     0.0000  0.0000  fp32_add_19_DW01_inc_0_DW01_inc_53
g_sub[12].u_sub/add_75_S2             6.9692      0.0      6.9692     0.0000  0.0000  fp32_add_19_DW01_add_1_DW01_add_54
g_sub[12].u_sub/add_90                1.4434      0.0      1.4434     0.0000  0.0000  fp32_add_19_DW01_inc_1_DW01_inc_54
g_sub[12].u_sub/sll_127              13.5448      0.1     13.5448     0.0000  0.0000  fp32_add_19_DW01_ash_0_DW01_ash_52
g_sub[12].u_sub/sll_64               12.3493      0.1     12.3493     0.0000  0.0000  fp32_add_19_DW01_ash_1_DW01_ash_53
g_sub[12].u_sub/srl_62               13.5448      0.1     13.5448     0.0000  0.0000  fp32_add_19_DW_rash_0_DW_rash_34
g_sub[12].u_sub/sub_128               2.2745      0.0      2.2745     0.0000  0.0000  fp32_add_19_DW01_sub_0_DW01_sub_152
g_sub[12].u_sub/sub_48                2.7119      0.0      2.7119     0.0000  0.0000  fp32_add_19_DW01_sub_3_DW01_sub_155
g_sub[12].u_sub/sub_76                9.1271      0.1      9.1271     0.0000  0.0000  fp32_add_19_DW01_sub_1_DW01_sub_153
g_sub[13].u_sub                     132.8675      0.8     49.9073    12.5096  0.0000  fp32_add_18
g_sub[13].u_sub/add_149               7.0713      0.0      7.0713     0.0000  0.0000  fp32_add_18_DW01_add_0_DW01_add_51
g_sub[13].u_sub/add_153               1.4434      0.0      1.4434     0.0000  0.0000  fp32_add_18_DW01_inc_0_DW01_inc_51
g_sub[13].u_sub/add_75_S2             6.9692      0.0      6.9692     0.0000  0.0000  fp32_add_18_DW01_add_1_DW01_add_52
g_sub[13].u_sub/add_90                1.4434      0.0      1.4434     0.0000  0.0000  fp32_add_18_DW01_inc_1_DW01_inc_52
g_sub[13].u_sub/sll_127              13.4865      0.1     13.4865     0.0000  0.0000  fp32_add_18_DW01_ash_0_DW01_ash_50
g_sub[13].u_sub/sll_64               12.3784      0.1     12.3784     0.0000  0.0000  fp32_add_18_DW01_ash_1_DW01_ash_51
g_sub[13].u_sub/srl_62               13.5448      0.1     13.5448     0.0000  0.0000  fp32_add_18_DW_rash_0_DW_rash_33
g_sub[13].u_sub/sub_128               2.3474      0.0      2.3474     0.0000  0.0000  fp32_add_18_DW01_sub_0_DW01_sub_148
g_sub[13].u_sub/sub_48                2.7265      0.0      2.7265     0.0000  0.0000  fp32_add_18_DW01_sub_3_DW01_sub_151
g_sub[13].u_sub/sub_76                9.0396      0.1      9.0396     0.0000  0.0000  fp32_add_18_DW01_sub_1_DW01_sub_149
g_sub[14].u_sub                     132.8384      0.8     50.1552    12.5096  0.0000  fp32_add_17
g_sub[14].u_sub/add_149               6.9838      0.0      6.9838     0.0000  0.0000  fp32_add_17_DW01_add_0_DW01_add_49
g_sub[14].u_sub/add_153               1.4434      0.0      1.4434     0.0000  0.0000  fp32_add_17_DW01_inc_0_DW01_inc_49
g_sub[14].u_sub/add_75_S2             6.9692      0.0      6.9692     0.0000  0.0000  fp32_add_17_DW01_add_1_DW01_add_50
g_sub[14].u_sub/add_90                1.4434      0.0      1.4434     0.0000  0.0000  fp32_add_17_DW01_inc_1_DW01_inc_50
g_sub[14].u_sub/sll_127              13.4282      0.1     13.4282     0.0000  0.0000  fp32_add_17_DW01_ash_0_DW01_ash_48
g_sub[14].u_sub/sll_64               12.2180      0.1     12.2180     0.0000  0.0000  fp32_add_17_DW01_ash_1_DW01_ash_49
g_sub[14].u_sub/srl_62               13.5740      0.1     13.5740     0.0000  0.0000  fp32_add_17_DW_rash_0_DW_rash_32
g_sub[14].u_sub/sub_128               2.3182      0.0      2.3182     0.0000  0.0000  fp32_add_17_DW01_sub_0_DW01_sub_144
g_sub[14].u_sub/sub_48                2.7556      0.0      2.7556     0.0000  0.0000  fp32_add_17_DW01_sub_3_DW01_sub_147
g_sub[14].u_sub/sub_76                9.0396      0.1      9.0396     0.0000  0.0000  fp32_add_17_DW01_sub_1_DW01_sub_145
g_sub[15].u_sub                     132.2989      0.8     49.8782    12.5096  0.0000  fp32_add_16
g_sub[15].u_sub/add_149               6.9109      0.0      6.9109     0.0000  0.0000  fp32_add_16_DW01_add_0_DW01_add_47
g_sub[15].u_sub/add_153               1.4434      0.0      1.4434     0.0000  0.0000  fp32_add_16_DW01_inc_0_DW01_inc_47
g_sub[15].u_sub/add_75_S2             6.9547      0.0      6.9547     0.0000  0.0000  fp32_add_16_DW01_add_1_DW01_add_48
g_sub[15].u_sub/add_90                1.4434      0.0      1.4434     0.0000  0.0000  fp32_add_16_DW01_inc_1_DW01_inc_48
g_sub[15].u_sub/sll_127              13.3553      0.1     13.3553     0.0000  0.0000  fp32_add_16_DW01_ash_0_DW01_ash_46
g_sub[15].u_sub/sll_64               12.1597      0.1     12.1597     0.0000  0.0000  fp32_add_16_DW01_ash_1_DW01_ash_47
g_sub[15].u_sub/srl_62               13.6031      0.1     13.6031     0.0000  0.0000  fp32_add_16_DW_rash_0_DW_rash_31
g_sub[15].u_sub/sub_128               2.3474      0.0      2.3474     0.0000  0.0000  fp32_add_16_DW01_sub_0_DW01_sub_140
g_sub[15].u_sub/sub_48                2.6827      0.0      2.6827     0.0000  0.0000  fp32_add_16_DW01_sub_3_DW01_sub_143
g_sub[15].u_sub/sub_76                9.0104      0.1      9.0104     0.0000  0.0000  fp32_add_16_DW01_sub_1_DW01_sub_141
g_sub[1].u_sub                      133.0425      0.8     50.6363    12.5096  0.0000  fp32_add_30
g_sub[1].u_sub/add_149                6.9547      0.0      6.9547     0.0000  0.0000  fp32_add_30_DW01_add_0_DW01_add_75
g_sub[1].u_sub/add_153                1.4434      0.0      1.4434     0.0000  0.0000  fp32_add_30_DW01_inc_0_DW01_inc_75
g_sub[1].u_sub/add_75_S2              6.9692      0.0      6.9692     0.0000  0.0000  fp32_add_30_DW01_add_1_DW01_add_76
g_sub[1].u_sub/add_90                 1.4434      0.0      1.4434     0.0000  0.0000  fp32_add_30_DW01_inc_1_DW01_inc_76
g_sub[1].u_sub/sll_127               13.4719      0.1     13.4719     0.0000  0.0000  fp32_add_30_DW01_ash_0_DW01_ash_74
g_sub[1].u_sub/sll_64                12.2326      0.1     12.2326     0.0000  0.0000  fp32_add_30_DW01_ash_1_DW01_ash_75
g_sub[1].u_sub/srl_62                13.5448      0.1     13.5448     0.0000  0.0000  fp32_add_30_DW_rash_0_DW_rash_45
g_sub[1].u_sub/sub_128                2.2162      0.0      2.2162     0.0000  0.0000  fp32_add_30_DW01_sub_0_DW01_sub_196
g_sub[1].u_sub/sub_48                 2.6390      0.0      2.6390     0.0000  0.0000  fp32_add_30_DW01_sub_3_DW01_sub_199
g_sub[1].u_sub/sub_76                 8.9813      0.1      8.9813     0.0000  0.0000  fp32_add_30_DW01_sub_1_DW01_sub_197
g_sub[2].u_sub                      133.2758      0.8     50.1552    12.5096  0.0000  fp32_add_29
g_sub[2].u_sub/add_149                7.1734      0.0      7.1734     0.0000  0.0000  fp32_add_29_DW01_add_0_DW01_add_73
g_sub[2].u_sub/add_153                1.4434      0.0      1.4434     0.0000  0.0000  fp32_add_29_DW01_inc_0_DW01_inc_73
g_sub[2].u_sub/add_75_S2              6.9692      0.0      6.9692     0.0000  0.0000  fp32_add_29_DW01_add_1_DW01_add_74
g_sub[2].u_sub/add_90                 1.4434      0.0      1.4434     0.0000  0.0000  fp32_add_29_DW01_inc_1_DW01_inc_74
g_sub[2].u_sub/sll_127               13.6469      0.1     13.6469     0.0000  0.0000  fp32_add_29_DW01_ash_0_DW01_ash_72
g_sub[2].u_sub/sll_64                12.2472      0.1     12.2472     0.0000  0.0000  fp32_add_29_DW01_ash_1_DW01_ash_73
g_sub[2].u_sub/srl_62                13.5448      0.1     13.5448     0.0000  0.0000  fp32_add_29_DW_rash_0_DW_rash_44
g_sub[2].u_sub/sub_128                2.3182      0.0      2.3182     0.0000  0.0000  fp32_add_29_DW01_sub_0_DW01_sub_192
g_sub[2].u_sub/sub_48                 2.7119      0.0      2.7119     0.0000  0.0000  fp32_add_29_DW01_sub_3_DW01_sub_195
g_sub[2].u_sub/sub_76                 9.1125      0.1      9.1125     0.0000  0.0000  fp32_add_29_DW01_sub_1_DW01_sub_193
g_sub[3].u_sub                      132.4010      0.8     49.8344    12.5096  0.0000  fp32_add_28
g_sub[3].u_sub/add_149                6.9692      0.0      6.9692     0.0000  0.0000  fp32_add_28_DW01_add_0_DW01_add_71
g_sub[3].u_sub/add_153                1.4434      0.0      1.4434     0.0000  0.0000  fp32_add_28_DW01_inc_0_DW01_inc_71
g_sub[3].u_sub/add_75_S2              6.9692      0.0      6.9692     0.0000  0.0000  fp32_add_28_DW01_add_1_DW01_add_72
g_sub[3].u_sub/add_90                 1.4434      0.0      1.4434     0.0000  0.0000  fp32_add_28_DW01_inc_1_DW01_inc_72
g_sub[3].u_sub/sll_127               13.4865      0.1     13.4865     0.0000  0.0000  fp32_add_28_DW01_ash_0_DW01_ash_70
g_sub[3].u_sub/sll_64                12.2764      0.1     12.2764     0.0000  0.0000  fp32_add_28_DW01_ash_1_DW01_ash_71
g_sub[3].u_sub/srl_62                13.5448      0.1     13.5448     0.0000  0.0000  fp32_add_28_DW_rash_0_DW_rash_43
g_sub[3].u_sub/sub_128                2.2745      0.0      2.2745     0.0000  0.0000  fp32_add_28_DW01_sub_0_DW01_sub_188
g_sub[3].u_sub/sub_48                 2.7410      0.0      2.7410     0.0000  0.0000  fp32_add_28_DW01_sub_3_DW01_sub_191
g_sub[3].u_sub/sub_76                 8.9084      0.1      8.9084     0.0000  0.0000  fp32_add_28_DW01_sub_1_DW01_sub_189
g_sub[4].u_sub                      133.3049      0.8     50.2135    12.5096  0.0000  fp32_add_27
g_sub[4].u_sub/add_149                6.9547      0.0      6.9547     0.0000  0.0000  fp32_add_27_DW01_add_0_DW01_add_69
g_sub[4].u_sub/add_153                1.4434      0.0      1.4434     0.0000  0.0000  fp32_add_27_DW01_inc_0_DW01_inc_69
g_sub[4].u_sub/add_75_S2              6.9547      0.0      6.9547     0.0000  0.0000  fp32_add_27_DW01_add_1_DW01_add_70
g_sub[4].u_sub/add_90                 1.4434      0.0      1.4434     0.0000  0.0000  fp32_add_27_DW01_inc_1_DW01_inc_70
g_sub[4].u_sub/sll_127               13.4282      0.1     13.4282     0.0000  0.0000  fp32_add_27_DW01_ash_0_DW01_ash_68
g_sub[4].u_sub/sll_64                12.5971      0.1     12.5971     0.0000  0.0000  fp32_add_27_DW01_ash_1_DW01_ash_69
g_sub[4].u_sub/srl_62                13.6031      0.1     13.6031     0.0000  0.0000  fp32_add_27_DW_rash_0_DW_rash_42
g_sub[4].u_sub/sub_128                2.3182      0.0      2.3182     0.0000  0.0000  fp32_add_27_DW01_sub_0_DW01_sub_184
g_sub[4].u_sub/sub_48                 2.7265      0.0      2.7265     0.0000  0.0000  fp32_add_27_DW01_sub_3_DW01_sub_187
g_sub[4].u_sub/sub_76                 9.1125      0.1      9.1125     0.0000  0.0000  fp32_add_27_DW01_sub_1_DW01_sub_185
g_sub[5].u_sub                      132.8238      0.8     50.4031    12.5096  0.0000  fp32_add_26
g_sub[5].u_sub/add_149                6.8963      0.0      6.8963     0.0000  0.0000  fp32_add_26_DW01_add_0_DW01_add_67
g_sub[5].u_sub/add_153                1.4434      0.0      1.4434     0.0000  0.0000  fp32_add_26_DW01_inc_0_DW01_inc_67
g_sub[5].u_sub/add_75_S2              6.9547      0.0      6.9547     0.0000  0.0000  fp32_add_26_DW01_add_1_DW01_add_68
g_sub[5].u_sub/add_90                 1.4434      0.0      1.4434     0.0000  0.0000  fp32_add_26_DW01_inc_1_DW01_inc_68
g_sub[5].u_sub/sll_127               13.3699      0.1     13.3699     0.0000  0.0000  fp32_add_26_DW01_ash_0_DW01_ash_66
g_sub[5].u_sub/sll_64                12.2180      0.1     12.2180     0.0000  0.0000  fp32_add_26_DW01_ash_1_DW01_ash_67
g_sub[5].u_sub/srl_62                13.5157      0.1     13.5157     0.0000  0.0000  fp32_add_26_DW_rash_0_DW_rash_41
g_sub[5].u_sub/sub_128                2.2745      0.0      2.2745     0.0000  0.0000  fp32_add_26_DW01_sub_0_DW01_sub_180
g_sub[5].u_sub/sub_48                 2.7410      0.0      2.7410     0.0000  0.0000  fp32_add_26_DW01_sub_3_DW01_sub_183
g_sub[5].u_sub/sub_76                 9.0542      0.1      9.0542     0.0000  0.0000  fp32_add_26_DW01_sub_1_DW01_sub_181
g_sub[6].u_sub                      133.1300      0.8     50.1698    12.5096  0.0000  fp32_add_25
g_sub[6].u_sub/add_149                7.1296      0.0      7.1296     0.0000  0.0000  fp32_add_25_DW01_add_0_DW01_add_65
g_sub[6].u_sub/add_153                1.4434      0.0      1.4434     0.0000  0.0000  fp32_add_25_DW01_inc_0_DW01_inc_65
g_sub[6].u_sub/add_75_S2              6.9692      0.0      6.9692     0.0000  0.0000  fp32_add_25_DW01_add_1_DW01_add_66
g_sub[6].u_sub/add_90                 1.4434      0.0      1.4434     0.0000  0.0000  fp32_add_25_DW01_inc_1_DW01_inc_66
g_sub[6].u_sub/sll_127               13.5594      0.1     13.5594     0.0000  0.0000  fp32_add_25_DW01_ash_0_DW01_ash_64
g_sub[6].u_sub/sll_64                12.2909      0.1     12.2909     0.0000  0.0000  fp32_add_25_DW01_ash_1_DW01_ash_65
g_sub[6].u_sub/srl_62                13.5740      0.1     13.5740     0.0000  0.0000  fp32_add_25_DW_rash_0_DW_rash_40
g_sub[6].u_sub/sub_128                2.3182      0.0      2.3182     0.0000  0.0000  fp32_add_25_DW01_sub_0_DW01_sub_176
g_sub[6].u_sub/sub_48                 2.6827      0.0      2.6827     0.0000  0.0000  fp32_add_25_DW01_sub_3_DW01_sub_179
g_sub[6].u_sub/sub_76                 9.0396      0.1      9.0396     0.0000  0.0000  fp32_add_25_DW01_sub_1_DW01_sub_177
g_sub[7].u_sub                      133.1008      0.8     49.9219    12.5096  0.0000  fp32_add_24
g_sub[7].u_sub/add_149                7.0567      0.0      7.0567     0.0000  0.0000  fp32_add_24_DW01_add_0_DW01_add_63
g_sub[7].u_sub/add_153                1.4434      0.0      1.4434     0.0000  0.0000  fp32_add_24_DW01_inc_0_DW01_inc_63
g_sub[7].u_sub/add_75_S2              6.9547      0.0      6.9547     0.0000  0.0000  fp32_add_24_DW01_add_1_DW01_add_64
g_sub[7].u_sub/add_90                 1.4434      0.0      1.4434     0.0000  0.0000  fp32_add_24_DW01_inc_1_DW01_inc_64
g_sub[7].u_sub/sll_127               13.6031      0.1     13.6031     0.0000  0.0000  fp32_add_24_DW01_ash_0_DW01_ash_62
g_sub[7].u_sub/sll_64                12.5825      0.1     12.5825     0.0000  0.0000  fp32_add_24_DW01_ash_1_DW01_ash_63
g_sub[7].u_sub/srl_62                13.6031      0.1     13.6031     0.0000  0.0000  fp32_add_24_DW_rash_0_DW_rash_39
g_sub[7].u_sub/sub_128                2.2745      0.0      2.2745     0.0000  0.0000  fp32_add_24_DW01_sub_0_DW01_sub_172
g_sub[7].u_sub/sub_48                 2.6973      0.0      2.6973     0.0000  0.0000  fp32_add_24_DW01_sub_3_DW01_sub_175
g_sub[7].u_sub/sub_76                 9.0104      0.1      9.0104     0.0000  0.0000  fp32_add_24_DW01_sub_1_DW01_sub_173
g_sub[8].u_sub                      133.1737      0.8     50.6509    12.5096  0.0000  fp32_add_23
g_sub[8].u_sub/add_149                6.2111      0.0      6.2111     0.0000  0.0000  fp32_add_23_DW01_add_0_DW01_add_61
g_sub[8].u_sub/add_153                1.4434      0.0      1.4434     0.0000  0.0000  fp32_add_23_DW01_inc_0_DW01_inc_61
g_sub[8].u_sub/add_75_S2              6.9692      0.0      6.9692     0.0000  0.0000  fp32_add_23_DW01_add_1_DW01_add_62
g_sub[8].u_sub/add_90                 1.4434      0.0      1.4434     0.0000  0.0000  fp32_add_23_DW01_inc_1_DW01_inc_62
g_sub[8].u_sub/sll_127               13.9822      0.1     13.9822     0.0000  0.0000  fp32_add_23_DW01_ash_0_DW01_ash_60
g_sub[8].u_sub/sll_64                12.2326      0.1     12.2326     0.0000  0.0000  fp32_add_23_DW01_ash_1_DW01_ash_61
g_sub[8].u_sub/srl_62                13.5740      0.1     13.5740     0.0000  0.0000  fp32_add_23_DW_rash_0_DW_rash_38
g_sub[8].u_sub/sub_128                2.3036      0.0      2.3036     0.0000  0.0000  fp32_add_23_DW01_sub_0_DW01_sub_168
g_sub[8].u_sub/sub_48                 2.7556      0.0      2.7556     0.0000  0.0000  fp32_add_23_DW01_sub_3_DW01_sub_171
g_sub[8].u_sub/sub_76                 9.0979      0.1      9.0979     0.0000  0.0000  fp32_add_23_DW01_sub_1_DW01_sub_169
g_sub[9].u_sub                      132.6051      0.8     50.3447    12.5096  0.0000  fp32_add_22
g_sub[9].u_sub/add_149                6.7797      0.0      6.7797     0.0000  0.0000  fp32_add_22_DW01_add_0_DW01_add_59
g_sub[9].u_sub/add_153                1.4434      0.0      1.4434     0.0000  0.0000  fp32_add_22_DW01_inc_0_DW01_inc_59
g_sub[9].u_sub/add_75_S2              6.9692      0.0      6.9692     0.0000  0.0000  fp32_add_22_DW01_add_1_DW01_add_60
g_sub[9].u_sub/add_90                 1.4434      0.0      1.4434     0.0000  0.0000  fp32_add_22_DW01_inc_1_DW01_inc_60
g_sub[9].u_sub/sll_127               13.3261      0.1     13.3261     0.0000  0.0000  fp32_add_22_DW01_ash_0_DW01_ash_58
g_sub[9].u_sub/sll_64                12.1889      0.1     12.1889     0.0000  0.0000  fp32_add_22_DW01_ash_1_DW01_ash_59
g_sub[9].u_sub/srl_62                13.5448      0.1     13.5448     0.0000  0.0000  fp32_add_22_DW_rash_0_DW_rash_37
g_sub[9].u_sub/sub_128                2.3036      0.0      2.3036     0.0000  0.0000  fp32_add_22_DW01_sub_0_DW01_sub_164
g_sub[9].u_sub/sub_48                 2.7410      0.0      2.7410     0.0000  0.0000  fp32_add_22_DW01_sub_3_DW01_sub_167
g_sub[9].u_sub/sub_76                 9.0104      0.1      9.0104     0.0000  0.0000  fp32_add_22_DW01_sub_1_DW01_sub_165
g_t1[0].u                           130.2140      0.8     48.5222    12.5096  0.0000  fp32_add_15
g_t1[0].u/add_149                     6.2111      0.0      6.2111     0.0000  0.0000  fp32_add_15_DW01_add_0_DW01_add_45
g_t1[0].u/add_153                     1.4434      0.0      1.4434     0.0000  0.0000  fp32_add_15_DW01_inc_0_DW01_inc_45
g_t1[0].u/add_75_S2                   7.2317      0.0      7.2317     0.0000  0.0000  fp32_add_15_DW01_add_1_DW01_add_46
g_t1[0].u/add_90                      1.4434      0.0      1.4434     0.0000  0.0000  fp32_add_15_DW01_inc_1_DW01_inc_46
g_t1[0].u/sll_127                    13.5448      0.1     13.5448     0.0000  0.0000  fp32_add_15_DW01_ash_0_DW01_ash_28
g_t1[0].u/sll_64                     11.8973      0.1     11.8973     0.0000  0.0000  fp32_add_15_DW01_ash_1_DW01_ash_29
g_t1[0].u/srl_62                     13.7198      0.1     13.7198     0.0000  0.0000  fp32_add_15_DW_rash_0_DW_rash_14
g_t1[0].u/sub_128                     2.3328      0.0      2.3328     0.0000  0.0000  fp32_add_15_DW01_sub_0_DW01_sub_56
g_t1[0].u/sub_48                      2.7556      0.0      2.7556     0.0000  0.0000  fp32_add_15_DW01_sub_3_DW01_sub_59
g_t1[0].u/sub_76                      8.6022      0.1      8.6022     0.0000  0.0000  fp32_add_15_DW01_sub_1_DW01_sub_57
g_t1[1].u                           130.2140      0.8     48.5222    12.5096  0.0000  fp32_add_14
g_t1[1].u/add_149                     6.2111      0.0      6.2111     0.0000  0.0000  fp32_add_14_DW01_add_0_DW01_add_43
g_t1[1].u/add_153                     1.4434      0.0      1.4434     0.0000  0.0000  fp32_add_14_DW01_inc_0_DW01_inc_43
g_t1[1].u/add_75_S2                   7.2317      0.0      7.2317     0.0000  0.0000  fp32_add_14_DW01_add_1_DW01_add_44
g_t1[1].u/add_90                      1.4434      0.0      1.4434     0.0000  0.0000  fp32_add_14_DW01_inc_1_DW01_inc_44
g_t1[1].u/sll_127                    13.5448      0.1     13.5448     0.0000  0.0000  fp32_add_14_DW01_ash_0_DW01_ash_26
g_t1[1].u/sll_64                     11.8973      0.1     11.8973     0.0000  0.0000  fp32_add_14_DW01_ash_1_DW01_ash_27
g_t1[1].u/srl_62                     13.7198      0.1     13.7198     0.0000  0.0000  fp32_add_14_DW_rash_0_DW_rash_13
g_t1[1].u/sub_128                     2.3328      0.0      2.3328     0.0000  0.0000  fp32_add_14_DW01_sub_0_DW01_sub_52
g_t1[1].u/sub_48                      2.7556      0.0      2.7556     0.0000  0.0000  fp32_add_14_DW01_sub_3_DW01_sub_55
g_t1[1].u/sub_76                      8.6022      0.1      8.6022     0.0000  0.0000  fp32_add_14_DW01_sub_1_DW01_sub_53
g_t1[2].u                           130.2140      0.8     48.5222    12.5096  0.0000  fp32_add_13
g_t1[2].u/add_149                     6.2111      0.0      6.2111     0.0000  0.0000  fp32_add_13_DW01_add_0_DW01_add_41
g_t1[2].u/add_153                     1.4434      0.0      1.4434     0.0000  0.0000  fp32_add_13_DW01_inc_0_DW01_inc_41
g_t1[2].u/add_75_S2                   7.2317      0.0      7.2317     0.0000  0.0000  fp32_add_13_DW01_add_1_DW01_add_42
g_t1[2].u/add_90                      1.4434      0.0      1.4434     0.0000  0.0000  fp32_add_13_DW01_inc_1_DW01_inc_42
g_t1[2].u/sll_127                    13.5448      0.1     13.5448     0.0000  0.0000  fp32_add_13_DW01_ash_0_DW01_ash_24
g_t1[2].u/sll_64                     11.8973      0.1     11.8973     0.0000  0.0000  fp32_add_13_DW01_ash_1_DW01_ash_25
g_t1[2].u/srl_62                     13.7198      0.1     13.7198     0.0000  0.0000  fp32_add_13_DW_rash_0_DW_rash_12
g_t1[2].u/sub_128                     2.3328      0.0      2.3328     0.0000  0.0000  fp32_add_13_DW01_sub_0_DW01_sub_48
g_t1[2].u/sub_48                      2.7556      0.0      2.7556     0.0000  0.0000  fp32_add_13_DW01_sub_3_DW01_sub_51
g_t1[2].u/sub_76                      8.6022      0.1      8.6022     0.0000  0.0000  fp32_add_13_DW01_sub_1_DW01_sub_49
g_t1[3].u                           130.2140      0.8     48.5222    12.5096  0.0000  fp32_add_12
g_t1[3].u/add_149                     6.2111      0.0      6.2111     0.0000  0.0000  fp32_add_12_DW01_add_0_DW01_add_39
g_t1[3].u/add_153                     1.4434      0.0      1.4434     0.0000  0.0000  fp32_add_12_DW01_inc_0_DW01_inc_39
g_t1[3].u/add_75_S2                   7.2317      0.0      7.2317     0.0000  0.0000  fp32_add_12_DW01_add_1_DW01_add_40
g_t1[3].u/add_90                      1.4434      0.0      1.4434     0.0000  0.0000  fp32_add_12_DW01_inc_1_DW01_inc_40
g_t1[3].u/sll_127                    13.5448      0.1     13.5448     0.0000  0.0000  fp32_add_12_DW01_ash_0_DW01_ash_22
g_t1[3].u/sll_64                     11.8973      0.1     11.8973     0.0000  0.0000  fp32_add_12_DW01_ash_1_DW01_ash_23
g_t1[3].u/srl_62                     13.7198      0.1     13.7198     0.0000  0.0000  fp32_add_12_DW_rash_0_DW_rash_11
g_t1[3].u/sub_128                     2.3328      0.0      2.3328     0.0000  0.0000  fp32_add_12_DW01_sub_0_DW01_sub_44
g_t1[3].u/sub_48                      2.7556      0.0      2.7556     0.0000  0.0000  fp32_add_12_DW01_sub_3_DW01_sub_47
g_t1[3].u/sub_76                      8.6022      0.1      8.6022     0.0000  0.0000  fp32_add_12_DW01_sub_1_DW01_sub_45
g_t1[4].u                           130.2140      0.8     48.5222    12.5096  0.0000  fp32_add_11
g_t1[4].u/add_149                     6.2111      0.0      6.2111     0.0000  0.0000  fp32_add_11_DW01_add_0_DW01_add_37
g_t1[4].u/add_153                     1.4434      0.0      1.4434     0.0000  0.0000  fp32_add_11_DW01_inc_0_DW01_inc_37
g_t1[4].u/add_75_S2                   7.2317      0.0      7.2317     0.0000  0.0000  fp32_add_11_DW01_add_1_DW01_add_38
g_t1[4].u/add_90                      1.4434      0.0      1.4434     0.0000  0.0000  fp32_add_11_DW01_inc_1_DW01_inc_38
g_t1[4].u/sll_127                    13.5448      0.1     13.5448     0.0000  0.0000  fp32_add_11_DW01_ash_0_DW01_ash_20
g_t1[4].u/sll_64                     11.8973      0.1     11.8973     0.0000  0.0000  fp32_add_11_DW01_ash_1_DW01_ash_21
g_t1[4].u/srl_62                     13.7198      0.1     13.7198     0.0000  0.0000  fp32_add_11_DW_rash_0_DW_rash_10
g_t1[4].u/sub_128                     2.3328      0.0      2.3328     0.0000  0.0000  fp32_add_11_DW01_sub_0_DW01_sub_40
g_t1[4].u/sub_48                      2.7556      0.0      2.7556     0.0000  0.0000  fp32_add_11_DW01_sub_3_DW01_sub_43
g_t1[4].u/sub_76                      8.6022      0.1      8.6022     0.0000  0.0000  fp32_add_11_DW01_sub_1_DW01_sub_41
g_t1[5].u                           130.2140      0.8     48.5222    12.5096  0.0000  fp32_add_10
g_t1[5].u/add_149                     6.2111      0.0      6.2111     0.0000  0.0000  fp32_add_10_DW01_add_0_DW01_add_35
g_t1[5].u/add_153                     1.4434      0.0      1.4434     0.0000  0.0000  fp32_add_10_DW01_inc_0_DW01_inc_35
g_t1[5].u/add_75_S2                   7.2317      0.0      7.2317     0.0000  0.0000  fp32_add_10_DW01_add_1_DW01_add_36
g_t1[5].u/add_90                      1.4434      0.0      1.4434     0.0000  0.0000  fp32_add_10_DW01_inc_1_DW01_inc_36
g_t1[5].u/sll_127                    13.5448      0.1     13.5448     0.0000  0.0000  fp32_add_10_DW01_ash_0_DW01_ash_18
g_t1[5].u/sll_64                     11.8973      0.1     11.8973     0.0000  0.0000  fp32_add_10_DW01_ash_1_DW01_ash_19
g_t1[5].u/srl_62                     13.7198      0.1     13.7198     0.0000  0.0000  fp32_add_10_DW_rash_0_DW_rash_9
g_t1[5].u/sub_128                     2.3328      0.0      2.3328     0.0000  0.0000  fp32_add_10_DW01_sub_0_DW01_sub_36
g_t1[5].u/sub_48                      2.7556      0.0      2.7556     0.0000  0.0000  fp32_add_10_DW01_sub_3_DW01_sub_39
g_t1[5].u/sub_76                      8.6022      0.1      8.6022     0.0000  0.0000  fp32_add_10_DW01_sub_1_DW01_sub_37
g_t1[6].u                           130.2140      0.8     48.5222    12.5096  0.0000  fp32_add_9
g_t1[6].u/add_149                     6.2111      0.0      6.2111     0.0000  0.0000  fp32_add_9_DW01_add_0_DW01_add_33
g_t1[6].u/add_153                     1.4434      0.0      1.4434     0.0000  0.0000  fp32_add_9_DW01_inc_0_DW01_inc_33
g_t1[6].u/add_75_S2                   7.2317      0.0      7.2317     0.0000  0.0000  fp32_add_9_DW01_add_1_DW01_add_34
g_t1[6].u/add_90                      1.4434      0.0      1.4434     0.0000  0.0000  fp32_add_9_DW01_inc_1_DW01_inc_34
g_t1[6].u/sll_127                    13.5448      0.1     13.5448     0.0000  0.0000  fp32_add_9_DW01_ash_0_DW01_ash_16
g_t1[6].u/sll_64                     11.8973      0.1     11.8973     0.0000  0.0000  fp32_add_9_DW01_ash_1_DW01_ash_17
g_t1[6].u/srl_62                     13.7198      0.1     13.7198     0.0000  0.0000  fp32_add_9_DW_rash_0_DW_rash_8
g_t1[6].u/sub_128                     2.3328      0.0      2.3328     0.0000  0.0000  fp32_add_9_DW01_sub_0_DW01_sub_32
g_t1[6].u/sub_48                      2.7556      0.0      2.7556     0.0000  0.0000  fp32_add_9_DW01_sub_3_DW01_sub_35
g_t1[6].u/sub_76                      8.6022      0.1      8.6022     0.0000  0.0000  fp32_add_9_DW01_sub_1_DW01_sub_33
g_t1[7].u                           130.2140      0.8     48.5222    12.5096  0.0000  fp32_add_8
g_t1[7].u/add_149                     6.2111      0.0      6.2111     0.0000  0.0000  fp32_add_8_DW01_add_0_DW01_add_31
g_t1[7].u/add_153                     1.4434      0.0      1.4434     0.0000  0.0000  fp32_add_8_DW01_inc_0_DW01_inc_31
g_t1[7].u/add_75_S2                   7.2317      0.0      7.2317     0.0000  0.0000  fp32_add_8_DW01_add_1_DW01_add_32
g_t1[7].u/add_90                      1.4434      0.0      1.4434     0.0000  0.0000  fp32_add_8_DW01_inc_1_DW01_inc_32
g_t1[7].u/sll_127                    13.5448      0.1     13.5448     0.0000  0.0000  fp32_add_8_DW01_ash_0_DW01_ash_14
g_t1[7].u/sll_64                     11.8973      0.1     11.8973     0.0000  0.0000  fp32_add_8_DW01_ash_1_DW01_ash_15
g_t1[7].u/srl_62                     13.7198      0.1     13.7198     0.0000  0.0000  fp32_add_8_DW_rash_0_DW_rash_7
g_t1[7].u/sub_128                     2.3328      0.0      2.3328     0.0000  0.0000  fp32_add_8_DW01_sub_0_DW01_sub_28
g_t1[7].u/sub_48                      2.7556      0.0      2.7556     0.0000  0.0000  fp32_add_8_DW01_sub_3_DW01_sub_31
g_t1[7].u/sub_76                      8.6022      0.1      8.6022     0.0000  0.0000  fp32_add_8_DW01_sub_1_DW01_sub_29
g_t2[0].u                           131.3658      0.8     48.6097    12.5096  0.0000  fp32_add_7
g_t2[0].u/add_149                     6.7797      0.0      6.7797     0.0000  0.0000  fp32_add_7_DW01_add_0_DW01_add_29
g_t2[0].u/add_153                     1.4434      0.0      1.4434     0.0000  0.0000  fp32_add_7_DW01_inc_0_DW01_inc_29
g_t2[0].u/add_75_S2                   6.9692      0.0      6.9692     0.0000  0.0000  fp32_add_7_DW01_add_1_DW01_add_30
g_t2[0].u/add_90                      1.4434      0.0      1.4434     0.0000  0.0000  fp32_add_7_DW01_inc_1_DW01_inc_30
g_t2[0].u/sll_127                    13.6469      0.1     13.6469     0.0000  0.0000  fp32_add_7_DW01_ash_0_DW01_ash_12
g_t2[0].u/sll_64                     12.4659      0.1     12.4659     0.0000  0.0000  fp32_add_7_DW01_ash_1_DW01_ash_13
g_t2[0].u/srl_62                     13.5448      0.1     13.5448     0.0000  0.0000  fp32_add_7_DW_rash_0_DW_rash_6
g_t2[0].u/sub_128                     2.2745      0.0      2.2745     0.0000  0.0000  fp32_add_7_DW01_sub_0_DW01_sub_24
g_t2[0].u/sub_48                      2.7119      0.0      2.7119     0.0000  0.0000  fp32_add_7_DW01_sub_3_DW01_sub_27
g_t2[0].u/sub_76                      8.9667      0.1      8.9667     0.0000  0.0000  fp32_add_7_DW01_sub_1_DW01_sub_25
g_t2[1].u                           131.3658      0.8     48.6097    12.5096  0.0000  fp32_add_6
g_t2[1].u/add_149                     6.7797      0.0      6.7797     0.0000  0.0000  fp32_add_6_DW01_add_0_DW01_add_27
g_t2[1].u/add_153                     1.4434      0.0      1.4434     0.0000  0.0000  fp32_add_6_DW01_inc_0_DW01_inc_27
g_t2[1].u/add_75_S2                   6.9692      0.0      6.9692     0.0000  0.0000  fp32_add_6_DW01_add_1_DW01_add_28
g_t2[1].u/add_90                      1.4434      0.0      1.4434     0.0000  0.0000  fp32_add_6_DW01_inc_1_DW01_inc_28
g_t2[1].u/sll_127                    13.6469      0.1     13.6469     0.0000  0.0000  fp32_add_6_DW01_ash_0_DW01_ash_10
g_t2[1].u/sll_64                     12.4659      0.1     12.4659     0.0000  0.0000  fp32_add_6_DW01_ash_1_DW01_ash_11
g_t2[1].u/srl_62                     13.5448      0.1     13.5448     0.0000  0.0000  fp32_add_6_DW_rash_0_DW_rash_5
g_t2[1].u/sub_128                     2.2745      0.0      2.2745     0.0000  0.0000  fp32_add_6_DW01_sub_0_DW01_sub_20
g_t2[1].u/sub_48                      2.7119      0.0      2.7119     0.0000  0.0000  fp32_add_6_DW01_sub_3_DW01_sub_23
g_t2[1].u/sub_76                      8.9667      0.1      8.9667     0.0000  0.0000  fp32_add_6_DW01_sub_1_DW01_sub_21
g_t2[2].u                           131.3658      0.8     48.6097    12.5096  0.0000  fp32_add_5
g_t2[2].u/add_149                     6.7797      0.0      6.7797     0.0000  0.0000  fp32_add_5_DW01_add_0_DW01_add_25
g_t2[2].u/add_153                     1.4434      0.0      1.4434     0.0000  0.0000  fp32_add_5_DW01_inc_0_DW01_inc_25
g_t2[2].u/add_75_S2                   6.9692      0.0      6.9692     0.0000  0.0000  fp32_add_5_DW01_add_1_DW01_add_26
g_t2[2].u/add_90                      1.4434      0.0      1.4434     0.0000  0.0000  fp32_add_5_DW01_inc_1_DW01_inc_26
g_t2[2].u/sll_127                    13.6469      0.1     13.6469     0.0000  0.0000  fp32_add_5_DW01_ash_0_DW01_ash_8
g_t2[2].u/sll_64                     12.4659      0.1     12.4659     0.0000  0.0000  fp32_add_5_DW01_ash_1_DW01_ash_9
g_t2[2].u/srl_62                     13.5448      0.1     13.5448     0.0000  0.0000  fp32_add_5_DW_rash_0_DW_rash_4
g_t2[2].u/sub_128                     2.2745      0.0      2.2745     0.0000  0.0000  fp32_add_5_DW01_sub_0_DW01_sub_16
g_t2[2].u/sub_48                      2.7119      0.0      2.7119     0.0000  0.0000  fp32_add_5_DW01_sub_3_DW01_sub_19
g_t2[2].u/sub_76                      8.9667      0.1      8.9667     0.0000  0.0000  fp32_add_5_DW01_sub_1_DW01_sub_17
g_t2[3].u                           131.3658      0.8     48.6097    12.5096  0.0000  fp32_add_4
g_t2[3].u/add_149                     6.7797      0.0      6.7797     0.0000  0.0000  fp32_add_4_DW01_add_0_DW01_add_23
g_t2[3].u/add_153                     1.4434      0.0      1.4434     0.0000  0.0000  fp32_add_4_DW01_inc_0_DW01_inc_23
g_t2[3].u/add_75_S2                   6.9692      0.0      6.9692     0.0000  0.0000  fp32_add_4_DW01_add_1_DW01_add_24
g_t2[3].u/add_90                      1.4434      0.0      1.4434     0.0000  0.0000  fp32_add_4_DW01_inc_1_DW01_inc_24
g_t2[3].u/sll_127                    13.6469      0.1     13.6469     0.0000  0.0000  fp32_add_4_DW01_ash_0_DW01_ash_6
g_t2[3].u/sll_64                     12.4659      0.1     12.4659     0.0000  0.0000  fp32_add_4_DW01_ash_1_DW01_ash_7
g_t2[3].u/srl_62                     13.5448      0.1     13.5448     0.0000  0.0000  fp32_add_4_DW_rash_0_DW_rash_3
g_t2[3].u/sub_128                     2.2745      0.0      2.2745     0.0000  0.0000  fp32_add_4_DW01_sub_0_DW01_sub_12
g_t2[3].u/sub_48                      2.7119      0.0      2.7119     0.0000  0.0000  fp32_add_4_DW01_sub_3_DW01_sub_15
g_t2[3].u/sub_76                      8.9667      0.1      8.9667     0.0000  0.0000  fp32_add_4_DW01_sub_1_DW01_sub_13
g_t3[0].u                           131.2346      0.8     48.4785    12.5096  0.0000  fp32_add_3
g_t3[0].u/add_149                     6.7797      0.0      6.7797     0.0000  0.0000  fp32_add_3_DW01_add_0_DW01_add_21
g_t3[0].u/add_153                     1.4434      0.0      1.4434     0.0000  0.0000  fp32_add_3_DW01_inc_0_DW01_inc_21
g_t3[0].u/add_75_S2                   6.9692      0.0      6.9692     0.0000  0.0000  fp32_add_3_DW01_add_1_DW01_add_22
g_t3[0].u/add_90                      1.4434      0.0      1.4434     0.0000  0.0000  fp32_add_3_DW01_inc_1_DW01_inc_22
g_t3[0].u/sll_127                    13.6469      0.1     13.6469     0.0000  0.0000  fp32_add_3_DW01_ash_0_DW01_ash_4
g_t3[0].u/sll_64                     12.4659      0.1     12.4659     0.0000  0.0000  fp32_add_3_DW01_ash_1_DW01_ash_5
g_t3[0].u/srl_62                     13.5448      0.1     13.5448     0.0000  0.0000  fp32_add_3_DW_rash_0_DW_rash_2
g_t3[0].u/sub_128                     2.2745      0.0      2.2745     0.0000  0.0000  fp32_add_3_DW01_sub_0_DW01_sub_8
g_t3[0].u/sub_48                      2.7119      0.0      2.7119     0.0000  0.0000  fp32_add_3_DW01_sub_3_DW01_sub_11
g_t3[0].u/sub_76                      8.9667      0.1      8.9667     0.0000  0.0000  fp32_add_3_DW01_sub_1_DW01_sub_9
g_t3[1].u                           131.2346      0.8     48.4785    12.5096  0.0000  fp32_add_2
g_t3[1].u/add_149                     6.7797      0.0      6.7797     0.0000  0.0000  fp32_add_2_DW01_add_0_DW01_add_19
g_t3[1].u/add_153                     1.4434      0.0      1.4434     0.0000  0.0000  fp32_add_2_DW01_inc_0_DW01_inc_19
g_t3[1].u/add_75_S2                   6.9692      0.0      6.9692     0.0000  0.0000  fp32_add_2_DW01_add_1_DW01_add_20
g_t3[1].u/add_90                      1.4434      0.0      1.4434     0.0000  0.0000  fp32_add_2_DW01_inc_1_DW01_inc_20
g_t3[1].u/sll_127                    13.6469      0.1     13.6469     0.0000  0.0000  fp32_add_2_DW01_ash_0_DW01_ash_2
g_t3[1].u/sll_64                     12.4659      0.1     12.4659     0.0000  0.0000  fp32_add_2_DW01_ash_1_DW01_ash_3
g_t3[1].u/srl_62                     13.5448      0.1     13.5448     0.0000  0.0000  fp32_add_2_DW_rash_0_DW_rash_1
g_t3[1].u/sub_128                     2.2745      0.0      2.2745     0.0000  0.0000  fp32_add_2_DW01_sub_0_DW01_sub_4
g_t3[1].u/sub_48                      2.7119      0.0      2.7119     0.0000  0.0000  fp32_add_2_DW01_sub_3_DW01_sub_7
g_t3[1].u/sub_76                      8.9667      0.1      8.9667     0.0000  0.0000  fp32_add_2_DW01_sub_1_DW01_sub_5
r160                                 18.9103      0.1     18.9103     0.0000  0.0000  softmax_unit_DW01_cmp6_29
r161                                 20.7473      0.1     20.7473     0.0000  0.0000  softmax_unit_DW01_cmp6_28
r162                                 19.8580      0.1     19.8580     0.0000  0.0000  softmax_unit_DW01_cmp6_70
r163                                 19.6393      0.1     19.6393     0.0000  0.0000  softmax_unit_DW01_cmp6_26
r164                                 19.6684      0.1     19.6684     0.0000  0.0000  softmax_unit_DW01_cmp6_68
r165                                 20.4266      0.1     20.4266     0.0000  0.0000  softmax_unit_DW01_cmp6_110
r166                                 20.0621      0.1     20.0621     0.0000  0.0000  softmax_unit_DW01_cmp6_23
r167                                 19.1581      0.1     19.1581     0.0000  0.0000  softmax_unit_DW01_cmp6_65
r168                                 19.7413      0.1     19.7413     0.0000  0.0000  softmax_unit_DW01_cmp6_21
r169                                 19.7996      0.1     19.7996     0.0000  0.0000  softmax_unit_DW01_cmp6_63
r170                                 21.1410      0.1     21.1410     0.0000  0.0000  softmax_unit_DW01_cmp6_19
r171                                 20.7036      0.1     20.7036     0.0000  0.0000  softmax_unit_DW01_cmp6_105
r172                                 19.7559      0.1     19.7559     0.0000  0.0000  softmax_unit_DW01_cmp6_75
r173                                 20.3683      0.1     20.3683     0.0000  0.0000  softmax_unit_DW01_cmp6_16
r174                                 23.8091      0.1     23.8091     0.0000  0.0000  softmax_unit_DW01_cmp6_15
u_recip                             878.2700      5.2    103.4159    80.3650  0.0000  fp32_recip
u_recip/add_421                       5.7299      0.0      5.7299     0.0000  0.0000  fp32_recip_DW01_add_0_DW01_add_16
u_recip/mult_334                    286.9198      1.7    273.0105     0.0000  0.0000  fp32_recip_DW02_mult_1
u_recip/mult_334/FS_1                13.9093      0.1     13.9093     0.0000  0.0000  fp32_recip_DW01_add_2_DW01_add_80
u_recip/mult_356                    392.8144      2.3    379.5611     0.0000  0.0000  fp32_recip_DW02_mult_0
u_recip/mult_356/FS_1                13.2532      0.1     13.2532     0.0000  0.0000  fp32_recip_DW01_add_1_DW01_add_79
u_recip/sub_339                       9.0250      0.1      9.0250     0.0000  0.0000  fp32_recip_DW01_sub_0_DW01_sub_204
u_tsum                              131.1908      0.8     48.4348    12.5096  0.0000  fp32_add_1
u_tsum/add_149                        6.7797      0.0      6.7797     0.0000  0.0000  fp32_add_1_DW01_add_0_DW01_add_17
u_tsum/add_153                        1.4434      0.0      1.4434     0.0000  0.0000  fp32_add_1_DW01_inc_0_DW01_inc_17
u_tsum/add_75_S2                      6.9692      0.0      6.9692     0.0000  0.0000  fp32_add_1_DW01_add_1_DW01_add_18
u_tsum/add_90                         1.4434      0.0      1.4434     0.0000  0.0000  fp32_add_1_DW01_inc_1_DW01_inc_18
u_tsum/sll_127                       13.6469      0.1     13.6469     0.0000  0.0000  fp32_add_1_DW01_ash_0
u_tsum/sll_64                        12.4659      0.1     12.4659     0.0000  0.0000  fp32_add_1_DW01_ash_1
u_tsum/srl_62                        13.5448      0.1     13.5448     0.0000  0.0000  fp32_add_1_DW_rash_0
u_tsum/sub_128                        2.2745      0.0      2.2745     0.0000  0.0000  fp32_add_1_DW01_sub_0
u_tsum/sub_48                         2.7119      0.0      2.7119     0.0000  0.0000  fp32_add_1_DW01_sub_3
u_tsum/sub_76                         8.9667      0.1      8.9667     0.0000  0.0000  fp32_add_1_DW01_sub_1
--------------------------------  ----------  -------  ----------  ---------  ------  ------------------------------------
Total                                                  15241.1446  1724.8140  0.0000

1
