============================================================
  Generated by:           Genus(TM) Synthesis Solution 25.10-p002_1
  Generated on:           Sep 02 2026  02:31:36 pm
  Module:                 fp16_mult
  Operating conditions:   PVT_0P7V_25C (balanced_tree)
  Wireload mode:          enclosed
  Area mode:              timing library
============================================================


Path 1: VIOLATED (-15 ps) Setup Check with Pin y_reg[12]/CLK->D
          Group: clk
     Startpoint: (F) b[3]
          Clock: (R) clk
       Endpoint: (F) y_reg[12]/D
          Clock: (R) clk

                     Capture       Launch     
        Clock Edge:+     700            0     
        Drv Adjust:+       0            5     
       Src Latency:+       0            0     
       Net Latency:+       0 (I)        0 (I) 
           Arrival:=     700            5     
                                              
             Setup:-      12                  
       Uncertainty:-      21                  
     Required Time:=     668                  
      Launch Clock:-       5                  
       Input Delay:-     175                  
         Data Path:-     502                  
             Slack:=     -15                  

Exceptions/Constraints:
  input_delay             175             in_del_30_1   

#----------------------------------------------------------------------------------------------------------------
#      Timing Point        Flags   Arc   Edge           Cell            Fanout Load Trans Delay Arrival Instance 
#                                                                              (fF)  (ps)  (ps)   (ps)  Location 
#----------------------------------------------------------------------------------------------------------------
  b[3]                     -       -     F     (arrival)                     6  4.5    16     0     180    (-,-) 
  mul_42_314_g7758__5526/Y -       B->Y  F     XNOR2x1_ASAP7_75t_SL          2  1.2    13    16     196    (-,-) 
  g22570/Y                 -       A->Y  F     AND2x2_ASAP7_75t_SL           8  6.0    20    22     218    (-,-) 
  fopt16883/Y              -       A->Y  R     INVx2_ASAP7_75t_SL            1  1.1    10     6     225    (-,-) 
  g20147/Y                 -       B1->Y F     OAI22x1_ASAP7_75t_SL          2  2.3    21    10     235    (-,-) 
  g275/Y                   -       B->Y  R     MAJIxp5_ASAP7_75t_SL          3  1.6    31    20     255    (-,-) 
  g83/Y                    -       A->Y  F     INVx1_ASAP7_75t_SL            1  0.6    11     6     261    (-,-) 
  g20077/Y                 -       B1->Y R     OAI22xp5_ASAP7_75t_SL         1  1.7    34    16     277    (-,-) 
  g22555/Y                 -       B->Y  R     XNOR2x1_ASAP7_75t_SL          4  3.3    31    20     297    (-,-) 
  g23169/Y                 -       B->Y  F     NOR2xp67_ASAP7_75t_SL         1  1.2    18    12     309    (-,-) 
  g23168/Y                 -       A1->Y R     AOI22x1_ASAP7_75t_SL          1  1.2    21    13     322    (-,-) 
  g23167/Y                 -       B2->Y F     OAI22x1_ASAP7_75t_SL          2  2.3    19    11     332    (-,-) 
  g22789/Y                 -       A1->Y R     OAI21x1_ASAP7_75t_SL          1  1.6    20    13     345    (-,-) 
  g22787/Y                 -       B->Y  F     NOR2x1p5_ASAP7_75t_SL         3  3.0    17    11     356    (-,-) 
  g22807/Y                 -       A1->Y R     OAI21x1_ASAP7_75t_SL          5  3.7    31    18     374    (-,-) 
  g20663/Y                 -       A2->Y F     AOI21xp5_ASAP7_75t_SL         1  1.0    19    10     384    (-,-) 
  g20661/Y                 -       B->Y  F     XNOR2xp5_ASAP7_75t_SL         2  1.2    18    18     402    (-,-) 
  g19626/Y                 -       C->Y  R     NOR3xp33_ASAP7_75t_SL         3  1.5    37    20     422    (-,-) 
  g16622__18652/Y          -       A->Y  F     NAND2xp5_ASAP7_75t_SL         1  0.5    14     6     427    (-,-) 
  g355/Y                   -       A->Y  F     OR2x2_ASAP7_75t_SL            3  2.6    13    18     446    (-,-) 
  g18536/Y                 -       A->Y  F     XOR2x2_ASAP7_75t_SL           4  2.3    12    20     466    (-,-) 
  g22578/Y                 -       A->Y  F     XNOR2xp5_ASAP7_75t_SL         3  1.1    17    18     484    (-,-) 
  g20460/Y                 -       B->Y  R     NOR2xp33_ASAP7_75t_SL         1  0.5    17    10     494    (-,-) 
  g22796/Y                 -       A->Y  F     NAND2xp5_ASAP7_75t_SL         3  1.8    22    11     505    (-,-) 
  g16490/Y                 -       A->Y  R     INVx1_ASAP7_75t_SL            2  1.0    13     9     514    (-,-) 
  g16478__5477/Y           -       B->Y  F     NOR2xp67_ASAP7_75t_SL         1  0.6    12     8     522    (-,-) 
  g22804/Y                 -       B->Y  F     OR2x2_ASAP7_75t_SL            2  3.2    14    19     541    (-,-) 
  g22803/Y                 -       A->Y  R     INVx3_ASAP7_75t_SL            6  3.9    13     8     549    (-,-) 
  g21657/Y                 -       A->Y  F     INVx2_ASAP7_75t_SL            3  1.3     7     5     554    (-,-) 
  g19820/Y                 -       A->Y  R     NAND2xp33_ASAP7_75t_SL        1  0.6    19    11     565    (-,-) 
  g20971/Y                 -       B2->Y F     OAI22xp5_ASAP7_75t_SL         2  1.3    22    11     576    (-,-) 
  g380/Y                   -       A->Y  R     INVx1_ASAP7_75t_SL            1  0.6    11     7     584    (-,-) 
  g21073/Y                 -       B1->Y F     OAI22xp5_ASAP7_75t_SL         2  1.2    22    10     594    (-,-) 
  g20912/Y                 -       A1->Y R     AOI22xp5_ASAP7_75t_SL         1  0.6    19    12     606    (-,-) 
  g835/Y                   -       B->Y  F     OAI21xp5_ASAP7_75t_SL         2  0.9    16     9     615    (-,-) 
  g109/Y                   -       B->Y  F     AND2x2_ASAP7_75t_SL           4  2.4    12    17     632    (-,-) 
  g101/Y                   -       B->Y  R     NAND2x1_ASAP7_75t_SL          1  1.1    14     9     641    (-,-) 
  g22151/Y                 -       B->Y  F     NOR2x1_ASAP7_75t_SL           1  1.1    12     8     649    (-,-) 
  g19708/Y                 -       B->Y  F     AND2x4_ASAP7_75t_SL           6  3.0     9    14     663    (-,-) 
  g18923/Y                 -       A->Y  R     NAND2xp5_ASAP7_75t_SL         2  0.9    14     9     672    (-,-) 
  g20488/Y                 -       A1->Y F     OAI211xp5_ASAP7_75t_SL        1  0.6    18    10     683    (-,-) 
  y_reg[12]/D              <<<     -     F     ASYNC_DFFHx1_ASAP7_75t_L      1    -     -     0     683    (-,-) 
#----------------------------------------------------------------------------------------------------------------

