============================================================
  Generated by:           Genus(TM) Synthesis Solution 25.10-p002_1
  Generated on:           Aug 31 2026  12:57:16 pm
  Module:                 fp16_mult
  Operating conditions:   PVT_0P7V_25C (balanced_tree)
  Wireload mode:          enclosed
  Area mode:              timing library
============================================================

Timing
--------

Clock Period 
-------------
clk    700.0 


  Cost    Critical         Violating 
 Group   Path Slack  TNS     Paths   
-------------------------------------
clk             0.0   0.0          0 
default    No paths   0.0            
-------------------------------------
Total                 0.0          0 

Instance Count
--------------
Leaf Instance Count             812 
Physical Instance count           0 
Sequential Instance Count        17 
Combinational Instance Count    795 
Hierarchical Instance Count       0 

Area
----
Cell Area                          66.995
Physical Cell Area                 0.000
Total Cell Area (Cell+Physical)    66.995
Net Area                           0.000
Total Area (Cell+Physical+Net)     66.995

Max Fanout                         17 (clk)
Min Fanout                         0 (n_8)
Average Fanout                     2.2
Terms to net ratio                 3.1976
Terms to instance ratio            3.3473
Runtime                            40.081419999999994 seconds
Elapsed Runtime                    40 seconds
Genus peak memory usage            2325.67 
Innovus peak memory usage          no_value 
Hostname                           squire.ece.uw.edu
