/bin/sh: warning: setlocale: LC_ALL: cannot change locale (C.UTF-8)

                           Design Compiler Graphical 
                                 DC Ultra (TM)
                                  DFTMAX (TM)
                              Power Compiler (TM)
                                 DesignWare (R)
                                 DC Expert (TM)
                               Design Vision (TM)
                               HDL Compiler (TM)
                               VHDL Compiler (TM)
                                  DFT Compiler
                               Design Compiler(R)

              Version P-2019.03-SP5-6 for linux64 - Aug 20, 2020 

                    Copyright (c) 1988 - 2020 Synopsys, Inc.
   This software and the associated documentation are proprietary to Synopsys,
 Inc. This software may only be used in accordance with the terms and conditions
 of a written license agreement with Synopsys, Inc. All other use, reproduction,
            or distribution of this software is strictly prohibited.
Initializing...
# Per-component ASAP7 synthesis for the rtl/0830-02 snapshot.
# Same constraint recipe as run_dc_asap7.tcl (bundled ASAP7 RVT/TT NLDM
# standard-cell .db views; identical constraints across profiles) but with a
# profile table for the 0830-02 component set only.  No top-level synthesis:
# each hardware level's overhead is rolled up from these component areas
# (docs/0830-02/Hardware_Overhead_Breakdown.md).
#
# Example (from syn/):
#   . /home/common/profile_synopsys
#   SYN_PROFILE=gemv SYN_TOP=gemv_unit SYN_TAG=gemv_attacc #     SYN_PERIOD_NS=1.5015015 dc_shell -f run_dc_asap7_0830-02.tcl
set script_dir [file dirname [file normalize [info script]]]
/thu-bloor/xinyao-w23/kvpim-rtl/syn
set root_dir   [file normalize [file join $script_dir ..]]
/thu-bloor/xinyao-w23/kvpim-rtl
set lib_dir    [file join $root_dir third_party asap7_lib db]
/thu-bloor/xinyao-w23/kvpim-rtl/third_party/asap7_lib/db
set sram_dir   [file join $root_dir third_party asap7 asap7_sram_0p0 generated]
/thu-bloor/xinyao-w23/kvpim-rtl/third_party/asap7/asap7_sram_0p0/generated
proc envdef {name default} {
    return [expr {[info exists ::env($name)] ? $::env($name) : $default}]
}
set rtl_dir [envdef SYN_RTL_DIR [file join $root_dir rtl 0830-02]]
/thu-bloor/xinyao-w23/kvpim-rtl/rtl/0830-02
if {[file pathtype $rtl_dir] ne "absolute"} {
    set from_script_dir [file normalize [file join $script_dir $rtl_dir]]
    if {[file isdirectory $from_script_dir]} {
        set rtl_dir $from_script_dir
    } else {
        set rtl_dir [file normalize [file join $root_dir $rtl_dir]]
    }
}
set top_module [envdef SYN_TOP gemv_unit]
accumulator_bg
set profile    [envdef SYN_PROFILE gemv]
accum_bg
set tag        [envdef SYN_TAG $top_module]
accbg_fugue_p769
set period_ns  [envdef SYN_PERIOD_NS 1.5015015]
0.769
set max_cores  [envdef SYN_MAX_CORES 4]
4
set io_delay_ratio [envdef SYN_IO_DELAY_RATIO 0.30]
0.3
set fix_hold   [envdef SYN_FIX_HOLD 1]
1
set period     [expr {$period_ns * 1000.0}]
769.0
set out_root   [envdef SYN_OUT_ROOT dc_0830-02]
/thu-bloor/xinyao-w23/kvpim-rtl/syn/dc_0830-02
if {[file pathtype $out_root] ne "absolute"} {
    set out_root [file join $script_dir $out_root]
}
set out_dir    [file join $out_root $tag]
/thu-bloor/xinyao-w23/kvpim-rtl/syn/dc_0830-02/accbg_fugue_p769
file mkdir $out_dir
set target_library [glob -nocomplain [file join $lib_dir *.db]]
/thu-bloor/xinyao-w23/kvpim-rtl/third_party/asap7_lib/db/asap7sc7p5t_AO_RVT_TT_nldm_211120.db /thu-bloor/xinyao-w23/kvpim-rtl/third_party/asap7_lib/db/asap7sc7p5t_INVBUF_RVT_TT_nldm_211120.db /thu-bloor/xinyao-w23/kvpim-rtl/third_party/asap7_lib/db/asap7sc7p5t_OA_RVT_TT_nldm_211120.db /thu-bloor/xinyao-w23/kvpim-rtl/third_party/asap7_lib/db/asap7sc7p5t_SEQ_RVT_TT_nldm_220123.db /thu-bloor/xinyao-w23/kvpim-rtl/third_party/asap7_lib/db/asap7sc7p5t_SIMPLE_RVT_TT_nldm_211120.db
if {[llength $target_library] == 0} {
    error "No ASAP7 .db views in $lib_dir"
}
set link_library "* $target_library"
* /thu-bloor/xinyao-w23/kvpim-rtl/third_party/asap7_lib/db/asap7sc7p5t_AO_RVT_TT_nldm_211120.db /thu-bloor/xinyao-w23/kvpim-rtl/third_party/asap7_lib/db/asap7sc7p5t_INVBUF_RVT_TT_nldm_211120.db /thu-bloor/xinyao-w23/kvpim-rtl/third_party/asap7_lib/db/asap7sc7p5t_OA_RVT_TT_nldm_211120.db /thu-bloor/xinyao-w23/kvpim-rtl/third_party/asap7_lib/db/asap7sc7p5t_SEQ_RVT_TT_nldm_220123.db /thu-bloor/xinyao-w23/kvpim-rtl/third_party/asap7_lib/db/asap7sc7p5t_SIMPLE_RVT_TT_nldm_211120.db
set search_path [list $rtl_dir $lib_dir $sram_dir [file join $sram_dir verilog]]
/thu-bloor/xinyao-w23/kvpim-rtl/rtl/0830-02 /thu-bloor/xinyao-w23/kvpim-rtl/third_party/asap7_lib/db /thu-bloor/xinyao-w23/kvpim-rtl/third_party/asap7/asap7_sram_0p0/generated /thu-bloor/xinyao-w23/kvpim-rtl/third_party/asap7/asap7_sram_0p0/generated/verilog
set_host_options -max_cores $max_cores
1
# Link the compiled ASAP7 SRAM macro .db views (compile_asap7_sram_libs.tcl).
proc enable_asap7_sram {sram_dir} {
    global target_library link_library
    foreach name {srambank_64x4x16_6t122 srambank_64x4x32_6t122 srambank_64x4x80_6t122                   srambank_256x4x32_6t122 srambank_256x4x80_6t122 srambank_256x4x64_6t122} {
        set db [file join $sram_dir db ${name}.db]
        if {[file exists $db]} {
            lappend target_library $db
        }
    }
    if {![file exists [file join $sram_dir db srambank_64x4x16_6t122.db]]} {
        error "Missing SRAM DB views in $sram_dir/db. Run compile_asap7_sram_libs.tcl first."
    }
    set link_library "* $target_library"
}
# ---------------------------------------------------------------------------
# Profiles: RTL needed for each component (per docs/Hardware Overhead.md and
# the Fugue paper Sec. 4.3).  Frequencies are set by the driver script.
# ---------------------------------------------------------------------------
switch -- $profile {
    gemv {
        # Bank level: one GEMV unit (16 FP16 mult + 16 dual-mode FP16 add +
        # double-buffered 16x256b vector buffer + control unit).  The buffer
        # is the ASAP7 SRAM-macro implementation (2 groups x 16 x 256x16b).
        enable_asap7_sram $sram_dir
        set sources [list fp16_mult.sv fp16_add.sv dbuf_16x256_asap7.sv gemv_unit.sv]
    }
    dbuf {
        # The double-buffered GEMV buffer alone (breakdown term), macro-backed.
        enable_asap7_sram $sram_dir
        set sources [list dbuf_16x256_asap7.sv]
    }
    gemv_flop {
        # Reference point: the same GEMV unit with the flop-based buffer.
        set sources [list fp16_mult.sv fp16_add.sv dbuf_16x256.sv gemv_unit.sv]
    }
    accum_bg {
        # BG level: 4->1 FP16 accumulator with bypass/sum modes.
        set sources [list fp16_add.sv accumulator_bg.sv]
    }
    accum_buf_bg {
        # BG level: the accumulator buffer on one 256x16 ASAP7 macro.
        # Tops: accum_buffer_bg_attacc (8 x FP16, one query in flight) /
        #       accum_buffer_bg_fugue (64 x FP16 = n_cap(8) resident queries
        #       x 8-slot staging each; multi-Q over one shared K column).
        enable_asap7_sram $sram_dir
        set sources [list accum_buffer_bg.sv]
    }
    accum_logic {
        # Logic die: one per-channel context accumulator (16 lanes x 4 words).
        set sources [list fp16_add.sv accumulator_logic.sv]
    }
    diff_channel {
        # Logic die (Fugue): one per-channel D_i map / diff decoder.
        set sources [list fugue_pkg.sv diff_decoder.sv diff_decoder_channel_dc_top.sv]
    }
    causal_cmp {
        # Logic die (Fugue): one per-channel causal comparator.
        set sources [list causal_comparator.sv]
    }
    rope {
        # Ablation only ("Fugue with on-die RoPE"); the paper's die does NOT
        # carry rotation logic (RoPE runs on the GPU, Sec. 4.2).
        set sources [list bf16_mult.sv bf16_add.sv sincos_bf16.sv rotate_q_bf16.sv]
    }
    kvtlb {
        # Controller breakdown term: the KV segment TLB alone.
        set sources [list kv_tlb_pkg.sv kv_seg_tlb.sv kv_ptw.sv kv_scan_planner.sv kv_tlb_top.sv]
    }
    ctrl_attacc {
        # HBM controller, AttAcc: instr queue/decoder + config memory +
        # addr-gen/DRAM FSM + DMA engine + direct address path.
        set sources [list fugue_pkg.sv kv_tlb_pkg.sv attacc_controller.sv             direct_addr_plan.sv dma_engine.sv attacc_hbm_ctrl_top.sv]
    }
    ctrl_fugue {
        # HBM controller, Fugue: same core + DMA + the KV segment TLB
        # (diff-block address management).
        set sources [list fugue_pkg.sv kv_tlb_pkg.sv attacc_controller.sv             kv_seg_tlb.sv kv_ptw.sv kv_scan_planner.sv kv_tlb_top.sv             dma_engine.sv fugue_hbm_ctrl_top.sv]
    }
    softmax_pe {
        # Reference only: softmax_pe already met 699 ps in dc_0830-01
        # (setup/hold clean), which covers the 1.3 GHz (769 ps) requirement;
        # re-synthesis is NOT needed.
        set sources [list fp32_add.sv fp32_exp.sv fp32_mul.sv softmax_pe.sv]
    }
    fp32_recip {
        # The one softmax leaf missing from dc_0830-01 (one per channel
        # engine); synthesized once at the softmax clock for the roll-up.
        set sources [list fp32_recip.sv]
    }
    default { error "Unknown SYN_PROFILE=$profile" }
}
fp16_add.sv accumulator_bg.sv
set src_paths {}
foreach source $sources { lappend src_paths [file join $rtl_dir $source] }
define_design_lib WORK -path [file join $out_dir WORK]
1
analyze -format sverilog $src_paths
Running PRESTO HDLC
Compiling source file /thu-bloor/xinyao-w23/kvpim-rtl/rtl/0830-02/fp16_add.sv
Compiling source file /thu-bloor/xinyao-w23/kvpim-rtl/rtl/0830-02/accumulator_bg.sv
Presto compilation completed successfully.
Loading db file '/thu-bloor/xinyao-w23/kvpim-rtl/third_party/asap7_lib/db/asap7sc7p5t_AO_RVT_TT_nldm_211120.db'
Loading db file '/thu-bloor/xinyao-w23/kvpim-rtl/third_party/asap7_lib/db/asap7sc7p5t_INVBUF_RVT_TT_nldm_211120.db'
Loading db file '/thu-bloor/xinyao-w23/kvpim-rtl/third_party/asap7_lib/db/asap7sc7p5t_OA_RVT_TT_nldm_211120.db'
Loading db file '/thu-bloor/xinyao-w23/kvpim-rtl/third_party/asap7_lib/db/asap7sc7p5t_SEQ_RVT_TT_nldm_220123.db'
Loading db file '/thu-bloor/xinyao-w23/kvpim-rtl/third_party/asap7_lib/db/asap7sc7p5t_SIMPLE_RVT_TT_nldm_211120.db'
1
elaborate $top_module
Loading db file '/usr/local/bin/Synopsys/syn/P-2019.03-SP5-6/libraries/syn/gtech.db'
Loading db file '/usr/local/bin/Synopsys/syn/P-2019.03-SP5-6/libraries/syn/standard.sldb'
  Loading link library 'asap7sc7p5t_AO_RVT_TT_nldm_211120'
  Loading link library 'asap7sc7p5t_INVBUF_RVT_TT_nldm_211120'
  Loading link library 'asap7sc7p5t_OA_RVT_TT_nldm_211120'
  Loading link library 'asap7sc7p5t_SEQ_RVT_TT_nldm_220123'
  Loading link library 'asap7sc7p5t_SIMPLE_RVT_TT_nldm_211120'
  Loading link library 'gtech'
Running PRESTO HDLC

Inferred memory devices in process
	in routine accumulator_bg line 45 in file
		'/thu-bloor/xinyao-w23/kvpim-rtl/rtl/0830-02/accumulator_bg.sv'.
===============================================================================
|    Register Name    |   Type    | Width | Bus | MB | AR | AS | SR | SS | ST |
===============================================================================
|      byp_v_reg      | Flip-flop |   1   |  N  | N  | Y  | N  | N  | N  | N  |
|      byp_q_reg      | Flip-flop |  64   |  Y  | N  | Y  | N  | N  | N  | N  |
|    byp_left_reg     | Flip-flop |   3   |  Y  | N  | Y  | N  | N  | N  | N  |
|     byp_out_reg     | Flip-flop |  16   |  Y  | N  | Y  | N  | N  | N  | N  |
===============================================================================
Presto compilation completed successfully. (accumulator_bg)
Elaborated 1 design.
Current design is now 'accumulator_bg'.
Information: Building the design 'fp16_add'. (HDL-193)

Statistics for case statements in always block at line 83 in file
	'/thu-bloor/xinyao-w23/kvpim-rtl/rtl/0830-02/fp16_add.sv'
===============================================
|           Line           |  full/ parallel  |
===============================================
|            92            |    auto/auto     |
===============================================

Inferred memory devices in process
	in routine fp16_add line 164 in file
		'/thu-bloor/xinyao-w23/kvpim-rtl/rtl/0830-02/fp16_add.sv'.
===============================================================================
|    Register Name    |   Type    | Width | Bus | MB | AR | AS | SR | SS | ST |
===============================================================================
|    out_valid_reg    | Flip-flop |   1   |  N  | N  | Y  | N  | N  | N  | N  |
|        y_reg        | Flip-flop |  16   |  Y  | N  | Y  | N  | N  | N  | N  |
===============================================================================
Presto compilation completed successfully. (fp16_add)
1
current_design $top_module
Current design is 'accumulator_bg'.
{accumulator_bg}
link

  Linking design 'accumulator_bg'
  Using the following designs and libraries:
  --------------------------------------------------------------------------
  * (2 designs)               /thu-bloor/xinyao-w23/kvpim-rtl/syn/accumulator_bg.db, etc
  asap7sc7p5t_AO_RVT_TT_nldm_211120 (library) /thu-bloor/xinyao-w23/kvpim-rtl/third_party/asap7_lib/db/asap7sc7p5t_AO_RVT_TT_nldm_211120.db
  asap7sc7p5t_INVBUF_RVT_TT_nldm_211120 (library) /thu-bloor/xinyao-w23/kvpim-rtl/third_party/asap7_lib/db/asap7sc7p5t_INVBUF_RVT_TT_nldm_211120.db
  asap7sc7p5t_OA_RVT_TT_nldm_211120 (library) /thu-bloor/xinyao-w23/kvpim-rtl/third_party/asap7_lib/db/asap7sc7p5t_OA_RVT_TT_nldm_211120.db
  asap7sc7p5t_SEQ_RVT_TT_nldm_220123 (library) /thu-bloor/xinyao-w23/kvpim-rtl/third_party/asap7_lib/db/asap7sc7p5t_SEQ_RVT_TT_nldm_220123.db
  asap7sc7p5t_SIMPLE_RVT_TT_nldm_211120 (library) /thu-bloor/xinyao-w23/kvpim-rtl/third_party/asap7_lib/db/asap7sc7p5t_SIMPLE_RVT_TT_nldm_211120.db

1
create_clock -name clk -period $period [get_ports clk]
1
set_clock_uncertainty 50.0 [get_clocks clk]
1
set_clock_transition 20.0 [get_clocks clk]
1
set clock_reset_ports [get_ports {clk rst_n}]
{clk rst_n}
set data_ports [remove_from_collection [all_inputs] $clock_reset_ports]
{in_valid mode_bypass parts[3][15] parts[3][14] parts[3][13] parts[3][12] parts[3][11] parts[3][10] parts[3][9] parts[3][8] parts[3][7] parts[3][6] parts[3][5] parts[3][4] parts[3][3] parts[3][2] parts[3][1] parts[3][0] parts[2][15] parts[2][14] parts[2][13] parts[2][12] parts[2][11] parts[2][10] parts[2][9] parts[2][8] parts[2][7] parts[2][6] parts[2][5] parts[2][4] parts[2][3] parts[2][2] parts[2][1] parts[2][0] parts[1][15] parts[1][14] parts[1][13] parts[1][12] parts[1][11] parts[1][10] parts[1][9] parts[1][8] parts[1][7] parts[1][6] parts[1][5] parts[1][4] parts[1][3] parts[1][2] parts[1][1] parts[1][0] parts[0][15] parts[0][14] parts[0][13] parts[0][12] parts[0][11] parts[0][10] parts[0][9] parts[0][8] parts[0][7] parts[0][6] parts[0][5] parts[0][4] parts[0][3] parts[0][2] parts[0][1] parts[0][0]}
set_input_delay [expr {$period * $io_delay_ratio}] -clock clk $data_ports
1
set_output_delay [expr {$period * $io_delay_ratio}] -clock clk [all_outputs]
1
set_driving_cell -lib_cell BUFx2_ASAP7_75t_R $data_ports
Warning: Design rule attributes from the driving cell will be
	set on the port. (UID-401)
Warning: Design rule attributes from the driving cell will be
	set on the port. (UID-401)
Warning: Design rule attributes from the driving cell will be
	set on the port. (UID-401)
Warning: Design rule attributes from the driving cell will be
	set on the port. (UID-401)
Warning: Design rule attributes from the driving cell will be
	set on the port. (UID-401)
Warning: Design rule attributes from the driving cell will be
	set on the port. (UID-401)
Warning: Design rule attributes from the driving cell will be
	set on the port. (UID-401)
Warning: Design rule attributes from the driving cell will be
	set on the port. (UID-401)
Warning: Design rule attributes from the driving cell will be
	set on the port. (UID-401)
Warning: Design rule attributes from the driving cell will be
	set on the port. (UID-401)
Warning: Design rule attributes from the driving cell will be
	set on the port. (UID-401)
Warning: Design rule attributes from the driving cell will be
	set on the port. (UID-401)
Warning: Design rule attributes from the driving cell will be
	set on the port. (UID-401)
Warning: Design rule attributes from the driving cell will be
	set on the port. (UID-401)
Warning: Design rule attributes from the driving cell will be
	set on the port. (UID-401)
Warning: Design rule attributes from the driving cell will be
	set on the port. (UID-401)
Warning: Design rule attributes from the driving cell will be
	set on the port. (UID-401)
Warning: Design rule attributes from the driving cell will be
	set on the port. (UID-401)
Warning: Design rule attributes from the driving cell will be
	set on the port. (UID-401)
Warning: Design rule attributes from the driving cell will be
	set on the port. (UID-401)
Warning: Design rule attributes from the driving cell will be
	set on the port. (UID-401)
Warning: Design rule attributes from the driving cell will be
	set on the port. (UID-401)
Warning: Design rule attributes from the driving cell will be
	set on the port. (UID-401)
Warning: Design rule attributes from the driving cell will be
	set on the port. (UID-401)
Warning: Design rule attributes from the driving cell will be
	set on the port. (UID-401)
Warning: Design rule attributes from the driving cell will be
	set on the port. (UID-401)
Warning: Design rule attributes from the driving cell will be
	set on the port. (UID-401)
Warning: Design rule attributes from the driving cell will be
	set on the port. (UID-401)
Warning: Design rule attributes from the driving cell will be
	set on the port. (UID-401)
Warning: Design rule attributes from the driving cell will be
	set on the port. (UID-401)
Warning: Design rule attributes from the driving cell will be
	set on the port. (UID-401)
Warning: Design rule attributes from the driving cell will be
	set on the port. (UID-401)
Warning: Design rule attributes from the driving cell will be
	set on the port. (UID-401)
Warning: Design rule attributes from the driving cell will be
	set on the port. (UID-401)
Warning: Design rule attributes from the driving cell will be
	set on the port. (UID-401)
Warning: Design rule attributes from the driving cell will be
	set on the port. (UID-401)
Warning: Design rule attributes from the driving cell will be
	set on the port. (UID-401)
Warning: Design rule attributes from the driving cell will be
	set on the port. (UID-401)
Warning: Design rule attributes from the driving cell will be
	set on the port. (UID-401)
Warning: Design rule attributes from the driving cell will be
	set on the port. (UID-401)
Warning: Design rule attributes from the driving cell will be
	set on the port. (UID-401)
Warning: Design rule attributes from the driving cell will be
	set on the port. (UID-401)
Warning: Design rule attributes from the driving cell will be
	set on the port. (UID-401)
Warning: Design rule attributes from the driving cell will be
	set on the port. (UID-401)
Warning: Design rule attributes from the driving cell will be
	set on the port. (UID-401)
Warning: Design rule attributes from the driving cell will be
	set on the port. (UID-401)
Warning: Design rule attributes from the driving cell will be
	set on the port. (UID-401)
Warning: Design rule attributes from the driving cell will be
	set on the port. (UID-401)
Warning: Design rule attributes from the driving cell will be
	set on the port. (UID-401)
Warning: Design rule attributes from the driving cell will be
	set on the port. (UID-401)
Warning: Design rule attributes from the driving cell will be
	set on the port. (UID-401)
Warning: Design rule attributes from the driving cell will be
	set on the port. (UID-401)
Warning: Design rule attributes from the driving cell will be
	set on the port. (UID-401)
Warning: Design rule attributes from the driving cell will be
	set on the port. (UID-401)
Warning: Design rule attributes from the driving cell will be
	set on the port. (UID-401)
Warning: Design rule attributes from the driving cell will be
	set on the port. (UID-401)
Warning: Design rule attributes from the driving cell will be
	set on the port. (UID-401)
Warning: Design rule attributes from the driving cell will be
	set on the port. (UID-401)
Warning: Design rule attributes from the driving cell will be
	set on the port. (UID-401)
Warning: Design rule attributes from the driving cell will be
	set on the port. (UID-401)
Warning: Design rule attributes from the driving cell will be
	set on the port. (UID-401)
Warning: Design rule attributes from the driving cell will be
	set on the port. (UID-401)
Warning: Design rule attributes from the driving cell will be
	set on the port. (UID-401)
Warning: Design rule attributes from the driving cell will be
	set on the port. (UID-401)
Warning: Design rule attributes from the driving cell will be
	set on the port. (UID-401)
Warning: Design rule attributes from the driving cell will be
	set on the port. (UID-401)
1
set_load 0.005 [all_outputs]
1
set_false_path -from [get_ports rst_n]
1
if {$fix_hold} {
    set_fix_hold [get_clocks clk]
}
1
compile -map_effort low -area_effort low
Warning: The compile -map_effort low is obsolete. Setting this variable now defaults to compile -map_effort medium. Please update your script accordingly. (OPT-1303)
Information: Evaluating DesignWare library utilization. (UISN-27)

============================================================================
| DesignWare Building Block Library  |         Version         | Available |
============================================================================
| Basic DW Building Blocks           | P-2019.03-DWBB_201903.4 |     *     |
| Licensed DW Building Blocks        |                         |           |
============================================================================


Information: There are 8 potential problems in your design. Please run 'check_design' for more information. (LINT-99)



  Beginning Pass 1 Mapping
  ------------------------
  Processing 'fp16_add_0'
  Processing 'accumulator_bg'
Information: The register 'byp_left_reg[2]' is a constant and will be removed. (OPT-1206)
Information: The register 'byp_q_reg[3][15]' is a constant and will be removed. (OPT-1206)
Information: The register 'byp_q_reg[3][14]' is a constant and will be removed. (OPT-1206)
Information: The register 'byp_q_reg[3][13]' is a constant and will be removed. (OPT-1206)
Information: The register 'byp_q_reg[3][12]' is a constant and will be removed. (OPT-1206)
Information: The register 'byp_q_reg[3][11]' is a constant and will be removed. (OPT-1206)
Information: The register 'byp_q_reg[3][10]' is a constant and will be removed. (OPT-1206)
Information: The register 'byp_q_reg[3][9]' is a constant and will be removed. (OPT-1206)
Information: The register 'byp_q_reg[3][8]' is a constant and will be removed. (OPT-1206)
Information: The register 'byp_q_reg[3][7]' is a constant and will be removed. (OPT-1206)
Information: The register 'byp_q_reg[3][6]' is a constant and will be removed. (OPT-1206)
Information: The register 'byp_q_reg[3][5]' is a constant and will be removed. (OPT-1206)
Information: The register 'byp_q_reg[3][4]' is a constant and will be removed. (OPT-1206)
Information: The register 'byp_q_reg[3][3]' is a constant and will be removed. (OPT-1206)
Information: The register 'byp_q_reg[3][2]' is a constant and will be removed. (OPT-1206)
Information: The register 'byp_q_reg[3][1]' is a constant and will be removed. (OPT-1206)
Information: The register 'byp_q_reg[3][0]' is a constant and will be removed. (OPT-1206)

  Updating timing information
Information: Updating design information... (UID-85)

  Beginning Implementation Selection
  ----------------------------------
  Processing 'fp16_add_1_DW01_inc_0'
  Processing 'fp16_add_1_DW01_add_0'
  Processing 'fp16_add_1_DW01_sub_0'
  Processing 'fp16_add_1_DW01_cmp2_0'
  Processing 'fp16_add_1_DW01_ash_0'
  Processing 'fp16_add_1_DW01_inc_1'
  Processing 'fp16_add_1_DW01_sub_1'
  Processing 'fp16_add_1_DW01_add_1'
  Processing 'fp16_add_1_DW01_ash_1'
  Processing 'fp16_add_1_DW01_sub_2'
  Processing 'fp16_add_1_DW_rash_0'
  Processing 'fp16_add_1_DW01_cmp2_1'
  Processing 'fp16_add_1_DW01_sub_3'
  Processing 'fp16_add_1_DW01_cmp2_2'
  Processing 'fp16_add_2_DW01_inc_0_DW01_inc_2'
  Processing 'fp16_add_2_DW01_add_0_DW01_add_2'
  Processing 'fp16_add_2_DW01_sub_0_DW01_sub_4'
  Processing 'fp16_add_2_DW01_cmp2_0_DW01_cmp2_3'
  Processing 'fp16_add_2_DW01_ash_0_DW01_ash_2'
  Processing 'fp16_add_2_DW01_inc_1_DW01_inc_3'
  Processing 'fp16_add_2_DW01_sub_1_DW01_sub_5'
  Processing 'fp16_add_2_DW01_add_1_DW01_add_3'
  Processing 'fp16_add_2_DW01_ash_1_DW01_ash_3'
  Processing 'fp16_add_2_DW01_sub_2_DW01_sub_6'
  Processing 'fp16_add_2_DW_rash_0_DW_rash_1'
  Processing 'fp16_add_2_DW01_cmp2_1_DW01_cmp2_4'
  Processing 'fp16_add_2_DW01_sub_3_DW01_sub_7'
  Processing 'fp16_add_2_DW01_cmp2_2_DW01_cmp2_5'
  Processing 'fp16_add_0_DW01_inc_0_DW01_inc_4'
  Processing 'fp16_add_0_DW01_add_0_DW01_add_4'
  Processing 'fp16_add_0_DW01_sub_0_DW01_sub_8'
  Processing 'fp16_add_0_DW01_cmp2_0_DW01_cmp2_6'
  Processing 'fp16_add_0_DW01_ash_0_DW01_ash_4'
  Processing 'fp16_add_0_DW01_inc_1_DW01_inc_5'
  Processing 'fp16_add_0_DW01_sub_1_DW01_sub_9'
  Processing 'fp16_add_0_DW01_add_1_DW01_add_5'
  Processing 'fp16_add_0_DW01_ash_1_DW01_ash_5'
  Processing 'fp16_add_0_DW01_sub_2_DW01_sub_10'
  Processing 'fp16_add_0_DW_rash_0_DW_rash_2'
  Processing 'fp16_add_0_DW01_cmp2_1_DW01_cmp2_7'
  Processing 'fp16_add_0_DW01_sub_3_DW01_sub_11'
  Processing 'fp16_add_0_DW01_cmp2_2_DW01_cmp2_8'

  Beginning Mapping Optimizations  (Medium effort)
  -------------------------------
LNC WARNING: Found output_to_output lib arc on HAxp5_ASAP7_75t_R.
  Mapping Optimization (Phase 1)
  Mapping Optimization (Phase 2)
  Mapping Optimization (Phase 3)
  Mapping Optimization (Phase 4)
  Mapping Optimization (Phase 5)
  Mapping Optimization (Phase 6)
  Mapping Optimization (Phase 7)
  Mapping Optimization (Phase 8)
  Mapping Optimization (Phase 9)
  Mapping Optimization (Phase 10)
  Mapping Optimization (Phase 11)
  Mapping Optimization (Phase 12)
  Mapping Optimization (Phase 13)
  Mapping Optimization (Phase 14)
  Mapping Optimization (Phase 15)
  Mapping Optimization (Phase 16)
  Mapping Optimization (Phase 17)
  Mapping Optimization (Phase 18)
  Mapping Optimization (Phase 19)
  Mapping Optimization (Phase 20)
  Mapping Optimization (Phase 21)
  Mapping Optimization (Phase 22)
  Mapping Optimization (Phase 23)
  Mapping Optimization (Phase 24)
  Mapping Optimization (Phase 25)

                                  TOTAL                                                  
   ELAPSED            WORST NEG   SETUP    DESIGN                              MIN DELAY 
    TIME      AREA      SLACK     COST    RULE COST         ENDPOINT             COST    
  --------- --------- --------- --------- --------- ------------------------- -----------
    0:00:31     301.7    461.06   21073.5       0.0                                0.00  
    0:00:31     301.7    461.06   21073.5       0.0                                0.00  

  Beginning Delay Optimization Phase
  ----------------------------------

                                  TOTAL                                                  
   ELAPSED            WORST NEG   SETUP    DESIGN                              MIN DELAY 
    TIME      AREA      SLACK     COST    RULE COST         ENDPOINT             COST    
  --------- --------- --------- --------- --------- ------------------------- -----------
    0:00:31     301.7    461.06   21073.5       0.0                                0.00  
    0:00:32     307.0    457.93   21000.2       0.0 u_l1a/y_reg[4]/D               0.00  
    0:00:32     307.0    455.43   20895.4       0.0 u_l1b/y_reg[10]/D              0.00  
    0:00:32     307.2    452.93   20773.5       0.0 u_l1b/y_reg[6]/D               0.00  
    0:00:32     307.3    451.33   20712.1       0.0 u_l1a/y_reg[11]/D              0.00  
    0:00:32     307.1    448.51   20633.1       0.0 u_l1b/y_reg[7]/D               0.00  
    0:00:33     307.0    445.42   20549.8       0.0 u_l1b/y_reg[10]/D              0.00  
    0:00:33     307.1    442.95   20466.9       0.0 u_l1a/y_reg[10]/D              0.00  
    0:00:33     307.3    441.60   20403.9       0.0 u_l1b/y_reg[12]/D              0.00  
    0:00:33     307.2    440.66   20352.5       0.0 u_l1a/y_reg[14]/D              0.00  
    0:00:34     307.6    437.87   20195.0       0.0 u_l1a/y_reg[12]/D              0.00  
    0:00:34     307.7    436.42   20163.3       0.0 u_l1a/y_reg[6]/D               0.00  
    0:00:34     308.0    435.94   20158.7       0.0 u_l1a/y_reg[6]/D               0.00  
    0:00:34     308.4    435.10   20103.6       0.0 u_l1a/y_reg[14]/D              0.00  
    0:00:34     308.7    433.46   20118.1       0.0 u_l1a/y_reg[9]/D               0.00  
    0:00:34     309.0    432.44   20065.7       0.0 u_l1b/y_reg[10]/D              0.00  
    0:00:35     309.1    431.62   20036.1       0.0 u_l1a/y_reg[3]/D               0.00  
    0:00:35     309.6    430.41   20018.2       0.0 u_l1b/y_reg[7]/D               0.00  
    0:00:35     310.0    428.44   19914.6       0.0 u_l1a/y_reg[3]/D               0.00  
    0:00:35     310.1    425.71   19801.8       0.0 u_l1a/y_reg[3]/D               0.00  
    0:00:36     310.2    425.11   19782.1       0.0 u_l1a/y_reg[3]/D               0.00  
    0:00:36     310.2    424.52   19732.1       0.0 u_l1a/y_reg[3]/D               0.00  
    0:00:36     310.4    422.21   19616.8       0.0 u_l1b/y_reg[10]/D              0.00  
    0:00:36     310.4    421.12   19534.9       0.0 u_l1a/y_reg[3]/D               0.00  
    0:00:36     310.7    419.90   19479.8       0.0 u_l1a/y_reg[3]/D               0.00  
    0:00:37     310.9    419.14   19444.5       0.0 u_l1a/y_reg[14]/D              0.00  
    0:00:37     311.1    417.62   19323.7       0.0 u_l2/y_reg[8]/D                0.00  
    0:00:37     311.3    415.60   19259.1       0.0 u_l1a/y_reg[9]/D               0.00  
    0:00:37     311.3    414.76   19236.0       0.0 u_l1a/y_reg[9]/D               0.00  
    0:00:37     311.2    413.93   19191.0       0.0 u_l1b/y_reg[10]/D              0.00  
    0:00:37     311.4    412.44   19107.0       0.0 u_l1a/y_reg[9]/D               0.00  
    0:00:38     311.6    411.71   19083.6       0.0 u_l1a/y_reg[9]/D               0.00  
    0:00:38     311.7    411.27   19064.8       0.0 u_l1a/y_reg[3]/D               0.00  
    0:00:38     311.8    410.98   19045.1       0.0 u_l1a/y_reg[9]/D               0.00  
    0:00:38     311.9    410.66   19015.1       0.0 u_l1b/y_reg[10]/D              0.00  
    0:00:38     312.2    409.98   18986.7       0.0 u_l1a/y_reg[6]/D               0.00  
    0:00:38     312.3    408.54   18959.2       0.0 u_l1a/y_reg[3]/D               0.00  
    0:00:38     312.5    407.75   18892.3       0.0 u_l1a/y_reg[14]/D              0.00  
    0:00:39     313.1    406.77   18870.6       0.0 u_l1a/y_reg[3]/D               0.00  
    0:00:39     313.3    406.20   18849.4       0.0 u_l1a/y_reg[3]/D               0.00  
    0:00:39     313.4    405.16   18796.3       0.0 u_l1a/y_reg[9]/D               0.00  
    0:00:39     313.3    404.44   18714.4       0.0 u_l1a/y_reg[3]/D               0.00  
    0:00:39     313.3    403.97   18715.3       0.0 u_l1b/y_reg[10]/D              0.00  
    0:00:39     313.4    403.80   18699.1       0.0 u_l1a/y_reg[3]/D               0.00  
    0:00:40     313.5    401.60   18609.6       0.0 u_l1a/y_reg[3]/D               0.00  
    0:00:40     313.8    400.52   18563.4       0.0 u_l1a/y_reg[13]/D              0.00  
    0:00:40     313.9    399.25   18515.3       0.0 u_l1a/y_reg[3]/D               0.00  
    0:00:40     314.1    398.90   18510.5       0.0 u_l1a/y_reg[3]/D               0.00  
    0:00:40     314.0    398.67   18501.5       0.0 u_l1a/y_reg[3]/D               0.00  
    0:00:41     314.3    398.25   18439.9       0.0 u_l1a/y_reg[3]/D               0.00  
    0:00:41     314.2    397.97   18434.1       0.0 u_l1a/y_reg[3]/D               0.00  
    0:00:41     314.2    397.95   18430.6       0.0 u_l1a/y_reg[3]/D               0.00  
    0:00:41     314.3    397.22   18393.2       0.0 u_l1a/y_reg[3]/D               0.00  
    0:00:41     314.3    396.78   18375.1       0.0 u_l1a/y_reg[3]/D               0.00  
    0:00:41     314.7    395.35   18302.9       0.0 u_l1a/y_reg[3]/D               0.00  
    0:00:42     314.9    393.84   18238.0       0.0 u_l1a/y_reg[14]/D              0.00  
    0:00:42     315.0    393.12   18196.7       0.0 u_l1b/y_reg[7]/D               0.00  
    0:00:42     315.2    392.08   18162.9       0.0 u_l1b/y_reg[7]/D               0.00  
    0:00:42     315.2    391.25   18121.6       0.0 u_l1b/y_reg[10]/D              0.00  
    0:00:42     315.2    390.68   18104.1       0.0 u_l1b/y_reg[10]/D              0.00  
    0:00:42     315.3    389.94   18063.3       0.0 u_l1a/y_reg[6]/D               0.00  
    0:00:42     315.6    388.69   18033.8       0.0 u_l1a/y_reg[8]/D               0.00  
    0:00:42     315.6    388.33   18021.4       0.0 u_l1a/y_reg[9]/D               0.00  
    0:00:42     315.7    387.56   17966.3       0.0 u_l2/y_reg[12]/D               0.00  
    0:00:43     315.8    385.98   17895.6       0.0 u_l1b/y_reg[10]/D              0.00  
    0:00:43     315.8    385.33   17876.5       0.0 u_l1b/y_reg[10]/D              0.00  
    0:00:43     315.9    384.53   17830.7       0.0 u_l1a/y_reg[6]/D               0.00  
    0:00:43     315.8    383.32   17783.7       0.0 u_l1b/y_reg[10]/D              0.00  
    0:00:43     315.9    381.85   17607.6       0.0 u_l1b/y_reg[10]/D              0.00  
    0:00:43     316.2    380.53   17557.0       0.0 u_l1b/y_reg[10]/D              0.00  
    0:00:43     316.3    379.94   17530.7       0.0 u_l1a/y_reg[9]/D               0.00  
    0:00:43     316.3    379.13   17513.1       0.0 u_l1b/y_reg[10]/D              0.00  
    0:00:44     316.4    378.65   17505.9       0.0 u_l1b/y_reg[10]/D              0.00  
    0:00:44     316.5    378.18   17489.9       0.0 u_l1b/y_reg[10]/D              0.00  
    0:00:44     316.5    377.90   17478.5       0.0 u_l1a/y_reg[14]/D              0.00  
    0:00:44     316.5    376.86   17443.4       0.0 u_l2/y_reg[8]/D                0.00  
    0:00:44     316.6    375.81   17427.9       0.0 u_l1a/y_reg[9]/D               0.00  
    0:00:44     317.1    375.41   17400.4       0.0 u_l1a/y_reg[6]/D               0.00  
    0:00:44     317.2    374.33   17354.9       0.0 u_l1a/y_reg[3]/D               0.00  
    0:00:45     317.4    373.26   17305.5       0.0 u_l1b/y_reg[10]/D              0.00  
    0:00:45     317.7    372.45   17237.0       0.0 u_l1a/y_reg[14]/D              0.00  
    0:00:45     317.7    371.58   17205.6       0.0 u_l1a/y_reg[3]/D               0.00  
    0:00:45     317.9    371.24   17197.2       0.0 u_l1a/y_reg[14]/D              0.00  
    0:00:45     318.0    370.71   17163.9       0.0 u_l1b/y_reg[10]/D              0.00  
    0:00:45     318.2    370.40   17129.2       0.0 u_l1a/y_reg[3]/D               0.00  
    0:00:45     318.3    369.43   17110.8       0.0 u_l1b/y_reg[10]/D              0.00  
    0:00:45     318.4    368.81   17080.3       0.0 u_l1a/y_reg[14]/D              0.00  
    0:00:46     318.5    368.45   17060.7       0.0 u_l1a/y_reg[3]/D               0.00  
    0:00:46     318.7    367.85   17030.8       0.0 u_l1a/y_reg[3]/D               0.00  
    0:00:46     318.8    367.05   17005.3       0.0 u_l1a/y_reg[6]/D               0.00  
    0:00:46     319.3    366.48   16991.4       0.0 u_l2/y_reg[8]/D                0.00  
    0:00:46     319.5    365.69   16994.8       0.0 u_l1b/y_reg[10]/D              0.00  
    0:00:46     319.6    365.46   16970.1       0.0 u_l1a/y_reg[3]/D               0.00  
    0:00:46     319.6    364.95   16918.4       0.0 u_l1b/y_reg[10]/D              0.00  
    0:00:46     319.6    364.32   16891.6       0.0 u_l1b/y_reg[10]/D              0.00  
    0:00:46     319.5    363.99   16878.8       0.0 u_l1a/y_reg[3]/D               0.00  
    0:00:47     319.9    363.62   16868.8       0.0 u_l1b/y_reg[10]/D              0.00  
    0:00:47     320.0    363.13   16853.6       0.0 u_l1a/y_reg[6]/D               0.00  
    0:00:47     320.2    362.51   16830.6       0.0 u_l1a/y_reg[6]/D               0.00  
    0:00:47     320.3    361.94   16797.2       0.0 u_l1b/y_reg[9]/D               0.00  
    0:00:47     320.4    361.52   16779.6       0.0 u_l1b/y_reg[10]/D              0.00  
    0:00:47     320.6    361.24   16773.1       0.0 u_l1a/y_reg[3]/D               0.00  
    0:00:47     321.0    360.74   16704.9       0.0 u_l1a/y_reg[6]/D               0.00  
    0:00:47     321.3    360.25   16688.5       0.0 u_l1a/y_reg[14]/D              0.00  
    0:00:47     321.5    359.85   16707.5       0.0 u_l1b/y_reg[10]/D              0.00  
    0:00:47     321.5    359.58   16696.6       0.0 u_l1a/y_reg[3]/D               0.00  
    0:00:48     321.9    359.24   16666.8       0.0 u_l1b/y_reg[10]/D              0.00  
    0:00:48     321.9    359.06   16656.1       0.0 u_l1a/y_reg[3]/D               0.00  
    0:00:48     322.0    358.61   16648.4       0.0 u_l1a/y_reg[3]/D               0.00  
    0:00:48     321.9    358.36   16597.0       0.0 u_l1b/y_reg[10]/D              0.00  
    0:00:48     322.2    357.59   16588.9       0.0 u_l1b/y_reg[10]/D              0.00  
    0:00:48     322.3    356.58   16535.4       0.0 u_l1b/y_reg[9]/D               0.00  
    0:00:48     322.3    354.88   16459.3       0.0 u_l1a/y_reg[3]/D               0.00  
    0:00:48     322.4    354.44   16448.3       0.0 u_l1b/y_reg[10]/D              0.00  
    0:00:49     322.5    354.22   16436.3       0.0 u_l1b/y_reg[10]/D              0.00  
    0:00:49     322.7    353.88   16457.4       0.0 u_l1a/y_reg[3]/D               0.00  
    0:00:49     322.8    353.24   16437.9       0.0 u_l1a/y_reg[8]/D               0.00  
    0:00:49     322.8    353.02   16435.2       0.0 u_l1a/y_reg[8]/D               0.00  
    0:00:49     322.9    352.78   16414.5       0.0 u_l2/y_reg[12]/D               0.00  
    0:00:49     323.0    352.25   16390.2       0.0 u_l1b/y_reg[9]/D               0.00  
    0:00:49     323.2    351.62   16366.6       0.0 u_l1b/y_reg[10]/D              0.00  
    0:00:49     323.1    351.49   16354.4       0.0 u_l1b/y_reg[9]/D               0.00  
    0:00:49     323.3    351.00   16332.8       0.0 u_l1b/y_reg[9]/D               0.00  
    0:00:50     323.5    350.44   16312.0       0.0 u_l2/y_reg[8]/D                0.00  
    0:00:50     323.5    350.17   16303.8       0.0 u_l1b/y_reg[9]/D               0.00  
    0:00:50     323.8    349.93   16291.7       0.0 u_l1a/y_reg[14]/D              0.00  
    0:00:50     323.9    349.76   16268.2       0.0 u_l1b/y_reg[10]/D              0.00  
    0:00:50     324.0    349.52   16262.2       0.0 u_l1a/y_reg[14]/D              0.00  
    0:00:50     323.9    349.21   16242.2       0.0 u_l2/y_reg[8]/D                0.00  
    0:00:50     324.1    348.93   16226.8       0.0 u_l1b/y_reg[9]/D               0.00  
    0:00:50     324.1    348.43   16209.4       0.0 u_l2/y_reg[8]/D                0.00  
    0:00:50     324.1    348.09   16186.8       0.0 u_l2/y_reg[8]/D                0.00  
    0:00:50     324.2    347.71   16177.7       0.0 u_l1a/y_reg[9]/D               0.00  
    0:00:51     324.2    347.40   16161.6       0.0 u_l2/y_reg[8]/D                0.00  
    0:00:51     324.3    347.19   16144.0       0.0 u_l1a/y_reg[6]/D               0.00  
    0:00:51     324.1    347.06   16108.9       0.0 u_l1a/y_reg[6]/D               0.00  
    0:00:51     324.3    346.82   16104.9       0.0 u_l1a/y_reg[6]/D               0.00  
    0:00:51     324.3    346.50   16101.5       0.0 u_l1b/y_reg[9]/D               0.00  
    0:00:51     324.3    346.33   16094.7       0.0 u_l1a/y_reg[8]/D               0.00  
    0:00:51     324.3    346.13   16094.1       0.0 u_l1a/y_reg[6]/D               0.00  
    0:00:51     324.4    346.02   16088.6       0.0 u_l1a/y_reg[6]/D               0.00  
    0:00:51     324.4    345.91   16088.7       0.0 u_l1a/y_reg[9]/D               0.00  
    0:00:52     324.5    345.56   16074.3       0.0 u_l2/y_reg[8]/D                0.00  
    0:00:52     324.6    345.46   16068.7       0.0 u_l1a/y_reg[3]/D               0.00  
    0:00:52     324.8    345.27   16058.9       0.0 u_l1a/y_reg[14]/D              0.00  
    0:00:52     325.0    344.86   16050.7       0.0 u_l1b/y_reg[10]/D              0.00  
    0:00:52     325.0    344.74   16044.7       0.0 u_l1b/y_reg[9]/D               0.00  
    0:00:52     324.9    344.56   16026.0       0.0 u_l1a/y_reg[9]/D               0.00  
    0:00:52     324.9    344.52   16025.4       0.0 u_l1a/y_reg[6]/D               0.00  
    0:00:52     324.9    344.26   16008.2       0.0 u_l1b/y_reg[10]/D              0.00  
    0:00:52     324.8    343.85   15999.8       0.0 u_l1b/y_reg[10]/D              0.00  
    0:00:53     324.8    343.68   15997.5       0.0 u_l1b/y_reg[10]/D              0.00  
    0:00:53     324.3    343.54   15951.9       0.0 u_l1b/y_reg[9]/D               0.00  
    0:00:53     324.5    343.34   15939.0       0.0 u_l1b/y_reg[9]/D               0.00  
    0:00:53     324.5    342.96   15926.9       0.0 u_l1a/y_reg[6]/D               0.00  
    0:00:53     324.5    342.55   15918.4       0.0 u_l1b/y_reg[10]/D              0.00  
    0:00:53     324.5    342.05   15904.3       0.0 u_l1a/y_reg[6]/D               0.00  
    0:00:53     324.6    341.90   15897.5       0.0 u_l1a/y_reg[3]/D               0.00  
    0:00:53     324.6    341.82   15895.6       0.0 u_l1a/y_reg[9]/D               0.00  
    0:00:53     324.8    341.41   15884.4       0.0 u_l1b/y_reg[10]/D              0.00  
    0:00:54     325.1    341.09   15872.5       0.0 u_l1a/y_reg[3]/D               0.00  
    0:00:54     325.3    340.96   15870.9       0.0 u_l1a/y_reg[14]/D              0.00  
    0:00:54     325.3    340.85   15865.4       0.0 u_l1b/y_reg[10]/D              0.00  
    0:00:54     325.3    340.74   15854.7       0.0 u_l1a/y_reg[14]/D              0.00  
    0:00:54     325.2    340.74   15854.7       0.0                                0.00  
    0:00:55     325.2    340.74   15854.7       0.0                                0.00  
    0:00:55     320.1    340.74   15854.7       0.0                                0.00  


  Beginning Design Rule Fixing  (min_path)
  ----------------------------

                                  TOTAL                                                  
   ELAPSED            WORST NEG   SETUP    DESIGN                              MIN DELAY 
    TIME      AREA      SLACK     COST    RULE COST         ENDPOINT             COST    
  --------- --------- --------- --------- --------- ------------------------- -----------
    0:00:55     320.1    340.74   15854.7       0.0                               -3.05  
    0:00:56     320.1    340.71   15851.6       0.0                               -3.05  
    0:00:56     320.1    340.67   15843.0       0.0                               -3.05  
    0:00:56     320.3    340.15   15834.5       0.0                               -3.05  
    0:00:56     320.3    340.09   15821.3       0.0                               -3.05  
    0:00:56     320.3    339.90   15818.7       0.0                               -3.05  
    0:00:56     320.3    339.77   15805.2       0.0                               -3.05  
    0:00:57     320.5    339.56   15790.2       0.0                               -3.05  
    0:00:57     320.5    339.56   15775.7       0.0                               -3.05  
    0:00:57     320.5    339.52   15754.7       0.0                               -3.05  
    0:00:57     320.4    339.45   15750.1       0.0                               -3.05  
    0:00:57     320.4    338.99   15735.9       0.0                               -3.05  
    0:00:57     320.4    338.44   15694.7       0.0                               -3.05  
    0:00:58     320.5    338.32   15646.2       0.0                               -3.05  
    0:00:58     320.4    338.32   15639.4       0.0                               -3.05  
    0:00:58     320.5    338.32   15629.6       0.0                               -3.05  
    0:00:58     320.5    338.32   15609.4       0.0                               -3.05  
    0:00:58     320.5    338.32   15590.9       0.0                               -3.05  
    0:00:58     320.7    338.32   15583.9       0.0                               -3.05  
    0:00:59     320.8    338.32   15526.3       0.0                               -3.05  
    0:00:59     320.8    338.32   15505.6       0.0                               -3.05  
    0:00:59     320.8    338.32   15452.8       0.0                               -3.05  
    0:00:59     320.7    338.32   15448.1       0.0                               -3.05  
    0:00:59     320.9    338.32   15406.5       0.0                               -3.05  
    0:00:59     321.0    338.32   15359.2       0.0                               -3.05  
    0:00:59     321.1    338.32   15344.2       0.0                               -3.05  
    0:01:00     321.1    338.32   15326.8       0.0                               -3.05  
    0:01:00     321.1    338.32   15291.3       0.0                               -3.05  
    0:01:00     321.2    338.32   15261.6       0.0                               -3.05  
    0:01:00     321.4    338.32   15185.3       0.0                               -3.05  
    0:01:00     321.5    338.32   15153.2       0.0                               -3.05  


  Beginning Area-Recovery Phase  (cleanup)
  -----------------------------

                                  TOTAL                                                  
   ELAPSED            WORST NEG   SETUP    DESIGN                              MIN DELAY 
    TIME      AREA      SLACK     COST    RULE COST         ENDPOINT             COST    
  --------- --------- --------- --------- --------- ------------------------- -----------
    0:01:00     321.5    338.32   15153.2       0.0                               -3.05  
    0:01:00     321.5    338.32   15153.2       0.0                               -3.05  
    0:01:01     316.2    343.61   15255.1       0.0                               -3.05  
    0:01:01     315.4    342.75   15206.7       0.0                               -3.05  
    0:01:01     315.4    342.75   15208.7       0.0                               -3.05  
    0:01:01     315.3    342.75   15208.7       0.0                               -3.05  
    0:01:01     315.3    342.75   15208.7       0.0                               -3.05  
    0:01:01     315.3    342.75   15208.7       0.0                               -3.05  
    0:01:01     315.3    342.75   15208.7       0.0                               -3.05  
    0:01:01     310.2    355.15   15432.8       0.0                               -3.05  
    0:01:01     308.3    354.97   15582.4       0.0                               -3.05  
    0:01:01     307.9    354.97   15591.2       0.0                               -3.05  
    0:01:01     307.9    354.97   15591.2       0.0                               -3.05  
    0:01:01     307.9    354.97   15591.2       0.0                               -3.05  
    0:01:01     307.9    354.97   15591.2       0.0                               -3.05  
    0:01:01     307.9    354.97   15591.2       0.0                               -3.05  
    0:01:01     307.9    354.97   15591.2       0.0                               -3.05  
    0:01:02     308.4    344.53   15447.7       0.0 u_l1a/y_reg[9]/D              -3.05  
    0:01:02     308.5    343.19   15399.6       0.0 u_l1a/y_reg[3]/D              -3.05  
    0:01:02     308.5    342.51   15398.2       0.0 u_l1a/y_reg[14]/D             -3.05  
    0:01:02     308.5    342.23   15397.1       0.0 u_l1a/y_reg[14]/D             -3.05  
    0:01:03     308.6    342.14   15396.7       0.0                               -3.05  
    0:01:03     308.1    342.14   15390.1       0.0                               -3.05  
    0:01:03     307.3    341.76   15384.5       0.0                               -3.05  
    0:01:03     307.3    341.59   15381.8       0.0                                0.00  
    0:01:03     307.3    341.53   15377.9       0.0                                0.00  
    0:01:03     307.3    341.53   15372.1       0.0                                0.00  
    0:01:03     307.5    341.53   15346.0       0.0                                0.00  
    0:01:04     307.5    341.53   15342.7       0.0                                0.00  
    0:01:04     307.5    341.53   15332.6       0.0                                0.00  
    0:01:04     307.6    341.53   15330.0       0.0                                0.00  
    0:01:04     307.6    341.53   15326.3       0.0                                0.00  
    0:01:04     307.5    341.53   15282.7       0.0                                0.00  
    0:01:04     307.3    341.53   15274.9       0.0                                0.00  
    0:01:04     307.3    341.53   15236.5       0.0                                0.00  
    0:01:05     307.2    341.53   15226.1       0.0                                0.00  
    0:01:05     307.3    341.53   15214.3       0.0                                0.00  
    0:01:05     307.5    341.53   15197.3       0.0                                0.00  
    0:01:05     307.6    341.53   15173.2       0.0                                0.00  
    0:01:05     307.6    341.53   15170.1       0.0                                0.00  
    0:01:05     307.6    341.53   15169.1       0.0                                0.00  
    0:01:05     307.9    341.53   15142.9       0.0                                0.00  
    0:01:06     307.8    341.53   15133.5       0.0                                0.00  
    0:01:06     307.7    341.53   15124.7       0.0                                0.00  
    0:01:06     307.8    341.53   15113.0       0.0                                0.00  
    0:01:06     307.9    341.53   15072.9       0.0                                0.00  
    0:01:06     308.0    341.53   15048.8       0.0                                0.00  
    0:01:06     308.0    341.51   15039.2       0.0 u_l1a/y_reg[14]/D              0.00  
    0:01:07     308.0    341.07   15034.6       0.0 u_l1a/y_reg[14]/D              0.00  
    0:01:07     308.0    340.15   15025.6       0.0 u_l1a/y_reg[14]/D              0.00  
    0:01:07     308.0    339.68   15021.1       0.0 u_l1a/y_reg[14]/D              0.00  
    0:01:07     308.0    339.24   15014.8       0.0 u_l1a/y_reg[14]/D              0.00  
    0:01:07     308.1    338.63   15012.0       0.0 u_l1a/y_reg[6]/D               0.00  
    0:01:07     308.3    338.11   14998.7       0.0 u_l1a/y_reg[14]/D              0.00  
    0:01:07     308.3    337.93   14997.6       0.0 u_l1a/y_reg[14]/D              0.00  
    0:01:07     308.4    337.60   14992.2       0.0 u_l1a/y_reg[14]/D              0.00  
    0:01:08     308.5    337.28   14990.7       0.0 u_l1a/y_reg[3]/D               0.00  
    0:01:08     308.6    336.96   14988.0       0.0 u_l1a/y_reg[14]/D              0.00  
    0:01:08     308.7    336.40   14975.4       0.0 u_l1a/y_reg[9]/D               0.00  
    0:01:08     308.9    335.75   14937.5       0.0 u_l1b/y_reg[9]/D               0.00  
    0:01:08     309.0    335.32   14928.3       0.0 u_l1a/y_reg[14]/D              0.00  
    0:01:08     309.0    335.18   14927.3       0.0 u_l1a/y_reg[9]/D               0.00  
    0:01:09     309.0    335.01   14926.5       0.0                                0.00  
Loading db file '/thu-bloor/xinyao-w23/kvpim-rtl/third_party/asap7_lib/db/asap7sc7p5t_AO_RVT_TT_nldm_211120.db'
Loading db file '/thu-bloor/xinyao-w23/kvpim-rtl/third_party/asap7_lib/db/asap7sc7p5t_INVBUF_RVT_TT_nldm_211120.db'
Loading db file '/thu-bloor/xinyao-w23/kvpim-rtl/third_party/asap7_lib/db/asap7sc7p5t_OA_RVT_TT_nldm_211120.db'
Loading db file '/thu-bloor/xinyao-w23/kvpim-rtl/third_party/asap7_lib/db/asap7sc7p5t_SEQ_RVT_TT_nldm_220123.db'
Loading db file '/thu-bloor/xinyao-w23/kvpim-rtl/third_party/asap7_lib/db/asap7sc7p5t_SIMPLE_RVT_TT_nldm_211120.db'


Note: Symbol # after min delay cost means estimated hold TNS across all active scenarios 


  Optimization Complete
  ---------------------
1
if {$fix_hold} {
    compile -incremental -only_hold_time
}

Information: There are 63 potential problems in your design. Please run 'check_design' for more information. (LINT-99)



  Beginning Pass 1 Mapping  (Incremental)
  ------------------------

  Updating timing information
Information: Updating design information... (UID-85)

  Beginning Mapping Optimizations  (Incremental)
  -------------------------------

  Beginning Delay Optimization Phase
  ----------------------------------

                                  TOTAL                                                  
   ELAPSED            WORST NEG   SETUP    DESIGN                              MIN DELAY 
    TIME      AREA      SLACK     COST    RULE COST         ENDPOINT             COST    
  --------- --------- --------- --------- --------- ------------------------- -----------
    0:01:11     309.0    335.01   14926.5       0.0                                0.00  
    0:01:11     309.0    335.01   14926.5       0.0                                0.00  
    0:01:11     308.9    335.01   14926.5       0.0                                0.00  


  Beginning Design Rule Fixing  (min_path)
  ----------------------------

                                  TOTAL                                                  
   ELAPSED            WORST NEG   SETUP    DESIGN                              MIN DELAY 
    TIME      AREA      SLACK     COST    RULE COST         ENDPOINT             COST    
  --------- --------- --------- --------- --------- ------------------------- -----------
    0:01:12     308.9    335.01   14926.5       0.0                               -0.21  
    0:01:12     309.0    335.01   14926.5       0.0                                0.00  
Loading db file '/thu-bloor/xinyao-w23/kvpim-rtl/third_party/asap7_lib/db/asap7sc7p5t_AO_RVT_TT_nldm_211120.db'
Loading db file '/thu-bloor/xinyao-w23/kvpim-rtl/third_party/asap7_lib/db/asap7sc7p5t_INVBUF_RVT_TT_nldm_211120.db'
Loading db file '/thu-bloor/xinyao-w23/kvpim-rtl/third_party/asap7_lib/db/asap7sc7p5t_OA_RVT_TT_nldm_211120.db'
Loading db file '/thu-bloor/xinyao-w23/kvpim-rtl/third_party/asap7_lib/db/asap7sc7p5t_SEQ_RVT_TT_nldm_220123.db'
Loading db file '/thu-bloor/xinyao-w23/kvpim-rtl/third_party/asap7_lib/db/asap7sc7p5t_SIMPLE_RVT_TT_nldm_211120.db'


Note: Symbol # after min delay cost means estimated hold TNS across all active scenarios 


  Optimization Complete
  ---------------------
1
report_qor -nosplit > [file join $out_dir ${top_module}_qor.rpt]
report_area -hierarchy -nosplit > [file join $out_dir ${top_module}_area.rpt]
report_reference -hierarchy -nosplit > [file join $out_dir ${top_module}_references.rpt]
report_timing -delay_type max -max_paths 20 -nosplit > [file join $out_dir ${top_module}_timing.rpt]
report_timing -delay_type min -max_paths 20 -nosplit > [file join $out_dir ${top_module}_timing_hold.rpt]
report_power -nosplit > [file join $out_dir ${top_module}_power.rpt]
write -format verilog -hierarchy -output [file join $out_dir ${top_module}_mapped.v]
Writing verilog file '/thu-bloor/xinyao-w23/kvpim-rtl/syn/dc_0830-02/accbg_fugue_p769/accumulator_bg_mapped.v'.
Warning: Verilog 'assign' or 'tran' statements are written out. (VO-4)
Warning: Verilog writer has added 1 nets to module fp16_add_0 using SYNOPSYS_UNCONNECTED_ as prefix.  Please use the change_names command to make the correct changes before invoking the verilog writer.  (VO-11)
Warning: Verilog writer has added 1 nets to module fp16_add_2 using SYNOPSYS_UNCONNECTED_ as prefix.  Please use the change_names command to make the correct changes before invoking the verilog writer.  (VO-11)
Warning: Verilog writer has added 1 nets to module fp16_add_1 using SYNOPSYS_UNCONNECTED_ as prefix.  Please use the change_names command to make the correct changes before invoking the verilog writer.  (VO-11)
1
write_sdc [file join $out_dir ${top_module}.sdc]
1
quit

Thank you...
