/bin/sh: warning: setlocale: LC_ALL: cannot change locale (C.UTF-8)

                           Design Compiler Graphical 
                                 DC Ultra (TM)
                                  DFTMAX (TM)
                              Power Compiler (TM)
                                 DesignWare (R)
                                 DC Expert (TM)
                               Design Vision (TM)
                               HDL Compiler (TM)
                               VHDL Compiler (TM)
                                  DFT Compiler
                               Design Compiler(R)

              Version P-2019.03-SP5-6 for linux64 - Aug 20, 2020 

                    Copyright (c) 1988 - 2020 Synopsys, Inc.
   This software and the associated documentation are proprietary to Synopsys,
 Inc. This software may only be used in accordance with the terms and conditions
 of a written license agreement with Synopsys, Inc. All other use, reproduction,
            or distribution of this software is strictly prohibited.
Initializing...
# Per-component ASAP7 synthesis for the rtl/0830-02 snapshot.
# Same constraint recipe as run_dc_asap7.tcl (bundled ASAP7 RVT/TT NLDM
# standard-cell .db views; identical constraints across profiles) but with a
# profile table for the 0830-02 component set only.  No top-level synthesis:
# each hardware level's overhead is rolled up from these component areas
# (docs/0830-02/Hardware_Overhead_Breakdown.md).
#
# Example (from syn/):
#   . /home/common/profile_synopsys
#   SYN_PROFILE=gemv SYN_TOP=gemv_unit SYN_TAG=gemv_attacc #     SYN_PERIOD_NS=1.5015015 dc_shell -f run_dc_asap7_0830-02.tcl
set script_dir [file dirname [file normalize [info script]]]
/thu-bloor/xinyao-w23/kvpim-rtl/syn
set root_dir   [file normalize [file join $script_dir ..]]
/thu-bloor/xinyao-w23/kvpim-rtl
set lib_dir    [file join $root_dir third_party asap7_lib db]
/thu-bloor/xinyao-w23/kvpim-rtl/third_party/asap7_lib/db
set sram_dir   [file join $root_dir third_party asap7 asap7_sram_0p0 generated]
/thu-bloor/xinyao-w23/kvpim-rtl/third_party/asap7/asap7_sram_0p0/generated
proc envdef {name default} {
    return [expr {[info exists ::env($name)] ? $::env($name) : $default}]
}
set rtl_dir [envdef SYN_RTL_DIR [file join $root_dir rtl 0830-02]]
/thu-bloor/xinyao-w23/kvpim-rtl/rtl/0830-02
if {[file pathtype $rtl_dir] ne "absolute"} {
    set from_script_dir [file normalize [file join $script_dir $rtl_dir]]
    if {[file isdirectory $from_script_dir]} {
        set rtl_dir $from_script_dir
    } else {
        set rtl_dir [file normalize [file join $root_dir $rtl_dir]]
    }
}
set top_module [envdef SYN_TOP gemv_unit]
attacc_hbm_ctrl_top
set profile    [envdef SYN_PROFILE gemv]
ctrl_attacc
set tag        [envdef SYN_TAG $top_module]
ctrl_attacc_p1501
set period_ns  [envdef SYN_PERIOD_NS 1.5015015]
1.5015015
set max_cores  [envdef SYN_MAX_CORES 4]
4
set io_delay_ratio [envdef SYN_IO_DELAY_RATIO 0.30]
0.3
set fix_hold   [envdef SYN_FIX_HOLD 1]
1
set period     [expr {$period_ns * 1000.0}]
1501.5015
set out_root   [envdef SYN_OUT_ROOT dc_0830-02]
/thu-bloor/xinyao-w23/kvpim-rtl/syn/dc_0830-02
if {[file pathtype $out_root] ne "absolute"} {
    set out_root [file join $script_dir $out_root]
}
set out_dir    [file join $out_root $tag]
/thu-bloor/xinyao-w23/kvpim-rtl/syn/dc_0830-02/ctrl_attacc_p1501
file mkdir $out_dir
set target_library [glob -nocomplain [file join $lib_dir *.db]]
/thu-bloor/xinyao-w23/kvpim-rtl/third_party/asap7_lib/db/asap7sc7p5t_AO_RVT_TT_nldm_211120.db /thu-bloor/xinyao-w23/kvpim-rtl/third_party/asap7_lib/db/asap7sc7p5t_INVBUF_RVT_TT_nldm_211120.db /thu-bloor/xinyao-w23/kvpim-rtl/third_party/asap7_lib/db/asap7sc7p5t_OA_RVT_TT_nldm_211120.db /thu-bloor/xinyao-w23/kvpim-rtl/third_party/asap7_lib/db/asap7sc7p5t_SEQ_RVT_TT_nldm_220123.db /thu-bloor/xinyao-w23/kvpim-rtl/third_party/asap7_lib/db/asap7sc7p5t_SIMPLE_RVT_TT_nldm_211120.db
if {[llength $target_library] == 0} {
    error "No ASAP7 .db views in $lib_dir"
}
set link_library "* $target_library"
* /thu-bloor/xinyao-w23/kvpim-rtl/third_party/asap7_lib/db/asap7sc7p5t_AO_RVT_TT_nldm_211120.db /thu-bloor/xinyao-w23/kvpim-rtl/third_party/asap7_lib/db/asap7sc7p5t_INVBUF_RVT_TT_nldm_211120.db /thu-bloor/xinyao-w23/kvpim-rtl/third_party/asap7_lib/db/asap7sc7p5t_OA_RVT_TT_nldm_211120.db /thu-bloor/xinyao-w23/kvpim-rtl/third_party/asap7_lib/db/asap7sc7p5t_SEQ_RVT_TT_nldm_220123.db /thu-bloor/xinyao-w23/kvpim-rtl/third_party/asap7_lib/db/asap7sc7p5t_SIMPLE_RVT_TT_nldm_211120.db
set search_path [list $rtl_dir $lib_dir $sram_dir [file join $sram_dir verilog]]
/thu-bloor/xinyao-w23/kvpim-rtl/rtl/0830-02 /thu-bloor/xinyao-w23/kvpim-rtl/third_party/asap7_lib/db /thu-bloor/xinyao-w23/kvpim-rtl/third_party/asap7/asap7_sram_0p0/generated /thu-bloor/xinyao-w23/kvpim-rtl/third_party/asap7/asap7_sram_0p0/generated/verilog
set_host_options -max_cores $max_cores
1
# Link the compiled ASAP7 SRAM macro .db views (compile_asap7_sram_libs.tcl).
proc enable_asap7_sram {sram_dir} {
    global target_library link_library
    foreach name {srambank_64x4x16_6t122 srambank_64x4x32_6t122 srambank_64x4x80_6t122                   srambank_256x4x32_6t122 srambank_256x4x80_6t122 srambank_256x4x64_6t122} {
        set db [file join $sram_dir db ${name}.db]
        if {[file exists $db]} {
            lappend target_library $db
        }
    }
    if {![file exists [file join $sram_dir db srambank_64x4x16_6t122.db]]} {
        error "Missing SRAM DB views in $sram_dir/db. Run compile_asap7_sram_libs.tcl first."
    }
    set link_library "* $target_library"
}
# ---------------------------------------------------------------------------
# Profiles: RTL needed for each component (per docs/Hardware Overhead.md and
# the Fugue paper Sec. 4.3).  Frequencies are set by the driver script.
# ---------------------------------------------------------------------------
switch -- $profile {
    gemv {
        # Bank level: one GEMV unit (16 FP16 mult + 16 dual-mode FP16 add +
        # double-buffered 16x256b vector buffer + control unit).  The buffer
        # is the ASAP7 SRAM-macro implementation (2 groups x 16 x 256x16b).
        enable_asap7_sram $sram_dir
        set sources [list fp16_mult.sv fp16_add.sv dbuf_16x256_asap7.sv gemv_unit.sv]
    }
    dbuf {
        # The double-buffered GEMV buffer alone (breakdown term), macro-backed.
        enable_asap7_sram $sram_dir
        set sources [list dbuf_16x256_asap7.sv]
    }
    gemv_flop {
        # Reference point: the same GEMV unit with the flop-based buffer.
        set sources [list fp16_mult.sv fp16_add.sv dbuf_16x256.sv gemv_unit.sv]
    }
    accum_bg {
        # BG level: 4->1 FP16 accumulator with bypass/sum modes.
        set sources [list fp16_add.sv accumulator_bg.sv]
    }
    accum_buf_bg {
        # BG level: the accumulator buffer on one 256x16 ASAP7 macro.
        # Tops: accum_buffer_bg_attacc (8 x FP16, one query in flight) /
        #       accum_buffer_bg_fugue (64 x FP16 = n_cap(8) resident queries
        #       x 8-slot staging each; multi-Q over one shared K column).
        enable_asap7_sram $sram_dir
        set sources [list accum_buffer_bg.sv]
    }
    accum_logic {
        # Logic die: one per-channel context accumulator (16 lanes x 4 words).
        set sources [list fp16_add.sv accumulator_logic.sv]
    }
    diff_channel {
        # Logic die (Fugue): one per-channel D_i map / diff decoder.
        set sources [list fugue_pkg.sv diff_decoder.sv diff_decoder_channel_dc_top.sv]
    }
    causal_cmp {
        # Logic die (Fugue): one per-channel causal comparator.
        set sources [list causal_comparator.sv]
    }
    rope {
        # Ablation only ("Fugue with on-die RoPE"); the paper's die does NOT
        # carry rotation logic (RoPE runs on the GPU, Sec. 4.2).
        set sources [list bf16_mult.sv bf16_add.sv sincos_bf16.sv rotate_q_bf16.sv]
    }
    kvtlb {
        # Controller breakdown term: the KV segment TLB alone.
        set sources [list kv_tlb_pkg.sv kv_seg_tlb.sv kv_ptw.sv kv_scan_planner.sv kv_tlb_top.sv]
    }
    ctrl_attacc {
        # HBM controller, AttAcc: instr queue/decoder + config memory +
        # addr-gen/DRAM FSM + DMA engine + direct address path.
        set sources [list fugue_pkg.sv kv_tlb_pkg.sv attacc_controller.sv             direct_addr_plan.sv dma_engine.sv attacc_hbm_ctrl_top.sv]
    }
    ctrl_fugue {
        # HBM controller, Fugue: same core + DMA + the KV segment TLB
        # (diff-block address management).
        set sources [list fugue_pkg.sv kv_tlb_pkg.sv attacc_controller.sv             kv_seg_tlb.sv kv_ptw.sv kv_scan_planner.sv kv_tlb_top.sv             dma_engine.sv fugue_hbm_ctrl_top.sv]
    }
    softmax_pe {
        # Reference only: softmax_pe already met 699 ps in dc_0830-01
        # (setup/hold clean), which covers the 1.3 GHz (769 ps) requirement;
        # re-synthesis is NOT needed.
        set sources [list fp32_add.sv fp32_exp.sv fp32_mul.sv softmax_pe.sv]
    }
    fp32_recip {
        # The one softmax leaf missing from dc_0830-01 (one per channel
        # engine); synthesized once at the softmax clock for the roll-up.
        set sources [list fp32_recip.sv]
    }
    default { error "Unknown SYN_PROFILE=$profile" }
}
fugue_pkg.sv kv_tlb_pkg.sv attacc_controller.sv direct_addr_plan.sv dma_engine.sv attacc_hbm_ctrl_top.sv
set src_paths {}
foreach source $sources { lappend src_paths [file join $rtl_dir $source] }
define_design_lib WORK -path [file join $out_dir WORK]
1
analyze -format sverilog $src_paths
Running PRESTO HDLC
Compiling source file /thu-bloor/xinyao-w23/kvpim-rtl/rtl/0830-02/fugue_pkg.sv
Compiling source file /thu-bloor/xinyao-w23/kvpim-rtl/rtl/0830-02/kv_tlb_pkg.sv
Compiling source file /thu-bloor/xinyao-w23/kvpim-rtl/rtl/0830-02/attacc_controller.sv
Warning:  /thu-bloor/xinyao-w23/kvpim-rtl/rtl/0830-02/kv_tlb_pkg.sv:120: signed to unsigned conversion occurs. (VER-318)
Compiling source file /thu-bloor/xinyao-w23/kvpim-rtl/rtl/0830-02/direct_addr_plan.sv
Compiling source file /thu-bloor/xinyao-w23/kvpim-rtl/rtl/0830-02/dma_engine.sv
Compiling source file /thu-bloor/xinyao-w23/kvpim-rtl/rtl/0830-02/attacc_hbm_ctrl_top.sv
Presto compilation completed successfully.
Loading db file '/thu-bloor/xinyao-w23/kvpim-rtl/third_party/asap7_lib/db/asap7sc7p5t_AO_RVT_TT_nldm_211120.db'
Loading db file '/thu-bloor/xinyao-w23/kvpim-rtl/third_party/asap7_lib/db/asap7sc7p5t_INVBUF_RVT_TT_nldm_211120.db'
Loading db file '/thu-bloor/xinyao-w23/kvpim-rtl/third_party/asap7_lib/db/asap7sc7p5t_OA_RVT_TT_nldm_211120.db'
Loading db file '/thu-bloor/xinyao-w23/kvpim-rtl/third_party/asap7_lib/db/asap7sc7p5t_SEQ_RVT_TT_nldm_220123.db'
Loading db file '/thu-bloor/xinyao-w23/kvpim-rtl/third_party/asap7_lib/db/asap7sc7p5t_SIMPLE_RVT_TT_nldm_211120.db'
1
elaborate $top_module
Loading db file '/usr/local/bin/Synopsys/syn/P-2019.03-SP5-6/libraries/syn/gtech.db'
Loading db file '/usr/local/bin/Synopsys/syn/P-2019.03-SP5-6/libraries/syn/standard.sldb'
  Loading link library 'asap7sc7p5t_AO_RVT_TT_nldm_211120'
  Loading link library 'asap7sc7p5t_INVBUF_RVT_TT_nldm_211120'
  Loading link library 'asap7sc7p5t_OA_RVT_TT_nldm_211120'
  Loading link library 'asap7sc7p5t_SEQ_RVT_TT_nldm_220123'
  Loading link library 'asap7sc7p5t_SIMPLE_RVT_TT_nldm_211120'
  Loading link library 'gtech'
Running PRESTO HDLC
Presto compilation completed successfully. (attacc_hbm_ctrl_top)
Elaborated 1 design.
Current design is now 'attacc_hbm_ctrl_top'.
Information: Building the design 'attacc_controller'. (HDL-193)
Warning:  /thu-bloor/xinyao-w23/kvpim-rtl/rtl/0830-02/attacc_controller.sv:267: signed to unsigned conversion occurs. (VER-318)
Warning:  /thu-bloor/xinyao-w23/kvpim-rtl/rtl/0830-02/attacc_controller.sv:269: signed to unsigned conversion occurs. (VER-318)
Warning:  /thu-bloor/xinyao-w23/kvpim-rtl/rtl/0830-02/attacc_controller.sv:299: signed to unsigned conversion occurs. (VER-318)
Warning:  /thu-bloor/xinyao-w23/kvpim-rtl/rtl/0830-02/attacc_controller.sv:464: signed to unsigned assignment occurs. (VER-318)

Statistics for case statements in always block at line 239 in file
	'/thu-bloor/xinyao-w23/kvpim-rtl/rtl/0830-02/attacc_controller.sv'
===============================================
|           Line           |  full/ parallel  |
===============================================
|           294            |    user/user     |
|           300            |    user/user     |
===============================================

Inferred memory devices in process
	in routine attacc_controller line 128 in file
		'/thu-bloor/xinyao-w23/kvpim-rtl/rtl/0830-02/attacc_controller.sv'.
===============================================================================
|    Register Name    |   Type    | Width | Bus | MB | AR | AS | SR | SS | ST |
===============================================================================
|  req_rd_len_q_reg   | Flip-flop |  16   |  Y  | N  | N  | N  | N  | N  | N  |
===============================================================================

Inferred memory devices in process
	in routine attacc_controller line 239 in file
		'/thu-bloor/xinyao-w23/kvpim-rtl/rtl/0830-02/attacc_controller.sv'.
================================================================================
|    Register Name     |   Type    | Width | Bus | MB | AR | AS | SR | SS | ST |
================================================================================
|     fifo_mem_reg     | Flip-flop |  592  |  Y  | N  | N  | N  | N  | N  | N  |
|      state_reg       | Flip-flop |   5   |  Y  | N  | Y  | N  | N  | N  | N  |
|      wr_ptr_reg      | Flip-flop |   3   |  Y  | N  | Y  | N  | N  | N  | N  |
|      rd_ptr_reg      | Flip-flop |   3   |  Y  | N  | Y  | N  | N  | N  | N  |
|       cnt_reg        | Flip-flop |   4   |  Y  | N  | Y  | N  | N  | N  | N  |
|       cur_reg        | Flip-flop |  56   |  Y  | N  | Y  | N  | N  | N  | N  |
|       cfg_reg        | Flip-flop |  179  |  Y  | N  | Y  | N  | N  | N  | N  |
|  req_len_table_reg   | Flip-flop |  512  |  Y  | N  | Y  | N  | N  | N  | N  |
|    open_valid_reg    | Flip-flop |  16   |  Y  | N  | Y  | N  | N  | N  | N  |
|     open_row_reg     | Flip-flop |  256  |  Y  | N  | Y  | N  | N  | N  | N  |
|     tmr_rcd_reg      | Flip-flop |   6   |  Y  | N  | Y  | N  | N  | N  | N  |
|      tmr_rp_reg      | Flip-flop |   6   |  Y  | N  | Y  | N  | N  | N  | N  |
|     tmr_ras_reg      | Flip-flop |   6   |  Y  | N  | Y  | N  | N  | N  | N  |
|     tmr_ccd_reg      | Flip-flop |   6   |  Y  | N  | Y  | N  | N  | N  | N  |
|      n_runs_reg      | Flip-flop |   5   |  Y  | N  | Y  | N  | N  | N  | N  |
|    total_rows_reg    | Flip-flop |   9   |  Y  | N  | Y  | N  | N  | N  | N  |
|   run_overflow_reg   | Flip-flop |   1   |  N  | N  | Y  | N  | N  | N  | N  |
|   runbuf_count_reg   | Flip-flop |  256  |  Y  | N  | Y  | N  | N  | N  | N  |
|   runbuf_base_reg    | Flip-flop |  544  |  Y  | N  | Y  | N  | N  | N  | N  |
|   mac_is_score_reg   | Flip-flop |   1   |  N  | N  | N  | Y  | N  | N  | N  |
|     nb_score_reg     | Flip-flop |   8   |  Y  | N  | Y  | N  | N  | N  | N  |
|     nb_score_reg     | Flip-flop |   1   |  N  | N  | N  | Y  | N  | N  | N  |
|     run_idx_reg      | Flip-flop |   5   |  Y  | N  | Y  | N  | N  | N  | N  |
|    row_in_run_reg    | Flip-flop |  16   |  Y  | N  | Y  | N  | N  | N  | N  |
|     col_cnt_reg      | Flip-flop |   4   |  Y  | N  | Y  | N  | N  | N  | N  |
|      chunk_reg       | Flip-flop |   5   |  Y  | N  | Y  | N  | N  | N  | N  |
|     cur_addr_reg     | Flip-flop |  34   |  Y  | N  | Y  | N  | N  | N  | N  |
|     r_pos_lo_reg     | Flip-flop |  16   |  Y  | N  | Y  | N  | N  | N  | N  |
|     r_pos_hi_reg     | Flip-flop |  16   |  Y  | N  | Y  | N  | N  | N  | N  |
|       r_op_reg       | Flip-flop |   1   |  N  | N  | Y  | N  | N  | N  | N  |
|       r_op_reg       | Flip-flop |   1   |  N  | N  | N  | Y  | N  | N  | N  |
|  plan_finished_reg   | Flip-flop |   1   |  N  | N  | Y  | N  | N  | N  | N  |
|   plan_faulted_reg   | Flip-flop |   1   |  N  | N  | Y  | N  | N  | N  | N  |
|    addr_fault_reg    | Flip-flop |   1   |  N  | N  | Y  | N  | N  | N  | N  |
|     dram_cmd_reg     | Flip-flop |   3   |  Y  | N  | Y  | N  | N  | N  | N  |
|    dram_bank_reg     | Flip-flop |   4   |  Y  | N  | Y  | N  | N  | N  | N  |
|     dram_row_reg     | Flip-flop |  16   |  Y  | N  | Y  | N  | N  | N  | N  |
|     dram_col_reg     | Flip-flop |   6   |  Y  | N  | Y  | N  | N  | N  | N  |
| gemv_pass_start_reg  | Flip-flop |   1   |  N  | N  | Y  | N  | N  | N  | N  |
| gemv_op_is_score_reg | Flip-flop |   1   |  N  | N  | N  | Y  | N  | N  | N  |
|  gemv_num_beats_reg  | Flip-flop |   9   |  Y  | N  | Y  | N  | N  | N  | N  |
|   gemv_acc_clr_reg   | Flip-flop |   1   |  N  | N  | Y  | N  | N  | N  | N  |
|   gemv_vec_wr_reg    | Flip-flop |   1   |  N  | N  | Y  | N  | N  | N  | N  |
|  gemv_vec_addr_reg   | Flip-flop |   4   |  Y  | N  | Y  | N  | N  | N  | N  |
|  gemv_vec_swap_reg   | Flip-flop |   1   |  N  | N  | Y  | N  | N  | N  | N  |
|    sfm_start_reg     | Flip-flop |   1   |  N  | N  | Y  | N  | N  | N  | N  |
|   mv_sb_start_reg    | Flip-flop |   1   |  N  | N  | Y  | N  | N  | N  | N  |
|   rd_sb_start_reg    | Flip-flop |   1   |  N  | N  | Y  | N  | N  | N  | N  |
|   rotate_start_reg   | Flip-flop |   1   |  N  | N  | Y  | N  | N  | N  | N  |
|    rotate_pos_reg    | Flip-flop |  16   |  Y  | N  | Y  | N  | N  | N  | N  |
|    meta_wr_en_reg    | Flip-flop |   1   |  N  | N  | Y  | N  | N  | N  | N  |
|   meta_wr_idx_reg    | Flip-flop |   7   |  Y  | N  | Y  | N  | N  | N  | N  |
| meta_wr_channel_reg  | Flip-flop |   4   |  Y  | N  | Y  | N  | N  | N  | N  |
|   meta_wr_mask_reg   | Flip-flop |  16   |  Y  | N  | Y  | N  | N  | N  | N  |
================================================================================
Statistics for MUX_OPs
===========================================================
|   block name/line     | Inputs | Outputs | # sel inputs |
===========================================================
| attacc_controller/128 |   32   |   16    |      5       |
| attacc_controller/143 |   8    |   39    |      3       |
| attacc_controller/206 |   16   |   34    |      4       |
| attacc_controller/207 |   16   |   16    |      4       |
| attacc_controller/298 |   8    |   56    |      3       |
| attacc_controller/168 |   16   |    1    |      4       |
| attacc_controller/168 |   16   |   16    |      4       |
| attacc_controller/493 |   16   |   34    |      4       |
===========================================================
Presto compilation completed successfully. (attacc_controller)
Information: Building the design 'direct_addr_plan'. (HDL-193)

Statistics for case statements in always block at line 35 in file
	'/thu-bloor/xinyao-w23/kvpim-rtl/rtl/0830-02/direct_addr_plan.sv'
===============================================
|           Line           |  full/ parallel  |
===============================================
|            39            |    user/user     |
===============================================

Inferred memory devices in process
	in routine direct_addr_plan line 35 in file
		'/thu-bloor/xinyao-w23/kvpim-rtl/rtl/0830-02/direct_addr_plan.sv'.
===============================================================================
|    Register Name    |   Type    | Width | Bus | MB | AR | AS | SR | SS | ST |
===============================================================================
|    run_count_reg    | Flip-flop |  16   |  Y  | N  | Y  | N  | N  | N  | N  |
|      state_reg      | Flip-flop |   2   |  Y  | N  | Y  | N  | N  | N  | N  |
|  run_key_base_reg   | Flip-flop |  34   |  Y  | N  | Y  | N  | N  | N  | N  |
===============================================================================
Presto compilation completed successfully. (direct_addr_plan)
Information: Building the design 'dma_engine' instantiated from design 'attacc_hbm_ctrl_top' with
	the parameters "ADDR_W=34". (HDL-193)

Inferred memory devices in process
	in routine dma_engine_ADDR_W34 line 66 in file
		'/thu-bloor/xinyao-w23/kvpim-rtl/rtl/0830-02/dma_engine.sv'.
===============================================================================
|    Register Name    |   Type    | Width | Bus | MB | AR | AS | SR | SS | ST |
===============================================================================
|      fifo_reg       | Flip-flop | 1024  |  Y  | N  | Y  | N  | N  | N  | N  |
|      src_q_reg      | Flip-flop |  34   |  Y  | N  | Y  | N  | N  | N  | N  |
|      dst_q_reg      | Flip-flop |  34   |  Y  | N  | Y  | N  | N  | N  | N  |
|      len_q_reg      | Flip-flop |  16   |  Y  | N  | Y  | N  | N  | N  | N  |
|    rd_issued_reg    | Flip-flop |  16   |  Y  | N  | Y  | N  | N  | N  | N  |
|   wr_done_cnt_reg   | Flip-flop |  16   |  Y  | N  | Y  | N  | N  | N  | N  |
|     active_reg      | Flip-flop |   1   |  N  | N  | Y  | N  | N  | N  | N  |
|      done_reg       | Flip-flop |   1   |  N  | N  | Y  | N  | N  | N  | N  |
|      f_wr_reg       | Flip-flop |   2   |  Y  | N  | Y  | N  | N  | N  | N  |
|      f_rd_reg       | Flip-flop |   2   |  Y  | N  | Y  | N  | N  | N  | N  |
|      f_cnt_reg      | Flip-flop |   3   |  Y  | N  | Y  | N  | N  | N  | N  |
|    inflight_reg     | Flip-flop |   3   |  Y  | N  | Y  | N  | N  | N  | N  |
===============================================================================
Statistics for MUX_OPs
============================================================
|    block name/line     | Inputs | Outputs | # sel inputs |
============================================================
| dma_engine_ADDR_W34/60 |   4    |   256   |      2       |
============================================================
Presto compilation completed successfully. (dma_engine_ADDR_W34)
1
current_design $top_module
Current design is 'attacc_hbm_ctrl_top'.
{attacc_hbm_ctrl_top}
link

  Linking design 'attacc_hbm_ctrl_top'
  Using the following designs and libraries:
  --------------------------------------------------------------------------
  * (4 designs)               /thu-bloor/xinyao-w23/kvpim-rtl/syn/attacc_hbm_ctrl_top.db, etc
  asap7sc7p5t_AO_RVT_TT_nldm_211120 (library) /thu-bloor/xinyao-w23/kvpim-rtl/third_party/asap7_lib/db/asap7sc7p5t_AO_RVT_TT_nldm_211120.db
  asap7sc7p5t_INVBUF_RVT_TT_nldm_211120 (library) /thu-bloor/xinyao-w23/kvpim-rtl/third_party/asap7_lib/db/asap7sc7p5t_INVBUF_RVT_TT_nldm_211120.db
  asap7sc7p5t_OA_RVT_TT_nldm_211120 (library) /thu-bloor/xinyao-w23/kvpim-rtl/third_party/asap7_lib/db/asap7sc7p5t_OA_RVT_TT_nldm_211120.db
  asap7sc7p5t_SEQ_RVT_TT_nldm_220123 (library) /thu-bloor/xinyao-w23/kvpim-rtl/third_party/asap7_lib/db/asap7sc7p5t_SEQ_RVT_TT_nldm_220123.db
  asap7sc7p5t_SIMPLE_RVT_TT_nldm_211120 (library) /thu-bloor/xinyao-w23/kvpim-rtl/third_party/asap7_lib/db/asap7sc7p5t_SIMPLE_RVT_TT_nldm_211120.db

1
create_clock -name clk -period $period [get_ports clk]
1
set_clock_uncertainty 50.0 [get_clocks clk]
1
set_clock_transition 20.0 [get_clocks clk]
1
set clock_reset_ports [get_ports {clk rst_n}]
{clk rst_n}
set data_ports [remove_from_collection [all_inputs] $clock_reset_ports]
{instr_valid instr_word[73] instr_word[72] instr_word[71] instr_word[70] instr_word[69] instr_word[68] instr_word[67] instr_word[66] instr_word[65] instr_word[64] instr_word[63] instr_word[62] instr_word[61] instr_word[60] instr_word[59] instr_word[58] instr_word[57] instr_word[56] instr_word[55] instr_word[54] instr_word[53] instr_word[52] instr_word[51] instr_word[50] instr_word[49] instr_word[48] instr_word[47] instr_word[46] instr_word[45] instr_word[44] instr_word[43] instr_word[42] instr_word[41] instr_word[40] instr_word[39] instr_word[38] instr_word[37] instr_word[36] instr_word[35] instr_word[34] instr_word[33] instr_word[32] instr_word[31] instr_word[30] instr_word[29] instr_word[28] instr_word[27] instr_word[26] instr_word[25] instr_word[24] instr_word[23] instr_word[22] instr_word[21] instr_word[20] instr_word[19] instr_word[18] instr_word[17] instr_word[16] instr_word[15] instr_word[14] instr_word[13] instr_word[12] instr_word[11] instr_word[10] instr_word[9] instr_word[8] instr_word[7] instr_word[6] instr_word[5] instr_word[4] instr_word[3] instr_word[2] instr_word[1] instr_word[0] req_rd_idx[4] req_rd_idx[3] req_rd_idx[2] req_rd_idx[1] req_rd_idx[0] dma_desc_valid dma_desc_src[33] dma_desc_src[32] dma_desc_src[31] dma_desc_src[30] dma_desc_src[29] dma_desc_src[28] dma_desc_src[27] dma_desc_src[26] dma_desc_src[25] dma_desc_src[24] dma_desc_src[23] dma_desc_src[22] dma_desc_src[21] dma_desc_src[20] dma_desc_src[19] dma_desc_src[18] dma_desc_src[17] dma_desc_src[16] dma_desc_src[15] ...}
set_input_delay [expr {$period * $io_delay_ratio}] -clock clk $data_ports
1
set_output_delay [expr {$period * $io_delay_ratio}] -clock clk [all_outputs]
1
set_driving_cell -lib_cell BUFx2_ASAP7_75t_R $data_ports
Warning: Design rule attributes from the driving cell will be
	set on the port. (UID-401)
Warning: Design rule attributes from the driving cell will be
	set on the port. (UID-401)
Warning: Design rule attributes from the driving cell will be
	set on the port. (UID-401)
Warning: Design rule attributes from the driving cell will be
	set on the port. (UID-401)
Warning: Design rule attributes from the driving cell will be
	set on the port. (UID-401)
Warning: Design rule attributes from the driving cell will be
	set on the port. (UID-401)
Warning: Design rule attributes from the driving cell will be
	set on the port. (UID-401)
Warning: Design rule attributes from the driving cell will be
	set on the port. (UID-401)
Warning: Design rule attributes from the driving cell will be
	set on the port. (UID-401)
Warning: Design rule attributes from the driving cell will be
	set on the port. (UID-401)
Warning: Design rule attributes from the driving cell will be
	set on the port. (UID-401)
Warning: Design rule attributes from the driving cell will be
	set on the port. (UID-401)
Warning: Design rule attributes from the driving cell will be
	set on the port. (UID-401)
Warning: Design rule attributes from the driving cell will be
	set on the port. (UID-401)
Warning: Design rule attributes from the driving cell will be
	set on the port. (UID-401)
Warning: Design rule attributes from the driving cell will be
	set on the port. (UID-401)
Warning: Design rule attributes from the driving cell will be
	set on the port. (UID-401)
Warning: Design rule attributes from the driving cell will be
	set on the port. (UID-401)
Warning: Design rule attributes from the driving cell will be
	set on the port. (UID-401)
Warning: Design rule attributes from the driving cell will be
	set on the port. (UID-401)
Warning: Design rule attributes from the driving cell will be
	set on the port. (UID-401)
Warning: Design rule attributes from the driving cell will be
	set on the port. (UID-401)
Warning: Design rule attributes from the driving cell will be
	set on the port. (UID-401)
Warning: Design rule attributes from the driving cell will be
	set on the port. (UID-401)
Warning: Design rule attributes from the driving cell will be
	set on the port. (UID-401)
Warning: Design rule attributes from the driving cell will be
	set on the port. (UID-401)
Warning: Design rule attributes from the driving cell will be
	set on the port. (UID-401)
Warning: Design rule attributes from the driving cell will be
	set on the port. (UID-401)
Warning: Design rule attributes from the driving cell will be
	set on the port. (UID-401)
Warning: Design rule attributes from the driving cell will be
	set on the port. (UID-401)
Warning: Design rule attributes from the driving cell will be
	set on the port. (UID-401)
Warning: Design rule attributes from the driving cell will be
	set on the port. (UID-401)
Warning: Design rule attributes from the driving cell will be
	set on the port. (UID-401)
Warning: Design rule attributes from the driving cell will be
	set on the port. (UID-401)
Warning: Design rule attributes from the driving cell will be
	set on the port. (UID-401)
Warning: Design rule attributes from the driving cell will be
	set on the port. (UID-401)
Warning: Design rule attributes from the driving cell will be
	set on the port. (UID-401)
Warning: Design rule attributes from the driving cell will be
	set on the port. (UID-401)
Warning: Design rule attributes from the driving cell will be
	set on the port. (UID-401)
Warning: Design rule attributes from the driving cell will be
	set on the port. (UID-401)
Warning: Design rule attributes from the driving cell will be
	set on the port. (UID-401)
Warning: Design rule attributes from the driving cell will be
	set on the port. (UID-401)
Warning: Design rule attributes from the driving cell will be
	set on the port. (UID-401)
Warning: Design rule attributes from the driving cell will be
	set on the port. (UID-401)
Warning: Design rule attributes from the driving cell will be
	set on the port. (UID-401)
Warning: Design rule attributes from the driving cell will be
	set on the port. (UID-401)
Warning: Design rule attributes from the driving cell will be
	set on the port. (UID-401)
Warning: Design rule attributes from the driving cell will be
	set on the port. (UID-401)
Warning: Design rule attributes from the driving cell will be
	set on the port. (UID-401)
Warning: Design rule attributes from the driving cell will be
	set on the port. (UID-401)
Warning: Design rule attributes from the driving cell will be
	set on the port. (UID-401)
Warning: Design rule attributes from the driving cell will be
	set on the port. (UID-401)
Warning: Design rule attributes from the driving cell will be
	set on the port. (UID-401)
Warning: Design rule attributes from the driving cell will be
	set on the port. (UID-401)
Warning: Design rule attributes from the driving cell will be
	set on the port. (UID-401)
Warning: Design rule attributes from the driving cell will be
	set on the port. (UID-401)
Warning: Design rule attributes from the driving cell will be
	set on the port. (UID-401)
Warning: Design rule attributes from the driving cell will be
	set on the port. (UID-401)
Warning: Design rule attributes from the driving cell will be
	set on the port. (UID-401)
Warning: Design rule attributes from the driving cell will be
	set on the port. (UID-401)
Warning: Design rule attributes from the driving cell will be
	set on the port. (UID-401)
Warning: Design rule attributes from the driving cell will be
	set on the port. (UID-401)
Warning: Design rule attributes from the driving cell will be
	set on the port. (UID-401)
Warning: Design rule attributes from the driving cell will be
	set on the port. (UID-401)
Warning: Design rule attributes from the driving cell will be
	set on the port. (UID-401)
Warning: Design rule attributes from the driving cell will be
	set on the port. (UID-401)
Warning: Design rule attributes from the driving cell will be
	set on the port. (UID-401)
Warning: Design rule attributes from the driving cell will be
	set on the port. (UID-401)
Warning: Design rule attributes from the driving cell will be
	set on the port. (UID-401)
Warning: Design rule attributes from the driving cell will be
	set on the port. (UID-401)
Warning: Design rule attributes from the driving cell will be
	set on the port. (UID-401)
Warning: Design rule attributes from the driving cell will be
	set on the port. (UID-401)
Warning: Design rule attributes from the driving cell will be
	set on the port. (UID-401)
Warning: Design rule attributes from the driving cell will be
	set on the port. (UID-401)
Warning: Design rule attributes from the driving cell will be
	set on the port. (UID-401)
Warning: Design rule attributes from the driving cell will be
	set on the port. (UID-401)
Warning: Design rule attributes from the driving cell will be
	set on the port. (UID-401)
Warning: Design rule attributes from the driving cell will be
	set on the port. (UID-401)
Warning: Design rule attributes from the driving cell will be
	set on the port. (UID-401)
Warning: Design rule attributes from the driving cell will be
	set on the port. (UID-401)
Warning: Design rule attributes from the driving cell will be
	set on the port. (UID-401)
Warning: Design rule attributes from the driving cell will be
	set on the port. (UID-401)
Warning: Design rule attributes from the driving cell will be
	set on the port. (UID-401)
Warning: Design rule attributes from the driving cell will be
	set on the port. (UID-401)
Warning: Design rule attributes from the driving cell will be
	set on the port. (UID-401)
Warning: Design rule attributes from the driving cell will be
	set on the port. (UID-401)
Warning: Design rule attributes from the driving cell will be
	set on the port. (UID-401)
Warning: Design rule attributes from the driving cell will be
	set on the port. (UID-401)
Warning: Design rule attributes from the driving cell will be
	set on the port. (UID-401)
Warning: Design rule attributes from the driving cell will be
	set on the port. (UID-401)
Warning: Design rule attributes from the driving cell will be
	set on the port. (UID-401)
Warning: Design rule attributes from the driving cell will be
	set on the port. (UID-401)
Warning: Design rule attributes from the driving cell will be
	set on the port. (UID-401)
Warning: Design rule attributes from the driving cell will be
	set on the port. (UID-401)
Warning: Design rule attributes from the driving cell will be
	set on the port. (UID-401)
Warning: Design rule attributes from the driving cell will be
	set on the port. (UID-401)
Warning: Design rule attributes from the driving cell will be
	set on the port. (UID-401)
Warning: Design rule attributes from the driving cell will be
	set on the port. (UID-401)
Warning: Design rule attributes from the driving cell will be
	set on the port. (UID-401)
Warning: Design rule attributes from the driving cell will be
	set on the port. (UID-401)
Warning: Design rule attributes from the driving cell will be
	set on the port. (UID-401)
Warning: Design rule attributes from the driving cell will be
	set on the port. (UID-401)
Warning: Design rule attributes from the driving cell will be
	set on the port. (UID-401)
Warning: Design rule attributes from the driving cell will be
	set on the port. (UID-401)
Warning: Design rule attributes from the driving cell will be
	set on the port. (UID-401)
Warning: Design rule attributes from the driving cell will be
	set on the port. (UID-401)
Warning: Design rule attributes from the driving cell will be
	set on the port. (UID-401)
Warning: Design rule attributes from the driving cell will be
	set on the port. (UID-401)
Warning: Design rule attributes from the driving cell will be
	set on the port. (UID-401)
Warning: Design rule attributes from the driving cell will be
	set on the port. (UID-401)
Warning: Design rule attributes from the driving cell will be
	set on the port. (UID-401)
Warning: Design rule attributes from the driving cell will be
	set on the port. (UID-401)
Warning: Design rule attributes from the driving cell will be
	set on the port. (UID-401)
Warning: Design rule attributes from the driving cell will be
	set on the port. (UID-401)
Warning: Design rule attributes from the driving cell will be
	set on the port. (UID-401)
Warning: Design rule attributes from the driving cell will be
	set on the port. (UID-401)
Warning: Design rule attributes from the driving cell will be
	set on the port. (UID-401)
Warning: Design rule attributes from the driving cell will be
	set on the port. (UID-401)
Warning: Design rule attributes from the driving cell will be
	set on the port. (UID-401)
Warning: Design rule attributes from the driving cell will be
	set on the port. (UID-401)
Warning: Design rule attributes from the driving cell will be
	set on the port. (UID-401)
Warning: Design rule attributes from the driving cell will be
	set on the port. (UID-401)
Warning: Design rule attributes from the driving cell will be
	set on the port. (UID-401)
Warning: Design rule attributes from the driving cell will be
	set on the port. (UID-401)
Warning: Design rule attributes from the driving cell will be
	set on the port. (UID-401)
Warning: Design rule attributes from the driving cell will be
	set on the port. (UID-401)
Warning: Design rule attributes from the driving cell will be
	set on the port. (UID-401)
Warning: Design rule attributes from the driving cell will be
	set on the port. (UID-401)
Warning: Design rule attributes from the driving cell will be
	set on the port. (UID-401)
Warning: Design rule attributes from the driving cell will be
	set on the port. (UID-401)
Warning: Design rule attributes from the driving cell will be
	set on the port. (UID-401)
Warning: Design rule attributes from the driving cell will be
	set on the port. (UID-401)
Warning: Design rule attributes from the driving cell will be
	set on the port. (UID-401)
Warning: Design rule attributes from the driving cell will be
	set on the port. (UID-401)
Warning: Design rule attributes from the driving cell will be
	set on the port. (UID-401)
Warning: Design rule attributes from the driving cell will be
	set on the port. (UID-401)
Warning: Design rule attributes from the driving cell will be
	set on the port. (UID-401)
Warning: Design rule attributes from the driving cell will be
	set on the port. (UID-401)
Warning: Design rule attributes from the driving cell will be
	set on the port. (UID-401)
Warning: Design rule attributes from the driving cell will be
	set on the port. (UID-401)
Warning: Design rule attributes from the driving cell will be
	set on the port. (UID-401)
Warning: Design rule attributes from the driving cell will be
	set on the port. (UID-401)
Warning: Design rule attributes from the driving cell will be
	set on the port. (UID-401)
Warning: Design rule attributes from the driving cell will be
	set on the port. (UID-401)
Warning: Design rule attributes from the driving cell will be
	set on the port. (UID-401)
Warning: Design rule attributes from the driving cell will be
	set on the port. (UID-401)
Warning: Design rule attributes from the driving cell will be
	set on the port. (UID-401)
Warning: Design rule attributes from the driving cell will be
	set on the port. (UID-401)
Warning: Design rule attributes from the driving cell will be
	set on the port. (UID-401)
Warning: Design rule attributes from the driving cell will be
	set on the port. (UID-401)
Warning: Design rule attributes from the driving cell will be
	set on the port. (UID-401)
Warning: Design rule attributes from the driving cell will be
	set on the port. (UID-401)
Warning: Design rule attributes from the driving cell will be
	set on the port. (UID-401)
Warning: Design rule attributes from the driving cell will be
	set on the port. (UID-401)
Warning: Design rule attributes from the driving cell will be
	set on the port. (UID-401)
Warning: Design rule attributes from the driving cell will be
	set on the port. (UID-401)
Warning: Design rule attributes from the driving cell will be
	set on the port. (UID-401)
Warning: Design rule attributes from the driving cell will be
	set on the port. (UID-401)
Warning: Design rule attributes from the driving cell will be
	set on the port. (UID-401)
Warning: Design rule attributes from the driving cell will be
	set on the port. (UID-401)
Warning: Design rule attributes from the driving cell will be
	set on the port. (UID-401)
Warning: Design rule attributes from the driving cell will be
	set on the port. (UID-401)
Warning: Design rule attributes from the driving cell will be
	set on the port. (UID-401)
Warning: Design rule attributes from the driving cell will be
	set on the port. (UID-401)
Warning: Design rule attributes from the driving cell will be
	set on the port. (UID-401)
Warning: Design rule attributes from the driving cell will be
	set on the port. (UID-401)
Warning: Design rule attributes from the driving cell will be
	set on the port. (UID-401)
Warning: Design rule attributes from the driving cell will be
	set on the port. (UID-401)
Warning: Design rule attributes from the driving cell will be
	set on the port. (UID-401)
Warning: Design rule attributes from the driving cell will be
	set on the port. (UID-401)
Warning: Design rule attributes from the driving cell will be
	set on the port. (UID-401)
Warning: Design rule attributes from the driving cell will be
	set on the port. (UID-401)
Warning: Design rule attributes from the driving cell will be
	set on the port. (UID-401)
Warning: Design rule attributes from the driving cell will be
	set on the port. (UID-401)
Warning: Design rule attributes from the driving cell will be
	set on the port. (UID-401)
Warning: Design rule attributes from the driving cell will be
	set on the port. (UID-401)
Warning: Design rule attributes from the driving cell will be
	set on the port. (UID-401)
Warning: Design rule attributes from the driving cell will be
	set on the port. (UID-401)
Warning: Design rule attributes from the driving cell will be
	set on the port. (UID-401)
Warning: Design rule attributes from the driving cell will be
	set on the port. (UID-401)
Warning: Design rule attributes from the driving cell will be
	set on the port. (UID-401)
Warning: Design rule attributes from the driving cell will be
	set on the port. (UID-401)
Warning: Design rule attributes from the driving cell will be
	set on the port. (UID-401)
Warning: Design rule attributes from the driving cell will be
	set on the port. (UID-401)
Warning: Design rule attributes from the driving cell will be
	set on the port. (UID-401)
Warning: Design rule attributes from the driving cell will be
	set on the port. (UID-401)
Warning: Design rule attributes from the driving cell will be
	set on the port. (UID-401)
Warning: Design rule attributes from the driving cell will be
	set on the port. (UID-401)
Warning: Design rule attributes from the driving cell will be
	set on the port. (UID-401)
Warning: Design rule attributes from the driving cell will be
	set on the port. (UID-401)
Warning: Design rule attributes from the driving cell will be
	set on the port. (UID-401)
Warning: Design rule attributes from the driving cell will be
	set on the port. (UID-401)
Warning: Design rule attributes from the driving cell will be
	set on the port. (UID-401)
Warning: Design rule attributes from the driving cell will be
	set on the port. (UID-401)
Warning: Design rule attributes from the driving cell will be
	set on the port. (UID-401)
Warning: Design rule attributes from the driving cell will be
	set on the port. (UID-401)
Warning: Design rule attributes from the driving cell will be
	set on the port. (UID-401)
Warning: Design rule attributes from the driving cell will be
	set on the port. (UID-401)
Warning: Design rule attributes from the driving cell will be
	set on the port. (UID-401)
Warning: Design rule attributes from the driving cell will be
	set on the port. (UID-401)
Warning: Design rule attributes from the driving cell will be
	set on the port. (UID-401)
Warning: Design rule attributes from the driving cell will be
	set on the port. (UID-401)
Warning: Design rule attributes from the driving cell will be
	set on the port. (UID-401)
Warning: Design rule attributes from the driving cell will be
	set on the port. (UID-401)
Warning: Design rule attributes from the driving cell will be
	set on the port. (UID-401)
Warning: Design rule attributes from the driving cell will be
	set on the port. (UID-401)
Warning: Design rule attributes from the driving cell will be
	set on the port. (UID-401)
Warning: Design rule attributes from the driving cell will be
	set on the port. (UID-401)
Warning: Design rule attributes from the driving cell will be
	set on the port. (UID-401)
Warning: Design rule attributes from the driving cell will be
	set on the port. (UID-401)
Warning: Design rule attributes from the driving cell will be
	set on the port. (UID-401)
Warning: Design rule attributes from the driving cell will be
	set on the port. (UID-401)
Warning: Design rule attributes from the driving cell will be
	set on the port. (UID-401)
Warning: Design rule attributes from the driving cell will be
	set on the port. (UID-401)
Warning: Design rule attributes from the driving cell will be
	set on the port. (UID-401)
Warning: Design rule attributes from the driving cell will be
	set on the port. (UID-401)
Warning: Design rule attributes from the driving cell will be
	set on the port. (UID-401)
Warning: Design rule attributes from the driving cell will be
	set on the port. (UID-401)
Warning: Design rule attributes from the driving cell will be
	set on the port. (UID-401)
Warning: Design rule attributes from the driving cell will be
	set on the port. (UID-401)
Warning: Design rule attributes from the driving cell will be
	set on the port. (UID-401)
Warning: Design rule attributes from the driving cell will be
	set on the port. (UID-401)
Warning: Design rule attributes from the driving cell will be
	set on the port. (UID-401)
Warning: Design rule attributes from the driving cell will be
	set on the port. (UID-401)
Warning: Design rule attributes from the driving cell will be
	set on the port. (UID-401)
Warning: Design rule attributes from the driving cell will be
	set on the port. (UID-401)
Warning: Design rule attributes from the driving cell will be
	set on the port. (UID-401)
Warning: Design rule attributes from the driving cell will be
	set on the port. (UID-401)
Warning: Design rule attributes from the driving cell will be
	set on the port. (UID-401)
Warning: Design rule attributes from the driving cell will be
	set on the port. (UID-401)
Warning: Design rule attributes from the driving cell will be
	set on the port. (UID-401)
Warning: Design rule attributes from the driving cell will be
	set on the port. (UID-401)
Warning: Design rule attributes from the driving cell will be
	set on the port. (UID-401)
Warning: Design rule attributes from the driving cell will be
	set on the port. (UID-401)
Warning: Design rule attributes from the driving cell will be
	set on the port. (UID-401)
Warning: Design rule attributes from the driving cell will be
	set on the port. (UID-401)
Warning: Design rule attributes from the driving cell will be
	set on the port. (UID-401)
Warning: Design rule attributes from the driving cell will be
	set on the port. (UID-401)
Warning: Design rule attributes from the driving cell will be
	set on the port. (UID-401)
Warning: Design rule attributes from the driving cell will be
	set on the port. (UID-401)
Warning: Design rule attributes from the driving cell will be
	set on the port. (UID-401)
Warning: Design rule attributes from the driving cell will be
	set on the port. (UID-401)
Warning: Design rule attributes from the driving cell will be
	set on the port. (UID-401)
Warning: Design rule attributes from the driving cell will be
	set on the port. (UID-401)
Warning: Design rule attributes from the driving cell will be
	set on the port. (UID-401)
Warning: Design rule attributes from the driving cell will be
	set on the port. (UID-401)
Warning: Design rule attributes from the driving cell will be
	set on the port. (UID-401)
Warning: Design rule attributes from the driving cell will be
	set on the port. (UID-401)
Warning: Design rule attributes from the driving cell will be
	set on the port. (UID-401)
Warning: Design rule attributes from the driving cell will be
	set on the port. (UID-401)
Warning: Design rule attributes from the driving cell will be
	set on the port. (UID-401)
Warning: Design rule attributes from the driving cell will be
	set on the port. (UID-401)
Warning: Design rule attributes from the driving cell will be
	set on the port. (UID-401)
Warning: Design rule attributes from the driving cell will be
	set on the port. (UID-401)
Warning: Design rule attributes from the driving cell will be
	set on the port. (UID-401)
Warning: Design rule attributes from the driving cell will be
	set on the port. (UID-401)
Warning: Design rule attributes from the driving cell will be
	set on the port. (UID-401)
Warning: Design rule attributes from the driving cell will be
	set on the port. (UID-401)
Warning: Design rule attributes from the driving cell will be
	set on the port. (UID-401)
Warning: Design rule attributes from the driving cell will be
	set on the port. (UID-401)
Warning: Design rule attributes from the driving cell will be
	set on the port. (UID-401)
Warning: Design rule attributes from the driving cell will be
	set on the port. (UID-401)
Warning: Design rule attributes from the driving cell will be
	set on the port. (UID-401)
Warning: Design rule attributes from the driving cell will be
	set on the port. (UID-401)
Warning: Design rule attributes from the driving cell will be
	set on the port. (UID-401)
Warning: Design rule attributes from the driving cell will be
	set on the port. (UID-401)
Warning: Design rule attributes from the driving cell will be
	set on the port. (UID-401)
Warning: Design rule attributes from the driving cell will be
	set on the port. (UID-401)
Warning: Design rule attributes from the driving cell will be
	set on the port. (UID-401)
Warning: Design rule attributes from the driving cell will be
	set on the port. (UID-401)
Warning: Design rule attributes from the driving cell will be
	set on the port. (UID-401)
Warning: Design rule attributes from the driving cell will be
	set on the port. (UID-401)
Warning: Design rule attributes from the driving cell will be
	set on the port. (UID-401)
Warning: Design rule attributes from the driving cell will be
	set on the port. (UID-401)
Warning: Design rule attributes from the driving cell will be
	set on the port. (UID-401)
Warning: Design rule attributes from the driving cell will be
	set on the port. (UID-401)
Warning: Design rule attributes from the driving cell will be
	set on the port. (UID-401)
Warning: Design rule attributes from the driving cell will be
	set on the port. (UID-401)
Warning: Design rule attributes from the driving cell will be
	set on the port. (UID-401)
Warning: Design rule attributes from the driving cell will be
	set on the port. (UID-401)
Warning: Design rule attributes from the driving cell will be
	set on the port. (UID-401)
Warning: Design rule attributes from the driving cell will be
	set on the port. (UID-401)
Warning: Design rule attributes from the driving cell will be
	set on the port. (UID-401)
Warning: Design rule attributes from the driving cell will be
	set on the port. (UID-401)
Warning: Design rule attributes from the driving cell will be
	set on the port. (UID-401)
Warning: Design rule attributes from the driving cell will be
	set on the port. (UID-401)
Warning: Design rule attributes from the driving cell will be
	set on the port. (UID-401)
Warning: Design rule attributes from the driving cell will be
	set on the port. (UID-401)
Warning: Design rule attributes from the driving cell will be
	set on the port. (UID-401)
Warning: Design rule attributes from the driving cell will be
	set on the port. (UID-401)
Warning: Design rule attributes from the driving cell will be
	set on the port. (UID-401)
Warning: Design rule attributes from the driving cell will be
	set on the port. (UID-401)
Warning: Design rule attributes from the driving cell will be
	set on the port. (UID-401)
Warning: Design rule attributes from the driving cell will be
	set on the port. (UID-401)
Warning: Design rule attributes from the driving cell will be
	set on the port. (UID-401)
Warning: Design rule attributes from the driving cell will be
	set on the port. (UID-401)
Warning: Design rule attributes from the driving cell will be
	set on the port. (UID-401)
Warning: Design rule attributes from the driving cell will be
	set on the port. (UID-401)
Warning: Design rule attributes from the driving cell will be
	set on the port. (UID-401)
Warning: Design rule attributes from the driving cell will be
	set on the port. (UID-401)
Warning: Design rule attributes from the driving cell will be
	set on the port. (UID-401)
Warning: Design rule attributes from the driving cell will be
	set on the port. (UID-401)
Warning: Design rule attributes from the driving cell will be
	set on the port. (UID-401)
Warning: Design rule attributes from the driving cell will be
	set on the port. (UID-401)
Warning: Design rule attributes from the driving cell will be
	set on the port. (UID-401)
Warning: Design rule attributes from the driving cell will be
	set on the port. (UID-401)
Warning: Design rule attributes from the driving cell will be
	set on the port. (UID-401)
Warning: Design rule attributes from the driving cell will be
	set on the port. (UID-401)
Warning: Design rule attributes from the driving cell will be
	set on the port. (UID-401)
Warning: Design rule attributes from the driving cell will be
	set on the port. (UID-401)
Warning: Design rule attributes from the driving cell will be
	set on the port. (UID-401)
Warning: Design rule attributes from the driving cell will be
	set on the port. (UID-401)
Warning: Design rule attributes from the driving cell will be
	set on the port. (UID-401)
Warning: Design rule attributes from the driving cell will be
	set on the port. (UID-401)
Warning: Design rule attributes from the driving cell will be
	set on the port. (UID-401)
Warning: Design rule attributes from the driving cell will be
	set on the port. (UID-401)
Warning: Design rule attributes from the driving cell will be
	set on the port. (UID-401)
Warning: Design rule attributes from the driving cell will be
	set on the port. (UID-401)
Warning: Design rule attributes from the driving cell will be
	set on the port. (UID-401)
Warning: Design rule attributes from the driving cell will be
	set on the port. (UID-401)
Warning: Design rule attributes from the driving cell will be
	set on the port. (UID-401)
Warning: Design rule attributes from the driving cell will be
	set on the port. (UID-401)
Warning: Design rule attributes from the driving cell will be
	set on the port. (UID-401)
Warning: Design rule attributes from the driving cell will be
	set on the port. (UID-401)
Warning: Design rule attributes from the driving cell will be
	set on the port. (UID-401)
Warning: Design rule attributes from the driving cell will be
	set on the port. (UID-401)
Warning: Design rule attributes from the driving cell will be
	set on the port. (UID-401)
Warning: Design rule attributes from the driving cell will be
	set on the port. (UID-401)
Warning: Design rule attributes from the driving cell will be
	set on the port. (UID-401)
Warning: Design rule attributes from the driving cell will be
	set on the port. (UID-401)
Warning: Design rule attributes from the driving cell will be
	set on the port. (UID-401)
Warning: Design rule attributes from the driving cell will be
	set on the port. (UID-401)
Warning: Design rule attributes from the driving cell will be
	set on the port. (UID-401)
Warning: Design rule attributes from the driving cell will be
	set on the port. (UID-401)
Warning: Design rule attributes from the driving cell will be
	set on the port. (UID-401)
Warning: Design rule attributes from the driving cell will be
	set on the port. (UID-401)
Warning: Design rule attributes from the driving cell will be
	set on the port. (UID-401)
Warning: Design rule attributes from the driving cell will be
	set on the port. (UID-401)
Warning: Design rule attributes from the driving cell will be
	set on the port. (UID-401)
Warning: Design rule attributes from the driving cell will be
	set on the port. (UID-401)
Warning: Design rule attributes from the driving cell will be
	set on the port. (UID-401)
Warning: Design rule attributes from the driving cell will be
	set on the port. (UID-401)
Warning: Design rule attributes from the driving cell will be
	set on the port. (UID-401)
Warning: Design rule attributes from the driving cell will be
	set on the port. (UID-401)
Warning: Design rule attributes from the driving cell will be
	set on the port. (UID-401)
Warning: Design rule attributes from the driving cell will be
	set on the port. (UID-401)
Warning: Design rule attributes from the driving cell will be
	set on the port. (UID-401)
Warning: Design rule attributes from the driving cell will be
	set on the port. (UID-401)
Warning: Design rule attributes from the driving cell will be
	set on the port. (UID-401)
Warning: Design rule attributes from the driving cell will be
	set on the port. (UID-401)
Warning: Design rule attributes from the driving cell will be
	set on the port. (UID-401)
Warning: Design rule attributes from the driving cell will be
	set on the port. (UID-401)
Warning: Design rule attributes from the driving cell will be
	set on the port. (UID-401)
Warning: Design rule attributes from the driving cell will be
	set on the port. (UID-401)
Warning: Design rule attributes from the driving cell will be
	set on the port. (UID-401)
Warning: Design rule attributes from the driving cell will be
	set on the port. (UID-401)
Warning: Design rule attributes from the driving cell will be
	set on the port. (UID-401)
Warning: Design rule attributes from the driving cell will be
	set on the port. (UID-401)
Warning: Design rule attributes from the driving cell will be
	set on the port. (UID-401)
Warning: Design rule attributes from the driving cell will be
	set on the port. (UID-401)
Warning: Design rule attributes from the driving cell will be
	set on the port. (UID-401)
Warning: Design rule attributes from the driving cell will be
	set on the port. (UID-401)
Warning: Design rule attributes from the driving cell will be
	set on the port. (UID-401)
Warning: Design rule attributes from the driving cell will be
	set on the port. (UID-401)
Warning: Design rule attributes from the driving cell will be
	set on the port. (UID-401)
Warning: Design rule attributes from the driving cell will be
	set on the port. (UID-401)
Warning: Design rule attributes from the driving cell will be
	set on the port. (UID-401)
Warning: Design rule attributes from the driving cell will be
	set on the port. (UID-401)
Warning: Design rule attributes from the driving cell will be
	set on the port. (UID-401)
Warning: Design rule attributes from the driving cell will be
	set on the port. (UID-401)
Warning: Design rule attributes from the driving cell will be
	set on the port. (UID-401)
Warning: Design rule attributes from the driving cell will be
	set on the port. (UID-401)
Warning: Design rule attributes from the driving cell will be
	set on the port. (UID-401)
Warning: Design rule attributes from the driving cell will be
	set on the port. (UID-401)
Warning: Design rule attributes from the driving cell will be
	set on the port. (UID-401)
Warning: Design rule attributes from the driving cell will be
	set on the port. (UID-401)
Warning: Design rule attributes from the driving cell will be
	set on the port. (UID-401)
Warning: Design rule attributes from the driving cell will be
	set on the port. (UID-401)
Warning: Design rule attributes from the driving cell will be
	set on the port. (UID-401)
Warning: Design rule attributes from the driving cell will be
	set on the port. (UID-401)
Warning: Design rule attributes from the driving cell will be
	set on the port. (UID-401)
Warning: Design rule attributes from the driving cell will be
	set on the port. (UID-401)
Warning: Design rule attributes from the driving cell will be
	set on the port. (UID-401)
Warning: Design rule attributes from the driving cell will be
	set on the port. (UID-401)
Warning: Design rule attributes from the driving cell will be
	set on the port. (UID-401)
Warning: Design rule attributes from the driving cell will be
	set on the port. (UID-401)
Warning: Design rule attributes from the driving cell will be
	set on the port. (UID-401)
Warning: Design rule attributes from the driving cell will be
	set on the port. (UID-401)
Warning: Design rule attributes from the driving cell will be
	set on the port. (UID-401)
Warning: Design rule attributes from the driving cell will be
	set on the port. (UID-401)
Warning: Design rule attributes from the driving cell will be
	set on the port. (UID-401)
Warning: Design rule attributes from the driving cell will be
	set on the port. (UID-401)
Warning: Design rule attributes from the driving cell will be
	set on the port. (UID-401)
Warning: Design rule attributes from the driving cell will be
	set on the port. (UID-401)
Warning: Design rule attributes from the driving cell will be
	set on the port. (UID-401)
Warning: Design rule attributes from the driving cell will be
	set on the port. (UID-401)
Warning: Design rule attributes from the driving cell will be
	set on the port. (UID-401)
Warning: Design rule attributes from the driving cell will be
	set on the port. (UID-401)
Warning: Design rule attributes from the driving cell will be
	set on the port. (UID-401)
Warning: Design rule attributes from the driving cell will be
	set on the port. (UID-401)
Warning: Design rule attributes from the driving cell will be
	set on the port. (UID-401)
Warning: Design rule attributes from the driving cell will be
	set on the port. (UID-401)
Warning: Design rule attributes from the driving cell will be
	set on the port. (UID-401)
Warning: Design rule attributes from the driving cell will be
	set on the port. (UID-401)
Warning: Design rule attributes from the driving cell will be
	set on the port. (UID-401)
Warning: Design rule attributes from the driving cell will be
	set on the port. (UID-401)
Warning: Design rule attributes from the driving cell will be
	set on the port. (UID-401)
Warning: Design rule attributes from the driving cell will be
	set on the port. (UID-401)
Warning: Design rule attributes from the driving cell will be
	set on the port. (UID-401)
Warning: Design rule attributes from the driving cell will be
	set on the port. (UID-401)
Warning: Design rule attributes from the driving cell will be
	set on the port. (UID-401)
Warning: Design rule attributes from the driving cell will be
	set on the port. (UID-401)
Warning: Design rule attributes from the driving cell will be
	set on the port. (UID-401)
Warning: Design rule attributes from the driving cell will be
	set on the port. (UID-401)
Warning: Design rule attributes from the driving cell will be
	set on the port. (UID-401)
Warning: Design rule attributes from the driving cell will be
	set on the port. (UID-401)
Warning: Design rule attributes from the driving cell will be
	set on the port. (UID-401)
Warning: Design rule attributes from the driving cell will be
	set on the port. (UID-401)
Warning: Design rule attributes from the driving cell will be
	set on the port. (UID-401)
Warning: Design rule attributes from the driving cell will be
	set on the port. (UID-401)
Warning: Design rule attributes from the driving cell will be
	set on the port. (UID-401)
Warning: Design rule attributes from the driving cell will be
	set on the port. (UID-401)
Warning: Design rule attributes from the driving cell will be
	set on the port. (UID-401)
Warning: Design rule attributes from the driving cell will be
	set on the port. (UID-401)
1
set_load 0.005 [all_outputs]
1
set_false_path -from [get_ports rst_n]
1
if {$fix_hold} {
    set_fix_hold [get_clocks clk]
}
1
compile -map_effort low -area_effort low
Warning: The compile -map_effort low is obsolete. Setting this variable now defaults to compile -map_effort medium. Please update your script accordingly. (OPT-1303)
Information: Evaluating DesignWare library utilization. (UISN-27)

============================================================================
| DesignWare Building Block Library  |         Version         | Available |
============================================================================
| Basic DW Building Blocks           | P-2019.03-DWBB_201903.4 |     *     |
| Licensed DW Building Blocks        |                         |           |
============================================================================


Information: There are 46 potential problems in your design. Please run 'check_design' for more information. (LINT-99)



  Beginning Pass 1 Mapping
  ------------------------
  Processing 'dma_engine_ADDR_W34'
Warning: Target library does not contain any 2-1 multiplexor. (OPT-853)
  Processing 'direct_addr_plan'
Information: The register 'run_key_base_reg[7]' is a constant and will be removed. (OPT-1206)
Information: The register 'run_key_base_reg[6]' is a constant and will be removed. (OPT-1206)
Information: The register 'run_key_base_reg[5]' is a constant and will be removed. (OPT-1206)
Information: The register 'run_key_base_reg[4]' is a constant and will be removed. (OPT-1206)
Information: The register 'run_key_base_reg[3]' is a constant and will be removed. (OPT-1206)
Information: The register 'run_key_base_reg[2]' is a constant and will be removed. (OPT-1206)
Information: The register 'run_key_base_reg[1]' is a constant and will be removed. (OPT-1206)
Information: The register 'run_key_base_reg[0]' is a constant and will be removed. (OPT-1206)
  Processing 'attacc_controller'
Warning: Target library does not contain any 2-1 multiplexor. (OPT-853)
  Processing 'attacc_hbm_ctrl_top'

  Updating timing information
Information: Updating design information... (UID-85)

  Beginning Implementation Selection
  ----------------------------------
Warning: Target library does not contain any 2-1 multiplexor. (OPT-853)
  Processing 'dma_engine_ADDR_W34_DW01_inc_0_DW01_inc_6'
  Processing 'dma_engine_ADDR_W34_DW01_inc_1_DW01_inc_7'
  Processing 'dma_engine_ADDR_W34_DW01_cmp6_0'
  Processing 'dma_engine_ADDR_W34_DW01_dec_0'
  Processing 'dma_engine_ADDR_W34_DW01_add_0_DW01_add_1'
  Processing 'dma_engine_ADDR_W34_DW01_add_1_DW01_add_2'
  Processing 'dma_engine_ADDR_W34_DW01_cmp6_1'
  Processing 'direct_addr_plan_DW01_sub_0'
  Processing 'direct_addr_plan_DW01_cmp2_0'
  Processing 'direct_addr_plan_DW01_add_0_DW01_add_3'
  Processing 'attacc_controller_DW01_inc_0_DW01_inc_8'
  Processing 'attacc_controller_DW01_add_0_DW01_add_4'
  Processing 'attacc_controller_DW01_add_1_DW01_add_5'
  Processing 'attacc_controller_DW01_add_2_DW01_add_6'
  Processing 'attacc_controller_DW01_cmp6_0_DW01_cmp6_2'
  Processing 'attacc_controller_DW01_dec_0_DW01_dec_1'
  Processing 'attacc_controller_DW01_add_3_DW01_add_7'
  Processing 'attacc_controller_DW01_add_4_DW01_add_8'
  Processing 'attacc_controller_DW01_add_5_DW01_add_9'
  Processing 'attacc_controller_DW01_cmp2_0_DW01_cmp2_1'
  Processing 'attacc_controller_DW01_add_6_DW01_add_10'
  Processing 'attacc_controller_DW01_inc_1_DW01_inc_9'
  Processing 'attacc_controller_DW01_add_7_DW01_add_11'
  Processing 'attacc_controller_DW01_dec_1_DW01_dec_2'
  Processing 'attacc_controller_DW01_dec_2_DW01_dec_3'
  Processing 'attacc_controller_DW01_dec_3_DW01_dec_4'
  Processing 'attacc_controller_DW01_dec_4_DW01_dec_5'
  Processing 'attacc_controller_DW01_inc_2_DW01_inc_10'
  Processing 'attacc_controller_DW01_inc_3_DW01_inc_11'
  Processing 'attacc_controller_DW01_cmp6_1_DW01_cmp6_3'
  Processing 'attacc_controller_DW01_dec_5_DW01_dec_6'
  Processing 'attacc_controller_DW01_cmp6_2_DW01_cmp6_4'
  Processing 'attacc_controller_DW01_dec_6_DW01_dec_7'
  Processing 'attacc_controller_DW01_cmp6_3_DW01_cmp6_5'
  Processing 'attacc_controller_DW01_dec_7_DW01_dec_8'
  Processing 'attacc_controller_DW01_cmp6_4_DW01_cmp6_6'
  Building model 'DW01_NAND2'
  Processing 'DW01_NAND2'
  Building model 'DW01_add_width3' (rpl)
  Processing 'DW01_add_width3'
  Building model 'DW01_add_width3' (cla)
  Processing 'DW01_add_width3'
  Building model 'DW01_sub_width3' (rpl)
  Processing 'DW01_sub_width3'
  Building model 'DW01_sub_width3' (cla)
  Processing 'DW01_sub_width3'
  Processing 'DW01_sub_width3_DW01_sub_1'
  Processing 'DW01_add_width3_DW01_add_12'
  Processing 'DW01_sub_width4_DW01_sub_2'
  Processing 'DW01_add_width4_DW01_add_13'
  Processing 'DW01_add_width3_DW01_add_14'
  Processing 'DW01_sub_width3_DW01_sub_3'

  Beginning Mapping Optimizations  (Medium effort)
  -------------------------------
LNC WARNING: Found output_to_output lib arc on HAxp5_ASAP7_75t_R.
  Mapping Optimization (Phase 1)

                                  TOTAL                                                  
   ELAPSED            WORST NEG   SETUP    DESIGN                              MIN DELAY 
    TIME      AREA      SLACK     COST    RULE COST         ENDPOINT             COST    
  --------- --------- --------- --------- --------- ------------------------- -----------
    0:00:21    2404.6     48.74      59.3       0.0                                0.00  
    0:00:21    2404.6     48.74      59.3       0.0                                0.00  

  Beginning Delay Optimization Phase
  ----------------------------------

                                  TOTAL                                                  
   ELAPSED            WORST NEG   SETUP    DESIGN                              MIN DELAY 
    TIME      AREA      SLACK     COST    RULE COST         ENDPOINT             COST    
  --------- --------- --------- --------- --------- ------------------------- -----------
    0:00:21    2404.6     48.74      59.3       0.0                                0.00  
    0:00:24    2547.1      0.00       0.0       0.0                                0.00  
    0:00:34    2403.9      0.00       0.0       0.0                                0.00  


  Beginning Design Rule Fixing  (min_path)
  ----------------------------

                                  TOTAL                                                  
   ELAPSED            WORST NEG   SETUP    DESIGN                              MIN DELAY 
    TIME      AREA      SLACK     COST    RULE COST         ENDPOINT             COST    
  --------- --------- --------- --------- --------- ------------------------- -----------
    0:00:35    2403.9      0.00       0.0       0.0                            -1044.60  


  Beginning Area-Recovery Phase  (cleanup)
  -----------------------------

                                  TOTAL                                                  
   ELAPSED            WORST NEG   SETUP    DESIGN                              MIN DELAY 
    TIME      AREA      SLACK     COST    RULE COST         ENDPOINT             COST    
  --------- --------- --------- --------- --------- ------------------------- -----------
    0:00:35    2403.9      0.00       0.0       0.0                            -1044.60  
    0:00:35    2403.9      0.00       0.0       0.0                            -1044.60  
    0:00:36    2340.7      0.00       0.0       0.0                             -995.11  
    0:00:37    2322.0      0.00       0.0       0.0                             -982.03  
    0:00:38    2307.2      0.00       0.0       0.0                             -940.39  
    0:00:38    2296.8     13.23      13.2       0.0                             -940.39  
    0:00:39    2290.8     13.23      13.2       0.0                             -940.39  
    0:00:39    2286.7     13.23      13.2       0.0                             -940.39  
    0:00:39    2283.3     13.23      13.2       0.0                             -940.39  
    0:00:39    2280.6     13.23      13.2       0.0                             -940.43  
    0:00:39    2279.4     13.23      13.2       0.0                             -940.43  
    0:00:40    2279.0     13.23      13.2       0.0                             -940.43  
    0:00:40    2278.0     13.23      13.2       0.0                             -940.43  
    0:00:40    2275.8     13.23      13.2       0.0                             -940.43  
    0:00:40    2273.5     13.23      13.2       0.0                             -940.43  
    0:00:40    2271.6     13.23      13.2       0.0                             -940.43  
    0:00:40    2270.5     13.23      13.2       0.0                             -940.43  
    0:00:41    2269.9     13.23      13.2       0.0                             -940.43  
    0:00:41    2269.6     13.23      13.2       0.0                             -940.43  
    0:00:41    2269.4     13.23      13.2       0.0                             -940.43  
    0:00:41    2269.2     13.23      13.2       0.0                             -940.43  
    0:00:41    2268.9     13.23      13.2       0.0                             -940.43  
    0:00:41    2268.7     13.23      13.2       0.0                             -940.43  
    0:00:41    2268.5     13.23      13.2       0.0                             -940.43  
    0:00:42    2268.0     13.23      13.2       0.0                             -940.43  
    0:00:42    2267.8     13.23      13.2       0.0                             -940.43  
    0:00:42    2267.7     13.23      13.2       0.0                             -940.43  
    0:00:42    2267.6     13.23      13.2       0.0                             -940.43  
    0:00:42    2267.5     13.23      13.2       0.0                             -940.43  
    0:00:42    2267.4     13.23      13.2       0.0                             -940.43  
    0:00:42    2267.4     13.23      13.2       0.0                             -940.43  
    0:00:42    2267.3     13.23      13.2       0.0                             -940.43  
    0:00:44    2267.2     13.23      13.2       0.0                             -940.43  
    0:00:44    2267.2     13.23      13.2       0.0                             -940.43  
    0:00:44    2267.2      0.00       0.0       0.0                             -940.43  
    0:00:45    2204.5     35.90      41.5       0.0                             -789.95  
    0:00:45    2203.2      3.32       3.3       0.0                             -789.95  
    0:00:45    2203.0      0.00       0.0       0.0                             -789.95  
    0:00:45    2203.0      0.00       0.0       0.0                             -789.95  
    0:00:45    2203.0      0.00       0.0       0.0                             -789.95  
    0:00:45    2203.0      0.00       0.0       0.0                             -789.95  
    0:00:45    2203.0      0.00       0.0       0.0                             -789.95  
    0:00:45    2203.0      0.00       0.0       0.0                             -789.95  
    0:00:45    2206.7      0.00       0.0       0.0 u_ctrl/fifo_mem_reg[7][imm][15]/D   -747.33  
    0:00:45    2210.4      0.00       0.0       0.0 u_ctrl/fifo_mem_reg[7][imm][0]/D   -670.52  
    0:00:46    2214.1      0.00       0.0       0.0 u_ctrl/fifo_mem_reg[3][vaddr][30]/D   -623.90  
    0:00:46    2217.7      0.00       0.0       0.0 u_ctrl/fifo_mem_reg[1][len][10]/D   -558.23  
    0:00:46    2221.4      0.00       0.0       0.0 u_ctrl/fifo_mem_reg[5][imm][14]/D   -488.57  
    0:00:46    2225.1      0.00       0.0       0.0 u_ctrl/fifo_mem_reg[0][len][13]/D   -418.91  
    0:00:47    2228.8      0.00       0.0       0.0 u_ctrl/fifo_mem_reg[2][vaddr][10]/D   -347.10  
    0:00:47    2232.4      0.00       0.0       0.0 u_ctrl/fifo_mem_reg[4][imm][6]/D   -271.19  
    0:00:47    2236.1      0.00       0.0       0.0 u_ctrl/fifo_mem_reg[4][mode][1]/D   -201.54  
    0:00:48    2239.8      0.00       0.0       0.0 u_ctrl/fifo_mem_reg[6][imm][8]/D   -125.06  
    0:00:48    2243.5      0.00       0.0       0.0 u_ctrl/cfg_reg[1][17]/D      -71.99  
    0:00:48    2247.1      0.00       0.0       0.0 u_ctrl/cfg_reg[0][3]/D       -28.05  
    0:00:49    2248.5      0.00       0.0       0.0                                0.00  
Loading db file '/thu-bloor/xinyao-w23/kvpim-rtl/third_party/asap7_lib/db/asap7sc7p5t_AO_RVT_TT_nldm_211120.db'
Loading db file '/thu-bloor/xinyao-w23/kvpim-rtl/third_party/asap7_lib/db/asap7sc7p5t_INVBUF_RVT_TT_nldm_211120.db'
Loading db file '/thu-bloor/xinyao-w23/kvpim-rtl/third_party/asap7_lib/db/asap7sc7p5t_OA_RVT_TT_nldm_211120.db'
Loading db file '/thu-bloor/xinyao-w23/kvpim-rtl/third_party/asap7_lib/db/asap7sc7p5t_SEQ_RVT_TT_nldm_220123.db'
Loading db file '/thu-bloor/xinyao-w23/kvpim-rtl/third_party/asap7_lib/db/asap7sc7p5t_SIMPLE_RVT_TT_nldm_211120.db'


Note: Symbol # after min delay cost means estimated hold TNS across all active scenarios 


  Optimization Complete
  ---------------------
Warning: Design 'attacc_hbm_ctrl_top' contains 3 high-fanout nets. A fanout number of 1000 will be used for delay calculations involving these nets. (TIM-134)
     Net 'u_ctrl/*Logic1*': 2079 load(s), 1 driver(s)
     Net 'u_dma/clk': 3883 load(s), 1 driver(s)
     Net 'u_dma/net116603': 1152 load(s), 1 driver(s)
1
if {$fix_hold} {
    compile -incremental -only_hold_time
}

Information: There are 291 potential problems in your design. Please run 'check_design' for more information. (LINT-99)



  Beginning Pass 1 Mapping  (Incremental)
  ------------------------

  Updating timing information
Information: Updating design information... (UID-85)

  Beginning Mapping Optimizations  (Incremental)
  -------------------------------

  Beginning Delay Optimization Phase
  ----------------------------------

                                  TOTAL                                                  
   ELAPSED            WORST NEG   SETUP    DESIGN                              MIN DELAY 
    TIME      AREA      SLACK     COST    RULE COST         ENDPOINT             COST    
  --------- --------- --------- --------- --------- ------------------------- -----------
    0:00:53    2248.5      0.00       0.0       0.0                                0.00  
    0:00:56    2248.5      0.00       0.0       0.0                                0.00  
    0:00:57    2214.0      0.00       0.0       0.0                                0.00  


  Beginning Design Rule Fixing  (min_path)
  ----------------------------

                                  TOTAL                                                  
   ELAPSED            WORST NEG   SETUP    DESIGN                              MIN DELAY 
    TIME      AREA      SLACK     COST    RULE COST         ENDPOINT             COST    
  --------- --------- --------- --------- --------- ------------------------- -----------
    0:00:57    2214.0      0.00       0.0       0.0                             -652.75  
    0:00:57    2217.6      0.00       0.0       0.0 u_ctrl/fifo_mem_reg[0][len][11]/D   -579.80  
    0:00:58    2221.3      0.00       0.0       0.0 u_ctrl/fifo_mem_reg[3][op][2]/D   -520.82  
    0:00:58    2225.0      0.00       0.0       0.0 u_ctrl/fifo_mem_reg[5][vaddr][9]/D   -464.56  
    0:00:58    2228.7      0.00       0.0       0.0 u_ctrl/fifo_mem_reg[7][cfg_idx][2]/D   -394.44  
    0:00:58    2232.3      0.00       0.0       0.0 u_ctrl/fifo_mem_reg[0][vaddr][8]/D   -318.77  
    0:00:59    2236.0      0.00       0.0       0.0 u_ctrl/fifo_mem_reg[1][len][15]/D   -246.16  
    0:00:59    2239.7      0.00       0.0       0.0 u_ctrl/fifo_mem_reg[1][len][4]/D   -175.36  
    0:00:59    2243.4      0.00       0.0       0.0 u_ctrl/fifo_mem_reg[2][imm][15]/D   -101.05  
    0:00:59    2247.0      0.00       0.0       0.0 u_ctrl/fifo_mem_reg[4][imm][1]/D    -29.12  
    0:00:59    2248.5      0.00       0.0       0.0                                0.00  
Loading db file '/thu-bloor/xinyao-w23/kvpim-rtl/third_party/asap7_lib/db/asap7sc7p5t_AO_RVT_TT_nldm_211120.db'
Loading db file '/thu-bloor/xinyao-w23/kvpim-rtl/third_party/asap7_lib/db/asap7sc7p5t_INVBUF_RVT_TT_nldm_211120.db'
Loading db file '/thu-bloor/xinyao-w23/kvpim-rtl/third_party/asap7_lib/db/asap7sc7p5t_OA_RVT_TT_nldm_211120.db'
Loading db file '/thu-bloor/xinyao-w23/kvpim-rtl/third_party/asap7_lib/db/asap7sc7p5t_SEQ_RVT_TT_nldm_220123.db'
Loading db file '/thu-bloor/xinyao-w23/kvpim-rtl/third_party/asap7_lib/db/asap7sc7p5t_SIMPLE_RVT_TT_nldm_211120.db'


Note: Symbol # after min delay cost means estimated hold TNS across all active scenarios 


  Optimization Complete
  ---------------------
Warning: Design 'attacc_hbm_ctrl_top' contains 3 high-fanout nets. A fanout number of 1000 will be used for delay calculations involving these nets. (TIM-134)
     Net 'u_ctrl/*Logic1*': 2079 load(s), 1 driver(s)
     Net 'u_dma/clk': 3883 load(s), 1 driver(s)
     Net 'u_dma/n21': 1152 load(s), 1 driver(s)
1
report_qor -nosplit > [file join $out_dir ${top_module}_qor.rpt]
report_area -hierarchy -nosplit > [file join $out_dir ${top_module}_area.rpt]
report_reference -hierarchy -nosplit > [file join $out_dir ${top_module}_references.rpt]
report_timing -delay_type max -max_paths 20 -nosplit > [file join $out_dir ${top_module}_timing.rpt]
report_timing -delay_type min -max_paths 20 -nosplit > [file join $out_dir ${top_module}_timing_hold.rpt]
report_power -nosplit > [file join $out_dir ${top_module}_power.rpt]
write -format verilog -hierarchy -output [file join $out_dir ${top_module}_mapped.v]
Writing verilog file '/thu-bloor/xinyao-w23/kvpim-rtl/syn/dc_0830-02/ctrl_attacc_p1501/attacc_hbm_ctrl_top_mapped.v'.
Warning: Verilog 'assign' or 'tran' statements are written out. (VO-4)
Warning: Verilog writer has added 8 nets to module attacc_hbm_ctrl_top using SYNOPSYS_UNCONNECTED_ as prefix.  Please use the change_names command to make the correct changes before invoking the verilog writer.  (VO-11)
1
write_sdc [file join $out_dir ${top_module}.sdc]
1
quit

Thank you...
