============================================================
  Generated by:           Genus(TM) Synthesis Solution 25.10-p002_1
  Generated on:           Aug 31 2026  11:45:24 am
  Module:                 kv_tlb_top
  Operating conditions:   PVT_0P7V_25C (balanced_tree)
  Wireload mode:          enclosed
  Area mode:              timing library
============================================================


Path 1: MET (0 ps) Setup Check with Pin u_tlb/retime_s28_72_reg/CLK->D
          Group: clk
     Startpoint: (R) u_plan/retime_s1_379_reg/CLK
          Clock: (R) clk
       Endpoint: (R) u_tlb/retime_s28_72_reg/D
          Clock: (R) clk

                     Capture       Launch     
        Clock Edge:+    1502            0     
       Src Latency:+       0            0     
       Net Latency:+       0 (I)        0 (I) 
           Arrival:=    1502            0     
                                              
             Setup:-      11                  
       Uncertainty:-      45                  
     Required Time:=    1446                  
      Launch Clock:-       0                  
         Data Path:-    1446                  
             Slack:=       0                  

#------------------------------------------------------------------------------------------------------------------------
#         Timing Point          Flags    Arc    Edge           Cell             Fanout Load Trans Delay Arrival Instance 
#                                                                                      (fF)  (ps)  (ps)   (ps)  Location 
#------------------------------------------------------------------------------------------------------------------------
  u_plan/retime_s1_379_reg/CLK  -       -       R     (arrival)                   4715    -     0     0       0    (-,-) 
  u_plan/retime_s1_379_reg/QN   -       CLK->QN R     ASYNC_DFFHx1_ASAP7_75t_SL     25 33.4   226   135     135    (-,-) 
  u_tlb/g330885/Y               -       A->Y    F     CKINVDCx16_ASAP7_75t_R        12  6.3    31    21     156    (-,-) 
  u_tlb/g327716/Y               -       A->Y    R     NAND2xp5_ASAP7_75t_SL          8 16.1   165    81     236    (-,-) 
  u_tlb/g326958/Y               -       B->Y    F     O2A1O1Ixp33_ASAP7_75t_SL       1  0.5    67     8     244    (-,-) 
  u_tlb/g326794/Y               -       C->Y    R     AOI221xp5_ASAP7_75t_SL         1  0.5    34    21     265    (-,-) 
  u_tlb/g326688/Y               -       C->Y    F     AOI221xp5_ASAP7_75t_SL         1  0.5    69    11     276    (-,-) 
  u_tlb/g326593/Y               -       C->Y    R     AOI221xp5_ASAP7_75t_SL         1  0.5    34    21     297    (-,-) 
  u_tlb/g326517/Y               -       C->Y    F     AOI221xp5_ASAP7_75t_SL         1  0.5    37    11     307    (-,-) 
  u_tlb/g326399/Y               -       C->Y    R     AOI221xp5_ASAP7_75t_SL         1  0.5    29    17     324    (-,-) 
  u_tlb/g326326/Y               -       C->Y    F     AOI221xp5_ASAP7_75t_SL         1  0.5    41    10     334    (-,-) 
  u_tlb/g326257/Y               -       C->Y    R     AOI221xp5_ASAP7_75t_SL         1  0.5    31    17     352    (-,-) 
  u_tlb/g326174/Y               -       C->Y    F     AOI221xp5_ASAP7_75t_SL         1  0.5    74    10     362    (-,-) 
  u_tlb/g326111/Y               -       C->Y    R     AOI221xp5_ASAP7_75t_SL         1  0.5    36    22     384    (-,-) 
  u_tlb/g326039/Y               -       C->Y    F     AOI221xp5_ASAP7_75t_SL         1  0.5    45    11     394    (-,-) 
  u_tlb/g326029/Y               -       C->Y    R     AOI221xp5_ASAP7_75t_SL         1  0.5    48    18     412    (-,-) 
  u_tlb/g325986/Y               -       C->Y    F     AOI221xp5_ASAP7_75t_SL         1  0.6    66    12     424    (-,-) 
  u_tlb/g325937/Y               -       A1->Y   R     OAI331xp33_ASAP7_75t_SL        2  0.9    56    33     457    (-,-) 
  u_tlb/g325775/Y               -       A1->Y   R     OA21x2_ASAP7_75t_SL           18 19.7    70    49     506    (-,-) 
  u_tlb/drc_bufs331622/Y        -       A->Y    F     CKINVDCx16_ASAP7_75t_R        31 19.3    24    21     527    (-,-) 
  u_tlb/drc_bufs331621/Y        -       A->Y    R     INVx2_ASAP7_75t_SL            19 11.5    42    24     552    (-,-) 
  u_tlb/g325721/Y               -       A->Y    F     INVx1_ASAP7_75t_SL             4  2.4    23    14     565    (-,-) 
  u_tlb/g325445/Y               -       A2->Y   R     OAI22xp5_ASAP7_75t_SL          1  0.7    32    13     578    (-,-) 
  u_tlb/lt_169_55_I2_I1_g1255/Y -       A->Y    F     INVx1_ASAP7_75t_SL             3  1.8    18    10     588    (-,-) 
  u_tlb/lt_169_55_I2_I1_g1242/Y -       A2->Y   R     AOI22xp5_ASAP7_75t_SL          2  1.0    28    13     602    (-,-) 
  u_tlb/lt_169_55_I2_I1_g1214/Y -       C->Y    F     OAI221xp5_ASAP7_75t_SL         2  1.0    54    14     616    (-,-) 
  u_tlb/lt_169_55_I2_I1_g1197/Y -       C->Y    R     AOI211xp5_ASAP7_75t_SL         1  0.6    31    17     632    (-,-) 
  u_tlb/lt_169_55_I2_I1_g1195/Y -       C->Y    F     A2O1A1Ixp33_ASAP7_75t_SL       1  0.6    24    13     646    (-,-) 
  u_tlb/lt_169_55_I2_I1_g1194/Y -       A1->Y   R     AOI321xp33_ASAP7_75t_SL        1  1.1    40    19     665    (-,-) 
  u_tlb/g284536/Y               -       A2->Y   F     OAI21x1_ASAP7_75t_SL          23 14.6    75    37     702    (-,-) 
  u_tlb/g284532/Y               -       A->Y    R     INVx1_ASAP7_75t_SL            10  6.0    57    36     738    (-,-) 
  u_tlb/g284319/Y               -       B->Y    F     NAND2xp5_ASAP7_75t_SL          1  0.6    21     9     747    (-,-) 
  u_tlb/g284204/Y               -       B->Y    R     OAI21xp5_ASAP7_75t_SL          3  1.6    36    12     759    (-,-) 
  u_tlb/lt_211_56_I1_I1_g1175/Y -       A->Y    F     INVxp67_ASAP7_75t_SL           1  0.4    12     6     765    (-,-) 
  u_tlb/lt_211_56_I1_I1_g1125/Y -       B1->Y   R     OAI22xp33_ASAP7_75t_SL         1  0.5    24    12     776    (-,-) 
  u_tlb/lt_211_56_I1_I1_g1123/Y -       C->Y    F     OAI221xp5_ASAP7_75t_SL         1  0.5    24    11     787    (-,-) 
  u_tlb/lt_211_56_I1_I1_g1122/Y -       C->Y    R     OAI221xp5_ASAP7_75t_SL         1  0.6    31    13     800    (-,-) 
  u_tlb/lt_211_56_I1_I1_g1121/Y -       A1->Y   F     AOI222xp33_ASAP7_75t_SL        1  0.5    33    14     814    (-,-) 
  u_tlb/lt_211_56_I1_I1_g1120/Y -       C->Y    R     AOI221xp5_ASAP7_75t_SL         1  0.5    27    16     830    (-,-) 
  u_tlb/lt_211_56_I1_I1_g1119/Y -       C->Y    F     AOI221xp5_ASAP7_75t_SL         1  0.5    30    10     840    (-,-) 
  u_tlb/lt_211_56_I1_I1_g1118/Y -       C->Y    R     AOI221xp5_ASAP7_75t_SL         1  0.5    26    16     856    (-,-) 
  u_tlb/lt_211_56_I1_I1_g1117/Y -       C->Y    F     AOI221xp5_ASAP7_75t_SL         1  0.5    30    10     866    (-,-) 
  u_tlb/lt_211_56_I1_I1_g1116/Y -       C->Y    R     AOI221xp5_ASAP7_75t_SL         1  0.5    32    16     882    (-,-) 
  u_tlb/lt_211_56_I1_I1_g1115/Y -       C->Y    F     AOI221xp5_ASAP7_75t_SL         1  0.5    30    10     892    (-,-) 
  u_tlb/lt_211_56_I1_I1_g1114/Y -       C->Y    R     AOI221xp5_ASAP7_75t_SL         1  0.5    32    16     908    (-,-) 
  u_tlb/lt_211_56_I1_I1_g1113/Y -       C->Y    F     AOI221xp5_ASAP7_75t_SL         1  0.5    32    10     919    (-,-) 
  u_tlb/lt_211_56_I1_I1_g1112/Y -       C->Y    R     AOI221xp5_ASAP7_75t_SL         1  0.5    32    16     935    (-,-) 
  u_tlb/lt_211_56_I1_I1_g1111/Y -       C->Y    F     AOI221xp5_ASAP7_75t_SL         1  0.5    32    10     945    (-,-) 
  u_tlb/lt_211_56_I1_I1_g1110/Y -       C->Y    R     AOI221xp5_ASAP7_75t_SL         1  0.5    32    16     961    (-,-) 
  u_tlb/lt_211_56_I1_I1_g1109/Y -       C->Y    F     AOI221xp5_ASAP7_75t_SL         1  0.5    32    10     972    (-,-) 
  u_tlb/lt_211_56_I1_I1_g1108/Y -       C->Y    R     AOI221xp5_ASAP7_75t_SL         1  0.5    32    16     988    (-,-) 
  u_tlb/lt_211_56_I1_I1_g1107/Y -       C->Y    F     AOI221xp5_ASAP7_75t_SL         1  0.5    32    10     998    (-,-) 
  u_tlb/lt_211_56_I1_I1_g1106/Y -       C->Y    R     AOI221xp5_ASAP7_75t_SL         1  0.5    32    16    1014    (-,-) 
  u_tlb/lt_211_56_I1_I1_g1105/Y -       C->Y    F     AOI221xp5_ASAP7_75t_SL         1  0.5    32    10    1025    (-,-) 
  u_tlb/lt_211_56_I1_I1_g1104/Y -       C->Y    R     AOI221xp5_ASAP7_75t_SL         1  0.5    32    16    1041    (-,-) 
  u_tlb/lt_211_56_I1_I1_g1103/Y -       C->Y    F     AOI221xp5_ASAP7_75t_SL         1  0.5    32    10    1052    (-,-) 
  u_tlb/lt_211_56_I1_I1_g1102/Y -       C->Y    R     AOI221xp5_ASAP7_75t_SL         1  0.5    32    16    1068    (-,-) 
  u_tlb/lt_211_56_I1_I1_g1101/Y -       C->Y    F     AOI221xp5_ASAP7_75t_SL         1  0.5    32    10    1078    (-,-) 
  u_tlb/lt_211_56_I1_I1_g1100/Y -       C->Y    R     AOI221xp5_ASAP7_75t_SL         1  0.5    30    16    1094    (-,-) 
  u_tlb/lt_211_56_I1_I1_g1099/Y -       C->Y    F     AOI221xp5_ASAP7_75t_SL         1  0.5    32    10    1105    (-,-) 
  u_tlb/lt_211_56_I1_I1_g1098/Y -       C->Y    R     AOI221xp5_ASAP7_75t_SL         1  0.5    26    16    1121    (-,-) 
  u_tlb/lt_211_56_I1_I1_g1097/Y -       C->Y    F     AOI221xp5_ASAP7_75t_SL         1  0.5    32    10    1131    (-,-) 
  u_tlb/lt_211_56_I1_I1_g1096/Y -       C->Y    R     AOI221xp5_ASAP7_75t_SL         1  0.5    26    16    1147    (-,-) 
  u_tlb/lt_211_56_I1_I1_g1095/Y -       C->Y    F     AOI221xp5_ASAP7_75t_SL         1  0.5    32    10    1157    (-,-) 
  u_tlb/lt_211_56_I1_I1_g1094/Y -       C->Y    R     AOI221xp5_ASAP7_75t_SL         2 12.4   235   106    1263    (-,-) 
  u_tlb/lt_211_56_I1_I1_g1093/Y -       A->Y    F     CKINVDCx20_ASAP7_75t_R         1  0.6    26    16    1279    (-,-) 
  u_tlb/lt_211_56_I1_I1_g1091/Y -       A2->Y   R     A2O1A1Ixp33_ASAP7_75t_SL       1  3.7    57    30    1308    (-,-) 
  u_tlb/g280137/Y               -       A->Y    F     CKINVDCx5p33_ASAP7_75t_R       1  0.6    11    10    1318    (-,-) 
  u_tlb/g315392/Y               -       A1->Y   R     AOI21xp5_ASAP7_75t_SL         10  6.1    82    38    1356    (-,-) 
  u_tlb/g315318/Y               -       A->Y    F     INVx1_ASAP7_75t_SL            32 19.2   114    66    1422    (-,-) 
  u_tlb/g315147/Y               -       B2->Y   R     AOI22xp5_ASAP7_75t_SL          1  0.6    40    24    1446    (-,-) 
  u_tlb/retime_s28_72_reg/D     <<<     -       R     ASYNC_DFFHx1_ASAP7_75t_SL      1    -     -     0    1446    (-,-) 
#------------------------------------------------------------------------------------------------------------------------

