============================================================
  Generated by:           Genus(TM) Synthesis Solution 25.10-p002_1
  Generated on:           Aug 31 2026  11:45:26 am
  Operating conditions:   PVT_0P7V_25C (balanced_tree)
  Wireload mode:          enclosed
  Area mode:              timing library
============================================================

                                                                                      
           Gate             Instances   Area                   Library                
--------------------------------------------------------------------------------------
A2O1A1Ixp33_ASAP7_75t_SL           89    7.786     asap7sc7p5t_AO_SLVT_TT_nldm_201020 
A2O1A1O1Ixp25_ASAP7_75t_SL          6    0.787     asap7sc7p5t_AO_SLVT_TT_nldm_201020 
AND2x2_ASAP7_75t_SL               384   33.592 asap7sc7p5t_SIMPLE_SLVT_TT_nldm_201020 
AND3x1_ASAP7_75t_SL                 1    0.087 asap7sc7p5t_SIMPLE_SLVT_TT_nldm_201020 
AO21x1_ASAP7_75t_SL                48    4.199     asap7sc7p5t_AO_SLVT_TT_nldm_201020 
AO21x2_ASAP7_75t_SL                 9    0.919     asap7sc7p5t_AO_SLVT_TT_nldm_201020 
AO22x1_ASAP7_75t_SL                14    1.837     asap7sc7p5t_AO_SLVT_TT_nldm_201020 
AOI211xp5_ASAP7_75t_SL            126   11.022     asap7sc7p5t_AO_SLVT_TT_nldm_201020 
AOI21x1_ASAP7_75t_SL                4    0.467     asap7sc7p5t_AO_SLVT_TT_nldm_201020 
AOI21xp33_ASAP7_75t_SL             22    1.604     asap7sc7p5t_AO_SLVT_TT_nldm_201020 
AOI21xp5_ASAP7_75t_L               14    1.021      asap7sc7p5t_AO_LVT_TT_nldm_201020 
AOI21xp5_ASAP7_75t_SL             185   13.487     asap7sc7p5t_AO_SLVT_TT_nldm_201020 
AOI221xp5_ASAP7_75t_SL           1639  167.276     asap7sc7p5t_AO_SLVT_TT_nldm_201020 
AOI222xp33_ASAP7_75t_SL            62    9.040     asap7sc7p5t_AO_SLVT_TT_nldm_201020 
AOI22xp33_ASAP7_75t_L            1851  161.925      asap7sc7p5t_AO_LVT_TT_nldm_201020 
AOI22xp33_ASAP7_75t_SL            597   52.226     asap7sc7p5t_AO_SLVT_TT_nldm_201020 
AOI22xp5_ASAP7_75t_L              126   11.022      asap7sc7p5t_AO_LVT_TT_nldm_201020 
AOI22xp5_ASAP7_75t_SL            3071  268.651     asap7sc7p5t_AO_SLVT_TT_nldm_201020 
AOI311xp33_ASAP7_75t_SL            10    1.021     asap7sc7p5t_AO_SLVT_TT_nldm_201020 
AOI31xp33_ASAP7_75t_SL             13    1.137     asap7sc7p5t_AO_SLVT_TT_nldm_201020 
AOI321xp33_ASAP7_75t_SL            53    6.182     asap7sc7p5t_AO_SLVT_TT_nldm_201020 
AOI322xp5_ASAP7_75t_SL             50    6.561     asap7sc7p5t_AO_SLVT_TT_nldm_201020 
AOI32xp33_ASAP7_75t_SL             19    1.939     asap7sc7p5t_AO_SLVT_TT_nldm_201020 
AOI331xp33_ASAP7_75t_SL            29    3.805     asap7sc7p5t_AO_SLVT_TT_nldm_201020 
AOI332xp33_ASAP7_75t_SL             4    0.583     asap7sc7p5t_AO_SLVT_TT_nldm_201020 
ASYNC_DFFHx1_ASAP7_75t_L           30   11.372     asap7sc7p5t_SEQ_LVT_TT_nldm_201020 
ASYNC_DFFHx1_ASAP7_75t_SL        4685 1775.990    asap7sc7p5t_SEQ_SLVT_TT_nldm_201020 
BUFx2_ASAP7_75t_L                 141   10.279  asap7sc7p5t_INVBUF_LVT_TT_nldm_201020 
BUFx2_ASAP7_75t_SL                  9    0.656 asap7sc7p5t_INVBUF_SLVT_TT_nldm_201020 
BUFx3_ASAP7_75t_L                  10    0.875  asap7sc7p5t_INVBUF_LVT_TT_nldm_201020 
BUFx3_ASAP7_75t_SL                 10    0.875 asap7sc7p5t_INVBUF_SLVT_TT_nldm_201020 
BUFx6f_ASAP7_75t_SL                 1    0.146 asap7sc7p5t_INVBUF_SLVT_TT_nldm_201020 
BUFx8_ASAP7_75t_SL                  1    0.175 asap7sc7p5t_INVBUF_SLVT_TT_nldm_201020 
CKINVDCx11_ASAP7_75t_R             40    0.000  asap7sc7p5t_INVBUF_RVT_TT_nldm_201020 
CKINVDCx12_ASAP7_75t_R             19    0.000  asap7sc7p5t_INVBUF_RVT_TT_nldm_201020 
CKINVDCx14_ASAP7_75t_R             97    0.000  asap7sc7p5t_INVBUF_RVT_TT_nldm_201020 
CKINVDCx16_ASAP7_75t_R            242    0.000  asap7sc7p5t_INVBUF_RVT_TT_nldm_201020 
CKINVDCx20_ASAP7_75t_R           3733    0.000  asap7sc7p5t_INVBUF_RVT_TT_nldm_201020 
CKINVDCx5p33_ASAP7_75t_R         3084    0.000  asap7sc7p5t_INVBUF_RVT_TT_nldm_201020 
CKINVDCx8_ASAP7_75t_R              10    0.000  asap7sc7p5t_INVBUF_RVT_TT_nldm_201020 
FAx1_ASAP7_75t_SL                  18    3.674 asap7sc7p5t_SIMPLE_SLVT_TT_nldm_201020 
HAxp5_ASAP7_75t_SL                  4    0.525 asap7sc7p5t_SIMPLE_SLVT_TT_nldm_201020 
HB1xp67_ASAP7_75t_L               100    5.832  asap7sc7p5t_INVBUF_LVT_TT_nldm_201020 
HB1xp67_ASAP7_75t_SL               15    0.875 asap7sc7p5t_INVBUF_SLVT_TT_nldm_201020 
INVx1_ASAP7_75t_SL               1043   45.621 asap7sc7p5t_INVBUF_SLVT_TT_nldm_201020 
INVx2_ASAP7_75t_SL                 14    0.816 asap7sc7p5t_INVBUF_SLVT_TT_nldm_201020 
INVx3_ASAP7_75t_SL                  7    0.510 asap7sc7p5t_INVBUF_SLVT_TT_nldm_201020 
INVx4_ASAP7_75t_SL                  1    0.087 asap7sc7p5t_INVBUF_SLVT_TT_nldm_201020 
INVx5_ASAP7_75t_SL                  1    0.102 asap7sc7p5t_INVBUF_SLVT_TT_nldm_201020 
INVx6_ASAP7_75t_SL                  1    0.117 asap7sc7p5t_INVBUF_SLVT_TT_nldm_201020 
INVxp33_ASAP7_75t_SL               15    0.656 asap7sc7p5t_INVBUF_SLVT_TT_nldm_201020 
INVxp67_ASAP7_75t_SL             1165   50.957 asap7sc7p5t_INVBUF_SLVT_TT_nldm_201020 
MAJIxp5_ASAP7_75t_SL               78    7.961 asap7sc7p5t_SIMPLE_SLVT_TT_nldm_201020 
NAND2x2_ASAP7_75t_SL                8    1.166 asap7sc7p5t_SIMPLE_SLVT_TT_nldm_201020 
NAND2xp33_ASAP7_75t_L              64    3.732  asap7sc7p5t_SIMPLE_LVT_TT_nldm_201020 
NAND2xp33_ASAP7_75t_SL             38    2.216 asap7sc7p5t_SIMPLE_SLVT_TT_nldm_201020 
NAND2xp5_ASAP7_75t_L               28    1.633  asap7sc7p5t_SIMPLE_LVT_TT_nldm_201020 
NAND2xp5_ASAP7_75t_SL             367   21.403 asap7sc7p5t_SIMPLE_SLVT_TT_nldm_201020 
NAND3xp33_ASAP7_75t_SL             34    2.479 asap7sc7p5t_SIMPLE_SLVT_TT_nldm_201020 
NAND4xp25_ASAP7_75t_SL             13    1.137 asap7sc7p5t_SIMPLE_SLVT_TT_nldm_201020 
NAND5xp2_ASAP7_75t_SL             172   17.554 asap7sc7p5t_SIMPLE_SLVT_TT_nldm_201020 
NOR2xp33_ASAP7_75t_L                1    0.058  asap7sc7p5t_SIMPLE_LVT_TT_nldm_201020 
NOR2xp33_ASAP7_75t_SL            3178  185.341 asap7sc7p5t_SIMPLE_SLVT_TT_nldm_201020 
NOR3x1_ASAP7_75t_SL                 8    1.283 asap7sc7p5t_SIMPLE_SLVT_TT_nldm_201020 
NOR3xp33_ASAP7_75t_L                6    0.437  asap7sc7p5t_SIMPLE_LVT_TT_nldm_201020 
NOR3xp33_ASAP7_75t_SL              64    4.666 asap7sc7p5t_SIMPLE_SLVT_TT_nldm_201020 
NOR4xp25_ASAP7_75t_SL              12    1.050 asap7sc7p5t_SIMPLE_SLVT_TT_nldm_201020 
NOR5xp2_ASAP7_75t_SL              186   18.983 asap7sc7p5t_SIMPLE_SLVT_TT_nldm_201020 
O2A1O1Ixp33_ASAP7_75t_SL          124   10.848     asap7sc7p5t_OA_SLVT_TT_nldm_201020 
OA21x2_ASAP7_75t_SL                 9    0.919     asap7sc7p5t_OA_SLVT_TT_nldm_201020 
OAI211xp5_ASAP7_75t_SL            109    9.535     asap7sc7p5t_OA_SLVT_TT_nldm_201020 
OAI21x1_ASAP7_75t_SL                3    0.350     asap7sc7p5t_OA_SLVT_TT_nldm_201020 
OAI21xp33_ASAP7_75t_SL             14    1.021     asap7sc7p5t_OA_SLVT_TT_nldm_201020 
OAI21xp5_ASAP7_75t_SL             185   13.487     asap7sc7p5t_OA_SLVT_TT_nldm_201020 
OAI221xp5_ASAP7_75t_SL           1740  177.584     asap7sc7p5t_OA_SLVT_TT_nldm_201020 
OAI222xp33_ASAP7_75t_SL            39    5.686     asap7sc7p5t_OA_SLVT_TT_nldm_201020 
OAI22xp33_ASAP7_75t_SL            204   17.846     asap7sc7p5t_OA_SLVT_TT_nldm_201020 
OAI22xp5_ASAP7_75t_SL            1978  173.035     asap7sc7p5t_OA_SLVT_TT_nldm_201020 
OAI311xp33_ASAP7_75t_SL            13    1.327     asap7sc7p5t_OA_SLVT_TT_nldm_201020 
OAI31xp33_ASAP7_75t_SL             37    3.237     asap7sc7p5t_OA_SLVT_TT_nldm_201020 
OAI321xp33_ASAP7_75t_SL           123   14.347     asap7sc7p5t_OA_SLVT_TT_nldm_201020 
OAI322xp33_ASAP7_75t_SL           212   27.819     asap7sc7p5t_OA_SLVT_TT_nldm_201020 
OAI32xp33_ASAP7_75t_L               5    0.510      asap7sc7p5t_OA_LVT_TT_nldm_201020 
OAI32xp33_ASAP7_75t_SL             28    2.858     asap7sc7p5t_OA_SLVT_TT_nldm_201020 
OAI331xp33_ASAP7_75t_SL            10    1.312     asap7sc7p5t_OA_SLVT_TT_nldm_201020 
OAI332xp33_ASAP7_75t_SL             3    0.437     asap7sc7p5t_OA_SLVT_TT_nldm_201020 
OAI33xp33_ASAP7_75t_SL            150   17.496     asap7sc7p5t_OA_SLVT_TT_nldm_201020 
OR2x2_ASAP7_75t_SL                264   23.095 asap7sc7p5t_SIMPLE_SLVT_TT_nldm_201020 
OR3x1_ASAP7_75t_SL                  4    0.350 asap7sc7p5t_SIMPLE_SLVT_TT_nldm_201020 
OR4x1_ASAP7_75t_SL                  1    0.102 asap7sc7p5t_SIMPLE_SLVT_TT_nldm_201020 
XNOR2xp5_ASAP7_75t_L                1    0.131  asap7sc7p5t_SIMPLE_LVT_TT_nldm_201020 
XNOR2xp5_ASAP7_75t_SL              29    3.805 asap7sc7p5t_SIMPLE_SLVT_TT_nldm_201020 
XOR2xp5_ASAP7_75t_L                 1    0.131  asap7sc7p5t_SIMPLE_LVT_TT_nldm_201020 
XOR2xp5_ASAP7_75t_SL               46    6.036 asap7sc7p5t_SIMPLE_SLVT_TT_nldm_201020 
--------------------------------------------------------------------------------------
total                           32511 3462.721                                        
                                                                      
                Library                Instances   Area   Instances % 
----------------------------------------------------------------------
asap7sc7p5t_AO_LVT_TT_nldm_201020           1991  173.969         6.1 
asap7sc7p5t_AO_SLVT_TT_nldm_201020          6050  560.528        18.6 
asap7sc7p5t_INVBUF_LVT_TT_nldm_201020        251   16.986         0.8 
asap7sc7p5t_INVBUF_RVT_TT_nldm_201020       7225    0.000        22.2 
asap7sc7p5t_INVBUF_SLVT_TT_nldm_201020      2283  101.593         7.0 
asap7sc7p5t_OA_LVT_TT_nldm_201020              5    0.510         0.0 
asap7sc7p5t_OA_SLVT_TT_nldm_201020          4981  479.143        15.3 
asap7sc7p5t_SEQ_LVT_TT_nldm_201020            30   11.372         0.1 
asap7sc7p5t_SEQ_SLVT_TT_nldm_201020         4685 1775.990        14.4 
asap7sc7p5t_SIMPLE_LVT_TT_nldm_201020        101    6.124         0.3 
asap7sc7p5t_SIMPLE_SLVT_TT_nldm_201020      4909  336.506        15.1 
                                         
     Type      Instances   Area   Area % 
-----------------------------------------
sequential          4715 1787.362   51.6 
inverter            9472   98.867    2.9 
buffer               287   19.712    0.6 
logic              18037 1556.780   45.0 
physical_cells         0    0.000    0.0 
-----------------------------------------
total              32511 3462.721  100.0 
