 
****************************************
Report : area
Design : fp32_add
Version: P-2019.03-SP5-6
Date   : Sun Aug 30 23:18:18 2026
****************************************

Library(s) Used:

    asap7sc7p5t_INVBUF_RVT_TT_nldm_211120 (File: /thu-bloor/xinyao-w23/kvpim-rtl/third_party/asap7_lib/db/asap7sc7p5t_INVBUF_RVT_TT_nldm_211120.db)
    asap7sc7p5t_AO_RVT_TT_nldm_211120 (File: /thu-bloor/xinyao-w23/kvpim-rtl/third_party/asap7_lib/db/asap7sc7p5t_AO_RVT_TT_nldm_211120.db)
    asap7sc7p5t_OA_RVT_TT_nldm_211120 (File: /thu-bloor/xinyao-w23/kvpim-rtl/third_party/asap7_lib/db/asap7sc7p5t_OA_RVT_TT_nldm_211120.db)
    asap7sc7p5t_SIMPLE_RVT_TT_nldm_211120 (File: /thu-bloor/xinyao-w23/kvpim-rtl/third_party/asap7_lib/db/asap7sc7p5t_SIMPLE_RVT_TT_nldm_211120.db)
    asap7sc7p5t_SEQ_RVT_TT_nldm_220123 (File: /thu-bloor/xinyao-w23/kvpim-rtl/third_party/asap7_lib/db/asap7sc7p5t_SEQ_RVT_TT_nldm_220123.db)

Number of ports:                          619
Number of nets:                          2758
Number of cells:                         2238
Number of combinational cells:           2078
Number of sequential cells:               150
Number of macros/black boxes:               0
Number of buf/inv:                        702
Number of references:                      85

Combinational area:                154.650060
Buf/Inv area:                       34.700400
Noncombinational area:              56.862000
Macro/Black Box area:                0.000000
Net Interconnect area:      undefined  (No wire load specified)

Total cell area:                   211.512059
Total area:                 undefined

Hierarchical area distribution
------------------------------

                                  Global cell area          Local cell area
                                  ------------------  --------------------------- 
Hierarchical cell                 Absolute   Percent  Combi-    Noncombi-  Black-
                                  Total      Total    national  national   boxes   Design
--------------------------------  ---------  -------  --------  ---------  ------  -------------------
fp32_add                           211.5121    100.0   60.0842    56.8620  0.0000  fp32_add
add_107                              1.4434      0.7    1.4434     0.0000  0.0000  fp32_add_DW01_inc_1
add_166                              8.2085      3.9    8.2085     0.0000  0.0000  fp32_add_DW01_add_5
add_170                              1.7496      0.8    1.7496     0.0000  0.0000  fp32_add_DW01_inc_4
add_83_S2                           12.6700      6.0   12.6700     0.0000  0.0000  fp32_add_DW01_add_3
sll_144                             15.0174      7.1   15.0174     0.0000  0.0000  fp32_add_DW01_ash_0
sll_64                              12.0285      5.7   12.0285     0.0000  0.0000  fp32_add_DW01_ash_1
srl_62                              20.1204      9.5   20.1204     0.0000  0.0000  fp32_add_DW_rash_1
sub_145                              2.9452      1.4    2.9452     0.0000  0.0000  fp32_add_DW01_sub_6
sub_48                               5.7299      2.7    5.7299     0.0000  0.0000  fp32_add_DW01_sub_9
sub_84                              14.6529      6.9   14.6529     0.0000  0.0000  fp32_add_DW01_sub_5
--------------------------------  ---------  -------  --------  ---------  ------  -------------------
Total                                                 154.6501    56.8620  0.0000

1
