
                             Library Compiler (TM)

               Version O-2018.06-SP5-1 for linux64 - May 15, 2019

                    Copyright (c) 1988 - 2019 Synopsys, Inc.
   This software and the associated documentation are proprietary to Synopsys,
 Inc. This software may only be used in accordance with the terms and conditions
 of a written license agreement with Synopsys, Inc. All other use, reproduction,
            or distribution of this software is strictly prohibited.

Initializing...
# Compile the selected ASAP7 SRAM Liberty view to Synopsys DB for DC.
set script_dir [file dirname [file normalize [info script]]]
/thu-bloor/xinyao-w23/kvpim-rtl/syn
set sram_dir [file normalize [file join $script_dir .. third_party asap7 asap7_sram_0p0 generated]]
/thu-bloor/xinyao-w23/kvpim-rtl/third_party/asap7/asap7_sram_0p0/generated
set out_dir [file join $sram_dir db]
/thu-bloor/xinyao-w23/kvpim-rtl/third_party/asap7/asap7_sram_0p0/generated/db
file mkdir $out_dir
foreach name {srambank_256x4x64_6t122 srambank_64x4x16_6t122} {
    read_lib [file join $sram_dir LIB ${name}.lib]
    write_lib $name -format db -output [file join $out_dir ${name}.db]
}
Reading '/thu-bloor/xinyao-w23/kvpim-rtl/third_party/asap7/asap7_sram_0p0/generated/LIB/srambank_256x4x64_6t122.lib' ...
Warning: Line 1, The 'internal_power_calculation' attribute in char_config group is required for NLPM library. 
	No default can be applied to this attribute. (LBDB-366)
Warning: Line 1709, Cell 'srambank_256x4x64_6t122', pin 'dataout[63]', The 'cell_fall' group in this timing arc are ignored. (LBDB-639)
Warning: Line 1709, Cell 'srambank_256x4x64_6t122', pin 'dataout[63]', The 'fall_transition' group in this timing arc are ignored. (LBDB-639)
Warning: Line 107, Cell 'srambank_256x4x64_6t122', Failed to recognize the functionality of cell 'srambank_256x4x64_6t122'. (LIBG-10)
Technology library 'srambank_256x4x64_6t122' read successfully
Wrote the 'srambank_256x4x64_6t122' library to '/thu-bloor/xinyao-w23/kvpim-rtl/third_party/asap7/asap7_sram_0p0/generated/db/srambank_256x4x64_6t122.db' successfully
Reading '/thu-bloor/xinyao-w23/kvpim-rtl/third_party/asap7/asap7_sram_0p0/generated/LIB/srambank_64x4x16_6t122.lib' ...
Warning: Line 1, The 'internal_power_calculation' attribute in char_config group is required for NLPM library. 
	No default can be applied to this attribute. (LBDB-366)
Warning: Line 1017, Cell 'srambank_64x4x16_6t122', pin 'dataout[15]', The 'cell_fall' group in this timing arc are ignored. (LBDB-639)
Warning: Line 1017, Cell 'srambank_64x4x16_6t122', pin 'dataout[15]', The 'fall_transition' group in this timing arc are ignored. (LBDB-639)
Warning: Line 107, Cell 'srambank_64x4x16_6t122', Failed to recognize the functionality of cell 'srambank_64x4x16_6t122'. (LIBG-10)
Technology library 'srambank_64x4x16_6t122' read successfully
Wrote the 'srambank_64x4x16_6t122' library to '/thu-bloor/xinyao-w23/kvpim-rtl/third_party/asap7/asap7_sram_0p0/generated/db/srambank_64x4x16_6t122.db' successfully
quit
Maximum memory usage for this session: 68.85 MB
CPU usage for this session:      1 seconds (  0.00 hours)
Elapsed time for this session:    183 seconds (  0.05 hours)
Thank you for using Library Compiler.
Memory usage for this session 68 Mbytes.
CPU usage for this session 1 seconds ( 0.00 hours ).

Thank you...
