 
****************************************
Report : timing
        -path full
        -delay min
        -max_paths 20
Design : fp32_exp
Version: P-2019.03-SP5-6
Date   : Mon Aug 31 00:23:01 2026
****************************************

 # A fanout number of 1000 was used for high fanout net computations.

Operating Conditions: PVT_0P7V_25C   Library: asap7sc7p5t_AO_RVT_TT_nldm_211120
Wire Load Model Mode: top

  Startpoint: x\[11\] (input port clocked by clk)
  Endpoint: s1_mag_u_reg\[12\]
            (rising edge-triggered flip-flop clocked by clk)
  Path Group: clk
  Path Type: min

  Point                                                   Incr       Path
  --------------------------------------------------------------------------
  clock clk (rise edge)                                   0.00       0.00
  clock network delay (ideal)                             0.00       0.00
  input external delay                                    0.00       0.00 r
  x\[11\] (in)                                            7.57       7.57 r
  U3536/Y (NAND2xp5_ASAP7_75t_R)                          9.55      17.12 f
  U3538/Y (NAND3xp33_ASAP7_75t_R)                        12.97      30.08 r
  U3546/Y (AOI222xp33_ASAP7_75t_R)                       15.09      45.17 f
  U2890/Y (HB1xp67_ASAP7_75t_R)                          20.60      65.77 f
  s1_mag_u_reg\[12\]/D (DFFASRHQNx1_ASAP7_75t_R)          0.00      65.77 f
  data arrival time                                                 65.77

  clock clk (rise edge)                                   0.00       0.00
  clock network delay (ideal)                             0.00       0.00
  clock uncertainty                                      50.00      50.00
  s1_mag_u_reg\[12\]/CLK (DFFASRHQNx1_ASAP7_75t_R)        0.00      50.00 r
  library hold time                                      15.53      65.53
  data required time                                                65.53
  --------------------------------------------------------------------------
  data required time                                                65.53
  data arrival time                                                -65.77
  --------------------------------------------------------------------------
  slack (MET)                                                        0.24


  Startpoint: x\[13\] (input port clocked by clk)
  Endpoint: s1_mag_u_reg\[19\]
            (rising edge-triggered flip-flop clocked by clk)
  Path Group: clk
  Path Type: min

  Point                                                   Incr       Path
  --------------------------------------------------------------------------
  clock clk (rise edge)                                   0.00       0.00
  clock network delay (ideal)                             0.00       0.00
  input external delay                                    0.00       0.00 r
  x\[13\] (in)                                            5.46       5.46 r
  U4855/Y (AOI22xp33_ASAP7_75t_R)                        11.13      16.59 f
  U4854/Y (OAI221xp5_ASAP7_75t_R)                        14.17      30.76 r
  U4853/Y (AOI222xp33_ASAP7_75t_R)                       14.36      45.12 f
  U3189/Y (HB1xp67_ASAP7_75t_R)                          21.01      66.13 f
  s1_mag_u_reg\[19\]/D (DFFASRHQNx1_ASAP7_75t_R)          0.00      66.13 f
  data arrival time                                                 66.13

  clock clk (rise edge)                                   0.00       0.00
  clock network delay (ideal)                             0.00       0.00
  clock uncertainty                                      50.00      50.00
  s1_mag_u_reg\[19\]/CLK (DFFASRHQNx1_ASAP7_75t_R)        0.00      50.00 r
  library hold time                                      15.53      65.53
  data required time                                                65.53
  --------------------------------------------------------------------------
  data required time                                                65.53
  data arrival time                                                -66.13
  --------------------------------------------------------------------------
  slack (MET)                                                        0.60


  Startpoint: y_reg\[16\]
              (rising edge-triggered flip-flop clocked by clk)
  Endpoint: y\[16\] (output port clocked by clk)
  Path Group: clk
  Path Type: min

  Point                                                   Incr       Path
  --------------------------------------------------------------------------
  clock clk (rise edge)                                   0.00       0.00
  clock network delay (ideal)                             0.00       0.00
  y_reg\[16\]/CLK (DFFASRHQNx1_ASAP7_75t_R)               0.00 #     0.00 r
  y_reg\[16\]/QN (DFFASRHQNx1_ASAP7_75t_R)               51.20      51.20 r
  y\[16\] (out)                                           0.00      51.20 r
  data arrival time                                                 51.20

  clock clk (rise edge)                                   0.00       0.00
  clock network delay (ideal)                             0.00       0.00
  clock uncertainty                                      50.00      50.00
  output external delay                                   0.00      50.00
  data required time                                                50.00
  --------------------------------------------------------------------------
  data required time                                                50.00
  data arrival time                                                -51.20
  --------------------------------------------------------------------------
  slack (MET)                                                        1.20


  Startpoint: y_reg\[15\]
              (rising edge-triggered flip-flop clocked by clk)
  Endpoint: y\[15\] (output port clocked by clk)
  Path Group: clk
  Path Type: min

  Point                                                   Incr       Path
  --------------------------------------------------------------------------
  clock clk (rise edge)                                   0.00       0.00
  clock network delay (ideal)                             0.00       0.00
  y_reg\[15\]/CLK (DFFASRHQNx1_ASAP7_75t_R)               0.00 #     0.00 r
  y_reg\[15\]/QN (DFFASRHQNx1_ASAP7_75t_R)               51.20      51.20 r
  y\[15\] (out)                                           0.00      51.20 r
  data arrival time                                                 51.20

  clock clk (rise edge)                                   0.00       0.00
  clock network delay (ideal)                             0.00       0.00
  clock uncertainty                                      50.00      50.00
  output external delay                                   0.00      50.00
  data required time                                                50.00
  --------------------------------------------------------------------------
  data required time                                                50.00
  data arrival time                                                -51.20
  --------------------------------------------------------------------------
  slack (MET)                                                        1.20


  Startpoint: y_reg\[14\]
              (rising edge-triggered flip-flop clocked by clk)
  Endpoint: y\[14\] (output port clocked by clk)
  Path Group: clk
  Path Type: min

  Point                                                   Incr       Path
  --------------------------------------------------------------------------
  clock clk (rise edge)                                   0.00       0.00
  clock network delay (ideal)                             0.00       0.00
  y_reg\[14\]/CLK (DFFASRHQNx1_ASAP7_75t_R)               0.00 #     0.00 r
  y_reg\[14\]/QN (DFFASRHQNx1_ASAP7_75t_R)               51.20      51.20 r
  y\[14\] (out)                                           0.00      51.20 r
  data arrival time                                                 51.20

  clock clk (rise edge)                                   0.00       0.00
  clock network delay (ideal)                             0.00       0.00
  clock uncertainty                                      50.00      50.00
  output external delay                                   0.00      50.00
  data required time                                                50.00
  --------------------------------------------------------------------------
  data required time                                                50.00
  data arrival time                                                -51.20
  --------------------------------------------------------------------------
  slack (MET)                                                        1.20


  Startpoint: y_reg\[13\]
              (rising edge-triggered flip-flop clocked by clk)
  Endpoint: y\[13\] (output port clocked by clk)
  Path Group: clk
  Path Type: min

  Point                                                   Incr       Path
  --------------------------------------------------------------------------
  clock clk (rise edge)                                   0.00       0.00
  clock network delay (ideal)                             0.00       0.00
  y_reg\[13\]/CLK (DFFASRHQNx1_ASAP7_75t_R)               0.00 #     0.00 r
  y_reg\[13\]/QN (DFFASRHQNx1_ASAP7_75t_R)               51.20      51.20 r
  y\[13\] (out)                                           0.00      51.20 r
  data arrival time                                                 51.20

  clock clk (rise edge)                                   0.00       0.00
  clock network delay (ideal)                             0.00       0.00
  clock uncertainty                                      50.00      50.00
  output external delay                                   0.00      50.00
  data required time                                                50.00
  --------------------------------------------------------------------------
  data required time                                                50.00
  data arrival time                                                -51.20
  --------------------------------------------------------------------------
  slack (MET)                                                        1.20


  Startpoint: y_reg\[12\]
              (rising edge-triggered flip-flop clocked by clk)
  Endpoint: y\[12\] (output port clocked by clk)
  Path Group: clk
  Path Type: min

  Point                                                   Incr       Path
  --------------------------------------------------------------------------
  clock clk (rise edge)                                   0.00       0.00
  clock network delay (ideal)                             0.00       0.00
  y_reg\[12\]/CLK (DFFASRHQNx1_ASAP7_75t_R)               0.00 #     0.00 r
  y_reg\[12\]/QN (DFFASRHQNx1_ASAP7_75t_R)               51.20      51.20 r
  y\[12\] (out)                                           0.00      51.20 r
  data arrival time                                                 51.20

  clock clk (rise edge)                                   0.00       0.00
  clock network delay (ideal)                             0.00       0.00
  clock uncertainty                                      50.00      50.00
  output external delay                                   0.00      50.00
  data required time                                                50.00
  --------------------------------------------------------------------------
  data required time                                                50.00
  data arrival time                                                -51.20
  --------------------------------------------------------------------------
  slack (MET)                                                        1.20


  Startpoint: y_reg\[11\]
              (rising edge-triggered flip-flop clocked by clk)
  Endpoint: y\[11\] (output port clocked by clk)
  Path Group: clk
  Path Type: min

  Point                                                   Incr       Path
  --------------------------------------------------------------------------
  clock clk (rise edge)                                   0.00       0.00
  clock network delay (ideal)                             0.00       0.00
  y_reg\[11\]/CLK (DFFASRHQNx1_ASAP7_75t_R)               0.00 #     0.00 r
  y_reg\[11\]/QN (DFFASRHQNx1_ASAP7_75t_R)               51.20      51.20 r
  y\[11\] (out)                                           0.00      51.20 r
  data arrival time                                                 51.20

  clock clk (rise edge)                                   0.00       0.00
  clock network delay (ideal)                             0.00       0.00
  clock uncertainty                                      50.00      50.00
  output external delay                                   0.00      50.00
  data required time                                                50.00
  --------------------------------------------------------------------------
  data required time                                                50.00
  data arrival time                                                -51.20
  --------------------------------------------------------------------------
  slack (MET)                                                        1.20


  Startpoint: y_reg\[10\]
              (rising edge-triggered flip-flop clocked by clk)
  Endpoint: y\[10\] (output port clocked by clk)
  Path Group: clk
  Path Type: min

  Point                                                   Incr       Path
  --------------------------------------------------------------------------
  clock clk (rise edge)                                   0.00       0.00
  clock network delay (ideal)                             0.00       0.00
  y_reg\[10\]/CLK (DFFASRHQNx1_ASAP7_75t_R)               0.00 #     0.00 r
  y_reg\[10\]/QN (DFFASRHQNx1_ASAP7_75t_R)               51.20      51.20 r
  y\[10\] (out)                                           0.00      51.20 r
  data arrival time                                                 51.20

  clock clk (rise edge)                                   0.00       0.00
  clock network delay (ideal)                             0.00       0.00
  clock uncertainty                                      50.00      50.00
  output external delay                                   0.00      50.00
  data required time                                                50.00
  --------------------------------------------------------------------------
  data required time                                                50.00
  data arrival time                                                -51.20
  --------------------------------------------------------------------------
  slack (MET)                                                        1.20


  Startpoint: y_reg\[9\] (rising edge-triggered flip-flop clocked by clk)
  Endpoint: y\[9\] (output port clocked by clk)
  Path Group: clk
  Path Type: min

  Point                                                   Incr       Path
  --------------------------------------------------------------------------
  clock clk (rise edge)                                   0.00       0.00
  clock network delay (ideal)                             0.00       0.00
  y_reg\[9\]/CLK (DFFASRHQNx1_ASAP7_75t_R)                0.00 #     0.00 r
  y_reg\[9\]/QN (DFFASRHQNx1_ASAP7_75t_R)                51.20      51.20 r
  y\[9\] (out)                                            0.00      51.20 r
  data arrival time                                                 51.20

  clock clk (rise edge)                                   0.00       0.00
  clock network delay (ideal)                             0.00       0.00
  clock uncertainty                                      50.00      50.00
  output external delay                                   0.00      50.00
  data required time                                                50.00
  --------------------------------------------------------------------------
  data required time                                                50.00
  data arrival time                                                -51.20
  --------------------------------------------------------------------------
  slack (MET)                                                        1.20


  Startpoint: y_reg\[8\] (rising edge-triggered flip-flop clocked by clk)
  Endpoint: y\[8\] (output port clocked by clk)
  Path Group: clk
  Path Type: min

  Point                                                   Incr       Path
  --------------------------------------------------------------------------
  clock clk (rise edge)                                   0.00       0.00
  clock network delay (ideal)                             0.00       0.00
  y_reg\[8\]/CLK (DFFASRHQNx1_ASAP7_75t_R)                0.00 #     0.00 r
  y_reg\[8\]/QN (DFFASRHQNx1_ASAP7_75t_R)                51.20      51.20 r
  y\[8\] (out)                                            0.00      51.20 r
  data arrival time                                                 51.20

  clock clk (rise edge)                                   0.00       0.00
  clock network delay (ideal)                             0.00       0.00
  clock uncertainty                                      50.00      50.00
  output external delay                                   0.00      50.00
  data required time                                                50.00
  --------------------------------------------------------------------------
  data required time                                                50.00
  data arrival time                                                -51.20
  --------------------------------------------------------------------------
  slack (MET)                                                        1.20


  Startpoint: y_reg\[7\] (rising edge-triggered flip-flop clocked by clk)
  Endpoint: y\[7\] (output port clocked by clk)
  Path Group: clk
  Path Type: min

  Point                                                   Incr       Path
  --------------------------------------------------------------------------
  clock clk (rise edge)                                   0.00       0.00
  clock network delay (ideal)                             0.00       0.00
  y_reg\[7\]/CLK (DFFASRHQNx1_ASAP7_75t_R)                0.00 #     0.00 r
  y_reg\[7\]/QN (DFFASRHQNx1_ASAP7_75t_R)                51.20      51.20 r
  y\[7\] (out)                                            0.00      51.20 r
  data arrival time                                                 51.20

  clock clk (rise edge)                                   0.00       0.00
  clock network delay (ideal)                             0.00       0.00
  clock uncertainty                                      50.00      50.00
  output external delay                                   0.00      50.00
  data required time                                                50.00
  --------------------------------------------------------------------------
  data required time                                                50.00
  data arrival time                                                -51.20
  --------------------------------------------------------------------------
  slack (MET)                                                        1.20


  Startpoint: y_reg\[6\] (rising edge-triggered flip-flop clocked by clk)
  Endpoint: y\[6\] (output port clocked by clk)
  Path Group: clk
  Path Type: min

  Point                                                   Incr       Path
  --------------------------------------------------------------------------
  clock clk (rise edge)                                   0.00       0.00
  clock network delay (ideal)                             0.00       0.00
  y_reg\[6\]/CLK (DFFASRHQNx1_ASAP7_75t_R)                0.00 #     0.00 r
  y_reg\[6\]/QN (DFFASRHQNx1_ASAP7_75t_R)                51.20      51.20 r
  y\[6\] (out)                                            0.00      51.20 r
  data arrival time                                                 51.20

  clock clk (rise edge)                                   0.00       0.00
  clock network delay (ideal)                             0.00       0.00
  clock uncertainty                                      50.00      50.00
  output external delay                                   0.00      50.00
  data required time                                                50.00
  --------------------------------------------------------------------------
  data required time                                                50.00
  data arrival time                                                -51.20
  --------------------------------------------------------------------------
  slack (MET)                                                        1.20


  Startpoint: y_reg\[5\] (rising edge-triggered flip-flop clocked by clk)
  Endpoint: y\[5\] (output port clocked by clk)
  Path Group: clk
  Path Type: min

  Point                                                   Incr       Path
  --------------------------------------------------------------------------
  clock clk (rise edge)                                   0.00       0.00
  clock network delay (ideal)                             0.00       0.00
  y_reg\[5\]/CLK (DFFASRHQNx1_ASAP7_75t_R)                0.00 #     0.00 r
  y_reg\[5\]/QN (DFFASRHQNx1_ASAP7_75t_R)                51.20      51.20 r
  y\[5\] (out)                                            0.00      51.20 r
  data arrival time                                                 51.20

  clock clk (rise edge)                                   0.00       0.00
  clock network delay (ideal)                             0.00       0.00
  clock uncertainty                                      50.00      50.00
  output external delay                                   0.00      50.00
  data required time                                                50.00
  --------------------------------------------------------------------------
  data required time                                                50.00
  data arrival time                                                -51.20
  --------------------------------------------------------------------------
  slack (MET)                                                        1.20


  Startpoint: y_reg\[4\] (rising edge-triggered flip-flop clocked by clk)
  Endpoint: y\[4\] (output port clocked by clk)
  Path Group: clk
  Path Type: min

  Point                                                   Incr       Path
  --------------------------------------------------------------------------
  clock clk (rise edge)                                   0.00       0.00
  clock network delay (ideal)                             0.00       0.00
  y_reg\[4\]/CLK (DFFASRHQNx1_ASAP7_75t_R)                0.00 #     0.00 r
  y_reg\[4\]/QN (DFFASRHQNx1_ASAP7_75t_R)                51.20      51.20 r
  y\[4\] (out)                                            0.00      51.20 r
  data arrival time                                                 51.20

  clock clk (rise edge)                                   0.00       0.00
  clock network delay (ideal)                             0.00       0.00
  clock uncertainty                                      50.00      50.00
  output external delay                                   0.00      50.00
  data required time                                                50.00
  --------------------------------------------------------------------------
  data required time                                                50.00
  data arrival time                                                -51.20
  --------------------------------------------------------------------------
  slack (MET)                                                        1.20


  Startpoint: y_reg\[3\] (rising edge-triggered flip-flop clocked by clk)
  Endpoint: y\[3\] (output port clocked by clk)
  Path Group: clk
  Path Type: min

  Point                                                   Incr       Path
  --------------------------------------------------------------------------
  clock clk (rise edge)                                   0.00       0.00
  clock network delay (ideal)                             0.00       0.00
  y_reg\[3\]/CLK (DFFASRHQNx1_ASAP7_75t_R)                0.00 #     0.00 r
  y_reg\[3\]/QN (DFFASRHQNx1_ASAP7_75t_R)                51.20      51.20 r
  y\[3\] (out)                                            0.00      51.20 r
  data arrival time                                                 51.20

  clock clk (rise edge)                                   0.00       0.00
  clock network delay (ideal)                             0.00       0.00
  clock uncertainty                                      50.00      50.00
  output external delay                                   0.00      50.00
  data required time                                                50.00
  --------------------------------------------------------------------------
  data required time                                                50.00
  data arrival time                                                -51.20
  --------------------------------------------------------------------------
  slack (MET)                                                        1.20


  Startpoint: y_reg\[2\] (rising edge-triggered flip-flop clocked by clk)
  Endpoint: y\[2\] (output port clocked by clk)
  Path Group: clk
  Path Type: min

  Point                                                   Incr       Path
  --------------------------------------------------------------------------
  clock clk (rise edge)                                   0.00       0.00
  clock network delay (ideal)                             0.00       0.00
  y_reg\[2\]/CLK (DFFASRHQNx1_ASAP7_75t_R)                0.00 #     0.00 r
  y_reg\[2\]/QN (DFFASRHQNx1_ASAP7_75t_R)                51.20      51.20 r
  y\[2\] (out)                                            0.00      51.20 r
  data arrival time                                                 51.20

  clock clk (rise edge)                                   0.00       0.00
  clock network delay (ideal)                             0.00       0.00
  clock uncertainty                                      50.00      50.00
  output external delay                                   0.00      50.00
  data required time                                                50.00
  --------------------------------------------------------------------------
  data required time                                                50.00
  data arrival time                                                -51.20
  --------------------------------------------------------------------------
  slack (MET)                                                        1.20


  Startpoint: y_reg\[1\] (rising edge-triggered flip-flop clocked by clk)
  Endpoint: y\[1\] (output port clocked by clk)
  Path Group: clk
  Path Type: min

  Point                                                   Incr       Path
  --------------------------------------------------------------------------
  clock clk (rise edge)                                   0.00       0.00
  clock network delay (ideal)                             0.00       0.00
  y_reg\[1\]/CLK (DFFASRHQNx1_ASAP7_75t_R)                0.00 #     0.00 r
  y_reg\[1\]/QN (DFFASRHQNx1_ASAP7_75t_R)                51.20      51.20 r
  y\[1\] (out)                                            0.00      51.20 r
  data arrival time                                                 51.20

  clock clk (rise edge)                                   0.00       0.00
  clock network delay (ideal)                             0.00       0.00
  clock uncertainty                                      50.00      50.00
  output external delay                                   0.00      50.00
  data required time                                                50.00
  --------------------------------------------------------------------------
  data required time                                                50.00
  data arrival time                                                -51.20
  --------------------------------------------------------------------------
  slack (MET)                                                        1.20


  Startpoint: y_reg\[0\] (rising edge-triggered flip-flop clocked by clk)
  Endpoint: y\[0\] (output port clocked by clk)
  Path Group: clk
  Path Type: min

  Point                                                   Incr       Path
  --------------------------------------------------------------------------
  clock clk (rise edge)                                   0.00       0.00
  clock network delay (ideal)                             0.00       0.00
  y_reg\[0\]/CLK (DFFASRHQNx1_ASAP7_75t_R)                0.00 #     0.00 r
  y_reg\[0\]/QN (DFFASRHQNx1_ASAP7_75t_R)                51.20      51.20 r
  y\[0\] (out)                                            0.00      51.20 r
  data arrival time                                                 51.20

  clock clk (rise edge)                                   0.00       0.00
  clock network delay (ideal)                             0.00       0.00
  clock uncertainty                                      50.00      50.00
  output external delay                                   0.00      50.00
  data required time                                                50.00
  --------------------------------------------------------------------------
  data required time                                                50.00
  data arrival time                                                -51.20
  --------------------------------------------------------------------------
  slack (MET)                                                        1.20


  Startpoint: out_valid_reg
              (rising edge-triggered flip-flop clocked by clk)
  Endpoint: out_valid (output port clocked by clk)
  Path Group: clk
  Path Type: min

  Point                                                   Incr       Path
  --------------------------------------------------------------------------
  clock clk (rise edge)                                   0.00       0.00
  clock network delay (ideal)                             0.00       0.00
  out_valid_reg/CLK (DFFASRHQNx1_ASAP7_75t_R)             0.00 #     0.00 r
  out_valid_reg/QN (DFFASRHQNx1_ASAP7_75t_R)             51.20      51.20 r
  out_valid (out)                                         0.00      51.20 r
  data arrival time                                                 51.20

  clock clk (rise edge)                                   0.00       0.00
  clock network delay (ideal)                             0.00       0.00
  clock uncertainty                                      50.00      50.00
  output external delay                                   0.00      50.00
  data required time                                                50.00
  --------------------------------------------------------------------------
  data required time                                                50.00
  data arrival time                                                -51.20
  --------------------------------------------------------------------------
  slack (MET)                                                        1.20


1
