 
****************************************
Report : timing
        -path full
        -delay max
        -max_paths 20
Design : fp32_exp
Version: P-2019.03-SP5-6
Date   : Mon Aug 31 00:23:01 2026
****************************************

 # A fanout number of 1000 was used for high fanout net computations.

Operating Conditions: PVT_0P7V_25C   Library: asap7sc7p5t_AO_RVT_TT_nldm_211120
Wire Load Model Mode: top

  Startpoint: x\[23\] (input port clocked by clk)
  Endpoint: s1_mag_u_reg\[7\]
            (rising edge-triggered flip-flop clocked by clk)
  Path Group: clk
  Path Type: max

  Point                                                   Incr       Path
  --------------------------------------------------------------------------
  clock clk (rise edge)                                   0.00       0.00
  clock network delay (ideal)                             0.00       0.00
  input external delay                                    0.00       0.00 f
  x\[23\] (in)                                           14.65      14.65 f
  U4733/Y (NAND2xp33_ASAP7_75t_R)                        22.12      36.76 r
  U4734/Y (INVx1_ASAP7_75t_R)                            13.97      50.73 f
  U4731/Y (NAND2xp33_ASAP7_75t_R)                        17.16      67.89 r
  U4735/Y (INVx1_ASAP7_75t_R)                            13.55      81.44 f
  U4729/Y (NAND2xp33_ASAP7_75t_R)                        16.99      98.42 r
  U4736/Y (INVx1_ASAP7_75t_R)                            13.56     111.98 f
  U4727/Y (NAND2xp33_ASAP7_75t_R)                        16.99     128.97 r
  U4737/Y (INVx1_ASAP7_75t_R)                            13.18     142.15 f
  U3457/Y (XOR2xp5_ASAP7_75t_R)                          25.47     167.62 f
  U4746/Y (INVx1_ASAP7_75t_R)                            17.93     185.56 r
  U3439/Y (AND2x2_ASAP7_75t_R)                           23.02     208.58 r
  U4719/Y (NAND2xp33_ASAP7_75t_R)                        12.22     220.80 f
  U4747/Y (INVx1_ASAP7_75t_R)                            13.71     234.51 r
  U4718/Y (NAND2xp33_ASAP7_75t_R)                        13.71     248.22 f
  U4748/Y (INVx1_ASAP7_75t_R)                            14.51     262.73 r
  U3430/Y (XOR2xp5_ASAP7_75t_R)                          23.54     286.28 r
  srl_85/SH\[8\] (fp32_exp_DW_rash_0)                     0.00     286.28 r
  srl_85/U144/Y (OR4x1_ASAP7_75t_R)                      20.28     306.56 r
  srl_85/U143/Y (NOR2xp33_ASAP7_75t_R)                   24.64     331.20 f
  srl_85/U15/Y (INVx1_ASAP7_75t_R)                       27.54     358.74 r
  srl_85/U11/Y (NOR2xp33_ASAP7_75t_R)                    37.00     395.74 f
  srl_85/U118/Y (NAND2xp33_ASAP7_75t_R)                  65.85     461.59 r
  srl_85/U104/Y (NOR2xp33_ASAP7_75t_R)                   63.03     524.61 f
  srl_85/U49/Y (AOI222xp33_ASAP7_75t_R)                  34.83     559.44 r
  srl_85/U48/Y (OAI221xp5_ASAP7_75t_R)                   22.47     581.92 f
  srl_85/B\[7\] (fp32_exp_DW_rash_0)                      0.00     581.92 f
  U4879/Y (AOI222xp33_ASAP7_75t_R)                       24.50     606.42 r
  U3200/Y (HB1xp67_ASAP7_75t_R)                          27.52     633.94 r
  s1_mag_u_reg\[7\]/D (DFFASRHQNx1_ASAP7_75t_R)           0.00     633.94 r
  data arrival time                                                633.94

  clock clk (rise edge)                                 699.00     699.00
  clock network delay (ideal)                             0.00     699.00
  clock uncertainty                                     -50.00     649.00
  s1_mag_u_reg\[7\]/CLK (DFFASRHQNx1_ASAP7_75t_R)         0.00     649.00 r
  library setup time                                    -14.00     635.00
  data required time                                               635.00
  --------------------------------------------------------------------------
  data required time                                               635.00
  data arrival time                                               -633.94
  --------------------------------------------------------------------------
  slack (MET)                                                        1.07


  Startpoint: x\[23\] (input port clocked by clk)
  Endpoint: s1_mag_u_reg\[4\]
            (rising edge-triggered flip-flop clocked by clk)
  Path Group: clk
  Path Type: max

  Point                                                   Incr       Path
  --------------------------------------------------------------------------
  clock clk (rise edge)                                   0.00       0.00
  clock network delay (ideal)                             0.00       0.00
  input external delay                                    0.00       0.00 f
  x\[23\] (in)                                           14.65      14.65 f
  U4733/Y (NAND2xp33_ASAP7_75t_R)                        22.12      36.76 r
  U4734/Y (INVx1_ASAP7_75t_R)                            13.97      50.73 f
  U4731/Y (NAND2xp33_ASAP7_75t_R)                        17.16      67.89 r
  U4735/Y (INVx1_ASAP7_75t_R)                            13.55      81.44 f
  U4729/Y (NAND2xp33_ASAP7_75t_R)                        16.99      98.42 r
  U4736/Y (INVx1_ASAP7_75t_R)                            13.56     111.98 f
  U4727/Y (NAND2xp33_ASAP7_75t_R)                        16.99     128.97 r
  U4737/Y (INVx1_ASAP7_75t_R)                            13.18     142.15 f
  U3457/Y (XOR2xp5_ASAP7_75t_R)                          25.47     167.62 f
  U4746/Y (INVx1_ASAP7_75t_R)                            17.93     185.56 r
  U3439/Y (AND2x2_ASAP7_75t_R)                           23.02     208.58 r
  U4719/Y (NAND2xp33_ASAP7_75t_R)                        12.22     220.80 f
  U4747/Y (INVx1_ASAP7_75t_R)                            13.71     234.51 r
  U4718/Y (NAND2xp33_ASAP7_75t_R)                        13.71     248.22 f
  U4748/Y (INVx1_ASAP7_75t_R)                            14.51     262.73 r
  U3430/Y (XOR2xp5_ASAP7_75t_R)                          23.54     286.28 r
  srl_85/SH\[8\] (fp32_exp_DW_rash_0)                     0.00     286.28 r
  srl_85/U144/Y (OR4x1_ASAP7_75t_R)                      20.28     306.56 r
  srl_85/U143/Y (NOR2xp33_ASAP7_75t_R)                   24.64     331.20 f
  srl_85/U15/Y (INVx1_ASAP7_75t_R)                       27.54     358.74 r
  srl_85/U11/Y (NOR2xp33_ASAP7_75t_R)                    37.00     395.74 f
  srl_85/U118/Y (NAND2xp33_ASAP7_75t_R)                  65.85     461.59 r
  srl_85/U104/Y (NOR2xp33_ASAP7_75t_R)                   63.03     524.61 f
  srl_85/U55/Y (AOI222xp33_ASAP7_75t_R)                  34.83     559.44 r
  srl_85/U54/Y (OAI221xp5_ASAP7_75t_R)                   20.96     580.40 f
  srl_85/B\[4\] (fp32_exp_DW_rash_0)                      0.00     580.40 f
  U3561/Y (AOI222xp33_ASAP7_75t_R)                       24.81     605.22 r
  U3197/Y (HB1xp67_ASAP7_75t_R)                          28.10     633.32 r
  s1_mag_u_reg\[4\]/D (DFFASRHQNx1_ASAP7_75t_R)           0.00     633.32 r
  data arrival time                                                633.32

  clock clk (rise edge)                                 699.00     699.00
  clock network delay (ideal)                             0.00     699.00
  clock uncertainty                                     -50.00     649.00
  s1_mag_u_reg\[4\]/CLK (DFFASRHQNx1_ASAP7_75t_R)         0.00     649.00 r
  library setup time                                    -14.01     634.99
  data required time                                               634.99
  --------------------------------------------------------------------------
  data required time                                               634.99
  data arrival time                                               -633.32
  --------------------------------------------------------------------------
  slack (MET)                                                        1.67


  Startpoint: x\[23\] (input port clocked by clk)
  Endpoint: s1_mag_u_reg\[5\]
            (rising edge-triggered flip-flop clocked by clk)
  Path Group: clk
  Path Type: max

  Point                                                   Incr       Path
  --------------------------------------------------------------------------
  clock clk (rise edge)                                   0.00       0.00
  clock network delay (ideal)                             0.00       0.00
  input external delay                                    0.00       0.00 f
  x\[23\] (in)                                           14.65      14.65 f
  U4733/Y (NAND2xp33_ASAP7_75t_R)                        22.12      36.76 r
  U4734/Y (INVx1_ASAP7_75t_R)                            13.97      50.73 f
  U4731/Y (NAND2xp33_ASAP7_75t_R)                        17.16      67.89 r
  U4735/Y (INVx1_ASAP7_75t_R)                            13.55      81.44 f
  U4729/Y (NAND2xp33_ASAP7_75t_R)                        16.99      98.42 r
  U4736/Y (INVx1_ASAP7_75t_R)                            13.56     111.98 f
  U4727/Y (NAND2xp33_ASAP7_75t_R)                        16.99     128.97 r
  U4737/Y (INVx1_ASAP7_75t_R)                            13.18     142.15 f
  U3457/Y (XOR2xp5_ASAP7_75t_R)                          25.47     167.62 f
  U4746/Y (INVx1_ASAP7_75t_R)                            17.93     185.56 r
  U3439/Y (AND2x2_ASAP7_75t_R)                           23.02     208.58 r
  U4719/Y (NAND2xp33_ASAP7_75t_R)                        12.22     220.80 f
  U4747/Y (INVx1_ASAP7_75t_R)                            13.71     234.51 r
  U4718/Y (NAND2xp33_ASAP7_75t_R)                        13.71     248.22 f
  U4748/Y (INVx1_ASAP7_75t_R)                            14.51     262.73 r
  U3430/Y (XOR2xp5_ASAP7_75t_R)                          23.54     286.28 r
  srl_85/SH\[8\] (fp32_exp_DW_rash_0)                     0.00     286.28 r
  srl_85/U144/Y (OR4x1_ASAP7_75t_R)                      20.28     306.56 r
  srl_85/U143/Y (NOR2xp33_ASAP7_75t_R)                   24.64     331.20 f
  srl_85/U15/Y (INVx1_ASAP7_75t_R)                       27.54     358.74 r
  srl_85/U11/Y (NOR2xp33_ASAP7_75t_R)                    37.00     395.74 f
  srl_85/U118/Y (NAND2xp33_ASAP7_75t_R)                  65.85     461.59 r
  srl_85/U104/Y (NOR2xp33_ASAP7_75t_R)                   63.03     524.61 f
  srl_85/U53/Y (AOI222xp33_ASAP7_75t_R)                  34.83     559.44 r
  srl_85/U52/Y (OAI221xp5_ASAP7_75t_R)                   20.96     580.40 f
  srl_85/B\[5\] (fp32_exp_DW_rash_0)                      0.00     580.40 f
  U3565/Y (AOI222xp33_ASAP7_75t_R)                       24.81     605.22 r
  U3207/Y (HB1xp67_ASAP7_75t_R)                          28.10     633.32 r
  s1_mag_u_reg\[5\]/D (DFFASRHQNx1_ASAP7_75t_R)           0.00     633.32 r
  data arrival time                                                633.32

  clock clk (rise edge)                                 699.00     699.00
  clock network delay (ideal)                             0.00     699.00
  clock uncertainty                                     -50.00     649.00
  s1_mag_u_reg\[5\]/CLK (DFFASRHQNx1_ASAP7_75t_R)         0.00     649.00 r
  library setup time                                    -14.01     634.99
  data required time                                               634.99
  --------------------------------------------------------------------------
  data required time                                               634.99
  data arrival time                                               -633.32
  --------------------------------------------------------------------------
  slack (MET)                                                        1.67


  Startpoint: s4_delta_reg\[13\]
              (rising edge-triggered flip-flop clocked by clk)
  Endpoint: s5_interp_lo_hi_lo_reg\[14\]
            (rising edge-triggered flip-flop clocked by clk)
  Path Group: clk
  Path Type: max

  Point                                                   Incr       Path
  --------------------------------------------------------------------------
  clock clk (rise edge)                                   0.00       0.00
  clock network delay (ideal)                             0.00       0.00
  s4_delta_reg\[13\]/CLK (DFFASRHQNx1_ASAP7_75t_R)        0.00 #     0.00 r
  s4_delta_reg\[13\]/QN (DFFASRHQNx1_ASAP7_75t_R)        73.90      73.90 r
  mult_344/A\[1\] (fp32_exp_DW02_mult_6)                  0.00      73.90 r
  mult_344/U11/Y (INVx1_ASAP7_75t_R)                     26.78     100.68 f
  mult_344/U3/Y (NOR2xp33_ASAP7_75t_R)                   31.93     132.60 r
  mult_344/U27/Y (XOR2xp5_ASAP7_75t_R)                   37.99     170.59 r
  mult_344/S2_2_5/SN (FAx1_ASAP7_75t_R)                  44.78     215.38 f
  mult_344/U82/Y (INVx1_ASAP7_75t_R)                     18.30     233.67 r
  mult_344/S2_3_4/SN (FAx1_ASAP7_75t_R)                  39.35     273.03 f
  mult_344/U81/Y (INVx1_ASAP7_75t_R)                     18.30     291.33 r
  mult_344/S2_4_3/SN (FAx1_ASAP7_75t_R)                  39.35     330.68 f
  mult_344/U80/Y (INVx1_ASAP7_75t_R)                     18.30     348.98 r
  mult_344/S4_2/SN (FAx1_ASAP7_75t_R)                    37.20     386.18 r
  mult_344/U79/Y (INVx1_ASAP7_75t_R)                     17.75     403.94 f
  mult_344/U14/Y (XOR2xp5_ASAP7_75t_R)                   24.31     428.25 f
  mult_344/FS_1/A\[5\] (fp32_exp_DW01_add_20)             0.00     428.25 f
  mult_344/FS_1/U8/Y (NAND2xp5_ASAP7_75t_R)              17.90     446.15 r
  mult_344/FS_1/U19/Y (INVx1_ASAP7_75t_R)                13.80     459.95 f
  mult_344/FS_1/U6/Y (AOI21xp5_ASAP7_75t_R)              22.30     482.24 r
  mult_344/FS_1/U4/Y (OAI21xp5_ASAP7_75t_R)              23.00     505.25 f
  mult_344/FS_1/U5/Y (AOI21xp5_ASAP7_75t_R)              25.05     530.29 r
  mult_344/FS_1/U3/Y (OAI21xp5_ASAP7_75t_R)              23.39     553.68 f
  mult_344/FS_1/U2/Y (AOI21xp5_ASAP7_75t_R)              25.55     579.23 r
  mult_344/FS_1/U9/Y (OAI21xp5_ASAP7_75t_R)              19.48     598.71 f
  mult_344/FS_1/U12/Y (XOR2xp5_ASAP7_75t_R)              23.31     622.02 f
  mult_344/FS_1/SUM\[12\] (fp32_exp_DW01_add_20)          0.00     622.02 f
  mult_344/PRODUCT\[14\] (fp32_exp_DW02_mult_6)           0.00     622.02 f
  U4777/Y (INVx1_ASAP7_75t_R)                            10.50     632.52 r
  s5_interp_lo_hi_lo_reg\[14\]/D (DFFASRHQNx1_ASAP7_75t_R)     0.00   632.52 r
  data arrival time                                                632.52

  clock clk (rise edge)                                 699.00     699.00
  clock network delay (ideal)                             0.00     699.00
  clock uncertainty                                     -50.00     649.00
  s5_interp_lo_hi_lo_reg\[14\]/CLK (DFFASRHQNx1_ASAP7_75t_R)     0.00   649.00 r
  library setup time                                    -13.67     635.33
  data required time                                               635.33
  --------------------------------------------------------------------------
  data required time                                               635.33
  data arrival time                                               -632.52
  --------------------------------------------------------------------------
  slack (MET)                                                        2.81


  Startpoint: s7_interp_lo_reg\[13\]
              (rising edge-triggered flip-flop clocked by clk)
  Endpoint: y_reg\[22\]
            (rising edge-triggered flip-flop clocked by clk)
  Path Group: clk
  Path Type: max

  Point                                                   Incr       Path
  --------------------------------------------------------------------------
  clock clk (rise edge)                                   0.00       0.00
  clock network delay (ideal)                             0.00       0.00
  s7_interp_lo_reg\[13\]/CLK (DFFASRHQNx1_ASAP7_75t_R)     0.00 #     0.00 r
  s7_interp_lo_reg\[13\]/QN (DFFASRHQNx1_ASAP7_75t_R)    59.36      59.36 r
  add_351/B\[13\] (fp32_exp_DW01_add_J7_0)                0.00      59.36 r
  add_351/U195/Y (INVx1_ASAP7_75t_R)                      9.48      68.84 f
  add_351/U194/Y (NAND2xp5_ASAP7_75t_R)                  13.79      82.63 r
  add_351/U193/Y (OAI21xp5_ASAP7_75t_R)                  12.55      95.18 f
  add_351/U192/Y (OR2x2_ASAP7_75t_R)                     24.46     119.64 f
  add_351/U19/Y (NOR3xp33_ASAP7_75t_R)                   14.91     134.55 r
  add_351/U3/Y (NOR2xp33_ASAP7_75t_R)                    15.04     149.59 f
  add_351/U53/Y (NAND3xp33_ASAP7_75t_R)                  17.40     166.99 r
  add_351/U9/Y (INVx1_ASAP7_75t_R)                       16.68     183.67 f
  add_351/U15/Y (OAI21xp5_ASAP7_75t_R)                   23.27     206.94 r
  add_351/U149/Y (INVx1_ASAP7_75t_R)                     12.58     219.52 f
  add_351/U25/Y (OAI21xp5_ASAP7_75t_R)                   21.28     240.80 r
  add_351/U146/Y (INVx1_ASAP7_75t_R)                     11.26     252.07 f
  add_351/U44/Y (OA21x2_ASAP7_75t_R)                     25.98     278.05 f
  add_351/U12/Y (OAI21xp5_ASAP7_75t_R)                   16.47     294.51 r
  add_351/U11/Y (XNOR2xp5_ASAP7_75t_R)                   16.59     311.10 f
  add_351/SUM\[23\] (fp32_exp_DW01_add_J7_0)              0.00     311.10 f
  add_353/B\[6\] (fp32_exp_DW01_add_36)                   0.00     311.10 f
  add_353/U165/Y (OR2x2_ASAP7_75t_R)                     29.14     340.24 f
  add_353/U159/Y (INVx1_ASAP7_75t_R)                      8.92     349.16 r
  add_353/U5/Y (O2A1O1Ixp33_ASAP7_75t_R)                  9.58     358.74 f
  add_353/U4/Y (O2A1O1Ixp33_ASAP7_75t_R)                 27.35     386.09 r
  add_353/U95/Y (OAI21xp5_ASAP7_75t_R)                   15.64     401.73 f
  add_353/U94/Y (NAND2xp5_ASAP7_75t_R)                   15.33     417.07 r
  add_353/U92/Y (OAI21xp5_ASAP7_75t_R)                   12.34     429.41 f
  add_353/U91/Y (OR2x2_ASAP7_75t_R)                      30.20     459.61 f
  add_353/U68/Y (AOI31xp67_ASAP7_75t_R)                  20.26     479.87 r
  add_353/U39/Y (OAI21x1_ASAP7_75t_R)                    16.22     496.09 f
  add_353/U63/Y (AOI21x1_ASAP7_75t_R)                    19.31     515.40 r
  add_353/U60/Y (OAI21xp5_ASAP7_75t_R)                   17.61     533.01 f
  add_353/U25/Y (XOR2xp5_ASAP7_75t_R)                    22.53     555.54 f
  add_353/SUM\[23\] (fp32_exp_DW01_add_36)                0.00     555.54 f
  U3356/Y (BUFx2_ASAP7_75t_R)                            43.92     599.46 f
  U3403/Y (AOI221xp5_ASAP7_75t_R)                        26.71     626.17 r
  y_reg\[22\]/D (DFFASRHQNx1_ASAP7_75t_R)                 0.00     626.17 r
  data arrival time                                                626.17

  clock clk (rise edge)                                 699.00     699.00
  clock network delay (ideal)                             0.00     699.00
  clock uncertainty                                     -50.00     649.00
  y_reg\[22\]/CLK (DFFASRHQNx1_ASAP7_75t_R)               0.00     649.00 r
  library setup time                                    -19.26     629.74
  data required time                                               629.74
  --------------------------------------------------------------------------
  data required time                                               629.74
  data arrival time                                               -626.17
  --------------------------------------------------------------------------
  slack (MET)                                                        3.56


  Startpoint: x\[23\] (input port clocked by clk)
  Endpoint: s1_mag_u_reg\[13\]
            (rising edge-triggered flip-flop clocked by clk)
  Path Group: clk
  Path Type: max

  Point                                                   Incr       Path
  --------------------------------------------------------------------------
  clock clk (rise edge)                                   0.00       0.00
  clock network delay (ideal)                             0.00       0.00
  input external delay                                    0.00       0.00 f
  x\[23\] (in)                                           14.65      14.65 f
  U4733/Y (NAND2xp33_ASAP7_75t_R)                        22.12      36.76 r
  U4734/Y (INVx1_ASAP7_75t_R)                            13.97      50.73 f
  U4731/Y (NAND2xp33_ASAP7_75t_R)                        17.16      67.89 r
  U4735/Y (INVx1_ASAP7_75t_R)                            13.55      81.44 f
  U4729/Y (NAND2xp33_ASAP7_75t_R)                        16.99      98.42 r
  U4736/Y (INVx1_ASAP7_75t_R)                            13.56     111.98 f
  U4727/Y (NAND2xp33_ASAP7_75t_R)                        16.99     128.97 r
  U4737/Y (INVx1_ASAP7_75t_R)                            13.18     142.15 f
  U3457/Y (XOR2xp5_ASAP7_75t_R)                          25.47     167.62 f
  U4746/Y (INVx1_ASAP7_75t_R)                            17.93     185.56 r
  U3439/Y (AND2x2_ASAP7_75t_R)                           23.02     208.58 r
  U4719/Y (NAND2xp33_ASAP7_75t_R)                        12.22     220.80 f
  U4747/Y (INVx1_ASAP7_75t_R)                            13.71     234.51 r
  U4718/Y (NAND2xp33_ASAP7_75t_R)                        13.71     248.22 f
  U4748/Y (INVx1_ASAP7_75t_R)                            14.51     262.73 r
  U3430/Y (XOR2xp5_ASAP7_75t_R)                          23.54     286.28 r
  srl_85/SH\[8\] (fp32_exp_DW_rash_0)                     0.00     286.28 r
  srl_85/U144/Y (OR4x1_ASAP7_75t_R)                      20.28     306.56 r
  srl_85/U143/Y (NOR2xp33_ASAP7_75t_R)                   24.64     331.20 f
  srl_85/U15/Y (INVx1_ASAP7_75t_R)                       27.54     358.74 r
  srl_85/U11/Y (NOR2xp33_ASAP7_75t_R)                    37.00     395.74 f
  srl_85/U118/Y (NAND2xp33_ASAP7_75t_R)                  65.85     461.59 r
  srl_85/U104/Y (NOR2xp33_ASAP7_75t_R)                   63.03     524.61 f
  srl_85/U13/Y (INVx1_ASAP7_75t_R)                       27.43     552.04 r
  srl_85/U97/Y (OAI222xp33_ASAP7_75t_R)                  23.83     575.87 f
  srl_85/B\[13\] (fp32_exp_DW_rash_0)                     0.00     575.87 f
  U3550/Y (AOI222xp33_ASAP7_75t_R)                       26.53     602.39 r
  U3213/Y (HB1xp67_ASAP7_75t_R)                          28.10     630.50 r
  s1_mag_u_reg\[13\]/D (DFFASRHQNx1_ASAP7_75t_R)          0.00     630.50 r
  data arrival time                                                630.50

  clock clk (rise edge)                                 699.00     699.00
  clock network delay (ideal)                             0.00     699.00
  clock uncertainty                                     -50.00     649.00
  s1_mag_u_reg\[13\]/CLK (DFFASRHQNx1_ASAP7_75t_R)        0.00     649.00 r
  library setup time                                    -14.01     634.99
  data required time                                               634.99
  --------------------------------------------------------------------------
  data required time                                               634.99
  data arrival time                                               -630.50
  --------------------------------------------------------------------------
  slack (MET)                                                        4.49


  Startpoint: x\[23\] (input port clocked by clk)
  Endpoint: s1_mag_u_reg\[12\]
            (rising edge-triggered flip-flop clocked by clk)
  Path Group: clk
  Path Type: max

  Point                                                   Incr       Path
  --------------------------------------------------------------------------
  clock clk (rise edge)                                   0.00       0.00
  clock network delay (ideal)                             0.00       0.00
  input external delay                                    0.00       0.00 f
  x\[23\] (in)                                           14.65      14.65 f
  U4733/Y (NAND2xp33_ASAP7_75t_R)                        22.12      36.76 r
  U4734/Y (INVx1_ASAP7_75t_R)                            13.97      50.73 f
  U4731/Y (NAND2xp33_ASAP7_75t_R)                        17.16      67.89 r
  U4735/Y (INVx1_ASAP7_75t_R)                            13.55      81.44 f
  U4729/Y (NAND2xp33_ASAP7_75t_R)                        16.99      98.42 r
  U4736/Y (INVx1_ASAP7_75t_R)                            13.56     111.98 f
  U4727/Y (NAND2xp33_ASAP7_75t_R)                        16.99     128.97 r
  U4737/Y (INVx1_ASAP7_75t_R)                            13.18     142.15 f
  U3457/Y (XOR2xp5_ASAP7_75t_R)                          25.47     167.62 f
  U4746/Y (INVx1_ASAP7_75t_R)                            17.93     185.56 r
  U3439/Y (AND2x2_ASAP7_75t_R)                           23.02     208.58 r
  U4719/Y (NAND2xp33_ASAP7_75t_R)                        12.22     220.80 f
  U4747/Y (INVx1_ASAP7_75t_R)                            13.71     234.51 r
  U4718/Y (NAND2xp33_ASAP7_75t_R)                        13.71     248.22 f
  U4748/Y (INVx1_ASAP7_75t_R)                            14.51     262.73 r
  U3430/Y (XOR2xp5_ASAP7_75t_R)                          23.54     286.28 r
  srl_85/SH\[8\] (fp32_exp_DW_rash_0)                     0.00     286.28 r
  srl_85/U144/Y (OR4x1_ASAP7_75t_R)                      20.28     306.56 r
  srl_85/U143/Y (NOR2xp33_ASAP7_75t_R)                   24.64     331.20 f
  srl_85/U15/Y (INVx1_ASAP7_75t_R)                       27.54     358.74 r
  srl_85/U11/Y (NOR2xp33_ASAP7_75t_R)                    37.00     395.74 f
  srl_85/U118/Y (NAND2xp33_ASAP7_75t_R)                  65.85     461.59 r
  srl_85/U104/Y (NOR2xp33_ASAP7_75t_R)                   63.03     524.61 f
  srl_85/U13/Y (INVx1_ASAP7_75t_R)                       27.43     552.04 r
  srl_85/U103/Y (OAI222xp33_ASAP7_75t_R)                 23.83     575.87 f
  srl_85/B\[12\] (fp32_exp_DW_rash_0)                     0.00     575.87 f
  U3546/Y (AOI222xp33_ASAP7_75t_R)                       26.53     602.39 r
  U2890/Y (HB1xp67_ASAP7_75t_R)                          28.10     630.50 r
  s1_mag_u_reg\[12\]/D (DFFASRHQNx1_ASAP7_75t_R)          0.00     630.50 r
  data arrival time                                                630.50

  clock clk (rise edge)                                 699.00     699.00
  clock network delay (ideal)                             0.00     699.00
  clock uncertainty                                     -50.00     649.00
  s1_mag_u_reg\[12\]/CLK (DFFASRHQNx1_ASAP7_75t_R)        0.00     649.00 r
  library setup time                                    -14.01     634.99
  data required time                                               634.99
  --------------------------------------------------------------------------
  data required time                                               634.99
  data arrival time                                               -630.50
  --------------------------------------------------------------------------
  slack (MET)                                                        4.49


  Startpoint: s4_delta_reg\[1\]
              (rising edge-triggered flip-flop clocked by clk)
  Endpoint: s5_interp_lo_lo_lo_reg\[14\]
            (rising edge-triggered flip-flop clocked by clk)
  Path Group: clk
  Path Type: max

  Point                                                   Incr       Path
  --------------------------------------------------------------------------
  clock clk (rise edge)                                   0.00       0.00
  clock network delay (ideal)                             0.00       0.00
  s4_delta_reg\[1\]/CLK (DFFASRHQNx1_ASAP7_75t_R)         0.00 #     0.00 r
  s4_delta_reg\[1\]/QN (DFFASRHQNx1_ASAP7_75t_R)         73.03      73.03 r
  mult_342/A\[1\] (fp32_exp_DW02_mult_4)                  0.00      73.03 r
  mult_342/U31/Y (INVx1_ASAP7_75t_R)                     26.45      99.48 f
  mult_342/U3/Y (NOR2xp33_ASAP7_75t_R)                   31.80     131.29 r
  mult_342/U14/Y (XOR2xp5_ASAP7_75t_R)                   37.98     169.27 r
  mult_342/S2_2_5/SN (FAx1_ASAP7_75t_R)                  44.78     214.05 f
  mult_342/U83/Y (INVx1_ASAP7_75t_R)                     18.30     232.35 r
  mult_342/S2_3_4/SN (FAx1_ASAP7_75t_R)                  39.35     271.70 f
  mult_342/U82/Y (INVx1_ASAP7_75t_R)                     18.30     290.00 r
  mult_342/S2_4_3/SN (FAx1_ASAP7_75t_R)                  39.35     329.35 f
  mult_342/U81/Y (INVx1_ASAP7_75t_R)                     18.30     347.65 r
  mult_342/S4_2/SN (FAx1_ASAP7_75t_R)                    37.20     384.86 r
  mult_342/U80/Y (INVx1_ASAP7_75t_R)                     17.75     402.61 f
  mult_342/U13/Y (XOR2xp5_ASAP7_75t_R)                   24.31     426.92 f
  mult_342/FS_1/A\[5\] (fp32_exp_DW01_add_18)             0.00     426.92 f
  mult_342/FS_1/U11/Y (NAND2xp5_ASAP7_75t_R)             17.90     444.82 r
  mult_342/FS_1/U10/Y (INVx1_ASAP7_75t_R)                13.91     458.73 f
  mult_342/FS_1/U4/Y (AOI21xp5_ASAP7_75t_R)              21.82     480.55 r
  mult_342/FS_1/U13/Y (OAI21xp5_ASAP7_75t_R)             22.88     503.44 f
  mult_342/FS_1/U12/Y (AOI21xp5_ASAP7_75t_R)             25.05     528.48 r
  mult_342/FS_1/U3/Y (OAI21xp5_ASAP7_75t_R)              23.39     551.87 f
  mult_342/FS_1/U2/Y (AOI21xp5_ASAP7_75t_R)              25.55     577.41 r
  mult_342/FS_1/U5/Y (OAI21xp5_ASAP7_75t_R)              19.48     596.90 f
  mult_342/FS_1/U14/Y (XOR2xp5_ASAP7_75t_R)              23.31     620.21 f
  mult_342/FS_1/SUM\[12\] (fp32_exp_DW01_add_18)          0.00     620.21 f
  mult_342/PRODUCT\[14\] (fp32_exp_DW02_mult_4)           0.00     620.21 f
  U4376/Y (INVx1_ASAP7_75t_R)                            10.50     630.71 r
  s5_interp_lo_lo_lo_reg\[14\]/D (DFFASRHQNx1_ASAP7_75t_R)     0.00   630.71 r
  data arrival time                                                630.71

  clock clk (rise edge)                                 699.00     699.00
  clock network delay (ideal)                             0.00     699.00
  clock uncertainty                                     -50.00     649.00
  s5_interp_lo_lo_lo_reg\[14\]/CLK (DFFASRHQNx1_ASAP7_75t_R)     0.00   649.00 r
  library setup time                                    -13.67     635.33
  data required time                                               635.33
  --------------------------------------------------------------------------
  data required time                                               635.33
  data arrival time                                               -630.71
  --------------------------------------------------------------------------
  slack (MET)                                                        4.62


  Startpoint: x\[23\] (input port clocked by clk)
  Endpoint: s1_mag_u_reg\[15\]
            (rising edge-triggered flip-flop clocked by clk)
  Path Group: clk
  Path Type: max

  Point                                                   Incr       Path
  --------------------------------------------------------------------------
  clock clk (rise edge)                                   0.00       0.00
  clock network delay (ideal)                             0.00       0.00
  input external delay                                    0.00       0.00 f
  x\[23\] (in)                                           14.65      14.65 f
  U4733/Y (NAND2xp33_ASAP7_75t_R)                        22.12      36.76 r
  U4734/Y (INVx1_ASAP7_75t_R)                            13.97      50.73 f
  U4731/Y (NAND2xp33_ASAP7_75t_R)                        17.16      67.89 r
  U4735/Y (INVx1_ASAP7_75t_R)                            13.55      81.44 f
  U4729/Y (NAND2xp33_ASAP7_75t_R)                        16.99      98.42 r
  U4736/Y (INVx1_ASAP7_75t_R)                            13.56     111.98 f
  U4727/Y (NAND2xp33_ASAP7_75t_R)                        16.99     128.97 r
  U4737/Y (INVx1_ASAP7_75t_R)                            13.18     142.15 f
  U3457/Y (XOR2xp5_ASAP7_75t_R)                          25.47     167.62 f
  U4746/Y (INVx1_ASAP7_75t_R)                            17.93     185.56 r
  U3439/Y (AND2x2_ASAP7_75t_R)                           23.02     208.58 r
  U4719/Y (NAND2xp33_ASAP7_75t_R)                        12.22     220.80 f
  U4747/Y (INVx1_ASAP7_75t_R)                            13.71     234.51 r
  U4718/Y (NAND2xp33_ASAP7_75t_R)                        13.71     248.22 f
  U4748/Y (INVx1_ASAP7_75t_R)                            14.51     262.73 r
  U3430/Y (XOR2xp5_ASAP7_75t_R)                          23.54     286.28 r
  srl_85/SH\[8\] (fp32_exp_DW_rash_0)                     0.00     286.28 r
  srl_85/U144/Y (OR4x1_ASAP7_75t_R)                      20.28     306.56 r
  srl_85/U143/Y (NOR2xp33_ASAP7_75t_R)                   24.64     331.20 f
  srl_85/U15/Y (INVx1_ASAP7_75t_R)                       27.54     358.74 r
  srl_85/U11/Y (NOR2xp33_ASAP7_75t_R)                    37.00     395.74 f
  srl_85/U118/Y (NAND2xp33_ASAP7_75t_R)                  65.85     461.59 r
  srl_85/U104/Y (NOR2xp33_ASAP7_75t_R)                   63.03     524.61 f
  srl_85/U13/Y (INVx1_ASAP7_75t_R)                       27.43     552.04 r
  srl_85/U94/Y (OAI222xp33_ASAP7_75t_R)                  24.22     576.27 f
  srl_85/B\[15\] (fp32_exp_DW_rash_0)                     0.00     576.27 f
  U4845/Y (AOI222xp33_ASAP7_75t_R)                       26.51     602.77 r
  U3201/Y (HB1xp67_ASAP7_75t_R)                          27.52     630.29 r
  s1_mag_u_reg\[15\]/D (DFFASRHQNx1_ASAP7_75t_R)          0.00     630.29 r
  data arrival time                                                630.29

  clock clk (rise edge)                                 699.00     699.00
  clock network delay (ideal)                             0.00     699.00
  clock uncertainty                                     -50.00     649.00
  s1_mag_u_reg\[15\]/CLK (DFFASRHQNx1_ASAP7_75t_R)        0.00     649.00 r
  library setup time                                    -14.00     635.00
  data required time                                               635.00
  --------------------------------------------------------------------------
  data required time                                               635.00
  data arrival time                                               -630.29
  --------------------------------------------------------------------------
  slack (MET)                                                        4.71


  Startpoint: s4_delta_reg\[7\]
              (rising edge-triggered flip-flop clocked by clk)
  Endpoint: s5_interp_lo_lo_hi_reg\[14\]
            (rising edge-triggered flip-flop clocked by clk)
  Path Group: clk
  Path Type: max

  Point                                                   Incr       Path
  --------------------------------------------------------------------------
  clock clk (rise edge)                                   0.00       0.00
  clock network delay (ideal)                             0.00       0.00
  s4_delta_reg\[7\]/CLK (DFFASRHQNx1_ASAP7_75t_R)         0.00 #     0.00 r
  s4_delta_reg\[7\]/QN (DFFASRHQNx1_ASAP7_75t_R)         76.70      76.70 r
  mult_343/A\[1\] (fp32_exp_DW02_mult_5)                  0.00      76.70 r
  mult_343/U3/Y (INVx2_ASAP7_75t_R)                      19.43      96.13 f
  mult_343/U5/Y (NOR2xp33_ASAP7_75t_R)                   28.83     124.96 r
  mult_343/U28/Y (XOR2xp5_ASAP7_75t_R)                   37.71     162.67 r
  mult_343/S2_2_5/SN (FAx1_ASAP7_75t_R)                  44.77     207.43 f
  mult_343/U82/Y (INVx1_ASAP7_75t_R)                     18.30     225.73 r
  mult_343/S2_3_4/SN (FAx1_ASAP7_75t_R)                  39.35     265.09 f
  mult_343/U81/Y (INVx1_ASAP7_75t_R)                     18.30     283.39 r
  mult_343/S2_4_3/SN (FAx1_ASAP7_75t_R)                  39.35     322.74 f
  mult_343/U80/Y (INVx1_ASAP7_75t_R)                     18.30     341.04 r
  mult_343/S4_2/SN (FAx1_ASAP7_75t_R)                    39.35     380.39 f
  mult_343/U79/Y (INVx1_ASAP7_75t_R)                     18.33     398.73 r
  mult_343/U13/Y (XOR2xp5_ASAP7_75t_R)                   28.98     427.71 r
  mult_343/FS_1/A\[5\] (fp32_exp_DW01_add_19)             0.00     427.71 r
  mult_343/FS_1/U9/Y (NAND2xp5_ASAP7_75t_R)              18.10     445.81 f
  mult_343/FS_1/U8/Y (INVx1_ASAP7_75t_R)                 15.96     461.77 r
  mult_343/FS_1/U6/Y (AOI21xp5_ASAP7_75t_R)              17.42     479.19 f
  mult_343/FS_1/U5/Y (OAI21xp5_ASAP7_75t_R)              24.65     503.84 r
  mult_343/FS_1/U4/Y (AOI21xp5_ASAP7_75t_R)              23.13     526.97 f
  mult_343/FS_1/U2/Y (OAI21xp5_ASAP7_75t_R)              24.41     551.39 r
  mult_343/FS_1/U3/Y (AOI21xp5_ASAP7_75t_R)              20.64     572.03 f
  mult_343/FS_1/U29/Y (OA21x2_ASAP7_75t_R)               27.93     599.96 f
  mult_343/FS_1/U11/Y (XNOR2xp5_ASAP7_75t_R)             21.15     621.11 f
  mult_343/FS_1/SUM\[12\] (fp32_exp_DW01_add_19)          0.00     621.11 f
  mult_343/PRODUCT\[14\] (fp32_exp_DW02_mult_5)           0.00     621.11 f
  U4786/Y (INVx1_ASAP7_75t_R)                             9.59     630.70 r
  s5_interp_lo_lo_hi_reg\[14\]/D (DFFASRHQNx1_ASAP7_75t_R)     0.00   630.70 r
  data arrival time                                                630.70

  clock clk (rise edge)                                 699.00     699.00
  clock network delay (ideal)                             0.00     699.00
  clock uncertainty                                     -50.00     649.00
  s5_interp_lo_lo_hi_reg\[14\]/CLK (DFFASRHQNx1_ASAP7_75t_R)     0.00   649.00 r
  library setup time                                    -13.51     635.49
  data required time                                               635.49
  --------------------------------------------------------------------------
  data required time                                               635.49
  data arrival time                                               -630.70
  --------------------------------------------------------------------------
  slack (MET)                                                        4.79


  Startpoint: x\[23\] (input port clocked by clk)
  Endpoint: s1_mag_u_reg\[6\]
            (rising edge-triggered flip-flop clocked by clk)
  Path Group: clk
  Path Type: max

  Point                                                   Incr       Path
  --------------------------------------------------------------------------
  clock clk (rise edge)                                   0.00       0.00
  clock network delay (ideal)                             0.00       0.00
  input external delay                                    0.00       0.00 f
  x\[23\] (in)                                           14.65      14.65 f
  U4733/Y (NAND2xp33_ASAP7_75t_R)                        22.12      36.76 r
  U4734/Y (INVx1_ASAP7_75t_R)                            13.97      50.73 f
  U4731/Y (NAND2xp33_ASAP7_75t_R)                        17.16      67.89 r
  U4735/Y (INVx1_ASAP7_75t_R)                            13.55      81.44 f
  U4729/Y (NAND2xp33_ASAP7_75t_R)                        16.99      98.42 r
  U4736/Y (INVx1_ASAP7_75t_R)                            13.56     111.98 f
  U4727/Y (NAND2xp33_ASAP7_75t_R)                        16.99     128.97 r
  U4737/Y (INVx1_ASAP7_75t_R)                            13.18     142.15 f
  U3457/Y (XOR2xp5_ASAP7_75t_R)                          25.47     167.62 f
  U4746/Y (INVx1_ASAP7_75t_R)                            17.93     185.56 r
  U3439/Y (AND2x2_ASAP7_75t_R)                           23.02     208.58 r
  U4719/Y (NAND2xp33_ASAP7_75t_R)                        12.22     220.80 f
  U4747/Y (INVx1_ASAP7_75t_R)                            13.71     234.51 r
  U4718/Y (NAND2xp33_ASAP7_75t_R)                        13.71     248.22 f
  U4748/Y (INVx1_ASAP7_75t_R)                            14.51     262.73 r
  U3430/Y (XOR2xp5_ASAP7_75t_R)                          23.54     286.28 r
  srl_85/SH\[8\] (fp32_exp_DW_rash_0)                     0.00     286.28 r
  srl_85/U144/Y (OR4x1_ASAP7_75t_R)                      20.28     306.56 r
  srl_85/U143/Y (NOR2xp33_ASAP7_75t_R)                   24.64     331.20 f
  srl_85/U15/Y (INVx1_ASAP7_75t_R)                       27.54     358.74 r
  srl_85/U11/Y (NOR2xp33_ASAP7_75t_R)                    37.00     395.74 f
  srl_85/U118/Y (NAND2xp33_ASAP7_75t_R)                  65.85     461.59 r
  srl_85/U104/Y (NOR2xp33_ASAP7_75t_R)                   63.03     524.61 f
  srl_85/U51/Y (AOI222xp33_ASAP7_75t_R)                  32.65     557.27 r
  srl_85/U50/Y (OAI221xp5_ASAP7_75t_R)                   20.49     577.76 f
  srl_85/B\[6\] (fp32_exp_DW_rash_0)                      0.00     577.76 f
  U4875/Y (AOI222xp33_ASAP7_75t_R)                       24.50     602.26 r
  U3192/Y (HB1xp67_ASAP7_75t_R)                          27.52     629.78 r
  s1_mag_u_reg\[6\]/D (DFFASRHQNx1_ASAP7_75t_R)           0.00     629.78 r
  data arrival time                                                629.78

  clock clk (rise edge)                                 699.00     699.00
  clock network delay (ideal)                             0.00     699.00
  clock uncertainty                                     -50.00     649.00
  s1_mag_u_reg\[6\]/CLK (DFFASRHQNx1_ASAP7_75t_R)         0.00     649.00 r
  library setup time                                    -14.00     635.00
  data required time                                               635.00
  --------------------------------------------------------------------------
  data required time                                               635.00
  data arrival time                                               -629.78
  --------------------------------------------------------------------------
  slack (MET)                                                        5.23


  Startpoint: s2m_prod_lo_reg\[22\]
              (rising edge-triggered flip-flop clocked by clk)
  Endpoint: s2_underflow_reg
            (rising edge-triggered flip-flop clocked by clk)
  Path Group: clk
  Path Type: max

  Point                                                   Incr       Path
  --------------------------------------------------------------------------
  clock clk (rise edge)                                   0.00       0.00
  clock network delay (ideal)                             0.00       0.00
  s2m_prod_lo_reg\[22\]/CLK (DFFASRHQNx1_ASAP7_75t_R)     0.00 #     0.00 r
  s2m_prod_lo_reg\[22\]/QN (DFFASRHQNx1_ASAP7_75t_R)     59.68      59.68 f
  add_140/B\[22\] (fp32_exp_DW01_add_J6_0)                0.00      59.68 f
  add_140/U218/Y (OR2x2_ASAP7_75t_R)                     27.73      87.41 f
  add_140/U210/Y (INVx1_ASAP7_75t_R)                      9.75      97.16 r
  add_140/U206/Y (OAI321xp33_ASAP7_75t_R)                22.10     119.26 f
  add_140/U196/Y (OAI21xp5_ASAP7_75t_R)                  25.20     144.46 r
  add_140/U147/Y (INVx1_ASAP7_75t_R)                     10.72     155.18 f
  add_140/U4/Y (AOI21xp5_ASAP7_75t_R)                    13.06     168.24 r
  add_140/U29/Y (NAND4xp25_ASAP7_75t_R)                  41.30     209.53 f
  add_140/U125/Y (AO21x1_ASAP7_75t_R)                    38.05     247.58 f
  add_140/U116/Y (INVx1_ASAP7_75t_R)                     12.71     260.28 r
  add_140/U98/Y (OAI21xp5_ASAP7_75t_R)                   18.23     278.52 f
  add_140/U95/Y (INVx1_ASAP7_75t_R)                      17.86     296.38 r
  add_140/U36/Y (OR2x2_ASAP7_75t_R)                      25.37     321.75 r
  add_140/U55/Y (NOR2x1_ASAP7_75t_R)                     13.33     335.08 f
  add_140/U85/Y (INVx1_ASAP7_75t_R)                       9.99     345.07 r
  add_140/U37/Y (OR2x2_ASAP7_75t_R)                      19.46     364.53 r
  add_140/U33/Y (NOR2xp33_ASAP7_75t_R)                   17.03     381.56 f
  add_140/U82/Y (XNOR2xp5_ASAP7_75t_R)                   30.02     411.58 r
  add_140/SUM\[47\] (fp32_exp_DW01_add_J6_0)              0.00     411.58 r
  add_161/U24/Y (NAND2xp5_ASAP7_75t_R)                   27.26     438.84 f
  add_161/U22/Y (NOR2x1_ASAP7_75t_R)                     23.05     461.90 r
  add_161/U21/Y (NAND2xp5_ASAP7_75t_R)                   22.34     484.24 f
  add_161/U20/Y (INVx1_ASAP7_75t_R)                      12.58     496.82 r
  add_161/U5/Y (AND3x1_ASAP7_75t_R)                      31.59     528.40 r
  add_161/U8/Y (NAND2xp5_ASAP7_75t_R)                    16.12     544.53 f
  add_161/U7/Y (XNOR2xp5_ASAP7_75t_R)                    24.84     569.37 f
  U3352/Y (NOR3xp33_ASAP7_75t_R)                         19.42     588.79 r
  U4501/Y (OAI21xp5_ASAP7_75t_R)                         15.64     604.44 f
  U3401/Y (AOI211xp5_ASAP7_75t_R)                        21.37     625.81 r
  s2_underflow_reg/D (DFFASRHQNx1_ASAP7_75t_R)            0.00     625.81 r
  data arrival time                                                625.81

  clock clk (rise edge)                                 699.00     699.00
  clock network delay (ideal)                             0.00     699.00
  clock uncertainty                                     -50.00     649.00
  s2_underflow_reg/CLK (DFFASRHQNx1_ASAP7_75t_R)          0.00     649.00 r
  library setup time                                    -16.55     632.45
  data required time                                               632.45
  --------------------------------------------------------------------------
  data required time                                               632.45
  data arrival time                                               -625.81
  --------------------------------------------------------------------------
  slack (MET)                                                        6.65


  Startpoint: s6_interp_hi_lo_reg\[12\]
              (rising edge-triggered flip-flop clocked by clk)
  Endpoint: s7_interp_hi_reg\[31\]
            (rising edge-triggered flip-flop clocked by clk)
  Path Group: clk
  Path Type: max

  Point                                                   Incr       Path
  --------------------------------------------------------------------------
  clock clk (rise edge)                                   0.00       0.00
  clock network delay (ideal)                             0.00       0.00
  s6_interp_hi_lo_reg\[12\]/CLK (DFFASRHQNx1_ASAP7_75t_R)     0.00 #     0.00 r
  s6_interp_hi_lo_reg\[12\]/QN (DFFASRHQNx1_ASAP7_75t_R)    60.52    60.52 f
  U4554/Y (NAND2xp5_ASAP7_75t_R)                         27.79      88.31 r
  U3399/Y (AOI21xp5_ASAP7_75t_R)                         28.49     116.80 f
  U4557/Y (OAI22xp5_ASAP7_75t_R)                         32.67     149.47 r
  U3397/Y (AOI21xp5_ASAP7_75t_R)                         30.15     179.62 f
  U4560/Y (OAI22xp5_ASAP7_75t_R)                         33.12     212.75 r
  U3395/Y (AOI21xp5_ASAP7_75t_R)                         30.20     242.95 f
  U4563/Y (OAI22xp5_ASAP7_75t_R)                         33.14     276.09 r
  U3393/Y (AOI21xp5_ASAP7_75t_R)                         23.61     299.70 f
  U4565/Y (NAND2xp5_ASAP7_75t_R)                         19.83     319.53 r
  U4566/Y (INVx1_ASAP7_75t_R)                            12.56     332.09 f
  U4567/Y (NAND2xp5_ASAP7_75t_R)                         15.21     347.30 r
  U4568/Y (INVx1_ASAP7_75t_R)                            12.56     359.86 f
  U4569/Y (NAND2xp5_ASAP7_75t_R)                         15.21     375.07 r
  U4570/Y (INVx1_ASAP7_75t_R)                            12.56     387.63 f
  U4571/Y (NAND2xp5_ASAP7_75t_R)                         15.21     402.84 r
  U4572/Y (INVx1_ASAP7_75t_R)                            12.56     415.40 f
  U4573/Y (NAND2xp5_ASAP7_75t_R)                         15.21     430.61 r
  U4574/Y (INVx1_ASAP7_75t_R)                            12.56     443.17 f
  U4575/Y (NAND2xp5_ASAP7_75t_R)                         15.21     458.38 r
  U4576/Y (INVx1_ASAP7_75t_R)                            12.56     470.94 f
  U4577/Y (NAND2xp5_ASAP7_75t_R)                         15.21     486.15 r
  U4578/Y (INVx1_ASAP7_75t_R)                            12.56     498.71 f
  U4579/Y (NAND2xp5_ASAP7_75t_R)                         15.21     513.92 r
  U4580/Y (INVx1_ASAP7_75t_R)                            12.56     526.48 f
  U4581/Y (NAND2xp5_ASAP7_75t_R)                         15.21     541.69 r
  U4582/Y (INVx1_ASAP7_75t_R)                            12.56     554.25 f
  U4583/Y (NAND2xp5_ASAP7_75t_R)                         15.21     569.45 r
  U4584/Y (INVx1_ASAP7_75t_R)                            14.03     583.49 f
  U4585/Y (NAND2xp5_ASAP7_75t_R)                         14.61     598.10 r
  U4586/Y (XOR2xp5_ASAP7_75t_R)                          25.08     623.18 r
  s7_interp_hi_reg\[31\]/D (DFFASRHQNx1_ASAP7_75t_R)      0.00     623.18 r
  data arrival time                                                623.18

  clock clk (rise edge)                                 699.00     699.00
  clock network delay (ideal)                             0.00     699.00
  clock uncertainty                                     -50.00     649.00
  s7_interp_hi_reg\[31\]/CLK (DFFASRHQNx1_ASAP7_75t_R)     0.00    649.00 r
  library setup time                                    -15.18     633.82
  data required time                                               633.82
  --------------------------------------------------------------------------
  data required time                                               633.82
  data arrival time                                               -623.18
  --------------------------------------------------------------------------
  slack (MET)                                                       10.64


  Startpoint: s7_interp_lo_reg\[13\]
              (rising edge-triggered flip-flop clocked by clk)
  Endpoint: y_reg\[4\] (rising edge-triggered flip-flop clocked by clk)
  Path Group: clk
  Path Type: max

  Point                                                   Incr       Path
  --------------------------------------------------------------------------
  clock clk (rise edge)                                   0.00       0.00
  clock network delay (ideal)                             0.00       0.00
  s7_interp_lo_reg\[13\]/CLK (DFFASRHQNx1_ASAP7_75t_R)     0.00 #     0.00 r
  s7_interp_lo_reg\[13\]/QN (DFFASRHQNx1_ASAP7_75t_R)    59.36      59.36 r
  add_351/B\[13\] (fp32_exp_DW01_add_J7_0)                0.00      59.36 r
  add_351/U195/Y (INVx1_ASAP7_75t_R)                      9.48      68.84 f
  add_351/U194/Y (NAND2xp5_ASAP7_75t_R)                  13.79      82.63 r
  add_351/U193/Y (OAI21xp5_ASAP7_75t_R)                  12.55      95.18 f
  add_351/U192/Y (OR2x2_ASAP7_75t_R)                     24.46     119.64 f
  add_351/U19/Y (NOR3xp33_ASAP7_75t_R)                   14.91     134.55 r
  add_351/U3/Y (NOR2xp33_ASAP7_75t_R)                    15.04     149.59 f
  add_351/U53/Y (NAND3xp33_ASAP7_75t_R)                  17.40     166.99 r
  add_351/U9/Y (INVx1_ASAP7_75t_R)                       16.68     183.67 f
  add_351/U15/Y (OAI21xp5_ASAP7_75t_R)                   23.27     206.94 r
  add_351/U149/Y (INVx1_ASAP7_75t_R)                     12.58     219.52 f
  add_351/U25/Y (OAI21xp5_ASAP7_75t_R)                   21.28     240.80 r
  add_351/U146/Y (INVx1_ASAP7_75t_R)                     11.26     252.07 f
  add_351/U44/Y (OA21x2_ASAP7_75t_R)                     25.98     278.05 f
  add_351/U12/Y (OAI21xp5_ASAP7_75t_R)                   16.47     294.51 r
  add_351/U11/Y (XNOR2xp5_ASAP7_75t_R)                   16.59     311.10 f
  add_351/SUM\[23\] (fp32_exp_DW01_add_J7_0)              0.00     311.10 f
  add_353/B\[6\] (fp32_exp_DW01_add_36)                   0.00     311.10 f
  add_353/U165/Y (OR2x2_ASAP7_75t_R)                     29.14     340.24 f
  add_353/U159/Y (INVx1_ASAP7_75t_R)                      8.92     349.16 r
  add_353/U5/Y (O2A1O1Ixp33_ASAP7_75t_R)                  9.58     358.74 f
  add_353/U4/Y (O2A1O1Ixp33_ASAP7_75t_R)                 27.35     386.09 r
  add_353/U95/Y (OAI21xp5_ASAP7_75t_R)                   15.64     401.73 f
  add_353/U94/Y (NAND2xp5_ASAP7_75t_R)                   15.33     417.07 r
  add_353/U92/Y (OAI21xp5_ASAP7_75t_R)                   12.34     429.41 f
  add_353/U91/Y (OR2x2_ASAP7_75t_R)                      30.20     459.61 f
  add_353/U68/Y (AOI31xp67_ASAP7_75t_R)                  20.26     479.87 r
  add_353/U39/Y (OAI21x1_ASAP7_75t_R)                    16.22     496.09 f
  add_353/U63/Y (AOI21x1_ASAP7_75t_R)                    19.31     515.40 r
  add_353/U60/Y (OAI21xp5_ASAP7_75t_R)                   17.61     533.01 f
  add_353/U25/Y (XOR2xp5_ASAP7_75t_R)                    22.53     555.54 f
  add_353/SUM\[23\] (fp32_exp_DW01_add_36)                0.00     555.54 f
  U3356/Y (BUFx2_ASAP7_75t_R)                            43.92     599.46 f
  U4682/Y (OAI21xp5_ASAP7_75t_R)                         21.45     620.92 r
  y_reg\[4\]/D (DFFASRHQNx1_ASAP7_75t_R)                  0.00     620.92 r
  data arrival time                                                620.92

  clock clk (rise edge)                                 699.00     699.00
  clock network delay (ideal)                             0.00     699.00
  clock uncertainty                                     -50.00     649.00
  y_reg\[4\]/CLK (DFFASRHQNx1_ASAP7_75t_R)                0.00     649.00 r
  library setup time                                    -16.72     632.28
  data required time                                               632.28
  --------------------------------------------------------------------------
  data required time                                               632.28
  data arrival time                                               -620.92
  --------------------------------------------------------------------------
  slack (MET)                                                       11.37


  Startpoint: s7_interp_lo_reg\[13\]
              (rising edge-triggered flip-flop clocked by clk)
  Endpoint: y_reg\[3\] (rising edge-triggered flip-flop clocked by clk)
  Path Group: clk
  Path Type: max

  Point                                                   Incr       Path
  --------------------------------------------------------------------------
  clock clk (rise edge)                                   0.00       0.00
  clock network delay (ideal)                             0.00       0.00
  s7_interp_lo_reg\[13\]/CLK (DFFASRHQNx1_ASAP7_75t_R)     0.00 #     0.00 r
  s7_interp_lo_reg\[13\]/QN (DFFASRHQNx1_ASAP7_75t_R)    59.36      59.36 r
  add_351/B\[13\] (fp32_exp_DW01_add_J7_0)                0.00      59.36 r
  add_351/U195/Y (INVx1_ASAP7_75t_R)                      9.48      68.84 f
  add_351/U194/Y (NAND2xp5_ASAP7_75t_R)                  13.79      82.63 r
  add_351/U193/Y (OAI21xp5_ASAP7_75t_R)                  12.55      95.18 f
  add_351/U192/Y (OR2x2_ASAP7_75t_R)                     24.46     119.64 f
  add_351/U19/Y (NOR3xp33_ASAP7_75t_R)                   14.91     134.55 r
  add_351/U3/Y (NOR2xp33_ASAP7_75t_R)                    15.04     149.59 f
  add_351/U53/Y (NAND3xp33_ASAP7_75t_R)                  17.40     166.99 r
  add_351/U9/Y (INVx1_ASAP7_75t_R)                       16.68     183.67 f
  add_351/U15/Y (OAI21xp5_ASAP7_75t_R)                   23.27     206.94 r
  add_351/U149/Y (INVx1_ASAP7_75t_R)                     12.58     219.52 f
  add_351/U25/Y (OAI21xp5_ASAP7_75t_R)                   21.28     240.80 r
  add_351/U146/Y (INVx1_ASAP7_75t_R)                     11.26     252.07 f
  add_351/U44/Y (OA21x2_ASAP7_75t_R)                     25.98     278.05 f
  add_351/U12/Y (OAI21xp5_ASAP7_75t_R)                   16.47     294.51 r
  add_351/U11/Y (XNOR2xp5_ASAP7_75t_R)                   16.59     311.10 f
  add_351/SUM\[23\] (fp32_exp_DW01_add_J7_0)              0.00     311.10 f
  add_353/B\[6\] (fp32_exp_DW01_add_36)                   0.00     311.10 f
  add_353/U165/Y (OR2x2_ASAP7_75t_R)                     29.14     340.24 f
  add_353/U159/Y (INVx1_ASAP7_75t_R)                      8.92     349.16 r
  add_353/U5/Y (O2A1O1Ixp33_ASAP7_75t_R)                  9.58     358.74 f
  add_353/U4/Y (O2A1O1Ixp33_ASAP7_75t_R)                 27.35     386.09 r
  add_353/U95/Y (OAI21xp5_ASAP7_75t_R)                   15.64     401.73 f
  add_353/U94/Y (NAND2xp5_ASAP7_75t_R)                   15.33     417.07 r
  add_353/U92/Y (OAI21xp5_ASAP7_75t_R)                   12.34     429.41 f
  add_353/U91/Y (OR2x2_ASAP7_75t_R)                      30.20     459.61 f
  add_353/U68/Y (AOI31xp67_ASAP7_75t_R)                  20.26     479.87 r
  add_353/U39/Y (OAI21x1_ASAP7_75t_R)                    16.22     496.09 f
  add_353/U63/Y (AOI21x1_ASAP7_75t_R)                    19.31     515.40 r
  add_353/U60/Y (OAI21xp5_ASAP7_75t_R)                   17.61     533.01 f
  add_353/U25/Y (XOR2xp5_ASAP7_75t_R)                    22.53     555.54 f
  add_353/SUM\[23\] (fp32_exp_DW01_add_36)                0.00     555.54 f
  U3356/Y (BUFx2_ASAP7_75t_R)                            43.92     599.46 f
  U4681/Y (OAI21xp5_ASAP7_75t_R)                         21.45     620.92 r
  y_reg\[3\]/D (DFFASRHQNx1_ASAP7_75t_R)                  0.00     620.92 r
  data arrival time                                                620.92

  clock clk (rise edge)                                 699.00     699.00
  clock network delay (ideal)                             0.00     699.00
  clock uncertainty                                     -50.00     649.00
  y_reg\[3\]/CLK (DFFASRHQNx1_ASAP7_75t_R)                0.00     649.00 r
  library setup time                                    -16.72     632.28
  data required time                                               632.28
  --------------------------------------------------------------------------
  data required time                                               632.28
  data arrival time                                               -620.92
  --------------------------------------------------------------------------
  slack (MET)                                                       11.37


  Startpoint: s7_interp_lo_reg\[13\]
              (rising edge-triggered flip-flop clocked by clk)
  Endpoint: y_reg\[2\] (rising edge-triggered flip-flop clocked by clk)
  Path Group: clk
  Path Type: max

  Point                                                   Incr       Path
  --------------------------------------------------------------------------
  clock clk (rise edge)                                   0.00       0.00
  clock network delay (ideal)                             0.00       0.00
  s7_interp_lo_reg\[13\]/CLK (DFFASRHQNx1_ASAP7_75t_R)     0.00 #     0.00 r
  s7_interp_lo_reg\[13\]/QN (DFFASRHQNx1_ASAP7_75t_R)    59.36      59.36 r
  add_351/B\[13\] (fp32_exp_DW01_add_J7_0)                0.00      59.36 r
  add_351/U195/Y (INVx1_ASAP7_75t_R)                      9.48      68.84 f
  add_351/U194/Y (NAND2xp5_ASAP7_75t_R)                  13.79      82.63 r
  add_351/U193/Y (OAI21xp5_ASAP7_75t_R)                  12.55      95.18 f
  add_351/U192/Y (OR2x2_ASAP7_75t_R)                     24.46     119.64 f
  add_351/U19/Y (NOR3xp33_ASAP7_75t_R)                   14.91     134.55 r
  add_351/U3/Y (NOR2xp33_ASAP7_75t_R)                    15.04     149.59 f
  add_351/U53/Y (NAND3xp33_ASAP7_75t_R)                  17.40     166.99 r
  add_351/U9/Y (INVx1_ASAP7_75t_R)                       16.68     183.67 f
  add_351/U15/Y (OAI21xp5_ASAP7_75t_R)                   23.27     206.94 r
  add_351/U149/Y (INVx1_ASAP7_75t_R)                     12.58     219.52 f
  add_351/U25/Y (OAI21xp5_ASAP7_75t_R)                   21.28     240.80 r
  add_351/U146/Y (INVx1_ASAP7_75t_R)                     11.26     252.07 f
  add_351/U44/Y (OA21x2_ASAP7_75t_R)                     25.98     278.05 f
  add_351/U12/Y (OAI21xp5_ASAP7_75t_R)                   16.47     294.51 r
  add_351/U11/Y (XNOR2xp5_ASAP7_75t_R)                   16.59     311.10 f
  add_351/SUM\[23\] (fp32_exp_DW01_add_J7_0)              0.00     311.10 f
  add_353/B\[6\] (fp32_exp_DW01_add_36)                   0.00     311.10 f
  add_353/U165/Y (OR2x2_ASAP7_75t_R)                     29.14     340.24 f
  add_353/U159/Y (INVx1_ASAP7_75t_R)                      8.92     349.16 r
  add_353/U5/Y (O2A1O1Ixp33_ASAP7_75t_R)                  9.58     358.74 f
  add_353/U4/Y (O2A1O1Ixp33_ASAP7_75t_R)                 27.35     386.09 r
  add_353/U95/Y (OAI21xp5_ASAP7_75t_R)                   15.64     401.73 f
  add_353/U94/Y (NAND2xp5_ASAP7_75t_R)                   15.33     417.07 r
  add_353/U92/Y (OAI21xp5_ASAP7_75t_R)                   12.34     429.41 f
  add_353/U91/Y (OR2x2_ASAP7_75t_R)                      30.20     459.61 f
  add_353/U68/Y (AOI31xp67_ASAP7_75t_R)                  20.26     479.87 r
  add_353/U39/Y (OAI21x1_ASAP7_75t_R)                    16.22     496.09 f
  add_353/U63/Y (AOI21x1_ASAP7_75t_R)                    19.31     515.40 r
  add_353/U60/Y (OAI21xp5_ASAP7_75t_R)                   17.61     533.01 f
  add_353/U25/Y (XOR2xp5_ASAP7_75t_R)                    22.53     555.54 f
  add_353/SUM\[23\] (fp32_exp_DW01_add_36)                0.00     555.54 f
  U3356/Y (BUFx2_ASAP7_75t_R)                            43.92     599.46 f
  U4680/Y (OAI21xp5_ASAP7_75t_R)                         21.45     620.92 r
  y_reg\[2\]/D (DFFASRHQNx1_ASAP7_75t_R)                  0.00     620.92 r
  data arrival time                                                620.92

  clock clk (rise edge)                                 699.00     699.00
  clock network delay (ideal)                             0.00     699.00
  clock uncertainty                                     -50.00     649.00
  y_reg\[2\]/CLK (DFFASRHQNx1_ASAP7_75t_R)                0.00     649.00 r
  library setup time                                    -16.72     632.28
  data required time                                               632.28
  --------------------------------------------------------------------------
  data required time                                               632.28
  data arrival time                                               -620.92
  --------------------------------------------------------------------------
  slack (MET)                                                       11.37


  Startpoint: s7_interp_lo_reg\[13\]
              (rising edge-triggered flip-flop clocked by clk)
  Endpoint: y_reg\[1\] (rising edge-triggered flip-flop clocked by clk)
  Path Group: clk
  Path Type: max

  Point                                                   Incr       Path
  --------------------------------------------------------------------------
  clock clk (rise edge)                                   0.00       0.00
  clock network delay (ideal)                             0.00       0.00
  s7_interp_lo_reg\[13\]/CLK (DFFASRHQNx1_ASAP7_75t_R)     0.00 #     0.00 r
  s7_interp_lo_reg\[13\]/QN (DFFASRHQNx1_ASAP7_75t_R)    59.36      59.36 r
  add_351/B\[13\] (fp32_exp_DW01_add_J7_0)                0.00      59.36 r
  add_351/U195/Y (INVx1_ASAP7_75t_R)                      9.48      68.84 f
  add_351/U194/Y (NAND2xp5_ASAP7_75t_R)                  13.79      82.63 r
  add_351/U193/Y (OAI21xp5_ASAP7_75t_R)                  12.55      95.18 f
  add_351/U192/Y (OR2x2_ASAP7_75t_R)                     24.46     119.64 f
  add_351/U19/Y (NOR3xp33_ASAP7_75t_R)                   14.91     134.55 r
  add_351/U3/Y (NOR2xp33_ASAP7_75t_R)                    15.04     149.59 f
  add_351/U53/Y (NAND3xp33_ASAP7_75t_R)                  17.40     166.99 r
  add_351/U9/Y (INVx1_ASAP7_75t_R)                       16.68     183.67 f
  add_351/U15/Y (OAI21xp5_ASAP7_75t_R)                   23.27     206.94 r
  add_351/U149/Y (INVx1_ASAP7_75t_R)                     12.58     219.52 f
  add_351/U25/Y (OAI21xp5_ASAP7_75t_R)                   21.28     240.80 r
  add_351/U146/Y (INVx1_ASAP7_75t_R)                     11.26     252.07 f
  add_351/U44/Y (OA21x2_ASAP7_75t_R)                     25.98     278.05 f
  add_351/U12/Y (OAI21xp5_ASAP7_75t_R)                   16.47     294.51 r
  add_351/U11/Y (XNOR2xp5_ASAP7_75t_R)                   16.59     311.10 f
  add_351/SUM\[23\] (fp32_exp_DW01_add_J7_0)              0.00     311.10 f
  add_353/B\[6\] (fp32_exp_DW01_add_36)                   0.00     311.10 f
  add_353/U165/Y (OR2x2_ASAP7_75t_R)                     29.14     340.24 f
  add_353/U159/Y (INVx1_ASAP7_75t_R)                      8.92     349.16 r
  add_353/U5/Y (O2A1O1Ixp33_ASAP7_75t_R)                  9.58     358.74 f
  add_353/U4/Y (O2A1O1Ixp33_ASAP7_75t_R)                 27.35     386.09 r
  add_353/U95/Y (OAI21xp5_ASAP7_75t_R)                   15.64     401.73 f
  add_353/U94/Y (NAND2xp5_ASAP7_75t_R)                   15.33     417.07 r
  add_353/U92/Y (OAI21xp5_ASAP7_75t_R)                   12.34     429.41 f
  add_353/U91/Y (OR2x2_ASAP7_75t_R)                      30.20     459.61 f
  add_353/U68/Y (AOI31xp67_ASAP7_75t_R)                  20.26     479.87 r
  add_353/U39/Y (OAI21x1_ASAP7_75t_R)                    16.22     496.09 f
  add_353/U63/Y (AOI21x1_ASAP7_75t_R)                    19.31     515.40 r
  add_353/U60/Y (OAI21xp5_ASAP7_75t_R)                   17.61     533.01 f
  add_353/U25/Y (XOR2xp5_ASAP7_75t_R)                    22.53     555.54 f
  add_353/SUM\[23\] (fp32_exp_DW01_add_36)                0.00     555.54 f
  U3356/Y (BUFx2_ASAP7_75t_R)                            43.92     599.46 f
  U4679/Y (OAI21xp5_ASAP7_75t_R)                         21.45     620.92 r
  y_reg\[1\]/D (DFFASRHQNx1_ASAP7_75t_R)                  0.00     620.92 r
  data arrival time                                                620.92

  clock clk (rise edge)                                 699.00     699.00
  clock network delay (ideal)                             0.00     699.00
  clock uncertainty                                     -50.00     649.00
  y_reg\[1\]/CLK (DFFASRHQNx1_ASAP7_75t_R)                0.00     649.00 r
  library setup time                                    -16.72     632.28
  data required time                                               632.28
  --------------------------------------------------------------------------
  data required time                                               632.28
  data arrival time                                               -620.92
  --------------------------------------------------------------------------
  slack (MET)                                                       11.37


  Startpoint: s7_interp_lo_reg\[13\]
              (rising edge-triggered flip-flop clocked by clk)
  Endpoint: y_reg\[0\] (rising edge-triggered flip-flop clocked by clk)
  Path Group: clk
  Path Type: max

  Point                                                   Incr       Path
  --------------------------------------------------------------------------
  clock clk (rise edge)                                   0.00       0.00
  clock network delay (ideal)                             0.00       0.00
  s7_interp_lo_reg\[13\]/CLK (DFFASRHQNx1_ASAP7_75t_R)     0.00 #     0.00 r
  s7_interp_lo_reg\[13\]/QN (DFFASRHQNx1_ASAP7_75t_R)    59.36      59.36 r
  add_351/B\[13\] (fp32_exp_DW01_add_J7_0)                0.00      59.36 r
  add_351/U195/Y (INVx1_ASAP7_75t_R)                      9.48      68.84 f
  add_351/U194/Y (NAND2xp5_ASAP7_75t_R)                  13.79      82.63 r
  add_351/U193/Y (OAI21xp5_ASAP7_75t_R)                  12.55      95.18 f
  add_351/U192/Y (OR2x2_ASAP7_75t_R)                     24.46     119.64 f
  add_351/U19/Y (NOR3xp33_ASAP7_75t_R)                   14.91     134.55 r
  add_351/U3/Y (NOR2xp33_ASAP7_75t_R)                    15.04     149.59 f
  add_351/U53/Y (NAND3xp33_ASAP7_75t_R)                  17.40     166.99 r
  add_351/U9/Y (INVx1_ASAP7_75t_R)                       16.68     183.67 f
  add_351/U15/Y (OAI21xp5_ASAP7_75t_R)                   23.27     206.94 r
  add_351/U149/Y (INVx1_ASAP7_75t_R)                     12.58     219.52 f
  add_351/U25/Y (OAI21xp5_ASAP7_75t_R)                   21.28     240.80 r
  add_351/U146/Y (INVx1_ASAP7_75t_R)                     11.26     252.07 f
  add_351/U44/Y (OA21x2_ASAP7_75t_R)                     25.98     278.05 f
  add_351/U12/Y (OAI21xp5_ASAP7_75t_R)                   16.47     294.51 r
  add_351/U11/Y (XNOR2xp5_ASAP7_75t_R)                   16.59     311.10 f
  add_351/SUM\[23\] (fp32_exp_DW01_add_J7_0)              0.00     311.10 f
  add_353/B\[6\] (fp32_exp_DW01_add_36)                   0.00     311.10 f
  add_353/U165/Y (OR2x2_ASAP7_75t_R)                     29.14     340.24 f
  add_353/U159/Y (INVx1_ASAP7_75t_R)                      8.92     349.16 r
  add_353/U5/Y (O2A1O1Ixp33_ASAP7_75t_R)                  9.58     358.74 f
  add_353/U4/Y (O2A1O1Ixp33_ASAP7_75t_R)                 27.35     386.09 r
  add_353/U95/Y (OAI21xp5_ASAP7_75t_R)                   15.64     401.73 f
  add_353/U94/Y (NAND2xp5_ASAP7_75t_R)                   15.33     417.07 r
  add_353/U92/Y (OAI21xp5_ASAP7_75t_R)                   12.34     429.41 f
  add_353/U91/Y (OR2x2_ASAP7_75t_R)                      30.20     459.61 f
  add_353/U68/Y (AOI31xp67_ASAP7_75t_R)                  20.26     479.87 r
  add_353/U39/Y (OAI21x1_ASAP7_75t_R)                    16.22     496.09 f
  add_353/U63/Y (AOI21x1_ASAP7_75t_R)                    19.31     515.40 r
  add_353/U60/Y (OAI21xp5_ASAP7_75t_R)                   17.61     533.01 f
  add_353/U25/Y (XOR2xp5_ASAP7_75t_R)                    22.53     555.54 f
  add_353/SUM\[23\] (fp32_exp_DW01_add_36)                0.00     555.54 f
  U3356/Y (BUFx2_ASAP7_75t_R)                            43.92     599.46 f
  U4678/Y (OAI21xp5_ASAP7_75t_R)                         21.45     620.92 r
  y_reg\[0\]/D (DFFASRHQNx1_ASAP7_75t_R)                  0.00     620.92 r
  data arrival time                                                620.92

  clock clk (rise edge)                                 699.00     699.00
  clock network delay (ideal)                             0.00     699.00
  clock uncertainty                                     -50.00     649.00
  y_reg\[0\]/CLK (DFFASRHQNx1_ASAP7_75t_R)                0.00     649.00 r
  library setup time                                    -16.72     632.28
  data required time                                               632.28
  --------------------------------------------------------------------------
  data required time                                               632.28
  data arrival time                                               -620.92
  --------------------------------------------------------------------------
  slack (MET)                                                       11.37


  Startpoint: s7_interp_lo_reg\[13\]
              (rising edge-triggered flip-flop clocked by clk)
  Endpoint: y_reg\[5\] (rising edge-triggered flip-flop clocked by clk)
  Path Group: clk
  Path Type: max

  Point                                                   Incr       Path
  --------------------------------------------------------------------------
  clock clk (rise edge)                                   0.00       0.00
  clock network delay (ideal)                             0.00       0.00
  s7_interp_lo_reg\[13\]/CLK (DFFASRHQNx1_ASAP7_75t_R)     0.00 #     0.00 r
  s7_interp_lo_reg\[13\]/QN (DFFASRHQNx1_ASAP7_75t_R)    59.36      59.36 r
  add_351/B\[13\] (fp32_exp_DW01_add_J7_0)                0.00      59.36 r
  add_351/U195/Y (INVx1_ASAP7_75t_R)                      9.48      68.84 f
  add_351/U194/Y (NAND2xp5_ASAP7_75t_R)                  13.79      82.63 r
  add_351/U193/Y (OAI21xp5_ASAP7_75t_R)                  12.55      95.18 f
  add_351/U192/Y (OR2x2_ASAP7_75t_R)                     24.46     119.64 f
  add_351/U19/Y (NOR3xp33_ASAP7_75t_R)                   14.91     134.55 r
  add_351/U3/Y (NOR2xp33_ASAP7_75t_R)                    15.04     149.59 f
  add_351/U53/Y (NAND3xp33_ASAP7_75t_R)                  17.40     166.99 r
  add_351/U9/Y (INVx1_ASAP7_75t_R)                       16.68     183.67 f
  add_351/U15/Y (OAI21xp5_ASAP7_75t_R)                   23.27     206.94 r
  add_351/U149/Y (INVx1_ASAP7_75t_R)                     12.58     219.52 f
  add_351/U25/Y (OAI21xp5_ASAP7_75t_R)                   21.28     240.80 r
  add_351/U146/Y (INVx1_ASAP7_75t_R)                     11.26     252.07 f
  add_351/U44/Y (OA21x2_ASAP7_75t_R)                     25.98     278.05 f
  add_351/U12/Y (OAI21xp5_ASAP7_75t_R)                   16.47     294.51 r
  add_351/U11/Y (XNOR2xp5_ASAP7_75t_R)                   16.59     311.10 f
  add_351/SUM\[23\] (fp32_exp_DW01_add_J7_0)              0.00     311.10 f
  add_353/B\[6\] (fp32_exp_DW01_add_36)                   0.00     311.10 f
  add_353/U165/Y (OR2x2_ASAP7_75t_R)                     29.14     340.24 f
  add_353/U159/Y (INVx1_ASAP7_75t_R)                      8.92     349.16 r
  add_353/U5/Y (O2A1O1Ixp33_ASAP7_75t_R)                  9.58     358.74 f
  add_353/U4/Y (O2A1O1Ixp33_ASAP7_75t_R)                 27.35     386.09 r
  add_353/U95/Y (OAI21xp5_ASAP7_75t_R)                   15.64     401.73 f
  add_353/U94/Y (NAND2xp5_ASAP7_75t_R)                   15.33     417.07 r
  add_353/U92/Y (OAI21xp5_ASAP7_75t_R)                   12.34     429.41 f
  add_353/U91/Y (OR2x2_ASAP7_75t_R)                      30.20     459.61 f
  add_353/U68/Y (AOI31xp67_ASAP7_75t_R)                  20.26     479.87 r
  add_353/U39/Y (OAI21x1_ASAP7_75t_R)                    16.22     496.09 f
  add_353/U63/Y (AOI21x1_ASAP7_75t_R)                    19.31     515.40 r
  add_353/U60/Y (OAI21xp5_ASAP7_75t_R)                   17.61     533.01 f
  add_353/U25/Y (XOR2xp5_ASAP7_75t_R)                    22.53     555.54 f
  add_353/SUM\[23\] (fp32_exp_DW01_add_36)                0.00     555.54 f
  U3356/Y (BUFx2_ASAP7_75t_R)                            43.92     599.46 f
  U4683/Y (OAI21xp5_ASAP7_75t_R)                         21.45     620.92 r
  y_reg\[5\]/D (DFFASRHQNx1_ASAP7_75t_R)                  0.00     620.92 r
  data arrival time                                                620.92

  clock clk (rise edge)                                 699.00     699.00
  clock network delay (ideal)                             0.00     699.00
  clock uncertainty                                     -50.00     649.00
  y_reg\[5\]/CLK (DFFASRHQNx1_ASAP7_75t_R)                0.00     649.00 r
  library setup time                                    -16.72     632.28
  data required time                                               632.28
  --------------------------------------------------------------------------
  data required time                                               632.28
  data arrival time                                               -620.92
  --------------------------------------------------------------------------
  slack (MET)                                                       11.37


  Startpoint: s7_interp_lo_reg\[13\]
              (rising edge-triggered flip-flop clocked by clk)
  Endpoint: y_reg\[6\] (rising edge-triggered flip-flop clocked by clk)
  Path Group: clk
  Path Type: max

  Point                                                   Incr       Path
  --------------------------------------------------------------------------
  clock clk (rise edge)                                   0.00       0.00
  clock network delay (ideal)                             0.00       0.00
  s7_interp_lo_reg\[13\]/CLK (DFFASRHQNx1_ASAP7_75t_R)     0.00 #     0.00 r
  s7_interp_lo_reg\[13\]/QN (DFFASRHQNx1_ASAP7_75t_R)    59.36      59.36 r
  add_351/B\[13\] (fp32_exp_DW01_add_J7_0)                0.00      59.36 r
  add_351/U195/Y (INVx1_ASAP7_75t_R)                      9.48      68.84 f
  add_351/U194/Y (NAND2xp5_ASAP7_75t_R)                  13.79      82.63 r
  add_351/U193/Y (OAI21xp5_ASAP7_75t_R)                  12.55      95.18 f
  add_351/U192/Y (OR2x2_ASAP7_75t_R)                     24.46     119.64 f
  add_351/U19/Y (NOR3xp33_ASAP7_75t_R)                   14.91     134.55 r
  add_351/U3/Y (NOR2xp33_ASAP7_75t_R)                    15.04     149.59 f
  add_351/U53/Y (NAND3xp33_ASAP7_75t_R)                  17.40     166.99 r
  add_351/U9/Y (INVx1_ASAP7_75t_R)                       16.68     183.67 f
  add_351/U15/Y (OAI21xp5_ASAP7_75t_R)                   23.27     206.94 r
  add_351/U149/Y (INVx1_ASAP7_75t_R)                     12.58     219.52 f
  add_351/U25/Y (OAI21xp5_ASAP7_75t_R)                   21.28     240.80 r
  add_351/U146/Y (INVx1_ASAP7_75t_R)                     11.26     252.07 f
  add_351/U44/Y (OA21x2_ASAP7_75t_R)                     25.98     278.05 f
  add_351/U12/Y (OAI21xp5_ASAP7_75t_R)                   16.47     294.51 r
  add_351/U11/Y (XNOR2xp5_ASAP7_75t_R)                   16.59     311.10 f
  add_351/SUM\[23\] (fp32_exp_DW01_add_J7_0)              0.00     311.10 f
  add_353/B\[6\] (fp32_exp_DW01_add_36)                   0.00     311.10 f
  add_353/U165/Y (OR2x2_ASAP7_75t_R)                     29.14     340.24 f
  add_353/U159/Y (INVx1_ASAP7_75t_R)                      8.92     349.16 r
  add_353/U5/Y (O2A1O1Ixp33_ASAP7_75t_R)                  9.58     358.74 f
  add_353/U4/Y (O2A1O1Ixp33_ASAP7_75t_R)                 27.35     386.09 r
  add_353/U95/Y (OAI21xp5_ASAP7_75t_R)                   15.64     401.73 f
  add_353/U94/Y (NAND2xp5_ASAP7_75t_R)                   15.33     417.07 r
  add_353/U92/Y (OAI21xp5_ASAP7_75t_R)                   12.34     429.41 f
  add_353/U91/Y (OR2x2_ASAP7_75t_R)                      30.20     459.61 f
  add_353/U68/Y (AOI31xp67_ASAP7_75t_R)                  20.26     479.87 r
  add_353/U39/Y (OAI21x1_ASAP7_75t_R)                    16.22     496.09 f
  add_353/U63/Y (AOI21x1_ASAP7_75t_R)                    19.31     515.40 r
  add_353/U60/Y (OAI21xp5_ASAP7_75t_R)                   17.61     533.01 f
  add_353/U25/Y (XOR2xp5_ASAP7_75t_R)                    22.53     555.54 f
  add_353/SUM\[23\] (fp32_exp_DW01_add_36)                0.00     555.54 f
  U3356/Y (BUFx2_ASAP7_75t_R)                            43.92     599.46 f
  U4684/Y (OAI21xp5_ASAP7_75t_R)                         21.45     620.92 r
  y_reg\[6\]/D (DFFASRHQNx1_ASAP7_75t_R)                  0.00     620.92 r
  data arrival time                                                620.92

  clock clk (rise edge)                                 699.00     699.00
  clock network delay (ideal)                             0.00     699.00
  clock uncertainty                                     -50.00     649.00
  y_reg\[6\]/CLK (DFFASRHQNx1_ASAP7_75t_R)                0.00     649.00 r
  library setup time                                    -16.72     632.28
  data required time                                               632.28
  --------------------------------------------------------------------------
  data required time                                               632.28
  data arrival time                                               -620.92
  --------------------------------------------------------------------------
  slack (MET)                                                       11.37


1
