 
****************************************
Report : area
Design : fp32_exp
Version: P-2019.03-SP5-6
Date   : Mon Aug 31 00:23:01 2026
****************************************

Library(s) Used:

    asap7sc7p5t_INVBUF_RVT_TT_nldm_211120 (File: /thu-bloor/xinyao-w23/kvpim-rtl/third_party/asap7_lib/db/asap7sc7p5t_INVBUF_RVT_TT_nldm_211120.db)
    asap7sc7p5t_SIMPLE_RVT_TT_nldm_211120 (File: /thu-bloor/xinyao-w23/kvpim-rtl/third_party/asap7_lib/db/asap7sc7p5t_SIMPLE_RVT_TT_nldm_211120.db)
    asap7sc7p5t_SEQ_RVT_TT_nldm_220123 (File: /thu-bloor/xinyao-w23/kvpim-rtl/third_party/asap7_lib/db/asap7sc7p5t_SEQ_RVT_TT_nldm_220123.db)
    asap7sc7p5t_OA_RVT_TT_nldm_211120 (File: /thu-bloor/xinyao-w23/kvpim-rtl/third_party/asap7_lib/db/asap7sc7p5t_OA_RVT_TT_nldm_211120.db)
    asap7sc7p5t_AO_RVT_TT_nldm_211120 (File: /thu-bloor/xinyao-w23/kvpim-rtl/third_party/asap7_lib/db/asap7sc7p5t_AO_RVT_TT_nldm_211120.db)

Number of ports:                         3031
Number of nets:                         11844
Number of cells:                         9324
Number of combinational cells:           8187
Number of sequential cells:              1092
Number of macros/black boxes:               0
Number of buf/inv:                       3456
Number of references:                      79

Combinational area:                599.237999
Buf/Inv area:                      156.560042
Noncombinational area:             413.955357
Macro/Black Box area:                0.000000
Net Interconnect area:      undefined  (No wire load specified)

Total cell area:                  1013.193356
Total area:                 undefined

Hierarchical area distribution
------------------------------

                                  Global cell area          Local cell area
                                  ------------------  --------------------------- 
Hierarchical cell                 Absolute   Percent  Combi-    Noncombi-  Black-
                                  Total      Total    national  national   boxes   Design
--------------------------------  ---------  -------  --------  ---------  ------  ----------------------
fp32_exp                          1013.1934    100.0  142.8403   413.9554  0.0000  fp32_exp
add_133                             14.4196      1.4   14.4196     0.0000  0.0000  fp32_exp_DW01_add_J9_1
add_133_S2                          14.4196      1.4   14.4196     0.0000  0.0000  fp32_exp_DW01_add_45
add_134                             14.4196      1.4   14.4196     0.0000  0.0000  fp32_exp_DW01_add_J9_0
add_134_S2                          14.4196      1.4   14.4196     0.0000  0.0000  fp32_exp_DW01_add_44
add_135                             15.2069      1.5   15.2069     0.0000  0.0000  fp32_exp_DW01_add_J3_1
add_136                             15.2069      1.5   15.2069     0.0000  0.0000  fp32_exp_DW01_add_32
add_140                             16.8836      1.7   16.8836     0.0000  0.0000  fp32_exp_DW01_add_J6_0
add_351                             14.1718      1.4   14.1718     0.0000  0.0000  fp32_exp_DW01_add_J7_0
add_353                             13.4719      1.3   13.4719     0.0000  0.0000  fp32_exp_DW01_add_36
add_449                              8.4710      0.8    8.4710     0.0000  0.0000  fp32_exp_DW01_add_35
mult_129                            16.7378      1.7    8.0482     0.0000  0.0000  fp32_exp_DW02_mult_15
mult_129/FS_1                        8.6897      0.9    8.6897     0.0000  0.0000  fp32_exp_DW01_add_40
mult_129_S2                         16.7378      1.7    8.0482     0.0000  0.0000  fp32_exp_DW02_mult_14
mult_129_S2/FS_1                     8.6897      0.9    8.6897     0.0000  0.0000  fp32_exp_DW01_add_J8_2
mult_130                            16.7378      1.7    8.0482     0.0000  0.0000  fp32_exp_DW02_mult_13
mult_130/FS_1                        8.6897      0.9    8.6897     0.0000  0.0000  fp32_exp_DW01_add_41
mult_130_S2                         16.7378      1.7    8.0482     0.0000  0.0000  fp32_exp_DW02_mult_12
mult_130_S2/FS_1                     8.6897      0.9    8.6897     0.0000  0.0000  fp32_exp_DW01_add_J8_3
mult_131                            16.7378      1.7    8.0482     0.0000  0.0000  fp32_exp_DW02_mult_11
mult_131/FS_1                        8.6897      0.9    8.6897     0.0000  0.0000  fp32_exp_DW01_add_42
mult_131_S2                         16.7378      1.7    8.0482     0.0000  0.0000  fp32_exp_DW02_mult_10
mult_131_S2/FS_1                     8.6897      0.9    8.6897     0.0000  0.0000  fp32_exp_DW01_add_J8_4
mult_132                            16.7378      1.7    8.0482     0.0000  0.0000  fp32_exp_DW02_mult_9
mult_132/FS_1                        8.6897      0.9    8.6897     0.0000  0.0000  fp32_exp_DW01_add_43
mult_132_S2                         15.9797      1.6    7.6837     0.0000  0.0000  fp32_exp_DW02_mult_8
mult_132_S2/FS_1                     8.2960      0.8    8.2960     0.0000  0.0000  fp32_exp_DW01_add_J8_5
mult_342                            19.7413      1.9   16.6795     0.0000  0.0000  fp32_exp_DW02_mult_4
mult_342/FS_1                        3.0618      0.3    3.0618     0.0000  0.0000  fp32_exp_DW01_add_18
mult_343                            19.7705      2.0   16.7087     0.0000  0.0000  fp32_exp_DW02_mult_5
mult_343/FS_1                        3.0618      0.3    3.0618     0.0000  0.0000  fp32_exp_DW01_add_19
mult_344                            19.7122      1.9   16.6795     0.0000  0.0000  fp32_exp_DW02_mult_6
mult_344/FS_1                        3.0326      0.3    3.0326     0.0000  0.0000  fp32_exp_DW01_add_20
mult_345                            19.9892      2.0   16.7087     0.0000  0.0000  fp32_exp_DW02_mult_7
mult_345/FS_1                        3.2805      0.3    3.2805     0.0000  0.0000  fp32_exp_DW01_add_21
mult_346                            17.9042      1.8   14.9737     0.0000  0.0000  fp32_exp_DW02_mult_0
mult_346/FS_1                        2.9306      0.3    2.9306     0.0000  0.0000  fp32_exp_DW01_add_J8_1
mult_347                            17.8605      1.8   14.9737     0.0000  0.0000  fp32_exp_DW02_mult_1
mult_347/FS_1                        2.8868      0.3    2.8868     0.0000  0.0000  fp32_exp_DW01_add_39
mult_348                            17.8605      1.8   14.9737     0.0000  0.0000  fp32_exp_DW02_mult_2
mult_348/FS_1                        2.8868      0.3    2.8868     0.0000  0.0000  fp32_exp_DW01_add_J8_0
mult_349                            17.8168      1.8   14.9737     0.0000  0.0000  fp32_exp_DW02_mult_3
mult_349/FS_1                        2.8431      0.3    2.8431     0.0000  0.0000  fp32_exp_DW01_add_38
srl_85                              11.9556      1.2   11.9556     0.0000  0.0000  fp32_exp_DW_rash_0
sub_162                              5.8903      0.6    5.8903     0.0000  0.0000  fp32_exp_DW01_sub_6
sub_313                             13.6615      1.3   13.6615     0.0000  0.0000  fp32_exp_DW01_sub_7
--------------------------------  ---------  -------  --------  ---------  ------  ----------------------
Total                                                 599.2380   413.9554  0.0000

1
