============================================================
  Generated by:           Genus(TM) Synthesis Solution 25.10-p002_1
  Generated on:           Aug 27 2026  02:39:38 pm
  Module:                 mq_pe_16x2_d32
  Operating conditions:   PVT_0P7V_25C (balanced_tree)
  Wireload mode:          enclosed
  Area mode:              timing library
============================================================


Path 1: MET (0 ps) Setup Check with Pin retime_s3_134_reg/CLK->D
           View: TT.setup_view
          Group: clk
     Startpoint: (R) retime_s1_228_reg/CLK
          Clock: (R) clk
       Endpoint: (R) retime_s3_134_reg/D
          Clock: (R) clk

                     Capture       Launch     
        Clock Edge:+     500            0     
       Src Latency:+       0            0     
       Net Latency:+       0 (I)        0 (I) 
           Arrival:=     500            0     
                                              
             Setup:-       8                  
       Uncertainty:-      15                  
     Required Time:=     477                  
      Launch Clock:-       0                  
         Data Path:-     477                  
             Slack:=       0                  

#----------------------------------------------------------------------------------------------------------------------------------------------
#                    Timing Point                      Flags    Arc    Edge           Cell            Fanout Load Trans Delay Arrival Instance 
#                                                                                                            (fF)  (ps)  (ps)   (ps)  Location 
#----------------------------------------------------------------------------------------------------------------------------------------------
  retime_s1_228_reg/CLK                                -       -       R     (arrival)                 29403    -     5     0       0    (-,-) 
  retime_s1_228_reg/QN                                 -       CLK->QN F     SDFHx1_ASAP7_75t_SL           3 12.9    77    66      66    (-,-) 
  g619388__4733/Y                                      -       A->Y    F     AND2x2_ASAP7_75t_SL           7 12.0    37    43     110    (-,-) 
  u_pe_u_tree_g_mul[11].u_mul_mul_36_26_g19036/Y       -       A->Y    R     CKINVDCx14_ASAP7_75t_R        7  4.0    13    13     122    (-,-) 
  u_pe_u_tree_g_mul[11].u_mul_mul_36_26_g18983__7482/Y -       B->Y    F     NOR2xp33_ASAP7_75t_SL         2  1.1    23    14     137    (-,-) 
  u_pe_u_tree_g_mul[11].u_mul_mul_36_26_g18950__5115/Y -       B->Y    R     AOI21xp5_ASAP7_75t_SL         2  1.2    24    16     152    (-,-) 
  u_pe_u_tree_g_mul[11].u_mul_mul_36_26_g18780__5115/Y -       B2->Y   F     AOI22xp5_ASAP7_75t_SL         2  1.2    29    12     165    (-,-) 
  u_pe_u_tree_g_mul[11].u_mul_mul_36_26_g18676__7482/Y -       B->Y    R     NAND2xp5_ASAP7_75t_SL         2  1.3    24    15     179    (-,-) 
  u_pe_u_tree_g_mul[11].u_mul_mul_36_26_g18657/Y       -       A->Y    F     INVx1_ASAP7_75t_SL            1  0.6    10     5     185    (-,-) 
  u_pe_u_tree_g_mul[11].u_mul_mul_36_26_g18573__5107/Y -       A2->Y   R     OAI21xp5_ASAP7_75t_SL         2  1.7    32    15     200    (-,-) 
  u_pe_u_tree_g_mul[11].u_mul_mul_36_26_g19108__6417/Y -       B->Y    R     XOR2xp5_ASAP7_75t_SL          2  1.0    24    19     218    (-,-) 
  u_pe_u_tree_g_mul[11].u_mul_mul_36_26_g18421__7410/Y -       A->Y    F     NAND2xp5_ASAP7_75t_L          3  1.6    24    14     232    (-,-) 
  u_pe_u_tree_g_mul[11].u_mul_mul_36_26_g18398__9315/Y -       B->Y    R     OAI21xp5_ASAP7_75t_SL         2  1.0    23    11     243    (-,-) 
  u_pe_u_tree_g_mul[11].u_mul_mul_36_26_g18367__6161/Y -       A->Y    F     NOR2xp33_ASAP7_75t_SL         2  1.2    27    17     260    (-,-) 
  u_pe_u_tree_g_mul[11].u_mul_mul_36_26_g18351__6131/Y -       B->Y    R     AOI21xp5_ASAP7_75t_SL         2  1.0    23    15     275    (-,-) 
  u_pe_u_tree_g_mul[11].u_mul_mul_36_26_g19084__5122/Y -       B->Y    R     AND2x2_ASAP7_75t_SL           2  9.9    37    29     305    (-,-) 
  u_pe_u_tree_g_mul[11].u_mul_mul_36_26_g18279__1705/Y -       A->Y    F     NOR2xp33_ASAP7_75t_SL         2  1.1    29    19     324    (-,-) 
  u_pe_u_tree_g_mul[11].u_mul_mul_36_26_g18265__5107/Y -       B->Y    R     NAND2xp5_ASAP7_75t_SL         3  1.7    30    17     340    (-,-) 
  u_pe_u_tree_g_mul[11].u_mul_mul_36_26_g18253__6161/Y -       A2->Y   F     A2O1A1Ixp33_ASAP7_75t_SL      2  1.0    30    13     353    (-,-) 
  u_pe_u_tree_g_mul[11].u_mul_mul_36_26_g18226__7098/Y -       B->Y    R     NAND3xp33_ASAP7_75t_SL        2  1.1    22    15     368    (-,-) 
  u_pe_u_tree_g_mul[11].u_mul_mul_36_26_g18214/Y       -       A1->Y   F     AOI31xp33_ASAP7_75t_SL        1  1.0    24    13     381    (-,-) 
  u_pe_u_tree_g_mul[11].u_mul_mul_36_26_g18211__5122/Y -       B->Y    F     OR2x6_ASAP7_75t_L            15 13.3    21    31     412    (-,-) 
  g603002/Y                                            -       A->Y    R     INVx1_ASAP7_75t_SL            4  2.1    19    13     425    (-,-) 
  g602479/Y                                            -       B->Y    F     NOR2xp33_ASAP7_75t_SL         2  1.1    30    15     440    (-,-) 
  g602225/Y                                            -       B->Y    R     NAND2xp5_ASAP7_75t_SL         3  1.4    22    15     455    (-,-) 
  g602210/Y                                            -       A->Y    F     INVxp67_ASAP7_75t_SL          2  1.2    16    10     465    (-,-) 
  g601903/Y                                            -       A2->Y   R     A2O1A1Ixp33_ASAP7_75t_SL      1  0.6    18    12     477    (-,-) 
  retime_s3_134_reg/D                                  <<<     -       R     DFFHQNx1_ASAP7_75t_SL         1    -     -     0     477    (-,-) 
#----------------------------------------------------------------------------------------------------------------------------------------------


