============================================================
  Generated by:           Genus(TM) Synthesis Solution 25.10-p002_1
  Generated on:           Aug 27 2026  02:39:47 pm
  Operating conditions:   PVT_0P7V_25C (balanced_tree)
  Wireload mode:          enclosed
  Area mode:              timing library
============================================================

                                                                                       Library 
           Gate             Instances    Area                   Library                 Domain 
-----------------------------------------------------------------------------------------------
A2O1A1Ixp33_ASAP7_75t_SL          335    29.306     asap7sc7p5t_AO_SLVT_TT_nldm_201020       0 
A2O1A1O1Ixp25_ASAP7_75t_SL         30     3.937     asap7sc7p5t_AO_SLVT_TT_nldm_201020       0 
AND2x2_ASAP7_75t_SL              1050    91.854 asap7sc7p5t_SIMPLE_SLVT_TT_nldm_201020       0 
AND2x4_ASAP7_75t_SL                13     1.895 asap7sc7p5t_SIMPLE_SLVT_TT_nldm_201020       0 
AND2x6_ASAP7_75t_L                  1     0.175  asap7sc7p5t_SIMPLE_LVT_TT_nldm_201020       0 
AND3x1_ASAP7_75t_L                  1     0.087  asap7sc7p5t_SIMPLE_LVT_TT_nldm_201020       0 
AND3x1_ASAP7_75t_SL                 7     0.612 asap7sc7p5t_SIMPLE_SLVT_TT_nldm_201020       0 
AND3x2_ASAP7_75t_SL                 2     0.204 asap7sc7p5t_SIMPLE_SLVT_TT_nldm_201020       0 
AND3x4_ASAP7_75t_SL                 1     0.204 asap7sc7p5t_SIMPLE_SLVT_TT_nldm_201020       0 
AND4x1_ASAP7_75t_SL              1024   104.509 asap7sc7p5t_SIMPLE_SLVT_TT_nldm_201020       0 
AND5x1_ASAP7_75t_SL                17     1.983 asap7sc7p5t_SIMPLE_SLVT_TT_nldm_201020       0 
AO211x2_ASAP7_75t_SL                1     0.233     asap7sc7p5t_AO_SLVT_TT_nldm_201020       0 
AO21x1_ASAP7_75t_L                 11     0.962      asap7sc7p5t_AO_LVT_TT_nldm_201020       0 
AO21x1_ASAP7_75t_SL                31     2.712     asap7sc7p5t_AO_SLVT_TT_nldm_201020       0 
AO21x2_ASAP7_75t_SL                19     1.939     asap7sc7p5t_AO_SLVT_TT_nldm_201020       0 
AO221x1_ASAP7_75t_SL                4     0.583     asap7sc7p5t_AO_SLVT_TT_nldm_201020       0 
AO22x1_ASAP7_75t_SL                22     2.887     asap7sc7p5t_AO_SLVT_TT_nldm_201020       0 
AO22x2_ASAP7_75t_SL                 2     0.292     asap7sc7p5t_AO_SLVT_TT_nldm_201020       0 
AO32x1_ASAP7_75t_SL                10     1.166     asap7sc7p5t_AO_SLVT_TT_nldm_201020       0 
AO32x2_ASAP7_75t_L                  1     0.131      asap7sc7p5t_AO_LVT_TT_nldm_201020       0 
AO33x2_ASAP7_75t_SL                 2     0.292     asap7sc7p5t_AO_SLVT_TT_nldm_201020       0 
AOI211xp5_ASAP7_75t_SL            755    66.047     asap7sc7p5t_AO_SLVT_TT_nldm_201020       0 
AOI21x1_ASAP7_75t_L                 1     0.117      asap7sc7p5t_AO_LVT_TT_nldm_201020       0 
AOI21x1_ASAP7_75t_SL                3     0.350     asap7sc7p5t_AO_SLVT_TT_nldm_201020       0 
AOI21xp33_ASAP7_75t_L               3     0.219      asap7sc7p5t_AO_LVT_TT_nldm_201020       0 
AOI21xp33_ASAP7_75t_SL            112     8.165     asap7sc7p5t_AO_SLVT_TT_nldm_201020       0 
AOI21xp5_ASAP7_75t_L              107     7.800      asap7sc7p5t_AO_LVT_TT_nldm_201020       0 
AOI21xp5_ASAP7_75t_SL             799    58.247     asap7sc7p5t_AO_SLVT_TT_nldm_201020       0 
AOI221xp5_ASAP7_75t_SL           1017   103.795     asap7sc7p5t_AO_SLVT_TT_nldm_201020       0 
AOI222xp33_ASAP7_75t_SL            29     4.228     asap7sc7p5t_AO_SLVT_TT_nldm_201020       0 
AOI22x1_ASAP7_75t_SL                2     0.292     asap7sc7p5t_AO_SLVT_TT_nldm_201020       0 
AOI22xp33_ASAP7_75t_L             202    17.671      asap7sc7p5t_AO_LVT_TT_nldm_201020       0 
AOI22xp33_ASAP7_75t_SL            564    49.339     asap7sc7p5t_AO_SLVT_TT_nldm_201020       0 
AOI22xp5_ASAP7_75t_L              287    25.107      asap7sc7p5t_AO_LVT_TT_nldm_201020       0 
AOI22xp5_ASAP7_75t_SL           11225   981.963     asap7sc7p5t_AO_SLVT_TT_nldm_201020       0 
AOI311xp33_ASAP7_75t_SL             6     0.612     asap7sc7p5t_AO_SLVT_TT_nldm_201020       0 
AOI31xp33_ASAP7_75t_SL            112     9.798     asap7sc7p5t_AO_SLVT_TT_nldm_201020       0 
AOI31xp67_ASAP7_75t_L               1     0.190      asap7sc7p5t_AO_LVT_TT_nldm_201020       0 
AOI31xp67_ASAP7_75t_SL              1     0.190     asap7sc7p5t_AO_SLVT_TT_nldm_201020       0 
AOI321xp33_ASAP7_75t_SL            11     1.283     asap7sc7p5t_AO_SLVT_TT_nldm_201020       0 
AOI322xp5_ASAP7_75t_L              11     1.443      asap7sc7p5t_AO_LVT_TT_nldm_201020       0 
AOI322xp5_ASAP7_75t_SL            396    51.963     asap7sc7p5t_AO_SLVT_TT_nldm_201020       0 
AOI32xp33_ASAP7_75t_SL             42     4.287     asap7sc7p5t_AO_SLVT_TT_nldm_201020       0 
AOI331xp33_ASAP7_75t_SL             2     0.262     asap7sc7p5t_AO_SLVT_TT_nldm_201020       0 
AOI332xp33_ASAP7_75t_SL             1     0.146     asap7sc7p5t_AO_SLVT_TT_nldm_201020       0 
AOI33xp33_ASAP7_75t_SL              5     0.583     asap7sc7p5t_AO_SLVT_TT_nldm_201020       0 
ASYNC_DFFHx1_ASAP7_75t_L           95    36.013     asap7sc7p5t_SEQ_LVT_TT_nldm_201020       0 
ASYNC_DFFHx1_ASAP7_75t_SL         536   203.187    asap7sc7p5t_SEQ_SLVT_TT_nldm_201020       0 
BUFx10_ASAP7_75t_L                  4     0.816  asap7sc7p5t_INVBUF_LVT_TT_nldm_201020       0 
BUFx2_ASAP7_75t_L                 789    57.518  asap7sc7p5t_INVBUF_LVT_TT_nldm_201020       0 
BUFx2_ASAP7_75t_SL                116     8.456 asap7sc7p5t_INVBUF_SLVT_TT_nldm_201020       0 
BUFx3_ASAP7_75t_L                 285    24.932  asap7sc7p5t_INVBUF_LVT_TT_nldm_201020       0 
BUFx3_ASAP7_75t_SL                280    24.494 asap7sc7p5t_INVBUF_SLVT_TT_nldm_201020       0 
BUFx4f_ASAP7_75t_SL                44     5.132 asap7sc7p5t_INVBUF_SLVT_TT_nldm_201020       0 
BUFx5_ASAP7_75t_SL                 15     1.750 asap7sc7p5t_INVBUF_SLVT_TT_nldm_201020       0 
BUFx6f_ASAP7_75t_SL                 6     0.875 asap7sc7p5t_INVBUF_SLVT_TT_nldm_201020       0 
BUFx8_ASAP7_75t_SL                 10     1.750 asap7sc7p5t_INVBUF_SLVT_TT_nldm_201020       0 
CKINVDCx11_ASAP7_75t_R              8     0.000  asap7sc7p5t_INVBUF_RVT_TT_nldm_201020       0 
CKINVDCx12_ASAP7_75t_R            259     0.000  asap7sc7p5t_INVBUF_RVT_TT_nldm_201020       0 
CKINVDCx14_ASAP7_75t_R            347     0.000  asap7sc7p5t_INVBUF_RVT_TT_nldm_201020       0 
CKINVDCx16_ASAP7_75t_R            306     0.000  asap7sc7p5t_INVBUF_RVT_TT_nldm_201020       0 
CKINVDCx20_ASAP7_75t_R          27891     0.000  asap7sc7p5t_INVBUF_RVT_TT_nldm_201020       0 
CKINVDCx5p33_ASAP7_75t_R          341     0.000  asap7sc7p5t_INVBUF_RVT_TT_nldm_201020       0 
CKINVDCx8_ASAP7_75t_R              22     0.000  asap7sc7p5t_INVBUF_RVT_TT_nldm_201020       0 
DFFHQNx1_ASAP7_75t_L               30     8.748     asap7sc7p5t_SEQ_LVT_TT_nldm_201020       0 
DFFHQNx1_ASAP7_75t_R                7     2.041     asap7sc7p5t_SEQ_RVT_TT_nldm_201020       0 
DFFHQNx1_ASAP7_75t_SL            1063   309.971    asap7sc7p5t_SEQ_SLVT_TT_nldm_201020       0 
DFFHQNx2_ASAP7_75t_SL              12     3.674    asap7sc7p5t_SEQ_SLVT_TT_nldm_201020       0 
DFFHQNx3_ASAP7_75t_SL              16     5.132    asap7sc7p5t_SEQ_SLVT_TT_nldm_201020       0 
DFFHQx4_ASAP7_75t_SL                3     1.093    asap7sc7p5t_SEQ_SLVT_TT_nldm_201020       0 
FAx1_ASAP7_75t_SL                  45     9.185 asap7sc7p5t_SIMPLE_SLVT_TT_nldm_201020       0 
HAxp5_ASAP7_75t_L                   1     0.131  asap7sc7p5t_SIMPLE_LVT_TT_nldm_201020       0 
HAxp5_ASAP7_75t_SL                 72     9.448 asap7sc7p5t_SIMPLE_SLVT_TT_nldm_201020       0 
HB1xp67_ASAP7_75t_L                14     0.816  asap7sc7p5t_INVBUF_LVT_TT_nldm_201020       0 
HB1xp67_ASAP7_75t_SL              120     6.998 asap7sc7p5t_INVBUF_SLVT_TT_nldm_201020       0 
INVx1_ASAP7_75t_SL               2503   109.481 asap7sc7p5t_INVBUF_SLVT_TT_nldm_201020       0 
INVx2_ASAP7_75t_L                   1     0.058  asap7sc7p5t_INVBUF_LVT_TT_nldm_201020       0 
INVx2_ASAP7_75t_R                   1     0.933  asap7sc7p5t_INVBUF_RVT_TT_nldm_201020       0 
INVx2_ASAP7_75t_SL                520    30.326 asap7sc7p5t_INVBUF_SLVT_TT_nldm_201020       0 
INVx3_ASAP7_75t_SL                 35     2.552 asap7sc7p5t_INVBUF_SLVT_TT_nldm_201020       0 
INVx4_ASAP7_75t_SL                  4     0.350 asap7sc7p5t_INVBUF_SLVT_TT_nldm_201020       0 
INVx5_ASAP7_75t_SL                  1     0.102 asap7sc7p5t_INVBUF_SLVT_TT_nldm_201020       0 
INVx6_ASAP7_75t_SL                  4     0.467 asap7sc7p5t_INVBUF_SLVT_TT_nldm_201020       0 
INVxp33_ASAP7_75t_SL              258    11.285 asap7sc7p5t_INVBUF_SLVT_TT_nldm_201020       0 
INVxp67_ASAP7_75t_SL             5111   223.555 asap7sc7p5t_INVBUF_SLVT_TT_nldm_201020       0 
MAJIxp5_ASAP7_75t_L                 2     0.204  asap7sc7p5t_SIMPLE_LVT_TT_nldm_201020       0 
MAJIxp5_ASAP7_75t_SL              160    16.330 asap7sc7p5t_SIMPLE_SLVT_TT_nldm_201020       0 
MAJx2_ASAP7_75t_SL                  1     0.131 asap7sc7p5t_SIMPLE_SLVT_TT_nldm_201020       0 
NAND2x1_ASAP7_75t_SL                6     0.525 asap7sc7p5t_SIMPLE_SLVT_TT_nldm_201020       0 
NAND2x1p5_ASAP7_75t_R               1     0.117  asap7sc7p5t_SIMPLE_RVT_TT_nldm_201020       0 
NAND2x1p5_ASAP7_75t_SL              8     0.933 asap7sc7p5t_SIMPLE_SLVT_TT_nldm_201020       0 
NAND2x2_ASAP7_75t_SL                1     0.146 asap7sc7p5t_SIMPLE_SLVT_TT_nldm_201020       0 
NAND2xp33_ASAP7_75t_L              74     4.316  asap7sc7p5t_SIMPLE_LVT_TT_nldm_201020       0 
NAND2xp33_ASAP7_75t_SL             71     4.141 asap7sc7p5t_SIMPLE_SLVT_TT_nldm_201020       0 
NAND2xp5_ASAP7_75t_L              554    32.309  asap7sc7p5t_SIMPLE_LVT_TT_nldm_201020       0 
NAND2xp5_ASAP7_75t_SL            2503   145.975 asap7sc7p5t_SIMPLE_SLVT_TT_nldm_201020       0 
NAND3xp33_ASAP7_75t_L               7     0.510  asap7sc7p5t_SIMPLE_LVT_TT_nldm_201020       0 
NAND3xp33_ASAP7_75t_SL            124     9.040 asap7sc7p5t_SIMPLE_SLVT_TT_nldm_201020       0 
NAND4xp25_ASAP7_75t_SL           1114    97.453 asap7sc7p5t_SIMPLE_SLVT_TT_nldm_201020       0 
NAND5xp2_ASAP7_75t_SL             176    17.963 asap7sc7p5t_SIMPLE_SLVT_TT_nldm_201020       0 
NOR2x1_ASAP7_75t_SL                46     4.024 asap7sc7p5t_SIMPLE_SLVT_TT_nldm_201020       0 
NOR2x1p5_ASAP7_75t_SL               4     0.467 asap7sc7p5t_SIMPLE_SLVT_TT_nldm_201020       0 
NOR2x2_ASAP7_75t_SL                 2     0.292 asap7sc7p5t_SIMPLE_SLVT_TT_nldm_201020       0 
NOR2xp33_ASAP7_75t_L               46     2.683  asap7sc7p5t_SIMPLE_LVT_TT_nldm_201020       0 
NOR2xp33_ASAP7_75t_R                2     0.117  asap7sc7p5t_SIMPLE_RVT_TT_nldm_201020       0 
NOR2xp33_ASAP7_75t_SL            2415   140.843 asap7sc7p5t_SIMPLE_SLVT_TT_nldm_201020       0 
NOR2xp67_ASAP7_75t_L                2     0.175  asap7sc7p5t_SIMPLE_LVT_TT_nldm_201020       0 
NOR2xp67_ASAP7_75t_SL               6     0.525 asap7sc7p5t_SIMPLE_SLVT_TT_nldm_201020       0 
NOR3xp33_ASAP7_75t_L                1     0.073  asap7sc7p5t_SIMPLE_LVT_TT_nldm_201020       0 
NOR3xp33_ASAP7_75t_SL             178    12.976 asap7sc7p5t_SIMPLE_SLVT_TT_nldm_201020       0 
NOR4xp25_ASAP7_75t_SL             128    11.197 asap7sc7p5t_SIMPLE_SLVT_TT_nldm_201020       0 
NOR4xp75_ASAP7_75t_SL               3     0.612 asap7sc7p5t_SIMPLE_SLVT_TT_nldm_201020       0 
NOR5xp2_ASAP7_75t_L                 1     0.102  asap7sc7p5t_SIMPLE_LVT_TT_nldm_201020       0 
NOR5xp2_ASAP7_75t_SL              199    20.310 asap7sc7p5t_SIMPLE_SLVT_TT_nldm_201020       0 
O2A1O1Ixp33_ASAP7_75t_L             2     0.175      asap7sc7p5t_OA_LVT_TT_nldm_201020       0 
O2A1O1Ixp33_ASAP7_75t_SL          290    25.369     asap7sc7p5t_OA_SLVT_TT_nldm_201020       0 
O2A1O1Ixp5_ASAP7_75t_SL             1     0.117     asap7sc7p5t_OA_SLVT_TT_nldm_201020       0 
OA211x2_ASAP7_75t_SL                6     0.700     asap7sc7p5t_OA_SLVT_TT_nldm_201020       0 
OA21x2_ASAP7_75t_SL                76     7.757     asap7sc7p5t_OA_SLVT_TT_nldm_201020       0 
OA22x2_ASAP7_75t_SL                24     3.499     asap7sc7p5t_OA_SLVT_TT_nldm_201020       0 
OA331x1_ASAP7_75t_SL                1     0.146     asap7sc7p5t_OA_SLVT_TT_nldm_201020       0 
OA33x2_ASAP7_75t_SL                 1     0.146     asap7sc7p5t_OA_SLVT_TT_nldm_201020       0 
OAI211xp5_ASAP7_75t_SL            330    28.868     asap7sc7p5t_OA_SLVT_TT_nldm_201020       0 
OAI21x1_ASAP7_75t_L                 2     0.233      asap7sc7p5t_OA_LVT_TT_nldm_201020       0 
OAI21x1_ASAP7_75t_SL                6     0.700     asap7sc7p5t_OA_SLVT_TT_nldm_201020       0 
OAI21xp33_ASAP7_75t_L              14     1.021      asap7sc7p5t_OA_LVT_TT_nldm_201020       0 
OAI21xp33_ASAP7_75t_SL            125     9.113     asap7sc7p5t_OA_SLVT_TT_nldm_201020       0 
OAI21xp5_ASAP7_75t_L                6     0.437      asap7sc7p5t_OA_LVT_TT_nldm_201020       0 
OAI21xp5_ASAP7_75t_SL             988    72.025     asap7sc7p5t_OA_SLVT_TT_nldm_201020       0 
OAI221xp5_ASAP7_75t_SL           2097   214.020     asap7sc7p5t_OA_SLVT_TT_nldm_201020       0 
OAI222xp33_ASAP7_75t_SL            18     2.624     asap7sc7p5t_OA_SLVT_TT_nldm_201020       0 
OAI22x1_ASAP7_75t_SL                1     0.146     asap7sc7p5t_OA_SLVT_TT_nldm_201020       0 
OAI22xp33_ASAP7_75t_SL            445    38.929     asap7sc7p5t_OA_SLVT_TT_nldm_201020       0 
OAI22xp5_ASAP7_75t_L                2     0.175      asap7sc7p5t_OA_LVT_TT_nldm_201020       0 
OAI22xp5_ASAP7_75t_SL            2510   219.575     asap7sc7p5t_OA_SLVT_TT_nldm_201020       0 
OAI311xp33_ASAP7_75t_L              1     0.102      asap7sc7p5t_OA_LVT_TT_nldm_201020       0 
OAI311xp33_ASAP7_75t_SL             6     0.612     asap7sc7p5t_OA_SLVT_TT_nldm_201020       0 
OAI31xp33_ASAP7_75t_SL            347    30.356     asap7sc7p5t_OA_SLVT_TT_nldm_201020       0 
OAI31xp67_ASAP7_75t_R               1     0.190      asap7sc7p5t_OA_RVT_TT_nldm_201020       0 
OAI321xp33_ASAP7_75t_L              2     0.233      asap7sc7p5t_OA_LVT_TT_nldm_201020       0 
OAI321xp33_ASAP7_75t_SL            43     5.016     asap7sc7p5t_OA_SLVT_TT_nldm_201020       0 
OAI322xp33_ASAP7_75t_L              5     0.656      asap7sc7p5t_OA_LVT_TT_nldm_201020       0 
OAI322xp33_ASAP7_75t_SL           923   121.116     asap7sc7p5t_OA_SLVT_TT_nldm_201020       0 
OAI32xp33_ASAP7_75t_L               2     0.204      asap7sc7p5t_OA_LVT_TT_nldm_201020       0 
OAI32xp33_ASAP7_75t_SL             47     4.797     asap7sc7p5t_OA_SLVT_TT_nldm_201020       0 
OAI333xp33_ASAP7_75t_SL             1     0.160     asap7sc7p5t_OA_SLVT_TT_nldm_201020       0 
OAI33xp33_ASAP7_75t_SL              3     0.350     asap7sc7p5t_OA_SLVT_TT_nldm_201020       0 
OR2x2_ASAP7_75t_SL                337    29.481 asap7sc7p5t_SIMPLE_SLVT_TT_nldm_201020       0 
OR2x6_ASAP7_75t_L                   2     0.350  asap7sc7p5t_SIMPLE_LVT_TT_nldm_201020       0 
OR2x6_ASAP7_75t_SL                  6     1.050 asap7sc7p5t_SIMPLE_SLVT_TT_nldm_201020       0 
OR3x1_ASAP7_75t_SL                 10     0.875 asap7sc7p5t_SIMPLE_SLVT_TT_nldm_201020       0 
OR4x1_ASAP7_75t_SL                  6     0.612 asap7sc7p5t_SIMPLE_SLVT_TT_nldm_201020       0 
OR4x2_ASAP7_75t_SL                  8     0.933 asap7sc7p5t_SIMPLE_SLVT_TT_nldm_201020       0 
OR5x1_ASAP7_75t_SL                 15     1.750 asap7sc7p5t_SIMPLE_SLVT_TT_nldm_201020       0 
SDFHx1_ASAP7_75t_L                  9     3.280     asap7sc7p5t_SEQ_LVT_TT_nldm_201020       0 
SDFHx1_ASAP7_75t_R                 15     5.468     asap7sc7p5t_SEQ_RVT_TT_nldm_201020       0 
SDFHx1_ASAP7_75t_SL             27533 10035.779    asap7sc7p5t_SEQ_SLVT_TT_nldm_201020       0 
SDFHx2_ASAP7_75t_SL                 2     0.758    asap7sc7p5t_SEQ_SLVT_TT_nldm_201020       0 
SDFHx3_ASAP7_75t_SL                 2     0.787    asap7sc7p5t_SEQ_SLVT_TT_nldm_201020       0 
SDFHx4_ASAP7_75t_SL                80    36.158    asap7sc7p5t_SEQ_SLVT_TT_nldm_201020       0 
XNOR2x2_ASAP7_75t_SL                1     0.160 asap7sc7p5t_SIMPLE_SLVT_TT_nldm_201020       0 
XNOR2xp5_ASAP7_75t_L               12     1.575  asap7sc7p5t_SIMPLE_LVT_TT_nldm_201020       0 
XNOR2xp5_ASAP7_75t_SL             554    72.696 asap7sc7p5t_SIMPLE_SLVT_TT_nldm_201020       0 
XOR2x1_ASAP7_75t_SL                 1     0.175 asap7sc7p5t_SIMPLE_SLVT_TT_nldm_201020       0 
XOR2x2_ASAP7_75t_SL                 5     0.802 asap7sc7p5t_SIMPLE_SLVT_TT_nldm_201020       0 
XOR2xp5_ASAP7_75t_L                 6     0.787  asap7sc7p5t_SIMPLE_LVT_TT_nldm_201020       0 
XOR2xp5_ASAP7_75t_SL              491    64.429 asap7sc7p5t_SIMPLE_SLVT_TT_nldm_201020       0 
-----------------------------------------------------------------------------------------------
total                          104709 14313.288                                                
                                                                       
                Library                Instances    Area   Instances % 
-----------------------------------------------------------------------
asap7sc7p5t_AO_LVT_TT_nldm_201020            624    53.640         0.6 
asap7sc7p5t_AO_SLVT_TT_nldm_201020         15538  1384.896        14.8 
asap7sc7p5t_INVBUF_LVT_TT_nldm_201020       1093    84.141         1.0 
asap7sc7p5t_INVBUF_RVT_TT_nldm_201020      29175     0.933        27.9 
asap7sc7p5t_INVBUF_SLVT_TT_nldm_201020      9027   427.573         8.6 
asap7sc7p5t_OA_LVT_TT_nldm_201020             36     3.237         0.0 
asap7sc7p5t_OA_RVT_TT_nldm_201020              1     0.190         0.0 
asap7sc7p5t_OA_SLVT_TT_nldm_201020          8289   786.139         7.9 
asap7sc7p5t_SEQ_LVT_TT_nldm_201020           134    48.041         0.1 
asap7sc7p5t_SEQ_RVT_TT_nldm_201020            22     7.509         0.0 
asap7sc7p5t_SEQ_SLVT_TT_nldm_201020        29247 10596.540        27.9 
asap7sc7p5t_SIMPLE_LVT_TT_nldm_201020        710    43.478         0.7 
asap7sc7p5t_SIMPLE_RVT_TT_nldm_201020          3     0.233         0.0 
asap7sc7p5t_SIMPLE_SLVT_TT_nldm_201020     10810   876.739        10.3 
                                          
     Type      Instances    Area   Area % 
------------------------------------------
sequential         29403 10652.090   74.4 
inverter           37612   379.109    2.6 
buffer              1683   133.538    0.9 
logic              36011  3148.551   22.0 
physical_cells         0     0.000    0.0 
------------------------------------------
total             104709 14313.288  100.0 
