============================================================
  Generated by:           Genus(TM) Synthesis Solution 25.10-p002_1
  Generated on:           Aug 27 2026  02:39:38 pm
  Module:                 mq_pe_16x2_d32
  Operating conditions:   PVT_0P7V_25C (balanced_tree)
  Wireload mode:          enclosed
  Area mode:              timing library
============================================================

Timing
--------

Analysis view Clock Period 
---------------------------
TT.setup_view clk    500.0 


   Analysis     Cost   Critical        Violating 
     View      Group  Path Slack  TNS    Paths   
-------------------------------------------------
TT.setup_view     clk        0.0  0.0          0 
              default   No paths  0.0          0 
-------------------------------------------------
Total                            -0.0          0 
                                                 

Instance Count
--------------
Leaf Instance Count             104709 
Physical Instance count              0 
Sequential Instance Count        29403 
Combinational Instance Count     75306 
Hierarchical Instance Count          0 

Area
----
Cell Area                          14313.288
Physical Cell Area                 0.000
Total Cell Area (Cell+Physical)    14313.288
Net Area                           0.000
Total Area (Cell+Physical+Net)     14313.288

Max Fanout                         29403 (clk)
Min Fanout                         0 (rst_n)
Average Fanout                     2.7
Terms to net ratio                 3.7213
Terms to instance ratio            3.7438
Runtime                            2201.422463000033 seconds
Elapsed Runtime                    2358 seconds
Genus peak memory usage            3718.61 
Innovus peak memory usage          no_value 
Hostname                           squire.ece.uw.edu
