============================================================
  Generated by:           Genus(TM) Synthesis Solution 25.10-p002_1
  Generated on:           Aug 27 2026  02:35:18 pm
  Module:                 mq_pe_16x2_d32
  Operating conditions:   PVT_0P7V_25C (balanced_tree)
  Wireload mode:          enclosed
  Area mode:              timing library
============================================================


Path 1: MET (0 ps) Setup Check with Pin retime_s5_92_reg/CLK->D
           View: TT.setup_view
          Group: clk
     Startpoint: (R) retime_s4_114_reg/CLK
          Clock: (R) clk
       Endpoint: (R) retime_s5_92_reg/D
          Clock: (R) clk

                     Capture       Launch     
        Clock Edge:+    1000            0     
       Src Latency:+       0            0     
       Net Latency:+       0 (I)        0 (I) 
           Arrival:=    1000            0     
                                              
             Setup:-       8                  
       Uncertainty:-      30                  
     Required Time:=     962                  
      Launch Clock:-       0                  
         Data Path:-     962                  
             Slack:=       0                  

#---------------------------------------------------------------------------------------------------------------------------------------------------------------------------
#                                   Timing Point                                    Flags    Arc    Edge           Cell            Fanout Load Trans Delay Arrival Instance 
#                                                                                                                                         (fF)  (ps)  (ps)   (ps)  Location 
#---------------------------------------------------------------------------------------------------------------------------------------------------------------------------
  retime_s4_114_reg/CLK                                                             -       -       R     (arrival)                 29087    -    10     0       0    (-,-) 
  retime_s4_114_reg/QN                                                              -       CLK->QN F     DFFHQNx1_ASAP7_75t_L          4 13.5    88    80      80    (-,-) 
  g566568/Y                                                                         -       A->Y    R     NOR5xp2_ASAP7_75t_SL          3  1.4    76    46     126    (-,-) 
  g566352/Y                                                                         -       A->Y    F     NOR2xp33_ASAP7_75t_SL         6  3.7    76    47     173    (-,-) 
  g566311/Y                                                                         -       A->Y    R     INVx1_ASAP7_75t_SL            6  3.6    43    27     201    (-,-) 
  g566220/Y                                                                         -       A2->Y   F     OAI22xp5_ASAP7_75t_SL         4  2.3    34    20     221    (-,-) 
  g566005/Y                                                                         -       A->Y    R     NOR3xp33_ASAP7_75t_SL         2  1.1    34    20     241    (-,-) 
  g565164/Y                                                                         -       B->Y    F     NAND5xp2_ASAP7_75t_SL         1  0.5    51    16     258    (-,-) 
  g564969/Y                                                                         -       B2->Y   R     AOI322xp5_ASAP7_75t_SL        1  0.5    38    20     278    (-,-) 
  g562005/Y                                                                         -       B->Y    F     OAI211xp5_ASAP7_75t_SL        4  2.0    40    20     298    (-,-) 
  u_pe_u_tree_g_l1[6].u_add_sub_77_53_Y_u_pe_u_tree_g_l1[6].u_add_add_76_53_g2412/Y -       A->Y    R     NAND2xp5_ASAP7_75t_SL         2  1.0    36    16     314    (-,-) 
  u_pe_u_tree_g_l1[6].u_add_sub_77_53_Y_u_pe_u_tree_g_l1[6].u_add_add_76_53_g2395/Y -       A->Y    F     NAND2xp5_ASAP7_75t_L          2  1.0    18    12     326    (-,-) 
  u_pe_u_tree_g_l1[6].u_add_sub_77_53_Y_u_pe_u_tree_g_l1[6].u_add_add_76_53_g2386/Y -       A->Y    R     NAND2xp5_ASAP7_75t_SL         2  1.0    36    12     338    (-,-) 
  u_pe_u_tree_g_l1[6].u_add_sub_77_53_Y_u_pe_u_tree_g_l1[6].u_add_add_76_53_g2369/Y -       A->Y    F     NAND2xp5_ASAP7_75t_L          2  1.1    19    12     350    (-,-) 
  u_pe_u_tree_g_l1[6].u_add_sub_77_53_Y_u_pe_u_tree_g_l1[6].u_add_add_76_53_g2366/Y -       B->Y    R     NAND2xp5_ASAP7_75t_SL         2  1.0    39    11     362    (-,-) 
  u_pe_u_tree_g_l1[6].u_add_sub_77_53_Y_u_pe_u_tree_g_l1[6].u_add_add_76_53_g2364/Y -       B->Y    F     NOR2xp33_ASAP7_75t_SL         2  1.1    28    18     380    (-,-) 
  u_pe_u_tree_g_l1[6].u_add_sub_77_53_Y_u_pe_u_tree_g_l1[6].u_add_add_76_53_g2362/Y -       B->Y    R     AOI211xp5_ASAP7_75t_SL        2  1.5    52    23     403    (-,-) 
  u_pe_u_tree_g_l1[6].u_add_sub_77_53_Y_u_pe_u_tree_g_l1[6].u_add_add_76_53_g2359/Y -       A1->Y   F     AOI22xp5_ASAP7_75t_L          2  1.2    28    16     419    (-,-) 
  u_pe_u_tree_g_l1[6].u_add_sub_77_53_Y_u_pe_u_tree_g_l1[6].u_add_add_76_53_g2357/Y -       B->Y    R     NAND2xp5_ASAP7_75t_SL         2  1.2    22    14     433    (-,-) 
  u_pe_u_tree_g_l1[6].u_add_sub_77_53_Y_u_pe_u_tree_g_l1[6].u_add_add_76_53_g2356/Y -       B->Y    F     OAI21xp5_ASAP7_75t_SL         2  1.5    30    12     445    (-,-) 
  u_pe_u_tree_g_l1[6].u_add_sub_77_53_Y_u_pe_u_tree_g_l1[6].u_add_add_76_53_g2352/Y -       A2->Y   R     OAI22xp5_ASAP7_75t_SL         2  1.7    43    20     465    (-,-) 
  u_pe_u_tree_g_l1[6].u_add_sub_77_53_Y_u_pe_u_tree_g_l1[6].u_add_add_76_53_g2350/Y -       A1->Y   F     AOI22xp5_ASAP7_75t_SL         2  1.6    30    14     479    (-,-) 
  u_pe_u_tree_g_l1[6].u_add_sub_77_53_Y_u_pe_u_tree_g_l1[6].u_add_add_76_53_g2347/Y -       A2->Y   R     OAI22xp5_ASAP7_75t_SL         2  0.9    34    15     494    (-,-) 
  u_pe_u_tree_g_l1[6].u_add_sub_77_53_Y_u_pe_u_tree_g_l1[6].u_add_add_76_53_g2344/Y -       B->Y    F     NOR2xp33_ASAP7_75t_SL         2  1.1    28    18     512    (-,-) 
  u_pe_u_tree_g_l1[6].u_add_sub_77_53_Y_u_pe_u_tree_g_l1[6].u_add_add_76_53_g2342/Y -       B->Y    R     AOI21xp5_ASAP7_75t_SL         2  1.7    36    19     531    (-,-) 
  u_pe_u_tree_g_l1[6].u_add_sub_77_53_Y_u_pe_u_tree_g_l1[6].u_add_add_76_53_g2339/Y -       A2->Y   F     AOI22xp5_ASAP7_75t_SL         2  1.2    28    15     546    (-,-) 
  u_pe_u_tree_g_l1[6].u_add_sub_77_53_Y_u_pe_u_tree_g_l1[6].u_add_add_76_53_g2337/Y -       B->Y    R     NAND2xp5_ASAP7_75t_SL         2  1.2    22    14     560    (-,-) 
  u_pe_u_tree_g_l1[6].u_add_sub_77_53_Y_u_pe_u_tree_g_l1[6].u_add_add_76_53_g2336/Y -       B->Y    F     OAI21xp5_ASAP7_75t_SL         2  1.1    26    10     570    (-,-) 
  u_pe_u_tree_g_l1[6].u_add_sub_77_53_Y_u_pe_u_tree_g_l1[6].u_add_add_76_53_g2334/Y -       A->Y    R     NAND2xp5_ASAP7_75t_L          2  1.2    22    17     587    (-,-) 
  u_pe_u_tree_g_l1[6].u_add_sub_77_53_Y_u_pe_u_tree_g_l1[6].u_add_add_76_53_g2333/Y -       B->Y    F     OAI21xp5_ASAP7_75t_SL         2  1.3    28    11     598    (-,-) 
  u_pe_u_tree_g_l1[6].u_add_sub_77_53_Y_u_pe_u_tree_g_l1[6].u_add_add_76_53_g2332/Y -       A->Y    R     INVx1_ASAP7_75t_SL            1  0.6    12     8     606    (-,-) 
  u_pe_u_tree_g_l1[6].u_add_sub_77_53_Y_u_pe_u_tree_g_l1[6].u_add_add_76_53_g2330/Y -       A2->Y   F     AOI22xp5_ASAP7_75t_SL         3  1.9    31    14     620    (-,-) 
  u_pe_u_tree_g_l1[6].u_add_sub_77_53_Y_u_pe_u_tree_g_l1[6].u_add_add_76_53_g2329/Y -       A->Y    R     INVx1_ASAP7_75t_SL            2  1.2    17    11     632    (-,-) 
  u_pe_u_tree_g_l1[6].u_add_sub_77_53_Y_u_pe_u_tree_g_l1[6].u_add_add_76_53_g2328/Y -       A2->Y   F     OAI22xp5_ASAP7_75t_SL         2  1.3    24    12     644    (-,-) 
  u_pe_u_tree_g_l1[6].u_add_sub_77_53_Y_u_pe_u_tree_g_l1[6].u_add_add_76_53_g2327/Y -       A->Y    R     INVx1_ASAP7_75t_SL            1  0.6    11     8     651    (-,-) 
  u_pe_u_tree_g_l1[6].u_add_sub_77_53_Y_u_pe_u_tree_g_l1[6].u_add_add_76_53_g2325/Y -       B1->Y   F     OAI22xp5_ASAP7_75t_SL         3  1.5    53    12     663    (-,-) 
  g526539/Y                                                                         -       B->Y    R     NOR2xp33_ASAP7_75t_L          2  1.1    38    26     689    (-,-) 
  g526515/Y                                                                         -       B->Y    R     AND2x2_ASAP7_75t_SL           2  1.3    10    17     706    (-,-) 
  g526507/Y                                                                         -       A->Y    F     INVx1_ASAP7_75t_SL            4  2.2    14     9     715    (-,-) 
  g526362/Y                                                                         -       B->Y    R     A2O1A1Ixp33_ASAP7_75t_SL      2  1.1    25    14     729    (-,-) 
  g526355/Y                                                                         -       B->Y    R     AO21x1_ASAP7_75t_L           14  8.2    64    40     769    (-,-) 
  g526337/Y                                                                         -       B->Y    F     NOR2xp33_ASAP7_75t_SL         3 10.4   171    94     863    (-,-) 
  g526312/Y                                                                         -       A->Y    R     NAND2xp5_ASAP7_75t_SL         2  1.0    56    34     897    (-,-) 
  g526298/Y                                                                         -       B->Y    F     NAND2xp5_ASAP7_75t_SL         2  1.1    39    12     909    (-,-) 
  g526265/Y                                                                         -       B->Y    R     NAND2xp5_ASAP7_75t_SL         2  1.0    30    14     924    (-,-) 
  g526245/Y                                                                         -       B->Y    F     NAND2xp5_ASAP7_75t_SL         2  1.6    24    14     937    (-,-) 
  g526586/Y                                                                         -       B->Y    F     XOR2xp5_ASAP7_75t_SL          1  0.6    17    15     953    (-,-) 
  g526190/Y                                                                         -       A1->Y   R     AOI21xp5_ASAP7_75t_SL         1  0.6    23     9     962    (-,-) 
  retime_s5_92_reg/D                                                                <<<     -       R     DFFHQNx1_ASAP7_75t_L          1    -     -     0     962    (-,-) 
#---------------------------------------------------------------------------------------------------------------------------------------------------------------------------


