============================================================
  Generated by:           Genus(TM) Synthesis Solution 25.10-p002_1
  Generated on:           Aug 27 2026  02:35:27 pm
  Operating conditions:   PVT_0P7V_25C (balanced_tree)
  Wireload mode:          enclosed
  Area mode:              timing library
============================================================

                                                                                       Library 
           Gate             Instances    Area                   Library                 Domain 
-----------------------------------------------------------------------------------------------
A2O1A1Ixp33_ASAP7_75t_SL          160    13.997     asap7sc7p5t_AO_SLVT_TT_nldm_201020       0 
A2O1A1O1Ixp25_ASAP7_75t_SL         40     5.249     asap7sc7p5t_AO_SLVT_TT_nldm_201020       0 
AND2x2_ASAP7_75t_SL               260    22.745 asap7sc7p5t_SIMPLE_SLVT_TT_nldm_201020       0 
AND2x4_ASAP7_75t_SL                 2     0.292 asap7sc7p5t_SIMPLE_SLVT_TT_nldm_201020       0 
AND3x1_ASAP7_75t_L                  3     0.262  asap7sc7p5t_SIMPLE_LVT_TT_nldm_201020       0 
AND3x1_ASAP7_75t_SL                 2     0.175 asap7sc7p5t_SIMPLE_SLVT_TT_nldm_201020       0 
AND4x1_ASAP7_75t_SL              1024   104.509 asap7sc7p5t_SIMPLE_SLVT_TT_nldm_201020       0 
AND5x1_ASAP7_75t_SL                 6     0.700 asap7sc7p5t_SIMPLE_SLVT_TT_nldm_201020       0 
AO21x1_ASAP7_75t_L                  9     0.787      asap7sc7p5t_AO_LVT_TT_nldm_201020       0 
AO21x1_ASAP7_75t_SL                32     2.799     asap7sc7p5t_AO_SLVT_TT_nldm_201020       0 
AO221x1_ASAP7_75t_SL                1     0.146     asap7sc7p5t_AO_SLVT_TT_nldm_201020       0 
AO22x1_ASAP7_75t_SL                 4     0.525     asap7sc7p5t_AO_SLVT_TT_nldm_201020       0 
AOI211xp5_ASAP7_75t_SL            488    42.690     asap7sc7p5t_AO_SLVT_TT_nldm_201020       0 
AOI21xp33_ASAP7_75t_SL             66     4.811     asap7sc7p5t_AO_SLVT_TT_nldm_201020       0 
AOI21xp5_ASAP7_75t_L               74     5.395      asap7sc7p5t_AO_LVT_TT_nldm_201020       0 
AOI21xp5_ASAP7_75t_SL             281    20.485     asap7sc7p5t_AO_SLVT_TT_nldm_201020       0 
AOI221x1_ASAP7_75t_L                1     0.204      asap7sc7p5t_AO_LVT_TT_nldm_201020       0 
AOI221xp5_ASAP7_75t_SL           1355   138.291     asap7sc7p5t_AO_SLVT_TT_nldm_201020       0 
AOI222xp33_ASAP7_75t_SL             9     1.312     asap7sc7p5t_AO_SLVT_TT_nldm_201020       0 
AOI22xp33_ASAP7_75t_L            4125   360.855      asap7sc7p5t_AO_LVT_TT_nldm_201020       0 
AOI22xp33_ASAP7_75t_SL           3166   276.962     asap7sc7p5t_AO_SLVT_TT_nldm_201020       0 
AOI22xp5_ASAP7_75t_L              213    18.633      asap7sc7p5t_AO_LVT_TT_nldm_201020       0 
AOI22xp5_ASAP7_75t_SL            4998   437.225     asap7sc7p5t_AO_SLVT_TT_nldm_201020       0 
AOI311xp33_ASAP7_75t_SL             5     0.510     asap7sc7p5t_AO_SLVT_TT_nldm_201020       0 
AOI31xp33_ASAP7_75t_SL            111     9.710     asap7sc7p5t_AO_SLVT_TT_nldm_201020       0 
AOI321xp33_ASAP7_75t_SL            27     3.149     asap7sc7p5t_AO_SLVT_TT_nldm_201020       0 
AOI322xp5_ASAP7_75t_SL            779   102.220     asap7sc7p5t_AO_SLVT_TT_nldm_201020       0 
AOI32xp33_ASAP7_75t_SL             54     5.511     asap7sc7p5t_AO_SLVT_TT_nldm_201020       0 
AOI331xp33_ASAP7_75t_SL             4     0.525     asap7sc7p5t_AO_SLVT_TT_nldm_201020       0 
AOI332xp33_ASAP7_75t_SL             1     0.146     asap7sc7p5t_AO_SLVT_TT_nldm_201020       0 
AOI33xp33_ASAP7_75t_SL              5     0.583     asap7sc7p5t_AO_SLVT_TT_nldm_201020       0 
ASYNC_DFFHx1_ASAP7_75t_L           13     4.928     asap7sc7p5t_SEQ_LVT_TT_nldm_201020       0 
ASYNC_DFFHx1_ASAP7_75t_SL         586   222.141    asap7sc7p5t_SEQ_SLVT_TT_nldm_201020       0 
BUFx10_ASAP7_75t_L                  1     0.204  asap7sc7p5t_INVBUF_LVT_TT_nldm_201020       0 
BUFx2_ASAP7_75t_L                 581    42.355  asap7sc7p5t_INVBUF_LVT_TT_nldm_201020       0 
BUFx2_ASAP7_75t_SL                 78     5.686 asap7sc7p5t_INVBUF_SLVT_TT_nldm_201020       0 
BUFx3_ASAP7_75t_L                 117    10.235  asap7sc7p5t_INVBUF_LVT_TT_nldm_201020       0 
BUFx3_ASAP7_75t_SL                  1     0.087 asap7sc7p5t_INVBUF_SLVT_TT_nldm_201020       0 
BUFx4f_ASAP7_75t_SL                28     3.266 asap7sc7p5t_INVBUF_SLVT_TT_nldm_201020       0 
BUFx6f_ASAP7_75t_SL                 1     0.146 asap7sc7p5t_INVBUF_SLVT_TT_nldm_201020       0 
BUFx8_ASAP7_75t_SL                  2     0.350 asap7sc7p5t_INVBUF_SLVT_TT_nldm_201020       0 
CKINVDCx11_ASAP7_75t_R             20     0.000  asap7sc7p5t_INVBUF_RVT_TT_nldm_201020       0 
CKINVDCx12_ASAP7_75t_R            261     0.000  asap7sc7p5t_INVBUF_RVT_TT_nldm_201020       0 
CKINVDCx14_ASAP7_75t_R            260     0.000  asap7sc7p5t_INVBUF_RVT_TT_nldm_201020       0 
CKINVDCx16_ASAP7_75t_R            922     0.000  asap7sc7p5t_INVBUF_RVT_TT_nldm_201020       0 
CKINVDCx20_ASAP7_75t_R          31870     0.000  asap7sc7p5t_INVBUF_RVT_TT_nldm_201020       0 
CKINVDCx5p33_ASAP7_75t_R          532     0.000  asap7sc7p5t_INVBUF_RVT_TT_nldm_201020       0 
CKINVDCx8_ASAP7_75t_R              14     0.000  asap7sc7p5t_INVBUF_RVT_TT_nldm_201020       0 
DFFHQNx1_ASAP7_75t_L              178    51.905     asap7sc7p5t_SEQ_LVT_TT_nldm_201020       0 
DFFHQNx1_ASAP7_75t_R                2     0.583     asap7sc7p5t_SEQ_RVT_TT_nldm_201020       0 
DFFHQNx1_ASAP7_75t_SL             868   253.109    asap7sc7p5t_SEQ_SLVT_TT_nldm_201020       0 
DFFHQx4_ASAP7_75t_SL                7     2.551    asap7sc7p5t_SEQ_SLVT_TT_nldm_201020       0 
FAx1_ASAP7_75t_SL                 233    47.560 asap7sc7p5t_SIMPLE_SLVT_TT_nldm_201020       0 
HAxp5_ASAP7_75t_SL                 35     4.593 asap7sc7p5t_SIMPLE_SLVT_TT_nldm_201020       0 
HB1xp67_ASAP7_75t_L               136     7.932  asap7sc7p5t_INVBUF_LVT_TT_nldm_201020       0 
HB1xp67_ASAP7_75t_SL                9     0.525 asap7sc7p5t_INVBUF_SLVT_TT_nldm_201020       0 
HB4xp67_ASAP7_75t_L                 8     0.816  asap7sc7p5t_INVBUF_LVT_TT_nldm_201020       0 
INVx1_ASAP7_75t_SL               1473    64.429 asap7sc7p5t_INVBUF_SLVT_TT_nldm_201020       0 
INVx2_ASAP7_75t_SL                 24     1.400 asap7sc7p5t_INVBUF_SLVT_TT_nldm_201020       0 
INVx3_ASAP7_75t_SL                  4     0.292 asap7sc7p5t_INVBUF_SLVT_TT_nldm_201020       0 
INVxp33_ASAP7_75t_SL               90     3.937 asap7sc7p5t_INVBUF_SLVT_TT_nldm_201020       0 
INVxp67_ASAP7_75t_SL             1585    69.328 asap7sc7p5t_INVBUF_SLVT_TT_nldm_201020       0 
MAJIxp5_ASAP7_75t_SL              721    73.585 asap7sc7p5t_SIMPLE_SLVT_TT_nldm_201020       0 
NAND2x1_ASAP7_75t_SL                5     0.437 asap7sc7p5t_SIMPLE_SLVT_TT_nldm_201020       0 
NAND2x2_ASAP7_75t_SL                2     0.292 asap7sc7p5t_SIMPLE_SLVT_TT_nldm_201020       0 
NAND2xp33_ASAP7_75t_L              40     2.333  asap7sc7p5t_SIMPLE_LVT_TT_nldm_201020       0 
NAND2xp33_ASAP7_75t_SL             39     2.274 asap7sc7p5t_SIMPLE_SLVT_TT_nldm_201020       0 
NAND2xp5_ASAP7_75t_L              219    12.772  asap7sc7p5t_SIMPLE_LVT_TT_nldm_201020       0 
NAND2xp5_ASAP7_75t_SL            2012   117.340 asap7sc7p5t_SIMPLE_SLVT_TT_nldm_201020       0 
NAND3xp33_ASAP7_75t_L               5     0.365  asap7sc7p5t_SIMPLE_LVT_TT_nldm_201020       0 
NAND3xp33_ASAP7_75t_SL             89     6.488 asap7sc7p5t_SIMPLE_SLVT_TT_nldm_201020       0 
NAND4xp25_ASAP7_75t_SL           1138    99.552 asap7sc7p5t_SIMPLE_SLVT_TT_nldm_201020       0 
NAND5xp2_ASAP7_75t_SL             358    36.537 asap7sc7p5t_SIMPLE_SLVT_TT_nldm_201020       0 
NOR2x1_ASAP7_75t_SL                 6     0.525 asap7sc7p5t_SIMPLE_SLVT_TT_nldm_201020       0 
NOR2x1p5_ASAP7_75t_SL               3     0.350 asap7sc7p5t_SIMPLE_SLVT_TT_nldm_201020       0 
NOR2xp33_ASAP7_75t_L               19     1.108  asap7sc7p5t_SIMPLE_LVT_TT_nldm_201020       0 
NOR2xp33_ASAP7_75t_SL            1886   109.992 asap7sc7p5t_SIMPLE_SLVT_TT_nldm_201020       0 
NOR2xp67_ASAP7_75t_R                8     0.700  asap7sc7p5t_SIMPLE_RVT_TT_nldm_201020       0 
NOR3xp33_ASAP7_75t_SL              65     4.739 asap7sc7p5t_SIMPLE_SLVT_TT_nldm_201020       0 
NOR4xp25_ASAP7_75t_SL              51     4.461 asap7sc7p5t_SIMPLE_SLVT_TT_nldm_201020       0 
NOR5xp2_ASAP7_75t_L                 3     0.306  asap7sc7p5t_SIMPLE_LVT_TT_nldm_201020       0 
NOR5xp2_ASAP7_75t_SL              195    19.902 asap7sc7p5t_SIMPLE_SLVT_TT_nldm_201020       0 
O2A1O1Ixp33_ASAP7_75t_L             1     0.087      asap7sc7p5t_OA_LVT_TT_nldm_201020       0 
O2A1O1Ixp33_ASAP7_75t_SL          189    16.534     asap7sc7p5t_OA_SLVT_TT_nldm_201020       0 
OA211x2_ASAP7_75t_SL                5     0.583     asap7sc7p5t_OA_SLVT_TT_nldm_201020       0 
OA21x2_ASAP7_75t_R                  1     0.102      asap7sc7p5t_OA_RVT_TT_nldm_201020       0 
OA21x2_ASAP7_75t_SL                65     6.634     asap7sc7p5t_OA_SLVT_TT_nldm_201020       0 
OA22x2_ASAP7_75t_SL                 1     0.146     asap7sc7p5t_OA_SLVT_TT_nldm_201020       0 
OAI211xp5_ASAP7_75t_SL            433    37.879     asap7sc7p5t_OA_SLVT_TT_nldm_201020       0 
OAI21xp33_ASAP7_75t_SL             66     4.811     asap7sc7p5t_OA_SLVT_TT_nldm_201020       0 
OAI21xp5_ASAP7_75t_L                1     0.073      asap7sc7p5t_OA_LVT_TT_nldm_201020       0 
OAI21xp5_ASAP7_75t_SL             518    37.762     asap7sc7p5t_OA_SLVT_TT_nldm_201020       0 
OAI221xp5_ASAP7_75t_L               4     0.408      asap7sc7p5t_OA_LVT_TT_nldm_201020       0 
OAI221xp5_ASAP7_75t_SL           1473   150.334     asap7sc7p5t_OA_SLVT_TT_nldm_201020       0 
OAI222xp33_ASAP7_75t_SL            12     1.750     asap7sc7p5t_OA_SLVT_TT_nldm_201020       0 
OAI22xp33_ASAP7_75t_SL            127    11.110     asap7sc7p5t_OA_SLVT_TT_nldm_201020       0 
OAI22xp5_ASAP7_75t_SL            3688   322.626     asap7sc7p5t_OA_SLVT_TT_nldm_201020       0 
OAI311xp33_ASAP7_75t_SL             7     0.714     asap7sc7p5t_OA_SLVT_TT_nldm_201020       0 
OAI31xp33_ASAP7_75t_SL            195    17.059     asap7sc7p5t_OA_SLVT_TT_nldm_201020       0 
OAI321xp33_ASAP7_75t_SL            27     3.149     asap7sc7p5t_OA_SLVT_TT_nldm_201020       0 
OAI322xp33_ASAP7_75t_L              3     0.394      asap7sc7p5t_OA_LVT_TT_nldm_201020       0 
OAI322xp33_ASAP7_75t_SL           448    58.787     asap7sc7p5t_OA_SLVT_TT_nldm_201020       0 
OAI32xp33_ASAP7_75t_SL             45     4.593     asap7sc7p5t_OA_SLVT_TT_nldm_201020       0 
OAI331xp33_ASAP7_75t_SL            13     1.706     asap7sc7p5t_OA_SLVT_TT_nldm_201020       0 
OAI332xp33_ASAP7_75t_SL             6     0.875     asap7sc7p5t_OA_SLVT_TT_nldm_201020       0 
OAI33xp33_ASAP7_75t_SL              4     0.467     asap7sc7p5t_OA_SLVT_TT_nldm_201020       0 
OR2x2_ASAP7_75t_SL                 87     7.611 asap7sc7p5t_SIMPLE_SLVT_TT_nldm_201020       0 
OR2x4_ASAP7_75t_SL                  1     0.117 asap7sc7p5t_SIMPLE_SLVT_TT_nldm_201020       0 
OR3x1_ASAP7_75t_SL                 32     2.799 asap7sc7p5t_SIMPLE_SLVT_TT_nldm_201020       0 
OR4x1_ASAP7_75t_SL                  3     0.306 asap7sc7p5t_SIMPLE_SLVT_TT_nldm_201020       0 
OR5x1_ASAP7_75t_SL                 16     1.866 asap7sc7p5t_SIMPLE_SLVT_TT_nldm_201020       0 
SDFHx1_ASAP7_75t_L                  1     0.364     asap7sc7p5t_SEQ_LVT_TT_nldm_201020       0 
SDFHx1_ASAP7_75t_SL             27432  9998.964    asap7sc7p5t_SEQ_SLVT_TT_nldm_201020       0 
XNOR2x1_ASAP7_75t_SL                1     0.175 asap7sc7p5t_SIMPLE_SLVT_TT_nldm_201020       0 
XNOR2x2_ASAP7_75t_SL               17     2.726 asap7sc7p5t_SIMPLE_SLVT_TT_nldm_201020       0 
XNOR2xp5_ASAP7_75t_L                6     0.787  asap7sc7p5t_SIMPLE_LVT_TT_nldm_201020       0 
XNOR2xp5_ASAP7_75t_SL             549    72.040 asap7sc7p5t_SIMPLE_SLVT_TT_nldm_201020       0 
XOR2x2_ASAP7_75t_R                  1     0.160  asap7sc7p5t_SIMPLE_RVT_TT_nldm_201020       0 
XOR2x2_ASAP7_75t_SL                 2     0.321 asap7sc7p5t_SIMPLE_SLVT_TT_nldm_201020       0 
XOR2xp5_ASAP7_75t_L                20     2.624  asap7sc7p5t_SIMPLE_LVT_TT_nldm_201020       0 
XOR2xp5_ASAP7_75t_SL              726    95.266 asap7sc7p5t_SIMPLE_SLVT_TT_nldm_201020       0 
-----------------------------------------------------------------------------------------------
total                          100334 13738.530                                                
                                                                       
                Library                Instances    Area   Instances % 
-----------------------------------------------------------------------
asap7sc7p5t_AO_LVT_TT_nldm_201020           4422   385.874         4.4 
asap7sc7p5t_AO_SLVT_TT_nldm_201020         11586  1066.848        11.5 
asap7sc7p5t_INVBUF_LVT_TT_nldm_201020        843    61.542         0.8 
asap7sc7p5t_INVBUF_RVT_TT_nldm_201020      33879     0.000        33.8 
asap7sc7p5t_INVBUF_SLVT_TT_nldm_201020      3295   149.445         3.3 
asap7sc7p5t_OA_LVT_TT_nldm_201020              9     0.962         0.0 
asap7sc7p5t_OA_RVT_TT_nldm_201020              1     0.102         0.0 
asap7sc7p5t_OA_SLVT_TT_nldm_201020          7322   677.518         7.3 
asap7sc7p5t_SEQ_LVT_TT_nldm_201020           192    57.197         0.2 
asap7sc7p5t_SEQ_RVT_TT_nldm_201020             2     0.583         0.0 
asap7sc7p5t_SEQ_SLVT_TT_nldm_201020        28893 10476.765        28.8 
asap7sc7p5t_SIMPLE_LVT_TT_nldm_201020        315    20.558         0.3 
asap7sc7p5t_SIMPLE_RVT_TT_nldm_201020          9     0.860         0.0 
asap7sc7p5t_SIMPLE_SLVT_TT_nldm_201020      9566   840.275         9.5 
                                          
     Type      Instances    Area   Area % 
------------------------------------------
sequential         29087 10534.546   76.7 
inverter           37055   139.385    1.0 
buffer               962    71.602    0.5 
logic              33230  2992.997   21.8 
physical_cells         0     0.000    0.0 
------------------------------------------
total             100334 13738.530  100.0 
