============================================================
  Generated by:           Genus(TM) Synthesis Solution 25.10-p002_1
  Generated on:           Aug 27 2026  02:35:18 pm
  Module:                 mq_pe_16x2_d32
  Operating conditions:   PVT_0P7V_25C (balanced_tree)
  Wireload mode:          enclosed
  Area mode:              timing library
============================================================

Timing
--------

Analysis view Clock Period 
---------------------------
TT.setup_view clk   1000.0 


   Analysis     Cost   Critical        Violating 
     View      Group  Path Slack  TNS    Paths   
-------------------------------------------------
TT.setup_view     clk        0.0  0.0          0 
              default   No paths  0.0          0 
-------------------------------------------------
Total                            -0.0          0 
                                                 

Instance Count
--------------
Leaf Instance Count             100334 
Physical Instance count              0 
Sequential Instance Count        29087 
Combinational Instance Count     71247 
Hierarchical Instance Count          0 

Area
----
Cell Area                          13738.530
Physical Cell Area                 0.000
Total Cell Area (Cell+Physical)    13738.530
Net Area                           0.000
Total Area (Cell+Physical+Net)     13738.530

Max Fanout                         29087 (clk)
Min Fanout                         0 (n_2193)
Average Fanout                     2.7
Terms to net ratio                 3.7523
Terms to instance ratio            3.7786
Runtime                            1994.3507950000185 seconds
Elapsed Runtime                    2098 seconds
Genus peak memory usage            3644.15 
Innovus peak memory usage          no_value 
Hostname                           squire.ece.uw.edu
