Information: Updating design information... (UID-85)
 
****************************************
Report : qor
Design : accumulator_logic
Version: P-2019.03-SP5-6
Date   : Tue Sep  1 00:22:52 2026
****************************************


  Timing Path Group 'clk'
  -----------------------------------
  Levels of Logic:              47.00
  Critical Path Length:        986.57
  Critical Path Slack:           0.05
  Critical Path Clk Period:   1501.50
  Total Negative Slack:          0.00
  No. of Violating Paths:        0.00
  Worst Hold Violation:          0.00
  Total Hold Violation:          0.00
  No. of Hold Violations:        0.00
  -----------------------------------


  Cell Count
  -----------------------------------
  Hierarchical Cell Count:         48
  Hierarchical Port Count:       2336
  Leaf Cell Count:              16734
  Buf/Inv Cell Count:            4814
  Buf Cell Count:                 196
  Inv Cell Count:                4618
  CT Buf/Inv Cell Count:            0
  Combinational Cell Count:     15945
  Sequential Cell Count:          789
  Macro Count:                      0
  -----------------------------------


  Area
  -----------------------------------
  Combinational Area:     1166.458320
  Noncombinational Area:   299.094118
  Buf/Inv Area:            228.089523
  Total Buffer Area:            18.37
  Total Inverter Area:         209.72
  Macro/Black Box Area:      0.000000
  Net Area:                  0.000000
  -----------------------------------
  Cell Area:              1465.552439
  Design Area:            1465.552439


  Design Rules
  -----------------------------------
  Total Number of Nets:         16994
  Nets With Violations:             0
  Max Trans Violations:             0
  Max Cap Violations:               0
  -----------------------------------


  Hostname: thu-olden

  Compile CPU Statistics
  -----------------------------------------
  Resource Sharing:                    0.63
  Logic Optimization:                  0.50
  Mapping Optimization:                2.09
  -----------------------------------------
  Overall Compile Time:                6.10
  Overall Compile Wall Clock Time:     5.49

  --------------------------------------------------------------------

  Design  WNS: 0.00  TNS: 0.00  Number of Violating Paths: 0


  Design (Hold)  WNS: 0.00  TNS: 0.00  Number of Violating Paths: 0

  --------------------------------------------------------------------


1
