 
****************************************
Report : area
Design : accumulator_logic
Version: P-2019.03-SP5-6
Date   : Tue Sep  1 00:22:52 2026
****************************************

Library(s) Used:

    asap7sc7p5t_INVBUF_RVT_TT_nldm_211120 (File: /thu-bloor/xinyao-w23/kvpim-rtl/third_party/asap7_lib/db/asap7sc7p5t_INVBUF_RVT_TT_nldm_211120.db)
    asap7sc7p5t_SIMPLE_RVT_TT_nldm_211120 (File: /thu-bloor/xinyao-w23/kvpim-rtl/third_party/asap7_lib/db/asap7sc7p5t_SIMPLE_RVT_TT_nldm_211120.db)
    asap7sc7p5t_SEQ_RVT_TT_nldm_220123 (File: /thu-bloor/xinyao-w23/kvpim-rtl/third_party/asap7_lib/db/asap7sc7p5t_SEQ_RVT_TT_nldm_220123.db)
    asap7sc7p5t_OA_RVT_TT_nldm_211120 (File: /thu-bloor/xinyao-w23/kvpim-rtl/third_party/asap7_lib/db/asap7sc7p5t_OA_RVT_TT_nldm_211120.db)
    asap7sc7p5t_AO_RVT_TT_nldm_211120 (File: /thu-bloor/xinyao-w23/kvpim-rtl/third_party/asap7_lib/db/asap7sc7p5t_AO_RVT_TT_nldm_211120.db)

Number of ports:                         2853
Number of nets:                         19090
Number of cells:                        16782
Number of combinational cells:          15945
Number of sequential cells:               789
Number of macros/black boxes:               0
Number of buf/inv:                       4814
Number of references:                      32

Combinational area:               1166.458320
Buf/Inv area:                      228.089523
Noncombinational area:             299.094118
Macro/Black Box area:                0.000000
Net Interconnect area:      undefined  (No wire load specified)

Total cell area:                  1465.552439
Total area:                 undefined

Hierarchical area distribution
------------------------------

                                  Global cell area          Local cell area
                                  ------------------  ---------------------------- 
Hierarchical cell                 Absolute   Percent  Combi-     Noncombi-  Black-
                                  Total      Total    national   national   boxes   Design
--------------------------------  ---------  -------  ---------  ---------  ------  --------------------------
accumulator_logic                 1465.5524    100.0   132.4593   195.9844  0.0000  accumulator_logic
g_lane[0].u_add                     70.8296      4.8    48.7409     6.4444  0.0000  fp16_add_0
g_lane[0].u_add/add_74_S2            7.2608      0.5     7.2608     0.0000  0.0000  fp16_add_0_DW01_add_J7_0
g_lane[0].u_add/sub_75               8.3835      0.6     8.3835     0.0000  0.0000  fp16_add_0_DW01_sub_4
g_lane[10].u_add                    69.1238      4.7    47.1226     6.4444  0.0000  fp16_add_6
g_lane[10].u_add/add_74_S2           7.2900      0.5     7.2900     0.0000  0.0000  fp16_add_6_DW01_add_J8_0
g_lane[10].u_add/sub_75              8.2669      0.6     8.2669     0.0000  0.0000  fp16_add_6_DW01_sub_5
g_lane[11].u_add                    70.7859      4.8    47.7058     6.4444  0.0000  fp16_add_5
g_lane[11].u_add/add_74_S2           7.5962      0.5     7.5962     0.0000  0.0000  fp16_add_5_DW01_add_J9_0
g_lane[11].u_add/sub_75              9.0396      0.6     9.0396     0.0000  0.0000  fp16_add_5_DW01_sub_J13_0
g_lane[12].u_add                    73.5707      5.0    50.2864     6.4444  0.0000  fp16_add_4
g_lane[12].u_add/add_74_S2           8.3835      0.6     8.3835     0.0000  0.0000  fp16_add_4_DW01_add_J16_0
g_lane[12].u_add/sub_75              8.4564      0.6     8.4564     0.0000  0.0000  fp16_add_4_DW01_sub_5
g_lane[13].u_add                    75.6410      5.2    51.6424     6.4444  0.0000  fp16_add_3
g_lane[13].u_add/add_74_S2           8.9521      0.6     8.9521     0.0000  0.0000  fp16_add_3_DW01_add_J17_0
g_lane[13].u_add/sub_75              8.6022      0.6     8.6022     0.0000  0.0000  fp16_add_3_DW01_sub_J15_0
g_lane[14].u_add                    73.5707      5.0    49.9802     6.4444  0.0000  fp16_add_2
g_lane[14].u_add/add_74_S2           8.5147      0.6     8.5147     0.0000  0.0000  fp16_add_2_DW01_add_J16_0
g_lane[14].u_add/sub_75              8.6314      0.6     8.6314     0.0000  0.0000  fp16_add_2_DW01_sub_8
g_lane[15].u_add                    72.0981      4.9    49.1492     6.4444  0.0000  fp16_add_1
g_lane[15].u_add/add_74_S2           8.5001      0.6     8.5001     0.0000  0.0000  fp16_add_1_DW01_add_J17_0
g_lane[15].u_add/sub_75              8.0044      0.5     8.0044     0.0000  0.0000  fp16_add_1_DW01_sub_J47_0
g_lane[1].u_add                     72.2585      4.9    49.7615     6.4444  0.0000  fp16_add_15
g_lane[1].u_add/add_74_S2            7.3921      0.5     7.3921     0.0000  0.0000  fp16_add_15_DW01_add_J8_0
g_lane[1].u_add/sub_75               8.6605      0.6     8.6605     0.0000  0.0000  fp16_add_15_DW01_sub_J16_0
g_lane[2].u_add                     68.6281      4.7    46.3061     6.4444  0.0000  fp16_add_14
g_lane[2].u_add/add_74_S2            7.4066      0.5     7.4066     0.0000  0.0000  fp16_add_14_DW01_add_2
g_lane[2].u_add/sub_75               8.4710      0.6     8.4710     0.0000  0.0000  fp16_add_14_DW01_sub_7
g_lane[3].u_add                     69.0946      4.7    46.7872     6.4444  0.0000  fp16_add_13
g_lane[3].u_add/add_74_S2            7.0859      0.5     7.0859     0.0000  0.0000  fp16_add_13_DW01_add_J9_0
g_lane[3].u_add/sub_75               8.7772      0.6     8.7772     0.0000  0.0000  fp16_add_13_DW01_sub_J16_0
g_lane[4].u_add                     72.0981      4.9    49.7761     6.4444  0.0000  fp16_add_12
g_lane[4].u_add/add_74_S2            7.4066      0.5     7.4066     0.0000  0.0000  fp16_add_12_DW01_add_2
g_lane[4].u_add/sub_75               8.4710      0.6     8.4710     0.0000  0.0000  fp16_add_12_DW01_sub_7
g_lane[5].u_add                     70.8442      4.8    48.2890     6.4444  0.0000  fp16_add_11
g_lane[5].u_add/add_74_S2            7.3629      0.5     7.3629     0.0000  0.0000  fp16_add_11_DW01_add_J7_0
g_lane[5].u_add/sub_75               8.7480      0.6     8.7480     0.0000  0.0000  fp16_add_11_DW01_sub_J46_0
g_lane[6].u_add                     69.3133      4.7    47.1517     6.4444  0.0000  fp16_add_10
g_lane[6].u_add/add_74_S2            7.3337      0.5     7.3337     0.0000  0.0000  fp16_add_10_DW01_add_J8_0
g_lane[6].u_add/sub_75               8.3835      0.6     8.3835     0.0000  0.0000  fp16_add_10_DW01_sub_5
g_lane[7].u_add                     69.2258      4.7    46.6852     6.4444  0.0000  fp16_add_9
g_lane[7].u_add/add_74_S2            7.4941      0.5     7.4941     0.0000  0.0000  fp16_add_9_DW01_add_J9_0
g_lane[7].u_add/sub_75               8.6022      0.6     8.6022     0.0000  0.0000  fp16_add_9_DW01_sub_J16_0
g_lane[8].u_add                     70.3777      4.8    47.9974     6.4444  0.0000  fp16_add_8
g_lane[8].u_add/add_74_S2            7.3921      0.5     7.3921     0.0000  0.0000  fp16_add_8_DW01_add_2
g_lane[8].u_add/sub_75               8.5439      0.6     8.5439     0.0000  0.0000  fp16_add_8_DW01_sub_8
g_lane[9].u_add                     69.6487      4.8    47.4871     6.4444  0.0000  fp16_add_7
g_lane[9].u_add/add_74_S2            7.4650      0.5     7.4650     0.0000  0.0000  fp16_add_7_DW01_add_J7_0
g_lane[9].u_add/sub_75               8.2523      0.6     8.2523     0.0000  0.0000  fp16_add_7_DW01_sub_J15_0
--------------------------------  ---------  -------  ---------  ---------  ------  --------------------------
Total                                                 1166.4583   299.0941  0.0000

1
