Information: Updating design information... (UID-85)
 
****************************************
Report : qor
Design : fp32_mul
Version: P-2019.03-SP5-6
Date   : Mon Aug 31 00:29:44 2026
****************************************


  Timing Path Group 'clk'
  -----------------------------------
  Levels of Logic:              23.00
  Critical Path Length:        643.95
  Critical Path Slack:           0.15
  Critical Path Clk Period:    699.00
  Total Negative Slack:          0.00
  No. of Violating Paths:        0.00
  Worst Hold Violation:          0.00
  Total Hold Violation:          0.00
  No. of Hold Violations:        0.00
  -----------------------------------


  Cell Count
  -----------------------------------
  Hierarchical Cell Count:         29
  Hierarchical Port Count:        995
  Leaf Cell Count:               5335
  Buf/Inv Cell Count:            2229
  Buf Cell Count:                 270
  Inv Cell Count:                1959
  CT Buf/Inv Cell Count:            0
  Combinational Cell Count:      4660
  Sequential Cell Count:          675
  Macro Count:                      0
  -----------------------------------


  Area
  -----------------------------------
  Combinational Area:      346.143779
  Noncombinational Area:   255.878998
  Buf/Inv Area:            101.885041
  Total Buffer Area:            15.91
  Total Inverter Area:          85.98
  Macro/Black Box Area:      0.000000
  Net Area:                  0.000000
  -----------------------------------
  Cell Area:               602.022778
  Design Area:             602.022778


  Design Rules
  -----------------------------------
  Total Number of Nets:          5782
  Nets With Violations:             0
  Max Trans Violations:             0
  Max Cap Violations:               0
  -----------------------------------


  Hostname: thu-olden

  Compile CPU Statistics
  -----------------------------------------
  Resource Sharing:                    0.24
  Logic Optimization:                  0.13
  Mapping Optimization:                2.30
  -----------------------------------------
  Overall Compile Time:                4.46
  Overall Compile Wall Clock Time:     4.58

  --------------------------------------------------------------------

  Design  WNS: 0.00  TNS: 0.00  Number of Violating Paths: 0


  Design (Hold)  WNS: 0.00  TNS: 0.00  Number of Violating Paths: 0

  --------------------------------------------------------------------


1
