 
****************************************
Report : area
Design : fp32_mul
Version: P-2019.03-SP5-6
Date   : Mon Aug 31 00:29:44 2026
****************************************

Library(s) Used:

    asap7sc7p5t_INVBUF_RVT_TT_nldm_211120 (File: /thu-bloor/xinyao-w23/kvpim-rtl/third_party/asap7_lib/db/asap7sc7p5t_INVBUF_RVT_TT_nldm_211120.db)
    asap7sc7p5t_SIMPLE_RVT_TT_nldm_211120 (File: /thu-bloor/xinyao-w23/kvpim-rtl/third_party/asap7_lib/db/asap7sc7p5t_SIMPLE_RVT_TT_nldm_211120.db)
    asap7sc7p5t_SEQ_RVT_TT_nldm_220123 (File: /thu-bloor/xinyao-w23/kvpim-rtl/third_party/asap7_lib/db/asap7sc7p5t_SEQ_RVT_TT_nldm_220123.db)
    asap7sc7p5t_OA_RVT_TT_nldm_211120 (File: /thu-bloor/xinyao-w23/kvpim-rtl/third_party/asap7_lib/db/asap7sc7p5t_OA_RVT_TT_nldm_211120.db)
    asap7sc7p5t_AO_RVT_TT_nldm_211120 (File: /thu-bloor/xinyao-w23/kvpim-rtl/third_party/asap7_lib/db/asap7sc7p5t_AO_RVT_TT_nldm_211120.db)

Number of ports:                         1095
Number of nets:                          6672
Number of cells:                         5364
Number of combinational cells:           4660
Number of sequential cells:               675
Number of macros/black boxes:               0
Number of buf/inv:                       2229
Number of references:                      76

Combinational area:                346.143779
Buf/Inv area:                      101.885041
Noncombinational area:             255.878998
Macro/Black Box area:                0.000000
Net Interconnect area:      undefined  (No wire load specified)

Total cell area:                   602.022778
Total area:                 undefined

Hierarchical area distribution
------------------------------

                                  Global cell area          Local cell area
                                  ------------------  --------------------------- 
Hierarchical cell                 Absolute   Percent  Combi-    Noncombi-  Black-
                                  Total      Total    national  national   boxes   Design
--------------------------------  ---------  -------  --------  ---------  ------  ----------------------
fp32_mul                           602.0228    100.0   78.1342   255.8790  0.0000  fp32_mul
add_1_root_add_32_S2_2               4.8989      0.8    4.8989     0.0000  0.0000  fp32_mul_DW01_add_36
add_1_root_add_33_S2_2               4.8989      0.8    4.8989     0.0000  0.0000  fp32_mul_DW01_add_J2_0
add_1_root_add_34_S2_2               4.8989      0.8    4.8989     0.0000  0.0000  fp32_mul_DW01_add_37
add_1_root_add_35_S2_2               4.8989      0.8    4.8989     0.0000  0.0000  fp32_mul_DW01_add_J2_1
add_1_root_add_42_2                 11.8681      2.0   11.8681     0.0000  0.0000  fp32_mul_DW01_add_34
add_1_root_sub_65_S7                 2.6827      0.4    2.6827     0.0000  0.0000  fp32_mul_DW01_add_7
add_25                               3.4263      0.6    3.4263     0.0000  0.0000  fp32_mul_DW01_add_6
add_25_S2                            3.4263      0.6    3.4263     0.0000  0.0000  fp32_mul_DW01_add_5
add_26                               3.4263      0.6    3.4263     0.0000  0.0000  fp32_mul_DW01_add_4
add_26_S2                            3.4263      0.6    3.4263     0.0000  0.0000  fp32_mul_DW01_add_3
add_39                              12.7867      2.1   12.7867     0.0000  0.0000  fp32_mul_DW01_add_35
add_49                               6.6485      1.1    6.6485     0.0000  0.0000  fp32_mul_DW01_add_J1_0
add_50_S3                            2.0995      0.3    2.0995     0.0000  0.0000  fp32_mul_DW01_inc_0
mult_16                             12.3784      2.1   12.3784     0.0000  0.0000  fp32_mul_DW02_mult_0
mult_16_S2                          12.4222      2.1   12.4222     0.0000  0.0000  fp32_mul_DW02_mult_1
mult_16_S3                          12.4222      2.1   12.4222     0.0000  0.0000  fp32_mul_DW02_mult_2
mult_16_S4                          12.4222      2.1   12.4222     0.0000  0.0000  fp32_mul_DW02_mult_3
mult_17                             12.4222      2.1   12.4222     0.0000  0.0000  fp32_mul_DW02_mult_4
mult_17_S2                          12.4076      2.1   12.4076     0.0000  0.0000  fp32_mul_DW02_mult_5
mult_17_S3                          12.3784      2.1   12.3784     0.0000  0.0000  fp32_mul_DW02_mult_6
mult_17_S4                          12.4222      2.1   12.4222     0.0000  0.0000  fp32_mul_DW02_mult_7
mult_18                             12.4076      2.1   12.4076     0.0000  0.0000  fp32_mul_DW02_mult_8
mult_18_S2                          12.4222      2.1   12.4222     0.0000  0.0000  fp32_mul_DW02_mult_9
mult_18_S3                          12.4513      2.1   12.4513     0.0000  0.0000  fp32_mul_DW02_mult_10
mult_18_S4                          12.4222      2.1   12.4222     0.0000  0.0000  fp32_mul_DW02_mult_11
mult_19                             12.4222      2.1   12.4222     0.0000  0.0000  fp32_mul_DW02_mult_12
mult_19_S2                          12.4222      2.1   12.4222     0.0000  0.0000  fp32_mul_DW02_mult_13
mult_19_S3                          12.3784      2.1   12.3784     0.0000  0.0000  fp32_mul_DW02_mult_14
mult_19_S4                          12.4222      2.1   12.4222     0.0000  0.0000  fp32_mul_DW02_mult_15
--------------------------------  ---------  -------  --------  ---------  ------  ----------------------
Total                                                 346.1438   255.8790  0.0000

1
