 
****************************************
Report : timing
        -path full
        -delay min
        -max_paths 20
Design : fp32_mul
Version: P-2019.03-SP5-6
Date   : Mon Aug 31 00:29:44 2026
****************************************

Operating Conditions: PVT_0P7V_25C   Library: asap7sc7p5t_AO_RVT_TT_nldm_211120
Wire Load Model Mode: top

  Startpoint: a\[28\] (input port clocked by clk)
  Endpoint: ex1_reg\[5\]
            (rising edge-triggered flip-flop clocked by clk)
  Path Group: clk
  Path Type: min

  Point                                                   Incr       Path
  --------------------------------------------------------------------------
  clock clk (rise edge)                                   0.00       0.00
  clock network delay (ideal)                             0.00       0.00
  input external delay                                    0.00       0.00 f
  a\[28\] (in)                                            4.86       4.86 f
  add_1_root_sub_65_S7/A\[5\] (fp32_mul_DW01_add_7)       0.00       4.86 f
  add_1_root_sub_65_S7/U1_5/SN (FAx1_ASAP7_75t_R)        26.68      31.54 r
  add_1_root_sub_65_S7/U9/Y (INVx4_ASAP7_75t_R)           8.72      40.26 f
  add_1_root_sub_65_S7/SUM\[5\] (fp32_mul_DW01_add_7)     0.00      40.26 f
  U1958/Y (XNOR2x2_ASAP7_75t_R)                          25.52      65.78 f
  ex1_reg\[5\]/D (DFFASRHQNx1_ASAP7_75t_R)                0.00      65.78 f
  data arrival time                                                 65.78

  clock clk (rise edge)                                   0.00       0.00
  clock network delay (ideal)                             0.00       0.00
  clock uncertainty                                      50.00      50.00
  ex1_reg\[5\]/CLK (DFFASRHQNx1_ASAP7_75t_R)              0.00      50.00 r
  library hold time                                      15.68      65.68
  data required time                                                65.68
  --------------------------------------------------------------------------
  data required time                                                65.68
  data arrival time                                                -65.78
  --------------------------------------------------------------------------
  slack (MET)                                                        0.10


  Startpoint: a\[27\] (input port clocked by clk)
  Endpoint: ex1_reg\[4\]
            (rising edge-triggered flip-flop clocked by clk)
  Path Group: clk
  Path Type: min

  Point                                                   Incr       Path
  --------------------------------------------------------------------------
  clock clk (rise edge)                                   0.00       0.00
  clock network delay (ideal)                             0.00       0.00
  input external delay                                    0.00       0.00 f
  a\[27\] (in)                                            4.92       4.92 f
  add_1_root_sub_65_S7/A\[4\] (fp32_mul_DW01_add_7)       0.00       4.92 f
  add_1_root_sub_65_S7/U1_4/SN (FAx1_ASAP7_75t_R)        26.71      31.64 r
  add_1_root_sub_65_S7/U1/Y (INVx4_ASAP7_75t_R)           8.72      40.35 f
  add_1_root_sub_65_S7/SUM\[4\] (fp32_mul_DW01_add_7)     0.00      40.35 f
  U1565/Y (XNOR2x2_ASAP7_75t_R)                          25.52      65.87 f
  ex1_reg\[4\]/D (DFFASRHQNx1_ASAP7_75t_R)                0.00      65.87 f
  data arrival time                                                 65.87

  clock clk (rise edge)                                   0.00       0.00
  clock network delay (ideal)                             0.00       0.00
  clock uncertainty                                      50.00      50.00
  ex1_reg\[4\]/CLK (DFFASRHQNx1_ASAP7_75t_R)              0.00      50.00 r
  library hold time                                      15.68      65.68
  data required time                                                65.68
  --------------------------------------------------------------------------
  data required time                                                65.68
  data arrival time                                                -65.87
  --------------------------------------------------------------------------
  slack (MET)                                                        0.19


  Startpoint: b\[23\] (input port clocked by clk)
  Endpoint: ex1_reg\[0\]
            (rising edge-triggered flip-flop clocked by clk)
  Path Group: clk
  Path Type: min

  Point                                                   Incr       Path
  --------------------------------------------------------------------------
  clock clk (rise edge)                                   0.00       0.00
  clock network delay (ideal)                             0.00       0.00
  input external delay                                    0.00       0.00 f
  b\[23\] (in)                                            3.03       3.03 f
  add_1_root_sub_65_S7/B\[0\] (fp32_mul_DW01_add_7)       0.00       3.03 f
  add_1_root_sub_65_S7/U13/Y (XOR2x2_ASAP7_75t_R)        24.68      27.71 f
  add_1_root_sub_65_S7/U11/Y (HB2xp67_ASAP7_75t_R)       36.49      64.20 f
  add_1_root_sub_65_S7/SUM\[0\] (fp32_mul_DW01_add_7)     0.00      64.20 f
  ex1_reg\[0\]/D (DFFASRHQNx1_ASAP7_75t_R)                0.00      64.20 f
  data arrival time                                                 64.20

  clock clk (rise edge)                                   0.00       0.00
  clock network delay (ideal)                             0.00       0.00
  clock uncertainty                                      50.00      50.00
  ex1_reg\[0\]/CLK (DFFASRHQNx1_ASAP7_75t_R)              0.00      50.00 r
  library hold time                                      13.98      63.98
  data required time                                                63.98
  --------------------------------------------------------------------------
  data required time                                                63.98
  data arrival time                                                -64.20
  --------------------------------------------------------------------------
  slack (MET)                                                        0.22


  Startpoint: b\[10\] (input port clocked by clk)
  Endpoint: n1_reg (rising edge-triggered flip-flop clocked by clk)
  Path Group: clk
  Path Type: min

  Point                                    Incr       Path
  -----------------------------------------------------------
  clock clk (rise edge)                    0.00       0.00
  clock network delay (ideal)              0.00       0.00
  input external delay                     0.00       0.00 r
  b\[10\] (in)                             1.41       1.41 r
  U2825/Y (NOR5xp2_ASAP7_75t_R)            7.91       9.32 f
  U2818/Y (NAND4xp25_ASAP7_75t_R)         14.50      23.82 r
  U1610/Y (AOI22x1_ASAP7_75t_R)           10.60      34.42 f
  U1570/Y (HB2xp67_ASAP7_75t_R)           31.71      66.13 f
  n1_reg/D (DFFASRHQNx1_ASAP7_75t_R)       0.00      66.13 f
  data arrival time                                  66.13

  clock clk (rise edge)                    0.00       0.00
  clock network delay (ideal)              0.00       0.00
  clock uncertainty                       50.00      50.00
  n1_reg/CLK (DFFASRHQNx1_ASAP7_75t_R)     0.00      50.00 r
  library hold time                       15.13      65.13
  data required time                                 65.13
  -----------------------------------------------------------
  data required time                                 65.13
  data arrival time                                 -66.13
  -----------------------------------------------------------
  slack (MET)                                         1.00


  Startpoint: y_reg\[14\]
              (rising edge-triggered flip-flop clocked by clk)
  Endpoint: y\[14\] (output port clocked by clk)
  Path Group: clk
  Path Type: min

  Point                                                   Incr       Path
  --------------------------------------------------------------------------
  clock clk (rise edge)                                   0.00       0.00
  clock network delay (ideal)                             0.00       0.00
  y_reg\[14\]/CLK (DFFASRHQNx1_ASAP7_75t_R)               0.00       0.00 r
  y_reg\[14\]/QN (DFFASRHQNx1_ASAP7_75t_R)               51.20      51.20 r
  y\[14\] (out)                                           0.00      51.20 r
  data arrival time                                                 51.20

  clock clk (rise edge)                                   0.00       0.00
  clock network delay (ideal)                             0.00       0.00
  clock uncertainty                                      50.00      50.00
  output external delay                                   0.00      50.00
  data required time                                                50.00
  --------------------------------------------------------------------------
  data required time                                                50.00
  data arrival time                                                -51.20
  --------------------------------------------------------------------------
  slack (MET)                                                        1.20


  Startpoint: y_reg\[13\]
              (rising edge-triggered flip-flop clocked by clk)
  Endpoint: y\[13\] (output port clocked by clk)
  Path Group: clk
  Path Type: min

  Point                                                   Incr       Path
  --------------------------------------------------------------------------
  clock clk (rise edge)                                   0.00       0.00
  clock network delay (ideal)                             0.00       0.00
  y_reg\[13\]/CLK (DFFASRHQNx1_ASAP7_75t_R)               0.00       0.00 r
  y_reg\[13\]/QN (DFFASRHQNx1_ASAP7_75t_R)               51.20      51.20 r
  y\[13\] (out)                                           0.00      51.20 r
  data arrival time                                                 51.20

  clock clk (rise edge)                                   0.00       0.00
  clock network delay (ideal)                             0.00       0.00
  clock uncertainty                                      50.00      50.00
  output external delay                                   0.00      50.00
  data required time                                                50.00
  --------------------------------------------------------------------------
  data required time                                                50.00
  data arrival time                                                -51.20
  --------------------------------------------------------------------------
  slack (MET)                                                        1.20


  Startpoint: y_reg\[12\]
              (rising edge-triggered flip-flop clocked by clk)
  Endpoint: y\[12\] (output port clocked by clk)
  Path Group: clk
  Path Type: min

  Point                                                   Incr       Path
  --------------------------------------------------------------------------
  clock clk (rise edge)                                   0.00       0.00
  clock network delay (ideal)                             0.00       0.00
  y_reg\[12\]/CLK (DFFASRHQNx1_ASAP7_75t_R)               0.00       0.00 r
  y_reg\[12\]/QN (DFFASRHQNx1_ASAP7_75t_R)               51.20      51.20 r
  y\[12\] (out)                                           0.00      51.20 r
  data arrival time                                                 51.20

  clock clk (rise edge)                                   0.00       0.00
  clock network delay (ideal)                             0.00       0.00
  clock uncertainty                                      50.00      50.00
  output external delay                                   0.00      50.00
  data required time                                                50.00
  --------------------------------------------------------------------------
  data required time                                                50.00
  data arrival time                                                -51.20
  --------------------------------------------------------------------------
  slack (MET)                                                        1.20


  Startpoint: y_reg\[11\]
              (rising edge-triggered flip-flop clocked by clk)
  Endpoint: y\[11\] (output port clocked by clk)
  Path Group: clk
  Path Type: min

  Point                                                   Incr       Path
  --------------------------------------------------------------------------
  clock clk (rise edge)                                   0.00       0.00
  clock network delay (ideal)                             0.00       0.00
  y_reg\[11\]/CLK (DFFASRHQNx1_ASAP7_75t_R)               0.00       0.00 r
  y_reg\[11\]/QN (DFFASRHQNx1_ASAP7_75t_R)               51.20      51.20 r
  y\[11\] (out)                                           0.00      51.20 r
  data arrival time                                                 51.20

  clock clk (rise edge)                                   0.00       0.00
  clock network delay (ideal)                             0.00       0.00
  clock uncertainty                                      50.00      50.00
  output external delay                                   0.00      50.00
  data required time                                                50.00
  --------------------------------------------------------------------------
  data required time                                                50.00
  data arrival time                                                -51.20
  --------------------------------------------------------------------------
  slack (MET)                                                        1.20


  Startpoint: y_reg\[10\]
              (rising edge-triggered flip-flop clocked by clk)
  Endpoint: y\[10\] (output port clocked by clk)
  Path Group: clk
  Path Type: min

  Point                                                   Incr       Path
  --------------------------------------------------------------------------
  clock clk (rise edge)                                   0.00       0.00
  clock network delay (ideal)                             0.00       0.00
  y_reg\[10\]/CLK (DFFASRHQNx1_ASAP7_75t_R)               0.00       0.00 r
  y_reg\[10\]/QN (DFFASRHQNx1_ASAP7_75t_R)               51.20      51.20 r
  y\[10\] (out)                                           0.00      51.20 r
  data arrival time                                                 51.20

  clock clk (rise edge)                                   0.00       0.00
  clock network delay (ideal)                             0.00       0.00
  clock uncertainty                                      50.00      50.00
  output external delay                                   0.00      50.00
  data required time                                                50.00
  --------------------------------------------------------------------------
  data required time                                                50.00
  data arrival time                                                -51.20
  --------------------------------------------------------------------------
  slack (MET)                                                        1.20


  Startpoint: y_reg\[9\] (rising edge-triggered flip-flop clocked by clk)
  Endpoint: y\[9\] (output port clocked by clk)
  Path Group: clk
  Path Type: min

  Point                                                   Incr       Path
  --------------------------------------------------------------------------
  clock clk (rise edge)                                   0.00       0.00
  clock network delay (ideal)                             0.00       0.00
  y_reg\[9\]/CLK (DFFASRHQNx1_ASAP7_75t_R)                0.00       0.00 r
  y_reg\[9\]/QN (DFFASRHQNx1_ASAP7_75t_R)                51.20      51.20 r
  y\[9\] (out)                                            0.00      51.20 r
  data arrival time                                                 51.20

  clock clk (rise edge)                                   0.00       0.00
  clock network delay (ideal)                             0.00       0.00
  clock uncertainty                                      50.00      50.00
  output external delay                                   0.00      50.00
  data required time                                                50.00
  --------------------------------------------------------------------------
  data required time                                                50.00
  data arrival time                                                -51.20
  --------------------------------------------------------------------------
  slack (MET)                                                        1.20


  Startpoint: y_reg\[8\] (rising edge-triggered flip-flop clocked by clk)
  Endpoint: y\[8\] (output port clocked by clk)
  Path Group: clk
  Path Type: min

  Point                                                   Incr       Path
  --------------------------------------------------------------------------
  clock clk (rise edge)                                   0.00       0.00
  clock network delay (ideal)                             0.00       0.00
  y_reg\[8\]/CLK (DFFASRHQNx1_ASAP7_75t_R)                0.00       0.00 r
  y_reg\[8\]/QN (DFFASRHQNx1_ASAP7_75t_R)                51.20      51.20 r
  y\[8\] (out)                                            0.00      51.20 r
  data arrival time                                                 51.20

  clock clk (rise edge)                                   0.00       0.00
  clock network delay (ideal)                             0.00       0.00
  clock uncertainty                                      50.00      50.00
  output external delay                                   0.00      50.00
  data required time                                                50.00
  --------------------------------------------------------------------------
  data required time                                                50.00
  data arrival time                                                -51.20
  --------------------------------------------------------------------------
  slack (MET)                                                        1.20


  Startpoint: y_reg\[7\] (rising edge-triggered flip-flop clocked by clk)
  Endpoint: y\[7\] (output port clocked by clk)
  Path Group: clk
  Path Type: min

  Point                                                   Incr       Path
  --------------------------------------------------------------------------
  clock clk (rise edge)                                   0.00       0.00
  clock network delay (ideal)                             0.00       0.00
  y_reg\[7\]/CLK (DFFASRHQNx1_ASAP7_75t_R)                0.00       0.00 r
  y_reg\[7\]/QN (DFFASRHQNx1_ASAP7_75t_R)                51.20      51.20 r
  y\[7\] (out)                                            0.00      51.20 r
  data arrival time                                                 51.20

  clock clk (rise edge)                                   0.00       0.00
  clock network delay (ideal)                             0.00       0.00
  clock uncertainty                                      50.00      50.00
  output external delay                                   0.00      50.00
  data required time                                                50.00
  --------------------------------------------------------------------------
  data required time                                                50.00
  data arrival time                                                -51.20
  --------------------------------------------------------------------------
  slack (MET)                                                        1.20


  Startpoint: y_reg\[6\] (rising edge-triggered flip-flop clocked by clk)
  Endpoint: y\[6\] (output port clocked by clk)
  Path Group: clk
  Path Type: min

  Point                                                   Incr       Path
  --------------------------------------------------------------------------
  clock clk (rise edge)                                   0.00       0.00
  clock network delay (ideal)                             0.00       0.00
  y_reg\[6\]/CLK (DFFASRHQNx1_ASAP7_75t_R)                0.00       0.00 r
  y_reg\[6\]/QN (DFFASRHQNx1_ASAP7_75t_R)                51.20      51.20 r
  y\[6\] (out)                                            0.00      51.20 r
  data arrival time                                                 51.20

  clock clk (rise edge)                                   0.00       0.00
  clock network delay (ideal)                             0.00       0.00
  clock uncertainty                                      50.00      50.00
  output external delay                                   0.00      50.00
  data required time                                                50.00
  --------------------------------------------------------------------------
  data required time                                                50.00
  data arrival time                                                -51.20
  --------------------------------------------------------------------------
  slack (MET)                                                        1.20


  Startpoint: y_reg\[5\] (rising edge-triggered flip-flop clocked by clk)
  Endpoint: y\[5\] (output port clocked by clk)
  Path Group: clk
  Path Type: min

  Point                                                   Incr       Path
  --------------------------------------------------------------------------
  clock clk (rise edge)                                   0.00       0.00
  clock network delay (ideal)                             0.00       0.00
  y_reg\[5\]/CLK (DFFASRHQNx1_ASAP7_75t_R)                0.00       0.00 r
  y_reg\[5\]/QN (DFFASRHQNx1_ASAP7_75t_R)                51.20      51.20 r
  y\[5\] (out)                                            0.00      51.20 r
  data arrival time                                                 51.20

  clock clk (rise edge)                                   0.00       0.00
  clock network delay (ideal)                             0.00       0.00
  clock uncertainty                                      50.00      50.00
  output external delay                                   0.00      50.00
  data required time                                                50.00
  --------------------------------------------------------------------------
  data required time                                                50.00
  data arrival time                                                -51.20
  --------------------------------------------------------------------------
  slack (MET)                                                        1.20


  Startpoint: y_reg\[4\] (rising edge-triggered flip-flop clocked by clk)
  Endpoint: y\[4\] (output port clocked by clk)
  Path Group: clk
  Path Type: min

  Point                                                   Incr       Path
  --------------------------------------------------------------------------
  clock clk (rise edge)                                   0.00       0.00
  clock network delay (ideal)                             0.00       0.00
  y_reg\[4\]/CLK (DFFASRHQNx1_ASAP7_75t_R)                0.00       0.00 r
  y_reg\[4\]/QN (DFFASRHQNx1_ASAP7_75t_R)                51.20      51.20 r
  y\[4\] (out)                                            0.00      51.20 r
  data arrival time                                                 51.20

  clock clk (rise edge)                                   0.00       0.00
  clock network delay (ideal)                             0.00       0.00
  clock uncertainty                                      50.00      50.00
  output external delay                                   0.00      50.00
  data required time                                                50.00
  --------------------------------------------------------------------------
  data required time                                                50.00
  data arrival time                                                -51.20
  --------------------------------------------------------------------------
  slack (MET)                                                        1.20


  Startpoint: y_reg\[3\] (rising edge-triggered flip-flop clocked by clk)
  Endpoint: y\[3\] (output port clocked by clk)
  Path Group: clk
  Path Type: min

  Point                                                   Incr       Path
  --------------------------------------------------------------------------
  clock clk (rise edge)                                   0.00       0.00
  clock network delay (ideal)                             0.00       0.00
  y_reg\[3\]/CLK (DFFASRHQNx1_ASAP7_75t_R)                0.00       0.00 r
  y_reg\[3\]/QN (DFFASRHQNx1_ASAP7_75t_R)                51.20      51.20 r
  y\[3\] (out)                                            0.00      51.20 r
  data arrival time                                                 51.20

  clock clk (rise edge)                                   0.00       0.00
  clock network delay (ideal)                             0.00       0.00
  clock uncertainty                                      50.00      50.00
  output external delay                                   0.00      50.00
  data required time                                                50.00
  --------------------------------------------------------------------------
  data required time                                                50.00
  data arrival time                                                -51.20
  --------------------------------------------------------------------------
  slack (MET)                                                        1.20


  Startpoint: y_reg\[2\] (rising edge-triggered flip-flop clocked by clk)
  Endpoint: y\[2\] (output port clocked by clk)
  Path Group: clk
  Path Type: min

  Point                                                   Incr       Path
  --------------------------------------------------------------------------
  clock clk (rise edge)                                   0.00       0.00
  clock network delay (ideal)                             0.00       0.00
  y_reg\[2\]/CLK (DFFASRHQNx1_ASAP7_75t_R)                0.00       0.00 r
  y_reg\[2\]/QN (DFFASRHQNx1_ASAP7_75t_R)                51.20      51.20 r
  y\[2\] (out)                                            0.00      51.20 r
  data arrival time                                                 51.20

  clock clk (rise edge)                                   0.00       0.00
  clock network delay (ideal)                             0.00       0.00
  clock uncertainty                                      50.00      50.00
  output external delay                                   0.00      50.00
  data required time                                                50.00
  --------------------------------------------------------------------------
  data required time                                                50.00
  data arrival time                                                -51.20
  --------------------------------------------------------------------------
  slack (MET)                                                        1.20


  Startpoint: y_reg\[1\] (rising edge-triggered flip-flop clocked by clk)
  Endpoint: y\[1\] (output port clocked by clk)
  Path Group: clk
  Path Type: min

  Point                                                   Incr       Path
  --------------------------------------------------------------------------
  clock clk (rise edge)                                   0.00       0.00
  clock network delay (ideal)                             0.00       0.00
  y_reg\[1\]/CLK (DFFASRHQNx1_ASAP7_75t_R)                0.00       0.00 r
  y_reg\[1\]/QN (DFFASRHQNx1_ASAP7_75t_R)                51.20      51.20 r
  y\[1\] (out)                                            0.00      51.20 r
  data arrival time                                                 51.20

  clock clk (rise edge)                                   0.00       0.00
  clock network delay (ideal)                             0.00       0.00
  clock uncertainty                                      50.00      50.00
  output external delay                                   0.00      50.00
  data required time                                                50.00
  --------------------------------------------------------------------------
  data required time                                                50.00
  data arrival time                                                -51.20
  --------------------------------------------------------------------------
  slack (MET)                                                        1.20


  Startpoint: y_reg\[0\] (rising edge-triggered flip-flop clocked by clk)
  Endpoint: y\[0\] (output port clocked by clk)
  Path Group: clk
  Path Type: min

  Point                                                   Incr       Path
  --------------------------------------------------------------------------
  clock clk (rise edge)                                   0.00       0.00
  clock network delay (ideal)                             0.00       0.00
  y_reg\[0\]/CLK (DFFASRHQNx1_ASAP7_75t_R)                0.00       0.00 r
  y_reg\[0\]/QN (DFFASRHQNx1_ASAP7_75t_R)                51.20      51.20 r
  y\[0\] (out)                                            0.00      51.20 r
  data arrival time                                                 51.20

  clock clk (rise edge)                                   0.00       0.00
  clock network delay (ideal)                             0.00       0.00
  clock uncertainty                                      50.00      50.00
  output external delay                                   0.00      50.00
  data required time                                                50.00
  --------------------------------------------------------------------------
  data required time                                                50.00
  data arrival time                                                -51.20
  --------------------------------------------------------------------------
  slack (MET)                                                        1.20


  Startpoint: out_valid_reg
              (rising edge-triggered flip-flop clocked by clk)
  Endpoint: out_valid (output port clocked by clk)
  Path Group: clk
  Path Type: min

  Point                                                   Incr       Path
  --------------------------------------------------------------------------
  clock clk (rise edge)                                   0.00       0.00
  clock network delay (ideal)                             0.00       0.00
  out_valid_reg/CLK (DFFASRHQNx1_ASAP7_75t_R)             0.00       0.00 r
  out_valid_reg/QN (DFFASRHQNx1_ASAP7_75t_R)             51.20      51.20 r
  out_valid (out)                                         0.00      51.20 r
  data arrival time                                                 51.20

  clock clk (rise edge)                                   0.00       0.00
  clock network delay (ideal)                             0.00       0.00
  clock uncertainty                                      50.00      50.00
  output external delay                                   0.00      50.00
  data required time                                                50.00
  --------------------------------------------------------------------------
  data required time                                                50.00
  data arrival time                                                -51.20
  --------------------------------------------------------------------------
  slack (MET)                                                        1.20


1
