 
****************************************
Report : timing
        -path full
        -delay max
        -max_paths 20
Design : fp32_mul
Version: P-2019.03-SP5-6
Date   : Mon Aug 31 00:29:44 2026
****************************************

Operating Conditions: PVT_0P7V_25C   Library: asap7sc7p5t_AO_RVT_TT_nldm_211120
Wire Load Model Mode: top

  Startpoint: prod_reg\[47\]
              (rising edge-triggered flip-flop clocked by clk)
  Endpoint: y_reg\[25\]
            (rising edge-triggered flip-flop clocked by clk)
  Path Group: clk
  Path Type: max

  Point                                                   Incr       Path
  --------------------------------------------------------------------------
  clock clk (rise edge)                                   0.00       0.00
  clock network delay (ideal)                             0.00       0.00
  prod_reg\[47\]/CLK (DFFASRHQNx1_ASAP7_75t_R)            0.00       0.00 r
  prod_reg\[47\]/QN (DFFASRHQNx1_ASAP7_75t_R)            56.57      56.57 f
  U2142/Y (INVx1_ASAP7_75t_R)                            18.71      75.28 r
  U2100/Y (INVx1_ASAP7_75t_R)                            32.87     108.14 f
  U2652/Y (NAND2xp5_ASAP7_75t_R)                         19.35     127.50 r
  U2653/Y (OAI21xp5_ASAP7_75t_R)                         27.61     155.11 f
  U2097/Y (NOR4xp25_ASAP7_75t_R)                         41.01     196.11 r
  U2683/Y (AOI31xp67_ASAP7_75t_R)                        26.68     222.79 f
  add_49/B\[0\] (fp32_mul_DW01_add_J1_0)                  0.00     222.79 f
  add_49/U29/Y (NAND3xp33_ASAP7_75t_R)                   34.25     257.04 r
  add_49/U23/Y (NOR2x1_ASAP7_75t_R)                      20.13     277.17 f
  add_49/U13/Y (AND2x2_ASAP7_75t_R)                      24.31     301.48 f
  add_49/U36/Y (NAND2xp5_ASAP7_75t_R)                    16.80     318.28 r
  add_49/U22/Y (INVx1_ASAP7_75t_R)                       11.07     329.35 f
  add_49/U38/Y (NAND2xp5_ASAP7_75t_R)                    19.25     348.60 r
  add_49/U21/Y (NOR2x1_ASAP7_75t_R)                      49.76     398.36 f
  add_49/SUM\[23\] (fp32_mul_DW01_add_J1_0)               0.00     398.36 f
  U2733/Y (OAI21xp5_ASAP7_75t_R)                         38.57     436.92 r
  U2171/Y (INVx2_ASAP7_75t_R)                            12.04     448.96 f
  U2736/Y (NOR2x1_ASAP7_75t_R)                           11.19     460.15 r
  U2737/Y (AND3x1_ASAP7_75t_R)                           23.43     483.58 r
  U2738/Y (NAND5xp2_ASAP7_75t_R)                         23.15     506.73 f
  U2146/Y (AND2x2_ASAP7_75t_R)                           32.17     538.90 f
  U2110/Y (OAI21xp5_ASAP7_75t_R)                         40.30     579.20 r
  U2773/Y (INVx1_ASAP7_75t_R)                            14.87     594.07 f
  U2103/Y (NAND2xp5_ASAP7_75t_R)                         30.12     624.19 r
  U2164/Y (OAI21xp33_ASAP7_75t_R)                        19.76     643.95 f
  y_reg\[25\]/D (DFFASRHQNx1_ASAP7_75t_R)                 0.00     643.95 f
  data arrival time                                                643.95

  clock clk (rise edge)                                 699.00     699.00
  clock network delay (ideal)                             0.00     699.00
  clock uncertainty                                     -50.00     649.00
  y_reg\[25\]/CLK (DFFASRHQNx1_ASAP7_75t_R)               0.00     649.00 r
  library setup time                                     -4.90     644.10
  data required time                                               644.10
  --------------------------------------------------------------------------
  data required time                                               644.10
  data arrival time                                               -643.95
  --------------------------------------------------------------------------
  slack (MET)                                                        0.15


  Startpoint: prod_reg\[47\]
              (rising edge-triggered flip-flop clocked by clk)
  Endpoint: y_reg\[24\]
            (rising edge-triggered flip-flop clocked by clk)
  Path Group: clk
  Path Type: max

  Point                                                   Incr       Path
  --------------------------------------------------------------------------
  clock clk (rise edge)                                   0.00       0.00
  clock network delay (ideal)                             0.00       0.00
  prod_reg\[47\]/CLK (DFFASRHQNx1_ASAP7_75t_R)            0.00       0.00 r
  prod_reg\[47\]/QN (DFFASRHQNx1_ASAP7_75t_R)            56.57      56.57 f
  U2142/Y (INVx1_ASAP7_75t_R)                            18.71      75.28 r
  U2100/Y (INVx1_ASAP7_75t_R)                            32.87     108.14 f
  U2652/Y (NAND2xp5_ASAP7_75t_R)                         19.35     127.50 r
  U2653/Y (OAI21xp5_ASAP7_75t_R)                         27.61     155.11 f
  U2097/Y (NOR4xp25_ASAP7_75t_R)                         41.01     196.11 r
  U2683/Y (AOI31xp67_ASAP7_75t_R)                        26.68     222.79 f
  add_49/B\[0\] (fp32_mul_DW01_add_J1_0)                  0.00     222.79 f
  add_49/U29/Y (NAND3xp33_ASAP7_75t_R)                   34.25     257.04 r
  add_49/U23/Y (NOR2x1_ASAP7_75t_R)                      20.13     277.17 f
  add_49/U13/Y (AND2x2_ASAP7_75t_R)                      24.31     301.48 f
  add_49/U36/Y (NAND2xp5_ASAP7_75t_R)                    16.80     318.28 r
  add_49/U22/Y (INVx1_ASAP7_75t_R)                       11.07     329.35 f
  add_49/U38/Y (NAND2xp5_ASAP7_75t_R)                    19.25     348.60 r
  add_49/U21/Y (NOR2x1_ASAP7_75t_R)                      49.76     398.36 f
  add_49/SUM\[23\] (fp32_mul_DW01_add_J1_0)               0.00     398.36 f
  U2733/Y (OAI21xp5_ASAP7_75t_R)                         38.57     436.92 r
  U2171/Y (INVx2_ASAP7_75t_R)                            12.04     448.96 f
  U2736/Y (NOR2x1_ASAP7_75t_R)                           11.19     460.15 r
  U2737/Y (AND3x1_ASAP7_75t_R)                           23.43     483.58 r
  U2738/Y (NAND5xp2_ASAP7_75t_R)                         23.15     506.73 f
  U2146/Y (AND2x2_ASAP7_75t_R)                           32.17     538.90 f
  U2110/Y (OAI21xp5_ASAP7_75t_R)                         40.30     579.20 r
  U2773/Y (INVx1_ASAP7_75t_R)                            14.87     594.07 f
  U2103/Y (NAND2xp5_ASAP7_75t_R)                         30.12     624.19 r
  U2165/Y (OAI21xp33_ASAP7_75t_R)                        19.76     643.95 f
  y_reg\[24\]/D (DFFASRHQNx1_ASAP7_75t_R)                 0.00     643.95 f
  data arrival time                                                643.95

  clock clk (rise edge)                                 699.00     699.00
  clock network delay (ideal)                             0.00     699.00
  clock uncertainty                                     -50.00     649.00
  y_reg\[24\]/CLK (DFFASRHQNx1_ASAP7_75t_R)               0.00     649.00 r
  library setup time                                     -4.90     644.10
  data required time                                               644.10
  --------------------------------------------------------------------------
  data required time                                               644.10
  data arrival time                                               -643.95
  --------------------------------------------------------------------------
  slack (MET)                                                        0.15


  Startpoint: prod_reg\[47\]
              (rising edge-triggered flip-flop clocked by clk)
  Endpoint: y_reg\[26\]
            (rising edge-triggered flip-flop clocked by clk)
  Path Group: clk
  Path Type: max

  Point                                                   Incr       Path
  --------------------------------------------------------------------------
  clock clk (rise edge)                                   0.00       0.00
  clock network delay (ideal)                             0.00       0.00
  prod_reg\[47\]/CLK (DFFASRHQNx1_ASAP7_75t_R)            0.00       0.00 r
  prod_reg\[47\]/QN (DFFASRHQNx1_ASAP7_75t_R)            56.57      56.57 f
  U2142/Y (INVx1_ASAP7_75t_R)                            18.71      75.28 r
  U2100/Y (INVx1_ASAP7_75t_R)                            32.87     108.14 f
  U2652/Y (NAND2xp5_ASAP7_75t_R)                         19.35     127.50 r
  U2653/Y (OAI21xp5_ASAP7_75t_R)                         27.61     155.11 f
  U2097/Y (NOR4xp25_ASAP7_75t_R)                         41.01     196.11 r
  U2683/Y (AOI31xp67_ASAP7_75t_R)                        26.68     222.79 f
  add_49/B\[0\] (fp32_mul_DW01_add_J1_0)                  0.00     222.79 f
  add_49/U29/Y (NAND3xp33_ASAP7_75t_R)                   34.25     257.04 r
  add_49/U23/Y (NOR2x1_ASAP7_75t_R)                      20.13     277.17 f
  add_49/U13/Y (AND2x2_ASAP7_75t_R)                      24.31     301.48 f
  add_49/U36/Y (NAND2xp5_ASAP7_75t_R)                    16.80     318.28 r
  add_49/U22/Y (INVx1_ASAP7_75t_R)                       11.07     329.35 f
  add_49/U38/Y (NAND2xp5_ASAP7_75t_R)                    19.25     348.60 r
  add_49/U21/Y (NOR2x1_ASAP7_75t_R)                      49.76     398.36 f
  add_49/SUM\[23\] (fp32_mul_DW01_add_J1_0)               0.00     398.36 f
  U2733/Y (OAI21xp5_ASAP7_75t_R)                         38.57     436.92 r
  U2171/Y (INVx2_ASAP7_75t_R)                            12.04     448.96 f
  U2736/Y (NOR2x1_ASAP7_75t_R)                           11.19     460.15 r
  U2737/Y (AND3x1_ASAP7_75t_R)                           23.43     483.58 r
  U2738/Y (NAND5xp2_ASAP7_75t_R)                         23.15     506.73 f
  U2146/Y (AND2x2_ASAP7_75t_R)                           32.17     538.90 f
  U2110/Y (OAI21xp5_ASAP7_75t_R)                         40.30     579.20 r
  U2773/Y (INVx1_ASAP7_75t_R)                            14.87     594.07 f
  U2103/Y (NAND2xp5_ASAP7_75t_R)                         30.12     624.19 r
  U2163/Y (OAI21xp33_ASAP7_75t_R)                        19.76     643.95 f
  y_reg\[26\]/D (DFFASRHQNx1_ASAP7_75t_R)                 0.00     643.95 f
  data arrival time                                                643.95

  clock clk (rise edge)                                 699.00     699.00
  clock network delay (ideal)                             0.00     699.00
  clock uncertainty                                     -50.00     649.00
  y_reg\[26\]/CLK (DFFASRHQNx1_ASAP7_75t_R)               0.00     649.00 r
  library setup time                                     -4.90     644.10
  data required time                                               644.10
  --------------------------------------------------------------------------
  data required time                                               644.10
  data arrival time                                               -643.95
  --------------------------------------------------------------------------
  slack (MET)                                                        0.15


  Startpoint: prod_reg\[47\]
              (rising edge-triggered flip-flop clocked by clk)
  Endpoint: y_reg\[30\]
            (rising edge-triggered flip-flop clocked by clk)
  Path Group: clk
  Path Type: max

  Point                                                   Incr       Path
  --------------------------------------------------------------------------
  clock clk (rise edge)                                   0.00       0.00
  clock network delay (ideal)                             0.00       0.00
  prod_reg\[47\]/CLK (DFFASRHQNx1_ASAP7_75t_R)            0.00       0.00 r
  prod_reg\[47\]/QN (DFFASRHQNx1_ASAP7_75t_R)            56.57      56.57 f
  U2142/Y (INVx1_ASAP7_75t_R)                            18.71      75.28 r
  U2100/Y (INVx1_ASAP7_75t_R)                            32.87     108.14 f
  U2652/Y (NAND2xp5_ASAP7_75t_R)                         19.35     127.50 r
  U2653/Y (OAI21xp5_ASAP7_75t_R)                         27.61     155.11 f
  U2097/Y (NOR4xp25_ASAP7_75t_R)                         41.01     196.11 r
  U2683/Y (AOI31xp67_ASAP7_75t_R)                        26.68     222.79 f
  add_49/B\[0\] (fp32_mul_DW01_add_J1_0)                  0.00     222.79 f
  add_49/U29/Y (NAND3xp33_ASAP7_75t_R)                   34.25     257.04 r
  add_49/U23/Y (NOR2x1_ASAP7_75t_R)                      20.13     277.17 f
  add_49/U13/Y (AND2x2_ASAP7_75t_R)                      24.31     301.48 f
  add_49/U36/Y (NAND2xp5_ASAP7_75t_R)                    16.80     318.28 r
  add_49/U22/Y (INVx1_ASAP7_75t_R)                       11.07     329.35 f
  add_49/U38/Y (NAND2xp5_ASAP7_75t_R)                    19.25     348.60 r
  add_49/U21/Y (NOR2x1_ASAP7_75t_R)                      49.76     398.36 f
  add_49/SUM\[23\] (fp32_mul_DW01_add_J1_0)               0.00     398.36 f
  U2733/Y (OAI21xp5_ASAP7_75t_R)                         38.57     436.92 r
  U2171/Y (INVx2_ASAP7_75t_R)                            12.04     448.96 f
  U2736/Y (NOR2x1_ASAP7_75t_R)                           11.19     460.15 r
  U2737/Y (AND3x1_ASAP7_75t_R)                           23.43     483.58 r
  U2738/Y (NAND5xp2_ASAP7_75t_R)                         23.15     506.73 f
  U2146/Y (AND2x2_ASAP7_75t_R)                           32.17     538.90 f
  U2110/Y (OAI21xp5_ASAP7_75t_R)                         40.30     579.20 r
  U2773/Y (INVx1_ASAP7_75t_R)                            14.87     594.07 f
  U2103/Y (NAND2xp5_ASAP7_75t_R)                         30.12     624.19 r
  U2159/Y (OAI21xp33_ASAP7_75t_R)                        19.76     643.95 f
  y_reg\[30\]/D (DFFASRHQNx1_ASAP7_75t_R)                 0.00     643.95 f
  data arrival time                                                643.95

  clock clk (rise edge)                                 699.00     699.00
  clock network delay (ideal)                             0.00     699.00
  clock uncertainty                                     -50.00     649.00
  y_reg\[30\]/CLK (DFFASRHQNx1_ASAP7_75t_R)               0.00     649.00 r
  library setup time                                     -4.90     644.10
  data required time                                               644.10
  --------------------------------------------------------------------------
  data required time                                               644.10
  data arrival time                                               -643.95
  --------------------------------------------------------------------------
  slack (MET)                                                        0.15


  Startpoint: prod_reg\[47\]
              (rising edge-triggered flip-flop clocked by clk)
  Endpoint: y_reg\[27\]
            (rising edge-triggered flip-flop clocked by clk)
  Path Group: clk
  Path Type: max

  Point                                                   Incr       Path
  --------------------------------------------------------------------------
  clock clk (rise edge)                                   0.00       0.00
  clock network delay (ideal)                             0.00       0.00
  prod_reg\[47\]/CLK (DFFASRHQNx1_ASAP7_75t_R)            0.00       0.00 r
  prod_reg\[47\]/QN (DFFASRHQNx1_ASAP7_75t_R)            56.57      56.57 f
  U2142/Y (INVx1_ASAP7_75t_R)                            18.71      75.28 r
  U2100/Y (INVx1_ASAP7_75t_R)                            32.87     108.14 f
  U2652/Y (NAND2xp5_ASAP7_75t_R)                         19.35     127.50 r
  U2653/Y (OAI21xp5_ASAP7_75t_R)                         27.61     155.11 f
  U2097/Y (NOR4xp25_ASAP7_75t_R)                         41.01     196.11 r
  U2683/Y (AOI31xp67_ASAP7_75t_R)                        26.68     222.79 f
  add_49/B\[0\] (fp32_mul_DW01_add_J1_0)                  0.00     222.79 f
  add_49/U29/Y (NAND3xp33_ASAP7_75t_R)                   34.25     257.04 r
  add_49/U23/Y (NOR2x1_ASAP7_75t_R)                      20.13     277.17 f
  add_49/U13/Y (AND2x2_ASAP7_75t_R)                      24.31     301.48 f
  add_49/U36/Y (NAND2xp5_ASAP7_75t_R)                    16.80     318.28 r
  add_49/U22/Y (INVx1_ASAP7_75t_R)                       11.07     329.35 f
  add_49/U38/Y (NAND2xp5_ASAP7_75t_R)                    19.25     348.60 r
  add_49/U21/Y (NOR2x1_ASAP7_75t_R)                      49.76     398.36 f
  add_49/SUM\[23\] (fp32_mul_DW01_add_J1_0)               0.00     398.36 f
  U2733/Y (OAI21xp5_ASAP7_75t_R)                         38.57     436.92 r
  U2171/Y (INVx2_ASAP7_75t_R)                            12.04     448.96 f
  U2736/Y (NOR2x1_ASAP7_75t_R)                           11.19     460.15 r
  U2737/Y (AND3x1_ASAP7_75t_R)                           23.43     483.58 r
  U2738/Y (NAND5xp2_ASAP7_75t_R)                         23.15     506.73 f
  U2146/Y (AND2x2_ASAP7_75t_R)                           32.17     538.90 f
  U2110/Y (OAI21xp5_ASAP7_75t_R)                         40.30     579.20 r
  U2773/Y (INVx1_ASAP7_75t_R)                            14.87     594.07 f
  U2103/Y (NAND2xp5_ASAP7_75t_R)                         30.12     624.19 r
  U2162/Y (OAI21xp33_ASAP7_75t_R)                        19.76     643.95 f
  y_reg\[27\]/D (DFFASRHQNx1_ASAP7_75t_R)                 0.00     643.95 f
  data arrival time                                                643.95

  clock clk (rise edge)                                 699.00     699.00
  clock network delay (ideal)                             0.00     699.00
  clock uncertainty                                     -50.00     649.00
  y_reg\[27\]/CLK (DFFASRHQNx1_ASAP7_75t_R)               0.00     649.00 r
  library setup time                                     -4.90     644.10
  data required time                                               644.10
  --------------------------------------------------------------------------
  data required time                                               644.10
  data arrival time                                               -643.95
  --------------------------------------------------------------------------
  slack (MET)                                                        0.15


  Startpoint: prod_reg\[47\]
              (rising edge-triggered flip-flop clocked by clk)
  Endpoint: y_reg\[29\]
            (rising edge-triggered flip-flop clocked by clk)
  Path Group: clk
  Path Type: max

  Point                                                   Incr       Path
  --------------------------------------------------------------------------
  clock clk (rise edge)                                   0.00       0.00
  clock network delay (ideal)                             0.00       0.00
  prod_reg\[47\]/CLK (DFFASRHQNx1_ASAP7_75t_R)            0.00       0.00 r
  prod_reg\[47\]/QN (DFFASRHQNx1_ASAP7_75t_R)            56.57      56.57 f
  U2142/Y (INVx1_ASAP7_75t_R)                            18.71      75.28 r
  U2100/Y (INVx1_ASAP7_75t_R)                            32.87     108.14 f
  U2652/Y (NAND2xp5_ASAP7_75t_R)                         19.35     127.50 r
  U2653/Y (OAI21xp5_ASAP7_75t_R)                         27.61     155.11 f
  U2097/Y (NOR4xp25_ASAP7_75t_R)                         41.01     196.11 r
  U2683/Y (AOI31xp67_ASAP7_75t_R)                        26.68     222.79 f
  add_49/B\[0\] (fp32_mul_DW01_add_J1_0)                  0.00     222.79 f
  add_49/U29/Y (NAND3xp33_ASAP7_75t_R)                   34.25     257.04 r
  add_49/U23/Y (NOR2x1_ASAP7_75t_R)                      20.13     277.17 f
  add_49/U13/Y (AND2x2_ASAP7_75t_R)                      24.31     301.48 f
  add_49/U36/Y (NAND2xp5_ASAP7_75t_R)                    16.80     318.28 r
  add_49/U22/Y (INVx1_ASAP7_75t_R)                       11.07     329.35 f
  add_49/U38/Y (NAND2xp5_ASAP7_75t_R)                    19.25     348.60 r
  add_49/U21/Y (NOR2x1_ASAP7_75t_R)                      49.76     398.36 f
  add_49/SUM\[23\] (fp32_mul_DW01_add_J1_0)               0.00     398.36 f
  U2733/Y (OAI21xp5_ASAP7_75t_R)                         38.57     436.92 r
  U2171/Y (INVx2_ASAP7_75t_R)                            12.04     448.96 f
  U2736/Y (NOR2x1_ASAP7_75t_R)                           11.19     460.15 r
  U2737/Y (AND3x1_ASAP7_75t_R)                           23.43     483.58 r
  U2738/Y (NAND5xp2_ASAP7_75t_R)                         23.15     506.73 f
  U2146/Y (AND2x2_ASAP7_75t_R)                           32.17     538.90 f
  U2110/Y (OAI21xp5_ASAP7_75t_R)                         40.30     579.20 r
  U2773/Y (INVx1_ASAP7_75t_R)                            14.87     594.07 f
  U2103/Y (NAND2xp5_ASAP7_75t_R)                         30.12     624.19 r
  U2160/Y (OAI21xp33_ASAP7_75t_R)                        19.76     643.95 f
  y_reg\[29\]/D (DFFASRHQNx1_ASAP7_75t_R)                 0.00     643.95 f
  data arrival time                                                643.95

  clock clk (rise edge)                                 699.00     699.00
  clock network delay (ideal)                             0.00     699.00
  clock uncertainty                                     -50.00     649.00
  y_reg\[29\]/CLK (DFFASRHQNx1_ASAP7_75t_R)               0.00     649.00 r
  library setup time                                     -4.90     644.10
  data required time                                               644.10
  --------------------------------------------------------------------------
  data required time                                               644.10
  data arrival time                                               -643.95
  --------------------------------------------------------------------------
  slack (MET)                                                        0.15


  Startpoint: prod_reg\[47\]
              (rising edge-triggered flip-flop clocked by clk)
  Endpoint: y_reg\[28\]
            (rising edge-triggered flip-flop clocked by clk)
  Path Group: clk
  Path Type: max

  Point                                                   Incr       Path
  --------------------------------------------------------------------------
  clock clk (rise edge)                                   0.00       0.00
  clock network delay (ideal)                             0.00       0.00
  prod_reg\[47\]/CLK (DFFASRHQNx1_ASAP7_75t_R)            0.00       0.00 r
  prod_reg\[47\]/QN (DFFASRHQNx1_ASAP7_75t_R)            56.57      56.57 f
  U2142/Y (INVx1_ASAP7_75t_R)                            18.71      75.28 r
  U2100/Y (INVx1_ASAP7_75t_R)                            32.87     108.14 f
  U2652/Y (NAND2xp5_ASAP7_75t_R)                         19.35     127.50 r
  U2653/Y (OAI21xp5_ASAP7_75t_R)                         27.61     155.11 f
  U2097/Y (NOR4xp25_ASAP7_75t_R)                         41.01     196.11 r
  U2683/Y (AOI31xp67_ASAP7_75t_R)                        26.68     222.79 f
  add_49/B\[0\] (fp32_mul_DW01_add_J1_0)                  0.00     222.79 f
  add_49/U29/Y (NAND3xp33_ASAP7_75t_R)                   34.25     257.04 r
  add_49/U23/Y (NOR2x1_ASAP7_75t_R)                      20.13     277.17 f
  add_49/U13/Y (AND2x2_ASAP7_75t_R)                      24.31     301.48 f
  add_49/U36/Y (NAND2xp5_ASAP7_75t_R)                    16.80     318.28 r
  add_49/U22/Y (INVx1_ASAP7_75t_R)                       11.07     329.35 f
  add_49/U38/Y (NAND2xp5_ASAP7_75t_R)                    19.25     348.60 r
  add_49/U21/Y (NOR2x1_ASAP7_75t_R)                      49.76     398.36 f
  add_49/SUM\[23\] (fp32_mul_DW01_add_J1_0)               0.00     398.36 f
  U2733/Y (OAI21xp5_ASAP7_75t_R)                         38.57     436.92 r
  U2171/Y (INVx2_ASAP7_75t_R)                            12.04     448.96 f
  U2736/Y (NOR2x1_ASAP7_75t_R)                           11.19     460.15 r
  U2737/Y (AND3x1_ASAP7_75t_R)                           23.43     483.58 r
  U2738/Y (NAND5xp2_ASAP7_75t_R)                         23.15     506.73 f
  U2146/Y (AND2x2_ASAP7_75t_R)                           32.17     538.90 f
  U2110/Y (OAI21xp5_ASAP7_75t_R)                         40.30     579.20 r
  U2773/Y (INVx1_ASAP7_75t_R)                            14.87     594.07 f
  U2103/Y (NAND2xp5_ASAP7_75t_R)                         30.12     624.19 r
  U2161/Y (OAI21xp33_ASAP7_75t_R)                        19.76     643.95 f
  y_reg\[28\]/D (DFFASRHQNx1_ASAP7_75t_R)                 0.00     643.95 f
  data arrival time                                                643.95

  clock clk (rise edge)                                 699.00     699.00
  clock network delay (ideal)                             0.00     699.00
  clock uncertainty                                     -50.00     649.00
  y_reg\[28\]/CLK (DFFASRHQNx1_ASAP7_75t_R)               0.00     649.00 r
  library setup time                                     -4.90     644.10
  data required time                                               644.10
  --------------------------------------------------------------------------
  data required time                                               644.10
  data arrival time                                               -643.95
  --------------------------------------------------------------------------
  slack (MET)                                                        0.15


  Startpoint: prod_reg\[47\]
              (rising edge-triggered flip-flop clocked by clk)
  Endpoint: y_reg\[23\]
            (rising edge-triggered flip-flop clocked by clk)
  Path Group: clk
  Path Type: max

  Point                                                   Incr       Path
  --------------------------------------------------------------------------
  clock clk (rise edge)                                   0.00       0.00
  clock network delay (ideal)                             0.00       0.00
  prod_reg\[47\]/CLK (DFFASRHQNx1_ASAP7_75t_R)            0.00       0.00 r
  prod_reg\[47\]/QN (DFFASRHQNx1_ASAP7_75t_R)            56.57      56.57 f
  U2142/Y (INVx1_ASAP7_75t_R)                            18.71      75.28 r
  U2100/Y (INVx1_ASAP7_75t_R)                            32.87     108.14 f
  U2652/Y (NAND2xp5_ASAP7_75t_R)                         19.35     127.50 r
  U2653/Y (OAI21xp5_ASAP7_75t_R)                         27.61     155.11 f
  U2097/Y (NOR4xp25_ASAP7_75t_R)                         41.01     196.11 r
  U2683/Y (AOI31xp67_ASAP7_75t_R)                        26.68     222.79 f
  add_49/B\[0\] (fp32_mul_DW01_add_J1_0)                  0.00     222.79 f
  add_49/U29/Y (NAND3xp33_ASAP7_75t_R)                   34.25     257.04 r
  add_49/U23/Y (NOR2x1_ASAP7_75t_R)                      20.13     277.17 f
  add_49/U13/Y (AND2x2_ASAP7_75t_R)                      24.31     301.48 f
  add_49/U36/Y (NAND2xp5_ASAP7_75t_R)                    16.80     318.28 r
  add_49/U22/Y (INVx1_ASAP7_75t_R)                       11.07     329.35 f
  add_49/U38/Y (NAND2xp5_ASAP7_75t_R)                    19.25     348.60 r
  add_49/U21/Y (NOR2x1_ASAP7_75t_R)                      49.76     398.36 f
  add_49/SUM\[23\] (fp32_mul_DW01_add_J1_0)               0.00     398.36 f
  U2733/Y (OAI21xp5_ASAP7_75t_R)                         38.57     436.92 r
  U2171/Y (INVx2_ASAP7_75t_R)                            12.04     448.96 f
  U2736/Y (NOR2x1_ASAP7_75t_R)                           11.19     460.15 r
  U2737/Y (AND3x1_ASAP7_75t_R)                           23.43     483.58 r
  U2738/Y (NAND5xp2_ASAP7_75t_R)                         23.15     506.73 f
  U2146/Y (AND2x2_ASAP7_75t_R)                           32.17     538.90 f
  U2110/Y (OAI21xp5_ASAP7_75t_R)                         40.30     579.20 r
  U2773/Y (INVx1_ASAP7_75t_R)                            14.87     594.07 f
  U2103/Y (NAND2xp5_ASAP7_75t_R)                         30.12     624.19 r
  U2167/Y (OAI21xp33_ASAP7_75t_R)                        19.76     643.95 f
  y_reg\[23\]/D (DFFASRHQNx1_ASAP7_75t_R)                 0.00     643.95 f
  data arrival time                                                643.95

  clock clk (rise edge)                                 699.00     699.00
  clock network delay (ideal)                             0.00     699.00
  clock uncertainty                                     -50.00     649.00
  y_reg\[23\]/CLK (DFFASRHQNx1_ASAP7_75t_R)               0.00     649.00 r
  library setup time                                     -4.90     644.10
  data required time                                               644.10
  --------------------------------------------------------------------------
  data required time                                               644.10
  data arrival time                                               -643.95
  --------------------------------------------------------------------------
  slack (MET)                                                        0.15


  Startpoint: a\[27\] (input port clocked by clk)
  Endpoint: r32_reg\[11\]
            (rising edge-triggered flip-flop clocked by clk)
  Path Group: clk
  Path Type: max

  Point                                                   Incr       Path
  --------------------------------------------------------------------------
  clock clk (rise edge)                                   0.00       0.00
  clock network delay (ideal)                             0.00       0.00
  input external delay                                    0.00       0.00 f
  a\[27\] (in)                                            5.81       5.81 f
  U2892/Y (NOR4xp25_ASAP7_75t_R)                         25.70      31.50 r
  U2891/Y (NAND5xp2_ASAP7_75t_R)                         28.66      60.16 f
  U2096/Y (BUFx3_ASAP7_75t_R)                            39.14      99.30 f
  U2095/Y (INVx2_ASAP7_75t_R)                            22.09     121.39 r
  U2155/Y (NOR2xp67_ASAP7_75t_R)                         15.23     136.61 f
  U1734/Y (HB1xp67_ASAP7_75t_R)                          27.70     164.31 f
  mult_19_S3/A\[0\] (fp32_mul_DW02_mult_14)               0.00     164.31 f
  mult_19_S3/U32/Y (INVxp67_ASAP7_75t_R)                 22.92     187.23 r
  mult_19_S3/U2/Y (NOR2xp33_ASAP7_75t_R)                 28.16     215.39 f
  mult_19_S3/U16/Y (AND2x2_ASAP7_75t_R)                  31.47     246.86 f
  mult_19_S3/S3_2_4/CON (FAx1_ASAP7_75t_R)               21.98     268.84 r
  mult_19_S3/S3_2_4/SN (FAx1_ASAP7_75t_R)                17.32     286.16 f
  mult_19_S3/U69/Y (INVx1_ASAP7_75t_R)                   18.25     304.41 r
  mult_19_S3/S2_3_3/SN (FAx1_ASAP7_75t_R)                39.34     343.74 f
  mult_19_S3/U68/Y (INVx1_ASAP7_75t_R)                   18.25     361.99 r
  mult_19_S3/S2_4_2/SN (FAx1_ASAP7_75t_R)                39.34     401.33 f
  mult_19_S3/U67/Y (INVx1_ASAP7_75t_R)                   18.33     419.66 r
  mult_19_S3/S4_1/SN (FAx1_ASAP7_75t_R)                  39.36     459.02 f
  mult_19_S3/U66/Y (INVx1_ASAP7_75t_R)                   18.32     477.34 r
  mult_19_S3/U17/Y (AND2x2_ASAP7_75t_R)                  23.27     500.61 r
  mult_19_S3/U23/Y (NAND2xp5_ASAP7_75t_R)                12.80     513.41 f
  mult_19_S3/U24/Y (INVx1_ASAP7_75t_R)                   15.96     529.37 r
  mult_19_S3/U6/Y (AOI21xp5_ASAP7_75t_R)                 16.47     545.84 f
  mult_19_S3/U41/Y (OAI21xp33_ASAP7_75t_R)               30.50     576.33 r
  mult_19_S3/U31/Y (AOI21xp5_ASAP7_75t_R)                22.16     598.49 f
  mult_19_S3/U46/Y (XNOR2xp5_ASAP7_75t_R)                25.69     624.18 f
  mult_19_S3/PRODUCT\[11\] (fp32_mul_DW02_mult_14)        0.00     624.18 f
  U2201/Y (INVx1_ASAP7_75t_R)                             9.69     633.87 r
  r32_reg\[11\]/D (DFFASRHQNx1_ASAP7_75t_R)               0.00     633.87 r
  data arrival time                                                633.87

  clock clk (rise edge)                                 699.00     699.00
  clock network delay (ideal)                             0.00     699.00
  clock uncertainty                                     -50.00     649.00
  r32_reg\[11\]/CLK (DFFASRHQNx1_ASAP7_75t_R)             0.00     649.00 r
  library setup time                                    -13.53     635.47
  data required time                                               635.47
  --------------------------------------------------------------------------
  data required time                                               635.47
  data arrival time                                               -633.87
  --------------------------------------------------------------------------
  slack (MET)                                                        1.60


  Startpoint: a\[27\] (input port clocked by clk)
  Endpoint: r33_reg\[11\]
            (rising edge-triggered flip-flop clocked by clk)
  Path Group: clk
  Path Type: max

  Point                                                   Incr       Path
  --------------------------------------------------------------------------
  clock clk (rise edge)                                   0.00       0.00
  clock network delay (ideal)                             0.00       0.00
  input external delay                                    0.00       0.00 f
  a\[27\] (in)                                            5.81       5.81 f
  U2892/Y (NOR4xp25_ASAP7_75t_R)                         25.70      31.50 r
  U2891/Y (NAND5xp2_ASAP7_75t_R)                         28.66      60.16 f
  U2096/Y (BUFx3_ASAP7_75t_R)                            39.14      99.30 f
  U2095/Y (INVx2_ASAP7_75t_R)                            22.09     121.39 r
  U2155/Y (NOR2xp67_ASAP7_75t_R)                         15.23     136.61 f
  U1734/Y (HB1xp67_ASAP7_75t_R)                          27.70     164.31 f
  mult_19_S4/A\[0\] (fp32_mul_DW02_mult_15)               0.00     164.31 f
  mult_19_S4/U29/Y (INVxp67_ASAP7_75t_R)                 22.92     187.23 r
  mult_19_S4/U127/Y (NOR2xp33_ASAP7_75t_R)               28.16     215.39 f
  mult_19_S4/U16/Y (AND2x2_ASAP7_75t_R)                  31.41     246.80 f
  mult_19_S4/S3_2_4/CON (FAx1_ASAP7_75t_R)               21.99     268.79 r
  mult_19_S4/S3_2_4/SN (FAx1_ASAP7_75t_R)                17.31     286.10 f
  mult_19_S4/U66/Y (INVx1_ASAP7_75t_R)                   18.26     304.36 r
  mult_19_S4/S2_3_3/SN (FAx1_ASAP7_75t_R)                39.34     343.70 f
  mult_19_S4/U65/Y (INVx1_ASAP7_75t_R)                   18.25     361.95 r
  mult_19_S4/S2_4_2/SN (FAx1_ASAP7_75t_R)                39.34     401.28 f
  mult_19_S4/U64/Y (INVx1_ASAP7_75t_R)                   18.33     419.61 r
  mult_19_S4/S4_1/SN (FAx1_ASAP7_75t_R)                  39.36     458.98 f
  mult_19_S4/U63/Y (INVx1_ASAP7_75t_R)                   18.39     477.37 r
  mult_19_S4/U7/Y (AND2x2_ASAP7_75t_R)                   23.29     500.65 r
  mult_19_S4/U3/Y (NAND2xp5_ASAP7_75t_R)                 12.80     513.45 f
  mult_19_S4/U43/Y (INVx1_ASAP7_75t_R)                   15.31     528.77 r
  mult_19_S4/U38/Y (AOI21xp33_ASAP7_75t_R)               24.88     553.65 f
  mult_19_S4/U30/Y (OAI21x1_ASAP7_75t_R)                 21.64     575.29 r
  mult_19_S4/U4/Y (AOI21xp5_ASAP7_75t_R)                 18.10     593.39 f
  mult_19_S4/U42/Y (XNOR2xp5_ASAP7_75t_R)                24.63     618.02 f
  mult_19_S4/PRODUCT\[11\] (fp32_mul_DW02_mult_15)        0.00     618.02 f
  U2178/Y (INVx1_ASAP7_75t_R)                             9.67     627.69 r
  r33_reg\[11\]/D (DFFASRHQNx1_ASAP7_75t_R)               0.00     627.69 r
  data arrival time                                                627.69

  clock clk (rise edge)                                 699.00     699.00
  clock network delay (ideal)                             0.00     699.00
  clock uncertainty                                     -50.00     649.00
  r33_reg\[11\]/CLK (DFFASRHQNx1_ASAP7_75t_R)             0.00     649.00 r
  library setup time                                    -13.52     635.48
  data required time                                               635.48
  --------------------------------------------------------------------------
  data required time                                               635.48
  data arrival time                                               -627.69
  --------------------------------------------------------------------------
  slack (MET)                                                        7.79


  Startpoint: a\[27\] (input port clocked by clk)
  Endpoint: r30_reg\[11\]
            (rising edge-triggered flip-flop clocked by clk)
  Path Group: clk
  Path Type: max

  Point                                                   Incr       Path
  --------------------------------------------------------------------------
  clock clk (rise edge)                                   0.00       0.00
  clock network delay (ideal)                             0.00       0.00
  input external delay                                    0.00       0.00 f
  a\[27\] (in)                                            5.81       5.81 f
  U2892/Y (NOR4xp25_ASAP7_75t_R)                         25.70      31.50 r
  U2891/Y (NAND5xp2_ASAP7_75t_R)                         28.66      60.16 f
  U2096/Y (BUFx3_ASAP7_75t_R)                            39.14      99.30 f
  U2095/Y (INVx2_ASAP7_75t_R)                            22.09     121.39 r
  U2155/Y (NOR2xp67_ASAP7_75t_R)                         15.23     136.61 f
  U1734/Y (HB1xp67_ASAP7_75t_R)                          27.70     164.31 f
  mult_19/A\[0\] (fp32_mul_DW02_mult_12)                  0.00     164.31 f
  mult_19/U26/Y (INVxp67_ASAP7_75t_R)                    22.92     187.23 r
  mult_19/U127/Y (NOR2xp33_ASAP7_75t_R)                  28.16     215.39 f
  mult_19/U13/Y (AND2x2_ASAP7_75t_R)                     31.37     246.76 f
  mult_19/S3_2_4/CON (FAx1_ASAP7_75t_R)                  21.98     268.73 r
  mult_19/S3_2_4/SN (FAx1_ASAP7_75t_R)                   17.28     286.01 f
  mult_19/U66/Y (INVx1_ASAP7_75t_R)                      18.25     304.26 r
  mult_19/S2_3_3/SN (FAx1_ASAP7_75t_R)                   39.34     343.59 f
  mult_19/U65/Y (INVx1_ASAP7_75t_R)                      18.26     361.85 r
  mult_19/S2_4_2/SN (FAx1_ASAP7_75t_R)                   39.34     401.19 f
  mult_19/U64/Y (INVx1_ASAP7_75t_R)                      18.33     419.52 r
  mult_19/S4_1/SN (FAx1_ASAP7_75t_R)                     39.36     458.88 f
  mult_19/U63/Y (INVx1_ASAP7_75t_R)                      18.32     477.20 r
  mult_19/U4/Y (AND2x2_ASAP7_75t_R)                      22.87     500.07 r
  mult_19/U29/Y (NAND2xp33_ASAP7_75t_R)                  15.93     516.00 f
  mult_19/U43/Y (INVx1_ASAP7_75t_R)                      17.51     533.51 r
  mult_19/U3/Y (AOI21xp5_ASAP7_75t_R)                    19.92     553.44 f
  mult_19/U27/Y (OAI21x1_ASAP7_75t_R)                    19.28     572.72 r
  mult_19/U28/Y (AOI21xp5_ASAP7_75t_R)                   18.10     590.82 f
  mult_19/U42/Y (XNOR2xp5_ASAP7_75t_R)                   24.63     615.45 f
  mult_19/PRODUCT\[11\] (fp32_mul_DW02_mult_12)           0.00     615.45 f
  U2375/Y (INVx1_ASAP7_75t_R)                             9.67     625.12 r
  r30_reg\[11\]/D (DFFASRHQNx1_ASAP7_75t_R)               0.00     625.12 r
  data arrival time                                                625.12

  clock clk (rise edge)                                 699.00     699.00
  clock network delay (ideal)                             0.00     699.00
  clock uncertainty                                     -50.00     649.00
  r30_reg\[11\]/CLK (DFFASRHQNx1_ASAP7_75t_R)             0.00     649.00 r
  library setup time                                    -13.52     635.48
  data required time                                               635.48
  --------------------------------------------------------------------------
  data required time                                               635.48
  data arrival time                                               -625.12
  --------------------------------------------------------------------------
  slack (MET)                                                       10.36


  Startpoint: prod_reg\[47\]
              (rising edge-triggered flip-flop clocked by clk)
  Endpoint: y_reg\[22\]
            (rising edge-triggered flip-flop clocked by clk)
  Path Group: clk
  Path Type: max

  Point                                                   Incr       Path
  --------------------------------------------------------------------------
  clock clk (rise edge)                                   0.00       0.00
  clock network delay (ideal)                             0.00       0.00
  prod_reg\[47\]/CLK (DFFASRHQNx1_ASAP7_75t_R)            0.00       0.00 r
  prod_reg\[47\]/QN (DFFASRHQNx1_ASAP7_75t_R)            56.57      56.57 f
  U2142/Y (INVx1_ASAP7_75t_R)                            18.71      75.28 r
  U2100/Y (INVx1_ASAP7_75t_R)                            32.87     108.14 f
  U2652/Y (NAND2xp5_ASAP7_75t_R)                         19.35     127.50 r
  U2653/Y (OAI21xp5_ASAP7_75t_R)                         27.61     155.11 f
  U2097/Y (NOR4xp25_ASAP7_75t_R)                         41.01     196.11 r
  U2683/Y (AOI31xp67_ASAP7_75t_R)                        26.68     222.79 f
  add_49/B\[0\] (fp32_mul_DW01_add_J1_0)                  0.00     222.79 f
  add_49/U29/Y (NAND3xp33_ASAP7_75t_R)                   34.25     257.04 r
  add_49/U23/Y (NOR2x1_ASAP7_75t_R)                      20.13     277.17 f
  add_49/U13/Y (AND2x2_ASAP7_75t_R)                      24.31     301.48 f
  add_49/U36/Y (NAND2xp5_ASAP7_75t_R)                    16.80     318.28 r
  add_49/U22/Y (INVx1_ASAP7_75t_R)                       11.07     329.35 f
  add_49/U38/Y (NAND2xp5_ASAP7_75t_R)                    19.25     348.60 r
  add_49/U21/Y (NOR2x1_ASAP7_75t_R)                      49.76     398.36 f
  add_49/SUM\[23\] (fp32_mul_DW01_add_J1_0)               0.00     398.36 f
  U2733/Y (OAI21xp5_ASAP7_75t_R)                         38.57     436.92 r
  U2171/Y (INVx2_ASAP7_75t_R)                            12.04     448.96 f
  U2736/Y (NOR2x1_ASAP7_75t_R)                           11.19     460.15 r
  U2737/Y (AND3x1_ASAP7_75t_R)                           23.43     483.58 r
  U2738/Y (NAND5xp2_ASAP7_75t_R)                         23.15     506.73 f
  U2146/Y (AND2x2_ASAP7_75t_R)                           32.17     538.90 f
  U2749/Y (NAND4xp75_ASAP7_75t_R)                        11.86     550.76 r
  U2102/Y (INVx1_ASAP7_75t_R)                             9.96     560.72 f
  U2145/Y (AND2x2_ASAP7_75t_R)                           40.94     601.65 f
  U2141/Y (AOI21xp5_ASAP7_75t_R)                         20.22     621.88 r
  y_reg\[22\]/D (DFFASRHQNx1_ASAP7_75t_R)                 0.00     621.88 r
  data arrival time                                                621.88

  clock clk (rise edge)                                 699.00     699.00
  clock network delay (ideal)                             0.00     699.00
  clock uncertainty                                     -50.00     649.00
  y_reg\[22\]/CLK (DFFASRHQNx1_ASAP7_75t_R)               0.00     649.00 r
  library setup time                                    -15.54     633.46
  data required time                                               633.46
  --------------------------------------------------------------------------
  data required time                                               633.46
  data arrival time                                               -621.88
  --------------------------------------------------------------------------
  slack (MET)                                                       11.58


  Startpoint: prod_reg\[47\]
              (rising edge-triggered flip-flop clocked by clk)
  Endpoint: y_reg\[7\] (rising edge-triggered flip-flop clocked by clk)
  Path Group: clk
  Path Type: max

  Point                                                   Incr       Path
  --------------------------------------------------------------------------
  clock clk (rise edge)                                   0.00       0.00
  clock network delay (ideal)                             0.00       0.00
  prod_reg\[47\]/CLK (DFFASRHQNx1_ASAP7_75t_R)            0.00       0.00 r
  prod_reg\[47\]/QN (DFFASRHQNx1_ASAP7_75t_R)            56.57      56.57 f
  U2142/Y (INVx1_ASAP7_75t_R)                            18.71      75.28 r
  U2100/Y (INVx1_ASAP7_75t_R)                            32.87     108.14 f
  U2652/Y (NAND2xp5_ASAP7_75t_R)                         19.35     127.50 r
  U2653/Y (OAI21xp5_ASAP7_75t_R)                         27.61     155.11 f
  U2097/Y (NOR4xp25_ASAP7_75t_R)                         41.01     196.11 r
  U2683/Y (AOI31xp67_ASAP7_75t_R)                        26.68     222.79 f
  add_49/B\[0\] (fp32_mul_DW01_add_J1_0)                  0.00     222.79 f
  add_49/U29/Y (NAND3xp33_ASAP7_75t_R)                   34.25     257.04 r
  add_49/U23/Y (NOR2x1_ASAP7_75t_R)                      20.13     277.17 f
  add_49/U13/Y (AND2x2_ASAP7_75t_R)                      24.31     301.48 f
  add_49/U36/Y (NAND2xp5_ASAP7_75t_R)                    16.80     318.28 r
  add_49/U22/Y (INVx1_ASAP7_75t_R)                       11.07     329.35 f
  add_49/U38/Y (NAND2xp5_ASAP7_75t_R)                    19.25     348.60 r
  add_49/U21/Y (NOR2x1_ASAP7_75t_R)                      49.76     398.36 f
  add_49/SUM\[23\] (fp32_mul_DW01_add_J1_0)               0.00     398.36 f
  U2733/Y (OAI21xp5_ASAP7_75t_R)                         38.57     436.92 r
  U2171/Y (INVx2_ASAP7_75t_R)                            12.04     448.96 f
  U2736/Y (NOR2x1_ASAP7_75t_R)                           11.19     460.15 r
  U2737/Y (AND3x1_ASAP7_75t_R)                           23.43     483.58 r
  U2738/Y (NAND5xp2_ASAP7_75t_R)                         23.15     506.73 f
  U2146/Y (AND2x2_ASAP7_75t_R)                           32.17     538.90 f
  U2749/Y (NAND4xp75_ASAP7_75t_R)                        11.86     550.76 r
  U2102/Y (INVx1_ASAP7_75t_R)                             9.96     560.72 f
  U2145/Y (AND2x2_ASAP7_75t_R)                           40.94     601.65 f
  U2757/Y (NAND2xp5_ASAP7_75t_R)                         18.68     620.34 r
  y_reg\[7\]/D (DFFASRHQNx1_ASAP7_75t_R)                  0.00     620.34 r
  data arrival time                                                620.34

  clock clk (rise edge)                                 699.00     699.00
  clock network delay (ideal)                             0.00     699.00
  clock uncertainty                                     -50.00     649.00
  y_reg\[7\]/CLK (DFFASRHQNx1_ASAP7_75t_R)                0.00     649.00 r
  library setup time                                    -15.17     633.83
  data required time                                               633.83
  --------------------------------------------------------------------------
  data required time                                               633.83
  data arrival time                                               -620.34
  --------------------------------------------------------------------------
  slack (MET)                                                       13.49


  Startpoint: prod_reg\[47\]
              (rising edge-triggered flip-flop clocked by clk)
  Endpoint: y_reg\[6\] (rising edge-triggered flip-flop clocked by clk)
  Path Group: clk
  Path Type: max

  Point                                                   Incr       Path
  --------------------------------------------------------------------------
  clock clk (rise edge)                                   0.00       0.00
  clock network delay (ideal)                             0.00       0.00
  prod_reg\[47\]/CLK (DFFASRHQNx1_ASAP7_75t_R)            0.00       0.00 r
  prod_reg\[47\]/QN (DFFASRHQNx1_ASAP7_75t_R)            56.57      56.57 f
  U2142/Y (INVx1_ASAP7_75t_R)                            18.71      75.28 r
  U2100/Y (INVx1_ASAP7_75t_R)                            32.87     108.14 f
  U2652/Y (NAND2xp5_ASAP7_75t_R)                         19.35     127.50 r
  U2653/Y (OAI21xp5_ASAP7_75t_R)                         27.61     155.11 f
  U2097/Y (NOR4xp25_ASAP7_75t_R)                         41.01     196.11 r
  U2683/Y (AOI31xp67_ASAP7_75t_R)                        26.68     222.79 f
  add_49/B\[0\] (fp32_mul_DW01_add_J1_0)                  0.00     222.79 f
  add_49/U29/Y (NAND3xp33_ASAP7_75t_R)                   34.25     257.04 r
  add_49/U23/Y (NOR2x1_ASAP7_75t_R)                      20.13     277.17 f
  add_49/U13/Y (AND2x2_ASAP7_75t_R)                      24.31     301.48 f
  add_49/U36/Y (NAND2xp5_ASAP7_75t_R)                    16.80     318.28 r
  add_49/U22/Y (INVx1_ASAP7_75t_R)                       11.07     329.35 f
  add_49/U38/Y (NAND2xp5_ASAP7_75t_R)                    19.25     348.60 r
  add_49/U21/Y (NOR2x1_ASAP7_75t_R)                      49.76     398.36 f
  add_49/SUM\[23\] (fp32_mul_DW01_add_J1_0)               0.00     398.36 f
  U2733/Y (OAI21xp5_ASAP7_75t_R)                         38.57     436.92 r
  U2171/Y (INVx2_ASAP7_75t_R)                            12.04     448.96 f
  U2736/Y (NOR2x1_ASAP7_75t_R)                           11.19     460.15 r
  U2737/Y (AND3x1_ASAP7_75t_R)                           23.43     483.58 r
  U2738/Y (NAND5xp2_ASAP7_75t_R)                         23.15     506.73 f
  U2146/Y (AND2x2_ASAP7_75t_R)                           32.17     538.90 f
  U2749/Y (NAND4xp75_ASAP7_75t_R)                        11.86     550.76 r
  U2102/Y (INVx1_ASAP7_75t_R)                             9.96     560.72 f
  U2145/Y (AND2x2_ASAP7_75t_R)                           40.94     601.65 f
  U2756/Y (NAND2xp5_ASAP7_75t_R)                         18.68     620.34 r
  y_reg\[6\]/D (DFFASRHQNx1_ASAP7_75t_R)                  0.00     620.34 r
  data arrival time                                                620.34

  clock clk (rise edge)                                 699.00     699.00
  clock network delay (ideal)                             0.00     699.00
  clock uncertainty                                     -50.00     649.00
  y_reg\[6\]/CLK (DFFASRHQNx1_ASAP7_75t_R)                0.00     649.00 r
  library setup time                                    -15.17     633.83
  data required time                                               633.83
  --------------------------------------------------------------------------
  data required time                                               633.83
  data arrival time                                               -620.34
  --------------------------------------------------------------------------
  slack (MET)                                                       13.49


  Startpoint: prod_reg\[47\]
              (rising edge-triggered flip-flop clocked by clk)
  Endpoint: y_reg\[5\] (rising edge-triggered flip-flop clocked by clk)
  Path Group: clk
  Path Type: max

  Point                                                   Incr       Path
  --------------------------------------------------------------------------
  clock clk (rise edge)                                   0.00       0.00
  clock network delay (ideal)                             0.00       0.00
  prod_reg\[47\]/CLK (DFFASRHQNx1_ASAP7_75t_R)            0.00       0.00 r
  prod_reg\[47\]/QN (DFFASRHQNx1_ASAP7_75t_R)            56.57      56.57 f
  U2142/Y (INVx1_ASAP7_75t_R)                            18.71      75.28 r
  U2100/Y (INVx1_ASAP7_75t_R)                            32.87     108.14 f
  U2652/Y (NAND2xp5_ASAP7_75t_R)                         19.35     127.50 r
  U2653/Y (OAI21xp5_ASAP7_75t_R)                         27.61     155.11 f
  U2097/Y (NOR4xp25_ASAP7_75t_R)                         41.01     196.11 r
  U2683/Y (AOI31xp67_ASAP7_75t_R)                        26.68     222.79 f
  add_49/B\[0\] (fp32_mul_DW01_add_J1_0)                  0.00     222.79 f
  add_49/U29/Y (NAND3xp33_ASAP7_75t_R)                   34.25     257.04 r
  add_49/U23/Y (NOR2x1_ASAP7_75t_R)                      20.13     277.17 f
  add_49/U13/Y (AND2x2_ASAP7_75t_R)                      24.31     301.48 f
  add_49/U36/Y (NAND2xp5_ASAP7_75t_R)                    16.80     318.28 r
  add_49/U22/Y (INVx1_ASAP7_75t_R)                       11.07     329.35 f
  add_49/U38/Y (NAND2xp5_ASAP7_75t_R)                    19.25     348.60 r
  add_49/U21/Y (NOR2x1_ASAP7_75t_R)                      49.76     398.36 f
  add_49/SUM\[23\] (fp32_mul_DW01_add_J1_0)               0.00     398.36 f
  U2733/Y (OAI21xp5_ASAP7_75t_R)                         38.57     436.92 r
  U2171/Y (INVx2_ASAP7_75t_R)                            12.04     448.96 f
  U2736/Y (NOR2x1_ASAP7_75t_R)                           11.19     460.15 r
  U2737/Y (AND3x1_ASAP7_75t_R)                           23.43     483.58 r
  U2738/Y (NAND5xp2_ASAP7_75t_R)                         23.15     506.73 f
  U2146/Y (AND2x2_ASAP7_75t_R)                           32.17     538.90 f
  U2749/Y (NAND4xp75_ASAP7_75t_R)                        11.86     550.76 r
  U2102/Y (INVx1_ASAP7_75t_R)                             9.96     560.72 f
  U2145/Y (AND2x2_ASAP7_75t_R)                           40.94     601.65 f
  U2755/Y (NAND2xp5_ASAP7_75t_R)                         18.68     620.34 r
  y_reg\[5\]/D (DFFASRHQNx1_ASAP7_75t_R)                  0.00     620.34 r
  data arrival time                                                620.34

  clock clk (rise edge)                                 699.00     699.00
  clock network delay (ideal)                             0.00     699.00
  clock uncertainty                                     -50.00     649.00
  y_reg\[5\]/CLK (DFFASRHQNx1_ASAP7_75t_R)                0.00     649.00 r
  library setup time                                    -15.17     633.83
  data required time                                               633.83
  --------------------------------------------------------------------------
  data required time                                               633.83
  data arrival time                                               -620.34
  --------------------------------------------------------------------------
  slack (MET)                                                       13.49


  Startpoint: prod_reg\[47\]
              (rising edge-triggered flip-flop clocked by clk)
  Endpoint: y_reg\[3\] (rising edge-triggered flip-flop clocked by clk)
  Path Group: clk
  Path Type: max

  Point                                                   Incr       Path
  --------------------------------------------------------------------------
  clock clk (rise edge)                                   0.00       0.00
  clock network delay (ideal)                             0.00       0.00
  prod_reg\[47\]/CLK (DFFASRHQNx1_ASAP7_75t_R)            0.00       0.00 r
  prod_reg\[47\]/QN (DFFASRHQNx1_ASAP7_75t_R)            56.57      56.57 f
  U2142/Y (INVx1_ASAP7_75t_R)                            18.71      75.28 r
  U2100/Y (INVx1_ASAP7_75t_R)                            32.87     108.14 f
  U2652/Y (NAND2xp5_ASAP7_75t_R)                         19.35     127.50 r
  U2653/Y (OAI21xp5_ASAP7_75t_R)                         27.61     155.11 f
  U2097/Y (NOR4xp25_ASAP7_75t_R)                         41.01     196.11 r
  U2683/Y (AOI31xp67_ASAP7_75t_R)                        26.68     222.79 f
  add_49/B\[0\] (fp32_mul_DW01_add_J1_0)                  0.00     222.79 f
  add_49/U29/Y (NAND3xp33_ASAP7_75t_R)                   34.25     257.04 r
  add_49/U23/Y (NOR2x1_ASAP7_75t_R)                      20.13     277.17 f
  add_49/U13/Y (AND2x2_ASAP7_75t_R)                      24.31     301.48 f
  add_49/U36/Y (NAND2xp5_ASAP7_75t_R)                    16.80     318.28 r
  add_49/U22/Y (INVx1_ASAP7_75t_R)                       11.07     329.35 f
  add_49/U38/Y (NAND2xp5_ASAP7_75t_R)                    19.25     348.60 r
  add_49/U21/Y (NOR2x1_ASAP7_75t_R)                      49.76     398.36 f
  add_49/SUM\[23\] (fp32_mul_DW01_add_J1_0)               0.00     398.36 f
  U2733/Y (OAI21xp5_ASAP7_75t_R)                         38.57     436.92 r
  U2171/Y (INVx2_ASAP7_75t_R)                            12.04     448.96 f
  U2736/Y (NOR2x1_ASAP7_75t_R)                           11.19     460.15 r
  U2737/Y (AND3x1_ASAP7_75t_R)                           23.43     483.58 r
  U2738/Y (NAND5xp2_ASAP7_75t_R)                         23.15     506.73 f
  U2146/Y (AND2x2_ASAP7_75t_R)                           32.17     538.90 f
  U2749/Y (NAND4xp75_ASAP7_75t_R)                        11.86     550.76 r
  U2102/Y (INVx1_ASAP7_75t_R)                             9.96     560.72 f
  U2145/Y (AND2x2_ASAP7_75t_R)                           40.94     601.65 f
  U2753/Y (NAND2xp5_ASAP7_75t_R)                         18.68     620.34 r
  y_reg\[3\]/D (DFFASRHQNx1_ASAP7_75t_R)                  0.00     620.34 r
  data arrival time                                                620.34

  clock clk (rise edge)                                 699.00     699.00
  clock network delay (ideal)                             0.00     699.00
  clock uncertainty                                     -50.00     649.00
  y_reg\[3\]/CLK (DFFASRHQNx1_ASAP7_75t_R)                0.00     649.00 r
  library setup time                                    -15.17     633.83
  data required time                                               633.83
  --------------------------------------------------------------------------
  data required time                                               633.83
  data arrival time                                               -620.34
  --------------------------------------------------------------------------
  slack (MET)                                                       13.49


  Startpoint: prod_reg\[47\]
              (rising edge-triggered flip-flop clocked by clk)
  Endpoint: y_reg\[2\] (rising edge-triggered flip-flop clocked by clk)
  Path Group: clk
  Path Type: max

  Point                                                   Incr       Path
  --------------------------------------------------------------------------
  clock clk (rise edge)                                   0.00       0.00
  clock network delay (ideal)                             0.00       0.00
  prod_reg\[47\]/CLK (DFFASRHQNx1_ASAP7_75t_R)            0.00       0.00 r
  prod_reg\[47\]/QN (DFFASRHQNx1_ASAP7_75t_R)            56.57      56.57 f
  U2142/Y (INVx1_ASAP7_75t_R)                            18.71      75.28 r
  U2100/Y (INVx1_ASAP7_75t_R)                            32.87     108.14 f
  U2652/Y (NAND2xp5_ASAP7_75t_R)                         19.35     127.50 r
  U2653/Y (OAI21xp5_ASAP7_75t_R)                         27.61     155.11 f
  U2097/Y (NOR4xp25_ASAP7_75t_R)                         41.01     196.11 r
  U2683/Y (AOI31xp67_ASAP7_75t_R)                        26.68     222.79 f
  add_49/B\[0\] (fp32_mul_DW01_add_J1_0)                  0.00     222.79 f
  add_49/U29/Y (NAND3xp33_ASAP7_75t_R)                   34.25     257.04 r
  add_49/U23/Y (NOR2x1_ASAP7_75t_R)                      20.13     277.17 f
  add_49/U13/Y (AND2x2_ASAP7_75t_R)                      24.31     301.48 f
  add_49/U36/Y (NAND2xp5_ASAP7_75t_R)                    16.80     318.28 r
  add_49/U22/Y (INVx1_ASAP7_75t_R)                       11.07     329.35 f
  add_49/U38/Y (NAND2xp5_ASAP7_75t_R)                    19.25     348.60 r
  add_49/U21/Y (NOR2x1_ASAP7_75t_R)                      49.76     398.36 f
  add_49/SUM\[23\] (fp32_mul_DW01_add_J1_0)               0.00     398.36 f
  U2733/Y (OAI21xp5_ASAP7_75t_R)                         38.57     436.92 r
  U2171/Y (INVx2_ASAP7_75t_R)                            12.04     448.96 f
  U2736/Y (NOR2x1_ASAP7_75t_R)                           11.19     460.15 r
  U2737/Y (AND3x1_ASAP7_75t_R)                           23.43     483.58 r
  U2738/Y (NAND5xp2_ASAP7_75t_R)                         23.15     506.73 f
  U2146/Y (AND2x2_ASAP7_75t_R)                           32.17     538.90 f
  U2749/Y (NAND4xp75_ASAP7_75t_R)                        11.86     550.76 r
  U2102/Y (INVx1_ASAP7_75t_R)                             9.96     560.72 f
  U2145/Y (AND2x2_ASAP7_75t_R)                           40.94     601.65 f
  U2752/Y (NAND2xp5_ASAP7_75t_R)                         18.68     620.34 r
  y_reg\[2\]/D (DFFASRHQNx1_ASAP7_75t_R)                  0.00     620.34 r
  data arrival time                                                620.34

  clock clk (rise edge)                                 699.00     699.00
  clock network delay (ideal)                             0.00     699.00
  clock uncertainty                                     -50.00     649.00
  y_reg\[2\]/CLK (DFFASRHQNx1_ASAP7_75t_R)                0.00     649.00 r
  library setup time                                    -15.17     633.83
  data required time                                               633.83
  --------------------------------------------------------------------------
  data required time                                               633.83
  data arrival time                                               -620.34
  --------------------------------------------------------------------------
  slack (MET)                                                       13.49


  Startpoint: prod_reg\[47\]
              (rising edge-triggered flip-flop clocked by clk)
  Endpoint: y_reg\[1\] (rising edge-triggered flip-flop clocked by clk)
  Path Group: clk
  Path Type: max

  Point                                                   Incr       Path
  --------------------------------------------------------------------------
  clock clk (rise edge)                                   0.00       0.00
  clock network delay (ideal)                             0.00       0.00
  prod_reg\[47\]/CLK (DFFASRHQNx1_ASAP7_75t_R)            0.00       0.00 r
  prod_reg\[47\]/QN (DFFASRHQNx1_ASAP7_75t_R)            56.57      56.57 f
  U2142/Y (INVx1_ASAP7_75t_R)                            18.71      75.28 r
  U2100/Y (INVx1_ASAP7_75t_R)                            32.87     108.14 f
  U2652/Y (NAND2xp5_ASAP7_75t_R)                         19.35     127.50 r
  U2653/Y (OAI21xp5_ASAP7_75t_R)                         27.61     155.11 f
  U2097/Y (NOR4xp25_ASAP7_75t_R)                         41.01     196.11 r
  U2683/Y (AOI31xp67_ASAP7_75t_R)                        26.68     222.79 f
  add_49/B\[0\] (fp32_mul_DW01_add_J1_0)                  0.00     222.79 f
  add_49/U29/Y (NAND3xp33_ASAP7_75t_R)                   34.25     257.04 r
  add_49/U23/Y (NOR2x1_ASAP7_75t_R)                      20.13     277.17 f
  add_49/U13/Y (AND2x2_ASAP7_75t_R)                      24.31     301.48 f
  add_49/U36/Y (NAND2xp5_ASAP7_75t_R)                    16.80     318.28 r
  add_49/U22/Y (INVx1_ASAP7_75t_R)                       11.07     329.35 f
  add_49/U38/Y (NAND2xp5_ASAP7_75t_R)                    19.25     348.60 r
  add_49/U21/Y (NOR2x1_ASAP7_75t_R)                      49.76     398.36 f
  add_49/SUM\[23\] (fp32_mul_DW01_add_J1_0)               0.00     398.36 f
  U2733/Y (OAI21xp5_ASAP7_75t_R)                         38.57     436.92 r
  U2171/Y (INVx2_ASAP7_75t_R)                            12.04     448.96 f
  U2736/Y (NOR2x1_ASAP7_75t_R)                           11.19     460.15 r
  U2737/Y (AND3x1_ASAP7_75t_R)                           23.43     483.58 r
  U2738/Y (NAND5xp2_ASAP7_75t_R)                         23.15     506.73 f
  U2146/Y (AND2x2_ASAP7_75t_R)                           32.17     538.90 f
  U2749/Y (NAND4xp75_ASAP7_75t_R)                        11.86     550.76 r
  U2102/Y (INVx1_ASAP7_75t_R)                             9.96     560.72 f
  U2145/Y (AND2x2_ASAP7_75t_R)                           40.94     601.65 f
  U2751/Y (NAND2xp5_ASAP7_75t_R)                         18.68     620.34 r
  y_reg\[1\]/D (DFFASRHQNx1_ASAP7_75t_R)                  0.00     620.34 r
  data arrival time                                                620.34

  clock clk (rise edge)                                 699.00     699.00
  clock network delay (ideal)                             0.00     699.00
  clock uncertainty                                     -50.00     649.00
  y_reg\[1\]/CLK (DFFASRHQNx1_ASAP7_75t_R)                0.00     649.00 r
  library setup time                                    -15.17     633.83
  data required time                                               633.83
  --------------------------------------------------------------------------
  data required time                                               633.83
  data arrival time                                               -620.34
  --------------------------------------------------------------------------
  slack (MET)                                                       13.49


  Startpoint: prod_reg\[47\]
              (rising edge-triggered flip-flop clocked by clk)
  Endpoint: y_reg\[0\] (rising edge-triggered flip-flop clocked by clk)
  Path Group: clk
  Path Type: max

  Point                                                   Incr       Path
  --------------------------------------------------------------------------
  clock clk (rise edge)                                   0.00       0.00
  clock network delay (ideal)                             0.00       0.00
  prod_reg\[47\]/CLK (DFFASRHQNx1_ASAP7_75t_R)            0.00       0.00 r
  prod_reg\[47\]/QN (DFFASRHQNx1_ASAP7_75t_R)            56.57      56.57 f
  U2142/Y (INVx1_ASAP7_75t_R)                            18.71      75.28 r
  U2100/Y (INVx1_ASAP7_75t_R)                            32.87     108.14 f
  U2652/Y (NAND2xp5_ASAP7_75t_R)                         19.35     127.50 r
  U2653/Y (OAI21xp5_ASAP7_75t_R)                         27.61     155.11 f
  U2097/Y (NOR4xp25_ASAP7_75t_R)                         41.01     196.11 r
  U2683/Y (AOI31xp67_ASAP7_75t_R)                        26.68     222.79 f
  add_49/B\[0\] (fp32_mul_DW01_add_J1_0)                  0.00     222.79 f
  add_49/U29/Y (NAND3xp33_ASAP7_75t_R)                   34.25     257.04 r
  add_49/U23/Y (NOR2x1_ASAP7_75t_R)                      20.13     277.17 f
  add_49/U13/Y (AND2x2_ASAP7_75t_R)                      24.31     301.48 f
  add_49/U36/Y (NAND2xp5_ASAP7_75t_R)                    16.80     318.28 r
  add_49/U22/Y (INVx1_ASAP7_75t_R)                       11.07     329.35 f
  add_49/U38/Y (NAND2xp5_ASAP7_75t_R)                    19.25     348.60 r
  add_49/U21/Y (NOR2x1_ASAP7_75t_R)                      49.76     398.36 f
  add_49/SUM\[23\] (fp32_mul_DW01_add_J1_0)               0.00     398.36 f
  U2733/Y (OAI21xp5_ASAP7_75t_R)                         38.57     436.92 r
  U2171/Y (INVx2_ASAP7_75t_R)                            12.04     448.96 f
  U2736/Y (NOR2x1_ASAP7_75t_R)                           11.19     460.15 r
  U2737/Y (AND3x1_ASAP7_75t_R)                           23.43     483.58 r
  U2738/Y (NAND5xp2_ASAP7_75t_R)                         23.15     506.73 f
  U2146/Y (AND2x2_ASAP7_75t_R)                           32.17     538.90 f
  U2749/Y (NAND4xp75_ASAP7_75t_R)                        11.86     550.76 r
  U2102/Y (INVx1_ASAP7_75t_R)                             9.96     560.72 f
  U2145/Y (AND2x2_ASAP7_75t_R)                           40.94     601.65 f
  U2750/Y (NAND2xp5_ASAP7_75t_R)                         18.68     620.34 r
  y_reg\[0\]/D (DFFASRHQNx1_ASAP7_75t_R)                  0.00     620.34 r
  data arrival time                                                620.34

  clock clk (rise edge)                                 699.00     699.00
  clock network delay (ideal)                             0.00     699.00
  clock uncertainty                                     -50.00     649.00
  y_reg\[0\]/CLK (DFFASRHQNx1_ASAP7_75t_R)                0.00     649.00 r
  library setup time                                    -15.17     633.83
  data required time                                               633.83
  --------------------------------------------------------------------------
  data required time                                               633.83
  data arrival time                                               -620.34
  --------------------------------------------------------------------------
  slack (MET)                                                       13.49


  Startpoint: prod_reg\[47\]
              (rising edge-triggered flip-flop clocked by clk)
  Endpoint: y_reg\[4\] (rising edge-triggered flip-flop clocked by clk)
  Path Group: clk
  Path Type: max

  Point                                                   Incr       Path
  --------------------------------------------------------------------------
  clock clk (rise edge)                                   0.00       0.00
  clock network delay (ideal)                             0.00       0.00
  prod_reg\[47\]/CLK (DFFASRHQNx1_ASAP7_75t_R)            0.00       0.00 r
  prod_reg\[47\]/QN (DFFASRHQNx1_ASAP7_75t_R)            56.57      56.57 f
  U2142/Y (INVx1_ASAP7_75t_R)                            18.71      75.28 r
  U2100/Y (INVx1_ASAP7_75t_R)                            32.87     108.14 f
  U2652/Y (NAND2xp5_ASAP7_75t_R)                         19.35     127.50 r
  U2653/Y (OAI21xp5_ASAP7_75t_R)                         27.61     155.11 f
  U2097/Y (NOR4xp25_ASAP7_75t_R)                         41.01     196.11 r
  U2683/Y (AOI31xp67_ASAP7_75t_R)                        26.68     222.79 f
  add_49/B\[0\] (fp32_mul_DW01_add_J1_0)                  0.00     222.79 f
  add_49/U29/Y (NAND3xp33_ASAP7_75t_R)                   34.25     257.04 r
  add_49/U23/Y (NOR2x1_ASAP7_75t_R)                      20.13     277.17 f
  add_49/U13/Y (AND2x2_ASAP7_75t_R)                      24.31     301.48 f
  add_49/U36/Y (NAND2xp5_ASAP7_75t_R)                    16.80     318.28 r
  add_49/U22/Y (INVx1_ASAP7_75t_R)                       11.07     329.35 f
  add_49/U38/Y (NAND2xp5_ASAP7_75t_R)                    19.25     348.60 r
  add_49/U21/Y (NOR2x1_ASAP7_75t_R)                      49.76     398.36 f
  add_49/SUM\[23\] (fp32_mul_DW01_add_J1_0)               0.00     398.36 f
  U2733/Y (OAI21xp5_ASAP7_75t_R)                         38.57     436.92 r
  U2171/Y (INVx2_ASAP7_75t_R)                            12.04     448.96 f
  U2736/Y (NOR2x1_ASAP7_75t_R)                           11.19     460.15 r
  U2737/Y (AND3x1_ASAP7_75t_R)                           23.43     483.58 r
  U2738/Y (NAND5xp2_ASAP7_75t_R)                         23.15     506.73 f
  U2146/Y (AND2x2_ASAP7_75t_R)                           32.17     538.90 f
  U2749/Y (NAND4xp75_ASAP7_75t_R)                        11.86     550.76 r
  U2102/Y (INVx1_ASAP7_75t_R)                             9.96     560.72 f
  U2145/Y (AND2x2_ASAP7_75t_R)                           40.94     601.65 f
  U2754/Y (NAND2xp5_ASAP7_75t_R)                         18.68     620.34 r
  y_reg\[4\]/D (DFFASRHQNx1_ASAP7_75t_R)                  0.00     620.34 r
  data arrival time                                                620.34

  clock clk (rise edge)                                 699.00     699.00
  clock network delay (ideal)                             0.00     699.00
  clock uncertainty                                     -50.00     649.00
  y_reg\[4\]/CLK (DFFASRHQNx1_ASAP7_75t_R)                0.00     649.00 r
  library setup time                                    -15.17     633.83
  data required time                                               633.83
  --------------------------------------------------------------------------
  data required time                                               633.83
  data arrival time                                               -620.34
  --------------------------------------------------------------------------
  slack (MET)                                                       13.49


1
