============================================================
  Generated by:           Genus(TM) Synthesis Solution 25.10-p002_1
  Generated on:           Aug 31 2026  04:51:00 pm
  Module:                 gemv_unit
  Operating conditions:   PVT_0P7V_25C (balanced_tree)
  Wireload mode:          enclosed
  Area mode:              timing library
============================================================


Path 1: MET (66 ps) Setup Check with Pin g_add[8].u_add/y_reg[13]/CLK->D
          Group: clk
     Startpoint: (R) mode_q_reg/CLK
          Clock: (R) clk
       Endpoint: (F) g_add[8].u_add/y_reg[13]/D
          Clock: (R) clk

                     Capture       Launch     
        Clock Edge:+    1502            0     
       Src Latency:+       0            0     
       Net Latency:+       0 (I)        0 (I) 
           Arrival:=    1502            0     
                                              
             Setup:-      11                  
       Uncertainty:-      45                  
     Required Time:=    1445                  
      Launch Clock:-       0                  
         Data Path:-    1380                  
             Slack:=      66                  

#--------------------------------------------------------------------------------------------------------------------------------------------
#                   Timing Point                    Flags    Arc    Edge           Cell             Fanout Load Trans Delay Arrival Instance 
#                                                                                                          (fF)  (ps)  (ps)   (ps)  Location 
#--------------------------------------------------------------------------------------------------------------------------------------------
  mode_q_reg/CLK                                    -       -       R     (arrival)                  10074    -     0     0       0    (-,-) 
  mode_q_reg/QN                                     -       CLK->QN R     ASYNC_DFFHx1_ASAP7_75t_SL     24 22.8   157   104     104    (-,-) 
  g50990/Y                                          -       B->Y    F     NOR2xp33_ASAP7_75t_SL         24 13.7   238   140     244    (-,-) 
  g50851/Y                                          -       A->Y    F     BUFx3_ASAP7_75t_SL            31 24.4    53    61     305    (-,-) 
  g50812/Y                                          -       A->Y    F     BUFx2_ASAP7_75t_L             32 19.2    60    52     357    (-,-) 
  g49855/Y                                          -       B1->Y   F     AO332x1_ASAP7_75t_SL           3 13.1    75    65     422    (-,-) 
  g_add[8].u_add/g7983__9315/Y                      (P)     B1->Y   R     AOI22xp5_ASAP7_75t_SL          2  1.0    38    25     448    (-,-) 
  g_add[8].u_add/g7963__4319/Y                      (P)     C->Y    F     OAI221xp5_ASAP7_75t_SL         1  0.4    60    11     458    (-,-) 
  g_add[8].u_add/g7957__6417/Y                      (P)     A->Y    R     NOR2xp33_ASAP7_75t_SL          1  0.6    27    13     472    (-,-) 
  g_add[8].u_add/g7953__2883/Y                      (P)     A2->Y   F     AOI21xp5_ASAP7_75t_SL          1  1.1    19    10     481    (-,-) 
  g_add[8].u_add/g7952__9945/Y                      (P)     B->Y    F     AND2x4_ASAP7_75t_SL           13 10.1    18    21     503    (-,-) 
  g_add[8].u_add/g7951/Y                            (P)     A->Y    R     INVx5_ASAP7_75t_SL             9  5.4    13     8     511    (-,-) 
  g_add[8].u_add/g7931__1617/Y                      (P)     B2->Y   F     AOI22xp5_ASAP7_75t_SL          6  3.5    54    20     531    (-,-) 
  g_add[8].u_add/g7907__6161/Y                      (P)     B->Y    R     NAND2xp5_ASAP7_75t_SL          3  1.8    32    22     553    (-,-) 
  g_add[8].u_add/g7890__5526/Y                      (P)     B->Y    F     OAI21xp5_ASAP7_75t_SL          2  1.6    34    13     566    (-,-) 
  g_add[8].u_add/g2__1666/Y                         (P)     A->Y    R     XOR2x2_ASAP7_75t_SL            8  5.4    23    34     600    (-,-) 
  g_add[8].u_add/g7814/Y                            (P)     A->Y    F     INVx2_ASAP7_75t_SL            10  5.5    20    12     612    (-,-) 
  g_add[8].u_add/g7807__1617/Y                      (P)     B->Y    R     NAND2xp5_ASAP7_75t_SL          1  0.6    13     9     622    (-,-) 
  g_add[8].u_add/g7789__1666/Y                      (P)     B->Y    F     NAND2xp5_ASAP7_75t_SL          3  1.6    20    11     633    (-,-) 
  g_add[8].u_add/g7784__9945/Y                      (P)     A->Y    R     NAND2xp5_ASAP7_75t_L           1  0.6    15    12     645    (-,-) 
  g_add[8].u_add/g7772__5122/Y                      (P)     C->Y    F     O2A1O1Ixp33_ASAP7_75t_SL       1  0.6    18     9     654    (-,-) 
  g_add[8].u_add/g7768__3680/Y                      (P)     C->Y    R     O2A1O1Ixp33_ASAP7_75t_SL       1  0.6    23    13     667    (-,-) 
  g_add[8].u_add/g2/Y                               (P)     C->Y    F     O2A1O1Ixp33_ASAP7_75t_SL       1  0.5    16    10     677    (-,-) 
  g_add[8].u_add/g7761__2398/Y                      (P)     B->Y    R     OAI211xp5_ASAP7_75t_SL         3  1.3    39    14     691    (-,-) 
  g_add[8].u_add/sub_75_53_Y_add_74_53_g795__2802/Y (P)     B->Y    F     NOR2xp33_ASAP7_75t_SL          2  1.5    62    22     713    (-,-) 
  g_add[8].u_add/sub_75_53_Y_add_74_53_g767__2346/Y (P)     A->Y    F     AND2x2_ASAP7_75t_SL            2  1.6    12    26     739    (-,-) 
  g_add[8].u_add/sub_75_53_Y_add_74_53_g753__6161/Y (P)     B->Y    R     NAND2xp5_ASAP7_75t_SL          2  1.6    32    12     752    (-,-) 
  g_add[8].u_add/sub_75_53_Y_add_74_53_g740__1881/Y (P)     A->Y    F     MAJIxp5_ASAP7_75t_SL           2  1.6    33    16     767    (-,-) 
  g_add[8].u_add/sub_75_53_Y_add_74_53_g736__6131/Y (P)     A->Y    R     MAJIxp5_ASAP7_75t_SL           2  1.7    39    21     789    (-,-) 
  g_add[8].u_add/sub_75_53_Y_add_74_53_g733__7098/Y (P)     A->Y    F     MAJIxp5_ASAP7_75t_SL           2  1.6    33    17     806    (-,-) 
  g_add[8].u_add/sub_75_53_Y_add_74_53_g730__8246/Y (P)     A->Y    R     MAJIxp5_ASAP7_75t_SL           2  1.6    38    21     826    (-,-) 
  g_add[8].u_add/sub_75_53_Y_add_74_53_g728__5122/Y (P)     A->Y    F     MAJIxp5_ASAP7_75t_SL           2  1.6    33    17     843    (-,-) 
  g_add[8].u_add/sub_75_53_Y_add_74_53_g725__1705/Y (P)     A->Y    R     MAJIxp5_ASAP7_75t_SL           2  1.7    39    21     864    (-,-) 
  g_add[8].u_add/sub_75_53_Y_add_74_53_g722__2802/Y (P)     A->Y    F     MAJIxp5_ASAP7_75t_SL           2  1.6    33    17     881    (-,-) 
  g_add[8].u_add/sub_75_53_Y_add_74_53_g719__1617/Y (P)     A->Y    R     MAJIxp5_ASAP7_75t_SL           2  1.6    38    21     902    (-,-) 
  g_add[8].u_add/sub_75_53_Y_add_74_53_g716__3680/Y (P)     A->Y    F     MAJIxp5_ASAP7_75t_SL           2  1.6    33    17     918    (-,-) 
  g_add[8].u_add/sub_75_53_Y_add_74_53_g712__6783/Y (P)     A->Y    R     MAJIxp5_ASAP7_75t_SL           2  1.4    36    20     938    (-,-) 
  g_add[8].u_add/sub_75_53_Y_add_74_53_g711__5526/Y (P)     A->Y    F     XOR2x2_ASAP7_75t_SL            4  2.2    13    22     960    (-,-) 
  g_add[8].u_add/g7220/Y                            (P)     A->Y    R     INVxp67_ASAP7_75t_SL           3  1.7    20    12     972    (-,-) 
  g_add[8].u_add/g7197__2346/Y                      (P)     A->Y    F     NAND2xp5_ASAP7_75t_SL          2  1.0    16     8     980    (-,-) 
  g_add[8].u_add/g7183__7482/Y                      (P)     A->Y    R     NOR2xp33_ASAP7_75t_SL          2  1.1    26    14     994    (-,-) 
  g_add[8].u_add/g7169__2802/Y                      (P)     B->Y    F     NAND2xp5_ASAP7_75t_SL          5  2.5    33    17    1012    (-,-) 
  g_add[8].u_add/g8047/Y                            (P)     A->Y    R     NOR2xp33_ASAP7_75t_SL          2  0.8    24    14    1025    (-,-) 
  g_add[8].u_add/g7149__2346/Y                      (P)     B->Y    F     NOR2xp33_ASAP7_75t_SL          3  1.8    65    22    1047    (-,-) 
  g_add[8].u_add/g7141__4733/Y                      (P)     B->Y    R     NAND2xp5_ASAP7_75t_SL          6  3.4    50    32    1079    (-,-) 
  g_add[8].u_add/g7073__5526/Y                      (P)     A2->Y   F     OAI22xp5_ASAP7_75t_SL          2  1.1    26    14    1093    (-,-) 
  g_add[8].u_add/g7057__9945/Y                      (P)     B->Y    R     NAND2xp5_ASAP7_75t_SL          3  1.4    23    15    1108    (-,-) 
  g_add[8].u_add/g7041__5122/Y                      (P)     B->Y    F     NOR2xp33_ASAP7_75t_SL          3  1.7    39    21    1128    (-,-) 
  g_add[8].u_add/g7037__2802/Y                      (P)     B->Y    R     NAND2xp5_ASAP7_75t_SL          3  1.4    25    17    1146    (-,-) 
  g_add[8].u_add/g7030__8428/Y                      (P)     B->Y    F     NOR2xp33_ASAP7_75t_SL          3  1.7    38    21    1166    (-,-) 
  g_add[8].u_add/g7025__6260/Y                      (P)     B->Y    R     NAND2xp5_ASAP7_75t_SL          3  1.4    25    17    1183    (-,-) 
  g_add[8].u_add/g7022__2398/Y                      (P)     B->Y    F     NOR2xp33_ASAP7_75t_SL          3  1.7    38    21    1204    (-,-) 
  g_add[8].u_add/g7020__5477/Y                      (P)     B->Y    R     NAND2xp5_ASAP7_75t_SL          3  1.4    25    17    1221    (-,-) 
  g_add[8].u_add/g7018__6417/Y                      (P)     B->Y    F     NOR2xp33_ASAP7_75t_SL          3  1.7    41    21    1242    (-,-) 
  g_add[8].u_add/g7016__7410/Y                      (P)     B->Y    R     NAND2xp5_ASAP7_75t_SL          3  1.6    27    18    1261    (-,-) 
  g_add[8].u_add/g7015/Y                            (P)     A->Y    F     INVxp67_ASAP7_75t_SL           2  1.2    17    10    1271    (-,-) 
  g_add[8].u_add/g7013__2346/Y                      (P)     B->Y    R     NAND2xp5_ASAP7_75t_SL          3  1.4    22    13    1284    (-,-) 
  g_add[8].u_add/g7010__9945/Y                      (P)     B->Y    F     NOR2xp33_ASAP7_75t_SL          3  1.4    28    18    1302    (-,-) 
  g_add[8].u_add/g7007__6161/Y                      (P)     B->Y    R     AOI21xp33_ASAP7_75t_SL         2  1.4    36    22    1325    (-,-) 
  g_add[8].u_add/g7000__7098/Y                      (P)     A2->Y   F     AOI21x1_ASAP7_75t_L           11  8.8    54    30    1355    (-,-) 
  g_add[8].u_add/g8032/Y                            (P)     A->Y    R     CKINVDCx5p33_ASAP7_75t_R       4  2.0    16    14    1369    (-,-) 
  g_add[8].u_add/g6985__5107/Y                      (P)     B->Y    F     NOR2xp33_ASAP7_75t_SL          1  0.6    17    11    1380    (-,-) 
  g_add[8].u_add/y_reg[13]/D                        <<< (P) -       F     ASYNC_DFFHx1_ASAP7_75t_L       1    -     -     0    1380    (-,-) 
#--------------------------------------------------------------------------------------------------------------------------------------------

(P) : Instance is preserved

