============================================================
  Generated by:           Genus(TM) Synthesis Solution 25.10-p002_1
  Generated on:           Sep 02 2026  02:45:06 pm
  Module:                 gemv_unit
  Operating conditions:   PVT_0P7V_25C (balanced_tree)
  Wireload mode:          enclosed
  Area mode:              timing library
============================================================

Timing
--------

Clock Period 
-------------
clk   1502.0 


  Cost    Critical         Violating 
 Group   Path Slack  TNS     Paths   
-------------------------------------
clk            11.8   0.0          0 
default    No paths   0.0            
-------------------------------------
Total                 0.0          0 

Instance Count
--------------
Leaf Instance Count             53639 
Physical Instance count             0 
Sequential Instance Count       10074 
Combinational Instance Count    43565 
Hierarchical Instance Count        33 

Area
----
Cell Area                          6205.088
Physical Cell Area                 0.000
Total Cell Area (Cell+Physical)    6205.088
Net Area                           0.000
Total Area (Cell+Physical+Net)     6205.088

Max Fanout                         10074 (clk)
Min Fanout                         0 (g_mul[1].pv)
Average Fanout                     2.6
Terms to net ratio                 3.6681
Terms to instance ratio            3.7158
Runtime                            744.074828999999 seconds
Elapsed Runtime                    809 seconds
Genus peak memory usage            2712.64 
Innovus peak memory usage          no_value 
Hostname                           squire.ece.uw.edu
