============================================================
  Generated by:           Genus(TM) Synthesis Solution 25.10-p002_1
  Generated on:           Sep 02 2026  02:45:10 pm
  Operating conditions:   PVT_0P7V_25C (balanced_tree)
  Wireload mode:          enclosed
  Area mode:              timing library
============================================================

                                                                                      
           Gate             Instances   Area                   Library                
--------------------------------------------------------------------------------------
A2O1A1Ixp33_ASAP7_75t_SL          181   15.834     asap7sc7p5t_AO_SLVT_TT_nldm_201020 
A2O1A1O1Ixp25_ASAP7_75t_SL         93   12.203     asap7sc7p5t_AO_SLVT_TT_nldm_201020 
AND2x2_ASAP7_75t_SL               196   17.146 asap7sc7p5t_SIMPLE_SLVT_TT_nldm_201020 
AND2x4_ASAP7_75t_SL                16    2.333 asap7sc7p5t_SIMPLE_SLVT_TT_nldm_201020 
AND3x1_ASAP7_75t_L                  1    0.087  asap7sc7p5t_SIMPLE_LVT_TT_nldm_201020 
AND3x1_ASAP7_75t_SL                16    1.400 asap7sc7p5t_SIMPLE_SLVT_TT_nldm_201020 
AND4x1_ASAP7_75t_SL                16    1.633 asap7sc7p5t_SIMPLE_SLVT_TT_nldm_201020 
AO21x1_ASAP7_75t_L                 32    2.799      asap7sc7p5t_AO_LVT_TT_nldm_201020 
AO21x1_ASAP7_75t_SL               161   14.084     asap7sc7p5t_AO_SLVT_TT_nldm_201020 
AO21x2_ASAP7_75t_SL                16    1.633     asap7sc7p5t_AO_SLVT_TT_nldm_201020 
AO22x1_ASAP7_75t_SL                32    4.199     asap7sc7p5t_AO_SLVT_TT_nldm_201020 
AO32x1_ASAP7_75t_SL                 3    0.350     asap7sc7p5t_AO_SLVT_TT_nldm_201020 
AO332x1_ASAP7_75t_SL              105   16.840     asap7sc7p5t_AO_SLVT_TT_nldm_201020 
AOI211xp5_ASAP7_75t_SL            113    9.885     asap7sc7p5t_AO_SLVT_TT_nldm_201020 
AOI21xp33_ASAP7_75t_SL            180   13.122     asap7sc7p5t_AO_SLVT_TT_nldm_201020 
AOI21xp5_ASAP7_75t_L              128    9.331      asap7sc7p5t_AO_LVT_TT_nldm_201020 
AOI21xp5_ASAP7_75t_SL             527   38.418     asap7sc7p5t_AO_SLVT_TT_nldm_201020 
AOI221xp5_ASAP7_75t_SL            675   68.891     asap7sc7p5t_AO_SLVT_TT_nldm_201020 
AOI22x1_ASAP7_75t_SL               16    2.333     asap7sc7p5t_AO_SLVT_TT_nldm_201020 
AOI22xp33_ASAP7_75t_L             484   42.340      asap7sc7p5t_AO_LVT_TT_nldm_201020 
AOI22xp33_ASAP7_75t_SL            853   74.620     asap7sc7p5t_AO_SLVT_TT_nldm_201020 
AOI22xp5_ASAP7_75t_L              230   20.120      asap7sc7p5t_AO_LVT_TT_nldm_201020 
AOI22xp5_ASAP7_75t_SL            3447  301.544     asap7sc7p5t_AO_SLVT_TT_nldm_201020 
AOI311xp33_ASAP7_75t_SL            14    1.429     asap7sc7p5t_AO_SLVT_TT_nldm_201020 
AOI31xp33_ASAP7_75t_SL            109    9.535     asap7sc7p5t_AO_SLVT_TT_nldm_201020 
AOI321xp33_ASAP7_75t_SL            98   11.431     asap7sc7p5t_AO_SLVT_TT_nldm_201020 
AOI322xp5_ASAP7_75t_SL            100   13.122     asap7sc7p5t_AO_SLVT_TT_nldm_201020 
AOI32xp33_ASAP7_75t_SL             45    4.593     asap7sc7p5t_AO_SLVT_TT_nldm_201020 
AOI331xp33_ASAP7_75t_SL            35    4.593     asap7sc7p5t_AO_SLVT_TT_nldm_201020 
AOI332xp33_ASAP7_75t_SL            21    3.062     asap7sc7p5t_AO_SLVT_TT_nldm_201020 
AOI333xp33_ASAP7_75t_SL            27    4.330     asap7sc7p5t_AO_SLVT_TT_nldm_201020 
AOI33xp33_ASAP7_75t_SL            109   12.714     asap7sc7p5t_AO_SLVT_TT_nldm_201020 
ASYNC_DFFHx1_ASAP7_75t_L          342  129.645     asap7sc7p5t_SEQ_LVT_TT_nldm_201020 
ASYNC_DFFHx1_ASAP7_75t_SL        1540  583.783    asap7sc7p5t_SEQ_SLVT_TT_nldm_201020 
BUFx2_ASAP7_75t_L                  75    5.468  asap7sc7p5t_INVBUF_LVT_TT_nldm_201020 
BUFx3_ASAP7_75t_L                  17    1.487  asap7sc7p5t_INVBUF_LVT_TT_nldm_201020 
BUFx3_ASAP7_75t_SL                  1    0.087 asap7sc7p5t_INVBUF_SLVT_TT_nldm_201020 
BUFx4f_ASAP7_75t_SL                 5    0.583 asap7sc7p5t_INVBUF_SLVT_TT_nldm_201020 
BUFx8_ASAP7_75t_SL                 18    3.149 asap7sc7p5t_INVBUF_SLVT_TT_nldm_201020 
CKINVDCx11_ASAP7_75t_R              4    0.000  asap7sc7p5t_INVBUF_RVT_TT_nldm_201020 
CKINVDCx12_ASAP7_75t_R             17    0.000  asap7sc7p5t_INVBUF_RVT_TT_nldm_201020 
CKINVDCx14_ASAP7_75t_R            166    0.000  asap7sc7p5t_INVBUF_RVT_TT_nldm_201020 
CKINVDCx16_ASAP7_75t_R            384    0.000  asap7sc7p5t_INVBUF_RVT_TT_nldm_201020 
CKINVDCx20_ASAP7_75t_R          10661    0.000  asap7sc7p5t_INVBUF_RVT_TT_nldm_201020 
CKINVDCx5p33_ASAP7_75t_R          474    0.000  asap7sc7p5t_INVBUF_RVT_TT_nldm_201020 
CKINVDCx8_ASAP7_75t_R              49    0.000  asap7sc7p5t_INVBUF_RVT_TT_nldm_201020 
FAx1_ASAP7_75t_SL                 112   22.861 asap7sc7p5t_SIMPLE_SLVT_TT_nldm_201020 
HAxp5_ASAP7_75t_SL                 16    2.100 asap7sc7p5t_SIMPLE_SLVT_TT_nldm_201020 
HB1xp67_ASAP7_75t_L                38    2.216  asap7sc7p5t_INVBUF_LVT_TT_nldm_201020 
HB1xp67_ASAP7_75t_SL              115    6.707 asap7sc7p5t_INVBUF_SLVT_TT_nldm_201020 
INVx1_ASAP7_75t_SL               2834  123.959 asap7sc7p5t_INVBUF_SLVT_TT_nldm_201020 
INVx2_ASAP7_75t_SL                221   12.889 asap7sc7p5t_INVBUF_SLVT_TT_nldm_201020 
INVx3_ASAP7_75t_SL                 36    2.624 asap7sc7p5t_INVBUF_SLVT_TT_nldm_201020 
INVx4_ASAP7_75t_SL                 48    4.199 asap7sc7p5t_INVBUF_SLVT_TT_nldm_201020 
INVxp33_ASAP7_75t_SL              224    9.798 asap7sc7p5t_INVBUF_SLVT_TT_nldm_201020 
INVxp67_ASAP7_75t_SL             2825  123.566 asap7sc7p5t_INVBUF_SLVT_TT_nldm_201020 
MAJIxp5_ASAP7_75t_L                32    3.266  asap7sc7p5t_SIMPLE_LVT_TT_nldm_201020 
MAJIxp5_ASAP7_75t_SL              832   84.914 asap7sc7p5t_SIMPLE_SLVT_TT_nldm_201020 
NAND2x1_ASAP7_75t_SL               32    2.799 asap7sc7p5t_SIMPLE_SLVT_TT_nldm_201020 
NAND2x2_ASAP7_75t_SL                1    0.146 asap7sc7p5t_SIMPLE_SLVT_TT_nldm_201020 
NAND2xp33_ASAP7_75t_L             210   12.247  asap7sc7p5t_SIMPLE_LVT_TT_nldm_201020 
NAND2xp33_ASAP7_75t_SL            236   13.764 asap7sc7p5t_SIMPLE_SLVT_TT_nldm_201020 
NAND2xp5_ASAP7_75t_L              361   21.054  asap7sc7p5t_SIMPLE_LVT_TT_nldm_201020 
NAND2xp5_ASAP7_75t_SL            2274  132.620 asap7sc7p5t_SIMPLE_SLVT_TT_nldm_201020 
NAND3xp33_ASAP7_75t_SL             62    4.520 asap7sc7p5t_SIMPLE_SLVT_TT_nldm_201020 
NAND4xp25_ASAP7_75t_SL             20    1.750 asap7sc7p5t_SIMPLE_SLVT_TT_nldm_201020 
NAND5xp2_ASAP7_75t_SL             223   22.759 asap7sc7p5t_SIMPLE_SLVT_TT_nldm_201020 
NOR2x1_ASAP7_75t_SL               129   11.285 asap7sc7p5t_SIMPLE_SLVT_TT_nldm_201020 
NOR2xp33_ASAP7_75t_L               80    4.666  asap7sc7p5t_SIMPLE_LVT_TT_nldm_201020 
NOR2xp33_ASAP7_75t_SL            2545  148.424 asap7sc7p5t_SIMPLE_SLVT_TT_nldm_201020 
NOR2xp67_ASAP7_75t_L               16    1.400  asap7sc7p5t_SIMPLE_LVT_TT_nldm_201020 
NOR3xp33_ASAP7_75t_SL             172   12.539 asap7sc7p5t_SIMPLE_SLVT_TT_nldm_201020 
NOR4xp25_ASAP7_75t_SL              51    4.461 asap7sc7p5t_SIMPLE_SLVT_TT_nldm_201020 
NOR5xp2_ASAP7_75t_SL              105   10.716 asap7sc7p5t_SIMPLE_SLVT_TT_nldm_201020 
O2A1O1Ixp33_ASAP7_75t_SL          216   18.896     asap7sc7p5t_OA_SLVT_TT_nldm_201020 
OA211x2_ASAP7_75t_SL               16    1.866     asap7sc7p5t_OA_SLVT_TT_nldm_201020 
OA21x2_ASAP7_75t_SL                64    6.532     asap7sc7p5t_OA_SLVT_TT_nldm_201020 
OA22x2_ASAP7_75t_SL                32    4.666     asap7sc7p5t_OA_SLVT_TT_nldm_201020 
OAI211xp5_ASAP7_75t_SL            405   35.429     asap7sc7p5t_OA_SLVT_TT_nldm_201020 
OAI21x1_ASAP7_75t_SL               48    5.599     asap7sc7p5t_OA_SLVT_TT_nldm_201020 
OAI21xp33_ASAP7_75t_SL            252   18.371     asap7sc7p5t_OA_SLVT_TT_nldm_201020 
OAI21xp5_ASAP7_75t_SL             804   58.612     asap7sc7p5t_OA_SLVT_TT_nldm_201020 
OAI221xp5_ASAP7_75t_SL            587   59.909     asap7sc7p5t_OA_SLVT_TT_nldm_201020 
OAI22x1_ASAP7_75t_SL               16    2.333     asap7sc7p5t_OA_SLVT_TT_nldm_201020 
OAI22xp33_ASAP7_75t_SL            792   69.284     asap7sc7p5t_OA_SLVT_TT_nldm_201020 
OAI22xp5_ASAP7_75t_L               16    1.400      asap7sc7p5t_OA_LVT_TT_nldm_201020 
OAI22xp5_ASAP7_75t_SL            3817  333.911     asap7sc7p5t_OA_SLVT_TT_nldm_201020 
OAI311xp33_ASAP7_75t_SL             6    0.612     asap7sc7p5t_OA_SLVT_TT_nldm_201020 
OAI31xp33_ASAP7_75t_SL             37    3.237     asap7sc7p5t_OA_SLVT_TT_nldm_201020 
OAI321xp33_ASAP7_75t_SL            48    5.599     asap7sc7p5t_OA_SLVT_TT_nldm_201020 
OAI322xp33_ASAP7_75t_L              3    0.394      asap7sc7p5t_OA_LVT_TT_nldm_201020 
OAI322xp33_ASAP7_75t_SL           312   40.941     asap7sc7p5t_OA_SLVT_TT_nldm_201020 
OAI32xp33_ASAP7_75t_SL            149   15.207     asap7sc7p5t_OA_SLVT_TT_nldm_201020 
OAI331xp33_ASAP7_75t_SL            78   10.235     asap7sc7p5t_OA_SLVT_TT_nldm_201020 
OAI332xp33_ASAP7_75t_SL            26    3.791     asap7sc7p5t_OA_SLVT_TT_nldm_201020 
OAI333xp33_ASAP7_75t_SL            64   10.264     asap7sc7p5t_OA_SLVT_TT_nldm_201020 
OAI33xp33_ASAP7_75t_SL             42    4.899     asap7sc7p5t_OA_SLVT_TT_nldm_201020 
OR2x2_ASAP7_75t_SL                298   26.069 asap7sc7p5t_SIMPLE_SLVT_TT_nldm_201020 
OR2x6_ASAP7_75t_SL                 16    2.799 asap7sc7p5t_SIMPLE_SLVT_TT_nldm_201020 
OR3x1_ASAP7_75t_SL                 16    1.400 asap7sc7p5t_SIMPLE_SLVT_TT_nldm_201020 
OR4x1_ASAP7_75t_SL                  1    0.102 asap7sc7p5t_SIMPLE_SLVT_TT_nldm_201020 
SDFHx1_ASAP7_75t_SL              8192 2985.984    asap7sc7p5t_SEQ_SLVT_TT_nldm_201020 
XNOR2x2_ASAP7_75t_SL               32    5.132 asap7sc7p5t_SIMPLE_SLVT_TT_nldm_201020 
XNOR2xp5_ASAP7_75t_L               32    4.199  asap7sc7p5t_SIMPLE_LVT_TT_nldm_201020 
XNOR2xp5_ASAP7_75t_SL             818  107.338 asap7sc7p5t_SIMPLE_SLVT_TT_nldm_201020 
XOR2x2_ASAP7_75t_SL                32    5.132 asap7sc7p5t_SIMPLE_SLVT_TT_nldm_201020 
XOR2xp5_ASAP7_75t_L                32    4.199  asap7sc7p5t_SIMPLE_LVT_TT_nldm_201020 
XOR2xp5_ASAP7_75t_SL              658   86.343 asap7sc7p5t_SIMPLE_SLVT_TT_nldm_201020 
--------------------------------------------------------------------------------------
total                           53639 6205.088                                        
                                                                      
                Library                Instances   Area   Instances % 
----------------------------------------------------------------------
asap7sc7p5t_AO_LVT_TT_nldm_201020            874   74.591         1.6 
asap7sc7p5t_AO_SLVT_TT_nldm_201020          6960  638.764        13.0 
asap7sc7p5t_INVBUF_LVT_TT_nldm_201020        130    9.171         0.2 
asap7sc7p5t_INVBUF_RVT_TT_nldm_201020      11755    0.000        21.9 
asap7sc7p5t_INVBUF_SLVT_TT_nldm_201020      6327  287.561        11.8 
asap7sc7p5t_OA_LVT_TT_nldm_201020             19    1.793         0.0 
asap7sc7p5t_OA_SLVT_TT_nldm_201020          7811  710.192        14.6 
asap7sc7p5t_SEQ_LVT_TT_nldm_201020           342  129.645         0.6 
asap7sc7p5t_SEQ_SLVT_TT_nldm_201020         9732 3569.767        18.1 
asap7sc7p5t_SIMPLE_LVT_TT_nldm_201020        764   51.117         1.4 
asap7sc7p5t_SIMPLE_SLVT_TT_nldm_201020      8925  732.485        16.6 
                                         
     Type      Instances   Area   Area % 
-----------------------------------------
sequential         10074 3699.413   59.6 
inverter           17943  277.035    4.5 
buffer               269   19.698    0.3 
logic              25353 2208.943   35.6 
physical_cells         0    0.000    0.0 
-----------------------------------------
total              53639 6205.088  100.0 
