============================================================
  Generated by:           Genus(TM) Synthesis Solution 25.10-p002_1
  Generated on:           Aug 31 2026  04:51:01 pm
  Module:                 gemv_unit
  Operating conditions:   PVT_0P7V_25C (balanced_tree)
  Wireload mode:          enclosed
  Area mode:              timing library
============================================================

     Instance        Module    Cell-Count  Cell-Area  Net-Area   Total-Area   Wireload  
----------------------------------------------------------------------------------------
gemv_unit         NA                48665   5844.189     0.000     5844.189 <none> (D)  
  g_add[0].u_add  fp16_add            560     41.830     0.000       41.830 <none> (D)  
  g_add[10].u_add fp16_add            560     41.830     0.000       41.830 <none> (D)  
  g_add[11].u_add fp16_add            560     41.830     0.000       41.830 <none> (D)  
  g_add[12].u_add fp16_add            560     41.830     0.000       41.830 <none> (D)  
  g_add[13].u_add fp16_add            560     41.830     0.000       41.830 <none> (D)  
  g_add[14].u_add fp16_add            560     41.830     0.000       41.830 <none> (D)  
  g_add[15].u_add fp16_add            560     41.830     0.000       41.830 <none> (D)  
  g_add[1].u_add  fp16_add            560     41.830     0.000       41.830 <none> (D)  
  g_add[2].u_add  fp16_add            560     41.830     0.000       41.830 <none> (D)  
  g_add[3].u_add  fp16_add            560     41.830     0.000       41.830 <none> (D)  
  g_add[4].u_add  fp16_add            560     41.830     0.000       41.830 <none> (D)  
  g_add[5].u_add  fp16_add            560     41.830     0.000       41.830 <none> (D)  
  g_add[6].u_add  fp16_add            560     41.830     0.000       41.830 <none> (D)  
  g_add[7].u_add  fp16_add            560     41.830     0.000       41.830 <none> (D)  
  g_add[8].u_add  fp16_add            560     41.830     0.000       41.830 <none> (D)  
  g_add[9].u_add  fp16_add            560     41.830     0.000       41.830 <none> (D)  
  g_mul[0].u_mul  fp16_mult           707     55.652     0.000       55.652 <none> (D)  
  g_mul[10].u_mul fp16_mult           707     55.652     0.000       55.652 <none> (D)  
  g_mul[11].u_mul fp16_mult           707     55.652     0.000       55.652 <none> (D)  
  g_mul[12].u_mul fp16_mult           707     55.652     0.000       55.652 <none> (D)  
  g_mul[13].u_mul fp16_mult           707     55.652     0.000       55.652 <none> (D)  
  g_mul[14].u_mul fp16_mult           707     55.652     0.000       55.652 <none> (D)  
  g_mul[15].u_mul fp16_mult           707     55.652     0.000       55.652 <none> (D)  
  g_mul[1].u_mul  fp16_mult           707     55.652     0.000       55.652 <none> (D)  
  g_mul[2].u_mul  fp16_mult           707     55.652     0.000       55.652 <none> (D)  
  g_mul[3].u_mul  fp16_mult           707     55.652     0.000       55.652 <none> (D)  
  g_mul[4].u_mul  fp16_mult           707     55.652     0.000       55.652 <none> (D)  
  g_mul[5].u_mul  fp16_mult           707     55.652     0.000       55.652 <none> (D)  
  g_mul[6].u_mul  fp16_mult           707     55.652     0.000       55.652 <none> (D)  
  g_mul[7].u_mul  fp16_mult           707     55.652     0.000       55.652 <none> (D)  
  g_mul[8].u_mul  fp16_mult           707     55.652     0.000       55.652 <none> (D)  
  g_mul[9].u_mul  fp16_mult           707     55.652     0.000       55.652 <none> (D)  
  u_vec_buf       dbuf_16x256       23841   3553.744     0.000     3553.744 <none> (D)  
  (D) = wireload is default in technology library
