============================================================
  Generated by:           Genus(TM) Synthesis Solution 25.10-p002_1
  Generated on:           Sep 02 2026  01:06:59 pm
  Module:                 accum_buffer_bg_attacc
  Operating conditions:   PVT_0P7V_25C (balanced_tree)
  Wireload mode:          enclosed
  Area mode:              timing library
============================================================


Path 1: MET (960 ps) Setup Check with Pin retime_s1_13_reg/CLK->D
          Group: clk
     Startpoint: (R) rd_addr[2]
          Clock: (R) clk
       Endpoint: (R) retime_s1_13_reg/D
          Clock: (R) clk

                     Capture       Launch     
        Clock Edge:+    1502            0     
        Drv Adjust:+       0           15     
       Src Latency:+       0            0     
       Net Latency:+       0 (I)        0 (I) 
           Arrival:=    1502           15     
                                              
             Setup:-       9                  
       Uncertainty:-      45                  
     Required Time:=    1448                  
      Launch Clock:-      15                  
       Input Delay:-     150                  
         Data Path:-     322                  
             Slack:=     960                  

Exceptions/Constraints:
  input_delay             150             in_del_22_1   

#------------------------------------------------------------------------------------------------------------
#    Timing Point     Flags   Arc   Edge           Cell             Fanout Load Trans Delay Arrival Instance 
#                                                                          (fF)  (ps)  (ps)   (ps)  Location 
#------------------------------------------------------------------------------------------------------------
  rd_addr[2]          -       -     R     (arrival)                      3 12.9    35     0     165    (-,-) 
  u_buf/g3774/Y       -       A->Y  F     CKINVDCx20_ASAP7_75t_R         2  1.1     8     9     175    (-,-) 
  u_buf/g3767__5115/Y -       B->Y  R     NAND2xp5_ASAP7_75t_SL          2 12.3   127    58     233    (-,-) 
  u_buf/g3755__1705/Y -       B->Y  F     NOR2xp33_ASAP7_75t_SL          9 16.7   277   155     388    (-,-) 
  u_buf/g3745__8428/Y -       B2->Y R     AOI22xp5_ASAP7_75t_SL          1  0.5    76    37     424    (-,-) 
  u_buf/g3729__5115/Y -       C->Y  F     OAI221xp5_ASAP7_75t_SL         1  0.5    58    13     437    (-,-) 
  u_buf/g3711__6417/Y -       C->Y  R     AOI221xp5_ASAP7_75t_SL         1  0.5    87    20     457    (-,-) 
  u_buf/g3696__5122/Y -       C->Y  F     OAI221xp5_ASAP7_75t_SL         1  0.6    54    14     470    (-,-) 
  g24__7098/Y         -       B2->Y R     AOI22xp5_ASAP7_75t_SL          1  0.6    30    17     488    (-,-) 
  retime_s1_13_reg/D  <<<     -     R     ASYNC_DFFHx1_ASAP7_75t_SL      1    -     -     0     488    (-,-) 
#------------------------------------------------------------------------------------------------------------

