============================================================
  Generated by:           Genus(TM) Synthesis Solution 25.10-p002_1
  Generated on:           Sep 02 2026  01:06:59 pm
  Operating conditions:   PVT_0P7V_25C (balanced_tree)
  Wireload mode:          enclosed
  Area mode:              timing library
============================================================

                                                                                   
           Gate            Instances  Area                  Library                
-----------------------------------------------------------------------------------
AND2x2_ASAP7_75t_SL                1  0.087 asap7sc7p5t_SIMPLE_SLVT_TT_nldm_201020 
AOI221xp5_ASAP7_75t_SL            16  1.633     asap7sc7p5t_AO_SLVT_TT_nldm_201020 
AOI22xp33_ASAP7_75t_SL             5  0.437     asap7sc7p5t_AO_SLVT_TT_nldm_201020 
AOI22xp5_ASAP7_75t_SL             27  2.362     asap7sc7p5t_AO_SLVT_TT_nldm_201020 
ASYNC_DFFHx1_ASAP7_75t_SL         16  6.065    asap7sc7p5t_SEQ_SLVT_TT_nldm_201020 
CKINVDCx16_ASAP7_75t_R             2  0.000  asap7sc7p5t_INVBUF_RVT_TT_nldm_201020 
CKINVDCx20_ASAP7_75t_R           161  0.000  asap7sc7p5t_INVBUF_RVT_TT_nldm_201020 
CKINVDCx5p33_ASAP7_75t_R           1  0.000  asap7sc7p5t_INVBUF_RVT_TT_nldm_201020 
NAND2xp5_ASAP7_75t_SL             17  0.991 asap7sc7p5t_SIMPLE_SLVT_TT_nldm_201020 
NOR2xp33_ASAP7_75t_SL              9  0.525 asap7sc7p5t_SIMPLE_SLVT_TT_nldm_201020 
OAI221xp5_ASAP7_75t_SL            32  3.266     asap7sc7p5t_OA_SLVT_TT_nldm_201020 
SDFHx1_ASAP7_75t_SL              128 46.656    asap7sc7p5t_SEQ_SLVT_TT_nldm_201020 
-----------------------------------------------------------------------------------
total                            415 62.023                                        
                                                                    
                Library                Instances  Area  Instances % 
--------------------------------------------------------------------
asap7sc7p5t_AO_SLVT_TT_nldm_201020            48  4.432        11.6 
asap7sc7p5t_INVBUF_RVT_TT_nldm_201020        164  0.000        39.5 
asap7sc7p5t_OA_SLVT_TT_nldm_201020            32  3.266         7.7 
asap7sc7p5t_SEQ_SLVT_TT_nldm_201020          144 52.721        34.7 
asap7sc7p5t_SIMPLE_SLVT_TT_nldm_201020        27  1.604         6.5 
                                       
     Type      Instances  Area  Area % 
---------------------------------------
sequential           144 52.721   85.0 
inverter             164  0.000    0.0 
logic                107  9.302   15.0 
physical_cells         0  0.000    0.0 
---------------------------------------
total                415 62.023  100.0 
