============================================================
  Generated by:           Genus(TM) Synthesis Solution 25.10-p002_1
  Generated on:           Aug 31 2026  04:40:47 pm
  Module:                 gemv_unit
  Operating conditions:   PVT_0P7V_25C (balanced_tree)
  Wireload mode:          enclosed
  Area mode:              timing library
============================================================


Path 1: MET (1 ps) Setup Check with Pin u_vec_buf/g_copy[1].g_slice[15].u_mem/clk->banksel
          Group: clk
     Startpoint: (R) retime_s2_21_reg/CLK
          Clock: (R) clk
       Endpoint: (R) u_vec_buf/g_copy[1].g_slice[15].u_mem/banksel
          Clock: (F) clk

                     Capture       Launch     
        Clock Edge:+     751            0     
       Src Latency:+       0            0     
       Net Latency:+       0 (I)        0 (I) 
           Arrival:=     751            0     
                                              
             Setup:-      -1                  
       Uncertainty:-      45                  
     Required Time:=     707                  
      Launch Clock:-       0                  
         Data Path:-     706                  
             Slack:=       1                  

#----------------------------------------------------------------------------------------------------------------------------------------
#                 Timing Point                  Flags    Arc    Edge           Cell             Fanout Load Trans Delay Arrival Instance 
#                                                                                                      (fF)  (ps)  (ps)   (ps)  Location 
#----------------------------------------------------------------------------------------------------------------------------------------
  retime_s2_21_reg/CLK                          -       -       R     (arrival)                   1658    -     0     0       0    (-,-) 
  retime_s2_21_reg/QN                           -       CLK->QN F     ASYNC_DFFHx1_ASAP7_75t_SL      3 12.7    77    68      68    (-,-) 
  g34248/Y                                      -       A->Y    R     CKINVDCx20_ASAP7_75t_R         2  0.9    15    15      82    (-,-) 
  g34239__3680/Y                                -       B->Y    F     NOR2xp33_ASAP7_75t_SL          3  1.6    31    18     101    (-,-) 
  g34236__5526/Y                                -       B->Y    R     NAND2xp5_ASAP7_75t_SL          3  1.4    37    16     116    (-,-) 
  g34233__4319/Y                                -       B->Y    F     NOR2xp33_ASAP7_75t_SL          3  1.6    34    22     139    (-,-) 
  g34230__5107/Y                                -       B->Y    R     NAND2xp5_ASAP7_75t_SL          3  1.4    37    16     155    (-,-) 
  g34227__5477/Y                                -       B->Y    F     NOR2xp33_ASAP7_75t_SL          3  1.6    34    22     178    (-,-) 
  g34224__7410/Y                                -       B->Y    R     NAND2xp5_ASAP7_75t_SL          3 12.8   140    67     244    (-,-) 
  g34223/Y                                      -       A->Y    F     CKINVDCx20_ASAP7_75t_R         1  0.5    19    14     258    (-,-) 
  g34220__2883/Y                                -       B->Y    R     AOI211xp5_ASAP7_75t_SL         3 10.8   206    92     350    (-,-) 
  g51862/CON                                    -       B->CON  F     HAxp5_ASAP7_75t_SL             2 12.5   166    90     440    (-,-) 
  g51862/SN                                     -       CON->SN R     HAxp5_ASAP7_75t_SL             2  1.1    60    20     460    (-,-) 
  g34399__1666/Y                                -       B->Y    F     AOI21xp33_ASAP7_75t_SL         2  1.2    40    12     472    (-,-) 
  g34389__4733/Y                                -       B->Y    R     NAND2xp5_ASAP7_75t_SL          2  1.1    27    15     488    (-,-) 
  g34379__2802/Y                                -       A2->Y   F     OAI311xp33_ASAP7_75t_SL       11 10.1   153    63     551    (-,-) 
  g35919/Y                                      -       A->Y    R     CKINVDCx8_ASAP7_75t_R         28 11.7    45    37     588    (-,-) 
  u_vec_buf/g5081__7482/Y                       -       B->Y    F     NAND2xp5_ASAP7_75t_SL          2 12.5   167    62     649    (-,-) 
  u_vec_buf/g5065__5526/Y                       -       B->Y    R     NAND2xp5_ASAP7_75t_SL         16  4.8    98    57     706    (-,-) 
  u_vec_buf/g_copy[1].g_slice[15].u_mem/banksel <<<     -       R     srambank_64x4x16_6t122        16    -     -     0     706    (-,-) 
#----------------------------------------------------------------------------------------------------------------------------------------

