============================================================
  Generated by:           Genus(TM) Synthesis Solution 25.10-p002_1
  Generated on:           Sep 02 2026  01:07:19 pm
  Module:                 accum_buffer_bg_fugue
  Operating conditions:   PVT_0P7V_25C (balanced_tree)
  Wireload mode:          enclosed
  Area mode:              timing library
============================================================

Timing
--------

Clock Period 
-------------
clk    769.0 


  Cost    Critical         Violating 
 Group   Path Slack  TNS     Paths   
-------------------------------------
clk           296.3   0.0          0 
default    No paths   0.0            
-------------------------------------
Total                 0.0          0 

Instance Count
--------------
Leaf Instance Count             2905 
Physical Instance count            0 
Sequential Instance Count       1040 
Combinational Instance Count    1865 
Hierarchical Instance Count        1 

Area
----
Cell Area                          448.320
Physical Cell Area                 0.000
Total Cell Area (Cell+Physical)    448.320
Net Area                           0.000
Total Area (Cell+Physical+Net)     448.320

Max Fanout                         1040 (clk)
Min Fanout                         0 (n_0)
Average Fanout                     2.8
Terms to net ratio                 3.8149
Terms to instance ratio            3.8596
Runtime                            45.533212999999975 seconds
Elapsed Runtime                    44 seconds
Genus peak memory usage            2323.53 
Innovus peak memory usage          no_value 
Hostname                           squire.ece.uw.edu
