 
****************************************
Report : area
Design : fugue_hbm_ctrl_top
Version: P-2019.03-SP5-6
Date   : Tue Sep  1 00:45:39 2026
****************************************

Library(s) Used:

    asap7sc7p5t_SIMPLE_RVT_TT_nldm_211120 (File: /thu-bloor/xinyao-w23/kvpim-rtl/third_party/asap7_lib/db/asap7sc7p5t_SIMPLE_RVT_TT_nldm_211120.db)
    asap7sc7p5t_INVBUF_RVT_TT_nldm_211120 (File: /thu-bloor/xinyao-w23/kvpim-rtl/third_party/asap7_lib/db/asap7sc7p5t_INVBUF_RVT_TT_nldm_211120.db)
    asap7sc7p5t_OA_RVT_TT_nldm_211120 (File: /thu-bloor/xinyao-w23/kvpim-rtl/third_party/asap7_lib/db/asap7sc7p5t_OA_RVT_TT_nldm_211120.db)
    asap7sc7p5t_AO_RVT_TT_nldm_211120 (File: /thu-bloor/xinyao-w23/kvpim-rtl/third_party/asap7_lib/db/asap7sc7p5t_AO_RVT_TT_nldm_211120.db)
    asap7sc7p5t_SEQ_RVT_TT_nldm_220123 (File: /thu-bloor/xinyao-w23/kvpim-rtl/third_party/asap7_lib/db/asap7sc7p5t_SEQ_RVT_TT_nldm_220123.db)

Number of ports:                         6554
Number of nets:                         55055
Number of cells:                        49602
Number of combinational cells:          40130
Number of sequential cells:              9436
Number of macros/black boxes:               0
Number of buf/inv:                       9421
Number of references:                       4

Combinational area:               3220.284606
Buf/Inv area:                      464.795826
Noncombinational area:            3523.811012
Macro/Black Box area:                0.000000
Net Interconnect area:      undefined  (No wire load specified)

Total cell area:                  6744.095618
Total area:                 undefined

Hierarchical area distribution
------------------------------

                                  Global cell area          Local cell area
                                  ------------------  ---------------------------- 
Hierarchical cell                 Absolute   Percent  Combi-     Noncombi-  Black-
                                  Total      Total    national   national   boxes   Design
--------------------------------  ---------  -------  ---------  ---------  ------  -------------------------------------------------
fugue_hbm_ctrl_top                6744.0956    100.0     0.0437     0.0000  0.0000  fugue_hbm_ctrl_top
u_ctrl                            1549.0229     23.0   536.7044   965.4001  0.0000  attacc_controller
u_ctrl/add_318                       4.5490      0.1     4.5490     0.0000  0.0000  attacc_controller_DW01_add_7_DW01_add_18
u_ctrl/add_401                       2.5515      0.0     2.5515     0.0000  0.0000  attacc_controller_DW01_add_6_DW01_add_17
u_ctrl/add_401_2                     2.5078      0.0     2.5078     0.0000  0.0000  attacc_controller_DW01_add_5_DW01_add_16
u_ctrl/add_425                       6.6922      0.1     6.6922     0.0000  0.0000  attacc_controller_DW01_add_4_DW01_add_15
u_ctrl/add_425_2                     6.5464      0.1     6.5464     0.0000  0.0000  attacc_controller_DW01_add_3_DW01_add_14
u_ctrl/add_472                       6.0799      0.1     6.0799     0.0000  0.0000  attacc_controller_DW01_add_2_DW01_add_13
u_ctrl/add_488                       5.4238      0.1     5.4238     0.0000  0.0000  attacc_controller_DW01_add_1_DW01_add_12
u_ctrl/add_493_2                     6.6047      0.1     6.6047     0.0000  0.0000  attacc_controller_DW01_add_0_DW01_add_11
u_ctrl/r319                          2.7702      0.0     2.7702     0.0000  0.0000  attacc_controller_DW01_dec_7_DW01_dec_10
u_ctrl/r329                          3.1930      0.0     3.1930     0.0000  0.0000  attacc_controller_DW01_inc_3_DW01_inc_15
u_dma                              659.0014      9.8   187.8050   436.7002  0.0000  dma_engine_ADDR_W34
u_dma/add_57                        12.6700      0.2    12.6700     0.0000  0.0000  dma_engine_ADDR_W34_DW01_add_J7_0
u_dma/add_59                        12.6700      0.2    12.6700     0.0000  0.0000  dma_engine_ADDR_W34_DW01_add_2
u_dma/add_82_S2                      3.1930      0.0     3.1930     0.0000  0.0000  dma_engine_ADDR_W34_DW01_inc_1_DW01_inc_7
u_dma/add_93                         3.1930      0.0     3.1930     0.0000  0.0000  dma_engine_ADDR_W34_DW01_inc_0_DW01_inc_6
u_dma/sub_64                         2.7702      0.0     2.7702     0.0000  0.0000  dma_engine_ADDR_W34_DW01_dec_0
u_tlb                             4536.0275     67.3    11.9410    20.4703  0.0000  kv_tlb_top
u_tlb/add_108                        3.1930      0.0     3.1930     0.0000  0.0000  kv_tlb_top_DW01_inc_0_DW01_inc_8
u_tlb/u_plan                       222.0242      3.3    62.0816   121.3056  0.0000  kv_scan_planner_ENTRIES32
u_tlb/u_plan/add_132_aco            11.2703      0.2    11.2703     0.0000  0.0000  kv_scan_planner_ENTRIES32_DW01_add_J5_0
u_tlb/u_plan/add_141                 6.7943      0.1     6.7943     0.0000  0.0000  kv_scan_planner_ENTRIES32_DW01_add_1_DW01_add_5
u_tlb/u_plan/add_209                 4.5490      0.1     4.5490     0.0000  0.0000  kv_scan_planner_ENTRIES32_DW01_add_0_DW01_add_4
u_tlb/u_plan/eq_143_4                5.5258      0.1     5.5258     0.0000  0.0000  kv_scan_planner_ENTRIES32_DW01_cmp6_0_DW01_cmp6_3
u_tlb/u_plan/sub_132                 5.2488      0.1     5.2488     0.0000  0.0000  kv_scan_planner_ENTRIES32_DW01_sub_1
u_tlb/u_plan/sub_134                 5.2488      0.1     5.2488     0.0000  0.0000  kv_scan_planner_ENTRIES32_DW01_sub_0
u_tlb/u_ptw                        349.4680      5.2   118.5646   188.0237  0.0000  kv_ptw
u_tlb/u_ptw/add_116_C65_rn          13.3553      0.2    13.3553     0.0000  0.0000  kv_ptw_DW01_add_4
u_tlb/u_ptw/add_171                  1.8808      0.0     1.8808     0.0000  0.0000  kv_ptw_DW01_inc_0_DW01_inc_9
u_tlb/u_ptw/add_219_S2               4.5490      0.1     4.5490     0.0000  0.0000  kv_ptw_DW01_add_J3_0
u_tlb/u_ptw/add_66                  10.8184      0.2    10.8184     0.0000  0.0000  kv_ptw_DW01_add_J2_0
u_tlb/u_ptw/add_67                  10.6142      0.2    10.6142     0.0000  0.0000  kv_ptw_DW01_add_J4_0
u_tlb/u_ptw/r129                     1.6621      0.0     1.6621     0.0000  0.0000  kv_ptw_DW01_inc_1_DW01_inc_10
u_tlb/u_tlb                       3928.9309     58.3  2121.7837  1791.9111  0.0000  kv_seg_tlb_ENTRIES32
u_tlb/u_tlb/add_94                   6.6922      0.1     6.6922     0.0000  0.0000  kv_seg_tlb_ENTRIES32_DW01_add_0_DW01_add_10
u_tlb/u_tlb/sub_90                   8.5439      0.1     8.5439     0.0000  0.0000  kv_seg_tlb_ENTRIES32_DW01_sub_J3_0
--------------------------------  ---------  -------  ---------  ---------  ------  -------------------------------------------------
Total                                                 3220.2846  3523.8110  0.0000

1
