 
****************************************
Report : area
Design : gemv_unit
Version: P-2019.03-SP5-6
Date   : Tue Sep  1 00:17:41 2026
****************************************

Library(s) Used:

    asap7sc7p5t_INVBUF_RVT_TT_nldm_211120 (File: /thu-bloor/xinyao-w23/kvpim-rtl/third_party/asap7_lib/db/asap7sc7p5t_INVBUF_RVT_TT_nldm_211120.db)
    asap7sc7p5t_SIMPLE_RVT_TT_nldm_211120 (File: /thu-bloor/xinyao-w23/kvpim-rtl/third_party/asap7_lib/db/asap7sc7p5t_SIMPLE_RVT_TT_nldm_211120.db)
    asap7sc7p5t_OA_RVT_TT_nldm_211120 (File: /thu-bloor/xinyao-w23/kvpim-rtl/third_party/asap7_lib/db/asap7sc7p5t_OA_RVT_TT_nldm_211120.db)
    asap7sc7p5t_AO_RVT_TT_nldm_211120 (File: /thu-bloor/xinyao-w23/kvpim-rtl/third_party/asap7_lib/db/asap7sc7p5t_AO_RVT_TT_nldm_211120.db)
    asap7sc7p5t_SEQ_RVT_TT_nldm_220123 (File: /thu-bloor/xinyao-w23/kvpim-rtl/third_party/asap7_lib/db/asap7sc7p5t_SEQ_RVT_TT_nldm_220123.db)

Number of ports:                         6231
Number of nets:                         68316
Number of cells:                        61490
Number of combinational cells:          51845
Number of sequential cells:              9547
Number of macros/black boxes:               0
Number of buf/inv:                      19942
Number of references:                      91

Combinational area:               3980.354596
Buf/Inv area:                     1047.966673
Noncombinational area:            2902.440506
Macro/Black Box area:                0.000000
Net Interconnect area:      undefined  (No wire load specified)

Total cell area:                  6882.795102
Total area:                 undefined

Hierarchical area distribution
------------------------------

                                  Global cell area          Local cell area
                                  ------------------  ---------------------------- 
Hierarchical cell                 Absolute   Percent  Combi-     Noncombi-  Black-
                                  Total      Total    national   national   boxes   Design
--------------------------------  ---------  -------  ---------  ---------  ------  -------------------------------------
gemv_unit                         6882.7951    100.0   227.2147   210.0103  0.0000  gemv_unit
add_88                               1.6621      0.0     1.6621     0.0000  0.0000  gemv_unit_DW01_inc_0
g_add[0].u_add                      63.3793      0.9    42.0633     6.4444  0.0000  fp16_add_0
g_add[0].u_add/add_74_S2             7.2900      0.1     7.2900     0.0000  0.0000  fp16_add_0_DW01_add_J8_0
g_add[0].u_add/sub_75                7.5816      0.1     7.5816     0.0000  0.0000  fp16_add_0_DW01_sub_J11_0
g_add[10].u_add                     63.5834      0.9    42.1799     6.4444  0.0000  fp16_add_6
g_add[10].u_add/add_74_S2            7.2317      0.1     7.2317     0.0000  0.0000  fp16_add_6_DW01_add_J9_0
g_add[10].u_add/sub_75               7.7274      0.1     7.7274     0.0000  0.0000  fp16_add_6_DW01_sub_J10_0
g_add[11].u_add                     63.2772      0.9    41.9612     6.4444  0.0000  fp16_add_5
g_add[11].u_add/add_74_S2            7.2025      0.1     7.2025     0.0000  0.0000  fp16_add_5_DW01_add_J7_0
g_add[11].u_add/sub_75               7.6691      0.1     7.6691     0.0000  0.0000  fp16_add_5_DW01_sub_4
g_add[12].u_add                     63.0439      0.9    41.7134     6.4444  0.0000  fp16_add_4
g_add[12].u_add/add_74_S2            7.2025      0.1     7.2025     0.0000  0.0000  fp16_add_4_DW01_add_2
g_add[12].u_add/sub_75               7.6837      0.1     7.6837     0.0000  0.0000  fp16_add_4_DW01_sub_J12_0
g_add[13].u_add                     63.4522      0.9    41.9612     6.4444  0.0000  fp16_add_3
g_add[13].u_add/add_74_S2            7.3337      0.1     7.3337     0.0000  0.0000  fp16_add_3_DW01_add_J8_0
g_add[13].u_add/sub_75               7.7128      0.1     7.7128     0.0000  0.0000  fp16_add_3_DW01_sub_J11_0
g_add[14].u_add                     63.6854      0.9    42.3841     6.4444  0.0000  fp16_add_2
g_add[14].u_add/add_74_S2            7.2317      0.1     7.2317     0.0000  0.0000  fp16_add_2_DW01_add_J9_0
g_add[14].u_add/sub_75               7.6253      0.1     7.6253     0.0000  0.0000  fp16_add_2_DW01_sub_J10_0
g_add[15].u_add                     63.2335      0.9    41.6696     6.4444  0.0000  fp16_add_1
g_add[15].u_add/add_74_S2            7.5087      0.1     7.5087     0.0000  0.0000  fp16_add_1_DW01_add_J7_0
g_add[15].u_add/sub_75               7.6108      0.1     7.6108     0.0000  0.0000  fp16_add_1_DW01_sub_J10_0
g_add[1].u_add                      63.1022      0.9    41.7863     6.4444  0.0000  fp16_add_15
g_add[1].u_add/add_74_S2             7.2900      0.1     7.2900     0.0000  0.0000  fp16_add_15_DW01_add_2
g_add[1].u_add/sub_75                7.5816      0.1     7.5816     0.0000  0.0000  fp16_add_15_DW01_sub_5
g_add[2].u_add                      63.8021      0.9    42.4424     6.4444  0.0000  fp16_add_14
g_add[2].u_add/add_74_S2             7.2900      0.1     7.2900     0.0000  0.0000  fp16_add_14_DW01_add_J9_0
g_add[2].u_add/sub_75                7.6253      0.1     7.6253     0.0000  0.0000  fp16_add_14_DW01_sub_J12_0
g_add[3].u_add                      63.1751      0.9    41.8154     6.4444  0.0000  fp16_add_13
g_add[3].u_add/add_74_S2             7.2317      0.1     7.2317     0.0000  0.0000  fp16_add_13_DW01_add_2
g_add[3].u_add/sub_75                7.6837      0.1     7.6837     0.0000  0.0000  fp16_add_13_DW01_sub_5
g_add[4].u_add                      62.9856      0.9    41.7134     6.4444  0.0000  fp16_add_12
g_add[4].u_add/add_74_S2             7.1296      0.1     7.1296     0.0000  0.0000  fp16_add_12_DW01_add_J7_0
g_add[4].u_add/sub_75                7.6982      0.1     7.6982     0.0000  0.0000  fp16_add_12_DW01_sub_J12_0
g_add[5].u_add                      62.6940      0.9    41.5967     6.4444  0.0000  fp16_add_11
g_add[5].u_add/add_74_S2             6.9984      0.1     6.9984     0.0000  0.0000  fp16_add_11_DW01_add_J8_0
g_add[5].u_add/sub_75                7.6545      0.1     7.6545     0.0000  0.0000  fp16_add_11_DW01_sub_J11_0
g_add[6].u_add                      63.5980      0.9    42.3549     6.4444  0.0000  fp16_add_10
g_add[6].u_add/add_74_S2             7.2025      0.1     7.2025     0.0000  0.0000  fp16_add_10_DW01_add_J9_0
g_add[6].u_add/sub_75                7.5962      0.1     7.5962     0.0000  0.0000  fp16_add_10_DW01_sub_J10_0
g_add[7].u_add                      63.7438      0.9    42.4861     6.4444  0.0000  fp16_add_9
g_add[7].u_add/add_74_S2             7.2317      0.1     7.2317     0.0000  0.0000  fp16_add_9_DW01_add_J7_0
g_add[7].u_add/sub_75                7.5816      0.1     7.5816     0.0000  0.0000  fp16_add_9_DW01_sub_4
g_add[8].u_add                      63.4959      0.9    42.1070     6.4444  0.0000  fp16_add_8
g_add[8].u_add/add_74_S2             7.2317      0.1     7.2317     0.0000  0.0000  fp16_add_8_DW01_add_2
g_add[8].u_add/sub_75                7.7128      0.1     7.7128     0.0000  0.0000  fp16_add_8_DW01_sub_J12_0
g_add[9].u_add                      63.1314      0.9    41.7425     6.4444  0.0000  fp16_add_7
g_add[9].u_add/add_74_S2             7.2608      0.1     7.2608     0.0000  0.0000  fp16_add_7_DW01_add_J8_0
g_add[9].u_add/sub_75                7.6837      0.1     7.6837     0.0000  0.0000  fp16_add_7_DW01_sub_J11_0
g_mul[0].u_mul                      70.4651      1.0    16.7087     6.4444  0.0000  fp16_mult_0
g_mul[0].u_mul/mult_35              47.3121      0.7    41.9321     0.0000  0.0000  fp16_mult_0_DW02_mult_0
g_mul[0].u_mul/mult_35/FS_1          5.3800      0.1     5.3800     0.0000  0.0000  fp16_mult_0_DW01_add_J13_0
g_mul[10].u_mul                     70.2027      1.0    16.4317     6.4444  0.0000  fp16_mult_6
g_mul[10].u_mul/mult_35             47.3267      0.7    41.9467     0.0000  0.0000  fp16_mult_6_DW02_mult_0_DW02_mult_1
g_mul[10].u_mul/mult_35/FS_1         5.3800      0.1     5.3800     0.0000  0.0000  fp16_mult_6_DW01_add_J14_0
g_mul[11].u_mul                     70.2464      1.0    16.7087     6.4444  0.0000  fp16_mult_5
g_mul[11].u_mul/mult_35             47.0934      0.7    41.7571     0.0000  0.0000  fp16_mult_5_DW02_mult_0_DW02_mult_2
g_mul[11].u_mul/mult_35/FS_1         5.3363      0.1     5.3363     0.0000  0.0000  fp16_mult_5_DW01_add_J15_0
g_mul[12].u_mul                     69.8236      1.0    16.3296     6.4444  0.0000  fp16_mult_4
g_mul[12].u_mul/mult_35             47.0497      0.7    41.8154     0.0000  0.0000  fp16_mult_4_DW02_mult_0_DW02_mult_3
g_mul[12].u_mul/mult_35/FS_1         5.2342      0.1     5.2342     0.0000  0.0000  fp16_mult_4_DW01_add_J13_0
g_mul[13].u_mul                     69.8674      1.0    16.2859     6.4444  0.0000  fp16_mult_3
g_mul[13].u_mul/mult_35             47.1371      0.7    41.8154     0.0000  0.0000  fp16_mult_3_DW02_mult_0_DW02_mult_4
g_mul[13].u_mul/mult_35/FS_1         5.3217      0.1     5.3217     0.0000  0.0000  fp16_mult_3_DW01_add_4
g_mul[14].u_mul                     70.9171      1.0    16.7524     6.4444  0.0000  fp16_mult_2
g_mul[14].u_mul/mult_35             47.7203      0.7    42.1945     0.0000  0.0000  fp16_mult_2_DW02_mult_0_DW02_mult_5
g_mul[14].u_mul/mult_35/FS_1         5.5258      0.1     5.5258     0.0000  0.0000  fp16_mult_2_DW01_add_J14_0
g_mul[15].u_mul                     70.5089      1.0    16.7378     6.4444  0.0000  fp16_mult_1
g_mul[15].u_mul/mult_35             47.3267      0.7    42.0196     0.0000  0.0000  fp16_mult_1_DW02_mult_0_DW02_mult_6
g_mul[15].u_mul/mult_35/FS_1         5.3071      0.1     5.3071     0.0000  0.0000  fp16_mult_1_DW01_add_J15_0
g_mul[1].u_mul                      69.6049      1.0    16.3733     6.4444  0.0000  fp16_mult_15
g_mul[1].u_mul/mult_35              46.7872      0.7    41.5530     0.0000  0.0000  fp16_mult_15_DW02_mult_0_DW02_mult_7
g_mul[1].u_mul/mult_35/FS_1          5.2342      0.1     5.2342     0.0000  0.0000  fp16_mult_15_DW01_add_J14_0
g_mul[2].u_mul                      69.9548      1.0    16.5629     6.4444  0.0000  fp16_mult_14
g_mul[2].u_mul/mult_35              46.9476      0.7    41.6259     0.0000  0.0000  fp16_mult_14_DW02_mult_0_DW02_mult_8
g_mul[2].u_mul/mult_35/FS_1          5.3217      0.1     5.3217     0.0000  0.0000  fp16_mult_14_DW01_add_3
g_mul[3].u_mul                      69.7216      1.0    16.3004     6.4444  0.0000  fp16_mult_13
g_mul[3].u_mul/mult_35              46.9768      0.7    41.6551     0.0000  0.0000  fp16_mult_13_DW02_mult_0_DW02_mult_9
g_mul[3].u_mul/mult_35/FS_1          5.3217      0.1     5.3217     0.0000  0.0000  fp16_mult_13_DW01_add_J15_0
g_mul[4].u_mul                      69.9111      1.0    16.3442     6.4444  0.0000  fp16_mult_12
g_mul[4].u_mul/mult_35              47.1226      0.7    41.7717     0.0000  0.0000  fp16_mult_12_DW02_mult_0_DW02_mult_10
g_mul[4].u_mul/mult_35/FS_1          5.3509      0.1     5.3509     0.0000  0.0000  fp16_mult_12_DW01_add_J13_0
g_mul[5].u_mul                      69.9548      1.0    16.4462     6.4444  0.0000  fp16_mult_11
g_mul[5].u_mul/mult_35              47.0642      0.7    41.7134     0.0000  0.0000  fp16_mult_11_DW02_mult_0_DW02_mult_11
g_mul[5].u_mul/mult_35/FS_1          5.3509      0.1     5.3509     0.0000  0.0000  fp16_mult_11_DW01_add_4
g_mul[6].u_mul                      70.0861      1.0    16.4608     6.4444  0.0000  fp16_mult_10
g_mul[6].u_mul/mult_35              47.1809      0.7    41.7571     0.0000  0.0000  fp16_mult_10_DW02_mult_0_DW02_mult_12
g_mul[6].u_mul/mult_35/FS_1          5.4238      0.1     5.4238     0.0000  0.0000  fp16_mult_10_DW01_add_J14_0
g_mul[7].u_mul                      70.8442      1.0    17.1752     6.4444  0.0000  fp16_mult_9
g_mul[7].u_mul/mult_35              47.2246      0.7    41.9029     0.0000  0.0000  fp16_mult_9_DW02_mult_0_DW02_mult_13
g_mul[7].u_mul/mult_35/FS_1          5.3217      0.1     5.3217     0.0000  0.0000  fp16_mult_9_DW01_add_J15_0
g_mul[8].u_mul                      70.2027      1.0    16.4025     6.4444  0.0000  fp16_mult_8
g_mul[8].u_mul/mult_35              47.3558      0.7    42.0779     0.0000  0.0000  fp16_mult_8_DW02_mult_0_DW02_mult_14
g_mul[8].u_mul/mult_35/FS_1          5.2780      0.1     5.2780     0.0000  0.0000  fp16_mult_8_DW01_add_J13_0
g_mul[9].u_mul                      70.7276      1.0    17.2336     6.4444  0.0000  fp16_mult_7
g_mul[9].u_mul/mult_35              47.0497      0.7    41.6842     0.0000  0.0000  fp16_mult_7_DW02_mult_0_DW02_mult_15
g_mul[9].u_mul/mult_35/FS_1          5.3654      0.1     5.3654     0.0000  0.0000  fp16_mult_7_DW01_add_4
u_vec_buf                         4307.4860     62.6  1821.2753  2486.2107  0.0000  dbuf_16x256
--------------------------------  ---------  -------  ---------  ---------  ------  -------------------------------------
Total                                                 3980.3546  2902.4405  0.0000

1
