============================================================
  Generated by:           Genus(TM) Synthesis Solution 25.10-p002_1
  Generated on:           Aug 27 2026  02:48:19 pm
  Operating conditions:   PVT_0P7V_25C (balanced_tree)
  Wireload mode:          enclosed
  Area mode:              timing library
============================================================

                                                                                       Library 
           Gate             Instances    Area                   Library                 Domain 
-----------------------------------------------------------------------------------------------
A2O1A1Ixp33_ASAP7_75t_SL          313    27.381     asap7sc7p5t_AO_SLVT_TT_nldm_201020       0 
A2O1A1O1Ixp25_ASAP7_75t_SL         42     5.511     asap7sc7p5t_AO_SLVT_TT_nldm_201020       0 
AND2x2_ASAP7_75t_SL               774    67.710 asap7sc7p5t_SIMPLE_SLVT_TT_nldm_201020       0 
AND3x1_ASAP7_75t_SL                 7     0.612 asap7sc7p5t_SIMPLE_SLVT_TT_nldm_201020       0 
AND4x1_ASAP7_75t_SL              1024   104.509 asap7sc7p5t_SIMPLE_SLVT_TT_nldm_201020       0 
AND5x1_ASAP7_75t_SL                18     2.100 asap7sc7p5t_SIMPLE_SLVT_TT_nldm_201020       0 
AO21x1_ASAP7_75t_SL                20     1.750     asap7sc7p5t_AO_SLVT_TT_nldm_201020       0 
AO22x1_ASAP7_75t_SL                 1     0.131     asap7sc7p5t_AO_SLVT_TT_nldm_201020       0 
AO32x1_ASAP7_75t_SL                 3     0.350     asap7sc7p5t_AO_SLVT_TT_nldm_201020       0 
AOI211xp5_ASAP7_75t_SL            521    45.577     asap7sc7p5t_AO_SLVT_TT_nldm_201020       0 
AOI21x1_ASAP7_75t_SL                1     0.117     asap7sc7p5t_AO_SLVT_TT_nldm_201020       0 
AOI21xp33_ASAP7_75t_L               1     0.073      asap7sc7p5t_AO_LVT_TT_nldm_201020       0 
AOI21xp33_ASAP7_75t_SL            122     8.894     asap7sc7p5t_AO_SLVT_TT_nldm_201020       0 
AOI21xp5_ASAP7_75t_L               45     3.281      asap7sc7p5t_AO_LVT_TT_nldm_201020       0 
AOI21xp5_ASAP7_75t_SL             632    46.073     asap7sc7p5t_AO_SLVT_TT_nldm_201020       0 
AOI221xp5_ASAP7_75t_L               4     0.408      asap7sc7p5t_AO_LVT_TT_nldm_201020       0 
AOI221xp5_ASAP7_75t_SL           1375   140.333     asap7sc7p5t_AO_SLVT_TT_nldm_201020       0 
AOI222xp33_ASAP7_75t_SL            12     1.750     asap7sc7p5t_AO_SLVT_TT_nldm_201020       0 
AOI22xp33_ASAP7_75t_L             355    31.055      asap7sc7p5t_AO_LVT_TT_nldm_201020       0 
AOI22xp33_ASAP7_75t_SL            848    74.183     asap7sc7p5t_AO_SLVT_TT_nldm_201020       0 
AOI22xp5_ASAP7_75t_L              132    11.547      asap7sc7p5t_AO_LVT_TT_nldm_201020       0 
AOI22xp5_ASAP7_75t_SL           11270   985.900     asap7sc7p5t_AO_SLVT_TT_nldm_201020       0 
AOI311xp33_ASAP7_75t_SL             5     0.510     asap7sc7p5t_AO_SLVT_TT_nldm_201020       0 
AOI31xp33_ASAP7_75t_SL            141    12.335     asap7sc7p5t_AO_SLVT_TT_nldm_201020       0 
AOI321xp33_ASAP7_75t_SL            36     4.199     asap7sc7p5t_AO_SLVT_TT_nldm_201020       0 
AOI322xp5_ASAP7_75t_SL            820   107.600     asap7sc7p5t_AO_SLVT_TT_nldm_201020       0 
AOI32xp33_ASAP7_75t_SL             28     2.858     asap7sc7p5t_AO_SLVT_TT_nldm_201020       0 
AOI33xp33_ASAP7_75t_SL              1     0.117     asap7sc7p5t_AO_SLVT_TT_nldm_201020       0 
ASYNC_DFFHx1_ASAP7_75t_L          136    51.555     asap7sc7p5t_SEQ_LVT_TT_nldm_201020       0 
ASYNC_DFFHx1_ASAP7_75t_SL         511   193.710    asap7sc7p5t_SEQ_SLVT_TT_nldm_201020       0 
BUFx10_ASAP7_75t_L                  2     0.408  asap7sc7p5t_INVBUF_LVT_TT_nldm_201020       0 
BUFx12_ASAP7_75t_SL                 1     0.233 asap7sc7p5t_INVBUF_SLVT_TT_nldm_201020       0 
BUFx12f_ASAP7_75t_SL                1     0.262 asap7sc7p5t_INVBUF_SLVT_TT_nldm_201020       0 
BUFx24_ASAP7_75t_SL                 2     0.875 asap7sc7p5t_INVBUF_SLVT_TT_nldm_201020       0 
BUFx2_ASAP7_75t_L                 660    48.114  asap7sc7p5t_INVBUF_LVT_TT_nldm_201020       0 
BUFx2_ASAP7_75t_R                   1     1.166  asap7sc7p5t_INVBUF_RVT_TT_nldm_201020       0 
BUFx2_ASAP7_75t_SL                207    15.090 asap7sc7p5t_INVBUF_SLVT_TT_nldm_201020       0 
BUFx3_ASAP7_75t_L                 217    18.983  asap7sc7p5t_INVBUF_LVT_TT_nldm_201020       0 
BUFx3_ASAP7_75t_SL                  5     0.437 asap7sc7p5t_INVBUF_SLVT_TT_nldm_201020       0 
BUFx4f_ASAP7_75t_SL                23     2.683 asap7sc7p5t_INVBUF_SLVT_TT_nldm_201020       0 
BUFx5_ASAP7_75t_SL                  7     0.816 asap7sc7p5t_INVBUF_SLVT_TT_nldm_201020       0 
BUFx6f_ASAP7_75t_SL                 3     0.437 asap7sc7p5t_INVBUF_SLVT_TT_nldm_201020       0 
BUFx8_ASAP7_75t_SL                  7     1.225 asap7sc7p5t_INVBUF_SLVT_TT_nldm_201020       0 
CKINVDCx10_ASAP7_75t_R              1     0.000  asap7sc7p5t_INVBUF_RVT_TT_nldm_201020       0 
CKINVDCx11_ASAP7_75t_R              3     0.000  asap7sc7p5t_INVBUF_RVT_TT_nldm_201020       0 
CKINVDCx12_ASAP7_75t_R            260     0.000  asap7sc7p5t_INVBUF_RVT_TT_nldm_201020       0 
CKINVDCx14_ASAP7_75t_R            293     0.000  asap7sc7p5t_INVBUF_RVT_TT_nldm_201020       0 
CKINVDCx16_ASAP7_75t_R           1554     0.000  asap7sc7p5t_INVBUF_RVT_TT_nldm_201020       0 
CKINVDCx20_ASAP7_75t_R          31080     0.000  asap7sc7p5t_INVBUF_RVT_TT_nldm_201020       0 
CKINVDCx5p33_ASAP7_75t_R         1257     0.000  asap7sc7p5t_INVBUF_RVT_TT_nldm_201020       0 
CKINVDCx8_ASAP7_75t_R              21     0.000  asap7sc7p5t_INVBUF_RVT_TT_nldm_201020       0 
DFFHQNx1_ASAP7_75t_L               23     6.707     asap7sc7p5t_SEQ_LVT_TT_nldm_201020       0 
DFFHQNx1_ASAP7_75t_SL            1035   301.806    asap7sc7p5t_SEQ_SLVT_TT_nldm_201020       0 
DFFHQx4_ASAP7_75t_SL               26     9.477    asap7sc7p5t_SEQ_SLVT_TT_nldm_201020       0 
FAx1_ASAP7_75t_SL                 130    26.536 asap7sc7p5t_SIMPLE_SLVT_TT_nldm_201020       0 
HAxp5_ASAP7_75t_SL                111    14.565 asap7sc7p5t_SIMPLE_SLVT_TT_nldm_201020       0 
HB1xp67_ASAP7_75t_L               153     8.923  asap7sc7p5t_INVBUF_LVT_TT_nldm_201020       0 
HB1xp67_ASAP7_75t_SL               59     3.441 asap7sc7p5t_INVBUF_SLVT_TT_nldm_201020       0 
INVx11_ASAP7_75t_SL                 1     0.190 asap7sc7p5t_INVBUF_SLVT_TT_nldm_201020       0 
INVx1_ASAP7_75t_SL               1205    52.707 asap7sc7p5t_INVBUF_SLVT_TT_nldm_201020       0 
INVx2_ASAP7_75t_SL                114     6.648 asap7sc7p5t_INVBUF_SLVT_TT_nldm_201020       0 
INVx3_ASAP7_75t_SL                  8     0.583 asap7sc7p5t_INVBUF_SLVT_TT_nldm_201020       0 
INVx4_ASAP7_75t_SL                  1     0.087 asap7sc7p5t_INVBUF_SLVT_TT_nldm_201020       0 
INVxp33_ASAP7_75t_SL              101     4.418 asap7sc7p5t_INVBUF_SLVT_TT_nldm_201020       0 
INVxp67_ASAP7_75t_SL             2401   105.020 asap7sc7p5t_INVBUF_SLVT_TT_nldm_201020       0 
MAJIxp5_ASAP7_75t_SL               63     6.430 asap7sc7p5t_SIMPLE_SLVT_TT_nldm_201020       0 
MAJx2_ASAP7_75t_L                   1     0.131  asap7sc7p5t_SIMPLE_LVT_TT_nldm_201020       0 
NAND2x1_ASAP7_75t_SL                4     0.350 asap7sc7p5t_SIMPLE_SLVT_TT_nldm_201020       0 
NAND2x2_ASAP7_75t_SL               10     1.458 asap7sc7p5t_SIMPLE_SLVT_TT_nldm_201020       0 
NAND2xp33_ASAP7_75t_L              51     2.974  asap7sc7p5t_SIMPLE_LVT_TT_nldm_201020       0 
NAND2xp33_ASAP7_75t_SL             47     2.741 asap7sc7p5t_SIMPLE_SLVT_TT_nldm_201020       0 
NAND2xp5_ASAP7_75t_L              413    24.086  asap7sc7p5t_SIMPLE_LVT_TT_nldm_201020       0 
NAND2xp5_ASAP7_75t_SL            1961   114.366 asap7sc7p5t_SIMPLE_SLVT_TT_nldm_201020       0 
NAND3xp33_ASAP7_75t_L               4     0.292  asap7sc7p5t_SIMPLE_LVT_TT_nldm_201020       0 
NAND3xp33_ASAP7_75t_SL             72     5.249 asap7sc7p5t_SIMPLE_SLVT_TT_nldm_201020       0 
NAND4xp25_ASAP7_75t_SL           1115    97.540 asap7sc7p5t_SIMPLE_SLVT_TT_nldm_201020       0 
NAND5xp2_ASAP7_75t_SL             274    27.964 asap7sc7p5t_SIMPLE_SLVT_TT_nldm_201020       0 
NOR2x1_ASAP7_75t_SL                 2     0.175 asap7sc7p5t_SIMPLE_SLVT_TT_nldm_201020       0 
NOR2x1p5_ASAP7_75t_SL               4     0.467 asap7sc7p5t_SIMPLE_SLVT_TT_nldm_201020       0 
NOR2xp33_ASAP7_75t_L                4     0.233  asap7sc7p5t_SIMPLE_LVT_TT_nldm_201020       0 
NOR2xp33_ASAP7_75t_SL            2312   134.836 asap7sc7p5t_SIMPLE_SLVT_TT_nldm_201020       0 
NOR3x1_ASAP7_75t_SL                 1     0.160 asap7sc7p5t_SIMPLE_SLVT_TT_nldm_201020       0 
NOR3xp33_ASAP7_75t_L                1     0.073  asap7sc7p5t_SIMPLE_LVT_TT_nldm_201020       0 
NOR3xp33_ASAP7_75t_SL             141    10.279 asap7sc7p5t_SIMPLE_SLVT_TT_nldm_201020       0 
NOR4xp25_ASAP7_75t_SL              44     3.849 asap7sc7p5t_SIMPLE_SLVT_TT_nldm_201020       0 
NOR5xp2_ASAP7_75t_SL              206    21.024 asap7sc7p5t_SIMPLE_SLVT_TT_nldm_201020       0 
O2A1O1Ixp33_ASAP7_75t_L             1     0.087      asap7sc7p5t_OA_LVT_TT_nldm_201020       0 
O2A1O1Ixp33_ASAP7_75t_R             2     0.175      asap7sc7p5t_OA_RVT_TT_nldm_201020       0 
O2A1O1Ixp33_ASAP7_75t_SL          322    28.169     asap7sc7p5t_OA_SLVT_TT_nldm_201020       0 
O2A1O1Ixp5_ASAP7_75t_SL             1     0.117     asap7sc7p5t_OA_SLVT_TT_nldm_201020       0 
OA21x2_ASAP7_75t_SL                97     9.900     asap7sc7p5t_OA_SLVT_TT_nldm_201020       0 
OA22x2_ASAP7_75t_SL                10     1.458     asap7sc7p5t_OA_SLVT_TT_nldm_201020       0 
OA331x1_ASAP7_75t_SL                1     0.146     asap7sc7p5t_OA_SLVT_TT_nldm_201020       0 
OAI211xp5_ASAP7_75t_SL            448    39.191     asap7sc7p5t_OA_SLVT_TT_nldm_201020       0 
OAI21xp33_ASAP7_75t_SL            116     8.456     asap7sc7p5t_OA_SLVT_TT_nldm_201020       0 
OAI21xp5_ASAP7_75t_L               16     1.166      asap7sc7p5t_OA_LVT_TT_nldm_201020       0 
OAI21xp5_ASAP7_75t_SL             754    54.967     asap7sc7p5t_OA_SLVT_TT_nldm_201020       0 
OAI221xp5_ASAP7_75t_L               6     0.612      asap7sc7p5t_OA_LVT_TT_nldm_201020       0 
OAI221xp5_ASAP7_75t_SL           1875   191.362     asap7sc7p5t_OA_SLVT_TT_nldm_201020       0 
OAI222xp33_ASAP7_75t_SL            19     2.770     asap7sc7p5t_OA_SLVT_TT_nldm_201020       0 
OAI22xp33_ASAP7_75t_SL            113     9.885     asap7sc7p5t_OA_SLVT_TT_nldm_201020       0 
OAI22xp5_ASAP7_75t_L                1     0.087      asap7sc7p5t_OA_LVT_TT_nldm_201020       0 
OAI22xp5_ASAP7_75t_SL            3458   302.506     asap7sc7p5t_OA_SLVT_TT_nldm_201020       0 
OAI311xp33_ASAP7_75t_SL             7     0.714     asap7sc7p5t_OA_SLVT_TT_nldm_201020       0 
OAI31xp33_ASAP7_75t_SL            165    14.434     asap7sc7p5t_OA_SLVT_TT_nldm_201020       0 
OAI321xp33_ASAP7_75t_SL            36     4.199     asap7sc7p5t_OA_SLVT_TT_nldm_201020       0 
OAI322xp33_ASAP7_75t_L              2     0.262      asap7sc7p5t_OA_LVT_TT_nldm_201020       0 
OAI322xp33_ASAP7_75t_SL           400    52.488     asap7sc7p5t_OA_SLVT_TT_nldm_201020       0 
OAI32xp33_ASAP7_75t_L               1     0.102      asap7sc7p5t_OA_LVT_TT_nldm_201020       0 
OAI32xp33_ASAP7_75t_SL             43     4.389     asap7sc7p5t_OA_SLVT_TT_nldm_201020       0 
OAI331xp33_ASAP7_75t_SL             3     0.394     asap7sc7p5t_OA_SLVT_TT_nldm_201020       0 
OAI332xp33_ASAP7_75t_SL             1     0.146     asap7sc7p5t_OA_SLVT_TT_nldm_201020       0 
OAI333xp33_ASAP7_75t_SL             1     0.160     asap7sc7p5t_OA_SLVT_TT_nldm_201020       0 
OAI33xp33_ASAP7_75t_SL             10     1.166     asap7sc7p5t_OA_SLVT_TT_nldm_201020       0 
OR2x2_ASAP7_75t_SL                163    14.259 asap7sc7p5t_SIMPLE_SLVT_TT_nldm_201020       0 
OR2x4_ASAP7_75t_SL                  1     0.117 asap7sc7p5t_SIMPLE_SLVT_TT_nldm_201020       0 
OR3x1_ASAP7_75t_SL                  8     0.700 asap7sc7p5t_SIMPLE_SLVT_TT_nldm_201020       0 
OR4x1_ASAP7_75t_SL                  8     0.816 asap7sc7p5t_SIMPLE_SLVT_TT_nldm_201020       0 
OR5x1_ASAP7_75t_SL                 16     1.866 asap7sc7p5t_SIMPLE_SLVT_TT_nldm_201020       0 
SDFHx1_ASAP7_75t_L                 19     6.925     asap7sc7p5t_SEQ_LVT_TT_nldm_201020       0 
SDFHx1_ASAP7_75t_SL             27535 10036.507    asap7sc7p5t_SEQ_SLVT_TT_nldm_201020       0 
SDFHx2_ASAP7_75t_SL                10     3.791    asap7sc7p5t_SEQ_SLVT_TT_nldm_201020       0 
XNOR2xp5_ASAP7_75t_L                3     0.394  asap7sc7p5t_SIMPLE_LVT_TT_nldm_201020       0 
XNOR2xp5_ASAP7_75t_SL             476    62.461 asap7sc7p5t_SIMPLE_SLVT_TT_nldm_201020       0 
XOR2x2_ASAP7_75t_SL                16     2.566 asap7sc7p5t_SIMPLE_SLVT_TT_nldm_201020       0 
XOR2xp5_ASAP7_75t_L                 4     0.525  asap7sc7p5t_SIMPLE_LVT_TT_nldm_201020       0 
XOR2xp5_ASAP7_75t_SL              625    82.013 asap7sc7p5t_SIMPLE_SLVT_TT_nldm_201020       0 
-----------------------------------------------------------------------------------------------
total                          103694 13961.094                                                
                                                                       
                Library                Instances    Area   Instances % 
-----------------------------------------------------------------------
asap7sc7p5t_AO_LVT_TT_nldm_201020            537    46.364         0.5 
asap7sc7p5t_AO_SLVT_TT_nldm_201020         16191  1465.567        15.6 
asap7sc7p5t_INVBUF_LVT_TT_nldm_201020       1032    76.428         1.0 
asap7sc7p5t_INVBUF_RVT_TT_nldm_201020      34470     1.166        33.2 
asap7sc7p5t_INVBUF_SLVT_TT_nldm_201020      4146   195.153         4.0 
asap7sc7p5t_OA_LVT_TT_nldm_201020             27     2.318         0.0 
asap7sc7p5t_OA_RVT_TT_nldm_201020              2     0.175         0.0 
asap7sc7p5t_OA_SLVT_TT_nldm_201020          7880   727.017         7.6 
asap7sc7p5t_SEQ_LVT_TT_nldm_201020           178    65.187         0.2 
asap7sc7p5t_SEQ_SLVT_TT_nldm_201020        29117 10545.291        28.1 
asap7sc7p5t_SIMPLE_LVT_TT_nldm_201020        481    28.708         0.5 
asap7sc7p5t_SIMPLE_SLVT_TT_nldm_201020      9633   807.717         9.3 
                                          
     Type      Instances    Area   Area % 
------------------------------------------
sequential         29295 10610.478   76.0 
inverter           38300   169.653    1.2 
buffer              1348   103.095    0.7 
logic              34751  3077.867   22.0 
physical_cells         0     0.000    0.0 
------------------------------------------
total             103694 13961.094  100.0 
