============================================================
  Generated by:           Genus(TM) Synthesis Solution 25.10-p002_1
  Generated on:           Aug 27 2026  02:48:10 pm
  Module:                 mq_pe_16x2_d32
  Operating conditions:   PVT_0P7V_25C (balanced_tree)
  Wireload mode:          enclosed
  Area mode:              timing library
============================================================

Timing
--------

Analysis view Clock Period 
---------------------------
TT.setup_view clk    769.0 


   Analysis     Cost   Critical        Violating 
     View      Group  Path Slack  TNS    Paths   
-------------------------------------------------
TT.setup_view     clk        0.0  0.0          0 
              default   No paths  0.0          0 
-------------------------------------------------
Total                            -0.0          0 
                                                 

Instance Count
--------------
Leaf Instance Count             103694 
Physical Instance count              0 
Sequential Instance Count        29295 
Combinational Instance Count     74399 
Hierarchical Instance Count          0 

Area
----
Cell Area                          13961.094
Physical Cell Area                 0.000
Total Cell Area (Cell+Physical)    13961.094
Net Area                           0.000
Total Area (Cell+Physical+Net)     13961.094

Max Fanout                         29295 (clk)
Min Fanout                         0 (n_64071)
Average Fanout                     2.7
Terms to net ratio                 3.7254
Terms to instance ratio            3.7536
Runtime                            2639.9016770000094 seconds
Elapsed Runtime                    2870 seconds
Genus peak memory usage            3674.63 
Innovus peak memory usage          no_value 
Hostname                           squire.ece.uw.edu
