============================================================
  Generated by:           Genus(TM) Synthesis Solution 25.10-p002_1
  Generated on:           Aug 27 2026  02:48:10 pm
  Module:                 mq_pe_16x2_d32
  Operating conditions:   PVT_0P7V_25C (balanced_tree)
  Wireload mode:          enclosed
  Area mode:              timing library
============================================================


Path 1: MET (0 ps) Setup Check with Pin retime_s3_169_reg/CLK->D
           View: TT.setup_view
          Group: clk
     Startpoint: (R) retime_s1_30_reg/CLK
          Clock: (R) clk
       Endpoint: (R) retime_s3_169_reg/D
          Clock: (R) clk

                     Capture       Launch     
        Clock Edge:+     769            0     
       Src Latency:+       0            0     
       Net Latency:+       0 (I)        0 (I) 
           Arrival:=     769            0     
                                              
             Setup:-       9                  
       Uncertainty:-      23                  
     Required Time:=     737                  
      Launch Clock:-       0                  
         Data Path:-     737                  
             Slack:=       0                  

#---------------------------------------------------------------------------------------------------------------------------------------
#                 Timing Point                  Flags    Arc    Edge           Cell            Fanout Load Trans Delay Arrival Instance 
#                                                                                                     (fF)  (ps)  (ps)   (ps)  Location 
#---------------------------------------------------------------------------------------------------------------------------------------
  retime_s1_30_reg/CLK                          -       -       R     (arrival)                 29295    -     8     0       0    (-,-) 
  retime_s1_30_reg/QN                           -       CLK->QN F     SDFHx1_ASAP7_75t_L           11  6.2    48    59      59    (-,-) 
  g723573/Y                                     -       A->Y    R     INVx1_ASAP7_75t_SL           15  7.5    59    36      95    (-,-) 
  g723434/Y                                     -       B->Y    F     NOR2xp33_ASAP7_75t_SL         4  2.4    51    32     127    (-,-) 
  u_pe_u_tree_g_mul[7].u_mul_mul_36_26_g17684/Y -       A->Y    R     INVx1_ASAP7_75t_SL            9  4.4    41    26     154    (-,-) 
  u_pe_u_tree_g_mul[7].u_mul_mul_36_26_g17645/Y -       B->Y    F     NAND2xp5_ASAP7_75t_SL         2 12.5   124    61     214    (-,-) 
  u_pe_u_tree_g_mul[7].u_mul_mul_36_26_g17633/Y -       A->Y    R     CKINVDCx20_ASAP7_75t_R        1  0.6    20    17     231    (-,-) 
  u_pe_u_tree_g_mul[7].u_mul_mul_36_26_g17578/Y -       B->Y    F     AOI21xp5_ASAP7_75t_SL         2  1.2    29    11     242    (-,-) 
  u_pe_u_tree_g_mul[7].u_mul_mul_36_26_g17471/Y -       A2->Y   R     OAI22xp5_ASAP7_75t_SL         2  9.0   130    58     300    (-,-) 
  u_pe_u_tree_g_mul[7].u_mul_mul_36_26_g17323/Y -       A1->Y   F     OAI22xp5_ASAP7_75t_SL         3  1.7    52    24     324    (-,-) 
  u_pe_u_tree_g_mul[7].u_mul_mul_36_26_g17242/Y -       A2->Y   R     AOI22xp5_ASAP7_75t_SL         2  1.7    36    21     345    (-,-) 
  u_pe_u_tree_g_mul[7].u_mul_mul_36_26_g17176/Y -       A1->Y   F     OAI22xp5_ASAP7_75t_SL         1  1.6    29    17     362    (-,-) 
  g202/CON                                      -       CI->CON R     FAx1_ASAP7_75t_SL             1  1.6    44    23     385    (-,-) 
  g209/CON                                      -       CI->CON F     FAx1_ASAP7_75t_SL             1  1.6    36    20     406    (-,-) 
  g201/CON                                      -       CI->CON R     FAx1_ASAP7_75t_SL             1  1.6    48    25     430    (-,-) 
  g207/CON                                      -       CI->CON F     FAx1_ASAP7_75t_SL             2  1.2    34    19     449    (-,-) 
  u_pe_u_tree_g_mul[7].u_mul_mul_36_26_g17045/Y -       B->Y    R     NAND2xp5_ASAP7_75t_SL         2  1.2    22    15     464    (-,-) 
  u_pe_u_tree_g_mul[7].u_mul_mul_36_26_g17043/Y -       B->Y    F     OAI21xp5_ASAP7_75t_SL         2  1.6    28    12     476    (-,-) 
  u_pe_u_tree_g_mul[7].u_mul_mul_36_26_g17041/Y -       B->Y    R     NAND2xp5_ASAP7_75t_SL         2  1.0    18    13     489    (-,-) 
  u_pe_u_tree_g_mul[7].u_mul_mul_36_26_g17038/Y -       A2->Y   F     AOI21xp5_ASAP7_75t_L          2  1.1    19    12     501    (-,-) 
  u_pe_u_tree_g_mul[7].u_mul_mul_36_26_g17035/Y -       B->Y    R     AOI21xp5_ASAP7_75t_SL         1  1.6    32    17     518    (-,-) 
  g366/CON                                      -       CI->CON F     FAx1_ASAP7_75t_SL             2  1.6    37    19     536    (-,-) 
  u_pe_u_tree_g_mul[7].u_mul_mul_36_26_g17029/Y -       A2->Y   R     OAI21xp5_ASAP7_75t_SL         2  1.6    32    20     556    (-,-) 
  u_pe_u_tree_g_mul[7].u_mul_mul_36_26_g17026/Y -       A2->Y   F     AOI21xp5_ASAP7_75t_L          3  1.8    27    17     573    (-,-) 
  u_pe_u_tree_g_mul[7].u_mul_mul_36_26_g17022/Y -       A2->Y   R     A2O1A1Ixp33_ASAP7_75t_SL      3  1.7    35    19     592    (-,-) 
  u_pe_u_tree_g_mul[7].u_mul_mul_36_26_g17016/Y -       A2->Y   F     A2O1A1Ixp33_ASAP7_75t_SL      3  1.6    36    17     609    (-,-) 
  u_pe_u_tree_g_mul[7].u_mul_mul_36_26_g17011/Y -       A2->Y   R     OAI211xp5_ASAP7_75t_SL        2  1.2    36    24     632    (-,-) 
  u_pe_u_tree_g_mul[7].u_mul_mul_36_26_g17009/Y -       B->Y    F     OAI21xp5_ASAP7_75t_SL         2  1.2    49    12     644    (-,-) 
  u_pe_u_tree_g_mul[7].u_mul_mul_36_26_g17008/Y -       B->Y    R     NAND2xp5_ASAP7_75t_SL         2  1.2    26    17     661    (-,-) 
  u_pe_u_tree_g_mul[7].u_mul_mul_36_26_g17006/Y -       B->Y    F     OAI21xp5_ASAP7_75t_SL         1  1.0    28    10     671    (-,-) 
  u_pe_u_tree_g_mul[7].u_mul_mul_36_26_g17005/Y -       A->Y    R     XOR2x2_ASAP7_75t_SL          13 12.8    47    44     715    (-,-) 
  g712095/Y                                     -       A2->Y   F     OAI21xp5_ASAP7_75t_SL         1  0.6    24    10     724    (-,-) 
  g712065/Y                                     -       B2->Y   R     AOI22xp5_ASAP7_75t_SL         1  0.6    21    13     737    (-,-) 
  retime_s3_169_reg/D                           <<<     -       R     DFFHQNx1_ASAP7_75t_L          1    -     -     0     737    (-,-) 
#---------------------------------------------------------------------------------------------------------------------------------------


