 
****************************************
Report : reference
Design : accum_buffer_bg_fugue
Version: P-2019.03-SP5-6
Date   : Tue Sep  1 00:20:03 2026
****************************************

Attributes:
    b - black box (unknown)
   bo - allows boundary optimization
    d - dont_touch
   mo - map_only
    h - hierarchical
    n - noncombinational
    r - removable
    s - synthetic operator
    u - contains unmapped logic

Reference          Library       Unit Area   Count    Total Area   Attributes
-----------------------------------------------------------------------------
accum_buffer_bg_DEPTH64         250.178216       1    250.178216  b, h
-----------------------------------------------------------------------------
Total 1 references                                    250.178216

****************************************
Design: accum_buffer_bg_DEPTH64 
****************************************
Reference          Library       Unit Area   Count    Total Area   Attributes
-----------------------------------------------------------------------------
AO22x1_ASAP7_75t_R asap7sc7p5t_AO_RVT_TT_nldm_211120     0.131220       6     0.787320
INVx1_ASAP7_75t_R  asap7sc7p5t_INVBUF_RVT_TT_nldm_211120     0.043740       2     0.087480
NAND2xp5_ASAP7_75t_R asap7sc7p5t_SIMPLE_RVT_TT_nldm_211120     0.058320       1     0.058320
NOR2xp33_ASAP7_75t_R asap7sc7p5t_SIMPLE_RVT_TT_nldm_211120     0.058320       1     0.058320
TIELOx1_ASAP7_75t_R asap7sc7p5t_SIMPLE_RVT_TT_nldm_211120     0.043740       1     0.043740
srambank_64x4x16_6t122 srambank_64x4x16_6t122   249.143036       1   249.143036 b
-----------------------------------------------------------------------------
Total 6 references                                    250.178216
1
