Information: Updating design information... (UID-85)
 
****************************************
Report : qor
Design : accum_buffer_bg_fugue
Version: P-2019.03-SP5-6
Date   : Tue Sep  1 00:20:03 2026
****************************************


  Timing Path Group 'clk'
  -----------------------------------
  Levels of Logic:               2.00
  Critical Path Length:         55.13
  Critical Path Slack:         385.11
  Critical Path Clk Period:    769.00
  Total Negative Slack:          0.00
  No. of Violating Paths:        0.00
  Worst Hold Violation:          0.00
  Total Hold Violation:          0.00
  No. of Hold Violations:        0.00
  -----------------------------------


  Cell Count
  -----------------------------------
  Hierarchical Cell Count:          1
  Hierarchical Port Count:         48
  Leaf Cell Count:                 12
  Buf/Inv Cell Count:               2
  Buf Cell Count:                   0
  Inv Cell Count:                   2
  CT Buf/Inv Cell Count:            0
  Combinational Cell Count:        11
  Sequential Cell Count:            1
  Macro Count:                      0
  -----------------------------------


  Area
  -----------------------------------
  Combinational Area:        1.035180
  Noncombinational Area:     0.000000
  Buf/Inv Area:              0.087480
  Total Buffer Area:             0.00
  Total Inverter Area:           0.09
  Macro/Black Box Area:    249.143036
  Net Area:                  0.000000
  -----------------------------------
  Cell Area:               250.178216
  Design Area:             250.178216


  Design Rules
  -----------------------------------
  Total Number of Nets:            59
  Nets With Violations:             0
  Max Trans Violations:             0
  Max Cap Violations:               0
  -----------------------------------


  Hostname: thu-olden

  Compile CPU Statistics
  -----------------------------------------
  Resource Sharing:                    0.00
  Logic Optimization:                  0.01
  Mapping Optimization:                0.03
  -----------------------------------------
  Overall Compile Time:                1.61
  Overall Compile Wall Clock Time:     3.11

  --------------------------------------------------------------------

  Design  WNS: 0.00  TNS: 0.00  Number of Violating Paths: 0


  Design (Hold)  WNS: 0.00  TNS: 0.00  Number of Violating Paths: 0

  --------------------------------------------------------------------


1
