============================================================
  Generated by:           Genus(TM) Synthesis Solution 25.10-p002_1
  Generated on:           Sep 02 2026  02:26:31 pm
  Module:                 fp16_add
  Operating conditions:   PVT_0P7V_25C (balanced_tree)
  Wireload mode:          enclosed
  Area mode:              timing library
============================================================


Path 1: MET (0 ps) Setup Check with Pin y_reg[10]/CLK->D
          Group: clk
     Startpoint: (F) a[3]
          Clock: (R) clk
       Endpoint: (F) y_reg[10]/D
          Clock: (R) clk

                     Capture       Launch     
        Clock Edge:+    1350            0     
        Drv Adjust:+       0           12     
       Src Latency:+       0            0     
       Net Latency:+       0 (I)        0 (I) 
           Arrival:=    1350           12     
                                              
             Setup:-      16                  
       Uncertainty:-      40                  
     Required Time:=    1294                  
      Launch Clock:-      12                  
       Input Delay:-     338                  
         Data Path:-     944                  
             Slack:=       0                  

Exceptions/Constraints:
  input_delay             338             in_del_14_1   

#----------------------------------------------------------------------------------------------------------------------------
#           Timing Point             Flags   Arc   Edge            Cell             Fanout Load Trans Delay Arrival Instance 
#                                                                                          (fF)  (ps)  (ps)   (ps)  Location 
#----------------------------------------------------------------------------------------------------------------------------
  a[3]                               -       -     F     (arrival)                       3 10.6    26     0     350    (-,-) 
  g8003/Y                            -       A->Y  R     CKINVDCx16_ASAP7_75t_R          3  1.7     9    10     359    (-,-) 
  g7985__5477/Y                      -       B2->Y F     OAI22xp5_ASAP7_75t_SL           1  0.6    17     7     367    (-,-) 
  g7968__1881/Y                      -       B->Y  R     AOI21xp5_ASAP7_75t_SL           1  0.4    14    10     376    (-,-) 
  g7961__2802/Y                      -       A->Y  F     NOR2xp33_ASAP7_75t_SL           1  0.6    17    11     387    (-,-) 
  g7959__3680/Y                      -       A1->Y R     AOI21xp5_ASAP7_75t_SL           1  1.1    22    12     399    (-,-) 
  g7958__6783/Y                      -       B->Y  R     AND2x4_ASAP7_75t_SL            13  9.4    20    21     420    (-,-) 
  g7957/Y                            -       A->Y  F     INVx2_ASAP7_75t_SL              3  1.6    10     6     426    (-,-) 
  g7918__2398/Y                      -       B2->Y F     AO22x1_ASAP7_75t_SL             6  3.5    23    25     451    (-,-) 
  g7451/Y                            -       A->Y  R     INVx1_ASAP7_75t_SL              6  3.3    27    17     468    (-,-) 
  g7871__1666/Y                      -       A2->Y F     AOI22xp5_ASAP7_75t_SL           2  1.8    29    16     484    (-,-) 
  g7868/Y                            -       A->Y  R     INVx1_ASAP7_75t_SL              1  0.6    12     8     492    (-,-) 
  g7840__8428/Y                      -       A2->Y F     AOI21xp5_ASAP7_75t_SL           2  1.7    26    11     504    (-,-) 
  g2__8246/Y                         -       B->Y  R     XOR2x2_ASAP7_75t_SL             7  4.0    19    31     535    (-,-) 
  g7809/Y                            -       A->Y  F     INVx1_ASAP7_75t_SL              7  3.8    24    15     550    (-,-) 
  g7795__6783/Y                      -       B->Y  R     NOR2xp33_ASAP7_75t_SL           2  1.1    28    17     567    (-,-) 
  g7792/Y                            -       A->Y  F     INVx1_ASAP7_75t_SL              6  2.6    21    13     580    (-,-) 
  g7770__7098/Y                      -       A2->Y R     OAI22xp5_ASAP7_75t_SL           2  1.3    28    16     596    (-,-) 
  add_70_53_Y_sub_71_53_g818/Y       -       A->Y  F     INVx1_ASAP7_75t_SL              1  0.6    11     6     602    (-,-) 
  add_70_53_Y_sub_71_53_g806__1705/Y -       A2->Y R     OAI22xp5_ASAP7_75t_SL           2  1.6    33    15     617    (-,-) 
  add_70_53_Y_sub_71_53_g785__6260/Y -       A->Y  F     NAND2xp5_ASAP7_75t_SL           2  2.0    26    13     630    (-,-) 
  add_70_53_Y_sub_71_53_g765__2883/Y -       B->Y  R     NOR2x1_ASAP7_75t_SL             2  1.7    20    12     642    (-,-) 
  add_70_53_Y_sub_71_53_g752__7482/Y -       A->Y  F     MAJIxp5_ASAP7_75t_SL            2  1.6    29    14     656    (-,-) 
  add_70_53_Y_sub_71_53_g748__5115/Y -       A->Y  R     MAJIxp5_ASAP7_75t_SL            2  1.7    34    20     677    (-,-) 
  add_70_53_Y_sub_71_53_g745__1881/Y -       A->Y  F     MAJIxp5_ASAP7_75t_SL            2  1.6    29    16     693    (-,-) 
  add_70_53_Y_sub_71_53_g742__6131/Y -       A->Y  R     MAJIxp5_ASAP7_75t_SL            2  1.7    34    20     713    (-,-) 
  add_70_53_Y_sub_71_53_g740__7098/Y -       A->Y  F     MAJIxp5_ASAP7_75t_SL            2  0.9    23    12     726    (-,-) 
  add_70_53_Y_sub_71_53_g736__8246/Y -       A->Y  R     MAJIxp5_ASAP7_75t_SL            3  1.6    33    19     744    (-,-) 
  add_70_53_Y_sub_71_53_g730__2802/Y -       A2->Y F     A2O1A1O1Ixp25_ASAP7_75t_SL      2  0.9    29    15     759    (-,-) 
  add_70_53_Y_sub_71_53_g726__1617/Y -       A->Y  R     MAJIxp5_ASAP7_75t_SL            2  0.9    25    16     775    (-,-) 
  add_70_53_Y_sub_71_53_g722__6783/Y -       A->Y  F     MAJIxp5_ASAP7_75t_SL            2  1.5    29    15     790    (-,-) 
  add_70_53_Y_sub_71_53_g719__5526/Y -       A->Y  R     MAJIxp5_ASAP7_75t_SL            1  9.5   134    62     851    (-,-) 
  add_70_53_Y_sub_71_53_g718/Y       -       A->Y  F     CKINVDCx16_ASAP7_75t_R          1  0.4    18    13     865    (-,-) 
  g8075/Y                            -       B->Y  R     NOR2xp33_ASAP7_75t_SL          16  8.5   161    73     938    (-,-) 
  g7434/Y                            -       A->Y  F     INVx1_ASAP7_75t_SL             14  7.1    75    39     977    (-,-) 
  g7322__7410/Y                      -       A->Y  R     NAND2xp5_ASAP7_75t_SL           4  2.3    44    29    1007    (-,-) 
  g7300__8246/Y                      -       B->Y  F     NOR2xp33_ASAP7_75t_SL           3  1.6    44    24    1030    (-,-) 
  g7258__1881/Y                      -       A1->Y R     AOI22xp5_ASAP7_75t_SL           2  0.9    50    16    1047    (-,-) 
  g7237__2398/Y                      -       B->Y  F     NOR2xp33_ASAP7_75t_SL           3  1.7    41    25    1072    (-,-) 
  g7218__1881/Y                      -       B->Y  R     NAND2xp5_ASAP7_75t_SL           3  1.4    26    17    1090    (-,-) 
  g7212__8246/Y                      -       B->Y  F     NOR2xp33_ASAP7_75t_SL           3  1.7    42    21    1111    (-,-) 
  g7207__2802/Y                      -       B->Y  R     NAND2xp5_ASAP7_75t_SL           3  1.4    34    17    1128    (-,-) 
  g7204__1617/Y                      -       B->Y  F     NOR2xp33_ASAP7_75t_SL           3  1.7    45    23    1151    (-,-) 
  g7202__3680/Y                      -       B->Y  R     NAND2xp5_ASAP7_75t_SL           3  1.4    27    18    1169    (-,-) 
  g7198__5526/Y                      -       B->Y  F     NOR2xp33_ASAP7_75t_SL           3  1.7    37    21    1190    (-,-) 
  g7196__8428/Y                      -       B->Y  R     NAND2xp5_ASAP7_75t_SL           3  1.4    24    17    1207    (-,-) 
  g7188__5477/Y                      -       B->Y  F     NOR2xp33_ASAP7_75t_SL           2  1.1    29    16    1223    (-,-) 
  g7183__2346/Y                      -       B->Y  R     NAND2xp5_ASAP7_75t_SL           2  1.2    22    14    1237    (-,-) 
  g8048/Y                            -       A->Y  F     INVx1_ASAP7_75t_SL              6  3.3    23    14    1251    (-,-) 
  g8061/Y                            -       B->Y  R     AOI21xp33_ASAP7_75t_SL          4  2.1    58    26    1278    (-,-) 
  g7161__6131/Y                      -       B1->Y F     AOI221xp5_ASAP7_75t_SL          1  0.6    37    16    1294    (-,-) 
  y_reg[10]/D                        <<<     -     F     ASYNC_DFFHx1_ASAP7_75t_L        1    -     -     0    1294    (-,-) 
#----------------------------------------------------------------------------------------------------------------------------

