============================================================
  Generated by:           Genus(TM) Synthesis Solution 25.10-p002_1
  Generated on:           Sep 02 2026  02:26:31 pm
  Module:                 fp16_add
  Operating conditions:   PVT_0P7V_25C (balanced_tree)
  Wireload mode:          enclosed
  Area mode:              timing library
============================================================

Timing
--------

Clock Period 
-------------
clk   1350.0 


  Cost    Critical         Violating 
 Group   Path Slack  TNS     Paths   
-------------------------------------
clk             0.0   0.0          0 
default    No paths   0.0            
-------------------------------------
Total                 0.0          0 

Instance Count
--------------
Leaf Instance Count             585 
Physical Instance count           0 
Sequential Instance Count        17 
Combinational Instance Count    568 
Hierarchical Instance Count       0 

Area
----
Cell Area                          44.002
Physical Cell Area                 0.000
Total Cell Area (Cell+Physical)    44.002
Net Area                           0.000
Total Area (Cell+Physical+Net)     44.002

Max Fanout                         23 (n_274)
Min Fanout                         0 (n_5)
Average Fanout                     2.3
Terms to net ratio                 3.2701
Terms to instance ratio            3.4769
Runtime                            39.69609 seconds
Elapsed Runtime                    40 seconds
Genus peak memory usage            2481.25 
Innovus peak memory usage          no_value 
Hostname                           squire.ece.uw.edu
