============================================================
  Generated by:           Genus(TM) Synthesis Solution 25.10-p002_1
  Generated on:           Aug 31 2026  11:40:22 pm
  Operating conditions:   PVT_0P7V_25C (balanced_tree)
  Wireload mode:          enclosed
  Area mode:              timing library
============================================================

                                                                                        
           Gate             Instances    Area                    Library                
----------------------------------------------------------------------------------------
A2O1A1Ixp33_ASAP7_75t_SL        23163   2026.299     asap7sc7p5t_AO_SLVT_TT_nldm_201020 
A2O1A1O1Ixp25_ASAP7_75t_SL       5915    776.166     asap7sc7p5t_AO_SLVT_TT_nldm_201020 
AND2x2_ASAP7_75t_SL             34529   3020.597 asap7sc7p5t_SIMPLE_SLVT_TT_nldm_201020 
AND2x4_ASAP7_75t_L                  3      0.437  asap7sc7p5t_SIMPLE_LVT_TT_nldm_201020 
AND2x4_ASAP7_75t_R                  6      0.875  asap7sc7p5t_SIMPLE_RVT_TT_nldm_201020 
AND2x4_ASAP7_75t_SL                53      7.727 asap7sc7p5t_SIMPLE_SLVT_TT_nldm_201020 
AND2x6_ASAP7_75t_L                 60     10.498  asap7sc7p5t_SIMPLE_LVT_TT_nldm_201020 
AND2x6_ASAP7_75t_SL                11      1.925 asap7sc7p5t_SIMPLE_SLVT_TT_nldm_201020 
AND3x1_ASAP7_75t_L                  2      0.175  asap7sc7p5t_SIMPLE_LVT_TT_nldm_201020 
AND3x1_ASAP7_75t_SL               287     25.107 asap7sc7p5t_SIMPLE_SLVT_TT_nldm_201020 
AND3x2_ASAP7_75t_SL                18      1.837 asap7sc7p5t_SIMPLE_SLVT_TT_nldm_201020 
AND4x1_ASAP7_75t_L                260     26.536  asap7sc7p5t_SIMPLE_LVT_TT_nldm_201020 
AND4x1_ASAP7_75t_SL              1574    160.642 asap7sc7p5t_SIMPLE_SLVT_TT_nldm_201020 
AND4x2_ASAP7_75t_L                512     59.720  asap7sc7p5t_SIMPLE_LVT_TT_nldm_201020 
AND4x2_ASAP7_75t_SL               564     65.785 asap7sc7p5t_SIMPLE_SLVT_TT_nldm_201020 
AND5x1_ASAP7_75t_SL                73      8.515 asap7sc7p5t_SIMPLE_SLVT_TT_nldm_201020 
AND5x2_ASAP7_75t_L                  2      0.583  asap7sc7p5t_SIMPLE_LVT_TT_nldm_201020 
AND5x2_ASAP7_75t_SL                 5      1.458 asap7sc7p5t_SIMPLE_SLVT_TT_nldm_201020 
AO211x2_ASAP7_75t_SL                1      0.233     asap7sc7p5t_AO_SLVT_TT_nldm_201020 
AO21x1_ASAP7_75t_L                 18      1.575      asap7sc7p5t_AO_LVT_TT_nldm_201020 
AO21x1_ASAP7_75t_SL             17976   1572.540     asap7sc7p5t_AO_SLVT_TT_nldm_201020 
AO21x2_ASAP7_75t_SL               587     59.909     asap7sc7p5t_AO_SLVT_TT_nldm_201020 
AO221x1_ASAP7_75t_SL               12      1.750     asap7sc7p5t_AO_SLVT_TT_nldm_201020 
AO222x2_ASAP7_75t_SL                5      0.875     asap7sc7p5t_AO_SLVT_TT_nldm_201020 
AO22x1_ASAP7_75t_SL              3852    505.459     asap7sc7p5t_AO_SLVT_TT_nldm_201020 
AO22x2_ASAP7_75t_SL                 8      1.166     asap7sc7p5t_AO_SLVT_TT_nldm_201020 
AO31x2_ASAP7_75t_SL               256     59.720     asap7sc7p5t_AO_SLVT_TT_nldm_201020 
AO32x1_ASAP7_75t_SL                32      3.732     asap7sc7p5t_AO_SLVT_TT_nldm_201020 
AO32x2_ASAP7_75t_L                  1      0.131      asap7sc7p5t_AO_LVT_TT_nldm_201020 
AO32x2_ASAP7_75t_SL                18      2.362     asap7sc7p5t_AO_SLVT_TT_nldm_201020 
AOI211x1_ASAP7_75t_L              260     45.490      asap7sc7p5t_AO_LVT_TT_nldm_201020 
AOI211x1_ASAP7_75t_R                1      0.175      asap7sc7p5t_AO_RVT_TT_nldm_201020 
AOI211x1_ASAP7_75t_SL             273     47.764     asap7sc7p5t_AO_SLVT_TT_nldm_201020 
AOI211xp5_ASAP7_75t_SL          12857   1124.730     asap7sc7p5t_AO_SLVT_TT_nldm_201020 
AOI21x1_ASAP7_75t_L                 5      0.583      asap7sc7p5t_AO_LVT_TT_nldm_201020 
AOI21x1_ASAP7_75t_R                 1      0.117      asap7sc7p5t_AO_RVT_TT_nldm_201020 
AOI21x1_ASAP7_75t_SL               75      8.748     asap7sc7p5t_AO_SLVT_TT_nldm_201020 
AOI21xp33_ASAP7_75t_L             287     20.922      asap7sc7p5t_AO_LVT_TT_nldm_201020 
AOI21xp33_ASAP7_75t_SL          13183    961.041     asap7sc7p5t_AO_SLVT_TT_nldm_201020 
AOI21xp5_ASAP7_75t_L             7564    551.416      asap7sc7p5t_AO_LVT_TT_nldm_201020 
AOI21xp5_ASAP7_75t_SL          118668   8650.897     asap7sc7p5t_AO_SLVT_TT_nldm_201020 
AOI221xp5_ASAP7_75t_L               2      0.204      asap7sc7p5t_AO_LVT_TT_nldm_201020 
AOI221xp5_ASAP7_75t_SL           9821   1002.331     asap7sc7p5t_AO_SLVT_TT_nldm_201020 
AOI222xp33_ASAP7_75t_SL           980    142.884     asap7sc7p5t_AO_SLVT_TT_nldm_201020 
AOI22x1_ASAP7_75t_R                 2      0.292      asap7sc7p5t_AO_RVT_TT_nldm_201020 
AOI22x1_ASAP7_75t_SL               14      2.041     asap7sc7p5t_AO_SLVT_TT_nldm_201020 
AOI22xp33_ASAP7_75t_L            1087     95.091      asap7sc7p5t_AO_LVT_TT_nldm_201020 
AOI22xp33_ASAP7_75t_SL           6355    555.935     asap7sc7p5t_AO_SLVT_TT_nldm_201020 
AOI22xp5_ASAP7_75t_L            21023   1839.092      asap7sc7p5t_AO_LVT_TT_nldm_201020 
AOI22xp5_ASAP7_75t_SL          173299  15160.197     asap7sc7p5t_AO_SLVT_TT_nldm_201020 
AOI311xp33_ASAP7_75t_L              5      0.510      asap7sc7p5t_AO_LVT_TT_nldm_201020 
AOI311xp33_ASAP7_75t_SL           373     38.068     asap7sc7p5t_AO_SLVT_TT_nldm_201020 
AOI31xp33_ASAP7_75t_L               1      0.087      asap7sc7p5t_AO_LVT_TT_nldm_201020 
AOI31xp33_ASAP7_75t_R               1      0.087      asap7sc7p5t_AO_RVT_TT_nldm_201020 
AOI31xp33_ASAP7_75t_SL           9304    813.914     asap7sc7p5t_AO_SLVT_TT_nldm_201020 
AOI31xp67_ASAP7_75t_R               1      0.190      asap7sc7p5t_AO_RVT_TT_nldm_201020 
AOI321xp33_ASAP7_75t_L              3      0.350      asap7sc7p5t_AO_LVT_TT_nldm_201020 
AOI321xp33_ASAP7_75t_SL          1722    200.854     asap7sc7p5t_AO_SLVT_TT_nldm_201020 
AOI322xp5_ASAP7_75t_L             256     33.592      asap7sc7p5t_AO_LVT_TT_nldm_201020 
AOI322xp5_ASAP7_75t_SL           6277    823.668     asap7sc7p5t_AO_SLVT_TT_nldm_201020 
AOI32xp33_ASAP7_75t_L               1      0.102      asap7sc7p5t_AO_LVT_TT_nldm_201020 
AOI32xp33_ASAP7_75t_SL           1479    150.947     asap7sc7p5t_AO_SLVT_TT_nldm_201020 
AOI331xp33_ASAP7_75t_SL            20      2.624     asap7sc7p5t_AO_SLVT_TT_nldm_201020 
AOI332xp33_ASAP7_75t_SL            12      1.750     asap7sc7p5t_AO_SLVT_TT_nldm_201020 
AOI333xp33_ASAP7_75t_SL             1      0.160     asap7sc7p5t_AO_SLVT_TT_nldm_201020 
AOI33xp33_ASAP7_75t_SL             14      1.633     asap7sc7p5t_AO_SLVT_TT_nldm_201020 
ASYNC_DFFHx1_ASAP7_75t_L        83803  31768.041     asap7sc7p5t_SEQ_LVT_TT_nldm_201020 
ASYNC_DFFHx1_ASAP7_75t_R          256     97.044     asap7sc7p5t_SEQ_RVT_TT_nldm_201020 
ASYNC_DFFHx1_ASAP7_75t_SL      365477 138545.021    asap7sc7p5t_SEQ_SLVT_TT_nldm_201020 
BUFx10_ASAP7_75t_L                 47      9.594  asap7sc7p5t_INVBUF_LVT_TT_nldm_201020 
BUFx10_ASAP7_75t_SL                20      4.082 asap7sc7p5t_INVBUF_SLVT_TT_nldm_201020 
BUFx12_ASAP7_75t_SL               867    202.254 asap7sc7p5t_INVBUF_SLVT_TT_nldm_201020 
BUFx12f_ASAP7_75t_L                 9      2.362  asap7sc7p5t_INVBUF_LVT_TT_nldm_201020 
BUFx12f_ASAP7_75t_SL              313     82.144 asap7sc7p5t_INVBUF_SLVT_TT_nldm_201020 
BUFx24_ASAP7_75t_R                  1      6.998  asap7sc7p5t_INVBUF_RVT_TT_nldm_201020 
BUFx24_ASAP7_75t_SL                 2      0.875 asap7sc7p5t_INVBUF_SLVT_TT_nldm_201020 
BUFx2_ASAP7_75t_L                 976     71.150  asap7sc7p5t_INVBUF_LVT_TT_nldm_201020 
BUFx2_ASAP7_75t_SL                668     48.697 asap7sc7p5t_INVBUF_SLVT_TT_nldm_201020 
BUFx3_ASAP7_75t_L                2085    182.396  asap7sc7p5t_INVBUF_LVT_TT_nldm_201020 
BUFx3_ASAP7_75t_SL               1504    131.570 asap7sc7p5t_INVBUF_SLVT_TT_nldm_201020 
BUFx4f_ASAP7_75t_L                  1      0.117  asap7sc7p5t_INVBUF_LVT_TT_nldm_201020 
BUFx4f_ASAP7_75t_SL               468     54.588 asap7sc7p5t_INVBUF_SLVT_TT_nldm_201020 
BUFx5_ASAP7_75t_SL                894    104.276 asap7sc7p5t_INVBUF_SLVT_TT_nldm_201020 
BUFx6f_ASAP7_75t_SL                66      9.623 asap7sc7p5t_INVBUF_SLVT_TT_nldm_201020 
BUFx8_ASAP7_75t_L                   1      0.175  asap7sc7p5t_INVBUF_LVT_TT_nldm_201020 
BUFx8_ASAP7_75t_SL                 58     10.148 asap7sc7p5t_INVBUF_SLVT_TT_nldm_201020 
CKINVDCx10_ASAP7_75t_R              4      0.000  asap7sc7p5t_INVBUF_RVT_TT_nldm_201020 
CKINVDCx11_ASAP7_75t_R             25      0.000  asap7sc7p5t_INVBUF_RVT_TT_nldm_201020 
CKINVDCx12_ASAP7_75t_R           2592      0.000  asap7sc7p5t_INVBUF_RVT_TT_nldm_201020 
CKINVDCx14_ASAP7_75t_R          22513      0.000  asap7sc7p5t_INVBUF_RVT_TT_nldm_201020 
CKINVDCx16_ASAP7_75t_R          35186      0.000  asap7sc7p5t_INVBUF_RVT_TT_nldm_201020 
CKINVDCx20_ASAP7_75t_R         404924      0.000  asap7sc7p5t_INVBUF_RVT_TT_nldm_201020 
CKINVDCx5p33_ASAP7_75t_R        97038      0.000  asap7sc7p5t_INVBUF_RVT_TT_nldm_201020 
CKINVDCx8_ASAP7_75t_R             934      0.000  asap7sc7p5t_INVBUF_RVT_TT_nldm_201020 
CKINVDCx9p33_ASAP7_75t_R            1      0.000  asap7sc7p5t_INVBUF_RVT_TT_nldm_201020 
DFFHQNx1_ASAP7_75t_L              991    288.976     asap7sc7p5t_SEQ_LVT_TT_nldm_201020 
DFFHQNx1_ASAP7_75t_R              249     72.608     asap7sc7p5t_SEQ_RVT_TT_nldm_201020 
DFFHQNx1_ASAP7_75t_SL            1576    459.562    asap7sc7p5t_SEQ_SLVT_TT_nldm_201020 
FAx1_ASAP7_75t_L                    1      0.204  asap7sc7p5t_SIMPLE_LVT_TT_nldm_201020 
FAx1_ASAP7_75t_SL               34606   7063.777 asap7sc7p5t_SIMPLE_SLVT_TT_nldm_201020 
HAxp5_ASAP7_75t_R                   2      0.262  asap7sc7p5t_SIMPLE_RVT_TT_nldm_201020 
HAxp5_ASAP7_75t_SL               5271    691.661 asap7sc7p5t_SIMPLE_SLVT_TT_nldm_201020 
HB1xp67_ASAP7_75t_L               153      8.923  asap7sc7p5t_INVBUF_LVT_TT_nldm_201020 
HB1xp67_ASAP7_75t_SL            20287   1183.138 asap7sc7p5t_INVBUF_SLVT_TT_nldm_201020 
HB4xp67_ASAP7_75t_L                80      8.165  asap7sc7p5t_INVBUF_LVT_TT_nldm_201020 
INVx11_ASAP7_75t_SL                 1      0.190 asap7sc7p5t_INVBUF_SLVT_TT_nldm_201020 
INVx1_ASAP7_75t_L                 264     11.547  asap7sc7p5t_INVBUF_LVT_TT_nldm_201020 
INVx1_ASAP7_75t_SL             120636   5276.619 asap7sc7p5t_INVBUF_SLVT_TT_nldm_201020 
INVx2_ASAP7_75t_L                  36      2.100  asap7sc7p5t_INVBUF_LVT_TT_nldm_201020 
INVx2_ASAP7_75t_R                   3      2.799  asap7sc7p5t_INVBUF_RVT_TT_nldm_201020 
INVx2_ASAP7_75t_SL               3265    190.415 asap7sc7p5t_INVBUF_SLVT_TT_nldm_201020 
INVx3_ASAP7_75t_SL                165     12.029 asap7sc7p5t_INVBUF_SLVT_TT_nldm_201020 
INVx4_ASAP7_75t_R                   1      1.400  asap7sc7p5t_INVBUF_RVT_TT_nldm_201020 
INVx4_ASAP7_75t_SL                 59      5.161 asap7sc7p5t_INVBUF_SLVT_TT_nldm_201020 
INVx5_ASAP7_75t_SL                 19      1.939 asap7sc7p5t_INVBUF_SLVT_TT_nldm_201020 
INVx6_ASAP7_75t_SL                439     51.205 asap7sc7p5t_INVBUF_SLVT_TT_nldm_201020 
INVx8_ASAP7_75t_SL                  1      0.146 asap7sc7p5t_INVBUF_SLVT_TT_nldm_201020 
INVxp33_ASAP7_75t_SL            29267   1280.139 asap7sc7p5t_INVBUF_SLVT_TT_nldm_201020 
INVxp67_ASAP7_75t_SL           218278   9547.480 asap7sc7p5t_INVBUF_SLVT_TT_nldm_201020 
MAJIxp5_ASAP7_75t_L                40      4.082  asap7sc7p5t_SIMPLE_LVT_TT_nldm_201020 
MAJIxp5_ASAP7_75t_SL            52475   5355.599 asap7sc7p5t_SIMPLE_SLVT_TT_nldm_201020 
MAJx2_ASAP7_75t_L                   2      0.262  asap7sc7p5t_SIMPLE_LVT_TT_nldm_201020 
MAJx2_ASAP7_75t_SL                766    100.515 asap7sc7p5t_SIMPLE_SLVT_TT_nldm_201020 
NAND2x1_ASAP7_75t_L               275     24.057  asap7sc7p5t_SIMPLE_LVT_TT_nldm_201020 
NAND2x1_ASAP7_75t_R                 1      0.087  asap7sc7p5t_SIMPLE_RVT_TT_nldm_201020 
NAND2x1_ASAP7_75t_SL              636     55.637 asap7sc7p5t_SIMPLE_SLVT_TT_nldm_201020 
NAND2x1p5_ASAP7_75t_L               7      0.816  asap7sc7p5t_SIMPLE_LVT_TT_nldm_201020 
NAND2x1p5_ASAP7_75t_SL             27      3.149 asap7sc7p5t_SIMPLE_SLVT_TT_nldm_201020 
NAND2x2_ASAP7_75t_SL               18      2.624 asap7sc7p5t_SIMPLE_SLVT_TT_nldm_201020 
NAND2xp33_ASAP7_75t_L           13996    816.247  asap7sc7p5t_SIMPLE_LVT_TT_nldm_201020 
NAND2xp33_ASAP7_75t_SL          28021   1634.185 asap7sc7p5t_SIMPLE_SLVT_TT_nldm_201020 
NAND2xp5_ASAP7_75t_L            57498   3353.283  asap7sc7p5t_SIMPLE_LVT_TT_nldm_201020 
NAND2xp5_ASAP7_75t_SL          453183  26429.633 asap7sc7p5t_SIMPLE_SLVT_TT_nldm_201020 
NAND2xp67_ASAP7_75t_SL              4      0.350 asap7sc7p5t_SIMPLE_SLVT_TT_nldm_201020 
NAND3x1_ASAP7_75t_SL                2      0.321 asap7sc7p5t_SIMPLE_SLVT_TT_nldm_201020 
NAND3xp33_ASAP7_75t_L            2855    208.130  asap7sc7p5t_SIMPLE_LVT_TT_nldm_201020 
NAND3xp33_ASAP7_75t_SL          21814   1590.241 asap7sc7p5t_SIMPLE_SLVT_TT_nldm_201020 
NAND4xp25_ASAP7_75t_L               2      0.175  asap7sc7p5t_SIMPLE_LVT_TT_nldm_201020 
NAND4xp25_ASAP7_75t_SL          12962   1133.916 asap7sc7p5t_SIMPLE_SLVT_TT_nldm_201020 
NAND4xp75_ASAP7_75t_SL              4      0.816 asap7sc7p5t_SIMPLE_SLVT_TT_nldm_201020 
NAND5xp2_ASAP7_75t_L                3      0.306  asap7sc7p5t_SIMPLE_LVT_TT_nldm_201020 
NAND5xp2_ASAP7_75t_SL           14615   1491.607 asap7sc7p5t_SIMPLE_SLVT_TT_nldm_201020 
NOR2x1_ASAP7_75t_L                 18      1.575  asap7sc7p5t_SIMPLE_LVT_TT_nldm_201020 
NOR2x1_ASAP7_75t_R                  4      0.350  asap7sc7p5t_SIMPLE_RVT_TT_nldm_201020 
NOR2x1_ASAP7_75t_SL              2311    202.166 asap7sc7p5t_SIMPLE_SLVT_TT_nldm_201020 
NOR2x1p5_ASAP7_75t_L                2      0.233  asap7sc7p5t_SIMPLE_LVT_TT_nldm_201020 
NOR2x1p5_ASAP7_75t_SL              27      3.149 asap7sc7p5t_SIMPLE_SLVT_TT_nldm_201020 
NOR2x2_ASAP7_75t_SL                 3      0.437 asap7sc7p5t_SIMPLE_SLVT_TT_nldm_201020 
NOR2xp33_ASAP7_75t_L             6105    356.044  asap7sc7p5t_SIMPLE_LVT_TT_nldm_201020 
NOR2xp33_ASAP7_75t_SL          352524  20559.200 asap7sc7p5t_SIMPLE_SLVT_TT_nldm_201020 
NOR2xp67_ASAP7_75t_L              179     15.659  asap7sc7p5t_SIMPLE_LVT_TT_nldm_201020 
NOR2xp67_ASAP7_75t_R              817     71.471  asap7sc7p5t_SIMPLE_RVT_TT_nldm_201020 
NOR2xp67_ASAP7_75t_SL             993     86.868 asap7sc7p5t_SIMPLE_SLVT_TT_nldm_201020 
NOR3x1_ASAP7_75t_L                  1      0.160  asap7sc7p5t_SIMPLE_LVT_TT_nldm_201020 
NOR3x1_ASAP7_75t_R                257     41.218  asap7sc7p5t_SIMPLE_RVT_TT_nldm_201020 
NOR3x1_ASAP7_75t_SL                 9      1.443 asap7sc7p5t_SIMPLE_SLVT_TT_nldm_201020 
NOR3xp33_ASAP7_75t_L                6      0.437  asap7sc7p5t_SIMPLE_LVT_TT_nldm_201020 
NOR3xp33_ASAP7_75t_SL           17839   1300.463 asap7sc7p5t_SIMPLE_SLVT_TT_nldm_201020 
NOR4xp25_ASAP7_75t_L               29      2.537  asap7sc7p5t_SIMPLE_LVT_TT_nldm_201020 
NOR4xp25_ASAP7_75t_SL           16784   1468.264 asap7sc7p5t_SIMPLE_SLVT_TT_nldm_201020 
NOR4xp75_ASAP7_75t_L              258     52.663  asap7sc7p5t_SIMPLE_LVT_TT_nldm_201020 
NOR4xp75_ASAP7_75t_R              256     52.255  asap7sc7p5t_SIMPLE_RVT_TT_nldm_201020 
NOR4xp75_ASAP7_75t_SL             262     53.479 asap7sc7p5t_SIMPLE_SLVT_TT_nldm_201020 
NOR5xp2_ASAP7_75t_L                13      1.327  asap7sc7p5t_SIMPLE_LVT_TT_nldm_201020 
NOR5xp2_ASAP7_75t_SL            13692   1397.406 asap7sc7p5t_SIMPLE_SLVT_TT_nldm_201020 
O2A1O1Ixp33_ASAP7_75t_L            55      4.811      asap7sc7p5t_OA_LVT_TT_nldm_201020 
O2A1O1Ixp33_ASAP7_75t_SL        18632   1629.927     asap7sc7p5t_OA_SLVT_TT_nldm_201020 
O2A1O1Ixp5_ASAP7_75t_SL            11      1.283     asap7sc7p5t_OA_SLVT_TT_nldm_201020 
OA211x2_ASAP7_75t_SL               48      5.599     asap7sc7p5t_OA_SLVT_TT_nldm_201020 
OA21x2_ASAP7_75t_SL             31623   3227.443     asap7sc7p5t_OA_SLVT_TT_nldm_201020 
OA222x2_ASAP7_75t_SL               57      9.973     asap7sc7p5t_OA_SLVT_TT_nldm_201020 
OA22x2_ASAP7_75t_SL               577     84.127     asap7sc7p5t_OA_SLVT_TT_nldm_201020 
OA31x2_ASAP7_75t_SL                 1      0.219     asap7sc7p5t_OA_SLVT_TT_nldm_201020 
OAI211xp5_ASAP7_75t_L              17      1.487      asap7sc7p5t_OA_LVT_TT_nldm_201020 
OAI211xp5_ASAP7_75t_SL          11200    979.776     asap7sc7p5t_OA_SLVT_TT_nldm_201020 
OAI21x1_ASAP7_75t_L                23      2.683      asap7sc7p5t_OA_LVT_TT_nldm_201020 
OAI21x1_ASAP7_75t_R                 1      0.117      asap7sc7p5t_OA_RVT_TT_nldm_201020 
OAI21x1_ASAP7_75t_SL              101     11.781     asap7sc7p5t_OA_SLVT_TT_nldm_201020 
OAI21xp33_ASAP7_75t_L               9      0.656      asap7sc7p5t_OA_LVT_TT_nldm_201020 
OAI21xp33_ASAP7_75t_SL          24345   1774.751     asap7sc7p5t_OA_SLVT_TT_nldm_201020 
OAI21xp5_ASAP7_75t_L              574     41.845      asap7sc7p5t_OA_LVT_TT_nldm_201020 
OAI21xp5_ASAP7_75t_SL          206902  15083.156     asap7sc7p5t_OA_SLVT_TT_nldm_201020 
OAI221xp5_ASAP7_75t_L               5      0.510      asap7sc7p5t_OA_LVT_TT_nldm_201020 
OAI221xp5_ASAP7_75t_SL          14412   1470.889     asap7sc7p5t_OA_SLVT_TT_nldm_201020 
OAI222xp33_ASAP7_75t_SL           429     62.548     asap7sc7p5t_OA_SLVT_TT_nldm_201020 
OAI22x1_ASAP7_75t_SL               11      1.604     asap7sc7p5t_OA_SLVT_TT_nldm_201020 
OAI22xp33_ASAP7_75t_SL          29420   2573.662     asap7sc7p5t_OA_SLVT_TT_nldm_201020 
OAI22xp5_ASAP7_75t_L               20      1.750      asap7sc7p5t_OA_LVT_TT_nldm_201020 
OAI22xp5_ASAP7_75t_SL          149481  13076.598     asap7sc7p5t_OA_SLVT_TT_nldm_201020 
OAI311xp33_ASAP7_75t_L              3      0.306      asap7sc7p5t_OA_LVT_TT_nldm_201020 
OAI311xp33_ASAP7_75t_SL          1365    139.312     asap7sc7p5t_OA_SLVT_TT_nldm_201020 
OAI31xp33_ASAP7_75t_SL           7321    640.441     asap7sc7p5t_OA_SLVT_TT_nldm_201020 
OAI31xp67_ASAP7_75t_SL            256     48.522     asap7sc7p5t_OA_SLVT_TT_nldm_201020 
OAI321xp33_ASAP7_75t_L              6      0.700      asap7sc7p5t_OA_LVT_TT_nldm_201020 
OAI321xp33_ASAP7_75t_SL          1010    117.806     asap7sc7p5t_OA_SLVT_TT_nldm_201020 
OAI322xp33_ASAP7_75t_L            260     34.117      asap7sc7p5t_OA_LVT_TT_nldm_201020 
OAI322xp33_ASAP7_75t_SL          5069    665.154     asap7sc7p5t_OA_SLVT_TT_nldm_201020 
OAI32xp33_ASAP7_75t_L               5      0.510      asap7sc7p5t_OA_LVT_TT_nldm_201020 
OAI32xp33_ASAP7_75t_SL           1211    123.595     asap7sc7p5t_OA_SLVT_TT_nldm_201020 
OAI331xp33_ASAP7_75t_SL            16      2.100     asap7sc7p5t_OA_SLVT_TT_nldm_201020 
OAI332xp33_ASAP7_75t_SL            21      3.062     asap7sc7p5t_OA_SLVT_TT_nldm_201020 
OAI333xp33_ASAP7_75t_SL             3      0.481     asap7sc7p5t_OA_SLVT_TT_nldm_201020 
OAI33xp33_ASAP7_75t_SL             16      1.866     asap7sc7p5t_OA_SLVT_TT_nldm_201020 
OR2x2_ASAP7_75t_SL              16441   1438.259 asap7sc7p5t_SIMPLE_SLVT_TT_nldm_201020 
OR2x4_ASAP7_75t_SL                520     60.653 asap7sc7p5t_SIMPLE_SLVT_TT_nldm_201020 
OR2x6_ASAP7_75t_L                   4      0.700  asap7sc7p5t_SIMPLE_LVT_TT_nldm_201020 
OR2x6_ASAP7_75t_SL                 10      1.750 asap7sc7p5t_SIMPLE_SLVT_TT_nldm_201020 
OR3x1_ASAP7_75t_L                  21      1.837  asap7sc7p5t_SIMPLE_LVT_TT_nldm_201020 
OR3x1_ASAP7_75t_SL               2289    200.242 asap7sc7p5t_SIMPLE_SLVT_TT_nldm_201020 
OR4x1_ASAP7_75t_L                   1      0.102  asap7sc7p5t_SIMPLE_LVT_TT_nldm_201020 
OR4x1_ASAP7_75t_SL               4874    497.440 asap7sc7p5t_SIMPLE_SLVT_TT_nldm_201020 
OR5x1_ASAP7_75t_SL               1274    148.599 asap7sc7p5t_SIMPLE_SLVT_TT_nldm_201020 
OR5x2_ASAP7_75t_SL                512     67.185 asap7sc7p5t_SIMPLE_SLVT_TT_nldm_201020 
SDFHx1_ASAP7_75t_SL              2816   1026.432    asap7sc7p5t_SEQ_SLVT_TT_nldm_201020 
XNOR2x1_ASAP7_75t_SL               53      9.273 asap7sc7p5t_SIMPLE_SLVT_TT_nldm_201020 
XNOR2x2_ASAP7_75t_L                50      8.019  asap7sc7p5t_SIMPLE_LVT_TT_nldm_201020 
XNOR2x2_ASAP7_75t_R                20      3.208  asap7sc7p5t_SIMPLE_RVT_TT_nldm_201020 
XNOR2x2_ASAP7_75t_SL               68     10.906 asap7sc7p5t_SIMPLE_SLVT_TT_nldm_201020 
XNOR2xp5_ASAP7_75t_L             1543    202.472  asap7sc7p5t_SIMPLE_LVT_TT_nldm_201020 
XNOR2xp5_ASAP7_75t_SL          109352  14349.169 asap7sc7p5t_SIMPLE_SLVT_TT_nldm_201020 
XOR2x1_ASAP7_75t_SL                 5      0.875 asap7sc7p5t_SIMPLE_SLVT_TT_nldm_201020 
XOR2x2_ASAP7_75t_L                 11      1.764  asap7sc7p5t_SIMPLE_LVT_TT_nldm_201020 
XOR2x2_ASAP7_75t_R                  5      0.802  asap7sc7p5t_SIMPLE_RVT_TT_nldm_201020 
XOR2x2_ASAP7_75t_SL               546     87.567 asap7sc7p5t_SIMPLE_SLVT_TT_nldm_201020 
XOR2xp5_ASAP7_75t_L               943    123.740  asap7sc7p5t_SIMPLE_LVT_TT_nldm_201020 
XOR2xp5_ASAP7_75t_SL           139383  18289.837 asap7sc7p5t_SIMPLE_SLVT_TT_nldm_201020 
srambank_64x4x32_6t122             32  13287.629                 srambank_64x4x32_6t122 
srambank_64x4x80_6t122            192 175396.699                 srambank_64x4x80_6t122 
----------------------------------------------------------------------------------------
total                         3788489 573089.586                                        
                                                                        
                Library                Instances    Area    Instances % 
------------------------------------------------------------------------
asap7sc7p5t_AO_LVT_TT_nldm_201020          30513   2589.146         0.8 
asap7sc7p5t_AO_RVT_TT_nldm_201020              6      0.860         0.0 
asap7sc7p5t_AO_SLVT_TT_nldm_201020        406552  34700.400        10.7 
asap7sc7p5t_INVBUF_LVT_TT_nldm_201020       3652    296.528         0.1 
asap7sc7p5t_INVBUF_RVT_TT_nldm_201020     563222     11.197        14.9 
asap7sc7p5t_INVBUF_SLVT_TT_nldm_201020    397277  18196.715        10.5 
asap7sc7p5t_OA_LVT_TT_nldm_201020            977     89.375         0.0 
asap7sc7p5t_OA_RVT_TT_nldm_201020              1      0.117         0.0 
asap7sc7p5t_OA_SLVT_TT_nldm_201020        503538  41735.673        13.3 
asap7sc7p5t_SEQ_LVT_TT_nldm_201020         84794  32057.017         2.2 
asap7sc7p5t_SEQ_RVT_TT_nldm_201020           505    169.653         0.0 
asap7sc7p5t_SEQ_SLVT_TT_nldm_201020       369869 140031.015         9.8 
asap7sc7p5t_SIMPLE_LVT_TT_nldm_201020      84702   5274.782         2.2 
asap7sc7p5t_SIMPLE_RVT_TT_nldm_201020       1368    170.528         0.0 
asap7sc7p5t_SIMPLE_SLVT_TT_nldm_201020   1341289 109082.253        35.4 
srambank_64x4x32_6t122                        32  13287.629         0.0 
srambank_64x4x80_6t122                       192 175396.699         0.0 
                                           
     Type      Instances    Area    Area % 
-------------------------------------------
timing_model         224 188684.328   32.9 
sequential        455168 172257.684   30.1 
inverter          935651  16383.167    2.9 
buffer             28500   2121.273    0.4 
logic            2368946 193643.133   33.8 
physical_cells         0      0.000    0.0 
-------------------------------------------
total            3788489 573089.586  100.0 
