============================================================
  Generated by:           Genus(TM) Synthesis Solution 25.10-p002_1
  Generated on:           Aug 31 2026  11:35:15 pm
  Module:                 sfm_array_attacc
  Operating conditions:   PVT_0P7V_25C (balanced_tree)
  Wireload mode:          enclosed
  Area mode:              timing library
============================================================

Timing
--------

Clock Period 
-------------
clk    769.0 


  Cost    Critical         Violating 
 Group   Path Slack  TNS     Paths   
-------------------------------------
clk             0.0   0.0          0 
default    No paths   0.0            
-------------------------------------
Total                 0.0          0 

Instance Count
--------------
Leaf Instance Count             3788489 
Physical Instance count               0 
Sequential Instance Count        455392 
Combinational Instance Count    3333097 
Hierarchical Instance Count        1457 

Area
----
Cell Area                          573089.586
Physical Cell Area                 0.000
Total Cell Area (Cell+Physical)    573089.586
Net Area                           0.000
Total Area (Cell+Physical+Net)     573089.586

Max Fanout                         455392 (clk)
Min Fanout                         0 (u_array/g_channel[0].u_channel/G[0].u_pe/u_add/n_10)
Average Fanout                     2.0
Terms to net ratio                 3.1044
Terms to instance ratio            3.4899
Runtime                            28430.399282000297 seconds
Elapsed Runtime                    28556 seconds
Genus peak memory usage            23907.74 
Innovus peak memory usage          no_value 
Hostname                           squire.ece.uw.edu
