============================================================
  Generated by:           Genus(TM) Synthesis Solution 25.10-p002_1
  Generated on:           Aug 31 2026  11:35:14 pm
  Module:                 sfm_array_attacc
  Operating conditions:   PVT_0P7V_25C (balanced_tree)
  Wireload mode:          enclosed
  Area mode:              timing library
============================================================


Path 1: MET (0 ps) Setup Check with Pin u_array/g_channel[15].u_channel/retime_s2_2408_reg/CLK->D
          Group: clk
     Startpoint: (R) u_array/g_channel[15].u_channel/retime_s5_286_reg/CLK
          Clock: (R) clk
       Endpoint: (F) u_array/g_channel[15].u_channel/retime_s2_2408_reg/D
          Clock: (R) clk

                     Capture       Launch     
        Clock Edge:+     769            0     
       Src Latency:+       0            0     
       Net Latency:+       0 (I)        0 (I) 
           Arrival:=     769            0     
                                              
             Setup:-       8                  
       Uncertainty:-      23                  
     Required Time:=     738                  
      Launch Clock:-       0                  
         Data Path:-     738                  
             Slack:=       0                  

#-------------------------------------------------------------------------------------------------------------------------------------------------------------------------------
#                                    Timing Point                                     Flags    Arc    Edge           Cell              Fanout Load Trans Delay Arrival Instance 
#                                                                                                                                             (fF)  (ps)  (ps)   (ps)  Location 
#-------------------------------------------------------------------------------------------------------------------------------------------------------------------------------
  u_array/g_channel[15].u_channel/retime_s5_286_reg/CLK                               -       -       R     (arrival)                  455392    -     0     0       0    (-,-) 
  u_array/g_channel[15].u_channel/retime_s5_286_reg/QN                                -       CLK->QN F     ASYNC_DFFHx1_ASAP7_75t_SL       2  0.9    16    31      31    (-,-) 
  u_array/g_channel[15].u_channel/g54418/Y                                            -       A->Y    F     AND2x2_ASAP7_75t_SL             7  4.2    16    21      52    (-,-) 
  u_array/g_channel[15].u_channel/g54014/Y                                            -       B->Y    F     AND2x2_ASAP7_75t_SL             5  5.9    20    22      74    (-,-) 
  u_array/g_channel[15].u_channel/g54832/Y                                            -       A->Y    R     INVxp67_ASAP7_75t_SL            4  1.9    24    15      88    (-,-) 
  u_array/g_channel[15].u_channel/sub_69_34_g1425/Y                                   -       A->Y    F     NOR2xp33_ASAP7_75t_SL           2  1.1    27    17     105    (-,-) 
  u_array/g_channel[15].u_channel/sub_69_34_g1387/Y                                   -       A1->Y   R     OAI21xp5_ASAP7_75t_SL           2  1.5    28    16     121    (-,-) 
  u_array/g_channel[15].u_channel/sub_69_34_g1381/Y                                   -       A1->Y   F     AOI21xp5_ASAP7_75t_SL           2  1.6    25    14     135    (-,-) 
  u_array/g_channel[15].u_channel/sub_69_34_g1377/Y                                   -       A2->Y   R     OAI21xp5_ASAP7_75t_SL           3  1.7    30    18     154    (-,-) 
  u_array/g_channel[15].u_channel/sub_69_34_g1375/Y                                   -       A->Y    R     AND3x1_ASAP7_75t_SL             3  1.7    20    22     176    (-,-) 
  u_array/g_channel[15].u_channel/sub_69_34_g1365/Y                                   -       A1->Y   F     AOI21xp5_ASAP7_75t_SL           3  2.1    29    16     191    (-,-) 
  u_array/g_channel[15].u_channel/g3/Y                                                -       B->Y    F     XOR2xp5_ASAP7_75t_SL            1  0.6    20    16     207    (-,-) 
  u_array/g_channel[15].u_channel/g53713/Y                                            -       A->Y    R     NOR4xp25_ASAP7_75t_SL           1  0.5    29    16     223    (-,-) 
  u_array/g_channel[15].u_channel/g53660/Y                                            -       D->Y    F     NAND5xp2_ASAP7_75t_SL           1  0.5    28    15     238    (-,-) 
  u_array/g_channel[15].u_channel/g53597/Y                                            -       C->Y    R     NOR4xp25_ASAP7_75t_SL           1  0.5    30    18     256    (-,-) 
  u_array/g_channel[15].u_channel/g53586/Y                                            -       A->Y    F     NAND5xp2_ASAP7_75t_SL           2  1.2    45    22     278    (-,-) 
  u_array/g_channel[15].u_channel/g53564/Y                                            -       A->Y    R     NOR3xp33_ASAP7_75t_SL           2  1.3    40    24     302    (-,-) 
  u_array/g_channel[15].u_channel/g53517/Y                                            -       B->Y    F     OAI21xp5_ASAP7_75t_SL          27 16.2   155    73     375    (-,-) 
  u_array/g_channel[15].u_channel/g53384/Y                                            -       B->Y    F     OA21x2_ASAP7_75t_SL            32 16.4    50    52     426    (-,-) 
  u_array/g_channel[15].u_channel/g52959/Y                                            -       B->Y    R     NAND2xp5_ASAP7_75t_SL           2  9.0    97    54     481    (-,-) 
  u_array/g_channel[15].u_channel/gt_72_32_I8:lt_35_82_Y_gt_72_32_I8:gt_35_65_g1316/Y -       A->Y    F     CKINVDCx14_ASAP7_75t_R          2  1.0    16    13     494    (-,-) 
  u_array/g_channel[15].u_channel/gt_72_32_I8:lt_35_82_Y_gt_72_32_I8:gt_35_65_g1263/Y -       A2->Y   R     AOI22xp5_ASAP7_75t_SL           1  0.6    23    10     505    (-,-) 
  u_array/g_channel[15].u_channel/gt_72_32_I8:lt_35_82_Y_gt_72_32_I8:gt_35_65_g1238/Y -       A1->Y   F     OAI322xp33_ASAP7_75t_SL         1  0.5    30    12     517    (-,-) 
  u_array/g_channel[15].u_channel/gt_72_32_I8:lt_35_82_Y_gt_72_32_I8:gt_35_65_g1232/Y -       B2->Y   R     AOI221xp5_ASAP7_75t_SL          2  1.0    38    20     537    (-,-) 
  u_array/g_channel[15].u_channel/gt_72_32_I8:lt_35_82_Y_gt_72_32_I8:gt_35_65_g1228/Y -       C->Y    F     OAI221xp5_ASAP7_75t_SL          2  1.1    30    16     552    (-,-) 
  u_array/g_channel[15].u_channel/gt_72_32_I8:lt_35_82_Y_gt_72_32_I8:gt_35_65_g1225/Y -       A1->Y   R     OAI322xp33_ASAP7_75t_SL         2  1.0    49    23     576    (-,-) 
  u_array/g_channel[15].u_channel/g468/Y                                              -       A->Y    F     INVxp67_ASAP7_75t_SL            1  0.6    17     8     584    (-,-) 
  u_array/g_channel[15].u_channel/g1387/Y                                             -       A2->Y   R     OAI22xp5_ASAP7_75t_SL           1  0.5    20    10     594    (-,-) 
  u_array/g_channel[15].u_channel/g1386/Y                                             -       B1->Y   R     AO32x1_ASAP7_75t_SL            17 20.7   140    78     672    (-,-) 
  u_array/g_channel[15].u_channel/g1385/Y                                             -       A->Y    F     INVx2_ASAP7_75t_SL             32 12.8    66    35     707    (-,-) 
  u_array/g_channel[15].u_channel/g1374/Y                                             -       B1->Y   R     OAI22xp33_ASAP7_75t_SL          1  0.6    55    20     726    (-,-) 
  u_array/g_channel[15].u_channel/g9917/Y                                             -       A1->Y   F     AOI21xp5_ASAP7_75t_SL           1  0.6    24    11     738    (-,-) 
  u_array/g_channel[15].u_channel/retime_s2_2408_reg/D                                <<<     -       F     DFFHQNx1_ASAP7_75t_SL           1    -     -     0     738    (-,-) 
#-------------------------------------------------------------------------------------------------------------------------------------------------------------------------------

