============================================================
  Generated by:           Genus(TM) Synthesis Solution 25.10-p002_1
  Generated on:           Aug 27 2026  02:45:28 pm
  Module:                 mq_pe_16x2_d32
  Operating conditions:   PVT_0P7V_25C (balanced_tree)
  Wireload mode:          enclosed
  Area mode:              timing library
============================================================


Path 1: MET (0 ps) Setup Check with Pin retime_s28_20_reg/CLK->D
           View: TT.setup_view
          Group: clk
     Startpoint: (R) retime_s12_259_reg/CLK
          Clock: (R) clk
       Endpoint: (F) retime_s28_20_reg/D
          Clock: (R) clk

                     Capture       Launch     
        Clock Edge:+     667            0     
       Src Latency:+       0            0     
       Net Latency:+       0 (I)        0 (I) 
           Arrival:=     667            0     
                                              
             Setup:-       5                  
       Uncertainty:-      20                  
     Required Time:=     642                  
      Launch Clock:-       0                  
         Data Path:-     642                  
             Slack:=       0                  

#----------------------------------------------------------------------------------------------------------------
#     Timing Point       Flags    Arc    Edge           Cell            Fanout Load Trans Delay Arrival Instance 
#                                                                              (fF)  (ps)  (ps)   (ps)  Location 
#----------------------------------------------------------------------------------------------------------------
  retime_s12_259_reg/CLK -       -       R     (arrival)                 29334    -     7     0       0    (-,-) 
  retime_s12_259_reg/QN  -       CLK->QN R     DFFHQNx1_ASAP7_75t_SL         6 12.2    87    69      69    (-,-) 
  g652081/Y              -       A->Y    F     CKINVDCx16_ASAP7_75t_R        3  1.6    15    13      82    (-,-) 
  g652037/Y              -       A->Y    R     NOR2xp33_ASAP7_75t_SL         4  2.0    43    21     103    (-,-) 
  g651988/Y              -       A->Y    F     NOR2xp33_ASAP7_75t_SL         6  3.5    65    39     142    (-,-) 
  g651914/Y              -       A2->Y   R     AOI21xp5_ASAP7_75t_SL         3  1.6    39    22     163    (-,-) 
  g651872/Y              -       B->Y    F     OAI211xp5_ASAP7_75t_SL        1  0.6    23    12     175    (-,-) 
  g651831/Y              -       A1->Y   R     AOI21xp5_ASAP7_75t_SL         6  3.7    54    27     202    (-,-) 
  g651819/Y              -       B->Y    R     OA21x2_ASAP7_75t_SL          13  7.7    31    29     230    (-,-) 
  g651803/Y              -       A->Y    F     INVx1_ASAP7_75t_SL            9  5.0    33    20     250    (-,-) 
  g651753/Y              -       A->Y    R     NAND2xp5_ASAP7_75t_SL        10  5.9    86    37     288    (-,-) 
  g651619/Y              -       B2->Y   F     OAI22xp5_ASAP7_75t_SL         3  1.9    38    16     303    (-,-) 
  g651488/Y              -       B2->Y   R     OAI22xp5_ASAP7_75t_SL         3  9.6   129    64     367    (-,-) 
  g651466/Y              -       A->Y    F     CKINVDCx14_ASAP7_75t_R        1  0.6    19    14     382    (-,-) 
  g711156/Y              -       B1->Y   R     OAI221xp5_ASAP7_75t_SL        2  1.0    43    18     400    (-,-) 
  g711057/Y              -       A2->Y   F     AOI321xp33_ASAP7_75t_SL       1  0.6    30    15     415    (-,-) 
  g710998/Y              -       C->Y    R     A2O1A1Ixp33_ASAP7_75t_SL      4  1.8    39    19     434    (-,-) 
  g710973/Y              -       B->Y    F     NOR2xp33_ASAP7_75t_SL         1  0.6    45    13     447    (-,-) 
  g710956/Y              -       A->Y    R     MAJIxp5_ASAP7_75t_SL          2  1.2    36    20     467    (-,-) 
  g651088/Y              -       B->Y    F     AOI21xp5_ASAP7_75t_SL         2  1.2    28    13     480    (-,-) 
  g710951/Y              -       B->Y    R     NAND2xp5_ASAP7_75t_SL         2  1.1    19    13     494    (-,-) 
  g603753/Y              -       A->Y    F     INVxp67_ASAP7_75t_SL          1  0.4     9     5     499    (-,-) 
  g901829/Y              -       B->Y    R     NOR2xp33_ASAP7_75t_SL         2  1.2    29    14     513    (-,-) 
  g898462/Y              -       A2->Y   F     OAI21xp5_ASAP7_75t_SL         2  1.1    20    12     525    (-,-) 
  g894838/Y              -       B->Y    R     NAND2xp5_ASAP7_75t_SL         2  0.9    28    11     536    (-,-) 
  g892617/Y              -       B->Y    F     NOR2xp33_ASAP7_75t_SL         2  1.0    24    16     552    (-,-) 
  g883396/Y              -       C->Y    R     AOI221xp5_ASAP7_75t_SL        1  0.6    43    16     567    (-,-) 
  g874037/Y              -       B->Y    F     OAI21xp5_ASAP7_75t_SL         2  9.9    99    48     615    (-,-) 
  g870005/Y              -       A->Y    R     CKINVDCx16_ASAP7_75t_R        1  0.4    18    16     631    (-,-) 
  g865030/Y              -       B->Y    F     NOR2xp33_ASAP7_75t_SL         1  0.6    18    11     642    (-,-) 
  retime_s28_20_reg/D    <<<     -       F     DFFHQNx1_ASAP7_75t_SL         1    -     -     0     642    (-,-) 
#----------------------------------------------------------------------------------------------------------------


