============================================================
  Generated by:           Genus(TM) Synthesis Solution 25.10-p002_1
  Generated on:           Aug 27 2026  02:45:28 pm
  Module:                 mq_pe_16x2_d32
  Operating conditions:   PVT_0P7V_25C (balanced_tree)
  Wireload mode:          enclosed
  Area mode:              timing library
============================================================

Timing
--------

Analysis view Clock Period 
---------------------------
TT.setup_view clk    667.0 


   Analysis     Cost   Critical        Violating 
     View      Group  Path Slack  TNS    Paths   
-------------------------------------------------
TT.setup_view     clk        0.0  0.0          0 
              default   No paths  0.0          0 
-------------------------------------------------
Total                            -0.0          0 
                                                 

Instance Count
--------------
Leaf Instance Count             103042 
Physical Instance count              0 
Sequential Instance Count        29334 
Combinational Instance Count     73708 
Hierarchical Instance Count          0 

Area
----
Cell Area                          14057.380
Physical Cell Area                 0.000
Total Cell Area (Cell+Physical)    14057.380
Net Area                           0.000
Total Area (Cell+Physical+Net)     14057.380

Max Fanout                         29334 (clk)
Min Fanout                         0 (n_2339)
Average Fanout                     2.7
Terms to net ratio                 3.7490
Terms to instance ratio            3.7730
Runtime                            2475.9324390000247 seconds
Elapsed Runtime                    2709 seconds
Genus peak memory usage            3688.61 
Innovus peak memory usage          no_value 
Hostname                           squire.ece.uw.edu
