============================================================
  Generated by:           Genus(TM) Synthesis Solution 25.10-p002_1
  Generated on:           Aug 27 2026  02:38:34 pm
  Operating conditions:   PVT_0P7V_25C (balanced_tree)
  Wireload mode:          enclosed
  Area mode:              timing library
============================================================

                                                                                       Library 
           Gate             Instances    Area                   Library                 Domain 
-----------------------------------------------------------------------------------------------
A2O1A1Ixp33_ASAP7_75t_SL          308    26.944     asap7sc7p5t_AO_SLVT_TT_nldm_201020       0 
A2O1A1O1Ixp25_ASAP7_75t_SL         41     5.380     asap7sc7p5t_AO_SLVT_TT_nldm_201020       0 
AND2x2_ASAP7_75t_SL               971    84.943 asap7sc7p5t_SIMPLE_SLVT_TT_nldm_201020       0 
AND2x4_ASAP7_75t_SL                23     3.353 asap7sc7p5t_SIMPLE_SLVT_TT_nldm_201020       0 
AND2x6_ASAP7_75t_L                  1     0.175  asap7sc7p5t_SIMPLE_LVT_TT_nldm_201020       0 
AND2x6_ASAP7_75t_SL                10     1.750 asap7sc7p5t_SIMPLE_SLVT_TT_nldm_201020       0 
AND3x1_ASAP7_75t_SL                17     1.487 asap7sc7p5t_SIMPLE_SLVT_TT_nldm_201020       0 
AND3x2_ASAP7_75t_L                  2     0.204  asap7sc7p5t_SIMPLE_LVT_TT_nldm_201020       0 
AND3x2_ASAP7_75t_SL                 3     0.306 asap7sc7p5t_SIMPLE_SLVT_TT_nldm_201020       0 
AND4x1_ASAP7_75t_SL              1132   115.532 asap7sc7p5t_SIMPLE_SLVT_TT_nldm_201020       0 
AND4x2_ASAP7_75t_SL                 1     0.117 asap7sc7p5t_SIMPLE_SLVT_TT_nldm_201020       0 
AND5x1_ASAP7_75t_SL                35     4.082 asap7sc7p5t_SIMPLE_SLVT_TT_nldm_201020       0 
AO21x1_ASAP7_75t_L                  8     0.700      asap7sc7p5t_AO_LVT_TT_nldm_201020       0 
AO21x1_ASAP7_75t_SL                43     3.762     asap7sc7p5t_AO_SLVT_TT_nldm_201020       0 
AO21x2_ASAP7_75t_L                  1     0.102      asap7sc7p5t_AO_LVT_TT_nldm_201020       0 
AO21x2_ASAP7_75t_SL                10     1.021     asap7sc7p5t_AO_SLVT_TT_nldm_201020       0 
AO221x1_ASAP7_75t_SL                1     0.146     asap7sc7p5t_AO_SLVT_TT_nldm_201020       0 
AO221x2_ASAP7_75t_SL                1     0.160     asap7sc7p5t_AO_SLVT_TT_nldm_201020       0 
AO22x1_ASAP7_75t_SL                34     4.461     asap7sc7p5t_AO_SLVT_TT_nldm_201020       0 
AO22x2_ASAP7_75t_SL                 3     0.437     asap7sc7p5t_AO_SLVT_TT_nldm_201020       0 
AO32x1_ASAP7_75t_SL                14     1.633     asap7sc7p5t_AO_SLVT_TT_nldm_201020       0 
AO32x2_ASAP7_75t_SL                 1     0.131     asap7sc7p5t_AO_SLVT_TT_nldm_201020       0 
AOI211x1_ASAP7_75t_SL               2     0.350     asap7sc7p5t_AO_SLVT_TT_nldm_201020       0 
AOI211xp5_ASAP7_75t_SL            487    42.603     asap7sc7p5t_AO_SLVT_TT_nldm_201020       0 
AOI21x1_ASAP7_75t_L                 1     0.117      asap7sc7p5t_AO_LVT_TT_nldm_201020       0 
AOI21x1_ASAP7_75t_SL                5     0.583     asap7sc7p5t_AO_SLVT_TT_nldm_201020       0 
AOI21xp33_ASAP7_75t_L               2     0.146      asap7sc7p5t_AO_LVT_TT_nldm_201020       0 
AOI21xp33_ASAP7_75t_SL            165    12.029     asap7sc7p5t_AO_SLVT_TT_nldm_201020       0 
AOI21xp5_ASAP7_75t_L               99     7.217      asap7sc7p5t_AO_LVT_TT_nldm_201020       0 
AOI21xp5_ASAP7_75t_SL             943    68.745     asap7sc7p5t_AO_SLVT_TT_nldm_201020       0 
AOI221x1_ASAP7_75t_L                1     0.204      asap7sc7p5t_AO_LVT_TT_nldm_201020       0 
AOI221x1_ASAP7_75t_SL               1     0.204     asap7sc7p5t_AO_SLVT_TT_nldm_201020       0 
AOI221xp5_ASAP7_75t_SL            782    79.811     asap7sc7p5t_AO_SLVT_TT_nldm_201020       0 
AOI222xp33_ASAP7_75t_SL            27     3.937     asap7sc7p5t_AO_SLVT_TT_nldm_201020       0 
AOI22x1_ASAP7_75t_SL                3     0.437     asap7sc7p5t_AO_SLVT_TT_nldm_201020       0 
AOI22xp33_ASAP7_75t_L             211    18.458      asap7sc7p5t_AO_LVT_TT_nldm_201020       0 
AOI22xp33_ASAP7_75t_SL           1275   111.537     asap7sc7p5t_AO_SLVT_TT_nldm_201020       0 
AOI22xp5_ASAP7_75t_L              326    28.518      asap7sc7p5t_AO_LVT_TT_nldm_201020       0 
AOI22xp5_ASAP7_75t_SL           10736   939.185     asap7sc7p5t_AO_SLVT_TT_nldm_201020       0 
AOI311xp33_ASAP7_75t_L              1     0.102      asap7sc7p5t_AO_LVT_TT_nldm_201020       0 
AOI311xp33_ASAP7_75t_SL             8     0.816     asap7sc7p5t_AO_SLVT_TT_nldm_201020       0 
AOI31xp33_ASAP7_75t_SL            163    14.259     asap7sc7p5t_AO_SLVT_TT_nldm_201020       0 
AOI31xp67_ASAP7_75t_R               1     0.190      asap7sc7p5t_AO_RVT_TT_nldm_201020       0 
AOI321xp33_ASAP7_75t_SL            17     1.983     asap7sc7p5t_AO_SLVT_TT_nldm_201020       0 
AOI322xp5_ASAP7_75t_L               2     0.262      asap7sc7p5t_AO_LVT_TT_nldm_201020       0 
AOI322xp5_ASAP7_75t_SL            460    60.361     asap7sc7p5t_AO_SLVT_TT_nldm_201020       0 
AOI32xp33_ASAP7_75t_SL             92     9.390     asap7sc7p5t_AO_SLVT_TT_nldm_201020       0 
AOI332xp33_ASAP7_75t_SL             2     0.292     asap7sc7p5t_AO_SLVT_TT_nldm_201020       0 
AOI33xp33_ASAP7_75t_SL              6     0.700     asap7sc7p5t_AO_SLVT_TT_nldm_201020       0 
ASYNC_DFFHx1_ASAP7_75t_L           41    15.542     asap7sc7p5t_SEQ_LVT_TT_nldm_201020       0 
ASYNC_DFFHx1_ASAP7_75t_SL         590   223.657    asap7sc7p5t_SEQ_SLVT_TT_nldm_201020       0 
BUFx10_ASAP7_75t_L                  7     1.429  asap7sc7p5t_INVBUF_LVT_TT_nldm_201020       0 
BUFx10_ASAP7_75t_SL                10     2.041 asap7sc7p5t_INVBUF_SLVT_TT_nldm_201020       0 
BUFx12f_ASAP7_75t_SL                7     1.837 asap7sc7p5t_INVBUF_SLVT_TT_nldm_201020       0 
BUFx16f_ASAP7_75t_SL                2     0.642 asap7sc7p5t_INVBUF_SLVT_TT_nldm_201020       0 
BUFx2_ASAP7_75t_L                 381    27.775  asap7sc7p5t_INVBUF_LVT_TT_nldm_201020       0 
BUFx2_ASAP7_75t_SL                 83     6.051 asap7sc7p5t_INVBUF_SLVT_TT_nldm_201020       0 
BUFx3_ASAP7_75t_L                 117    10.235  asap7sc7p5t_INVBUF_LVT_TT_nldm_201020       0 
BUFx3_ASAP7_75t_SL                669    58.524 asap7sc7p5t_INVBUF_SLVT_TT_nldm_201020       0 
BUFx4_ASAP7_75t_SL                  4     0.408 asap7sc7p5t_INVBUF_SLVT_TT_nldm_201020       0 
BUFx4f_ASAP7_75t_L                  3     0.350  asap7sc7p5t_INVBUF_LVT_TT_nldm_201020       0 
BUFx4f_ASAP7_75t_R                  1     1.866  asap7sc7p5t_INVBUF_RVT_TT_nldm_201020       0 
BUFx4f_ASAP7_75t_SL                54     6.299 asap7sc7p5t_INVBUF_SLVT_TT_nldm_201020       0 
BUFx5_ASAP7_75t_SL                285    33.242 asap7sc7p5t_INVBUF_SLVT_TT_nldm_201020       0 
BUFx6f_ASAP7_75t_R                  3     6.998  asap7sc7p5t_INVBUF_RVT_TT_nldm_201020       0 
BUFx6f_ASAP7_75t_SL                62     9.040 asap7sc7p5t_INVBUF_SLVT_TT_nldm_201020       0 
BUFx8_ASAP7_75t_L                   2     0.350  asap7sc7p5t_INVBUF_LVT_TT_nldm_201020       0 
BUFx8_ASAP7_75t_SL                  2     0.350 asap7sc7p5t_INVBUF_SLVT_TT_nldm_201020       0 
CKINVDCx10_ASAP7_75t_R             14     0.000  asap7sc7p5t_INVBUF_RVT_TT_nldm_201020       0 
CKINVDCx11_ASAP7_75t_R             10     0.000  asap7sc7p5t_INVBUF_RVT_TT_nldm_201020       0 
CKINVDCx12_ASAP7_75t_R            270     0.000  asap7sc7p5t_INVBUF_RVT_TT_nldm_201020       0 
CKINVDCx14_ASAP7_75t_R            587     0.000  asap7sc7p5t_INVBUF_RVT_TT_nldm_201020       0 
CKINVDCx16_ASAP7_75t_R          22094     0.000  asap7sc7p5t_INVBUF_RVT_TT_nldm_201020       0 
CKINVDCx20_ASAP7_75t_R           6586     0.000  asap7sc7p5t_INVBUF_RVT_TT_nldm_201020       0 
CKINVDCx5p33_ASAP7_75t_R          438     0.000  asap7sc7p5t_INVBUF_RVT_TT_nldm_201020       0 
CKINVDCx8_ASAP7_75t_R              23     0.000  asap7sc7p5t_INVBUF_RVT_TT_nldm_201020       0 
DFFHQNx1_ASAP7_75t_L               62    18.079     asap7sc7p5t_SEQ_LVT_TT_nldm_201020       0 
DFFHQNx1_ASAP7_75t_R                5     1.458     asap7sc7p5t_SEQ_RVT_TT_nldm_201020       0 
DFFHQNx1_ASAP7_75t_SL            1387   404.449    asap7sc7p5t_SEQ_SLVT_TT_nldm_201020       0 
DFFHQNx2_ASAP7_75t_SL              31     9.492    asap7sc7p5t_SEQ_SLVT_TT_nldm_201020       0 
DFFHQNx3_ASAP7_75t_SL              11     3.528    asap7sc7p5t_SEQ_SLVT_TT_nldm_201020       0 
DFFHQx4_ASAP7_75t_SL               23     8.383    asap7sc7p5t_SEQ_SLVT_TT_nldm_201020       0 
FAx1_ASAP7_75t_SL                  24     4.899 asap7sc7p5t_SIMPLE_SLVT_TT_nldm_201020       0 
HAxp5_ASAP7_75t_SL                 36     4.724 asap7sc7p5t_SIMPLE_SLVT_TT_nldm_201020       0 
HB1xp67_ASAP7_75t_L                24     1.400  asap7sc7p5t_INVBUF_LVT_TT_nldm_201020       0 
HB1xp67_ASAP7_75t_SL               76     4.432 asap7sc7p5t_INVBUF_SLVT_TT_nldm_201020       0 
INVx1_ASAP7_75t_SL               2419   105.807 asap7sc7p5t_INVBUF_SLVT_TT_nldm_201020       0 
INVx2_ASAP7_75t_L                   1     0.058  asap7sc7p5t_INVBUF_LVT_TT_nldm_201020       0 
INVx2_ASAP7_75t_SL                686    40.008 asap7sc7p5t_INVBUF_SLVT_TT_nldm_201020       0 
INVx3_ASAP7_75t_SL                107     7.800 asap7sc7p5t_INVBUF_SLVT_TT_nldm_201020       0 
INVx4_ASAP7_75t_SL                 16     1.400 asap7sc7p5t_INVBUF_SLVT_TT_nldm_201020       0 
INVx5_ASAP7_75t_SL                 11     1.123 asap7sc7p5t_INVBUF_SLVT_TT_nldm_201020       0 
INVx6_ASAP7_75t_SL                  4     0.467 asap7sc7p5t_INVBUF_SLVT_TT_nldm_201020       0 
INVxp33_ASAP7_75t_SL              386    16.884 asap7sc7p5t_INVBUF_SLVT_TT_nldm_201020       0 
INVxp67_ASAP7_75t_SL             5062   221.412 asap7sc7p5t_INVBUF_SLVT_TT_nldm_201020       0 
MAJIxp5_ASAP7_75t_SL               91     9.287 asap7sc7p5t_SIMPLE_SLVT_TT_nldm_201020       0 
MAJx2_ASAP7_75t_L                   1     0.131  asap7sc7p5t_SIMPLE_LVT_TT_nldm_201020       0 
NAND2x1_ASAP7_75t_L                 2     0.175  asap7sc7p5t_SIMPLE_LVT_TT_nldm_201020       0 
NAND2x1_ASAP7_75t_SL               19     1.662 asap7sc7p5t_SIMPLE_SLVT_TT_nldm_201020       0 
NAND2x1p5_ASAP7_75t_L               1     0.117  asap7sc7p5t_SIMPLE_LVT_TT_nldm_201020       0 
NAND2x1p5_ASAP7_75t_SL              9     1.050 asap7sc7p5t_SIMPLE_SLVT_TT_nldm_201020       0 
NAND2xp33_ASAP7_75t_L              62     3.616  asap7sc7p5t_SIMPLE_LVT_TT_nldm_201020       0 
NAND2xp33_ASAP7_75t_SL             83     4.841 asap7sc7p5t_SIMPLE_SLVT_TT_nldm_201020       0 
NAND2xp5_ASAP7_75t_L              597    34.817  asap7sc7p5t_SIMPLE_LVT_TT_nldm_201020       0 
NAND2xp5_ASAP7_75t_SL            2613   152.390 asap7sc7p5t_SIMPLE_SLVT_TT_nldm_201020       0 
NAND3x1_ASAP7_75t_SL                2     0.321 asap7sc7p5t_SIMPLE_SLVT_TT_nldm_201020       0 
NAND3xp33_ASAP7_75t_L               8     0.583  asap7sc7p5t_SIMPLE_LVT_TT_nldm_201020       0 
NAND3xp33_ASAP7_75t_SL            140    10.206 asap7sc7p5t_SIMPLE_SLVT_TT_nldm_201020       0 
NAND4xp25_ASAP7_75t_SL           1117    97.715 asap7sc7p5t_SIMPLE_SLVT_TT_nldm_201020       0 
NAND4xp75_ASAP7_75t_SL              3     0.612 asap7sc7p5t_SIMPLE_SLVT_TT_nldm_201020       0 
NAND5xp2_ASAP7_75t_SL             242    24.699 asap7sc7p5t_SIMPLE_SLVT_TT_nldm_201020       0 
NOR2x1_ASAP7_75t_SL                70     6.124 asap7sc7p5t_SIMPLE_SLVT_TT_nldm_201020       0 
NOR2x1p5_ASAP7_75t_SL               9     1.050 asap7sc7p5t_SIMPLE_SLVT_TT_nldm_201020       0 
NOR2x2_ASAP7_75t_SL                 2     0.292 asap7sc7p5t_SIMPLE_SLVT_TT_nldm_201020       0 
NOR2xp33_ASAP7_75t_L               51     2.974  asap7sc7p5t_SIMPLE_LVT_TT_nldm_201020       0 
NOR2xp33_ASAP7_75t_R                1     0.058  asap7sc7p5t_SIMPLE_RVT_TT_nldm_201020       0 
NOR2xp33_ASAP7_75t_SL            2855   166.504 asap7sc7p5t_SIMPLE_SLVT_TT_nldm_201020       0 
NOR2xp67_ASAP7_75t_L               17     1.487  asap7sc7p5t_SIMPLE_LVT_TT_nldm_201020       0 
NOR2xp67_ASAP7_75t_R                2     0.175  asap7sc7p5t_SIMPLE_RVT_TT_nldm_201020       0 
NOR2xp67_ASAP7_75t_SL              12     1.050 asap7sc7p5t_SIMPLE_SLVT_TT_nldm_201020       0 
NOR3xp33_ASAP7_75t_L                1     0.073  asap7sc7p5t_SIMPLE_LVT_TT_nldm_201020       0 
NOR3xp33_ASAP7_75t_SL             184    13.414 asap7sc7p5t_SIMPLE_SLVT_TT_nldm_201020       0 
NOR4xp25_ASAP7_75t_L                1     0.087  asap7sc7p5t_SIMPLE_LVT_TT_nldm_201020       0 
NOR4xp25_ASAP7_75t_SL             105     9.185 asap7sc7p5t_SIMPLE_SLVT_TT_nldm_201020       0 
NOR5xp2_ASAP7_75t_SL              179    18.269 asap7sc7p5t_SIMPLE_SLVT_TT_nldm_201020       0 
O2A1O1Ixp33_ASAP7_75t_L             4     0.350      asap7sc7p5t_OA_LVT_TT_nldm_201020       0 
O2A1O1Ixp33_ASAP7_75t_SL          311    27.206     asap7sc7p5t_OA_SLVT_TT_nldm_201020       0 
O2A1O1Ixp5_ASAP7_75t_SL             6     0.700     asap7sc7p5t_OA_SLVT_TT_nldm_201020       0 
OA211x2_ASAP7_75t_SL               26     3.033     asap7sc7p5t_OA_SLVT_TT_nldm_201020       0 
OA21x2_ASAP7_75t_SL               104    10.614     asap7sc7p5t_OA_SLVT_TT_nldm_201020       0 
OA221x2_ASAP7_75t_SL                1     0.233     asap7sc7p5t_OA_SLVT_TT_nldm_201020       0 
OA222x2_ASAP7_75t_SL                1     0.175     asap7sc7p5t_OA_SLVT_TT_nldm_201020       0 
OA22x2_ASAP7_75t_SL                34     4.957     asap7sc7p5t_OA_SLVT_TT_nldm_201020       0 
OA331x1_ASAP7_75t_SL              117    17.059     asap7sc7p5t_OA_SLVT_TT_nldm_201020       0 
OAI211xp5_ASAP7_75t_L               3     0.262      asap7sc7p5t_OA_LVT_TT_nldm_201020       0 
OAI211xp5_ASAP7_75t_SL            312    27.294     asap7sc7p5t_OA_SLVT_TT_nldm_201020       0 
OAI21x1_ASAP7_75t_SL                4     0.467     asap7sc7p5t_OA_SLVT_TT_nldm_201020       0 
OAI21xp33_ASAP7_75t_L               9     0.656      asap7sc7p5t_OA_LVT_TT_nldm_201020       0 
OAI21xp33_ASAP7_75t_SL            130     9.477     asap7sc7p5t_OA_SLVT_TT_nldm_201020       0 
OAI21xp5_ASAP7_75t_L                3     0.219      asap7sc7p5t_OA_LVT_TT_nldm_201020       0 
OAI21xp5_ASAP7_75t_SL            1118    81.502     asap7sc7p5t_OA_SLVT_TT_nldm_201020       0 
OAI221xp5_ASAP7_75t_L               2     0.204      asap7sc7p5t_OA_LVT_TT_nldm_201020       0 
OAI221xp5_ASAP7_75t_SL           1729   176.462     asap7sc7p5t_OA_SLVT_TT_nldm_201020       0 
OAI222xp33_ASAP7_75t_SL            44     6.415     asap7sc7p5t_OA_SLVT_TT_nldm_201020       0 
OAI22x1_ASAP7_75t_SL                1     0.146     asap7sc7p5t_OA_SLVT_TT_nldm_201020       0 
OAI22xp33_ASAP7_75t_SL            379    33.155     asap7sc7p5t_OA_SLVT_TT_nldm_201020       0 
OAI22xp5_ASAP7_75t_L                3     0.262      asap7sc7p5t_OA_LVT_TT_nldm_201020       0 
OAI22xp5_ASAP7_75t_SL            2372   207.503     asap7sc7p5t_OA_SLVT_TT_nldm_201020       0 
OAI311xp33_ASAP7_75t_SL             8     0.816     asap7sc7p5t_OA_SLVT_TT_nldm_201020       0 
OAI31xp33_ASAP7_75t_SL            550    48.114     asap7sc7p5t_OA_SLVT_TT_nldm_201020       0 
OAI31xp67_ASAP7_75t_L               1     0.190      asap7sc7p5t_OA_LVT_TT_nldm_201020       0 
OAI31xp67_ASAP7_75t_SL              1     0.190     asap7sc7p5t_OA_SLVT_TT_nldm_201020       0 
OAI321xp33_ASAP7_75t_L              1     0.117      asap7sc7p5t_OA_LVT_TT_nldm_201020       0 
OAI321xp33_ASAP7_75t_SL            30     3.499     asap7sc7p5t_OA_SLVT_TT_nldm_201020       0 
OAI322xp33_ASAP7_75t_L              5     0.656      asap7sc7p5t_OA_LVT_TT_nldm_201020       0 
OAI322xp33_ASAP7_75t_SL          1115   146.310     asap7sc7p5t_OA_SLVT_TT_nldm_201020       0 
OAI32xp33_ASAP7_75t_L               3     0.306      asap7sc7p5t_OA_LVT_TT_nldm_201020       0 
OAI32xp33_ASAP7_75t_SL             63     6.430     asap7sc7p5t_OA_SLVT_TT_nldm_201020       0 
OAI331xp33_ASAP7_75t_SL             7     0.919     asap7sc7p5t_OA_SLVT_TT_nldm_201020       0 
OAI33xp33_ASAP7_75t_SL             21     2.449     asap7sc7p5t_OA_SLVT_TT_nldm_201020       0 
OR2x2_ASAP7_75t_SL                414    36.217 asap7sc7p5t_SIMPLE_SLVT_TT_nldm_201020       0 
OR2x4_ASAP7_75t_SL                  5     0.583 asap7sc7p5t_SIMPLE_SLVT_TT_nldm_201020       0 
OR2x6_ASAP7_75t_SL                  2     0.350 asap7sc7p5t_SIMPLE_SLVT_TT_nldm_201020       0 
OR3x1_ASAP7_75t_SL                 27     2.362 asap7sc7p5t_SIMPLE_SLVT_TT_nldm_201020       0 
OR3x2_ASAP7_75t_SL                  4     0.408 asap7sc7p5t_SIMPLE_SLVT_TT_nldm_201020       0 
OR3x4_ASAP7_75t_SL                  1     0.131 asap7sc7p5t_SIMPLE_SLVT_TT_nldm_201020       0 
OR4x1_ASAP7_75t_SL                  1     0.102 asap7sc7p5t_SIMPLE_SLVT_TT_nldm_201020       0 
OR5x1_ASAP7_75t_SL                  3     0.350 asap7sc7p5t_SIMPLE_SLVT_TT_nldm_201020       0 
SDFHx1_ASAP7_75t_L                159    57.956     asap7sc7p5t_SEQ_LVT_TT_nldm_201020       0 
SDFHx1_ASAP7_75t_SL             27171  9903.829    asap7sc7p5t_SEQ_SLVT_TT_nldm_201020       0 
SDFHx2_ASAP7_75t_SL                31    11.751    asap7sc7p5t_SEQ_SLVT_TT_nldm_201020       0 
SDFHx3_ASAP7_75t_SL                 1     0.394    asap7sc7p5t_SEQ_SLVT_TT_nldm_201020       0 
SDFHx4_ASAP7_75t_SL                38    17.175    asap7sc7p5t_SEQ_SLVT_TT_nldm_201020       0 
XNOR2x1_ASAP7_75t_SL                3     0.525 asap7sc7p5t_SIMPLE_SLVT_TT_nldm_201020       0 
XNOR2x2_ASAP7_75t_L                 1     0.160  asap7sc7p5t_SIMPLE_LVT_TT_nldm_201020       0 
XNOR2x2_ASAP7_75t_SL               11     1.764 asap7sc7p5t_SIMPLE_SLVT_TT_nldm_201020       0 
XNOR2xp5_ASAP7_75t_L                6     0.787  asap7sc7p5t_SIMPLE_LVT_TT_nldm_201020       0 
XNOR2xp5_ASAP7_75t_SL             515    67.578 asap7sc7p5t_SIMPLE_SLVT_TT_nldm_201020       0 
XOR2x2_ASAP7_75t_R                  1     0.160  asap7sc7p5t_SIMPLE_RVT_TT_nldm_201020       0 
XOR2x2_ASAP7_75t_SL                11     1.764 asap7sc7p5t_SIMPLE_SLVT_TT_nldm_201020       0 
XOR2xp5_ASAP7_75t_L                 2     0.262  asap7sc7p5t_SIMPLE_LVT_TT_nldm_201020       0 
XOR2xp5_ASAP7_75t_SL              472    61.936 asap7sc7p5t_SIMPLE_SLVT_TT_nldm_201020       0 
-----------------------------------------------------------------------------------------------
total                          107070 14469.557                                                
                                                                       
                Library                Instances    Area   Instances % 
-----------------------------------------------------------------------
asap7sc7p5t_AO_LVT_TT_nldm_201020            652    55.827         0.6 
asap7sc7p5t_AO_RVT_TT_nldm_201020              1     0.190         0.0 
asap7sc7p5t_AO_SLVT_TT_nldm_201020         15630  1391.297        14.6 
asap7sc7p5t_INVBUF_LVT_TT_nldm_201020        535    41.597         0.5 
asap7sc7p5t_INVBUF_RVT_TT_nldm_201020      30026     8.865        28.0 
asap7sc7p5t_INVBUF_SLVT_TT_nldm_201020      9945   517.765         9.3 
asap7sc7p5t_OA_LVT_TT_nldm_201020             34     3.222         0.0 
asap7sc7p5t_OA_SLVT_TT_nldm_201020          8484   815.124         7.9 
asap7sc7p5t_SEQ_LVT_TT_nldm_201020           262    91.577         0.2 
asap7sc7p5t_SEQ_RVT_TT_nldm_201020             5     1.458         0.0 
asap7sc7p5t_SEQ_SLVT_TT_nldm_201020        29283 10582.660        27.3 
asap7sc7p5t_SIMPLE_LVT_TT_nldm_201020        753    45.650         0.7 
asap7sc7p5t_SIMPLE_RVT_TT_nldm_201020          4     0.394         0.0 
asap7sc7p5t_SIMPLE_SLVT_TT_nldm_201020     11456   913.933        10.7 
                                          
     Type      Instances    Area   Area % 
------------------------------------------
sequential         29550 10675.695   73.8 
inverter           38714   394.958    2.7 
buffer              1792   173.269    1.2 
logic              37014  3225.635   22.3 
physical_cells         0     0.000    0.0 
------------------------------------------
total             107070 14469.557  100.0 
