============================================================
  Generated by:           Genus(TM) Synthesis Solution 25.10-p002_1
  Generated on:           Aug 27 2026  02:38:24 pm
  Module:                 mq_pe_16x2_d32
  Operating conditions:   PVT_0P7V_25C (balanced_tree)
  Wireload mode:          enclosed
  Area mode:              timing library
============================================================


Path 1: MET (0 ps) Setup Check with Pin retime_s3_295_reg/CLK->D
           View: TT.setup_view
          Group: clk
     Startpoint: (R) retime_s2_129_reg/CLK
          Clock: (R) clk
       Endpoint: (R) retime_s3_295_reg/D
          Clock: (R) clk

                     Capture       Launch     
        Clock Edge:+     435            0     
       Src Latency:+       0            0     
       Net Latency:+       0 (I)        0 (I) 
           Arrival:=     435            0     
                                              
             Setup:-       9                  
       Uncertainty:-      13                  
     Required Time:=     413                  
      Launch Clock:-       0                  
         Data Path:-     413                  
             Slack:=       0                  

#----------------------------------------------------------------------------------------------------------------------------------------------
#                    Timing Point                     Flags    Arc    Edge           Cell             Fanout Load Trans Delay Arrival Instance 
#                                                                                                            (fF)  (ps)  (ps)   (ps)  Location 
#----------------------------------------------------------------------------------------------------------------------------------------------
  retime_s2_129_reg/CLK                               -       -       R     (arrival)                  29550    -     4     0       0    (-,-) 
  retime_s2_129_reg/QN                                -       CLK->QN R     ASYNC_DFFHx1_ASAP7_75t_SL      4  2.2    26    42      42    (-,-) 
  u_pe_u_tree_g_mul[9].u_mul_mul_36_26_g19431__3680/Y -       B->Y    F     NOR2xp33_ASAP7_75t_L           5  2.8    54    34      75    (-,-) 
  u_pe_u_tree_g_mul[9].u_mul_mul_36_26_g19353__2802/Y -       B->Y    F     OR2x2_ASAP7_75t_SL             9 12.8    39    40     115    (-,-) 
  u_pe_u_tree_g_mul[9].u_mul_mul_36_26_g19297__6161/Y -       B->Y    R     NOR2xp33_ASAP7_75t_SL          2  0.9    29    18     133    (-,-) 
  u_pe_u_tree_g_mul[9].u_mul_mul_36_26_g19249__2398/Y -       B->Y    F     NOR2xp33_ASAP7_75t_SL          2  1.0    25    16     149    (-,-) 
  u_pe_u_tree_g_mul[9].u_mul_mul_36_26_g19181__1666/Y -       B->Y    R     NOR2xp33_ASAP7_75t_SL          3  1.4    34    20     168    (-,-) 
  u_pe_u_tree_g_mul[9].u_mul_mul_36_26_g19114__9315/Y -       B->Y    F     NOR2xp33_ASAP7_75t_SL          2  1.1    30    18     186    (-,-) 
  u_pe_u_tree_g_mul[9].u_mul_mul_36_26_g18974__8246/Y -       A2->Y   R     O2A1O1Ixp33_ASAP7_75t_SL       2  1.1    37    19     205    (-,-) 
  u_pe_u_tree_g_mul[9].u_mul_mul_36_26_g18907__1705/Y -       A2->Y   F     OAI21xp5_ASAP7_75t_SL          2  1.7    32    16     221    (-,-) 
  u_pe_u_tree_g_mul[9].u_mul_mul_36_26_g18856__5477/Y -       A2->Y   R     AOI21xp5_ASAP7_75t_SL          3  1.4    28    16     237    (-,-) 
  u_pe_u_tree_g_mul[9].u_mul_mul_36_26_g18791__4319/Y -       A2->Y   F     AOI21xp5_ASAP7_75t_L           1  0.6    15    10     247    (-,-) 
  u_pe_u_tree_g_mul[9].u_mul_mul_36_26_g18759__6260/Y -       A1->Y   R     OAI21xp5_ASAP7_75t_SL          3  1.7    30    15     262    (-,-) 
  u_pe_u_tree_g_mul[9].u_mul_mul_36_26_g18731__5115/Y -       A2->Y   F     OAI211xp5_ASAP7_75t_SL         1  0.6    24    11     273    (-,-) 
  u_pe_u_tree_g_mul[9].u_mul_mul_36_26_g18721__1881/Y -       A1->Y   R     AOI21xp5_ASAP7_75t_SL          1  1.6    28    16     289    (-,-) 
  g388__9945/CON                                      -       CI->CON F     FAx1_ASAP7_75t_SL              3  1.6    34    18     307    (-,-) 
  u_pe_u_tree_g_mul[9].u_mul_mul_36_26_g18710__1666/Y -       A2->Y   R     A2O1A1Ixp33_ASAP7_75t_SL       3  2.0    37    22     329    (-,-) 
  u_pe_u_tree_g_mul[9].u_mul_mul_36_26_g18706__9945/Y -       B->Y    F     NOR2xp33_ASAP7_75t_SL          3  1.5    33    22     351    (-,-) 
  u_pe_u_tree_g_mul[9].u_mul_mul_36_26_g18699__9315/Y -       B->Y    R     NOR2xp33_ASAP7_75t_SL          2  0.9    28    16     367    (-,-) 
  u_pe_u_tree_g_mul[9].u_mul_mul_36_26_g18691__6161/Y -       B->Y    F     NOR2xp33_ASAP7_75t_SL          2  1.2    26    18     385    (-,-) 
  u_pe_u_tree_g_mul[9].u_mul_mul_36_26_g18683__2883/Y -       A2->Y   R     OAI21xp5_ASAP7_75t_SL          1  0.6    20    12     396    (-,-) 
  u_pe_u_tree_g_mul[9].u_mul_mul_36_26_g18681__7482/Y -       B->Y    F     O2A1O1Ixp33_ASAP7_75t_SL       1  0.5    17     9     405    (-,-) 
  g588374/Y                                           -       A->Y    R     INVxp67_ASAP7_75t_SL           1  0.6    12     8     413    (-,-) 
  retime_s3_295_reg/D                                 <<<     -       R     DFFHQNx1_ASAP7_75t_L           1    -     -     0     413    (-,-) 
#----------------------------------------------------------------------------------------------------------------------------------------------


