============================================================
  Generated by:           Genus(TM) Synthesis Solution 25.10-p002_1
  Generated on:           Aug 27 2026  02:38:24 pm
  Module:                 mq_pe_16x2_d32
  Operating conditions:   PVT_0P7V_25C (balanced_tree)
  Wireload mode:          enclosed
  Area mode:              timing library
============================================================

Timing
--------

Analysis view Clock Period 
---------------------------
TT.setup_view clk    435.0 


   Analysis     Cost   Critical        Violating 
     View      Group  Path Slack  TNS    Paths   
-------------------------------------------------
TT.setup_view     clk        0.0  0.0          0 
              default   No paths  0.0          0 
-------------------------------------------------
Total                            -0.0          0 
                                                 

Instance Count
--------------
Leaf Instance Count             107070 
Physical Instance count              0 
Sequential Instance Count        29550 
Combinational Instance Count     77520 
Hierarchical Instance Count          0 

Area
----
Cell Area                          14469.557
Physical Cell Area                 0.000
Total Cell Area (Cell+Physical)    14469.557
Net Area                           0.000
Total Area (Cell+Physical+Net)     14469.557

Max Fanout                         29550 (clk)
Min Fanout                         0 (n_65178)
Average Fanout                     2.7
Terms to net ratio                 3.7016
Terms to instance ratio            3.7224
Runtime                            2179.6040370000374 seconds
Elapsed Runtime                    2285 seconds
Genus peak memory usage            3713.96 
Innovus peak memory usage          no_value 
Hostname                           squire.ece.uw.edu
