 
****************************************
Report : area
Design : kv_tlb_e32
Version: P-2019.03-SP5-6
Date   : Fri Aug 28 23:28:44 2026
****************************************

Library(s) Used:

    asap7sc7p5t_SIMPLE_RVT_TT_nldm_211120 (File: /thu-bloor/xinyao-w23/kvpim-rtl/third_party/asap7_lib/db/asap7sc7p5t_SIMPLE_RVT_TT_nldm_211120.db)
    asap7sc7p5t_INVBUF_RVT_TT_nldm_211120 (File: /thu-bloor/xinyao-w23/kvpim-rtl/third_party/asap7_lib/db/asap7sc7p5t_INVBUF_RVT_TT_nldm_211120.db)
    asap7sc7p5t_AO_RVT_TT_nldm_211120 (File: /thu-bloor/xinyao-w23/kvpim-rtl/third_party/asap7_lib/db/asap7sc7p5t_AO_RVT_TT_nldm_211120.db)
    asap7sc7p5t_OA_RVT_TT_nldm_211120 (File: /thu-bloor/xinyao-w23/kvpim-rtl/third_party/asap7_lib/db/asap7sc7p5t_OA_RVT_TT_nldm_211120.db)
    asap7sc7p5t_SEQ_RVT_TT_nldm_220123 (File: /thu-bloor/xinyao-w23/kvpim-rtl/third_party/asap7_lib/db/asap7sc7p5t_SEQ_RVT_TT_nldm_220123.db)

Number of ports:                         3571
Number of nets:                         43244
Number of cells:                        40179
Number of combinational cells:          34563
Number of sequential cells:              5597
Number of macros/black boxes:               0
Number of buf/inv:                       9604
Number of references:                       2

Combinational area:               2703.350698
Buf/Inv area:                      471.896285
Noncombinational area:            2121.710746
Macro/Black Box area:                0.000000
Net Interconnect area:      undefined  (No wire load specified)

Total cell area:                  4825.061444
Total area:                 undefined

Hierarchical area distribution
------------------------------

                                  Global cell area          Local cell area
                                  ------------------  ---------------------------- 
Hierarchical cell                 Absolute   Percent  Combi-     Noncombi-  Black-
                                  Total      Total    national   national   boxes   Design
--------------------------------  ---------  -------  ---------  ---------  ------  -------------------------------------
kv_tlb_e32                        4825.0614    100.0     0.0437     0.0000  0.0000  kv_tlb_e32
u                                 4825.0177    100.0    14.0843    20.4703  0.0000  kv_tlb_top_ENTRIES32
u/add_108                            3.1930      0.1     3.1930     0.0000  0.0000  kv_tlb_top_ENTRIES32_DW01_inc_0
u/u_plan                           249.8575      5.2    70.2027   121.3056  0.0000  kv_scan_planner_ENTRIES32
u/u_plan/add_132_aco                13.5448      0.3    13.5448     0.0000  0.0000  kv_scan_planner_ENTRIES32_DW01_add_3
u/u_plan/add_141                    11.8827      0.2    11.8827     0.0000  0.0000  kv_scan_planner_ENTRIES32_DW01_add_8
u/u_plan/add_209                     7.7274      0.2     7.7274     0.0000  0.0000  kv_scan_planner_ENTRIES32_DW01_add_7
u/u_plan/eq_143_4                    5.7737      0.1     5.7737     0.0000  0.0000  kv_scan_planner_ENTRIES32_DW01_cmp6_3
u/u_plan/sub_132                    10.3226      0.2    10.3226     0.0000  0.0000  kv_scan_planner_ENTRIES32_DW01_sub_3
u/u_plan/sub_134                     9.0979      0.2     9.0979     0.0000  0.0000  kv_scan_planner_ENTRIES32_DW01_sub_4
u/u_ptw                            355.9415      7.4   119.9205   188.0237  0.0000  kv_ptw
u/u_ptw/add_116_C65_rn              14.7695      0.3    14.7695     0.0000  0.0000  kv_ptw_DW01_add_4
u/u_ptw/add_171                      1.8808      0.0     1.8808     0.0000  0.0000  kv_ptw_DW01_inc_0_DW01_inc_1
u/u_ptw/add_219_S2                   5.0738      0.1     5.0738     0.0000  0.0000  kv_ptw_DW01_add_8
u/u_ptw/add_66                      13.7052      0.3    13.7052     0.0000  0.0000  kv_ptw_DW01_add_5
u/u_ptw/add_67                      10.9058      0.2    10.9058     0.0000  0.0000  kv_ptw_DW01_add_7
u/u_ptw/r129                         1.6621      0.0     1.6621     0.0000  0.0000  kv_ptw_DW01_inc_1_DW01_inc_2
u/u_tlb                           4181.4711     86.7  2363.0098  1791.9111  0.0000  kv_seg_tlb_ENTRIES32
u/u_tlb/add_94                      11.4599      0.2    11.4599     0.0000  0.0000  kv_seg_tlb_ENTRIES32_DW01_add_1
u/u_tlb/sub_90                      15.0903      0.3    15.0903     0.0000  0.0000  kv_seg_tlb_ENTRIES32_DW01_sub_2
--------------------------------  ---------  -------  ---------  ---------  ------  -------------------------------------
Total                                                 2703.3507  2121.7107  0.0000

1
