============================================================
  Generated by:           Genus(TM) Synthesis Solution 25.10-p002_1
  Generated on:           Aug 27 2026  02:20:27 pm
  Module:                 mq_pe_16x2_d32
  Operating conditions:   PVT_0P7V_25C (balanced_tree)
  Wireload mode:          enclosed
  Area mode:              timing library
============================================================


Path 1: MET (0 ps) Setup Check with Pin retime_s7_24_reg/CLK->D
           View: TT.setup_view
          Group: clk
     Startpoint: (R) retime_s6_35_reg/CLK
          Clock: (R) clk
       Endpoint: (R) retime_s7_24_reg/D
          Clock: (R) clk

                     Capture       Launch     
        Clock Edge:+    1250            0     
       Src Latency:+       0            0     
       Net Latency:+       0 (I)        0 (I) 
           Arrival:=    1250            0     
                                              
             Setup:-       7                  
       Uncertainty:-      38                  
     Required Time:=    1205                  
      Launch Clock:-       0                  
         Data Path:-    1205                  
             Slack:=       0                  

#---------------------------------------------------------------------------------------------------------------------------------------------------------------------------
#                                   Timing Point                                    Flags    Arc    Edge           Cell            Fanout Load Trans Delay Arrival Instance 
#                                                                                                                                         (fF)  (ps)  (ps)   (ps)  Location 
#---------------------------------------------------------------------------------------------------------------------------------------------------------------------------
  retime_s6_35_reg/CLK                                                              -       -       R     (arrival)                 28562    -    12     0       0    (-,-) 
  retime_s6_35_reg/QN                                                               -       CLK->QN R     DFFHQNx1_ASAP7_75t_L          4 13.6   107    87      87    (-,-) 
  g533293/Y                                                                         -       A1->Y   F     OAI22xp5_ASAP7_75t_SL         3  9.4   112    62     149    (-,-) 
  g533221/Y                                                                         -       B2->Y   R     OAI22xp5_ASAP7_75t_SL         2  1.0    49    31     180    (-,-) 
  g533212/Y                                                                         -       B->Y    F     NOR2xp33_ASAP7_75t_SL         2  1.2    32    21     201    (-,-) 
  g533198/Y                                                                         -       B->Y    R     AOI21xp5_ASAP7_75t_SL         5  2.5    41    25     226    (-,-) 
  g533193/Y                                                                         -       B->Y    F     NAND2xp5_ASAP7_75t_SL         4  2.2    32    18     244    (-,-) 
  g533190/Y                                                                         -       A->Y    R     INVx1_ASAP7_75t_SL            2  1.2    17    11     255    (-,-) 
  g533182/Y                                                                         -       B->Y    F     NAND2xp5_ASAP7_75t_SL        11  5.5    59    28     282    (-,-) 
  g515448/Y                                                                         -       B1->Y   R     OAI322xp33_ASAP7_75t_SL       3  1.7    68    41     323    (-,-) 
  u_pe_u_tree_g_l3[1].u_add_sub_77_53_Y_u_pe_u_tree_g_l3[1].u_add_add_76_53_g2384/Y -       B->Y    F     NAND2xp5_ASAP7_75t_SL         2 12.5   125    67     390    (-,-) 
  u_pe_u_tree_g_l3[1].u_add_sub_77_53_Y_u_pe_u_tree_g_l3[1].u_add_add_76_53_g2366/Y -       B->Y    R     OAI21xp5_ASAP7_75t_SL         2  1.1    44    22     412    (-,-) 
  u_pe_u_tree_g_l3[1].u_add_sub_77_53_Y_u_pe_u_tree_g_l3[1].u_add_add_76_53_g2339/Y -       A->Y    F     NAND2xp5_ASAP7_75t_SL         2  1.2    23    10     422    (-,-) 
  u_pe_u_tree_g_l3[1].u_add_sub_77_53_Y_u_pe_u_tree_g_l3[1].u_add_add_76_53_g2338/Y -       C->Y    R     A2O1A1Ixp33_ASAP7_75t_SL      2  1.6    38    16     438    (-,-) 
  u_pe_u_tree_g_l3[1].u_add_sub_77_53_Y_u_pe_u_tree_g_l3[1].u_add_add_76_53_g2335/Y -       A2->Y   F     OAI22xp5_ASAP7_75t_SL         2  1.6    49    16     454    (-,-) 
  u_pe_u_tree_g_l3[1].u_add_sub_77_53_Y_u_pe_u_tree_g_l3[1].u_add_add_76_53_g2332/Y -       A2->Y   R     AOI22xp5_ASAP7_75t_SL         2  1.7    37    21     475    (-,-) 
  u_pe_u_tree_g_l3[1].u_add_sub_77_53_Y_u_pe_u_tree_g_l3[1].u_add_add_76_53_g2328/Y -       A2->Y   F     OAI22xp5_ASAP7_75t_SL         2  1.6    29    16     491    (-,-) 
  u_pe_u_tree_g_l3[1].u_add_sub_77_53_Y_u_pe_u_tree_g_l3[1].u_add_add_76_53_g2326/Y -       A2->Y   R     AOI22xp5_ASAP7_75t_SL         2  1.7    37    18     509    (-,-) 
  u_pe_u_tree_g_l3[1].u_add_sub_77_53_Y_u_pe_u_tree_g_l3[1].u_add_add_76_53_g2323/Y -       A2->Y   F     OAI22xp5_ASAP7_75t_SL         2  1.6    29    16     525    (-,-) 
  u_pe_u_tree_g_l3[1].u_add_sub_77_53_Y_u_pe_u_tree_g_l3[1].u_add_add_76_53_g2320/Y -       A2->Y   R     AOI22xp5_ASAP7_75t_SL         2  1.6    36    18     543    (-,-) 
  u_pe_u_tree_g_l3[1].u_add_sub_77_53_Y_u_pe_u_tree_g_l3[1].u_add_add_76_53_g2317/Y -       A2->Y   F     OAI22xp5_ASAP7_75t_SL         2  1.6    28    16     559    (-,-) 
  u_pe_u_tree_g_l3[1].u_add_sub_77_53_Y_u_pe_u_tree_g_l3[1].u_add_add_76_53_g2314/Y -       A2->Y   R     AOI22xp5_ASAP7_75t_SL         2  1.7    37    18     577    (-,-) 
  u_pe_u_tree_g_l3[1].u_add_sub_77_53_Y_u_pe_u_tree_g_l3[1].u_add_add_76_53_g2311/Y -       A2->Y   F     OAI22xp5_ASAP7_75t_SL         2  1.1    24    13     590    (-,-) 
  u_pe_u_tree_g_l3[1].u_add_sub_77_53_Y_u_pe_u_tree_g_l3[1].u_add_add_76_53_g2/Y    -       B->Y    F     OR2x2_ASAP7_75t_SL            2  1.2     9    19     609    (-,-) 
  u_pe_u_tree_g_l3[1].u_add_sub_77_53_Y_u_pe_u_tree_g_l3[1].u_add_add_76_53_g2304/Y -       B->Y    R     NAND2xp5_ASAP7_75t_SL         2  1.0    16     9     618    (-,-) 
  u_pe_u_tree_g_l3[1].u_add_sub_77_53_Y_u_pe_u_tree_g_l3[1].u_add_add_76_53_g2303/Y -       B->Y    F     NOR2xp33_ASAP7_75t_SL         2  1.7    37    19     638    (-,-) 
  u_pe_u_tree_g_l3[1].u_add_sub_77_53_Y_u_pe_u_tree_g_l3[1].u_add_add_76_53_g2302/Y -       B->Y    R     AOI21xp5_ASAP7_75t_SL         2  1.3    29    19     656    (-,-) 
  u_pe_u_tree_g_l3[1].u_add_sub_77_53_Y_u_pe_u_tree_g_l3[1].u_add_add_76_53_g2299/Y -       B2->Y   F     OAI22xp5_ASAP7_75t_SL         3  1.5    48    12     669    (-,-) 
  g532202/Y                                                                         -       B->Y    R     NOR2xp33_ASAP7_75t_SL         3  1.8    46    27     696    (-,-) 
  g532181/Y                                                                         -       A->Y    F     NAND3xp33_ASAP7_75t_SL        3  1.7    38    20     717    (-,-) 
  g532159/Y                                                                         -       A2->Y   R     OAI21xp5_ASAP7_75t_SL         2  1.0    34    16     733    (-,-) 
  g532153/Y                                                                         -       B->Y    R     AO21x1_ASAP7_75t_SL          14 19.4   131    67     800    (-,-) 
  g532127/Y                                                                         -       A2->Y   F     OAI22xp5_ASAP7_75t_SL         2 12.5   143    80     880    (-,-) 
  g532121/Y                                                                         -       A->Y    R     CKINVDCx20_ASAP7_75t_R        1  0.6    21    18     898    (-,-) 
  g532106/Y                                                                         -       A2->Y   F     AOI22xp5_ASAP7_75t_SL         2  1.0    45    12     910    (-,-) 
  g532077/Y                                                                         -       A1->Y   R     OAI221xp5_ASAP7_75t_SL        2 10.0   216    98    1008    (-,-) 
  g532058__4733/Y                                                                   -       C->Y    F     NAND5xp2_ASAP7_75t_SL         2  1.1    84    30    1038    (-,-) 
  g532049/Y                                                                         -       B->Y    R     NOR3xp33_ASAP7_75t_SL         3  1.6    53    30    1068    (-,-) 
  g532038__7482/Y                                                                   -       C->Y    F     O2A1O1Ixp33_ASAP7_75t_SL      2  0.9    30    14    1082    (-,-) 
  g532028__5115/Y                                                                   -       A1->Y   F     AO331x1_ASAP7_75t_SL         16  8.5    52    46    1128    (-,-) 
  g532018/Y                                                                         -       B->Y    R     NAND2xp5_ASAP7_75t_SL         5  2.3    60    24    1152    (-,-) 
  g532012__1881/Y                                                                   -       B->Y    F     OAI31xp33_ASAP7_75t_SL        1  3.7    68    40    1192    (-,-) 
  g514414/Y                                                                         -       A->Y    R     CKINVDCx5p33_ASAP7_75t_R      1  0.6    15    13    1205    (-,-) 
  retime_s7_24_reg/D                                                                <<<     -       R     DFFHQNx1_ASAP7_75t_SL         1    -     -     0    1205    (-,-) 
#---------------------------------------------------------------------------------------------------------------------------------------------------------------------------


