============================================================
  Generated by:           Genus(TM) Synthesis Solution 25.10-p002_1
  Generated on:           Aug 27 2026  02:20:27 pm
  Module:                 mq_pe_16x2_d32
  Operating conditions:   PVT_0P7V_25C (balanced_tree)
  Wireload mode:          enclosed
  Area mode:              timing library
============================================================

Timing
--------

Analysis view Clock Period 
---------------------------
TT.setup_view clk   1250.0 


   Analysis     Cost   Critical        Violating 
     View      Group  Path Slack  TNS    Paths   
-------------------------------------------------
TT.setup_view     clk        0.0  0.0          0 
              default   No paths  0.0          0 
-------------------------------------------------
Total                            -0.0          0 
                                                 

Instance Count
--------------
Leaf Instance Count             99973 
Physical Instance count             0 
Sequential Instance Count       28562 
Combinational Instance Count    71411 
Hierarchical Instance Count         0 

Area
----
Cell Area                          13598.329
Physical Cell Area                 0.000
Total Cell Area (Cell+Physical)    13598.329
Net Area                           0.000
Total Area (Cell+Physical+Net)     13598.329

Max Fanout                         28562 (clk)
Min Fanout                         0 (n_1)
Average Fanout                     2.7
Terms to net ratio                 3.7439
Terms to instance ratio            3.7688
Runtime                            2221.2916460000424 seconds
Elapsed Runtime                    2331 seconds
Genus peak memory usage            3505.96 
Innovus peak memory usage          no_value 
Hostname                           squire.ece.uw.edu
