============================================================
  Generated by:           Genus(TM) Synthesis Solution 25.10-p002_1
  Generated on:           Aug 27 2026  02:27:12 pm
  Module:                 mq_pe_16x2_d32
  Operating conditions:   PVT_0P7V_25C (balanced_tree)
  Wireload mode:          enclosed
  Area mode:              timing library
============================================================


Path 1: MET (0 ps) Setup Check with Pin retime_s6_15_reg/CLK->D
           View: TT.setup_view
          Group: clk
     Startpoint: (R) retime_s5_3_reg/CLK
          Clock: (R) clk
       Endpoint: (F) retime_s6_15_reg/D
          Clock: (R) clk

                     Capture       Launch     
        Clock Edge:+    2000            0     
       Src Latency:+       0            0     
       Net Latency:+       0 (I)        0 (I) 
           Arrival:=    2000            0     
                                              
             Setup:-       6                  
       Uncertainty:-      60                  
     Required Time:=    1934                  
      Launch Clock:-       0                  
         Data Path:-    1934                  
             Slack:=       0                  

#-------------------------------------------------------------------------------------------------------------
#    Timing Point     Flags    Arc    Edge           Cell            Fanout Load Trans Delay Arrival Instance 
#                                                                           (fF)  (ps)  (ps)   (ps)  Location 
#-------------------------------------------------------------------------------------------------------------
  retime_s5_3_reg/CLK -       -       R     (arrival)                 28451    -    20     0       0    (-,-) 
  retime_s5_3_reg/QN  -       CLK->QN F     DFFHQNx1_ASAP7_75t_SL         1  0.5    13    30      30    (-,-) 
  g530005/Y           -       A->Y    R     INVxp67_ASAP7_75t_SL          1  0.8    12     8      38    (-,-) 
  g529791/Y           -       A->Y    F     NOR2xp67_ASAP7_75t_L          3  1.5    19    14      53    (-,-) 
  g529775/Y           -       B->Y    R     NOR2xp33_ASAP7_75t_SL         2  1.2    29    17      69    (-,-) 
  g529772/Y           -       A->Y    F     INVx1_ASAP7_75t_SL            5  3.0    23    14      84    (-,-) 
  g529662/Y           -       A2->Y   R     OAI21xp5_ASAP7_75t_SL         2  1.3    25    16      99    (-,-) 
  g519103/Y           -       A->Y    F     INVx1_ASAP7_75t_SL            3  2.1    18    11     110    (-,-) 
  g4901/SN            -       B->SN   F     HAxp5_ASAP7_75t_SL           11 17.0   190   189     300    (-,-) 
  g519042/Y           -       A->Y    R     NOR2xp33_ASAP7_75t_SL         7  3.3   100    49     348    (-,-) 
  g519011/Y           -       C->Y    F     OAI211xp5_ASAP7_75t_SL        1  0.5    34     8     356    (-,-) 
  g519008/Y           -       A1->Y   R     AOI32xp33_ASAP7_75t_SL        1  0.6    64    16     372    (-,-) 
  g519007/Y           -       A1->Y   F     AOI21xp5_ASAP7_75t_SL         1  0.6    56    12     384    (-,-) 
  g519006/Y           -       A1->Y   R     AOI21xp5_ASAP7_75t_SL         9  5.3   120    40     424    (-,-) 
  g519005/Y           -       A->Y    F     INVx1_ASAP7_75t_SL            7  4.0    49    24     448    (-,-) 
  g518994/Y           -       A2->Y   R     OAI22xp5_ASAP7_75t_SL         6  2.7    66    30     477    (-,-) 
  g518952/Y           -       B->Y    F     NAND2xp5_ASAP7_75t_SL         2 12.5   151    66     544    (-,-) 
  g518922/Y           -       B2->Y   R     AOI22xp5_ASAP7_75t_SL         8 15.5   218   123     666    (-,-) 
  g518906/Y           -       B->Y    F     NOR2xp33_ASAP7_75t_SL         4 13.7   254   152     818    (-,-) 
  g518894/Y           -       A2->Y   R     AOI22xp5_ASAP7_75t_SL         2 12.4   214   106     924    (-,-) 
  g518854/Y           -       A->Y    F     NAND5xp2_ASAP7_75t_SL         1  0.6    74    35     959    (-,-) 
  g518820/Y           -       B1->Y   R     AOI221xp5_ASAP7_75t_SL        1  0.6    57    22     981    (-,-) 
  g518812/Y           -       C->Y    F     A2O1A1Ixp33_ASAP7_75t_SL      3  9.2   136    68    1050    (-,-) 
  g518802/Y           -       B->Y    R     NOR2xp33_ASAP7_75t_SL         3  1.5    62    35    1084    (-,-) 
  g518795/Y           -       B->Y    F     NAND2xp5_ASAP7_75t_SL         3  1.4    34    15    1099    (-,-) 
  g518791/Y           -       B->Y    R     NOR2xp33_ASAP7_75t_SL         2  0.9    62    17    1116    (-,-) 
  g518787/Y           -       B->Y    F     NOR2xp33_ASAP7_75t_SL         2  1.1    34    21    1136    (-,-) 
  g518785/Y           -       B->Y    R     AOI21xp5_ASAP7_75t_SL         2  1.7    46    20    1157    (-,-) 
  g518781/Y           -       A2->Y   F     OAI22xp5_ASAP7_75t_SL         2  1.6    36    17    1174    (-,-) 
  g518777/Y           -       A2->Y   R     OAI22xp5_ASAP7_75t_SL         2  1.5    48    20    1194    (-,-) 
  g518771/Y           -       A2->Y   F     AOI22xp5_ASAP7_75t_SL         2  1.6    36    18    1212    (-,-) 
  g518766/Y           -       A2->Y   R     OAI22xp5_ASAP7_75t_SL         2  1.5    48    20    1232    (-,-) 
  g518762/Y           -       A2->Y   F     OAI22xp5_ASAP7_75t_SL         2  1.6    57    17    1249    (-,-) 
  g518758/Y           -       A2->Y   R     OAI22xp5_ASAP7_75t_SL         2  1.5    48    24    1273    (-,-) 
  g518752/Y           -       A2->Y   F     OAI22xp5_ASAP7_75t_SL         2  1.6    33    17    1290    (-,-) 
  g518745/Y           -       A2->Y   R     OAI22xp5_ASAP7_75t_SL         2  1.5    48    19    1309    (-,-) 
  g518743/Y           -       A2->Y   F     AOI22xp5_ASAP7_75t_SL         2  1.2    34    16    1325    (-,-) 
  g518740/Y           -       B->Y    R     NAND2xp5_ASAP7_75t_SL         2  1.2    34    15    1340    (-,-) 
  g518739/Y           -       B->Y    F     OAI21xp5_ASAP7_75t_SL         2  1.3    32    12    1352    (-,-) 
  g518731/Y           -       B2->Y   R     AOI22xp5_ASAP7_75t_SL         1  0.6    63    14    1366    (-,-) 
  g518728/Y           -       B->Y    F     AOI21xp5_ASAP7_75t_SL         5  2.7    39    23    1389    (-,-) 
  g518726/Y           -       C->Y    R     O2A1O1Ixp33_ASAP7_75t_SL     14  8.1   157    75    1464    (-,-) 
  g518724/Y           -       A->Y    F     INVx1_ASAP7_75t_SL            8  4.5    60    28    1491    (-,-) 
  g518703/Y           -       B1->Y   R     OAI22xp33_ASAP7_75t_SL        2 12.3   242   111    1602    (-,-) 
  g518684/Y           -       A->Y    F     NOR2xp33_ASAP7_75t_SL         2 12.5   244   148    1750    (-,-) 
  g518670/Y           -       A2->Y   R     AOI22xp5_ASAP7_75t_SL         2  0.9    73    27    1778    (-,-) 
  g518658/Y           -       B->Y    F     NOR2xp33_ASAP7_75t_SL         3  1.7    45    28    1806    (-,-) 
  g518654/Y           -       B->Y    R     NAND2xp5_ASAP7_75t_SL         3 12.9   137    70    1876    (-,-) 
  g518649/Y           -       B->Y    F     NOR2xp33_ASAP7_75t_SL         2  1.4    56    31    1907    (-,-) 
  g518647/Y           -       A->Y    R     INVxp33_ASAP7_75t_SL          1  0.4    23    15    1922    (-,-) 
  g518622/Y           -       A->Y    F     NOR2xp33_ASAP7_75t_SL         1  0.6    41    13    1934    (-,-) 
  retime_s6_15_reg/D  <<<     -       F     DFFHQNx1_ASAP7_75t_SL         1    -     -     0    1934    (-,-) 
#-------------------------------------------------------------------------------------------------------------


