============================================================
  Generated by:           Genus(TM) Synthesis Solution 25.10-p002_1
  Generated on:           Aug 27 2026  02:27:12 pm
  Module:                 mq_pe_16x2_d32
  Operating conditions:   PVT_0P7V_25C (balanced_tree)
  Wireload mode:          enclosed
  Area mode:              timing library
============================================================

Timing
--------

Analysis view Clock Period 
---------------------------
TT.setup_view clk   2000.0 


   Analysis     Cost   Critical        Violating 
     View      Group  Path Slack  TNS    Paths   
-------------------------------------------------
TT.setup_view     clk        0.0  0.0          0 
              default   No paths  0.0          0 
-------------------------------------------------
Total                            -0.0          0 
                                                 

Instance Count
--------------
Leaf Instance Count             98760 
Physical Instance count             0 
Sequential Instance Count       28451 
Combinational Instance Count    70309 
Hierarchical Instance Count         0 

Area
----
Cell Area                          13424.083
Physical Cell Area                 0.000
Total Cell Area (Cell+Physical)    13424.083
Net Area                           0.000
Total Area (Cell+Physical+Net)     13424.083

Max Fanout                         28451 (clk)
Min Fanout                         0 (n_1625)
Average Fanout                     2.8
Terms to net ratio                 3.7558
Terms to instance ratio            3.7807
Runtime                            2606.717084000037 seconds
Elapsed Runtime                    2736 seconds
Genus peak memory usage            3494.82 
Innovus peak memory usage          no_value 
Hostname                           squire.ece.uw.edu
