============================================================
  Generated by:           Genus(TM) Synthesis Solution 25.10-p002_1
  Generated on:           Aug 17 2026  04:17:14 pm
  Module:                 fugue_logic_die
  Operating conditions:   ssg0p72v125c 
  Interconnect mode:      global
  Area mode:              physical library
============================================================

Timing
--------

Analysis view Clock Period 
---------------------------
SS.setup_view clk   2000.0 


   Analysis     Cost   Critical        Violating 
     View      Group  Path Slack  TNS    Paths   
-------------------------------------------------
SS.setup_view     clk        0.0  0.0          0 
              default   No paths  0.0          0 
-------------------------------------------------
Total                            -0.0          0 
                                                 

Instance Count
--------------
Leaf Instance Count             293372 
Physical Instance count              0 
Sequential Instance Count        77236 
Combinational Instance Count    216136 
Hierarchical Instance Count          2 

Area
----
Cell Area                          363854.610
Physical Cell Area                 0.000
Total Cell Area (Cell+Physical)    363854.610
Net Area                           144663.262
Total Area (Cell+Physical+Net)     508517.872

Max Fanout                         77236 (clk)
Min Fanout                         0 (rope_cos[16])
Average Fanout                     2.9
Terms to net ratio                 3.9444
Terms to instance ratio            4.2713
Runtime                            6233.259760999999 seconds
Elapsed Runtime                    6334 seconds
Genus peak memory usage            6472.05 
Innovus peak memory usage          no_value 
Hostname                           squire.ece.uw.edu
