============================================================
  Generated by:           Genus(TM) Synthesis Solution 25.10-p002_1
  Generated on:           Aug 17 2026  04:17:58 pm
  Operating conditions:   ssg0p72v125c 
  Interconnect mode:      global
  Area mode:              physical library
============================================================

                                                                                        Library 
            Gate             Instances    Area                   Library                 Domain 
------------------------------------------------------------------------------------------------
AN2D0BWP30P140                       1      0.504    tcbn28hpcplusbwp30p140ssg0p72v125c       0 
AN2D16BWP30P140LVT                  21     71.442 tcbn28hpcplusbwp30p140lvtssg0p72v125c       0 
AN2D1BWP30P140LVT                  783    394.632 tcbn28hpcplusbwp30p140lvtssg0p72v125c       0 
AN2D2BWP30P140                      17     10.710    tcbn28hpcplusbwp30p140ssg0p72v125c       0 
AN2D2BWP30P140LVT                  418    263.340 tcbn28hpcplusbwp30p140lvtssg0p72v125c       0 
AN2D4BWP30P140                       8      9.072    tcbn28hpcplusbwp30p140ssg0p72v125c       0 
AN2D4BWP30P140LVT                  141    159.894 tcbn28hpcplusbwp30p140lvtssg0p72v125c       0 
AN2D6BWP30P140LVT                    4      5.544 tcbn28hpcplusbwp30p140lvtssg0p72v125c       0 
AN2D8BWP30P140LVT                   57    107.730 tcbn28hpcplusbwp30p140lvtssg0p72v125c       0 
AN3D0BWP30P140                      11      6.930    tcbn28hpcplusbwp30p140ssg0p72v125c       0 
AN3D0BWP30P140LVT                    3      1.890 tcbn28hpcplusbwp30p140lvtssg0p72v125c       0 
AN3D1BWP30P140                       1      0.630    tcbn28hpcplusbwp30p140ssg0p72v125c       0 
AN3D1BWP30P140LVT                  252    158.760 tcbn28hpcplusbwp30p140lvtssg0p72v125c       0 
AN3D2BWP30P140LVT                   43     32.508 tcbn28hpcplusbwp30p140lvtssg0p72v125c       0 
AN3D4BWP30P140LVT                    7      9.702 tcbn28hpcplusbwp30p140lvtssg0p72v125c       0 
AN3D6BWP30P140LVT                    1      1.638 tcbn28hpcplusbwp30p140lvtssg0p72v125c       0 
AN4D0BWP30P140LVT                   43     32.508 tcbn28hpcplusbwp30p140lvtssg0p72v125c       0 
AN4D1BWP30P140LVT                  215    162.540 tcbn28hpcplusbwp30p140lvtssg0p72v125c       0 
AN4D2BWP30P140                       1      0.882    tcbn28hpcplusbwp30p140ssg0p72v125c       0 
AN4D2BWP30P140LVT                    7      6.174 tcbn28hpcplusbwp30p140lvtssg0p72v125c       0 
AN4D4BWP30P140LVT                    1      1.638 tcbn28hpcplusbwp30p140lvtssg0p72v125c       0 
AO211D1BWP30P140                     9      6.804    tcbn28hpcplusbwp30p140ssg0p72v125c       0 
AO211D1BWP30P140LVT               2343   1771.308 tcbn28hpcplusbwp30p140lvtssg0p72v125c       0 
AO211D2BWP30P140LVT                 20     17.640 tcbn28hpcplusbwp30p140lvtssg0p72v125c       0 
AO211D4BWP30P140                     4      6.552    tcbn28hpcplusbwp30p140ssg0p72v125c       0 
AO211D4BWP30P140LVT                  6      9.828 tcbn28hpcplusbwp30p140lvtssg0p72v125c       0 
AO21D1BWP30P140                     74     46.620    tcbn28hpcplusbwp30p140ssg0p72v125c       0 
AO21D1BWP30P140LVT                1393    877.590 tcbn28hpcplusbwp30p140lvtssg0p72v125c       0 
AO21D2BWP30P140                      3      2.268    tcbn28hpcplusbwp30p140ssg0p72v125c       0 
AO21D2BWP30P140LVT                  71     53.676 tcbn28hpcplusbwp30p140lvtssg0p72v125c       0 
AO21D4BWP30P140                      6      8.316    tcbn28hpcplusbwp30p140ssg0p72v125c       0 
AO21D4BWP30P140LVT                  43     59.598 tcbn28hpcplusbwp30p140lvtssg0p72v125c       0 
AO22D0BWP30P140                    224    169.344    tcbn28hpcplusbwp30p140ssg0p72v125c       0 
AO22D0BWP30P140LVT               20793  15719.508 tcbn28hpcplusbwp30p140lvtssg0p72v125c       0 
AO22D1BWP30P140LVT                 243    214.326 tcbn28hpcplusbwp30p140lvtssg0p72v125c       0 
AO22D2BWP30P140LVT                  44     44.352 tcbn28hpcplusbwp30p140lvtssg0p72v125c       0 
AO22D4BWP30P140LVT                  18     31.752 tcbn28hpcplusbwp30p140lvtssg0p72v125c       0 
AOI211D0BWP30P140                    1      0.630    tcbn28hpcplusbwp30p140ssg0p72v125c       0 
AOI211D0BWP30P140LVT                 1      0.630 tcbn28hpcplusbwp30p140lvtssg0p72v125c       0 
AOI211D1BWP30P140LVT              1847   1163.610 tcbn28hpcplusbwp30p140lvtssg0p72v125c       0 
AOI211D2BWP30P140LVT                41     46.494 tcbn28hpcplusbwp30p140lvtssg0p72v125c       0 
AOI211D4BWP30P140LVT                 6     13.608 tcbn28hpcplusbwp30p140lvtssg0p72v125c       0 
AOI211D6BWP30P140LVT                 3      9.828 tcbn28hpcplusbwp30p140lvtssg0p72v125c       0 
AOI211OPTREPBD1BWP30P140LVT         13     14.742 tcbn28hpcplusbwp30p140lvtssg0p72v125c       0 
AOI211OPTREPBD2BWP30P140             4      7.056    tcbn28hpcplusbwp30p140ssg0p72v125c       0 
AOI211OPTREPBD2BWP30P140LVT         15     26.460 tcbn28hpcplusbwp30p140lvtssg0p72v125c       0 
AOI211OPTREPBD4BWP30P140LVT          4     14.112 tcbn28hpcplusbwp30p140lvtssg0p72v125c       0 
AOI21D0P7BWP30P140LVT               28     14.112 tcbn28hpcplusbwp30p140lvtssg0p72v125c       0 
AOI21D1BWP30P140                    87     43.848    tcbn28hpcplusbwp30p140ssg0p72v125c       0 
AOI21D1BWP30P140LVT               3569   1798.776 tcbn28hpcplusbwp30p140lvtssg0p72v125c       0 
AOI21D1P5BWP30P140                   2      1.764    tcbn28hpcplusbwp30p140ssg0p72v125c       0 
AOI21D1P5BWP30P140LVT                8      7.056 tcbn28hpcplusbwp30p140lvtssg0p72v125c       0 
AOI21D2BWP30P140                     8      7.056    tcbn28hpcplusbwp30p140ssg0p72v125c       0 
AOI21D2BWP30P140LVT                335    295.470 tcbn28hpcplusbwp30p140lvtssg0p72v125c       0 
AOI21D4BWP30P140LVT                 71    125.244 tcbn28hpcplusbwp30p140lvtssg0p72v125c       0 
AOI21D6BWP30P140LVT                 14     35.280 tcbn28hpcplusbwp30p140lvtssg0p72v125c       0 
AOI21D8BWP30P140LVT                  2      6.552 tcbn28hpcplusbwp30p140lvtssg0p72v125c       0 
AOI21OPTREPBD1BWP30P140              1      0.756    tcbn28hpcplusbwp30p140ssg0p72v125c       0 
AOI21OPTREPBD1BWP30P140LVT         170    128.520 tcbn28hpcplusbwp30p140lvtssg0p72v125c       0 
AOI21OPTREPBD2BWP30P140              6      8.316    tcbn28hpcplusbwp30p140ssg0p72v125c       0 
AOI21OPTREPBD2BWP30P140LVT          96    133.056 tcbn28hpcplusbwp30p140lvtssg0p72v125c       0 
AOI21OPTREPBD4BWP30P140LVT           3      7.938 tcbn28hpcplusbwp30p140lvtssg0p72v125c       0 
AOI21OPTREPBD6BWP30P140LVT           1      3.906 tcbn28hpcplusbwp30p140lvtssg0p72v125c       0 
AOI221D1BWP30P140LVT             19287  14580.972 tcbn28hpcplusbwp30p140lvtssg0p72v125c       0 
AOI221D2BWP30P140                    4      6.048    tcbn28hpcplusbwp30p140ssg0p72v125c       0 
AOI221D2BWP30P140LVT                23     34.776 tcbn28hpcplusbwp30p140lvtssg0p72v125c       0 
AOI221D4BWP30P140LVT                 4     11.592 tcbn28hpcplusbwp30p140lvtssg0p72v125c       0 
AOI222D1BWP30P140LVT               898    905.184 tcbn28hpcplusbwp30p140lvtssg0p72v125c       0 
AOI222D2BWP30P140LVT                 9     15.876 tcbn28hpcplusbwp30p140lvtssg0p72v125c       0 
AOI22D1BWP30P140LVT               3662   2307.060 tcbn28hpcplusbwp30p140lvtssg0p72v125c       0 
AOI22D1P5BWP30P140                   1      1.134    tcbn28hpcplusbwp30p140ssg0p72v125c       0 
AOI22D1P5BWP30P140LVT               11     12.474 tcbn28hpcplusbwp30p140lvtssg0p72v125c       0 
AOI22D2BWP30P140                     1      1.134    tcbn28hpcplusbwp30p140ssg0p72v125c       0 
AOI22D2BWP30P140LVT                135    153.090 tcbn28hpcplusbwp30p140lvtssg0p72v125c       0 
AOI22D4BWP30P140LVT                 13     29.484 tcbn28hpcplusbwp30p140lvtssg0p72v125c       0 
AOI22D8BWP30P140LVT                  1      4.284 tcbn28hpcplusbwp30p140lvtssg0p72v125c       0 
AOI31D0BWP30P140LVT                  5      3.150 tcbn28hpcplusbwp30p140lvtssg0p72v125c       0 
AOI31D1BWP30P140LVT                391    246.330 tcbn28hpcplusbwp30p140lvtssg0p72v125c       0 
AOI31D2BWP30P140                     1      1.134    tcbn28hpcplusbwp30p140ssg0p72v125c       0 
AOI31D2BWP30P140LVT                 47     53.298 tcbn28hpcplusbwp30p140lvtssg0p72v125c       0 
AOI31D4BWP30P140LVT                  8     18.144 tcbn28hpcplusbwp30p140lvtssg0p72v125c       0 
AOI32D1BWP30P140LVT                370    279.720 tcbn28hpcplusbwp30p140lvtssg0p72v125c       0 
AOI32D2BWP30P140LVT                  5      6.930 tcbn28hpcplusbwp30p140lvtssg0p72v125c       0 
AOI33D1BWP30P140LVT                 31     27.342 tcbn28hpcplusbwp30p140lvtssg0p72v125c       0 
AOI33D2BWP30P140                     1      1.638    tcbn28hpcplusbwp30p140ssg0p72v125c       0 
AOI33D2BWP30P140LVT                  2      3.276 tcbn28hpcplusbwp30p140lvtssg0p72v125c       0 
BUFFD0P7BWP30P140                    2      0.756    tcbn28hpcplusbwp30p140ssg0p72v125c       0 
BUFFD12BWP30P140LVT                  9     19.278 tcbn28hpcplusbwp30p140lvtssg0p72v125c       0 
BUFFD1BWP30P140HVT                   1      0.378 tcbn28hpcplusbwp30p140hvtssg0p72v125c       0 
BUFFD1BWP30P140LVT                   2      0.756 tcbn28hpcplusbwp30p140lvtssg0p72v125c       0 
BUFFD1P5BWP30P140                   25     12.600    tcbn28hpcplusbwp30p140ssg0p72v125c       0 
BUFFD1P5BWP30P140LVT                47     23.688 tcbn28hpcplusbwp30p140lvtssg0p72v125c       0 
BUFFD2BWP30P140LVT                  68     34.272 tcbn28hpcplusbwp30p140lvtssg0p72v125c       0 
BUFFD3BWP30P140LVT                  15      9.450 tcbn28hpcplusbwp30p140lvtssg0p72v125c       0 
BUFFD4BWP30P140                     21     18.522    tcbn28hpcplusbwp30p140ssg0p72v125c       0 
BUFFD4BWP30P140LVT                  97     85.554 tcbn28hpcplusbwp30p140lvtssg0p72v125c       0 
BUFFD6BWP30P140LVT                  22     24.948 tcbn28hpcplusbwp30p140lvtssg0p72v125c       0 
BUFFD8BWP30P140LVT                  13     19.656 tcbn28hpcplusbwp30p140lvtssg0p72v125c       0 
CKAN2D1BWP30P140LVT               3287   1656.648 tcbn28hpcplusbwp30p140lvtssg0p72v125c       0 
CKAN2D2BWP30P140LVT                 86     54.180 tcbn28hpcplusbwp30p140lvtssg0p72v125c       0 
CKAN2D4BWP30P140LVT                  9      7.938 tcbn28hpcplusbwp30p140lvtssg0p72v125c       0 
CKBD1BWP30P140                     124     46.872    tcbn28hpcplusbwp30p140ssg0p72v125c       0 
CKBD1BWP30P140LVT                  186     70.308 tcbn28hpcplusbwp30p140lvtssg0p72v125c       0 
CKBD2BWP30P140LVT                   29     14.616 tcbn28hpcplusbwp30p140lvtssg0p72v125c       0 
CKBD3BWP30P140LVT                    1      0.630 tcbn28hpcplusbwp30p140lvtssg0p72v125c       0 
CKBD4BWP30P140LVT                    4      3.528 tcbn28hpcplusbwp30p140lvtssg0p72v125c       0 
CKBD8BWP30P140LVT                    5      7.560 tcbn28hpcplusbwp30p140lvtssg0p72v125c       0 
CKMUX2D0BWP30P140                  583    514.206    tcbn28hpcplusbwp30p140ssg0p72v125c       0 
CKMUX2D0BWP30P140LVT               964    850.248 tcbn28hpcplusbwp30p140lvtssg0p72v125c       0 
CKMUX2D1BWP30P140                    1      1.008    tcbn28hpcplusbwp30p140ssg0p72v125c       0 
CKMUX2D1BWP30P140LVT                 1      1.008 tcbn28hpcplusbwp30p140lvtssg0p72v125c       0 
CKMUX2D4BWP30P140LVT                 3      5.292 tcbn28hpcplusbwp30p140lvtssg0p72v125c       0 
CKND0BWP30P140HVT                    1      0.252 tcbn28hpcplusbwp30p140hvtssg0p72v125c       0 
CKND0BWP30P140LVT                    1      0.252 tcbn28hpcplusbwp30p140lvtssg0p72v125c       0 
CKND12BWP30P140LVT                  28     45.864 tcbn28hpcplusbwp30p140lvtssg0p72v125c       0 
CKND16BWP30P140LVT                  13     27.846 tcbn28hpcplusbwp30p140lvtssg0p72v125c       0 
CKND1BWP30P140                    4982   1255.464    tcbn28hpcplusbwp30p140ssg0p72v125c       0 
CKND1BWP30P140LVT                 1317    331.884 tcbn28hpcplusbwp30p140lvtssg0p72v125c       0 
CKND2BWP30P140                       1      0.378    tcbn28hpcplusbwp30p140ssg0p72v125c       0 
CKND2BWP30P140LVT                 1400    529.200 tcbn28hpcplusbwp30p140lvtssg0p72v125c       0 
CKND2D0BWP30P140LVT                  3      1.134 tcbn28hpcplusbwp30p140lvtssg0p72v125c       0 
CKND2D1BWP30P140LVT               4143   1566.054 tcbn28hpcplusbwp30p140lvtssg0p72v125c       0 
CKND2D2BWP30P140                    15      9.450    tcbn28hpcplusbwp30p140ssg0p72v125c       0 
CKND2D2BWP30P140LVT                361    227.430 tcbn28hpcplusbwp30p140lvtssg0p72v125c       0 
CKND2D3BWP30P140                    11      9.702    tcbn28hpcplusbwp30p140ssg0p72v125c       0 
CKND2D3BWP30P140LVT                 72     63.504 tcbn28hpcplusbwp30p140lvtssg0p72v125c       0 
CKND2D4BWP30P140                     5      5.670    tcbn28hpcplusbwp30p140ssg0p72v125c       0 
CKND2D4BWP30P140LVT                210    238.140 tcbn28hpcplusbwp30p140lvtssg0p72v125c       0 
CKND2D8BWP30P140LVT                 38     81.396 tcbn28hpcplusbwp30p140lvtssg0p72v125c       0 
CKND3BWP30P140LVT                   39     19.656 tcbn28hpcplusbwp30p140lvtssg0p72v125c       0 
CKND4BWP30P140LVT                 1422    895.860 tcbn28hpcplusbwp30p140lvtssg0p72v125c       0 
CKND6BWP30P140LVT                  897    791.154 tcbn28hpcplusbwp30p140lvtssg0p72v125c       0 
CKND8BWP30P140LVT                   38     43.092 tcbn28hpcplusbwp30p140lvtssg0p72v125c       0 
CKXOR2D1BWP30P140LVT                37     37.296 tcbn28hpcplusbwp30p140lvtssg0p72v125c       0 
CKXOR2D2BWP30P140                    4      4.536    tcbn28hpcplusbwp30p140ssg0p72v125c       0 
CKXOR2D2BWP30P140LVT                26     29.484 tcbn28hpcplusbwp30p140lvtssg0p72v125c       0 
CKXOR2D4BWP30P140LVT                 1      2.016 tcbn28hpcplusbwp30p140lvtssg0p72v125c       0 
DEL025D1BWP30P140HVT                 1      0.378 tcbn28hpcplusbwp30p140hvtssg0p72v125c       0 
DFCND1BWP30P140                    233    587.160    tcbn28hpcplusbwp30p140ssg0p72v125c       0 
DFCND1BWP30P140LVT                1125   2835.000 tcbn28hpcplusbwp30p140lvtssg0p72v125c       0 
DFCND2BWP30P140LVT                 316    915.768 tcbn28hpcplusbwp30p140lvtssg0p72v125c       0 
DFCND4BWP30P140                      1      3.402    tcbn28hpcplusbwp30p140ssg0p72v125c       0 
DFCND4BWP30P140LVT                  38    129.276 tcbn28hpcplusbwp30p140lvtssg0p72v125c       0 
DFCNQD1BWP30P140                   441   1000.188    tcbn28hpcplusbwp30p140ssg0p72v125c       0 
DFCNQD1BWP30P140LVT               4547  10312.596 tcbn28hpcplusbwp30p140lvtssg0p72v125c       0 
DFCNQD2BWP30P140LVT                739   1955.394 tcbn28hpcplusbwp30p140lvtssg0p72v125c       0 
DFCNQD4BWP30P140LVT                365   1057.770 tcbn28hpcplusbwp30p140lvtssg0p72v125c       0 
DFMQD1BWP30P140LVT                1472   3523.968 tcbn28hpcplusbwp30p140lvtssg0p72v125c       0 
EDFCND1BWP30P140                     9     27.216    tcbn28hpcplusbwp30p140ssg0p72v125c       0 
EDFCND1BWP30P140LVT                226    683.424 tcbn28hpcplusbwp30p140lvtssg0p72v125c       0 
EDFCND2BWP30P140LVT                261    887.922 tcbn28hpcplusbwp30p140lvtssg0p72v125c       0 
EDFCNQD1BWP30P140LVT               388   1124.424 tcbn28hpcplusbwp30p140lvtssg0p72v125c       0 
EDFCNQD2BWP30P140LVT                34    107.100 tcbn28hpcplusbwp30p140lvtssg0p72v125c       0 
EDFD1BWP30P140LVT                    4     11.088 tcbn28hpcplusbwp30p140lvtssg0p72v125c       0 
FA1D1BWP30P140LVT                16777  35936.334 tcbn28hpcplusbwp30p140lvtssg0p72v125c       0 
FA1D2BWP30P140LVT                   56    134.064 tcbn28hpcplusbwp30p140lvtssg0p72v125c       0 
FA1D4BWP30P140LVT                  353   1289.862 tcbn28hpcplusbwp30p140lvtssg0p72v125c       0 
FA1OPTCD1BWP30P140LVT              293    738.360 tcbn28hpcplusbwp30p140lvtssg0p72v125c       0 
FA1OPTCD2BWP30P140                   3      9.072    tcbn28hpcplusbwp30p140ssg0p72v125c       0 
FA1OPTCD2BWP30P140LVT              708   2140.992 tcbn28hpcplusbwp30p140lvtssg0p72v125c       0 
FA1OPTSD2BWP30P140LVT                5     18.270 tcbn28hpcplusbwp30p140lvtssg0p72v125c       0 
HA1D1BWP30P140                       7     11.466    tcbn28hpcplusbwp30p140ssg0p72v125c       0 
HA1D1BWP30P140LVT                 2248   3682.224 tcbn28hpcplusbwp30p140lvtssg0p72v125c       0 
HA1D2BWP30P140                      11     20.790    tcbn28hpcplusbwp30p140ssg0p72v125c       0 
HA1D2BWP30P140LVT                   31     58.590 tcbn28hpcplusbwp30p140lvtssg0p72v125c       0 
HA1D4BWP30P140LVT                   14     40.572 tcbn28hpcplusbwp30p140lvtssg0p72v125c       0 
IAO21D0BWP30P140LVT                121     76.230 tcbn28hpcplusbwp30p140lvtssg0p72v125c       0 
IAO21D1BWP30P140                    16     10.080    tcbn28hpcplusbwp30p140ssg0p72v125c       0 
IAO21D1BWP30P140LVT               1321    832.230 tcbn28hpcplusbwp30p140lvtssg0p72v125c       0 
IAO21D2BWP30P140                     6      5.292    tcbn28hpcplusbwp30p140ssg0p72v125c       0 
IAO21D2BWP30P140LVT                378    333.396 tcbn28hpcplusbwp30p140lvtssg0p72v125c       0 
IAO21D4BWP30P140LVT                 21     31.752 tcbn28hpcplusbwp30p140lvtssg0p72v125c       0 
IAO22D1BWP30P140                    31     27.342    tcbn28hpcplusbwp30p140ssg0p72v125c       0 
IAO22D1BWP30P140LVT                 11      9.702 tcbn28hpcplusbwp30p140lvtssg0p72v125c       0 
IAO22D2BWP30P140                     2      2.772    tcbn28hpcplusbwp30p140ssg0p72v125c       0 
IAO22D2BWP30P140LVT                 20     27.720 tcbn28hpcplusbwp30p140lvtssg0p72v125c       0 
IAO22D4BWP30P140LVT                 19     45.486 tcbn28hpcplusbwp30p140lvtssg0p72v125c       0 
IND2D16BWP30P140LVT                  1      4.788 tcbn28hpcplusbwp30p140lvtssg0p72v125c       0 
IND2D1BWP30P140                    293    147.672    tcbn28hpcplusbwp30p140ssg0p72v125c       0 
IND2D1BWP30P140LVT                3522   1775.088 tcbn28hpcplusbwp30p140lvtssg0p72v125c       0 
IND2D2BWP30P140                      1      0.756    tcbn28hpcplusbwp30p140ssg0p72v125c       0 
IND2D2BWP30P140LVT                 219    165.564 tcbn28hpcplusbwp30p140lvtssg0p72v125c       0 
IND2D4BWP30P140                      1      1.386    tcbn28hpcplusbwp30p140ssg0p72v125c       0 
IND2D4BWP30P140HVT                   2      2.772 tcbn28hpcplusbwp30p140hvtssg0p72v125c       0 
IND2D4BWP30P140LVT                  48     66.528 tcbn28hpcplusbwp30p140lvtssg0p72v125c       0 
IND2D6BWP30P140HVT                   1      1.890 tcbn28hpcplusbwp30p140hvtssg0p72v125c       0 
IND2D6BWP30P140LVT                  10     18.900 tcbn28hpcplusbwp30p140lvtssg0p72v125c       0 
IND2D8BWP30P140LVT                   5     12.600 tcbn28hpcplusbwp30p140lvtssg0p72v125c       0 
IND3D1BWP30P140                      2      1.260    tcbn28hpcplusbwp30p140ssg0p72v125c       0 
IND3D1BWP30P140LVT                 557    350.910 tcbn28hpcplusbwp30p140lvtssg0p72v125c       0 
IND3D2BWP30P140                      2      2.268    tcbn28hpcplusbwp30p140ssg0p72v125c       0 
IND3D2BWP30P140LVT                  18     20.412 tcbn28hpcplusbwp30p140lvtssg0p72v125c       0 
IND3D4BWP30P140LVT                   2      4.032 tcbn28hpcplusbwp30p140lvtssg0p72v125c       0 
IND4D1BWP30P140LVT                 468    353.808 tcbn28hpcplusbwp30p140lvtssg0p72v125c       0 
INR2D16BWP30P140LVT                 10     49.140 tcbn28hpcplusbwp30p140lvtssg0p72v125c       0 
INR2D1BWP30P140LVT                5249   2645.496 tcbn28hpcplusbwp30p140lvtssg0p72v125c       0 
INR2D2BWP30P140                    102     77.112    tcbn28hpcplusbwp30p140ssg0p72v125c       0 
INR2D2BWP30P140LVT                 349    263.844 tcbn28hpcplusbwp30p140lvtssg0p72v125c       0 
INR2D4BWP30P140                     29     40.194    tcbn28hpcplusbwp30p140ssg0p72v125c       0 
INR2D4BWP30P140LVT                 215    297.990 tcbn28hpcplusbwp30p140lvtssg0p72v125c       0 
INR2D6BWP30P140HVT                   1      1.890 tcbn28hpcplusbwp30p140hvtssg0p72v125c       0 
INR2D6BWP30P140LVT                  74    139.860 tcbn28hpcplusbwp30p140lvtssg0p72v125c       0 
INR2D8BWP30P140LVT                  26     68.796 tcbn28hpcplusbwp30p140lvtssg0p72v125c       0 
INR3D0BWP30P140                     25     15.750    tcbn28hpcplusbwp30p140ssg0p72v125c       0 
INR3D0BWP30P140LVT                 445    280.350 tcbn28hpcplusbwp30p140lvtssg0p72v125c       0 
INR3D1BWP30P140LVT                  46     46.368 tcbn28hpcplusbwp30p140lvtssg0p72v125c       0 
INR3D2BWP30P140                      5      5.040    tcbn28hpcplusbwp30p140ssg0p72v125c       0 
INR3D2BWP30P140HVT                   4      4.032 tcbn28hpcplusbwp30p140hvtssg0p72v125c       0 
INR3D2BWP30P140LVT                  59     59.472 tcbn28hpcplusbwp30p140lvtssg0p72v125c       0 
INR3D4BWP30P140LVT                   3      6.048 tcbn28hpcplusbwp30p140lvtssg0p72v125c       0 
INR4D0BWP30P140                      1      0.756    tcbn28hpcplusbwp30p140ssg0p72v125c       0 
INR4D0BWP30P140LVT                 899    679.644 tcbn28hpcplusbwp30p140lvtssg0p72v125c       0 
INR4D1BWP30P140LVT                  10     13.860 tcbn28hpcplusbwp30p140lvtssg0p72v125c       0 
INR4D2BWP30P140LVT                   6     15.120 tcbn28hpcplusbwp30p140lvtssg0p72v125c       0 
INR4D4BWP30P140                      1      2.646    tcbn28hpcplusbwp30p140ssg0p72v125c       0 
INVD0BWP30P140HVT                   27      6.804 tcbn28hpcplusbwp30p140hvtssg0p72v125c       0 
INVD0P7BWP30P140HVT                  1      0.252 tcbn28hpcplusbwp30p140hvtssg0p72v125c       0 
INVD12BWP30P140LVT                2099   3438.162 tcbn28hpcplusbwp30p140lvtssg0p72v125c       0 
INVD15BWP30P140LVT                  38     76.608 tcbn28hpcplusbwp30p140lvtssg0p72v125c       0 
INVD16BWP30P140LVT                   5     10.710 tcbn28hpcplusbwp30p140lvtssg0p72v125c       0 
INVD18BWP30P140LVT                   5     11.970 tcbn28hpcplusbwp30p140lvtssg0p72v125c       0 
INVD1BWP30P140                       4      1.008    tcbn28hpcplusbwp30p140ssg0p72v125c       0 
INVD1BWP30P140LVT                11923   3004.596 tcbn28hpcplusbwp30p140lvtssg0p72v125c       0 
INVD1P5BWP30P140                     1      0.378    tcbn28hpcplusbwp30p140ssg0p72v125c       0 
INVD1P5BWP30P140LVT                100     37.800 tcbn28hpcplusbwp30p140lvtssg0p72v125c       0 
INVD2BWP30P140LVT                  129     48.762 tcbn28hpcplusbwp30p140lvtssg0p72v125c       0 
INVD3BWP30P140                       1      0.504    tcbn28hpcplusbwp30p140ssg0p72v125c       0 
INVD3BWP30P140LVT                  490    246.960 tcbn28hpcplusbwp30p140lvtssg0p72v125c       0 
INVD4BWP30P140LVT                   28     17.640 tcbn28hpcplusbwp30p140lvtssg0p72v125c       0 
INVD6BWP30P140LVT                   37     32.634 tcbn28hpcplusbwp30p140lvtssg0p72v125c       0 
INVD8BWP30P140LVT                 1339   1518.426 tcbn28hpcplusbwp30p140lvtssg0p72v125c       0 
INVD9BWP30P140LVT                   21     26.460 tcbn28hpcplusbwp30p140lvtssg0p72v125c       0 
IOA21D0BWP30P140                   106     66.780    tcbn28hpcplusbwp30p140ssg0p72v125c       0 
IOA21D0BWP30P140LVT                 22     13.860 tcbn28hpcplusbwp30p140lvtssg0p72v125c       0 
IOA21D1BWP30P140                     9      5.670    tcbn28hpcplusbwp30p140ssg0p72v125c       0 
IOA21D1BWP30P140LVT               1315    828.450 tcbn28hpcplusbwp30p140lvtssg0p72v125c       0 
IOA21D2BWP30P140                     7      6.174    tcbn28hpcplusbwp30p140ssg0p72v125c       0 
IOA21D2BWP30P140LVT                349    307.818 tcbn28hpcplusbwp30p140lvtssg0p72v125c       0 
IOA21D4BWP30P140LVT                 16     22.176 tcbn28hpcplusbwp30p140lvtssg0p72v125c       0 
IOA22D1BWP30P140LVT                 57     50.274 tcbn28hpcplusbwp30p140lvtssg0p72v125c       0 
IOA22D2BWP30P140LVT                 75     94.500 tcbn28hpcplusbwp30p140lvtssg0p72v125c       0 
IOA22D4BWP30P140LVT                 43    102.942 tcbn28hpcplusbwp30p140lvtssg0p72v125c       0 
MAOI222D0BWP30P140LVT                1      0.756 tcbn28hpcplusbwp30p140lvtssg0p72v125c       0 
MAOI222D1BWP30P140                   1      0.756    tcbn28hpcplusbwp30p140ssg0p72v125c       0 
MAOI222D1BWP30P140LVT              422    319.032 tcbn28hpcplusbwp30p140lvtssg0p72v125c       0 
MAOI222D2BWP30P140LVT                3      4.914 tcbn28hpcplusbwp30p140lvtssg0p72v125c       0 
MAOI22D1BWP30P140                   31     23.436    tcbn28hpcplusbwp30p140ssg0p72v125c       0 
MAOI22D1BWP30P140LVT              1156    873.936 tcbn28hpcplusbwp30p140lvtssg0p72v125c       0 
MAOI22D2BWP30P140LVT                67     84.420 tcbn28hpcplusbwp30p140lvtssg0p72v125c       0 
MAOI22D4BWP30P140LVT                34     77.112 tcbn28hpcplusbwp30p140lvtssg0p72v125c       0 
MOAI22D1BWP30P140                   15     11.340    tcbn28hpcplusbwp30p140ssg0p72v125c       0 
MOAI22D1BWP30P140LVT              1950   1474.200 tcbn28hpcplusbwp30p140lvtssg0p72v125c       0 
MOAI22D2BWP30P140LVT                26     32.760 tcbn28hpcplusbwp30p140lvtssg0p72v125c       0 
MOAI22D4BWP30P140LVT                17     38.556 tcbn28hpcplusbwp30p140lvtssg0p72v125c       0 
MUX2D0BWP30P140LVT                 633    558.306 tcbn28hpcplusbwp30p140lvtssg0p72v125c       0 
MUX2D1BWP30P140HVT                   1      1.008 tcbn28hpcplusbwp30p140hvtssg0p72v125c       0 
MUX2D1BWP30P140LVT                 374    376.992 tcbn28hpcplusbwp30p140lvtssg0p72v125c       0 
MUX2D2BWP30P140LVT                  83     94.122 tcbn28hpcplusbwp30p140lvtssg0p72v125c       0 
MUX2D4BWP30P140LVT                  53     93.492 tcbn28hpcplusbwp30p140lvtssg0p72v125c       0 
MUX2ND0BWP30P140LVT                  3      2.268 tcbn28hpcplusbwp30p140lvtssg0p72v125c       0 
MUX2ND1BWP30P140LVT                 25     31.500 tcbn28hpcplusbwp30p140lvtssg0p72v125c       0 
MUX2ND2BWP30P140LVT                152    191.520 tcbn28hpcplusbwp30p140lvtssg0p72v125c       0 
MUX2ND4BWP30P140LVT                 15     30.240 tcbn28hpcplusbwp30p140lvtssg0p72v125c       0 
MUX2NOPTD2BWP30P140                  6      8.316    tcbn28hpcplusbwp30p140ssg0p72v125c       0 
MUX2NOPTD2BWP30P140LVT             274    379.764 tcbn28hpcplusbwp30p140lvtssg0p72v125c       0 
MUX2NOPTD4BWP30P140LVT              63    158.760 tcbn28hpcplusbwp30p140lvtssg0p72v125c       0 
MUX2NOPTD6BWP30P140LVT              10     36.540 tcbn28hpcplusbwp30p140lvtssg0p72v125c       0 
MUX2NUD1BWP30P140                  165    124.740    tcbn28hpcplusbwp30p140ssg0p72v125c       0 
MUX2NUD1BWP30P140LVT              5634   4259.304 tcbn28hpcplusbwp30p140lvtssg0p72v125c       0 
MUX2OPTD12BWP30P140LVT               1      5.796 tcbn28hpcplusbwp30p140lvtssg0p72v125c       0 
MUX2OPTD2BWP30P140LVT               27     30.618 tcbn28hpcplusbwp30p140lvtssg0p72v125c       0 
MUX2OPTD4BWP30P140LVT               40     90.720 tcbn28hpcplusbwp30p140lvtssg0p72v125c       0 
MUX2OPTD6BWP30P140LVT               22     69.300 tcbn28hpcplusbwp30p140lvtssg0p72v125c       0 
MUX2OPTD8BWP30P140LVT                4     15.624 tcbn28hpcplusbwp30p140lvtssg0p72v125c       0 
MUX3D1BWP30P140LVT                  49     86.436 tcbn28hpcplusbwp30p140lvtssg0p72v125c       0 
MUX3ND1BWP30P140LVT                  1      2.016 tcbn28hpcplusbwp30p140lvtssg0p72v125c       0 
MUX3ND2BWP30P140LVT                  1      2.142 tcbn28hpcplusbwp30p140lvtssg0p72v125c       0 
MUX3NUD1BWP30P140LVT               120    196.560 tcbn28hpcplusbwp30p140lvtssg0p72v125c       0 
MUX4ND0BWP30P140LVT                  1      2.268 tcbn28hpcplusbwp30p140lvtssg0p72v125c       0 
MUX4ND1BWP30P140                     1      2.646    tcbn28hpcplusbwp30p140ssg0p72v125c       0 
MUX4ND1BWP30P140LVT                  1      2.646 tcbn28hpcplusbwp30p140lvtssg0p72v125c       0 
ND2D0P7BWP30P140LVT                  3      1.134 tcbn28hpcplusbwp30p140lvtssg0p72v125c       0 
ND2D16BWP30P140LVT                   3     12.474 tcbn28hpcplusbwp30p140lvtssg0p72v125c       0 
ND2D1BWP30P140                     413    156.114    tcbn28hpcplusbwp30p140ssg0p72v125c       0 
ND2D1BWP30P140LVT                 3826   1446.228 tcbn28hpcplusbwp30p140lvtssg0p72v125c       0 
ND2D1P5BWP30P140                     3      1.890    tcbn28hpcplusbwp30p140ssg0p72v125c       0 
ND2D1P5BWP30P140LVT                  9      5.670 tcbn28hpcplusbwp30p140lvtssg0p72v125c       0 
ND2D2BWP30P140LVT                  513    323.190 tcbn28hpcplusbwp30p140lvtssg0p72v125c       0 
ND2D3BWP30P140                      32     28.224    tcbn28hpcplusbwp30p140ssg0p72v125c       0 
ND2D3BWP30P140LVT                  141    124.362 tcbn28hpcplusbwp30p140lvtssg0p72v125c       0 
ND2D4BWP30P140LVT                  100    113.400 tcbn28hpcplusbwp30p140lvtssg0p72v125c       0 
ND2D6BWP30P140LVT                   23     37.674 tcbn28hpcplusbwp30p140lvtssg0p72v125c       0 
ND2D8BWP30P140LVT                    9     19.278 tcbn28hpcplusbwp30p140lvtssg0p72v125c       0 
ND2OPTD12BWP30P140LVT                2      6.300 tcbn28hpcplusbwp30p140lvtssg0p72v125c       0 
ND2OPTD6BWP30P140LVT                37     60.606 tcbn28hpcplusbwp30p140lvtssg0p72v125c       0 
ND2OPTIBD12BWP30P140LVT             14     44.100 tcbn28hpcplusbwp30p140lvtssg0p72v125c       0 
ND2OPTIBD16BWP30P140LVT              1      4.158 tcbn28hpcplusbwp30p140lvtssg0p72v125c       0 
ND2OPTIBD1BWP30P140LVT            1039    392.742 tcbn28hpcplusbwp30p140lvtssg0p72v125c       0 
ND2OPTIBD2BWP30P140                  4      2.520    tcbn28hpcplusbwp30p140ssg0p72v125c       0 
ND2OPTIBD2BWP30P140LVT             169    106.470 tcbn28hpcplusbwp30p140lvtssg0p72v125c       0 
ND2OPTIBD4BWP30P140LVT              82     92.988 tcbn28hpcplusbwp30p140lvtssg0p72v125c       0 
ND2OPTIBD6BWP30P140LVT              33     54.054 tcbn28hpcplusbwp30p140lvtssg0p72v125c       0 
ND2OPTIBD8BWP30P140LVT              16     34.272 tcbn28hpcplusbwp30p140lvtssg0p72v125c       0 
ND2OPTPAD12BWP30P140LVT              4     17.640 tcbn28hpcplusbwp30p140lvtssg0p72v125c       0 
ND2OPTPAD16BWP30P140LVT              7     40.572 tcbn28hpcplusbwp30p140lvtssg0p72v125c       0 
ND2OPTPAD1BWP30P140LVT               3      1.890 tcbn28hpcplusbwp30p140lvtssg0p72v125c       0 
ND2OPTPAD2BWP30P140LVT              13     14.742 tcbn28hpcplusbwp30p140lvtssg0p72v125c       0 
ND2OPTPAD4BWP30P140                  7     14.112    tcbn28hpcplusbwp30p140ssg0p72v125c       0 
ND2OPTPAD4BWP30P140LVT              10     20.160 tcbn28hpcplusbwp30p140lvtssg0p72v125c       0 
ND2OPTPAD6BWP30P140LVT               7     20.286 tcbn28hpcplusbwp30p140lvtssg0p72v125c       0 
ND2OPTPAD8BWP30P140HVT               1      3.024 tcbn28hpcplusbwp30p140hvtssg0p72v125c       0 
ND2OPTPAD8BWP30P140LVT               2      6.048 tcbn28hpcplusbwp30p140lvtssg0p72v125c       0 
ND3D1BWP30P140                      17      8.568    tcbn28hpcplusbwp30p140ssg0p72v125c       0 
ND3D1BWP30P140LVT                  667    336.168 tcbn28hpcplusbwp30p140lvtssg0p72v125c       0 
ND3D2BWP30P140                       7      6.174    tcbn28hpcplusbwp30p140ssg0p72v125c       0 
ND3D2BWP30P140LVT                   60     52.920 tcbn28hpcplusbwp30p140lvtssg0p72v125c       0 
ND3D3BWP30P140LVT                    1      1.260 tcbn28hpcplusbwp30p140lvtssg0p72v125c       0 
ND3D4BWP30P140LVT                    2      3.528 tcbn28hpcplusbwp30p140lvtssg0p72v125c       0 
ND3OPTD6BWP30P140LVT                 1      2.394 tcbn28hpcplusbwp30p140lvtssg0p72v125c       0 
ND3OPTPAD1BWP30P140LVT              10      8.820 tcbn28hpcplusbwp30p140lvtssg0p72v125c       0 
ND3OPTPAD2BWP30P140                  7     10.584    tcbn28hpcplusbwp30p140ssg0p72v125c       0 
ND3OPTPAD2BWP30P140LVT              64     96.768 tcbn28hpcplusbwp30p140lvtssg0p72v125c       0 
ND3OPTPAD4BWP30P140LVT               8     20.160 tcbn28hpcplusbwp30p140lvtssg0p72v125c       0 
ND3OPTPAD6BWP30P140LVT               1      3.528 tcbn28hpcplusbwp30p140lvtssg0p72v125c       0 
ND4D1BWP30P140LVT                 4787   3015.810 tcbn28hpcplusbwp30p140lvtssg0p72v125c       0 
ND4D2BWP30P140LVT                    7      8.820 tcbn28hpcplusbwp30p140lvtssg0p72v125c       0 
ND4D3BWP30P140LVT                    1      1.638 tcbn28hpcplusbwp30p140lvtssg0p72v125c       0 
ND4D8BWP30P140LVT                    1      4.284 tcbn28hpcplusbwp30p140lvtssg0p72v125c       0 
NR2D0P7BWP30P140LVT                 69     26.082 tcbn28hpcplusbwp30p140lvtssg0p72v125c       0 
NR2D16BWP30P140LVT                   2      8.316 tcbn28hpcplusbwp30p140lvtssg0p72v125c       0 
NR2D1BWP30P140                     713    269.514    tcbn28hpcplusbwp30p140ssg0p72v125c       0 
NR2D1BWP30P140LVT                 4827   1824.606 tcbn28hpcplusbwp30p140lvtssg0p72v125c       0 
NR2D1P5BWP30P140                     4      2.520    tcbn28hpcplusbwp30p140ssg0p72v125c       0 
NR2D1P5BWP30P140LVT                 12      7.560 tcbn28hpcplusbwp30p140lvtssg0p72v125c       0 
NR2D2BWP30P140                       2      1.260    tcbn28hpcplusbwp30p140ssg0p72v125c       0 
NR2D2BWP30P140LVT                  537    338.310 tcbn28hpcplusbwp30p140lvtssg0p72v125c       0 
NR2D3BWP30P140                      28     24.696    tcbn28hpcplusbwp30p140ssg0p72v125c       0 
NR2D3BWP30P140LVT                  210    185.220 tcbn28hpcplusbwp30p140lvtssg0p72v125c       0 
NR2D4BWP30P140LVT                  174    197.316 tcbn28hpcplusbwp30p140lvtssg0p72v125c       0 
NR2D6BWP30P140HVT                    1      1.638 tcbn28hpcplusbwp30p140hvtssg0p72v125c       0 
NR2D6BWP30P140LVT                   10     16.380 tcbn28hpcplusbwp30p140lvtssg0p72v125c       0 
NR2D8BWP30P140LVT                    8     17.136 tcbn28hpcplusbwp30p140lvtssg0p72v125c       0 
NR2OPTD12BWP30P140LVT               12     37.800 tcbn28hpcplusbwp30p140lvtssg0p72v125c       0 
NR2OPTD6BWP30P140LVT                25     40.950 tcbn28hpcplusbwp30p140lvtssg0p72v125c       0 
NR2OPTIBD12BWP30P140                 1      3.150    tcbn28hpcplusbwp30p140ssg0p72v125c       0 
NR2OPTIBD12BWP30P140LVT              5     15.750 tcbn28hpcplusbwp30p140lvtssg0p72v125c       0 
NR2OPTIBD16BWP30P140LVT              1      4.158 tcbn28hpcplusbwp30p140lvtssg0p72v125c       0 
NR2OPTIBD1BWP30P140LVT            5629   2127.762 tcbn28hpcplusbwp30p140lvtssg0p72v125c       0 
NR2OPTIBD2BWP30P140                  1      0.630    tcbn28hpcplusbwp30p140ssg0p72v125c       0 
NR2OPTIBD2BWP30P140LVT              98     61.740 tcbn28hpcplusbwp30p140lvtssg0p72v125c       0 
NR2OPTIBD4BWP30P140LVT              87     98.658 tcbn28hpcplusbwp30p140lvtssg0p72v125c       0 
NR2OPTIBD6BWP30P140LVT              39     63.882 tcbn28hpcplusbwp30p140lvtssg0p72v125c       0 
NR2OPTIBD8BWP30P140LVT              15     32.130 tcbn28hpcplusbwp30p140lvtssg0p72v125c       0 
NR2OPTPAD12BWP30P140LVT              5     23.310 tcbn28hpcplusbwp30p140lvtssg0p72v125c       0 
NR2OPTPAD16BWP30P140LVT              1      6.174 tcbn28hpcplusbwp30p140lvtssg0p72v125c       0 
NR2OPTPAD1BWP30P140LVT             645    325.080 tcbn28hpcplusbwp30p140lvtssg0p72v125c       0 
NR2OPTPAD2BWP30P140LVT             161    142.002 tcbn28hpcplusbwp30p140lvtssg0p72v125c       0 
NR2OPTPAD4BWP30P140LVT              63    103.194 tcbn28hpcplusbwp30p140lvtssg0p72v125c       0 
NR2OPTPAD6BWP30P140LVT              15     35.910 tcbn28hpcplusbwp30p140lvtssg0p72v125c       0 
NR2OPTPAD8BWP30P140LVT               6     18.900 tcbn28hpcplusbwp30p140lvtssg0p72v125c       0 
NR3D0BWP30P140LVT                  523    263.592 tcbn28hpcplusbwp30p140lvtssg0p72v125c       0 
NR3D0P7BWP30P140LVT                253    127.512 tcbn28hpcplusbwp30p140lvtssg0p72v125c       0 
NR3D1BWP30P140LVT                   48     42.336 tcbn28hpcplusbwp30p140lvtssg0p72v125c       0 
NR3D1P5BWP30P140                     1      0.882    tcbn28hpcplusbwp30p140ssg0p72v125c       0 
NR3D1P5BWP30P140LVT                 47     41.454 tcbn28hpcplusbwp30p140lvtssg0p72v125c       0 
NR3D2BWP30P140                       4      7.056    tcbn28hpcplusbwp30p140ssg0p72v125c       0 
NR3D2BWP30P140LVT                   27     47.628 tcbn28hpcplusbwp30p140lvtssg0p72v125c       0 
NR3D3BWP30P140LVT                   10     25.200 tcbn28hpcplusbwp30p140lvtssg0p72v125c       0 
NR3D4BWP30P140LVT                    2      6.552 tcbn28hpcplusbwp30p140lvtssg0p72v125c       0 
NR3D6BWP30P140LVT                   13     62.244 tcbn28hpcplusbwp30p140lvtssg0p72v125c       0 
NR3D8BWP30P140LVT                    1      6.300 tcbn28hpcplusbwp30p140lvtssg0p72v125c       0 
NR3OPTD6BWP30P140LVT                 3      7.182 tcbn28hpcplusbwp30p140lvtssg0p72v125c       0 
NR3OPTPAD2BWP30P140LVT              15     24.570 tcbn28hpcplusbwp30p140lvtssg0p72v125c       0 
NR3OPTPAD4BWP30P140LVT              20     47.880 tcbn28hpcplusbwp30p140lvtssg0p72v125c       0 
NR3OPTPAD6BWP30P140LVT               4     13.104 tcbn28hpcplusbwp30p140lvtssg0p72v125c       0 
NR4D0BWP30P140LVT                  960    604.800 tcbn28hpcplusbwp30p140lvtssg0p72v125c       0 
NR4D1BWP30P140                       1      1.134    tcbn28hpcplusbwp30p140ssg0p72v125c       0 
NR4D1BWP30P140LVT                   42     47.628 tcbn28hpcplusbwp30p140lvtssg0p72v125c       0 
NR4D2BWP30P140LVT                   23     52.164 tcbn28hpcplusbwp30p140lvtssg0p72v125c       0 
NR4D3BWP30P140LVT                   18     58.968 tcbn28hpcplusbwp30p140lvtssg0p72v125c       0 
NR4D4BWP30P140LVT                    8     34.272 tcbn28hpcplusbwp30p140lvtssg0p72v125c       0 
NR4D8BWP30P140LVT                    1      6.300 tcbn28hpcplusbwp30p140lvtssg0p72v125c       0 
OA211D1BWP30P140LVT                462    349.272 tcbn28hpcplusbwp30p140lvtssg0p72v125c       0 
OA211D2BWP30P140LVT                  8      7.056 tcbn28hpcplusbwp30p140lvtssg0p72v125c       0 
OA211D4BWP30P140LVT                  5      8.820 tcbn28hpcplusbwp30p140lvtssg0p72v125c       0 
OA21D16BWP30P140LVT                  5     20.160 tcbn28hpcplusbwp30p140lvtssg0p72v125c       0 
OA21D1BWP30P140LVT                1729   1089.270 tcbn28hpcplusbwp30p140lvtssg0p72v125c       0 
OA21D2BWP30P140LVT                  61     46.116 tcbn28hpcplusbwp30p140lvtssg0p72v125c       0 
OA21D4BWP30P140LVT                  59     81.774 tcbn28hpcplusbwp30p140lvtssg0p72v125c       0 
OA21D8BWP30P140LVT                  38     86.184 tcbn28hpcplusbwp30p140lvtssg0p72v125c       0 
OA22D1BWP30P140                     26     22.932    tcbn28hpcplusbwp30p140ssg0p72v125c       0 
OA22D1BWP30P140LVT                 213    187.866 tcbn28hpcplusbwp30p140lvtssg0p72v125c       0 
OA22D2BWP30P140LVT                  22     22.176 tcbn28hpcplusbwp30p140lvtssg0p72v125c       0 
OA22D4BWP30P140                      1      1.764    tcbn28hpcplusbwp30p140ssg0p72v125c       0 
OA22D4BWP30P140LVT                   4      7.056 tcbn28hpcplusbwp30p140lvtssg0p72v125c       0 
OAI211D1BWP30P140                    8      5.040    tcbn28hpcplusbwp30p140ssg0p72v125c       0 
OAI211D1BWP30P140LVT               646    406.980 tcbn28hpcplusbwp30p140lvtssg0p72v125c       0 
OAI211D2BWP30P140                    5      5.670    tcbn28hpcplusbwp30p140ssg0p72v125c       0 
OAI211D2BWP30P140LVT                29     32.886 tcbn28hpcplusbwp30p140lvtssg0p72v125c       0 
OAI211D4BWP30P140LVT                 3      6.804 tcbn28hpcplusbwp30p140lvtssg0p72v125c       0 
OAI211OPTD6BWP30P140                 1      3.276    tcbn28hpcplusbwp30p140ssg0p72v125c       0 
OAI211OPTREPBD1BWP30P140LVT          6      6.804 tcbn28hpcplusbwp30p140lvtssg0p72v125c       0 
OAI211OPTREPBD2BWP30P140LVT         17     29.988 tcbn28hpcplusbwp30p140lvtssg0p72v125c       0 
OAI211OPTREPBD4BWP30P140LVT          5     17.640 tcbn28hpcplusbwp30p140lvtssg0p72v125c       0 
OAI21D0P7BWP30P140LVT               47     23.688 tcbn28hpcplusbwp30p140lvtssg0p72v125c       0 
OAI21D1BWP30P140                   143     72.072    tcbn28hpcplusbwp30p140ssg0p72v125c       0 
OAI21D1BWP30P140LVT               4396   2215.584 tcbn28hpcplusbwp30p140lvtssg0p72v125c       0 
OAI21D1P5BWP30P140                   8      7.056    tcbn28hpcplusbwp30p140ssg0p72v125c       0 
OAI21D1P5BWP30P140LVT                1      0.882 tcbn28hpcplusbwp30p140lvtssg0p72v125c       0 
OAI21D2BWP30P140                    17     14.994    tcbn28hpcplusbwp30p140ssg0p72v125c       0 
OAI21D2BWP30P140LVT                370    326.340 tcbn28hpcplusbwp30p140lvtssg0p72v125c       0 
OAI21D4BWP30P140                    10     17.640    tcbn28hpcplusbwp30p140ssg0p72v125c       0 
OAI21D4BWP30P140LVT                 57    100.548 tcbn28hpcplusbwp30p140lvtssg0p72v125c       0 
OAI21D6BWP30P140                     1      2.520    tcbn28hpcplusbwp30p140ssg0p72v125c       0 
OAI21D6BWP30P140LVT                 24     60.480 tcbn28hpcplusbwp30p140lvtssg0p72v125c       0 
OAI21D8BWP30P140LVT                  9     29.484 tcbn28hpcplusbwp30p140lvtssg0p72v125c       0 
OAI21OPTREPBD1BWP30P140              2      1.512    tcbn28hpcplusbwp30p140ssg0p72v125c       0 
OAI21OPTREPBD1BWP30P140LVT         118     89.208 tcbn28hpcplusbwp30p140lvtssg0p72v125c       0 
OAI21OPTREPBD2BWP30P140LVT         149    206.514 tcbn28hpcplusbwp30p140lvtssg0p72v125c       0 
OAI21OPTREPBD4BWP30P140              2      5.292    tcbn28hpcplusbwp30p140ssg0p72v125c       0 
OAI21OPTREPBD4BWP30P140LVT          17     44.982 tcbn28hpcplusbwp30p140lvtssg0p72v125c       0 
OAI21OPTREPBD6BWP30P140LVT           4     15.624 tcbn28hpcplusbwp30p140lvtssg0p72v125c       0 
OAI221D1BWP30P140                    2      1.764    tcbn28hpcplusbwp30p140ssg0p72v125c       0 
OAI221D1BWP30P140LVT               691    609.462 tcbn28hpcplusbwp30p140lvtssg0p72v125c       0 
OAI221D2BWP30P140                    7     10.584    tcbn28hpcplusbwp30p140ssg0p72v125c       0 
OAI221D2BWP30P140LVT                 8     12.096 tcbn28hpcplusbwp30p140lvtssg0p72v125c       0 
OAI222D1BWP30P140LVT               913    920.304 tcbn28hpcplusbwp30p140lvtssg0p72v125c       0 
OAI222D2BWP30P140LVT                 8     14.112 tcbn28hpcplusbwp30p140lvtssg0p72v125c       0 
OAI222D4BWP30P140LVT                 1      3.402 tcbn28hpcplusbwp30p140lvtssg0p72v125c       0 
OAI22D0P7BWP30P140LVT              158     99.540 tcbn28hpcplusbwp30p140lvtssg0p72v125c       0 
OAI22D1BWP30P140                   166    104.580    tcbn28hpcplusbwp30p140ssg0p72v125c       0 
OAI22D1BWP30P140LVT              10224   6441.120 tcbn28hpcplusbwp30p140lvtssg0p72v125c       0 
OAI22D2BWP30P140                    14     15.876    tcbn28hpcplusbwp30p140ssg0p72v125c       0 
OAI22D2BWP30P140LVT                 59     66.906 tcbn28hpcplusbwp30p140lvtssg0p72v125c       0 
OAI22D4BWP30P140HVT                  1      2.268 tcbn28hpcplusbwp30p140hvtssg0p72v125c       0 
OAI22D4BWP30P140LVT                  3      6.804 tcbn28hpcplusbwp30p140lvtssg0p72v125c       0 
OAI22OPTPBD1BWP30P140                2      2.016    tcbn28hpcplusbwp30p140ssg0p72v125c       0 
OAI22OPTPBD1BWP30P140LVT           130    131.040 tcbn28hpcplusbwp30p140lvtssg0p72v125c       0 
OAI22OPTPBD2BWP30P140LVT            42     79.380 tcbn28hpcplusbwp30p140lvtssg0p72v125c       0 
OAI31D1BWP30P140                    14      8.820    tcbn28hpcplusbwp30p140ssg0p72v125c       0 
OAI31D1BWP30P140LVT                521    328.230 tcbn28hpcplusbwp30p140lvtssg0p72v125c       0 
OAI31D2BWP30P140                     3      3.402    tcbn28hpcplusbwp30p140ssg0p72v125c       0 
OAI31D2BWP30P140LVT                 67     75.978 tcbn28hpcplusbwp30p140lvtssg0p72v125c       0 
OAI31D4BWP30P140LVT                 10     22.680 tcbn28hpcplusbwp30p140lvtssg0p72v125c       0 
OAI32D1BWP30P140                     5      3.780    tcbn28hpcplusbwp30p140ssg0p72v125c       0 
OAI32D1BWP30P140LVT                322    243.432 tcbn28hpcplusbwp30p140lvtssg0p72v125c       0 
OAI32D2BWP30P140LVT                 12     16.632 tcbn28hpcplusbwp30p140lvtssg0p72v125c       0 
OAI33D1BWP30P140LVT                 39     34.398 tcbn28hpcplusbwp30p140lvtssg0p72v125c       0 
OAI33D2BWP30P140LVT                  1      1.638 tcbn28hpcplusbwp30p140lvtssg0p72v125c       0 
OR2D16BWP30P140LVT                   1      3.402 tcbn28hpcplusbwp30p140lvtssg0p72v125c       0 
OR2D1BWP30P140LVT                 2838   1430.352 tcbn28hpcplusbwp30p140lvtssg0p72v125c       0 
OR2D2BWP30P140LVT                  242    152.460 tcbn28hpcplusbwp30p140lvtssg0p72v125c       0 
OR2D4BWP30P140                      15     17.010    tcbn28hpcplusbwp30p140ssg0p72v125c       0 
OR2D4BWP30P140LVT                   56     63.504 tcbn28hpcplusbwp30p140lvtssg0p72v125c       0 
OR2D6BWP30P140                       1      1.386    tcbn28hpcplusbwp30p140ssg0p72v125c       0 
OR2D6BWP30P140LVT                   30     41.580 tcbn28hpcplusbwp30p140lvtssg0p72v125c       0 
OR2D8BWP30P140LVT                    1      1.890 tcbn28hpcplusbwp30p140lvtssg0p72v125c       0 
OR3D0BWP30P140LVT                    1      0.630 tcbn28hpcplusbwp30p140lvtssg0p72v125c       0 
OR3D1BWP30P140LVT                  372    234.360 tcbn28hpcplusbwp30p140lvtssg0p72v125c       0 
OR3D2BWP30P140LVT                   14     10.584 tcbn28hpcplusbwp30p140lvtssg0p72v125c       0 
OR3D4BWP30P140LVT                   10     13.860 tcbn28hpcplusbwp30p140lvtssg0p72v125c       0 
OR3D8BWP30P140LVT                    1      2.268 tcbn28hpcplusbwp30p140lvtssg0p72v125c       0 
OR4D1BWP30P140LVT                 1083    818.748 tcbn28hpcplusbwp30p140lvtssg0p72v125c       0 
OR4D2BWP30P140LVT                   32     28.224 tcbn28hpcplusbwp30p140lvtssg0p72v125c       0 
OR4D4BWP30P140LVT                   13     21.294 tcbn28hpcplusbwp30p140lvtssg0p72v125c       0 
SDFCNARD1BWP30P140LVT                5     15.750 tcbn28hpcplusbwp30p140lvtssg0p72v125c       0 
SDFCNARD2BWP30P140LVT               38    134.064 tcbn28hpcplusbwp30p140lvtssg0p72v125c       0 
SDFCND4BWP30P140LVT                  1      4.158 tcbn28hpcplusbwp30p140lvtssg0p72v125c       0 
SDFCNOPTBD1BWP30P140LVT             30    113.400 tcbn28hpcplusbwp30p140lvtssg0p72v125c       0 
SDFCNOPTBD2BWP30P140LVT             19     79.002 tcbn28hpcplusbwp30p140lvtssg0p72v125c       0 
SDFCNOPTMAD12BWP30P140LVT            3     36.666 tcbn28hpcplusbwp30p140lvtssg0p72v125c       0 
SDFCNOPTMAD4BWP30P140LVT           357   2384.046 tcbn28hpcplusbwp30p140lvtssg0p72v125c       0 
SDFCNOPTMAD8BWP30P140LVT            55    512.820 tcbn28hpcplusbwp30p140lvtssg0p72v125c       0 
SDFCNOPTMCD8BWP30P140LVT           165   1372.140 tcbn28hpcplusbwp30p140lvtssg0p72v125c       0 
SDFCNOPTSADD4BWP30P140               6     40.068    tcbn28hpcplusbwp30p140ssg0p72v125c       0 
SDFCNOPTSADD4BWP30P140LVT           35    233.730 tcbn28hpcplusbwp30p140lvtssg0p72v125c       0 
SDFCNQARD1BWP30P140LVT               5     14.490 tcbn28hpcplusbwp30p140lvtssg0p72v125c       0 
SDFCNQARD2BWP30P140LVT              25     81.900 tcbn28hpcplusbwp30p140lvtssg0p72v125c       0 
SDFCNQD0BWP30P140LVT                 1      2.898 tcbn28hpcplusbwp30p140lvtssg0p72v125c       0 
SDFCNQD1BWP30P140LVT                 1      3.024 tcbn28hpcplusbwp30p140lvtssg0p72v125c       0 
SDFCNQOPTBD1BWP30P140LVT            22     77.616 tcbn28hpcplusbwp30p140lvtssg0p72v125c       0 
SDFCNQOPTBD2BWP30P140LVT            38    148.428 tcbn28hpcplusbwp30p140lvtssg0p72v125c       0 
SDFCNQOPTBD4BWP30P140LVT            14     58.212 tcbn28hpcplusbwp30p140lvtssg0p72v125c       0 
SDFCNQOPTMAD12BWP30P140LVT           1     10.836 tcbn28hpcplusbwp30p140lvtssg0p72v125c       0 
SDFCNQOPTMAD4BWP30P140             121    731.808    tcbn28hpcplusbwp30p140ssg0p72v125c       0 
SDFCNQOPTMAD4BWP30P140LVT           14     84.672 tcbn28hpcplusbwp30p140lvtssg0p72v125c       0 
SDFCNQOPTMAD8BWP30P140LVT            5     40.950 tcbn28hpcplusbwp30p140lvtssg0p72v125c       0 
SDFCNQOPTMCD8BWP30P140LVT           48    350.784 tcbn28hpcplusbwp30p140lvtssg0p72v125c       0 
SDFCNQOPTSADD4BWP30P140             22    133.056    tcbn28hpcplusbwp30p140ssg0p72v125c       0 
SDFCNQOPTSADD4BWP30P140LVT          10     60.480 tcbn28hpcplusbwp30p140lvtssg0p72v125c       0 
SDFQD0BWP30P140LVT               65996 157994.424 tcbn28hpcplusbwp30p140lvtssg0p72v125c       0 
XNR2D0BWP30P140LVT                   1      1.008 tcbn28hpcplusbwp30p140lvtssg0p72v125c       0 
XNR2D1BWP30P140LVT                 222    223.776 tcbn28hpcplusbwp30p140lvtssg0p72v125c       0 
XNR2D2BWP30P140LVT                  65     73.710 tcbn28hpcplusbwp30p140lvtssg0p72v125c       0 
XNR2D4BWP30P140LVT                  34     68.544 tcbn28hpcplusbwp30p140lvtssg0p72v125c       0 
XNR2OPTND2BWP30P140                  3      4.158    tcbn28hpcplusbwp30p140ssg0p72v125c       0 
XNR2OPTND2BWP30P140LVT              14     19.404 tcbn28hpcplusbwp30p140lvtssg0p72v125c       0 
XNR2OPTND4BWP30P140                  1      2.520    tcbn28hpcplusbwp30p140ssg0p72v125c       0 
XNR2OPTND4BWP30P140HVT               1      2.520 tcbn28hpcplusbwp30p140hvtssg0p72v125c       0 
XNR2OPTND4BWP30P140LVT              39     98.280 tcbn28hpcplusbwp30p140lvtssg0p72v125c       0 
XNR2OPTND6BWP30P140LVT              18     65.772 tcbn28hpcplusbwp30p140lvtssg0p72v125c       0 
XNR2OPTND8BWP30P140LVT               2      9.576 tcbn28hpcplusbwp30p140lvtssg0p72v125c       0 
XNR2UD0BWP30P140LVT                  1      0.882 tcbn28hpcplusbwp30p140lvtssg0p72v125c       0 
XNR2UD1BWP30P140                    97     85.554    tcbn28hpcplusbwp30p140ssg0p72v125c       0 
XNR2UD1BWP30P140LVT               5016   4424.112 tcbn28hpcplusbwp30p140lvtssg0p72v125c       0 
XNR3D1BWP30P140LVT                   7     13.230 tcbn28hpcplusbwp30p140lvtssg0p72v125c       0 
XNR3D2BWP30P140LVT                   7     14.112 tcbn28hpcplusbwp30p140lvtssg0p72v125c       0 
XNR3UD0BWP30P140HVT                  1      1.764 tcbn28hpcplusbwp30p140hvtssg0p72v125c       0 
XNR3UD1BWP30P140LVT                 39     68.796 tcbn28hpcplusbwp30p140lvtssg0p72v125c       0 
XNR4D1BWP30P140LVT                  12     31.752 tcbn28hpcplusbwp30p140lvtssg0p72v125c       0 
XOR2D1BWP30P140LVT                  30     30.240 tcbn28hpcplusbwp30p140lvtssg0p72v125c       0 
XOR2D2BWP30P140LVT                  28     31.752 tcbn28hpcplusbwp30p140lvtssg0p72v125c       0 
XOR2D4BWP30P140                      1      2.016    tcbn28hpcplusbwp30p140ssg0p72v125c       0 
XOR2D4BWP30P140LVT                  31     62.496 tcbn28hpcplusbwp30p140lvtssg0p72v125c       0 
XOR2OPTND2BWP30P140                  3      4.158    tcbn28hpcplusbwp30p140ssg0p72v125c       0 
XOR2OPTND2BWP30P140LVT              33     45.738 tcbn28hpcplusbwp30p140lvtssg0p72v125c       0 
XOR2OPTND4BWP30P140                  1      2.520    tcbn28hpcplusbwp30p140ssg0p72v125c       0 
XOR2OPTND4BWP30P140HVT               2      5.040 tcbn28hpcplusbwp30p140hvtssg0p72v125c       0 
XOR2OPTND4BWP30P140LVT              40    100.800 tcbn28hpcplusbwp30p140lvtssg0p72v125c       0 
XOR2OPTND6BWP30P140LVT              13     47.502 tcbn28hpcplusbwp30p140lvtssg0p72v125c       0 
XOR2OPTND8BWP30P140LVT               9     43.092 tcbn28hpcplusbwp30p140lvtssg0p72v125c       0 
XOR2UD1BWP30P140LVT              11662  10285.884 tcbn28hpcplusbwp30p140lvtssg0p72v125c       0 
XOR3D1BWP30P140LVT                   8     15.120 tcbn28hpcplusbwp30p140lvtssg0p72v125c       0 
XOR3D2BWP30P140LVT                  36     72.576 tcbn28hpcplusbwp30p140lvtssg0p72v125c       0 
XOR3D4BWP30P140                      1      3.150    tcbn28hpcplusbwp30p140ssg0p72v125c       0 
XOR3D4BWP30P140LVT                  28     88.200 tcbn28hpcplusbwp30p140lvtssg0p72v125c       0 
XOR3UD1BWP30P140                     5      8.820    tcbn28hpcplusbwp30p140ssg0p72v125c       0 
XOR3UD1BWP30P140LVT                 23     40.572 tcbn28hpcplusbwp30p140lvtssg0p72v125c       0 
XOR4D1BWP30P140HVT                   1      2.646 tcbn28hpcplusbwp30p140hvtssg0p72v125c       0 
XOR4D2BWP30P140LVT                   5     13.860 tcbn28hpcplusbwp30p140lvtssg0p72v125c       0 
------------------------------------------------------------------------------------------------
total                           293372 363854.610                                               
                                                                       
               Library                Instances    Area    Instances % 
-----------------------------------------------------------------------
tcbn28hpcplusbwp30p140hvtssg0p72v125c        48     38.556         0.0 
tcbn28hpcplusbwp30p140lvtssg0p72v125c    283546 357450.534        96.7 
tcbn28hpcplusbwp30p140ssg0p72v125c         9778   6365.520         3.3 
                                           
     Type      Instances    Area    Area % 
-------------------------------------------
sequential         77236 189881.118   52.2 
inverter           26387  12420.576    3.4 
buffer               672    393.750    0.1 
logic             189077 161159.166   44.3 
physical_cells         0      0.000    0.0 
-------------------------------------------
total             293372 363854.610  100.0 
