============================================================
  Generated by:           Genus(TM) Synthesis Solution 25.10-p002_1
  Generated on:           Sep 02 2026  02:49:33 pm
  Module:                 gemv_unit
  Operating conditions:   PVT_0P7V_25C (balanced_tree)
  Wireload mode:          enclosed
  Area mode:              timing library
============================================================


Path 1: MET (0 ps) Setup Check with Pin g_mul[15].u_mul/y_reg[12]/CLK->D
          Group: clk
     Startpoint: (R) retime_s3_259_reg/CLK
          Clock: (R) clk
       Endpoint: (F) g_mul[15].u_mul/y_reg[12]/D
          Clock: (R) clk

                     Capture       Launch     
        Clock Edge:+     769            0     
       Src Latency:+       0            0     
       Net Latency:+       0 (I)        0 (I) 
           Arrival:=     769            0     
                                              
             Setup:-      12                  
       Uncertainty:-      23                  
     Required Time:=     734                  
      Launch Clock:-       0                  
         Data Path:-     734                  
             Slack:=       0                  

#-----------------------------------------------------------------------------------------------------------------------------------
#              Timing Point                Flags    Arc    Edge           Cell             Fanout Load Trans Delay Arrival Instance 
#                                                                                                 (fF)  (ps)  (ps)   (ps)  Location 
#-----------------------------------------------------------------------------------------------------------------------------------
  retime_s3_259_reg/CLK                    -       -       R     (arrival)                  10071    -     0     0       0    (-,-) 
  retime_s3_259_reg/QN                     -       CLK->QN R     ASYNC_DFFHx1_ASAP7_75t_SL      2  9.9    74    66      66    (-,-) 
  g51691/Y                                 -       A->Y    F     CKINVDCx16_ASAP7_75t_R         4  2.1    14    12      79    (-,-) 
  g51342/Y                                 -       A->Y    F     AND2x2_ASAP7_75t_SL           14 19.7    56    40     119    (-,-) 
  g51201/Y                                 -       A->Y    R     CKINVDCx20_ASAP7_75t_R         3  1.6    13    13     132    (-,-) 
  g50449/Y                                 -       A2->Y   F     OAI22xp5_ASAP7_75t_SL          1  0.5    14     8     140    (-,-) 
  g50329/Y                                 -       C->Y    R     AOI221xp5_ASAP7_75t_SL         1  0.6    32    14     154    (-,-) 
  g50029/Y                                 -       A->Y    F     NAND4xp25_ASAP7_75t_SL         1  0.6    28    14     168    (-,-) 
  g50008/Y                                 -       B->Y    F     AND2x2_ASAP7_75t_SL           16  9.6    31    29     197    (-,-) 
  g49970/Y                                 -       B->Y    F     AO21x1_ASAP7_75t_SL            6  5.6    34    31     228    (-,-) 
  g_mul[15].u_mul/g20458/Y                 (P)     A->Y    R     INVx2_ASAP7_75t_SL             1  0.6    11     7     235    (-,-) 
  g_mul[15].u_mul/g20457/Y                 (P)     A1->Y   F     OAI22xp5_ASAP7_75t_SL          1  1.1    30    11     246    (-,-) 
  g_mul[15].u_mul/g19408/Y                 (P)     A->Y    F     AND2x4_ASAP7_75t_SL            5  4.3    11    20     266    (-,-) 
  g_mul[15].u_mul/fopt8/Y                  (P)     A->Y    R     INVx2_ASAP7_75t_SL             5  4.1    16    10     276    (-,-) 
  g_mul[15].u_mul/fopt20195/Y              (P)     A->Y    F     INVx2_ASAP7_75t_L              1  1.2     8     6     282    (-,-) 
  g_mul[15].u_mul/g254/Y                   (P)     B2->Y   R     AOI22x1_ASAP7_75t_SL           2  1.9    25    12     294    (-,-) 
  g_mul[15].u_mul/g251/Y                   (P)     A->Y    F     INVx2_ASAP7_75t_SL             4  3.9    17    10     304    (-,-) 
  g_mul[15].u_mul/g22350/Y                 (P)     B->Y    F     XNOR2xp5_ASAP7_75t_SL          1  1.1    18    18     322    (-,-) 
  g_mul[15].u_mul/g23242/Y                 (P)     B->Y    R     XOR2x2_ASAP7_75t_SL            2  2.8    15    28     350    (-,-) 
  g_mul[15].u_mul/g22480/Y                 (P)     A->Y    R     XNOR2x1_ASAP7_75t_SL           1  1.7    19    17     366    (-,-) 
  g_mul[15].u_mul/g55/Y                    (P)     B->Y    R     XNOR2x1_ASAP7_75t_SL           2  1.8    20    16     382    (-,-) 
  g_mul[15].u_mul/g22479/Y                 (P)     B->Y    F     NAND2xp5_ASAP7_75t_SL          2  0.9    16     9     392    (-,-) 
  g_mul[15].u_mul/mul_42_314_g6822__6783/Y (P)     A2->Y   R     OAI21xp5_ASAP7_75t_SL          1  1.2    22    14     405    (-,-) 
  g_mul[15].u_mul/g19350/Y                 (P)     B->Y    F     AOI21x1_ASAP7_75t_SL           1  1.3    15     9     414    (-,-) 
  g_mul[15].u_mul/g22807/Y                 (P)     B->Y    R     OAI21x1_ASAP7_75t_SL           5  3.7    31    11     425    (-,-) 
  g_mul[15].u_mul/g20663/Y                 (P)     A2->Y   F     AOI21xp5_ASAP7_75t_SL          1  1.0    19    10     435    (-,-) 
  g_mul[15].u_mul/g20661/Y                 (P)     B->Y    F     XNOR2xp5_ASAP7_75t_SL          2  1.2    18    18     453    (-,-) 
  g_mul[15].u_mul/g19626/Y                 (P)     C->Y    R     NOR3xp33_ASAP7_75t_SL          3  1.5    37    20     473    (-,-) 
  g_mul[15].u_mul/g16622__18652/Y          (P)     A->Y    F     NAND2xp5_ASAP7_75t_SL          1  0.5    14     6     478    (-,-) 
  g_mul[15].u_mul/g355/Y                   (P)     A->Y    F     OR2x2_ASAP7_75t_SL             3  2.6    13    18     497    (-,-) 
  g_mul[15].u_mul/g18536/Y                 (P)     A->Y    F     XOR2x2_ASAP7_75t_SL            4  2.3    12    20     517    (-,-) 
  g_mul[15].u_mul/g22578/Y                 (P)     A->Y    F     XNOR2xp5_ASAP7_75t_SL          3  1.1    17    18     535    (-,-) 
  g_mul[15].u_mul/g20460/Y                 (P)     B->Y    R     NOR2xp33_ASAP7_75t_SL          1  0.5    17    10     545    (-,-) 
  g_mul[15].u_mul/g22796/Y                 (P)     A->Y    F     NAND2xp5_ASAP7_75t_SL          3  1.8    22    11     556    (-,-) 
  g_mul[15].u_mul/g16490/Y                 (P)     A->Y    R     INVx1_ASAP7_75t_SL             2  1.0    13     9     565    (-,-) 
  g_mul[15].u_mul/g16478__5477/Y           (P)     B->Y    F     NOR2xp67_ASAP7_75t_SL          1  0.6    12     8     573    (-,-) 
  g_mul[15].u_mul/g22804/Y                 (P)     B->Y    F     OR2x2_ASAP7_75t_SL             2  3.2    14    19     592    (-,-) 
  g_mul[15].u_mul/g22803/Y                 (P)     A->Y    R     INVx3_ASAP7_75t_SL             6  3.9    13     8     601    (-,-) 
  g_mul[15].u_mul/g21657/Y                 (P)     A->Y    F     INVx2_ASAP7_75t_SL             3  1.3     7     5     605    (-,-) 
  g_mul[15].u_mul/g19820/Y                 (P)     A->Y    R     NAND2xp33_ASAP7_75t_SL         1  0.6    19    11     616    (-,-) 
  g_mul[15].u_mul/g20971/Y                 (P)     B2->Y   F     OAI22xp5_ASAP7_75t_SL          2  1.3    22    11     627    (-,-) 
  g_mul[15].u_mul/g380/Y                   (P)     A->Y    R     INVx1_ASAP7_75t_SL             1  0.6    11     7     635    (-,-) 
  g_mul[15].u_mul/g21073/Y                 (P)     B1->Y   F     OAI22xp5_ASAP7_75t_SL          2  1.2    22    10     645    (-,-) 
  g_mul[15].u_mul/g20912/Y                 (P)     A1->Y   R     AOI22xp5_ASAP7_75t_SL          1  0.6    19    12     657    (-,-) 
  g_mul[15].u_mul/g835/Y                   (P)     B->Y    F     OAI21xp5_ASAP7_75t_SL          2  0.9    16     9     666    (-,-) 
  g_mul[15].u_mul/g109/Y                   (P)     B->Y    F     AND2x2_ASAP7_75t_SL            4  2.4    12    17     683    (-,-) 
  g_mul[15].u_mul/g101/Y                   (P)     B->Y    R     NAND2x1_ASAP7_75t_SL           1  1.1    14     9     692    (-,-) 
  g_mul[15].u_mul/g22151/Y                 (P)     B->Y    F     NOR2x1_ASAP7_75t_SL            1  1.1    12     8     700    (-,-) 
  g_mul[15].u_mul/g19708/Y                 (P)     B->Y    F     AND2x4_ASAP7_75t_SL            6  3.0     9    14     715    (-,-) 
  g_mul[15].u_mul/g18923/Y                 (P)     A->Y    R     NAND2xp5_ASAP7_75t_SL          2  0.9    14     9     724    (-,-) 
  g_mul[15].u_mul/g20488/Y                 (P)     A1->Y   F     OAI211xp5_ASAP7_75t_SL         1  0.6    18    10     734    (-,-) 
  g_mul[15].u_mul/y_reg[12]/D              <<< (P) -       F     ASYNC_DFFHx1_ASAP7_75t_L       1    -     -     0     734    (-,-) 
#-----------------------------------------------------------------------------------------------------------------------------------

(P) : Instance is preserved

