============================================================
  Generated by:           Genus(TM) Synthesis Solution 25.10-p002_1
  Generated on:           Sep 01 2026  12:19:15 pm
  Module:                 gemv_unit
  Operating conditions:   PVT_0P7V_25C (balanced_tree)
  Wireload mode:          enclosed
  Area mode:              timing library
============================================================

     Instance        Module    Cell-Count  Cell-Area  Net-Area   Total-Area   Wireload  
----------------------------------------------------------------------------------------
gemv_unit         NA                55259   6478.113     0.000     6478.113 <none> (D)  
  g_add[0].u_add  fp16_add            950     70.815     0.000       70.815 <none> (D)  
  g_add[10].u_add fp16_add            950     70.815     0.000       70.815 <none> (D)  
  g_add[11].u_add fp16_add            950     70.815     0.000       70.815 <none> (D)  
  g_add[12].u_add fp16_add            950     70.815     0.000       70.815 <none> (D)  
  g_add[13].u_add fp16_add            950     70.815     0.000       70.815 <none> (D)  
  g_add[14].u_add fp16_add            950     70.815     0.000       70.815 <none> (D)  
  g_add[15].u_add fp16_add            950     70.815     0.000       70.815 <none> (D)  
  g_add[1].u_add  fp16_add            950     70.815     0.000       70.815 <none> (D)  
  g_add[2].u_add  fp16_add            950     70.815     0.000       70.815 <none> (D)  
  g_add[3].u_add  fp16_add            950     70.815     0.000       70.815 <none> (D)  
  g_add[4].u_add  fp16_add            950     70.815     0.000       70.815 <none> (D)  
  g_add[5].u_add  fp16_add            950     70.815     0.000       70.815 <none> (D)  
  g_add[6].u_add  fp16_add            950     70.815     0.000       70.815 <none> (D)  
  g_add[7].u_add  fp16_add            950     70.815     0.000       70.815 <none> (D)  
  g_add[8].u_add  fp16_add            950     70.815     0.000       70.815 <none> (D)  
  g_add[9].u_add  fp16_add            950     70.815     0.000       70.815 <none> (D)  
  g_mul[0].u_mul  fp16_mult           812     66.995     0.000       66.995 <none> (D)  
  g_mul[10].u_mul fp16_mult           812     66.995     0.000       66.995 <none> (D)  
  g_mul[11].u_mul fp16_mult           812     66.995     0.000       66.995 <none> (D)  
  g_mul[12].u_mul fp16_mult           812     66.995     0.000       66.995 <none> (D)  
  g_mul[13].u_mul fp16_mult           812     66.995     0.000       66.995 <none> (D)  
  g_mul[14].u_mul fp16_mult           812     66.995     0.000       66.995 <none> (D)  
  g_mul[15].u_mul fp16_mult           812     66.995     0.000       66.995 <none> (D)  
  g_mul[1].u_mul  fp16_mult           812     66.995     0.000       66.995 <none> (D)  
  g_mul[2].u_mul  fp16_mult           812     66.995     0.000       66.995 <none> (D)  
  g_mul[3].u_mul  fp16_mult           812     66.995     0.000       66.995 <none> (D)  
  g_mul[4].u_mul  fp16_mult           812     66.995     0.000       66.995 <none> (D)  
  g_mul[5].u_mul  fp16_mult           812     66.995     0.000       66.995 <none> (D)  
  g_mul[6].u_mul  fp16_mult           812     66.995     0.000       66.995 <none> (D)  
  g_mul[7].u_mul  fp16_mult           812     66.995     0.000       66.995 <none> (D)  
  g_mul[8].u_mul  fp16_mult           812     66.995     0.000       66.995 <none> (D)  
  g_mul[9].u_mul  fp16_mult           812     66.995     0.000       66.995 <none> (D)  
  u_vec_buf       dbuf_16x256       22247   3537.370     0.000     3537.370 <none> (D)  
  (D) = wireload is default in technology library
