============================================================
  Generated by:           Genus(TM) Synthesis Solution 25.10-p002_1
  Generated on:           Sep 02 2026  02:49:38 pm
  Operating conditions:   PVT_0P7V_25C (balanced_tree)
  Wireload mode:          enclosed
  Area mode:              timing library
============================================================

                                                                                      
           Gate             Instances   Area                   Library                
--------------------------------------------------------------------------------------
A2O1A1Ixp33_ASAP7_75t_R            16    1.400      asap7sc7p5t_AO_RVT_TT_nldm_201020 
A2O1A1Ixp33_ASAP7_75t_SL          105    9.185     asap7sc7p5t_AO_SLVT_TT_nldm_201020 
A2O1A1O1Ixp25_ASAP7_75t_SL         17    2.231     asap7sc7p5t_AO_SLVT_TT_nldm_201020 
AND2x2_ASAP7_75t_SL               842   73.658 asap7sc7p5t_SIMPLE_SLVT_TT_nldm_201020 
AND2x4_ASAP7_75t_SL               160   23.328 asap7sc7p5t_SIMPLE_SLVT_TT_nldm_201020 
AND3x1_ASAP7_75t_SL                48    4.199 asap7sc7p5t_SIMPLE_SLVT_TT_nldm_201020 
AND3x2_ASAP7_75t_SL                16    1.633 asap7sc7p5t_SIMPLE_SLVT_TT_nldm_201020 
AND3x4_ASAP7_75t_SL                16    3.266 asap7sc7p5t_SIMPLE_SLVT_TT_nldm_201020 
AND5x1_ASAP7_75t_SL                32    3.732 asap7sc7p5t_SIMPLE_SLVT_TT_nldm_201020 
AO21x1_ASAP7_75t_SL                96    8.398     asap7sc7p5t_AO_SLVT_TT_nldm_201020 
AO21x2_ASAP7_75t_SL                80    8.165     asap7sc7p5t_AO_SLVT_TT_nldm_201020 
AO221x1_ASAP7_75t_SL               32    4.666     asap7sc7p5t_AO_SLVT_TT_nldm_201020 
AO222x2_ASAP7_75t_SL               15    2.624     asap7sc7p5t_AO_SLVT_TT_nldm_201020 
AO22x1_ASAP7_75t_SL               161   21.126     asap7sc7p5t_AO_SLVT_TT_nldm_201020 
AO22x2_ASAP7_75t_SL                96   13.997     asap7sc7p5t_AO_SLVT_TT_nldm_201020 
AO332x1_ASAP7_75t_SL               15    2.406     asap7sc7p5t_AO_SLVT_TT_nldm_201020 
AOI211x1_ASAP7_75t_SL              16    2.799     asap7sc7p5t_AO_SLVT_TT_nldm_201020 
AOI211xp5_ASAP7_75t_SL            817   71.471     asap7sc7p5t_AO_SLVT_TT_nldm_201020 
AOI21x1_ASAP7_75t_SL              160   18.662     asap7sc7p5t_AO_SLVT_TT_nldm_201020 
AOI21xp33_ASAP7_75t_L              16    1.166      asap7sc7p5t_AO_LVT_TT_nldm_201020 
AOI21xp33_ASAP7_75t_SL            541   39.439     asap7sc7p5t_AO_SLVT_TT_nldm_201020 
AOI21xp5_ASAP7_75t_L               23    1.677      asap7sc7p5t_AO_LVT_TT_nldm_201020 
AOI21xp5_ASAP7_75t_SL            1077   78.513     asap7sc7p5t_AO_SLVT_TT_nldm_201020 
AOI221x1_ASAP7_75t_SL              16    3.266     asap7sc7p5t_AO_SLVT_TT_nldm_201020 
AOI221xp5_ASAP7_75t_SL            358   36.537     asap7sc7p5t_AO_SLVT_TT_nldm_201020 
AOI222xp33_ASAP7_75t_SL            32    4.666     asap7sc7p5t_AO_SLVT_TT_nldm_201020 
AOI22x1_ASAP7_75t_SL              304   44.323     asap7sc7p5t_AO_SLVT_TT_nldm_201020 
AOI22xp33_ASAP7_75t_L             527   46.102      asap7sc7p5t_AO_LVT_TT_nldm_201020 
AOI22xp33_ASAP7_75t_SL            317   27.731     asap7sc7p5t_AO_SLVT_TT_nldm_201020 
AOI22xp5_ASAP7_75t_L               33    2.887      asap7sc7p5t_AO_LVT_TT_nldm_201020 
AOI22xp5_ASAP7_75t_SL            2519  220.362     asap7sc7p5t_AO_SLVT_TT_nldm_201020 
AOI311xp33_ASAP7_75t_SL             3    0.306     asap7sc7p5t_AO_SLVT_TT_nldm_201020 
AOI31xp33_ASAP7_75t_SL            106    9.273     asap7sc7p5t_AO_SLVT_TT_nldm_201020 
AOI31xp67_ASAP7_75t_SL             16    3.033     asap7sc7p5t_AO_SLVT_TT_nldm_201020 
AOI321xp33_ASAP7_75t_SL            14    1.633     asap7sc7p5t_AO_SLVT_TT_nldm_201020 
AOI322xp5_ASAP7_75t_SL            848  111.275     asap7sc7p5t_AO_SLVT_TT_nldm_201020 
AOI32xp33_ASAP7_75t_SL             27    2.756     asap7sc7p5t_AO_SLVT_TT_nldm_201020 
AOI331xp33_ASAP7_75t_SL             9    1.181     asap7sc7p5t_AO_SLVT_TT_nldm_201020 
AOI332xp33_ASAP7_75t_SL            17    2.479     asap7sc7p5t_AO_SLVT_TT_nldm_201020 
AOI333xp33_ASAP7_75t_SL             7    1.123     asap7sc7p5t_AO_SLVT_TT_nldm_201020 
AOI33xp33_ASAP7_75t_SL             69    8.048     asap7sc7p5t_AO_SLVT_TT_nldm_201020 
ASYNC_DFFHx1_ASAP7_75t_L          437  165.658     asap7sc7p5t_SEQ_LVT_TT_nldm_201020 
ASYNC_DFFHx1_ASAP7_75t_SL        1442  546.633    asap7sc7p5t_SEQ_SLVT_TT_nldm_201020 
BUFx10_ASAP7_75t_L                 25    5.103  asap7sc7p5t_INVBUF_LVT_TT_nldm_201020 
BUFx12f_ASAP7_75t_SL                1    0.262 asap7sc7p5t_INVBUF_SLVT_TT_nldm_201020 
BUFx2_ASAP7_75t_L                 145   10.571  asap7sc7p5t_INVBUF_LVT_TT_nldm_201020 
BUFx2_ASAP7_75t_SL                 81    5.905 asap7sc7p5t_INVBUF_SLVT_TT_nldm_201020 
BUFx3_ASAP7_75t_L                 208   18.196  asap7sc7p5t_INVBUF_LVT_TT_nldm_201020 
BUFx3_ASAP7_75t_SL                265   23.182 asap7sc7p5t_INVBUF_SLVT_TT_nldm_201020 
BUFx4f_ASAP7_75t_SL                23    2.683 asap7sc7p5t_INVBUF_SLVT_TT_nldm_201020 
BUFx5_ASAP7_75t_SL                 16    1.866 asap7sc7p5t_INVBUF_SLVT_TT_nldm_201020 
BUFx6f_ASAP7_75t_SL               153   22.307 asap7sc7p5t_INVBUF_SLVT_TT_nldm_201020 
BUFx8_ASAP7_75t_SL                  1    0.175 asap7sc7p5t_INVBUF_SLVT_TT_nldm_201020 
CKINVDCx11_ASAP7_75t_R              3    0.000  asap7sc7p5t_INVBUF_RVT_TT_nldm_201020 
CKINVDCx12_ASAP7_75t_R              1    0.000  asap7sc7p5t_INVBUF_RVT_TT_nldm_201020 
CKINVDCx14_ASAP7_75t_R            100    0.000  asap7sc7p5t_INVBUF_RVT_TT_nldm_201020 
CKINVDCx16_ASAP7_75t_R            106    0.000  asap7sc7p5t_INVBUF_RVT_TT_nldm_201020 
CKINVDCx20_ASAP7_75t_R           9319    0.000  asap7sc7p5t_INVBUF_RVT_TT_nldm_201020 
CKINVDCx5p33_ASAP7_75t_R          706    0.000  asap7sc7p5t_INVBUF_RVT_TT_nldm_201020 
CKINVDCx8_ASAP7_75t_R               6    0.000  asap7sc7p5t_INVBUF_RVT_TT_nldm_201020 
HAxp5_ASAP7_75t_R                  16    2.100  asap7sc7p5t_SIMPLE_RVT_TT_nldm_201020 
HB1xp67_ASAP7_75t_L                37    2.158  asap7sc7p5t_INVBUF_LVT_TT_nldm_201020 
HB1xp67_ASAP7_75t_SL             2261  131.862 asap7sc7p5t_INVBUF_SLVT_TT_nldm_201020 
HB4xp67_ASAP7_75t_L                25    2.551  asap7sc7p5t_INVBUF_LVT_TT_nldm_201020 
INVx1_ASAP7_75t_L                 144    6.299  asap7sc7p5t_INVBUF_LVT_TT_nldm_201020 
INVx1_ASAP7_75t_SL               4387  191.887 asap7sc7p5t_INVBUF_SLVT_TT_nldm_201020 
INVx2_ASAP7_75t_L                 128    7.465  asap7sc7p5t_INVBUF_LVT_TT_nldm_201020 
INVx2_ASAP7_75t_SL               1496   87.247 asap7sc7p5t_INVBUF_SLVT_TT_nldm_201020 
INVx3_ASAP7_75t_SL                234   17.059 asap7sc7p5t_INVBUF_SLVT_TT_nldm_201020 
INVx4_ASAP7_75t_SL                146   12.772 asap7sc7p5t_INVBUF_SLVT_TT_nldm_201020 
INVx5_ASAP7_75t_SL                 49    5.001 asap7sc7p5t_INVBUF_SLVT_TT_nldm_201020 
INVx6_ASAP7_75t_SL                  1    0.117 asap7sc7p5t_INVBUF_SLVT_TT_nldm_201020 
INVx8_ASAP7_75t_SL                  1    0.146 asap7sc7p5t_INVBUF_SLVT_TT_nldm_201020 
INVxp33_ASAP7_75t_L               144    6.299  asap7sc7p5t_INVBUF_LVT_TT_nldm_201020 
INVxp33_ASAP7_75t_SL              786   34.380 asap7sc7p5t_INVBUF_SLVT_TT_nldm_201020 
INVxp67_ASAP7_75t_L                48    2.100  asap7sc7p5t_INVBUF_LVT_TT_nldm_201020 
INVxp67_ASAP7_75t_R                48   33.592  asap7sc7p5t_INVBUF_RVT_TT_nldm_201020 
INVxp67_ASAP7_75t_SL             3854  168.574 asap7sc7p5t_INVBUF_SLVT_TT_nldm_201020 
MAJIxp5_ASAP7_75t_R                16    1.633  asap7sc7p5t_SIMPLE_RVT_TT_nldm_201020 
MAJIxp5_ASAP7_75t_SL              496   50.622 asap7sc7p5t_SIMPLE_SLVT_TT_nldm_201020 
MAJx2_ASAP7_75t_SL                176   23.095 asap7sc7p5t_SIMPLE_SLVT_TT_nldm_201020 
NAND2x1_ASAP7_75t_SL              272   23.795 asap7sc7p5t_SIMPLE_SLVT_TT_nldm_201020 
NAND2x1p5_ASAP7_75t_SL             96   11.197 asap7sc7p5t_SIMPLE_SLVT_TT_nldm_201020 
NAND2x2_ASAP7_75t_SL                1    0.146 asap7sc7p5t_SIMPLE_SLVT_TT_nldm_201020 
NAND2xp33_ASAP7_75t_L             145    8.456  asap7sc7p5t_SIMPLE_LVT_TT_nldm_201020 
NAND2xp33_ASAP7_75t_R              16    0.933  asap7sc7p5t_SIMPLE_RVT_TT_nldm_201020 
NAND2xp33_ASAP7_75t_SL            372   21.695 asap7sc7p5t_SIMPLE_SLVT_TT_nldm_201020 
NAND2xp5_ASAP7_75t_L              103    6.007  asap7sc7p5t_SIMPLE_LVT_TT_nldm_201020 
NAND2xp5_ASAP7_75t_R               32    1.866  asap7sc7p5t_SIMPLE_RVT_TT_nldm_201020 
NAND2xp5_ASAP7_75t_SL            3459  201.729 asap7sc7p5t_SIMPLE_SLVT_TT_nldm_201020 
NAND2xp67_ASAP7_75t_SL             64    5.599 asap7sc7p5t_SIMPLE_SLVT_TT_nldm_201020 
NAND3x1_ASAP7_75t_L                16    2.566  asap7sc7p5t_SIMPLE_LVT_TT_nldm_201020 
NAND3xp33_ASAP7_75t_SL            546   39.803 asap7sc7p5t_SIMPLE_SLVT_TT_nldm_201020 
NAND4xp25_ASAP7_75t_SL            182   15.921 asap7sc7p5t_SIMPLE_SLVT_TT_nldm_201020 
NAND4xp75_ASAP7_75t_SL             64   13.064 asap7sc7p5t_SIMPLE_SLVT_TT_nldm_201020 
NAND5xp2_ASAP7_75t_SL             187   19.085 asap7sc7p5t_SIMPLE_SLVT_TT_nldm_201020 
NOR2x1_ASAP7_75t_L                 32    2.799  asap7sc7p5t_SIMPLE_LVT_TT_nldm_201020 
NOR2x1_ASAP7_75t_R                 16    1.400  asap7sc7p5t_SIMPLE_RVT_TT_nldm_201020 
NOR2x1_ASAP7_75t_SL               481   42.078 asap7sc7p5t_SIMPLE_SLVT_TT_nldm_201020 
NOR2x1p5_ASAP7_75t_SL             144   16.796 asap7sc7p5t_SIMPLE_SLVT_TT_nldm_201020 
NOR2x2_ASAP7_75t_SL                16    2.333 asap7sc7p5t_SIMPLE_SLVT_TT_nldm_201020 
NOR2xp33_ASAP7_75t_L              144    8.398  asap7sc7p5t_SIMPLE_LVT_TT_nldm_201020 
NOR2xp33_ASAP7_75t_R              112    6.532  asap7sc7p5t_SIMPLE_RVT_TT_nldm_201020 
NOR2xp33_ASAP7_75t_SL            1936  112.908 asap7sc7p5t_SIMPLE_SLVT_TT_nldm_201020 
NOR2xp67_ASAP7_75t_L               48    4.199  asap7sc7p5t_SIMPLE_LVT_TT_nldm_201020 
NOR2xp67_ASAP7_75t_SL             400   34.992 asap7sc7p5t_SIMPLE_SLVT_TT_nldm_201020 
NOR3xp33_ASAP7_75t_SL             392   28.577 asap7sc7p5t_SIMPLE_SLVT_TT_nldm_201020 
NOR4xp25_ASAP7_75t_L                1    0.087  asap7sc7p5t_SIMPLE_LVT_TT_nldm_201020 
NOR4xp25_ASAP7_75t_SL             151   13.209 asap7sc7p5t_SIMPLE_SLVT_TT_nldm_201020 
NOR4xp75_ASAP7_75t_SL              16    3.266 asap7sc7p5t_SIMPLE_SLVT_TT_nldm_201020 
NOR5xp2_ASAP7_75t_SL              150   15.309 asap7sc7p5t_SIMPLE_SLVT_TT_nldm_201020 
O2A1O1Ixp33_ASAP7_75t_L            16    1.400      asap7sc7p5t_OA_LVT_TT_nldm_201020 
O2A1O1Ixp33_ASAP7_75t_SL          220   19.246     asap7sc7p5t_OA_SLVT_TT_nldm_201020 
O2A1O1Ixp5_ASAP7_75t_SL            48    5.599     asap7sc7p5t_OA_SLVT_TT_nldm_201020 
OA21x2_ASAP7_75t_SL               368   37.558     asap7sc7p5t_OA_SLVT_TT_nldm_201020 
OA22x2_ASAP7_75t_SL               144   20.995     asap7sc7p5t_OA_SLVT_TT_nldm_201020 
OAI211xp5_ASAP7_75t_SL            867   75.845     asap7sc7p5t_OA_SLVT_TT_nldm_201020 
OAI21x1_ASAP7_75t_SL              272   31.726     asap7sc7p5t_OA_SLVT_TT_nldm_201020 
OAI21xp33_ASAP7_75t_L               6    0.437      asap7sc7p5t_OA_LVT_TT_nldm_201020 
OAI21xp33_ASAP7_75t_SL            161   11.737     asap7sc7p5t_OA_SLVT_TT_nldm_201020 
OAI21xp5_ASAP7_75t_L               32    2.333      asap7sc7p5t_OA_LVT_TT_nldm_201020 
OAI21xp5_ASAP7_75t_R               16    1.166      asap7sc7p5t_OA_RVT_TT_nldm_201020 
OAI21xp5_ASAP7_75t_SL            1912  139.385     asap7sc7p5t_OA_SLVT_TT_nldm_201020 
OAI221xp5_ASAP7_75t_SL            389   39.701     asap7sc7p5t_OA_SLVT_TT_nldm_201020 
OAI222xp33_ASAP7_75t_SL           197   28.723     asap7sc7p5t_OA_SLVT_TT_nldm_201020 
OAI22x1_ASAP7_75t_L                32    4.666      asap7sc7p5t_OA_LVT_TT_nldm_201020 
OAI22x1_ASAP7_75t_SL              128   18.662     asap7sc7p5t_OA_SLVT_TT_nldm_201020 
OAI22xp33_ASAP7_75t_R              16    1.400      asap7sc7p5t_OA_RVT_TT_nldm_201020 
OAI22xp33_ASAP7_75t_SL            145   12.685     asap7sc7p5t_OA_SLVT_TT_nldm_201020 
OAI22xp5_ASAP7_75t_SL            2397  209.690     asap7sc7p5t_OA_SLVT_TT_nldm_201020 
OAI311xp33_ASAP7_75t_SL             2    0.204     asap7sc7p5t_OA_SLVT_TT_nldm_201020 
OAI31xp33_ASAP7_75t_SL             58    5.074     asap7sc7p5t_OA_SLVT_TT_nldm_201020 
OAI321xp33_ASAP7_75t_SL            20    2.333     asap7sc7p5t_OA_SLVT_TT_nldm_201020 
OAI322xp33_ASAP7_75t_L             89   11.679      asap7sc7p5t_OA_LVT_TT_nldm_201020 
OAI322xp33_ASAP7_75t_SL           845  110.881     asap7sc7p5t_OA_SLVT_TT_nldm_201020 
OAI32xp33_ASAP7_75t_SL             39    3.980     asap7sc7p5t_OA_SLVT_TT_nldm_201020 
OAI331xp33_ASAP7_75t_SL             7    0.919     asap7sc7p5t_OA_SLVT_TT_nldm_201020 
OAI332xp33_ASAP7_75t_SL            30    4.374     asap7sc7p5t_OA_SLVT_TT_nldm_201020 
OAI333xp33_ASAP7_75t_SL             1    0.160     asap7sc7p5t_OA_SLVT_TT_nldm_201020 
OAI33xp33_ASAP7_75t_SL            114   13.297     asap7sc7p5t_OA_SLVT_TT_nldm_201020 
OR2x2_ASAP7_75t_SL                463   40.503 asap7sc7p5t_SIMPLE_SLVT_TT_nldm_201020 
OR2x4_ASAP7_75t_SL                  1    0.117 asap7sc7p5t_SIMPLE_SLVT_TT_nldm_201020 
OR2x6_ASAP7_75t_SL                 16    2.799 asap7sc7p5t_SIMPLE_SLVT_TT_nldm_201020 
OR3x1_ASAP7_75t_SL                 16    1.400 asap7sc7p5t_SIMPLE_SLVT_TT_nldm_201020 
SDFHx1_ASAP7_75t_SL              8192 2985.984    asap7sc7p5t_SEQ_SLVT_TT_nldm_201020 
XNOR2x1_ASAP7_75t_SL              528   92.379 asap7sc7p5t_SIMPLE_SLVT_TT_nldm_201020 
XNOR2x2_ASAP7_75t_SL               64   10.264 asap7sc7p5t_SIMPLE_SLVT_TT_nldm_201020 
XNOR2xp5_ASAP7_75t_L               16    2.100  asap7sc7p5t_SIMPLE_LVT_TT_nldm_201020 
XNOR2xp5_ASAP7_75t_SL             848  111.275 asap7sc7p5t_SIMPLE_SLVT_TT_nldm_201020 
XOR2x1_ASAP7_75t_SL                32    5.599 asap7sc7p5t_SIMPLE_SLVT_TT_nldm_201020 
XOR2x2_ASAP7_75t_SL               256   41.057 asap7sc7p5t_SIMPLE_SLVT_TT_nldm_201020 
XOR2xp5_ASAP7_75t_SL              418   54.850 asap7sc7p5t_SIMPLE_SLVT_TT_nldm_201020 
--------------------------------------------------------------------------------------
total                           66165 7343.144                                        
                                                                      
                Library                Instances   Area   Instances % 
----------------------------------------------------------------------
asap7sc7p5t_AO_LVT_TT_nldm_201020            599   51.832         0.9 
asap7sc7p5t_AO_RVT_TT_nldm_201020             16    1.400         0.0 
asap7sc7p5t_AO_SLVT_TT_nldm_201020          7890  761.674        11.9 
asap7sc7p5t_INVBUF_LVT_TT_nldm_201020        904   60.740         1.4 
asap7sc7p5t_INVBUF_RVT_TT_nldm_201020      10289   33.592        15.6 
asap7sc7p5t_INVBUF_SLVT_TT_nldm_201020     13755  705.424        20.8 
asap7sc7p5t_OA_LVT_TT_nldm_201020            175   20.514         0.3 
asap7sc7p5t_OA_RVT_TT_nldm_201020             32    2.566         0.0 
asap7sc7p5t_OA_SLVT_TT_nldm_201020          8364  792.773        12.6 
asap7sc7p5t_SEQ_LVT_TT_nldm_201020           437  165.658         0.7 
asap7sc7p5t_SEQ_SLVT_TT_nldm_201020         9634 3532.617        14.6 
asap7sc7p5t_SIMPLE_LVT_TT_nldm_201020        505   34.613         0.8 
asap7sc7p5t_SIMPLE_RVT_TT_nldm_201020        208   14.463         0.3 
asap7sc7p5t_SIMPLE_SLVT_TT_nldm_201020     13357 1165.277        20.2 
                                         
     Type      Instances   Area   Area % 
-----------------------------------------
sequential         10071 3698.275   50.4 
inverter           21707  572.936    7.8 
buffer              3241  226.821    3.1 
logic              31146 2845.112   38.7 
physical_cells         0    0.000    0.0 
-----------------------------------------
total              66165 7343.144  100.0 
