============================================================
  Generated by:           Genus(TM) Synthesis Solution 25.10-p002_1
  Generated on:           Sep 02 2026  02:49:34 pm
  Module:                 gemv_unit
  Operating conditions:   PVT_0P7V_25C (balanced_tree)
  Wireload mode:          enclosed
  Area mode:              timing library
============================================================

Timing
--------

Clock Period 
-------------
clk    769.0 


  Cost    Critical         Violating 
 Group   Path Slack  TNS     Paths   
-------------------------------------
clk             0.5   0.0          0 
default    No paths   0.0            
-------------------------------------
Total                 0.0          0 

Instance Count
--------------
Leaf Instance Count             66165 
Physical Instance count             0 
Sequential Instance Count       10071 
Combinational Instance Count    56094 
Hierarchical Instance Count        33 

Area
----
Cell Area                          7343.144
Physical Cell Area                 0.000
Total Cell Area (Cell+Physical)    7343.144
Net Area                           0.000
Total Area (Cell+Physical+Net)     7343.144

Max Fanout                         10071 (clk)
Min Fanout                         0 (g_mul[1].pv)
Average Fanout                     2.5
Terms to net ratio                 3.5085
Terms to instance ratio            3.5405
Runtime                            1014.4538099999979 seconds
Elapsed Runtime                    1077 seconds
Genus peak memory usage            2780.65 
Innovus peak memory usage          no_value 
Hostname                           squire.ece.uw.edu
