============================================================
  Generated by:           Genus(TM) Synthesis Solution 25.10-p002_1
  Generated on:           Aug 31 2026  12:57:08 pm
  Module:                 bf16_mult
  Operating conditions:   PVT_0P7V_25C (balanced_tree)
  Wireload mode:          enclosed
  Area mode:              timing library
============================================================


Path 1: MET (0 ps) Setup Check with Pin y_reg[6]/CLK->D
          Group: clk
     Startpoint: (F) b[7]
          Clock: (R) clk
       Endpoint: (F) y_reg[6]/D
          Clock: (R) clk

                     Capture       Launch     
        Clock Edge:+    1350            0     
        Drv Adjust:+       0            3     
       Src Latency:+       0            0     
       Net Latency:+       0 (I)        0 (I) 
           Arrival:=    1350            3     
                                              
             Setup:-      18                  
       Uncertainty:-      40                  
     Required Time:=    1292                  
      Launch Clock:-       3                  
       Input Delay:-     338                  
         Data Path:-     951                  
             Slack:=       0                  

Exceptions/Constraints:
  input_delay             338             in_del_26_1   

#---------------------------------------------------------------------------------------------------------------
#      Timing Point       Flags   Arc   Edge           Cell            Fanout Load Trans Delay Arrival Instance 
#                                                                             (fF)  (ps)  (ps)   (ps)  Location 
#---------------------------------------------------------------------------------------------------------------
  b[7]                    -       -     F     (arrival)                     5  2.8    13     0     341    (-,-) 
  g2472__2346/Y           -       B->Y  R     NOR2xp33_ASAP7_75t_L          1  0.6    19    12     353    (-,-) 
  g2466__7482/Y           -       B->Y  F     NAND2xp5_ASAP7_75t_SL         1  0.5    12     7     360    (-,-) 
  g3916/Y                 -       E->Y  F     OR5x1_ASAP7_75t_SL           12  6.7    44    48     408    (-,-) 
  mul_36_26_g3839/Y       -       A->Y  R     INVx1_ASAP7_75t_SL            6  2.6    29    19     426    (-,-) 
  g2455__1617/Y           -       B->Y  F     NOR2xp33_ASAP7_75t_SL         3  1.8    35    22     449    (-,-) 
  mul_36_26_g3833/Y       -       A->Y  R     INVx1_ASAP7_75t_SL            2  1.2    18    12     461    (-,-) 
  mul_36_26_g3801__1881/Y -       B2->Y F     AOI22xp5_ASAP7_75t_SL         4  2.3    34    16     477    (-,-) 
  mul_36_26_g3784/Y       -       A->Y  R     INVx1_ASAP7_75t_SL            7  4.2    36    22     499    (-,-) 
  mul_36_26_g3735__5122/Y -       A1->Y F     OAI22xp5_ASAP7_75t_SL         3 13.0   128    63     563    (-,-) 
  mul_36_26_g3688__6783/Y -       A2->Y R     OAI22xp5_ASAP7_75t_SL         2 10.1   152    88     650    (-,-) 
  mul_36_26_g3674/Y       -       A->Y  F     CKINVDCx16_ASAP7_75t_R        1  0.6    20    14     665    (-,-) 
  mul_36_26_g3621__2802/Y -       A2->Y R     AOI22xp5_ASAP7_75t_SL         1  2.0    64    19     683    (-,-) 
  g3923/SN                -       A->SN F     FAx1_ASAP7_75t_SL             2  0.9    36    34     718    (-,-) 
  mul_36_26_g3475__1705/Y -       A->Y  R     NOR2xp33_ASAP7_75t_SL         2  1.1    30    16     734    (-,-) 
  mul_36_26_g3466__5526/Y -       A2->Y F     OAI21xp5_ASAP7_75t_SL         2  1.2    22    12     746    (-,-) 
  mul_36_26_g3462__4319/Y -       B->Y  R     NAND2xp5_ASAP7_75t_SL         2  1.1    20    12     759    (-,-) 
  mul_36_26_g3441__2883/Y -       A1->Y F     OAI22xp5_ASAP7_75t_SL         1  1.0    22    12     771    (-,-) 
  mul_36_26_g3438__6161/Y -       A->Y  R     XOR2x2_ASAP7_75t_SL          11  6.2    26    33     804    (-,-) 
  g3843/Y                 -       A->Y  F     INVx1_ASAP7_75t_SL            6  3.6    25    16     819    (-,-) 
  g3813__6260/Y           -       B->Y  R     NAND2xp5_ASAP7_75t_SL         2  1.0    18    12     832    (-,-) 
  g3776__3680/Y           -       A1->Y F     AOI21xp5_ASAP7_75t_SL         3  1.7    23    14     845    (-,-) 
  g3761__2398/Y           -       B->Y  R     NAND2xp5_ASAP7_75t_SL         3  1.4    22    14     860    (-,-) 
  g3755__1666/Y           -       B->Y  F     NOR2xp33_ASAP7_75t_SL         3  1.7    35    20     880    (-,-) 
  g3751__9945/Y           -       B->Y  R     NAND2xp5_ASAP7_75t_SL         3  1.4    24    16     896    (-,-) 
  g3746__4733/Y           -       B->Y  F     NOR2xp33_ASAP7_75t_SL         3  1.7    40    21     917    (-,-) 
  g3742__1881/Y           -       B->Y  R     NAND2xp5_ASAP7_75t_SL         3  1.2    24    16     933    (-,-) 
  g3741__6131/Y           -       B->Y  F     NOR2xp33_ASAP7_75t_SL         4  2.4    45    26     959    (-,-) 
  g3738__8246/Y           -       A2->Y R     AOI22xp5_ASAP7_75t_SL         2  1.0    27    16     975    (-,-) 
  g3735__1705/Y           -       B->Y  F     NOR2xp33_ASAP7_75t_SL         2  1.2    37    18     993    (-,-) 
  g3731__3680/Y           -       B->Y  R     A2O1A1Ixp33_ASAP7_75t_SL      2  1.1    30    19    1011    (-,-) 
  g3730__6783/Y           -       B->Y  F     OAI31xp33_ASAP7_75t_SL        2  1.6    34    21    1032    (-,-) 
  g3727__5526/Y           -       A2->Y R     OAI21xp5_ASAP7_75t_SL         2  1.0    24    16    1048    (-,-) 
  g3724__4319/Y           -       A->Y  F     NAND2xp5_ASAP7_75t_L          2  1.1    19    11    1060    (-,-) 
  g3720__5107/Y           -       B->Y  R     OAI21xp5_ASAP7_75t_SL         1  0.9    26    10    1069    (-,-) 
  g3865__1881/Y           -       B->Y  R     XNOR2xp5_ASAP7_75t_SL         3  1.6    36    16    1086    (-,-) 
  g3716__2398/Y           -       A2->Y F     OAI22xp5_ASAP7_75t_SL         3  1.7    28    17    1102    (-,-) 
  g3715__5477/Y           -       A->Y  R     NOR3xp33_ASAP7_75t_SL         3  1.9    50    25    1128    (-,-) 
  g3714/Y                 -       A->Y  F     INVx1_ASAP7_75t_SL            1  0.6    15     6    1134    (-,-) 
  g3708__2346/Y           -       A2->Y R     AOI22xp5_ASAP7_75t_SL         2  1.7    34    16    1150    (-,-) 
  g3702__9945/Y           -       A2->Y F     OAI22xp5_ASAP7_75t_SL         2  1.1    24    13    1163    (-,-) 
  g3698__6161/Y           -       B->Y  R     NAND2xp5_ASAP7_75t_SL         2  0.9    20    12    1175    (-,-) 
  g3697/Y                 -       A->Y  F     INVxp67_ASAP7_75t_SL          2  1.1    14     9    1184    (-,-) 
  g3696__4733/Y           -       B->Y  R     AOI21xp5_ASAP7_75t_SL         2  1.1    21    13    1197    (-,-) 
  g3691__6131/Y           -       A->Y  F     NOR5xp2_ASAP7_75t_SL          1  0.6    41     9    1206    (-,-) 
  g3688__8246/Y           -       A->Y  F     OR4x1_ASAP7_75t_SL            9  5.5    38    44    1249    (-,-) 
  g3682__6783/Y           -       B->Y  R     NOR2xp67_ASAP7_75t_L          7  3.6    47    30    1280    (-,-) 
  g3664__1666/Y           -       A1->Y F     AOI31xp33_ASAP7_75t_SL        1  0.6    58    12    1292    (-,-) 
  y_reg[6]/D              <<<     -     F     ASYNC_DFFHx1_ASAP7_75t_L      1    -     -     0    1292    (-,-) 
#---------------------------------------------------------------------------------------------------------------

