============================================================
  Generated by:           Genus(TM) Synthesis Solution 25.10-p002_1
  Generated on:           Aug 31 2026  12:57:08 pm
  Module:                 bf16_mult
  Operating conditions:   PVT_0P7V_25C (balanced_tree)
  Wireload mode:          enclosed
  Area mode:              timing library
============================================================

Timing
--------

Clock Period 
-------------
clk   1350.0 


  Cost    Critical         Violating 
 Group   Path Slack  TNS     Paths   
-------------------------------------
clk             0.0   0.0          0 
default    No paths   0.0            
-------------------------------------
Total                 0.0          0 

Instance Count
--------------
Leaf Instance Count             516 
Physical Instance count           0 
Sequential Instance Count        17 
Combinational Instance Count    499 
Hierarchical Instance Count       0 

Area
----
Cell Area                          39.643
Physical Cell Area                 0.000
Total Cell Area (Cell+Physical)    39.643
Net Area                           0.000
Total Area (Cell+Physical+Net)     39.643

Max Fanout                         17 (clk)
Min Fanout                         0 (n_6)
Average Fanout                     2.2
Terms to net ratio                 3.1835
Terms to instance ratio            3.4302
Runtime                            32.107206000000005 seconds
Elapsed Runtime                    32 seconds
Genus peak memory usage            2401.79 
Innovus peak memory usage          no_value 
Hostname                           squire.ece.uw.edu
