============================================================
  Generated by:           Genus(TM) Synthesis Solution 25.10-p002_1
  Generated on:           Aug 31 2026  12:57:08 pm
  Operating conditions:   PVT_0P7V_25C (balanced_tree)
  Wireload mode:          enclosed
  Area mode:              timing library
============================================================

                                                                                  
          Gate            Instances  Area                  Library                
----------------------------------------------------------------------------------
A2O1A1Ixp33_ASAP7_75t_SL          6  0.525     asap7sc7p5t_AO_SLVT_TT_nldm_201020 
AND2x2_ASAP7_75t_SL               5  0.437 asap7sc7p5t_SIMPLE_SLVT_TT_nldm_201020 
AND4x1_ASAP7_75t_L                1  0.102  asap7sc7p5t_SIMPLE_LVT_TT_nldm_201020 
AOI211xp5_ASAP7_75t_SL            1  0.087     asap7sc7p5t_AO_SLVT_TT_nldm_201020 
AOI21xp33_ASAP7_75t_SL            3  0.219     asap7sc7p5t_AO_SLVT_TT_nldm_201020 
AOI21xp5_ASAP7_75t_SL            23  1.677     asap7sc7p5t_AO_SLVT_TT_nldm_201020 
AOI22xp5_ASAP7_75t_L              3  0.262      asap7sc7p5t_AO_LVT_TT_nldm_201020 
AOI22xp5_ASAP7_75t_SL            41  3.587     asap7sc7p5t_AO_SLVT_TT_nldm_201020 
AOI31xp33_ASAP7_75t_SL            3  0.262     asap7sc7p5t_AO_SLVT_TT_nldm_201020 
AOI322xp5_ASAP7_75t_SL            1  0.131     asap7sc7p5t_AO_SLVT_TT_nldm_201020 
AOI32xp33_ASAP7_75t_SL            2  0.204     asap7sc7p5t_AO_SLVT_TT_nldm_201020 
ASYNC_DFFHx1_ASAP7_75t_L         17  6.444     asap7sc7p5t_SEQ_LVT_TT_nldm_201020 
CKINVDCx14_ASAP7_75t_R            6  0.000  asap7sc7p5t_INVBUF_RVT_TT_nldm_201020 
CKINVDCx16_ASAP7_75t_R            6  0.000  asap7sc7p5t_INVBUF_RVT_TT_nldm_201020 
CKINVDCx20_ASAP7_75t_R           42  0.000  asap7sc7p5t_INVBUF_RVT_TT_nldm_201020 
CKINVDCx5p33_ASAP7_75t_R          9  0.000  asap7sc7p5t_INVBUF_RVT_TT_nldm_201020 
FAx1_ASAP7_75t_SL                 1  0.204 asap7sc7p5t_SIMPLE_SLVT_TT_nldm_201020 
HAxp5_ASAP7_75t_SL                3  0.394 asap7sc7p5t_SIMPLE_SLVT_TT_nldm_201020 
INVx1_ASAP7_75t_SL               32  1.400 asap7sc7p5t_INVBUF_SLVT_TT_nldm_201020 
INVx2_ASAP7_75t_SL                2  0.117 asap7sc7p5t_INVBUF_SLVT_TT_nldm_201020 
INVxp33_ASAP7_75t_SL              2  0.087 asap7sc7p5t_INVBUF_SLVT_TT_nldm_201020 
INVxp67_ASAP7_75t_SL             52  2.274 asap7sc7p5t_INVBUF_SLVT_TT_nldm_201020 
NAND2xp33_ASAP7_75t_L             1  0.058  asap7sc7p5t_SIMPLE_LVT_TT_nldm_201020 
NAND2xp5_ASAP7_75t_L             10  0.583  asap7sc7p5t_SIMPLE_LVT_TT_nldm_201020 
NAND2xp5_ASAP7_75t_SL            41  2.391 asap7sc7p5t_SIMPLE_SLVT_TT_nldm_201020 
NAND3xp33_ASAP7_75t_SL            3  0.219 asap7sc7p5t_SIMPLE_SLVT_TT_nldm_201020 
NAND4xp25_ASAP7_75t_SL            2  0.175 asap7sc7p5t_SIMPLE_SLVT_TT_nldm_201020 
NAND5xp2_ASAP7_75t_SL             4  0.408 asap7sc7p5t_SIMPLE_SLVT_TT_nldm_201020 
NOR2x1_ASAP7_75t_SL               1  0.087 asap7sc7p5t_SIMPLE_SLVT_TT_nldm_201020 
NOR2xp33_ASAP7_75t_L              3  0.175  asap7sc7p5t_SIMPLE_LVT_TT_nldm_201020 
NOR2xp33_ASAP7_75t_SL            48  2.799 asap7sc7p5t_SIMPLE_SLVT_TT_nldm_201020 
NOR2xp67_ASAP7_75t_L              1  0.087  asap7sc7p5t_SIMPLE_LVT_TT_nldm_201020 
NOR3xp33_ASAP7_75t_SL             5  0.365 asap7sc7p5t_SIMPLE_SLVT_TT_nldm_201020 
NOR4xp25_ASAP7_75t_SL             1  0.087 asap7sc7p5t_SIMPLE_SLVT_TT_nldm_201020 
NOR5xp2_ASAP7_75t_SL              4  0.408 asap7sc7p5t_SIMPLE_SLVT_TT_nldm_201020 
OAI211xp5_ASAP7_75t_SL            5  0.437     asap7sc7p5t_OA_SLVT_TT_nldm_201020 
OAI21xp33_ASAP7_75t_SL            2  0.146     asap7sc7p5t_OA_SLVT_TT_nldm_201020 
OAI21xp5_ASAP7_75t_SL            17  1.239     asap7sc7p5t_OA_SLVT_TT_nldm_201020 
OAI222xp33_ASAP7_75t_SL           1  0.146     asap7sc7p5t_OA_SLVT_TT_nldm_201020 
OAI22xp5_ASAP7_75t_SL            51  4.461     asap7sc7p5t_OA_SLVT_TT_nldm_201020 
OAI311xp33_ASAP7_75t_SL           1  0.102     asap7sc7p5t_OA_SLVT_TT_nldm_201020 
OAI31xp33_ASAP7_75t_SL            3  0.262     asap7sc7p5t_OA_SLVT_TT_nldm_201020 
OR2x2_ASAP7_75t_SL                2  0.175 asap7sc7p5t_SIMPLE_SLVT_TT_nldm_201020 
OR4x1_ASAP7_75t_SL                1  0.102 asap7sc7p5t_SIMPLE_SLVT_TT_nldm_201020 
OR5x1_ASAP7_75t_SL                1  0.117 asap7sc7p5t_SIMPLE_SLVT_TT_nldm_201020 
XNOR2xp5_ASAP7_75t_SL            23  3.018 asap7sc7p5t_SIMPLE_SLVT_TT_nldm_201020 
XOR2x2_ASAP7_75t_SL               1  0.160 asap7sc7p5t_SIMPLE_SLVT_TT_nldm_201020 
XOR2xp5_ASAP7_75t_SL             23  3.018 asap7sc7p5t_SIMPLE_SLVT_TT_nldm_201020 
----------------------------------------------------------------------------------
total                           516 39.643                                        
                                                                    
                Library                Instances  Area  Instances % 
--------------------------------------------------------------------
asap7sc7p5t_AO_LVT_TT_nldm_201020              3  0.262         0.6 
asap7sc7p5t_AO_SLVT_TT_nldm_201020            80  6.692        15.5 
asap7sc7p5t_INVBUF_RVT_TT_nldm_201020         63  0.000        12.2 
asap7sc7p5t_INVBUF_SLVT_TT_nldm_201020        88  3.878        17.1 
asap7sc7p5t_OA_SLVT_TT_nldm_201020            80  6.794        15.5 
asap7sc7p5t_SEQ_LVT_TT_nldm_201020            17  6.444         3.3 
asap7sc7p5t_SIMPLE_LVT_TT_nldm_201020         16  1.006         3.1 
asap7sc7p5t_SIMPLE_SLVT_TT_nldm_201020       169 14.565        32.8 
                                       
     Type      Instances  Area  Area % 
---------------------------------------
sequential            17  6.444   16.3 
inverter             151  3.878    9.8 
logic                348 29.320   74.0 
physical_cells         0  0.000    0.0 
---------------------------------------
total                516 39.643  100.0 
