 
****************************************
Report : area
Design : accumulator_bg
Version: P-2019.03-SP5-6
Date   : Tue Sep  1 00:19:39 2026
****************************************

Library(s) Used:

    asap7sc7p5t_INVBUF_RVT_TT_nldm_211120 (File: /thu-bloor/xinyao-w23/kvpim-rtl/third_party/asap7_lib/db/asap7sc7p5t_INVBUF_RVT_TT_nldm_211120.db)
    asap7sc7p5t_SIMPLE_RVT_TT_nldm_211120 (File: /thu-bloor/xinyao-w23/kvpim-rtl/third_party/asap7_lib/db/asap7sc7p5t_SIMPLE_RVT_TT_nldm_211120.db)
    asap7sc7p5t_SEQ_RVT_TT_nldm_220123 (File: /thu-bloor/xinyao-w23/kvpim-rtl/third_party/asap7_lib/db/asap7sc7p5t_SEQ_RVT_TT_nldm_220123.db)
    asap7sc7p5t_OA_RVT_TT_nldm_211120 (File: /thu-bloor/xinyao-w23/kvpim-rtl/third_party/asap7_lib/db/asap7sc7p5t_OA_RVT_TT_nldm_211120.db)
    asap7sc7p5t_AO_RVT_TT_nldm_211120 (File: /thu-bloor/xinyao-w23/kvpim-rtl/third_party/asap7_lib/db/asap7sc7p5t_AO_RVT_TT_nldm_211120.db)

Number of ports:                          523
Number of nets:                          4209
Number of cells:                         3758
Number of combinational cells:           3631
Number of sequential cells:               118
Number of macros/black boxes:               0
Number of buf/inv:                       1190
Number of references:                      17

Combinational area:                264.218760
Buf/Inv area:                       56.074681
Noncombinational area:              44.731440
Macro/Black Box area:                0.000000
Net Interconnect area:      undefined  (No wire load specified)

Total cell area:                   308.950200
Total area:                 undefined

Hierarchical area distribution
------------------------------

                                  Global cell area          Local cell area
                                  ------------------  --------------------------- 
Hierarchical cell                 Absolute   Percent  Combi-    Noncombi-  Black-
                                  Total      Total    national  national   boxes   Design
--------------------------------  ---------  -------  --------  ---------  ------  -------------------------
accumulator_bg                     308.9502    100.0   19.6976    25.3984  0.0000  accumulator_bg
u_l1a                               92.9183     30.1   69.1529     6.4444  0.0000  fp16_add_0
u_l1a/add_74_S2                      7.7566      2.5    7.7566     0.0000  0.0000  fp16_add_0_DW01_add_J13_0
u_l1a/sub_75                         9.5645      3.1    9.5645     0.0000  0.0000  fp16_add_0_DW01_sub_J43_0
u_l1b                               93.0204     30.1   67.6804     6.4444  0.0000  fp16_add_2
u_l1b/add_74_S2                      8.3981      2.7    8.3981     0.0000  0.0000  fp16_add_2_DW01_add_3
u_l1b/sub_75                        10.4976      3.4   10.4976     0.0000  0.0000  fp16_add_2_DW01_sub_5
u_l2                                77.9155     25.2   52.6630     6.4444  0.0000  fp16_add_1
u_l2/add_74_S2                       8.6459      2.8    8.6459     0.0000  0.0000  fp16_add_1_DW01_add_3
u_l2/sub_75                         10.1623      3.3   10.1623     0.0000  0.0000  fp16_add_1_DW01_sub_J42_0
--------------------------------  ---------  -------  --------  ---------  ------  -------------------------
Total                                                 264.2188    44.7314  0.0000

1
