============================================================
  Generated by:           Genus(TM) Synthesis Solution 25.10-p002_1
  Generated on:           Aug 31 2026  12:59:24 pm
  Operating conditions:   PVT_0P7V_25C (balanced_tree)
  Wireload mode:          enclosed
  Area mode:              timing library
============================================================

                                                                                    
           Gate             Instances  Area                  Library                
------------------------------------------------------------------------------------
A2O1A1Ixp33_ASAP7_75t_SL           11  0.962     asap7sc7p5t_AO_SLVT_TT_nldm_201020 
A2O1A1O1Ixp25_ASAP7_75t_SL          4  0.525     asap7sc7p5t_AO_SLVT_TT_nldm_201020 
AND2x2_ASAP7_75t_SL                17  1.487 asap7sc7p5t_SIMPLE_SLVT_TT_nldm_201020 
AND2x4_ASAP7_75t_SL                 5  0.729 asap7sc7p5t_SIMPLE_SLVT_TT_nldm_201020 
AND3x1_ASAP7_75t_SL                 2  0.175 asap7sc7p5t_SIMPLE_SLVT_TT_nldm_201020 
AND3x2_ASAP7_75t_SL                 1  0.102 asap7sc7p5t_SIMPLE_SLVT_TT_nldm_201020 
AND4x1_ASAP7_75t_SL                 1  0.102 asap7sc7p5t_SIMPLE_SLVT_TT_nldm_201020 
AO21x1_ASAP7_75t_SL                 2  0.175     asap7sc7p5t_AO_SLVT_TT_nldm_201020 
AO21x2_ASAP7_75t_SL                 1  0.102     asap7sc7p5t_AO_SLVT_TT_nldm_201020 
AO22x2_ASAP7_75t_SL                 2  0.292     asap7sc7p5t_AO_SLVT_TT_nldm_201020 
AOI211x1_ASAP7_75t_SL               1  0.175     asap7sc7p5t_AO_SLVT_TT_nldm_201020 
AOI211xp5_ASAP7_75t_SL              3  0.262     asap7sc7p5t_AO_SLVT_TT_nldm_201020 
AOI21x1_ASAP7_75t_SL                5  0.583     asap7sc7p5t_AO_SLVT_TT_nldm_201020 
AOI21xp33_ASAP7_75t_SL             14  1.021     asap7sc7p5t_AO_SLVT_TT_nldm_201020 
AOI21xp5_ASAP7_75t_L                4  0.292      asap7sc7p5t_AO_LVT_TT_nldm_201020 
AOI21xp5_ASAP7_75t_R                1  0.073      asap7sc7p5t_AO_RVT_TT_nldm_201020 
AOI21xp5_ASAP7_75t_SL              31  2.260     asap7sc7p5t_AO_SLVT_TT_nldm_201020 
AOI221xp5_ASAP7_75t_SL              2  0.204     asap7sc7p5t_AO_SLVT_TT_nldm_201020 
AOI222xp33_ASAP7_75t_SL             1  0.146     asap7sc7p5t_AO_SLVT_TT_nldm_201020 
AOI22x1_ASAP7_75t_R                 1  0.146      asap7sc7p5t_AO_RVT_TT_nldm_201020 
AOI22x1_ASAP7_75t_SL                4  0.583     asap7sc7p5t_AO_SLVT_TT_nldm_201020 
AOI22xp33_ASAP7_75t_SL              8  0.700     asap7sc7p5t_AO_SLVT_TT_nldm_201020 
AOI22xp5_ASAP7_75t_L                1  0.087      asap7sc7p5t_AO_LVT_TT_nldm_201020 
AOI22xp5_ASAP7_75t_SL              37  3.237     asap7sc7p5t_AO_SLVT_TT_nldm_201020 
AOI31xp33_ASAP7_75t_SL              1  0.087     asap7sc7p5t_AO_SLVT_TT_nldm_201020 
AOI321xp33_ASAP7_75t_SL             1  0.117     asap7sc7p5t_AO_SLVT_TT_nldm_201020 
AOI32xp33_ASAP7_75t_SL              1  0.102     asap7sc7p5t_AO_SLVT_TT_nldm_201020 
AOI33xp33_ASAP7_75t_SL              1  0.117     asap7sc7p5t_AO_SLVT_TT_nldm_201020 
ASYNC_DFFHx1_ASAP7_75t_L            5  1.895     asap7sc7p5t_SEQ_LVT_TT_nldm_201020 
ASYNC_DFFHx1_ASAP7_75t_SL          12  4.549    asap7sc7p5t_SEQ_SLVT_TT_nldm_201020 
BUFx2_ASAP7_75t_L                   1  0.073  asap7sc7p5t_INVBUF_LVT_TT_nldm_201020 
BUFx2_ASAP7_75t_SL                  4  0.292 asap7sc7p5t_INVBUF_SLVT_TT_nldm_201020 
BUFx3_ASAP7_75t_SL                  3  0.262 asap7sc7p5t_INVBUF_SLVT_TT_nldm_201020 
CKINVDCx14_ASAP7_75t_R              2  0.000  asap7sc7p5t_INVBUF_RVT_TT_nldm_201020 
CKINVDCx16_ASAP7_75t_R              1  0.000  asap7sc7p5t_INVBUF_RVT_TT_nldm_201020 
CKINVDCx20_ASAP7_75t_R              1  0.000  asap7sc7p5t_INVBUF_RVT_TT_nldm_201020 
CKINVDCx5p33_ASAP7_75t_R           22  0.000  asap7sc7p5t_INVBUF_RVT_TT_nldm_201020 
CKINVDCx8_ASAP7_75t_R               1  0.000  asap7sc7p5t_INVBUF_RVT_TT_nldm_201020 
HB1xp67_ASAP7_75t_SL               51  2.974 asap7sc7p5t_INVBUF_SLVT_TT_nldm_201020 
INVx1_ASAP7_75t_L                   2  0.087  asap7sc7p5t_INVBUF_LVT_TT_nldm_201020 
INVx1_ASAP7_75t_SL                104  4.549 asap7sc7p5t_INVBUF_SLVT_TT_nldm_201020 
INVx2_ASAP7_75t_L                   1  0.058  asap7sc7p5t_INVBUF_LVT_TT_nldm_201020 
INVx2_ASAP7_75t_SL                 25  1.458 asap7sc7p5t_INVBUF_SLVT_TT_nldm_201020 
INVx3_ASAP7_75t_SL                  4  0.292 asap7sc7p5t_INVBUF_SLVT_TT_nldm_201020 
INVx4_ASAP7_75t_SL                  2  0.175 asap7sc7p5t_INVBUF_SLVT_TT_nldm_201020 
INVxp33_ASAP7_75t_L                 1  0.044  asap7sc7p5t_INVBUF_LVT_TT_nldm_201020 
INVxp33_ASAP7_75t_SL                8  0.350 asap7sc7p5t_INVBUF_SLVT_TT_nldm_201020 
INVxp67_ASAP7_75t_SL              125  5.468 asap7sc7p5t_INVBUF_SLVT_TT_nldm_201020 
MAJIxp5_ASAP7_75t_SL                1  0.102 asap7sc7p5t_SIMPLE_SLVT_TT_nldm_201020 
NAND2x1_ASAP7_75t_SL                6  0.525 asap7sc7p5t_SIMPLE_SLVT_TT_nldm_201020 
NAND2x1p5_ASAP7_75t_SL              5  0.583 asap7sc7p5t_SIMPLE_SLVT_TT_nldm_201020 
NAND2xp33_ASAP7_75t_L               1  0.058  asap7sc7p5t_SIMPLE_LVT_TT_nldm_201020 
NAND2xp33_ASAP7_75t_SL              7  0.408 asap7sc7p5t_SIMPLE_SLVT_TT_nldm_201020 
NAND2xp5_ASAP7_75t_L                3  0.175  asap7sc7p5t_SIMPLE_LVT_TT_nldm_201020 
NAND2xp5_ASAP7_75t_SL              99  5.774 asap7sc7p5t_SIMPLE_SLVT_TT_nldm_201020 
NAND3x1_ASAP7_75t_SL                1  0.160 asap7sc7p5t_SIMPLE_SLVT_TT_nldm_201020 
NAND3xp33_ASAP7_75t_R               1  0.073  asap7sc7p5t_SIMPLE_RVT_TT_nldm_201020 
NAND3xp33_ASAP7_75t_SL             11  0.802 asap7sc7p5t_SIMPLE_SLVT_TT_nldm_201020 
NAND4xp25_ASAP7_75t_SL              1  0.087 asap7sc7p5t_SIMPLE_SLVT_TT_nldm_201020 
NAND4xp75_ASAP7_75t_SL              3  0.612 asap7sc7p5t_SIMPLE_SLVT_TT_nldm_201020 
NAND5xp2_ASAP7_75t_SL               6  0.612 asap7sc7p5t_SIMPLE_SLVT_TT_nldm_201020 
NOR2x1_ASAP7_75t_SL                24  2.100 asap7sc7p5t_SIMPLE_SLVT_TT_nldm_201020 
NOR2x1p5_ASAP7_75t_L                1  0.117  asap7sc7p5t_SIMPLE_LVT_TT_nldm_201020 
NOR2xp33_ASAP7_75t_L                1  0.058  asap7sc7p5t_SIMPLE_LVT_TT_nldm_201020 
NOR2xp33_ASAP7_75t_R                1  0.058  asap7sc7p5t_SIMPLE_RVT_TT_nldm_201020 
NOR2xp33_ASAP7_75t_SL              49  2.858 asap7sc7p5t_SIMPLE_SLVT_TT_nldm_201020 
NOR2xp67_ASAP7_75t_SL               7  0.612 asap7sc7p5t_SIMPLE_SLVT_TT_nldm_201020 
NOR3xp33_ASAP7_75t_SL               5  0.365 asap7sc7p5t_SIMPLE_SLVT_TT_nldm_201020 
NOR4xp25_ASAP7_75t_SL               2  0.175 asap7sc7p5t_SIMPLE_SLVT_TT_nldm_201020 
NOR5xp2_ASAP7_75t_SL                2  0.204 asap7sc7p5t_SIMPLE_SLVT_TT_nldm_201020 
O2A1O1Ixp33_ASAP7_75t_L             2  0.175      asap7sc7p5t_OA_LVT_TT_nldm_201020 
O2A1O1Ixp33_ASAP7_75t_SL           12  1.050     asap7sc7p5t_OA_SLVT_TT_nldm_201020 
O2A1O1Ixp5_ASAP7_75t_SL             3  0.350     asap7sc7p5t_OA_SLVT_TT_nldm_201020 
OA21x2_ASAP7_75t_SL                 7  0.714     asap7sc7p5t_OA_SLVT_TT_nldm_201020 
OA222x2_ASAP7_75t_SL                1  0.175     asap7sc7p5t_OA_SLVT_TT_nldm_201020 
OA22x2_ASAP7_75t_SL                 7  1.021     asap7sc7p5t_OA_SLVT_TT_nldm_201020 
OAI211xp5_ASAP7_75t_SL              6  0.525     asap7sc7p5t_OA_SLVT_TT_nldm_201020 
OAI21x1_ASAP7_75t_SL                5  0.583     asap7sc7p5t_OA_SLVT_TT_nldm_201020 
OAI21xp33_ASAP7_75t_SL              4  0.292     asap7sc7p5t_OA_SLVT_TT_nldm_201020 
OAI21xp5_ASAP7_75t_SL              47  3.426     asap7sc7p5t_OA_SLVT_TT_nldm_201020 
OAI221xp5_ASAP7_75t_SL              4  0.408     asap7sc7p5t_OA_SLVT_TT_nldm_201020 
OAI22x1_ASAP7_75t_L                 1  0.146      asap7sc7p5t_OA_LVT_TT_nldm_201020 
OAI22x1_ASAP7_75t_SL                1  0.146     asap7sc7p5t_OA_SLVT_TT_nldm_201020 
OAI22xp33_ASAP7_75t_SL              4  0.350     asap7sc7p5t_OA_SLVT_TT_nldm_201020 
OAI22xp5_ASAP7_75t_SL              40  3.499     asap7sc7p5t_OA_SLVT_TT_nldm_201020 
OAI31xp33_ASAP7_75t_SL              1  0.087     asap7sc7p5t_OA_SLVT_TT_nldm_201020 
OAI31xp67_ASAP7_75t_SL              1  0.190     asap7sc7p5t_OA_SLVT_TT_nldm_201020 
OR2x2_ASAP7_75t_SL                  6  0.525 asap7sc7p5t_SIMPLE_SLVT_TT_nldm_201020 
XNOR2x1_ASAP7_75t_SL                3  0.525 asap7sc7p5t_SIMPLE_SLVT_TT_nldm_201020 
XNOR2x2_ASAP7_75t_SL                1  0.160 asap7sc7p5t_SIMPLE_SLVT_TT_nldm_201020 
XNOR2xp5_ASAP7_75t_SL               9  1.181 asap7sc7p5t_SIMPLE_SLVT_TT_nldm_201020 
XOR2x2_ASAP7_75t_SL                 3  0.481 asap7sc7p5t_SIMPLE_SLVT_TT_nldm_201020 
XOR2xp5_ASAP7_75t_SL                7  0.919 asap7sc7p5t_SIMPLE_SLVT_TT_nldm_201020 
------------------------------------------------------------------------------------
total                             950 70.815                                        
                                                                    
                Library                Instances  Area  Instances % 
--------------------------------------------------------------------
asap7sc7p5t_AO_LVT_TT_nldm_201020              5  0.379         0.5 
asap7sc7p5t_AO_RVT_TT_nldm_201020              2  0.219         0.2 
asap7sc7p5t_AO_SLVT_TT_nldm_201020           130 11.649        13.7 
asap7sc7p5t_INVBUF_LVT_TT_nldm_201020          5  0.262         0.5 
asap7sc7p5t_INVBUF_RVT_TT_nldm_201020         27  0.000         2.8 
asap7sc7p5t_INVBUF_SLVT_TT_nldm_201020       326 15.819        34.3 
asap7sc7p5t_OA_LVT_TT_nldm_201020              3  0.321         0.3 
asap7sc7p5t_OA_SLVT_TT_nldm_201020           143 12.816        15.1 
asap7sc7p5t_SEQ_LVT_TT_nldm_201020             5  1.895         0.5 
asap7sc7p5t_SEQ_SLVT_TT_nldm_201020           12  4.549         1.3 
asap7sc7p5t_SIMPLE_LVT_TT_nldm_201020          6  0.408         0.6 
asap7sc7p5t_SIMPLE_RVT_TT_nldm_201020          2  0.131         0.2 
asap7sc7p5t_SIMPLE_SLVT_TT_nldm_201020       284 22.366        29.9 
                                       
     Type      Instances  Area  Area % 
---------------------------------------
sequential            17  6.444    9.1 
inverter             299 12.480   17.6 
buffer                59  3.601    5.1 
logic                575 48.289   68.2 
physical_cells         0  0.000    0.0 
---------------------------------------
total                950 70.815  100.0 
