============================================================
  Generated by:           Genus(TM) Synthesis Solution 25.10-p002_1
  Generated on:           Sep 02 2026  02:27:19 pm
  Module:                 fp16_add
  Operating conditions:   PVT_0P7V_25C (balanced_tree)
  Wireload mode:          enclosed
  Area mode:              timing library
============================================================

Timing
--------

Clock Period 
-------------
clk    700.0 


  Cost    Critical         Violating 
 Group   Path Slack  TNS     Paths   
-------------------------------------
clk             0.0   0.0          0 
default    No paths   0.0            
-------------------------------------
Total                 0.0          0 

Instance Count
--------------
Leaf Instance Count             917 
Physical Instance count           0 
Sequential Instance Count        17 
Combinational Instance Count    900 
Hierarchical Instance Count       0 

Area
----
Cell Area                          68.191
Physical Cell Area                 0.000
Total Cell Area (Cell+Physical)    68.191
Net Area                           0.000
Total Area (Cell+Physical+Net)     68.191

Max Fanout                         18 (n_590)
Min Fanout                         0 (n_985)
Average Fanout                     2.2
Terms to net ratio                 3.1595
Terms to instance ratio            3.2835
Runtime                            88.47894900000001 seconds
Elapsed Runtime                    88 seconds
Genus peak memory usage            2343.39 
Innovus peak memory usage          no_value 
Hostname                           squire.ece.uw.edu
