============================================================
  Generated by:           Genus(TM) Synthesis Solution 25.10-p002_1
  Generated on:           Sep 02 2026  02:27:19 pm
  Module:                 fp16_add
  Operating conditions:   PVT_0P7V_25C (balanced_tree)
  Wireload mode:          enclosed
  Area mode:              timing library
============================================================


Path 1: MET (0 ps) Setup Check with Pin y_reg[12]/CLK->D
          Group: clk
     Startpoint: (R) b[11]
          Clock: (R) clk
       Endpoint: (R) y_reg[12]/D
          Clock: (R) clk

                     Capture       Launch     
        Clock Edge:+     700            0     
        Drv Adjust:+       0            6     
       Src Latency:+       0            0     
       Net Latency:+       0 (I)        0 (I) 
           Arrival:=     700            6     
                                              
             Setup:-       8                  
       Uncertainty:-      21                  
     Required Time:=     671                  
      Launch Clock:-       6                  
       Input Delay:-     175                  
         Data Path:-     490                  
             Slack:=       0                  

Exceptions/Constraints:
  input_delay             175             in_del_22_1   

#-------------------------------------------------------------------------------------------------------
# Timing Point   Flags   Arc   Edge           Cell             Fanout Load Trans Delay Arrival Instance 
#                                                                     (fF)  (ps)  (ps)   (ps)  Location 
#-------------------------------------------------------------------------------------------------------
  b[11]          -       -     R     (arrival)                      4  4.8    18     0     181    (-,-) 
  fopt58788/Y    -       A->Y  F     INVx4_ASAP7_75t_SL             3  2.8     9     5     186    (-,-) 
  g58554__5122/Y -       A2->Y R     AOI22x1_ASAP7_75t_SL           2  1.5    20    11     197    (-,-) 
  g58531__5477/Y -       A->Y  F     NOR2xp67_ASAP7_75t_SL          2  0.8    16    11     208    (-,-) 
  g58500__5526/Y -       B->Y  R     NOR3xp33_ASAP7_75t_SL          1  0.6    22    12     221    (-,-) 
  g58484__2346/Y -       C->Y  F     O2A1O1Ixp33_ASAP7_75t_SL       1  1.1    22    12     233    (-,-) 
  g58476__6131/Y -       B->Y  F     AND2x4_ASAP7_75t_SL            7  5.9    12    19     252    (-,-) 
  fopt46/Y       -       A->Y  R     INVx2_ASAP7_75t_SL             2  1.3     8     6     258    (-,-) 
  g58440__8428/Y -       B->Y  R     AND2x2_ASAP7_75t_SL            9  5.3    22    20     278    (-,-) 
  g58380__5122/Y -       B2->Y F     AOI22xp33_ASAP7_75t_SL         1  0.5    18    10     288    (-,-) 
  g58343__6131/Y -       A->Y  F     AND2x2_ASAP7_75t_SL            2  1.3     9    17     305    (-,-) 
  g58335/Y       -       A->Y  R     INVx1_ASAP7_75t_SL             2  1.1    10     7     312    (-,-) 
  g58298__5115/Y -       A2->Y F     OAI22xp5_ASAP7_75t_SL          1  0.4    14     7     319    (-,-) 
  g58282__1666/Y -       B->Y  R     NOR2xp33_ASAP7_75t_SL          1  0.6    17    11     330    (-,-) 
  g58259__2398/Y -       B->Y  F     OAI21xp5_ASAP7_75t_SL          3  1.5    21    12     341    (-,-) 
  fopt58708/Y    -       A->Y  R     INVxp67_ASAP7_75t_SL           2  0.9    15    10     352    (-,-) 
  g58196__7482/Y -       A1->Y F     AOI21xp5_ASAP7_75t_SL          2  1.2    20    11     363    (-,-) 
  g58163__5477/Y -       B->Y  F     OR2x2_ASAP7_75t_SL             4  2.8    13    20     383    (-,-) 
  g58149__5122/Y -       B->Y  R     NAND2xp5_ASAP7_75t_SL          4  1.9    25    14     397    (-,-) 
  g58101__7098/Y -       A2->Y F     AOI22xp33_ASAP7_75t_SL         1  0.6    28    12     409    (-,-) 
  g58059__4733/Y -       B->Y  R     OAI21xp5_ASAP7_75t_SL          1  1.1    20    12     421    (-,-) 
  g58805/Y       -       B->Y  R     XOR2xp5_ASAP7_75t_SL           1  0.4    15    15     436    (-,-) 
  g58016__2346/Y -       B->Y  F     NOR2xp33_ASAP7_75t_SL          2  1.2    26    15     451    (-,-) 
  g57984__1705/Y -       B->Y  R     AOI21xp5_ASAP7_75t_SL          3  1.7    31    19     470    (-,-) 
  g57909__6131/Y -       B->Y  F     OAI21xp5_ASAP7_75t_SL          1  1.2    21    11     481    (-,-) 
  g57894__3680/Y -       A1->Y R     AOI21x1_ASAP7_75t_SL           2  1.7    21    11     492    (-,-) 
  g57873__4319/Y -       A->Y  R     OR2x6_ASAP7_75t_SL            11  9.2    16    21     513    (-,-) 
  fopt10/Y       -       A->Y  F     INVx4_ASAP7_75t_SL             8  4.8    11     7     520    (-,-) 
  g57852__3680/Y -       B1->Y R     AOI22xp5_ASAP7_75t_SL          2  1.3    33    14     534    (-,-) 
  g57844/Y       -       A->Y  F     INVx1_ASAP7_75t_SL             1  0.6    12     6     540    (-,-) 
  g57839__2883/Y -       B->Y  F     AND2x2_ASAP7_75t_SL            3  1.6     9    15     555    (-,-) 
  g57805__6260/Y -       A2->Y R     AOI22xp5_ASAP7_75t_SL          1  0.6    18    10     565    (-,-) 
  g57773__6783/Y -       A1->Y F     OAI21xp5_ASAP7_75t_SL          1  0.5    14     8     573    (-,-) 
  g57757__5115/Y -       B->Y  R     AOI21xp33_ASAP7_75t_SL         1  0.6    22    12     586    (-,-) 
  g57748__5526/Y -       B->Y  F     OAI21xp5_ASAP7_75t_SL          2  1.3    26    11     597    (-,-) 
  fopt58689/Y    -       A->Y  R     INVx1_ASAP7_75t_SL             2  1.1    15    10     607    (-,-) 
  g57711__7482/Y -       B->Y  F     NOR3xp33_ASAP7_75t_SL          2  0.9    18     9     616    (-,-) 
  g57696__4319/Y -       B->Y  F     AND2x2_ASAP7_75t_SL            3  2.4    12    18     634    (-,-) 
  g57693/Y       -       A->Y  R     INVx1_ASAP7_75t_SL             5  2.7    21    13     646    (-,-) 
  g57690__9315/Y -       B->Y  F     NOR2xp33_ASAP7_75t_SL          1  0.5    15    10     657    (-,-) 
  g57668__1617/Y -       B->Y  R     AOI211xp5_ASAP7_75t_SL         1  0.6    26    14     671    (-,-) 
  y_reg[12]/D    <<<     -     R     ASYNC_DFFHx1_ASAP7_75t_SL      1    -     -     0     671    (-,-) 
#-------------------------------------------------------------------------------------------------------

