Warning: Design 'softmax_buffer_fugue' has '1' unresolved references. For more detailed information, use the "link" command. (UID-341)
 
****************************************
Report : reference
Design : softmax_buffer_fugue
Version: P-2019.03-SP5-6
Date   : Fri Aug 28 23:23:40 2026
****************************************

Attributes:
    b - black box (unknown)
   bo - allows boundary optimization
    d - dont_touch
   mo - map_only
    h - hierarchical
    n - noncombinational
    r - removable
    s - synthetic operator
    u - contains unmapped logic

Reference          Library       Unit Area   Count    Total Area   Attributes
-----------------------------------------------------------------------------
softmax_buffer_sram               0.000000       1      0.000000  b
-----------------------------------------------------------------------------
Total 1 references                                      0.000000
1
