Information: Propagating switching activity (low effort zero delay simulation). (PWR-6)
Warning: Design has unannotated primary inputs. (PWR-414)
Warning: Design has unannotated black box outputs. (PWR-428)
 
****************************************
Report : power
        -analysis_effort low
Design : softmax_buffer_fugue
Version: P-2019.03-SP5-6
Date   : Fri Aug 28 23:23:40 2026
****************************************


Library(s) Used:

    No libraries used.


Operating Conditions: PVT_0P7V_25C   Library: asap7sc7p5t_AO_RVT_TT_nldm_211120
Wire Load Model Mode: top


Global Operating Voltage = 0.7  
Power-specific unit information :
    Voltage Units = 1V
    Capacitance Units = 1.000000ff
    Time Units = 1ps
    Dynamic Power Units = 1mW    (derived from V,C,T units)
    Leakage Power Units = 1pW


  Cell Internal Power  =   0.0000 mW    (0%)
  Net Switching Power  = 163.4395 nW  (100%)
                         ---------
Total Dynamic Power    = 163.4395 nW  (100%)

Cell Leakage Power     =   0.0000 pW


                 Internal         Switching           Leakage            Total
Power Group      Power            Power               Power              Power   (   %    )  Attrs
--------------------------------------------------------------------------------------------------
io_pad             0.0000            0.0000            0.0000            0.0000  (   0.00%)
memory             0.0000            0.0000            0.0000            0.0000  (   0.00%)
black_box          0.0000            0.0000            0.0000            0.0000  (   0.00%)
clock_network      0.0000        1.6344e-04            0.0000        1.6344e-04  ( 100.00%)
register           0.0000            0.0000            0.0000            0.0000  (   0.00%)
sequential         0.0000            0.0000            0.0000            0.0000  (   0.00%)
combinational      0.0000            0.0000            0.0000            0.0000  (   0.00%)
--------------------------------------------------------------------------------------------------
Total              0.0000 mW     1.6344e-04 mW         0.0000 pW     1.6344e-04 mW
1
