============================================================
  Generated by:           Genus(TM) Synthesis Solution 25.10-p002_1
  Generated on:           Aug 27 2026  02:20:39 pm
  Module:                 mq_pe_16x2_d32
  Operating conditions:   PVT_0P7V_25C (balanced_tree)
  Wireload mode:          enclosed
  Area mode:              timing library
============================================================


Path 1: MET (0 ps) Setup Check with Pin retime_s4_51_reg/CLK->D
           View: TT.setup_view
          Group: clk
     Startpoint: (R) retime_s2_57_reg/CLK
          Clock: (R) clk
       Endpoint: (R) retime_s4_51_reg/D
          Clock: (R) clk

                     Capture       Launch     
        Clock Edge:+    1500            0     
       Src Latency:+       0            0     
       Net Latency:+       0 (I)        0 (I) 
           Arrival:=    1500            0     
                                              
             Setup:-       7                  
       Uncertainty:-      45                  
     Required Time:=    1448                  
      Launch Clock:-       0                  
         Data Path:-    1448                  
             Slack:=       0                  

#---------------------------------------------------------------------------------------------------------------------------------------------------------------------------
#                                   Timing Point                                    Flags    Arc    Edge           Cell            Fanout Load Trans Delay Arrival Instance 
#                                                                                                                                         (fF)  (ps)  (ps)   (ps)  Location 
#---------------------------------------------------------------------------------------------------------------------------------------------------------------------------
  retime_s2_57_reg/CLK                                                              -       -       R     (arrival)                 28561    -    15     0       0    (-,-) 
  retime_s2_57_reg/QN                                                               -       CLK->QN R     DFFHQNx1_ASAP7_75t_SL         3  1.6    20    37      37    (-,-) 
  g896430/Y                                                                         -       A->Y    F     INVx1_ASAP7_75t_SL            3  1.5    14     9      45    (-,-) 
  g544972/Y                                                                         -       B->Y    R     NOR2xp33_ASAP7_75t_SL         2 12.3   230   102     147    (-,-) 
  g544848/Y                                                                         -       A->Y    F     NOR2xp33_ASAP7_75t_SL         3  1.7    86    44     192    (-,-) 
  g544748/Y                                                                         -       B->Y    R     NAND2xp5_ASAP7_75t_SL         3  1.4    61    24     215    (-,-) 
  g544340/Y                                                                         -       C->Y    F     AOI221xp5_ASAP7_75t_SL        1  0.6    26    13     228    (-,-) 
  g544286/Y                                                                         -       A1->Y   R     OAI311xp33_ASAP7_75t_SL       1  0.6    85    18     246    (-,-) 
  g544222/Y                                                                         -       A2->Y   F     A2O1A1Ixp33_ASAP7_75t_SL      9  5.2    96    39     285    (-,-) 
  g544214/Y                                                                         -       A->Y    R     INVx1_ASAP7_75t_SL            7  4.0    50    32     317    (-,-) 
  g544194/Y                                                                         -       B->Y    F     NOR2xp33_ASAP7_75t_SL         7  4.1   140    44     361    (-,-) 
  g544183/Y                                                                         -       A->Y    R     INVx1_ASAP7_75t_SL            5  3.0    53    32     393    (-,-) 
  g544038/Y                                                                         -       A2->Y   F     OAI22xp5_ASAP7_75t_SL         3  1.6    31    17     411    (-,-) 
  g543935/Y                                                                         -       B2->Y   R     AOI22xp5_ASAP7_75t_SL         2  1.1    64    17     428    (-,-) 
  g543810/Y                                                                         -       A2->Y   F     OAI22xp5_ASAP7_75t_SL         2  1.1    50    15     443    (-,-) 
  g543746/Y                                                                         -       B->Y    R     AOI21xp33_ASAP7_75t_SL        2  1.1    36    25     467    (-,-) 
  g543597/Y                                                                         -       B2->Y   F     OAI322xp33_ASAP7_75t_SL       2  1.3    44    18     485    (-,-) 
  u_pe_u_tree_g_l1[4].u_add_sub_77_53_Y_u_pe_u_tree_g_l1[4].u_add_add_76_53_g2423/Y -       A->Y    R     INVx1_ASAP7_75t_SL            2  0.8    17    11     496    (-,-) 
  u_pe_u_tree_g_l1[4].u_add_sub_77_53_Y_u_pe_u_tree_g_l1[4].u_add_add_76_53_g2414/Y -       B->Y    F     NOR2xp33_ASAP7_75t_SL         2 12.4   201    98     594    (-,-) 
  u_pe_u_tree_g_l1[4].u_add_sub_77_53_Y_u_pe_u_tree_g_l1[4].u_add_add_76_53_g2395/Y -       B->Y    R     AOI21xp33_ASAP7_75t_SL        2  1.1    67    49     642    (-,-) 
  u_pe_u_tree_g_l1[4].u_add_sub_77_53_Y_u_pe_u_tree_g_l1[4].u_add_add_76_53_g2368/Y -       A->Y    F     NAND2xp5_ASAP7_75t_SL         2  1.1    25     9     651    (-,-) 
  u_pe_u_tree_g_l1[4].u_add_sub_77_53_Y_u_pe_u_tree_g_l1[4].u_add_add_76_53_g2367/Y -       B->Y    R     OAI211xp5_ASAP7_75t_SL        2  1.7    86    18     669    (-,-) 
  u_pe_u_tree_g_l1[4].u_add_sub_77_53_Y_u_pe_u_tree_g_l1[4].u_add_add_76_53_g2364/Y -       A2->Y   F     OAI22xp5_ASAP7_75t_SL         2  1.0    53    15     684    (-,-) 
  u_pe_u_tree_g_l1[4].u_add_sub_77_53_Y_u_pe_u_tree_g_l1[4].u_add_add_76_53_g2361/Y -       B->Y    R     NOR2xp33_ASAP7_75t_SL         2  1.2    38    22     707    (-,-) 
  u_pe_u_tree_g_l1[4].u_add_sub_77_53_Y_u_pe_u_tree_g_l1[4].u_add_add_76_53_g2359/Y -       B->Y    F     AOI21xp5_ASAP7_75t_SL         1  1.6    67    15     722    (-,-) 
  g5500/CON                                                                         -       CI->CON R     FAx1_ASAP7_75t_SL             2  1.7    57    31     753    (-,-) 
  u_pe_u_tree_g_l1[4].u_add_sub_77_53_Y_u_pe_u_tree_g_l1[4].u_add_add_76_53_g2353/Y -       A2->Y   F     OAI22xp5_ASAP7_75t_SL         1  1.6    59    18     771    (-,-) 
  g5499/CON                                                                         -       CI->CON R     FAx1_ASAP7_75t_SL             2  1.2    52    26     797    (-,-) 
  u_pe_u_tree_g_l1[4].u_add_sub_77_53_Y_u_pe_u_tree_g_l1[4].u_add_add_76_53_g2348/Y -       B->Y    F     NAND2xp5_ASAP7_75t_SL         2  1.2    25    13     810    (-,-) 
  u_pe_u_tree_g_l1[4].u_add_sub_77_53_Y_u_pe_u_tree_g_l1[4].u_add_add_76_53_g2347/Y -       B->Y    R     OAI21xp5_ASAP7_75t_SL         2  1.7    43    13     823    (-,-) 
  u_pe_u_tree_g_l1[4].u_add_sub_77_53_Y_u_pe_u_tree_g_l1[4].u_add_add_76_53_g2344/Y -       A2->Y   F     OAI22xp5_ASAP7_75t_SL         2  1.0    53    13     837    (-,-) 
  u_pe_u_tree_g_l1[4].u_add_sub_77_53_Y_u_pe_u_tree_g_l1[4].u_add_add_76_53_g2341/Y -       B->Y    R     NOR2xp33_ASAP7_75t_SL         2  1.2    38    22     859    (-,-) 
  u_pe_u_tree_g_l1[4].u_add_sub_77_53_Y_u_pe_u_tree_g_l1[4].u_add_add_76_53_g2339/Y -       B->Y    F     AOI21xp5_ASAP7_75t_SL         2  0.8    58    11     870    (-,-) 
  u_pe_u_tree_g_l1[4].u_add_sub_77_53_Y_u_pe_u_tree_g_l1[4].u_add_add_76_53_g2336/Y -       B->Y    R     NOR2xp33_ASAP7_75t_SL         2  1.1    37    22     891    (-,-) 
  u_pe_u_tree_g_l1[4].u_add_sub_77_53_Y_u_pe_u_tree_g_l1[4].u_add_add_76_53_g2334/Y -       B->Y    F     AOI21xp5_ASAP7_75t_SL         2  1.3    64    13     905    (-,-) 
  u_pe_u_tree_g_l1[4].u_add_sub_77_53_Y_u_pe_u_tree_g_l1[4].u_add_add_76_53_g2333/Y -       A->Y    R     INVx1_ASAP7_75t_SL            1  0.6    20    12     916    (-,-) 
  u_pe_u_tree_g_l1[4].u_add_sub_77_53_Y_u_pe_u_tree_g_l1[4].u_add_add_76_53_g2331/Y -       A2->Y   F     OAI22xp5_ASAP7_75t_SL         3  1.7    54    14     931    (-,-) 
  u_pe_u_tree_g_l1[4].u_add_sub_77_53_Y_u_pe_u_tree_g_l1[4].u_add_add_76_53_g2330/Y -       A->Y    R     INVx1_ASAP7_75t_SL            2  1.1    21    13     944    (-,-) 
  u_pe_u_tree_g_l1[4].u_add_sub_77_53_Y_u_pe_u_tree_g_l1[4].u_add_add_76_53_g2329/Y -       A2->Y   F     AOI22xp5_ASAP7_75t_SL         2  1.1    33    12     957    (-,-) 
  u_pe_u_tree_g_l1[4].u_add_sub_77_53_Y_u_pe_u_tree_g_l1[4].u_add_add_76_53_g2328/Y -       A->Y    R     INVxp67_ASAP7_75t_SL          1  0.6    15    10     967    (-,-) 
  u_pe_u_tree_g_l1[4].u_add_sub_77_53_Y_u_pe_u_tree_g_l1[4].u_add_add_76_53_g2326/Y -       A2->Y   F     OAI22xp5_ASAP7_75t_SL         1  0.7    77     9     976    (-,-) 
  g896421/Y                                                                         -       A->Y    R     INVx1_ASAP7_75t_SL            3  1.8    31    20     996    (-,-) 
  g896403/Y                                                                         -       B->Y    F     NAND2xp5_ASAP7_75t_SL         2  1.0    22    10    1006    (-,-) 
  g896396/Y                                                                         -       B->Y    R     NOR2xp33_ASAP7_75t_SL         2  1.1    48    16    1022    (-,-) 
  g896393/Y                                                                         -       A->Y    F     NAND3xp33_ASAP7_75t_SL        3  1.5    74    19    1042    (-,-) 
  g896353/Y                                                                         -       B->Y    R     A2O1A1Ixp33_ASAP7_75t_SL      2  1.0    38    24    1066    (-,-) 
  g896343/Y                                                                         -       C->Y    F     O2A1O1Ixp33_ASAP7_75t_SL     14  7.9    86    42    1108    (-,-) 
  g896340/Y                                                                         -       A->Y    R     INVx1_ASAP7_75t_SL           11  6.4    62    40    1147    (-,-) 
  g896323/Y                                                                         -       B1->Y   F     AOI22xp5_ASAP7_75t_L          2 12.5   151    72    1219    (-,-) 
  g896299/Y                                                                         -       B2->Y   R     OAI22xp5_ASAP7_75t_SL         2 12.5   189   109    1328    (-,-) 
  g896276/Y                                                                         -       A2->Y   F     OAI22xp5_ASAP7_75t_SL         2 12.4   157    87    1415    (-,-) 
  g896263/Y                                                                         -       A1->Y   R     OAI31xp33_ASAP7_75t_SL        1  0.6    58    32    1448    (-,-) 
  retime_s4_51_reg/D                                                                <<<     -       R     DFFHQNx1_ASAP7_75t_SL         1    -     -     0    1448    (-,-) 
#---------------------------------------------------------------------------------------------------------------------------------------------------------------------------


