============================================================
  Generated by:           Genus(TM) Synthesis Solution 25.10-p002_1
  Generated on:           Aug 27 2026  02:20:39 pm
  Module:                 mq_pe_16x2_d32
  Operating conditions:   PVT_0P7V_25C (balanced_tree)
  Wireload mode:          enclosed
  Area mode:              timing library
============================================================

Timing
--------

Analysis view Clock Period 
---------------------------
TT.setup_view clk   1500.0 


   Analysis     Cost   Critical        Violating 
     View      Group  Path Slack  TNS    Paths   
-------------------------------------------------
TT.setup_view     clk        0.0  0.0          0 
              default   No paths  0.0          0 
-------------------------------------------------
Total                            -0.0          0 
                                                 

Instance Count
--------------
Leaf Instance Count             99670 
Physical Instance count             0 
Sequential Instance Count       28561 
Combinational Instance Count    71109 
Hierarchical Instance Count         0 

Area
----
Cell Area                          13531.858
Physical Cell Area                 0.000
Total Cell Area (Cell+Physical)    13531.858
Net Area                           0.000
Total Area (Cell+Physical+Net)     13531.858

Max Fanout                         28561 (clk)
Min Fanout                         0 (n_4213)
Average Fanout                     2.7
Terms to net ratio                 3.7446
Terms to instance ratio            3.7718
Runtime                            2237.7263170000256 seconds
Elapsed Runtime                    2344 seconds
Genus peak memory usage            3489.32 
Innovus peak memory usage          no_value 
Hostname                           squire.ece.uw.edu
