 
****************************************
Report : timing
        -path full
        -delay max
        -max_paths 20
Design : softmax_pe
Version: P-2019.03-SP5-6
Date   : Mon Aug 31 00:32:17 2026
****************************************

 # A fanout number of 1000 was used for high fanout net computations.

Operating Conditions: PVT_0P7V_25C   Library: asap7sc7p5t_AO_RVT_TT_nldm_211120
Wire Load Model Mode: top

  Startpoint: norm_exp\[27\]
              (input port clocked by clk)
  Endpoint: u_mul/r03_reg\[11\]
            (rising edge-triggered flip-flop clocked by clk)
  Path Group: clk
  Path Type: max

  Point                                                   Incr       Path
  --------------------------------------------------------------------------
  clock clk (rise edge)                                   0.00       0.00
  clock network delay (ideal)                             0.00       0.00
  input external delay                                    0.00       0.00 f
  norm_exp\[27\] (in)                                     5.81       5.81 f
  u_mul/a\[27\] (fp32_mul)                                0.00       5.81 f
  u_mul/U1437/Y (NOR4xp25_ASAP7_75t_R)                   25.70      31.50 r
  u_mul/U1436/Y (NAND5xp2_ASAP7_75t_R)                   28.65      60.15 f
  u_mul/U533/Y (BUFx5_ASAP7_75t_R)                       42.02     102.17 f
  u_mul/U1435/Y (AND2x2_ASAP7_75t_R)                     24.28     126.45 f
  u_mul/U408/Y (HB1xp67_ASAP7_75t_R)                     28.83     155.28 f
  u_mul/mult_16_S4/A\[0\] (fp32_mul_DW02_mult_3)          0.00     155.28 f
  u_mul/mult_16_S4/U91/Y (INVx1_ASAP7_75t_R)             20.65     175.93 r
  u_mul/mult_16_S4/U127/Y (NOR2xp33_ASAP7_75t_R)         25.84     201.77 f
  u_mul/mult_16_S4/U12/Y (AND2x2_ASAP7_75t_R)            31.33     233.10 f
  u_mul/mult_16_S4/S3_2_4/CON (FAx1_ASAP7_75t_R)         21.98     255.09 r
  u_mul/mult_16_S4/S3_2_4/SN (FAx1_ASAP7_75t_R)          17.30     272.39 f
  u_mul/mult_16_S4/U65/Y (INVx1_ASAP7_75t_R)             18.33     290.71 r
  u_mul/mult_16_S4/S2_3_3/SN (FAx1_ASAP7_75t_R)          39.36     330.08 f
  u_mul/mult_16_S4/U64/Y (INVx1_ASAP7_75t_R)             18.33     348.40 r
  u_mul/mult_16_S4/S2_4_2/SN (FAx1_ASAP7_75t_R)          39.36     387.77 f
  u_mul/mult_16_S4/U63/Y (INVx1_ASAP7_75t_R)             18.25     406.01 r
  u_mul/mult_16_S4/S4_1/SN (FAx1_ASAP7_75t_R)            39.34     445.35 f
  u_mul/mult_16_S4/U62/Y (INVx1_ASAP7_75t_R)             18.39     463.74 r
  u_mul/mult_16_S4/U4/Y (AND2x2_ASAP7_75t_R)             22.89     486.63 r
  u_mul/mult_16_S4/U25/Y (NAND2xp33_ASAP7_75t_R)         15.93     502.56 f
  u_mul/mult_16_S4/U42/Y (INVx1_ASAP7_75t_R)             16.81     519.36 r
  u_mul/mult_16_S4/U33/Y (AOI21xp33_ASAP7_75t_R)         20.76     540.12 f
  u_mul/mult_16_S4/U35/Y (OAI21xp33_ASAP7_75t_R)         31.71     571.83 r
  u_mul/mult_16_S4/U40/Y (AOI21xp33_ASAP7_75t_R)         26.18     598.02 f
  u_mul/mult_16_S4/U41/Y (XNOR2xp5_ASAP7_75t_R)          27.16     625.17 f
  u_mul/mult_16_S4/PRODUCT\[11\] (fp32_mul_DW02_mult_3)     0.00   625.17 f
  u_mul/U772/Y (INVx1_ASAP7_75t_R)                        9.96     635.14 r
  u_mul/r03_reg\[11\]/D (DFFASRHQNx1_ASAP7_75t_R)         0.00     635.14 r
  data arrival time                                                635.14

  clock clk (rise edge)                                 699.00     699.00
  clock network delay (ideal)                             0.00     699.00
  clock uncertainty                                     -50.00     649.00
  u_mul/r03_reg\[11\]/CLK (DFFASRHQNx1_ASAP7_75t_R)       0.00     649.00 r
  library setup time                                    -13.58     635.42
  data required time                                               635.42
  --------------------------------------------------------------------------
  data required time                                               635.42
  data arrival time                                               -635.14
  --------------------------------------------------------------------------
  slack (MET)                                                        0.28


  Startpoint: u_add/sum_raw_s1_reg\[16\]
              (rising edge-triggered flip-flop clocked by clk)
  Endpoint: u_add/y_reg\[22\]
            (rising edge-triggered flip-flop clocked by clk)
  Path Group: clk
  Path Type: max

  Point                                                   Incr       Path
  --------------------------------------------------------------------------
  clock clk (rise edge)                                   0.00       0.00
  clock network delay (ideal)                             0.00       0.00
  u_add/sum_raw_s1_reg\[16\]/CLK (DFFASRHQNx1_ASAP7_75t_R)     0.00 #     0.00 r
  u_add/sum_raw_s1_reg\[16\]/QN (DFFASRHQNx1_ASAP7_75t_R)    56.65    56.65 f
  u_add/U308/Y (BUFx3_ASAP7_75t_R)                       26.31      82.96 f
  u_add/U632/Y (OR2x2_ASAP7_75t_R)                       24.95     107.91 f
  u_add/U633/Y (OR3x1_ASAP7_75t_R)                       30.51     138.42 f
  u_add/U634/Y (INVx1_ASAP7_75t_R)                       12.48     150.90 r
  u_add/U666/Y (NAND2xp5_ASAP7_75t_R)                    10.76     161.66 f
  u_add/U187/Y (INVx1_ASAP7_75t_R)                       16.04     177.70 r
  u_add/U292/Y (NAND3x1_ASAP7_75t_R)                     12.87     190.57 f
  u_add/U701/Y (OAI221xp5_ASAP7_75t_R)                   19.59     210.16 r
  u_add/U133/Y (INVx2_ASAP7_75t_R)                       14.49     224.65 f
  u_add/U154/Y (NAND3x1_ASAP7_75t_R)                     23.76     248.41 r
  u_add/sll_144/SH\[0\] (fp32_add_DW01_ash_0)             0.00     248.41 r
  u_add/sll_144/U14/Y (INVx2_ASAP7_75t_R)                13.18     261.59 f
  u_add/sll_144/U30/Y (NAND2x1_ASAP7_75t_R)              23.76     285.35 r
  u_add/sll_144/U7/Y (INVx4_ASAP7_75t_R)                 21.78     307.13 f
  u_add/sll_144/U15/Y (AOI22xp5_ASAP7_75t_R)             18.55     325.68 r
  u_add/sll_144/U146/Y (OAI221xp5_ASAP7_75t_R)           31.92     357.60 f
  u_add/sll_144/U95/Y (AOI222xp33_ASAP7_75t_R)           35.15     392.75 r
  u_add/sll_144/U4/Y (NOR2xp33_ASAP7_75t_R)              28.53     421.29 f
  u_add/sll_144/B\[8\] (fp32_add_DW01_ash_0)              0.00     421.29 f
  u_add/U755/Y (NAND2xp5_ASAP7_75t_R)                    17.62     438.91 r
  u_add/U756/Y (OAI21xp5_ASAP7_75t_R)                    14.81     453.72 f
  u_add/add_166/A\[5\] (fp32_add_DW01_add_6)              0.00     453.72 f
  u_add/add_166/U30/Y (AND2x2_ASAP7_75t_R)               34.74     488.45 f
  u_add/add_166/U23/Y (NAND2x1p5_ASAP7_75t_R)            12.84     501.29 r
  u_add/add_166/U14/Y (NOR2x1_ASAP7_75t_R)               15.09     516.38 f
  u_add/add_166/U4/Y (NAND2x1p5_ASAP7_75t_R)             16.44     532.82 r
  u_add/add_166/U12/Y (NOR2xp33_ASAP7_75t_R)             20.57     553.38 f
  u_add/add_166/U49/Y (NAND3xp33_ASAP7_75t_R)            19.53     572.91 r
  u_add/add_166/U76/Y (XOR2xp5_ASAP7_75t_R)              27.91     600.82 r
  u_add/add_166/SUM\[22\] (fp32_add_DW01_add_6)           0.00     600.82 r
  u_add/U851/Y (AND4x1_ASAP7_75t_R)                      30.05     630.88 r
  u_add/U287/Y (NOR2xp33_ASAP7_75t_R)                    14.29     645.17 f
  u_add/y_reg\[22\]/D (DFFASRHQNx1_ASAP7_75t_R)           0.00     645.17 f
  data arrival time                                                645.17

  clock clk (rise edge)                                 699.00     699.00
  clock network delay (ideal)                             0.00     699.00
  clock uncertainty                                     -50.00     649.00
  u_add/y_reg\[22\]/CLK (DFFASRHQNx1_ASAP7_75t_R)         0.00     649.00 r
  library setup time                                     -3.52     645.48
  data required time                                               645.48
  --------------------------------------------------------------------------
  data required time                                               645.48
  data arrival time                                               -645.17
  --------------------------------------------------------------------------
  slack (MET)                                                        0.31


  Startpoint: u_exp/s4_delta_reg\[6\]
              (rising edge-triggered flip-flop clocked by clk)
  Endpoint: u_exp/s5_interp_lo_lo_hi_reg\[14\]
            (rising edge-triggered flip-flop clocked by clk)
  Path Group: clk
  Path Type: max

  Point                                                   Incr       Path
  --------------------------------------------------------------------------
  clock clk (rise edge)                                   0.00       0.00
  clock network delay (ideal)                             0.00       0.00
  u_exp/s4_delta_reg\[6\]/CLK (DFFASRHQNx1_ASAP7_75t_R)     0.00 #     0.00 r
  u_exp/s4_delta_reg\[6\]/QN (DFFASRHQNx1_ASAP7_75t_R)    73.26     73.26 r
  u_exp/mult_343/A\[0\] (fp32_exp_DW02_mult_5)            0.00      73.26 r
  u_exp/mult_343/U10/Y (INVx1_ASAP7_75t_R)               26.54      99.80 f
  u_exp/mult_343/U4/Y (NOR2xp33_ASAP7_75t_R)             31.36     131.15 r
  u_exp/mult_343/U26/Y (XOR2xp5_ASAP7_75t_R)             36.44     167.59 r
  u_exp/mult_343/S2_2_5/SN (FAx1_ASAP7_75t_R)            44.77     212.36 f
  u_exp/mult_343/U79/Y (INVx1_ASAP7_75t_R)               18.30     230.66 r
  u_exp/mult_343/S2_3_4/SN (FAx1_ASAP7_75t_R)            39.35     270.01 f
  u_exp/mult_343/U78/Y (INVx1_ASAP7_75t_R)               18.30     288.31 r
  u_exp/mult_343/S2_4_3/SN (FAx1_ASAP7_75t_R)            39.35     327.67 f
  u_exp/mult_343/U77/Y (INVx1_ASAP7_75t_R)               18.30     345.97 r
  u_exp/mult_343/S4_2/SN (FAx1_ASAP7_75t_R)              39.35     385.32 f
  u_exp/mult_343/U76/Y (INVx1_ASAP7_75t_R)               18.33     403.66 r
  u_exp/mult_343/U14/Y (XOR2xp5_ASAP7_75t_R)             27.54     431.20 r
  u_exp/mult_343/FS_1/A\[5\] (fp32_exp_DW01_add_19)       0.00     431.20 r
  u_exp/mult_343/FS_1/U40/Y (NAND2xp33_ASAP7_75t_R)      21.12     452.32 f
  u_exp/mult_343/FS_1/U16/Y (INVx1_ASAP7_75t_R)          19.60     471.92 r
  u_exp/mult_343/FS_1/U9/Y (AOI21x1_ASAP7_75t_R)         14.10     486.02 f
  u_exp/mult_343/FS_1/U5/Y (OAI21xp5_ASAP7_75t_R)        22.30     508.32 r
  u_exp/mult_343/FS_1/U4/Y (AOI21xp5_ASAP7_75t_R)        23.13     531.45 f
  u_exp/mult_343/FS_1/U2/Y (OAI21xp5_ASAP7_75t_R)        24.41     555.86 r
  u_exp/mult_343/FS_1/U3/Y (AOI21xp5_ASAP7_75t_R)        20.64     576.50 f
  u_exp/mult_343/FS_1/U25/Y (OA21x2_ASAP7_75t_R)         27.93     604.43 f
  u_exp/mult_343/FS_1/U17/Y (XNOR2xp5_ASAP7_75t_R)       21.15     625.58 f
  u_exp/mult_343/FS_1/SUM\[12\] (fp32_exp_DW01_add_19)     0.00    625.58 f
  u_exp/mult_343/PRODUCT\[14\] (fp32_exp_DW02_mult_5)     0.00     625.58 f
  u_exp/U2109/Y (INVx1_ASAP7_75t_R)                       9.59     635.17 r
  u_exp/s5_interp_lo_lo_hi_reg\[14\]/D (DFFASRHQNx1_ASAP7_75t_R)     0.00   635.17 r
  data arrival time                                                635.17

  clock clk (rise edge)                                 699.00     699.00
  clock network delay (ideal)                             0.00     699.00
  clock uncertainty                                     -50.00     649.00
  u_exp/s5_interp_lo_lo_hi_reg\[14\]/CLK (DFFASRHQNx1_ASAP7_75t_R)     0.00   649.00 r
  library setup time                                    -13.51     635.49
  data required time                                               635.49
  --------------------------------------------------------------------------
  data required time                                               635.49
  data arrival time                                               -635.17
  --------------------------------------------------------------------------
  slack (MET)                                                        0.32


  Startpoint: u_add/sum_raw_s1_reg\[16\]
              (rising edge-triggered flip-flop clocked by clk)
  Endpoint: u_add/y_reg\[30\]
            (rising edge-triggered flip-flop clocked by clk)
  Path Group: clk
  Path Type: max

  Point                                                   Incr       Path
  --------------------------------------------------------------------------
  clock clk (rise edge)                                   0.00       0.00
  clock network delay (ideal)                             0.00       0.00
  u_add/sum_raw_s1_reg\[16\]/CLK (DFFASRHQNx1_ASAP7_75t_R)     0.00 #     0.00 r
  u_add/sum_raw_s1_reg\[16\]/QN (DFFASRHQNx1_ASAP7_75t_R)    56.65    56.65 f
  u_add/U308/Y (BUFx3_ASAP7_75t_R)                       26.31      82.96 f
  u_add/U632/Y (OR2x2_ASAP7_75t_R)                       24.95     107.91 f
  u_add/U633/Y (OR3x1_ASAP7_75t_R)                       30.51     138.42 f
  u_add/U634/Y (INVx1_ASAP7_75t_R)                       12.48     150.90 r
  u_add/U666/Y (NAND2xp5_ASAP7_75t_R)                    10.76     161.66 f
  u_add/U187/Y (INVx1_ASAP7_75t_R)                       16.04     177.70 r
  u_add/U292/Y (NAND3x1_ASAP7_75t_R)                     12.87     190.57 f
  u_add/U701/Y (OAI221xp5_ASAP7_75t_R)                   19.59     210.16 r
  u_add/U133/Y (INVx2_ASAP7_75t_R)                       14.49     224.65 f
  u_add/U154/Y (NAND3x1_ASAP7_75t_R)                     23.76     248.41 r
  u_add/sll_144/SH\[0\] (fp32_add_DW01_ash_0)             0.00     248.41 r
  u_add/sll_144/U14/Y (INVx2_ASAP7_75t_R)                13.18     261.59 f
  u_add/sll_144/U30/Y (NAND2x1_ASAP7_75t_R)              23.76     285.35 r
  u_add/sll_144/U7/Y (INVx4_ASAP7_75t_R)                 21.78     307.13 f
  u_add/sll_144/U15/Y (AOI22xp5_ASAP7_75t_R)             18.55     325.68 r
  u_add/sll_144/U146/Y (OAI221xp5_ASAP7_75t_R)           31.92     357.60 f
  u_add/sll_144/U36/Y (AOI22x1_ASAP7_75t_R)              27.45     385.05 r
  u_add/sll_144/U44/Y (INVx1_ASAP7_75t_R)                11.03     396.08 f
  u_add/sll_144/U110/Y (AOI322xp5_ASAP7_75t_R)           22.34     418.42 r
  u_add/sll_144/U109/Y (OAI221xp5_ASAP7_75t_R)           25.66     444.08 f
  u_add/sll_144/B\[20\] (fp32_add_DW01_ash_0)             0.00     444.08 f
  u_add/U718/Y (NAND2xp5_ASAP7_75t_R)                    18.03     462.11 r
  u_add/U719/Y (OAI21xp5_ASAP7_75t_R)                    14.72     476.84 f
  u_add/add_166/A\[17\] (fp32_add_DW01_add_6)             0.00     476.84 f
  u_add/add_166/U34/Y (AND3x1_ASAP7_75t_R)               26.12     502.95 f
  u_add/add_166/U13/Y (NAND2xp5_ASAP7_75t_R)             13.19     516.14 r
  u_add/add_166/U63/Y (OR2x2_ASAP7_75t_R)                25.27     541.41 r
  u_add/add_166/U37/Y (NOR2x1_ASAP7_75t_R)               10.65     552.06 f
  u_add/add_166/SUM\[23\] (fp32_add_DW01_add_6)           0.00     552.06 f
  u_add/U361/Y (BUFx6f_ASAP7_75t_R)                      24.74     576.81 f
  u_add/U160/Y (INVx8_ASAP7_75t_R)                       11.54     588.35 r
  u_add/U315/Y (OAI321xp33_ASAP7_75t_R)                  22.76     611.11 f
  u_add/U142/Y (OAI21xp33_ASAP7_75t_R)                   19.55     630.66 r
  u_add/y_reg\[30\]/D (DFFASRHQNx1_ASAP7_75t_R)           0.00     630.66 r
  data arrival time                                                630.66

  clock clk (rise edge)                                 699.00     699.00
  clock network delay (ideal)                             0.00     699.00
  clock uncertainty                                     -50.00     649.00
  u_add/y_reg\[30\]/CLK (DFFASRHQNx1_ASAP7_75t_R)         0.00     649.00 r
  library setup time                                    -17.93     631.07
  data required time                                               631.07
  --------------------------------------------------------------------------
  data required time                                               631.07
  data arrival time                                               -630.66
  --------------------------------------------------------------------------
  slack (MET)                                                        0.41


  Startpoint: u_add/sum_raw_s1_reg\[16\]
              (rising edge-triggered flip-flop clocked by clk)
  Endpoint: u_add/y_reg\[29\]
            (rising edge-triggered flip-flop clocked by clk)
  Path Group: clk
  Path Type: max

  Point                                                   Incr       Path
  --------------------------------------------------------------------------
  clock clk (rise edge)                                   0.00       0.00
  clock network delay (ideal)                             0.00       0.00
  u_add/sum_raw_s1_reg\[16\]/CLK (DFFASRHQNx1_ASAP7_75t_R)     0.00 #     0.00 r
  u_add/sum_raw_s1_reg\[16\]/QN (DFFASRHQNx1_ASAP7_75t_R)    56.65    56.65 f
  u_add/U308/Y (BUFx3_ASAP7_75t_R)                       26.31      82.96 f
  u_add/U632/Y (OR2x2_ASAP7_75t_R)                       24.95     107.91 f
  u_add/U633/Y (OR3x1_ASAP7_75t_R)                       30.51     138.42 f
  u_add/U634/Y (INVx1_ASAP7_75t_R)                       12.48     150.90 r
  u_add/U666/Y (NAND2xp5_ASAP7_75t_R)                    10.76     161.66 f
  u_add/U187/Y (INVx1_ASAP7_75t_R)                       16.04     177.70 r
  u_add/U292/Y (NAND3x1_ASAP7_75t_R)                     12.87     190.57 f
  u_add/U701/Y (OAI221xp5_ASAP7_75t_R)                   19.59     210.16 r
  u_add/U133/Y (INVx2_ASAP7_75t_R)                       14.49     224.65 f
  u_add/U154/Y (NAND3x1_ASAP7_75t_R)                     23.76     248.41 r
  u_add/sll_144/SH\[0\] (fp32_add_DW01_ash_0)             0.00     248.41 r
  u_add/sll_144/U14/Y (INVx2_ASAP7_75t_R)                13.18     261.59 f
  u_add/sll_144/U30/Y (NAND2x1_ASAP7_75t_R)              23.76     285.35 r
  u_add/sll_144/U7/Y (INVx4_ASAP7_75t_R)                 21.78     307.13 f
  u_add/sll_144/U15/Y (AOI22xp5_ASAP7_75t_R)             18.55     325.68 r
  u_add/sll_144/U146/Y (OAI221xp5_ASAP7_75t_R)           31.92     357.60 f
  u_add/sll_144/U36/Y (AOI22x1_ASAP7_75t_R)              27.45     385.05 r
  u_add/sll_144/U44/Y (INVx1_ASAP7_75t_R)                11.03     396.08 f
  u_add/sll_144/U110/Y (AOI322xp5_ASAP7_75t_R)           22.34     418.42 r
  u_add/sll_144/U109/Y (OAI221xp5_ASAP7_75t_R)           25.66     444.08 f
  u_add/sll_144/B\[20\] (fp32_add_DW01_ash_0)             0.00     444.08 f
  u_add/U718/Y (NAND2xp5_ASAP7_75t_R)                    18.03     462.11 r
  u_add/U719/Y (OAI21xp5_ASAP7_75t_R)                    14.72     476.84 f
  u_add/add_166/A\[17\] (fp32_add_DW01_add_6)             0.00     476.84 f
  u_add/add_166/U34/Y (AND3x1_ASAP7_75t_R)               26.12     502.95 f
  u_add/add_166/U13/Y (NAND2xp5_ASAP7_75t_R)             13.19     516.14 r
  u_add/add_166/U63/Y (OR2x2_ASAP7_75t_R)                25.27     541.41 r
  u_add/add_166/U37/Y (NOR2x1_ASAP7_75t_R)               10.65     552.06 f
  u_add/add_166/SUM\[23\] (fp32_add_DW01_add_6)           0.00     552.06 f
  u_add/U361/Y (BUFx6f_ASAP7_75t_R)                      24.74     576.81 f
  u_add/U160/Y (INVx8_ASAP7_75t_R)                       11.54     588.35 r
  u_add/U862/Y (OAI321xp33_ASAP7_75t_R)                  22.76     611.11 f
  u_add/U137/Y (OAI21xp33_ASAP7_75t_R)                   19.55     630.66 r
  u_add/y_reg\[29\]/D (DFFASRHQNx1_ASAP7_75t_R)           0.00     630.66 r
  data arrival time                                                630.66

  clock clk (rise edge)                                 699.00     699.00
  clock network delay (ideal)                             0.00     699.00
  clock uncertainty                                     -50.00     649.00
  u_add/y_reg\[29\]/CLK (DFFASRHQNx1_ASAP7_75t_R)         0.00     649.00 r
  library setup time                                    -17.93     631.07
  data required time                                               631.07
  --------------------------------------------------------------------------
  data required time                                               631.07
  data arrival time                                               -630.66
  --------------------------------------------------------------------------
  slack (MET)                                                        0.41


  Startpoint: u_add/sum_raw_s1_reg\[16\]
              (rising edge-triggered flip-flop clocked by clk)
  Endpoint: u_add/y_reg\[27\]
            (rising edge-triggered flip-flop clocked by clk)
  Path Group: clk
  Path Type: max

  Point                                                   Incr       Path
  --------------------------------------------------------------------------
  clock clk (rise edge)                                   0.00       0.00
  clock network delay (ideal)                             0.00       0.00
  u_add/sum_raw_s1_reg\[16\]/CLK (DFFASRHQNx1_ASAP7_75t_R)     0.00 #     0.00 r
  u_add/sum_raw_s1_reg\[16\]/QN (DFFASRHQNx1_ASAP7_75t_R)    56.65    56.65 f
  u_add/U308/Y (BUFx3_ASAP7_75t_R)                       26.31      82.96 f
  u_add/U632/Y (OR2x2_ASAP7_75t_R)                       24.95     107.91 f
  u_add/U633/Y (OR3x1_ASAP7_75t_R)                       30.51     138.42 f
  u_add/U634/Y (INVx1_ASAP7_75t_R)                       12.48     150.90 r
  u_add/U666/Y (NAND2xp5_ASAP7_75t_R)                    10.76     161.66 f
  u_add/U187/Y (INVx1_ASAP7_75t_R)                       16.04     177.70 r
  u_add/U292/Y (NAND3x1_ASAP7_75t_R)                     12.87     190.57 f
  u_add/U701/Y (OAI221xp5_ASAP7_75t_R)                   19.59     210.16 r
  u_add/U133/Y (INVx2_ASAP7_75t_R)                       14.49     224.65 f
  u_add/U154/Y (NAND3x1_ASAP7_75t_R)                     23.76     248.41 r
  u_add/sll_144/SH\[0\] (fp32_add_DW01_ash_0)             0.00     248.41 r
  u_add/sll_144/U14/Y (INVx2_ASAP7_75t_R)                13.18     261.59 f
  u_add/sll_144/U30/Y (NAND2x1_ASAP7_75t_R)              23.76     285.35 r
  u_add/sll_144/U7/Y (INVx4_ASAP7_75t_R)                 21.78     307.13 f
  u_add/sll_144/U15/Y (AOI22xp5_ASAP7_75t_R)             18.55     325.68 r
  u_add/sll_144/U146/Y (OAI221xp5_ASAP7_75t_R)           31.92     357.60 f
  u_add/sll_144/U36/Y (AOI22x1_ASAP7_75t_R)              27.45     385.05 r
  u_add/sll_144/U44/Y (INVx1_ASAP7_75t_R)                11.03     396.08 f
  u_add/sll_144/U110/Y (AOI322xp5_ASAP7_75t_R)           22.34     418.42 r
  u_add/sll_144/U109/Y (OAI221xp5_ASAP7_75t_R)           25.66     444.08 f
  u_add/sll_144/B\[20\] (fp32_add_DW01_ash_0)             0.00     444.08 f
  u_add/U718/Y (NAND2xp5_ASAP7_75t_R)                    18.03     462.11 r
  u_add/U719/Y (OAI21xp5_ASAP7_75t_R)                    14.72     476.84 f
  u_add/add_166/A\[17\] (fp32_add_DW01_add_6)             0.00     476.84 f
  u_add/add_166/U34/Y (AND3x1_ASAP7_75t_R)               26.12     502.95 f
  u_add/add_166/U13/Y (NAND2xp5_ASAP7_75t_R)             13.19     516.14 r
  u_add/add_166/U63/Y (OR2x2_ASAP7_75t_R)                25.27     541.41 r
  u_add/add_166/U37/Y (NOR2x1_ASAP7_75t_R)               10.65     552.06 f
  u_add/add_166/SUM\[23\] (fp32_add_DW01_add_6)           0.00     552.06 f
  u_add/U361/Y (BUFx6f_ASAP7_75t_R)                      24.74     576.81 f
  u_add/U160/Y (INVx8_ASAP7_75t_R)                       11.54     588.35 r
  u_add/U315/Y (OAI321xp33_ASAP7_75t_R)                  22.76     611.11 f
  u_add/U141/Y (OAI21xp33_ASAP7_75t_R)                   19.55     630.66 r
  u_add/y_reg\[27\]/D (DFFASRHQNx1_ASAP7_75t_R)           0.00     630.66 r
  data arrival time                                                630.66

  clock clk (rise edge)                                 699.00     699.00
  clock network delay (ideal)                             0.00     699.00
  clock uncertainty                                     -50.00     649.00
  u_add/y_reg\[27\]/CLK (DFFASRHQNx1_ASAP7_75t_R)         0.00     649.00 r
  library setup time                                    -17.93     631.07
  data required time                                               631.07
  --------------------------------------------------------------------------
  data required time                                               631.07
  data arrival time                                               -630.66
  --------------------------------------------------------------------------
  slack (MET)                                                        0.41


  Startpoint: u_add/sum_raw_s1_reg\[16\]
              (rising edge-triggered flip-flop clocked by clk)
  Endpoint: u_add/y_reg\[26\]
            (rising edge-triggered flip-flop clocked by clk)
  Path Group: clk
  Path Type: max

  Point                                                   Incr       Path
  --------------------------------------------------------------------------
  clock clk (rise edge)                                   0.00       0.00
  clock network delay (ideal)                             0.00       0.00
  u_add/sum_raw_s1_reg\[16\]/CLK (DFFASRHQNx1_ASAP7_75t_R)     0.00 #     0.00 r
  u_add/sum_raw_s1_reg\[16\]/QN (DFFASRHQNx1_ASAP7_75t_R)    56.65    56.65 f
  u_add/U308/Y (BUFx3_ASAP7_75t_R)                       26.31      82.96 f
  u_add/U632/Y (OR2x2_ASAP7_75t_R)                       24.95     107.91 f
  u_add/U633/Y (OR3x1_ASAP7_75t_R)                       30.51     138.42 f
  u_add/U634/Y (INVx1_ASAP7_75t_R)                       12.48     150.90 r
  u_add/U666/Y (NAND2xp5_ASAP7_75t_R)                    10.76     161.66 f
  u_add/U187/Y (INVx1_ASAP7_75t_R)                       16.04     177.70 r
  u_add/U292/Y (NAND3x1_ASAP7_75t_R)                     12.87     190.57 f
  u_add/U701/Y (OAI221xp5_ASAP7_75t_R)                   19.59     210.16 r
  u_add/U133/Y (INVx2_ASAP7_75t_R)                       14.49     224.65 f
  u_add/U154/Y (NAND3x1_ASAP7_75t_R)                     23.76     248.41 r
  u_add/sll_144/SH\[0\] (fp32_add_DW01_ash_0)             0.00     248.41 r
  u_add/sll_144/U14/Y (INVx2_ASAP7_75t_R)                13.18     261.59 f
  u_add/sll_144/U30/Y (NAND2x1_ASAP7_75t_R)              23.76     285.35 r
  u_add/sll_144/U7/Y (INVx4_ASAP7_75t_R)                 21.78     307.13 f
  u_add/sll_144/U15/Y (AOI22xp5_ASAP7_75t_R)             18.55     325.68 r
  u_add/sll_144/U146/Y (OAI221xp5_ASAP7_75t_R)           31.92     357.60 f
  u_add/sll_144/U36/Y (AOI22x1_ASAP7_75t_R)              27.45     385.05 r
  u_add/sll_144/U44/Y (INVx1_ASAP7_75t_R)                11.03     396.08 f
  u_add/sll_144/U110/Y (AOI322xp5_ASAP7_75t_R)           22.34     418.42 r
  u_add/sll_144/U109/Y (OAI221xp5_ASAP7_75t_R)           25.66     444.08 f
  u_add/sll_144/B\[20\] (fp32_add_DW01_ash_0)             0.00     444.08 f
  u_add/U718/Y (NAND2xp5_ASAP7_75t_R)                    18.03     462.11 r
  u_add/U719/Y (OAI21xp5_ASAP7_75t_R)                    14.72     476.84 f
  u_add/add_166/A\[17\] (fp32_add_DW01_add_6)             0.00     476.84 f
  u_add/add_166/U34/Y (AND3x1_ASAP7_75t_R)               26.12     502.95 f
  u_add/add_166/U13/Y (NAND2xp5_ASAP7_75t_R)             13.19     516.14 r
  u_add/add_166/U63/Y (OR2x2_ASAP7_75t_R)                25.27     541.41 r
  u_add/add_166/U37/Y (NOR2x1_ASAP7_75t_R)               10.65     552.06 f
  u_add/add_166/SUM\[23\] (fp32_add_DW01_add_6)           0.00     552.06 f
  u_add/U361/Y (BUFx6f_ASAP7_75t_R)                      24.74     576.81 f
  u_add/U160/Y (INVx8_ASAP7_75t_R)                       11.54     588.35 r
  u_add/U862/Y (OAI321xp33_ASAP7_75t_R)                  22.76     611.11 f
  u_add/U138/Y (OAI21xp33_ASAP7_75t_R)                   19.55     630.66 r
  u_add/y_reg\[26\]/D (DFFASRHQNx1_ASAP7_75t_R)           0.00     630.66 r
  data arrival time                                                630.66

  clock clk (rise edge)                                 699.00     699.00
  clock network delay (ideal)                             0.00     699.00
  clock uncertainty                                     -50.00     649.00
  u_add/y_reg\[26\]/CLK (DFFASRHQNx1_ASAP7_75t_R)         0.00     649.00 r
  library setup time                                    -17.93     631.07
  data required time                                               631.07
  --------------------------------------------------------------------------
  data required time                                               631.07
  data arrival time                                               -630.66
  --------------------------------------------------------------------------
  slack (MET)                                                        0.41


  Startpoint: u_add/sum_raw_s1_reg\[16\]
              (rising edge-triggered flip-flop clocked by clk)
  Endpoint: u_add/y_reg\[24\]
            (rising edge-triggered flip-flop clocked by clk)
  Path Group: clk
  Path Type: max

  Point                                                   Incr       Path
  --------------------------------------------------------------------------
  clock clk (rise edge)                                   0.00       0.00
  clock network delay (ideal)                             0.00       0.00
  u_add/sum_raw_s1_reg\[16\]/CLK (DFFASRHQNx1_ASAP7_75t_R)     0.00 #     0.00 r
  u_add/sum_raw_s1_reg\[16\]/QN (DFFASRHQNx1_ASAP7_75t_R)    56.65    56.65 f
  u_add/U308/Y (BUFx3_ASAP7_75t_R)                       26.31      82.96 f
  u_add/U632/Y (OR2x2_ASAP7_75t_R)                       24.95     107.91 f
  u_add/U633/Y (OR3x1_ASAP7_75t_R)                       30.51     138.42 f
  u_add/U634/Y (INVx1_ASAP7_75t_R)                       12.48     150.90 r
  u_add/U666/Y (NAND2xp5_ASAP7_75t_R)                    10.76     161.66 f
  u_add/U187/Y (INVx1_ASAP7_75t_R)                       16.04     177.70 r
  u_add/U292/Y (NAND3x1_ASAP7_75t_R)                     12.87     190.57 f
  u_add/U701/Y (OAI221xp5_ASAP7_75t_R)                   19.59     210.16 r
  u_add/U133/Y (INVx2_ASAP7_75t_R)                       14.49     224.65 f
  u_add/U154/Y (NAND3x1_ASAP7_75t_R)                     23.76     248.41 r
  u_add/sll_144/SH\[0\] (fp32_add_DW01_ash_0)             0.00     248.41 r
  u_add/sll_144/U14/Y (INVx2_ASAP7_75t_R)                13.18     261.59 f
  u_add/sll_144/U30/Y (NAND2x1_ASAP7_75t_R)              23.76     285.35 r
  u_add/sll_144/U7/Y (INVx4_ASAP7_75t_R)                 21.78     307.13 f
  u_add/sll_144/U15/Y (AOI22xp5_ASAP7_75t_R)             18.55     325.68 r
  u_add/sll_144/U146/Y (OAI221xp5_ASAP7_75t_R)           31.92     357.60 f
  u_add/sll_144/U36/Y (AOI22x1_ASAP7_75t_R)              27.45     385.05 r
  u_add/sll_144/U44/Y (INVx1_ASAP7_75t_R)                11.03     396.08 f
  u_add/sll_144/U110/Y (AOI322xp5_ASAP7_75t_R)           22.34     418.42 r
  u_add/sll_144/U109/Y (OAI221xp5_ASAP7_75t_R)           25.66     444.08 f
  u_add/sll_144/B\[20\] (fp32_add_DW01_ash_0)             0.00     444.08 f
  u_add/U718/Y (NAND2xp5_ASAP7_75t_R)                    18.03     462.11 r
  u_add/U719/Y (OAI21xp5_ASAP7_75t_R)                    14.72     476.84 f
  u_add/add_166/A\[17\] (fp32_add_DW01_add_6)             0.00     476.84 f
  u_add/add_166/U34/Y (AND3x1_ASAP7_75t_R)               26.12     502.95 f
  u_add/add_166/U13/Y (NAND2xp5_ASAP7_75t_R)             13.19     516.14 r
  u_add/add_166/U63/Y (OR2x2_ASAP7_75t_R)                25.27     541.41 r
  u_add/add_166/U37/Y (NOR2x1_ASAP7_75t_R)               10.65     552.06 f
  u_add/add_166/SUM\[23\] (fp32_add_DW01_add_6)           0.00     552.06 f
  u_add/U361/Y (BUFx6f_ASAP7_75t_R)                      24.74     576.81 f
  u_add/U160/Y (INVx8_ASAP7_75t_R)                       11.54     588.35 r
  u_add/U315/Y (OAI321xp33_ASAP7_75t_R)                  22.76     611.11 f
  u_add/U140/Y (OAI21xp33_ASAP7_75t_R)                   19.55     630.66 r
  u_add/y_reg\[24\]/D (DFFASRHQNx1_ASAP7_75t_R)           0.00     630.66 r
  data arrival time                                                630.66

  clock clk (rise edge)                                 699.00     699.00
  clock network delay (ideal)                             0.00     699.00
  clock uncertainty                                     -50.00     649.00
  u_add/y_reg\[24\]/CLK (DFFASRHQNx1_ASAP7_75t_R)         0.00     649.00 r
  library setup time                                    -17.93     631.07
  data required time                                               631.07
  --------------------------------------------------------------------------
  data required time                                               631.07
  data arrival time                                               -630.66
  --------------------------------------------------------------------------
  slack (MET)                                                        0.41


  Startpoint: u_add/sum_raw_s1_reg\[16\]
              (rising edge-triggered flip-flop clocked by clk)
  Endpoint: u_add/y_reg\[23\]
            (rising edge-triggered flip-flop clocked by clk)
  Path Group: clk
  Path Type: max

  Point                                                   Incr       Path
  --------------------------------------------------------------------------
  clock clk (rise edge)                                   0.00       0.00
  clock network delay (ideal)                             0.00       0.00
  u_add/sum_raw_s1_reg\[16\]/CLK (DFFASRHQNx1_ASAP7_75t_R)     0.00 #     0.00 r
  u_add/sum_raw_s1_reg\[16\]/QN (DFFASRHQNx1_ASAP7_75t_R)    56.65    56.65 f
  u_add/U308/Y (BUFx3_ASAP7_75t_R)                       26.31      82.96 f
  u_add/U632/Y (OR2x2_ASAP7_75t_R)                       24.95     107.91 f
  u_add/U633/Y (OR3x1_ASAP7_75t_R)                       30.51     138.42 f
  u_add/U634/Y (INVx1_ASAP7_75t_R)                       12.48     150.90 r
  u_add/U666/Y (NAND2xp5_ASAP7_75t_R)                    10.76     161.66 f
  u_add/U187/Y (INVx1_ASAP7_75t_R)                       16.04     177.70 r
  u_add/U292/Y (NAND3x1_ASAP7_75t_R)                     12.87     190.57 f
  u_add/U701/Y (OAI221xp5_ASAP7_75t_R)                   19.59     210.16 r
  u_add/U133/Y (INVx2_ASAP7_75t_R)                       14.49     224.65 f
  u_add/U154/Y (NAND3x1_ASAP7_75t_R)                     23.76     248.41 r
  u_add/sll_144/SH\[0\] (fp32_add_DW01_ash_0)             0.00     248.41 r
  u_add/sll_144/U14/Y (INVx2_ASAP7_75t_R)                13.18     261.59 f
  u_add/sll_144/U30/Y (NAND2x1_ASAP7_75t_R)              23.76     285.35 r
  u_add/sll_144/U7/Y (INVx4_ASAP7_75t_R)                 21.78     307.13 f
  u_add/sll_144/U15/Y (AOI22xp5_ASAP7_75t_R)             18.55     325.68 r
  u_add/sll_144/U146/Y (OAI221xp5_ASAP7_75t_R)           31.92     357.60 f
  u_add/sll_144/U36/Y (AOI22x1_ASAP7_75t_R)              27.45     385.05 r
  u_add/sll_144/U44/Y (INVx1_ASAP7_75t_R)                11.03     396.08 f
  u_add/sll_144/U110/Y (AOI322xp5_ASAP7_75t_R)           22.34     418.42 r
  u_add/sll_144/U109/Y (OAI221xp5_ASAP7_75t_R)           25.66     444.08 f
  u_add/sll_144/B\[20\] (fp32_add_DW01_ash_0)             0.00     444.08 f
  u_add/U718/Y (NAND2xp5_ASAP7_75t_R)                    18.03     462.11 r
  u_add/U719/Y (OAI21xp5_ASAP7_75t_R)                    14.72     476.84 f
  u_add/add_166/A\[17\] (fp32_add_DW01_add_6)             0.00     476.84 f
  u_add/add_166/U34/Y (AND3x1_ASAP7_75t_R)               26.12     502.95 f
  u_add/add_166/U13/Y (NAND2xp5_ASAP7_75t_R)             13.19     516.14 r
  u_add/add_166/U63/Y (OR2x2_ASAP7_75t_R)                25.27     541.41 r
  u_add/add_166/U37/Y (NOR2x1_ASAP7_75t_R)               10.65     552.06 f
  u_add/add_166/SUM\[23\] (fp32_add_DW01_add_6)           0.00     552.06 f
  u_add/U361/Y (BUFx6f_ASAP7_75t_R)                      24.74     576.81 f
  u_add/U160/Y (INVx8_ASAP7_75t_R)                       11.54     588.35 r
  u_add/U862/Y (OAI321xp33_ASAP7_75t_R)                  22.76     611.11 f
  u_add/U139/Y (OAI21xp33_ASAP7_75t_R)                   19.55     630.66 r
  u_add/y_reg\[23\]/D (DFFASRHQNx1_ASAP7_75t_R)           0.00     630.66 r
  data arrival time                                                630.66

  clock clk (rise edge)                                 699.00     699.00
  clock network delay (ideal)                             0.00     699.00
  clock uncertainty                                     -50.00     649.00
  u_add/y_reg\[23\]/CLK (DFFASRHQNx1_ASAP7_75t_R)         0.00     649.00 r
  library setup time                                    -17.93     631.07
  data required time                                               631.07
  --------------------------------------------------------------------------
  data required time                                               631.07
  data arrival time                                               -630.66
  --------------------------------------------------------------------------
  slack (MET)                                                        0.41


  Startpoint: norm_exp\[27\]
              (input port clocked by clk)
  Endpoint: u_mul/r01_reg\[11\]
            (rising edge-triggered flip-flop clocked by clk)
  Path Group: clk
  Path Type: max

  Point                                                   Incr       Path
  --------------------------------------------------------------------------
  clock clk (rise edge)                                   0.00       0.00
  clock network delay (ideal)                             0.00       0.00
  input external delay                                    0.00       0.00 f
  norm_exp\[27\] (in)                                     5.81       5.81 f
  u_mul/a\[27\] (fp32_mul)                                0.00       5.81 f
  u_mul/U1437/Y (NOR4xp25_ASAP7_75t_R)                   25.70      31.50 r
  u_mul/U1436/Y (NAND5xp2_ASAP7_75t_R)                   28.65      60.15 f
  u_mul/U533/Y (BUFx5_ASAP7_75t_R)                       42.02     102.17 f
  u_mul/U1435/Y (AND2x2_ASAP7_75t_R)                     24.28     126.45 f
  u_mul/U408/Y (HB1xp67_ASAP7_75t_R)                     28.83     155.28 f
  u_mul/mult_16_S2/A\[0\] (fp32_mul_DW02_mult_1)          0.00     155.28 f
  u_mul/mult_16_S2/U90/Y (INVx1_ASAP7_75t_R)             20.65     175.93 r
  u_mul/mult_16_S2/U127/Y (NOR2xp33_ASAP7_75t_R)         25.84     201.77 f
  u_mul/mult_16_S2/U12/Y (AND2x2_ASAP7_75t_R)            31.17     232.94 f
  u_mul/mult_16_S2/S3_2_4/CON (FAx1_ASAP7_75t_R)         21.98     254.92 r
  u_mul/mult_16_S2/S3_2_4/SN (FAx1_ASAP7_75t_R)          17.28     272.19 f
  u_mul/mult_16_S2/U64/Y (INVx1_ASAP7_75t_R)             18.33     290.52 r
  u_mul/mult_16_S2/S2_3_3/SN (FAx1_ASAP7_75t_R)          39.36     329.88 f
  u_mul/mult_16_S2/U63/Y (INVx1_ASAP7_75t_R)             18.33     348.21 r
  u_mul/mult_16_S2/S2_4_2/SN (FAx1_ASAP7_75t_R)          39.36     387.57 f
  u_mul/mult_16_S2/U62/Y (INVx1_ASAP7_75t_R)             18.29     405.87 r
  u_mul/mult_16_S2/S4_1/SN (FAx1_ASAP7_75t_R)            39.35     445.22 f
  u_mul/mult_16_S2/U61/Y (INVx1_ASAP7_75t_R)             18.39     463.61 r
  u_mul/mult_16_S2/U2/Y (AND2x2_ASAP7_75t_R)             22.89     486.50 r
  u_mul/mult_16_S2/U24/Y (NAND2xp33_ASAP7_75t_R)         15.93     502.43 f
  u_mul/mult_16_S2/U41/Y (INVx1_ASAP7_75t_R)             16.81     519.23 r
  u_mul/mult_16_S2/U32/Y (AOI21xp33_ASAP7_75t_R)         20.76     539.99 f
  u_mul/mult_16_S2/U34/Y (OAI21xp33_ASAP7_75t_R)         31.71     571.70 r
  u_mul/mult_16_S2/U39/Y (AOI21xp33_ASAP7_75t_R)         26.18     597.89 f
  u_mul/mult_16_S2/U40/Y (XNOR2xp5_ASAP7_75t_R)          27.16     625.04 f
  u_mul/mult_16_S2/PRODUCT\[11\] (fp32_mul_DW02_mult_1)     0.00   625.04 f
  u_mul/U986/Y (INVx1_ASAP7_75t_R)                        9.96     635.01 r
  u_mul/r01_reg\[11\]/D (DFFASRHQNx1_ASAP7_75t_R)         0.00     635.01 r
  data arrival time                                                635.01

  clock clk (rise edge)                                 699.00     699.00
  clock network delay (ideal)                             0.00     699.00
  clock uncertainty                                     -50.00     649.00
  u_mul/r01_reg\[11\]/CLK (DFFASRHQNx1_ASAP7_75t_R)       0.00     649.00 r
  library setup time                                    -13.58     635.42
  data required time                                               635.42
  --------------------------------------------------------------------------
  data required time                                               635.42
  data arrival time                                               -635.01
  --------------------------------------------------------------------------
  slack (MET)                                                        0.42


  Startpoint: norm_exp\[27\]
              (input port clocked by clk)
  Endpoint: u_mul/r23_reg\[11\]
            (rising edge-triggered flip-flop clocked by clk)
  Path Group: clk
  Path Type: max

  Point                                                   Incr       Path
  --------------------------------------------------------------------------
  clock clk (rise edge)                                   0.00       0.00
  clock network delay (ideal)                             0.00       0.00
  input external delay                                    0.00       0.00 f
  norm_exp\[27\] (in)                                     5.81       5.81 f
  u_mul/a\[27\] (fp32_mul)                                0.00       5.81 f
  u_mul/U1437/Y (NOR4xp25_ASAP7_75t_R)                   25.70      31.50 r
  u_mul/U1436/Y (NAND5xp2_ASAP7_75t_R)                   28.65      60.15 f
  u_mul/U533/Y (BUFx5_ASAP7_75t_R)                       42.02     102.17 f
  u_mul/U1432/Y (AND2x2_ASAP7_75t_R)                     24.28     126.45 f
  u_mul/U394/Y (HB1xp67_ASAP7_75t_R)                     28.83     155.28 f
  u_mul/mult_18_S4/A\[0\] (fp32_mul_DW02_mult_11)         0.00     155.28 f
  u_mul/mult_18_S4/U91/Y (INVx1_ASAP7_75t_R)             20.65     175.93 r
  u_mul/mult_18_S4/U127/Y (NOR2xp33_ASAP7_75t_R)         25.84     201.77 f
  u_mul/mult_18_S4/U12/Y (AND2x2_ASAP7_75t_R)            31.33     233.10 f
  u_mul/mult_18_S4/S3_2_4/CON (FAx1_ASAP7_75t_R)         21.98     255.09 r
  u_mul/mult_18_S4/S3_2_4/SN (FAx1_ASAP7_75t_R)          17.30     272.39 f
  u_mul/mult_18_S4/U65/Y (INVx1_ASAP7_75t_R)             18.26     290.64 r
  u_mul/mult_18_S4/S2_3_3/SN (FAx1_ASAP7_75t_R)          39.34     329.98 f
  u_mul/mult_18_S4/U64/Y (INVx1_ASAP7_75t_R)             18.25     348.23 r
  u_mul/mult_18_S4/S2_4_2/SN (FAx1_ASAP7_75t_R)          39.34     387.56 f
  u_mul/mult_18_S4/U63/Y (INVx1_ASAP7_75t_R)             18.25     405.81 r
  u_mul/mult_18_S4/S4_1/SN (FAx1_ASAP7_75t_R)            39.34     445.15 f
  u_mul/mult_18_S4/U62/Y (INVx1_ASAP7_75t_R)             18.39     463.54 r
  u_mul/mult_18_S4/U4/Y (AND2x2_ASAP7_75t_R)             22.89     486.43 r
  u_mul/mult_18_S4/U25/Y (NAND2xp33_ASAP7_75t_R)         15.93     502.36 f
  u_mul/mult_18_S4/U42/Y (INVx1_ASAP7_75t_R)             16.81     519.16 r
  u_mul/mult_18_S4/U33/Y (AOI21xp33_ASAP7_75t_R)         20.76     539.92 f
  u_mul/mult_18_S4/U35/Y (OAI21xp33_ASAP7_75t_R)         31.71     571.63 r
  u_mul/mult_18_S4/U40/Y (AOI21xp33_ASAP7_75t_R)         26.18     597.82 f
  u_mul/mult_18_S4/U41/Y (XNOR2xp5_ASAP7_75t_R)          27.16     624.97 f
  u_mul/mult_18_S4/PRODUCT\[11\] (fp32_mul_DW02_mult_11)     0.00   624.97 f
  u_mul/U677/Y (INVx1_ASAP7_75t_R)                        9.96     634.94 r
  u_mul/r23_reg\[11\]/D (DFFASRHQNx1_ASAP7_75t_R)         0.00     634.94 r
  data arrival time                                                634.94

  clock clk (rise edge)                                 699.00     699.00
  clock network delay (ideal)                             0.00     699.00
  clock uncertainty                                     -50.00     649.00
  u_mul/r23_reg\[11\]/CLK (DFFASRHQNx1_ASAP7_75t_R)       0.00     649.00 r
  library setup time                                    -13.58     635.42
  data required time                                               635.42
  --------------------------------------------------------------------------
  data required time                                               635.42
  data arrival time                                               -634.94
  --------------------------------------------------------------------------
  slack (MET)                                                        0.48


  Startpoint: norm_exp\[27\]
              (input port clocked by clk)
  Endpoint: u_mul/r00_reg\[11\]
            (rising edge-triggered flip-flop clocked by clk)
  Path Group: clk
  Path Type: max

  Point                                                   Incr       Path
  --------------------------------------------------------------------------
  clock clk (rise edge)                                   0.00       0.00
  clock network delay (ideal)                             0.00       0.00
  input external delay                                    0.00       0.00 f
  norm_exp\[27\] (in)                                     5.81       5.81 f
  u_mul/a\[27\] (fp32_mul)                                0.00       5.81 f
  u_mul/U1437/Y (NOR4xp25_ASAP7_75t_R)                   25.70      31.50 r
  u_mul/U1436/Y (NAND5xp2_ASAP7_75t_R)                   28.65      60.15 f
  u_mul/U533/Y (BUFx5_ASAP7_75t_R)                       42.02     102.17 f
  u_mul/U1435/Y (AND2x2_ASAP7_75t_R)                     24.28     126.45 f
  u_mul/U408/Y (HB1xp67_ASAP7_75t_R)                     28.83     155.28 f
  u_mul/mult_16/A\[0\] (fp32_mul_DW02_mult_0)             0.00     155.28 f
  u_mul/mult_16/U90/Y (INVx1_ASAP7_75t_R)                20.65     175.93 r
  u_mul/mult_16/U127/Y (NOR2xp33_ASAP7_75t_R)            25.84     201.77 f
  u_mul/mult_16/U12/Y (AND2x2_ASAP7_75t_R)               31.17     232.94 f
  u_mul/mult_16/S3_2_4/CON (FAx1_ASAP7_75t_R)            21.98     254.92 r
  u_mul/mult_16/S3_2_4/SN (FAx1_ASAP7_75t_R)             17.28     272.19 f
  u_mul/mult_16/U64/Y (INVx1_ASAP7_75t_R)                18.33     290.52 r
  u_mul/mult_16/S2_3_3/SN (FAx1_ASAP7_75t_R)             39.36     329.88 f
  u_mul/mult_16/U63/Y (INVx1_ASAP7_75t_R)                18.33     348.21 r
  u_mul/mult_16/S2_4_2/SN (FAx1_ASAP7_75t_R)             39.36     387.57 f
  u_mul/mult_16/U62/Y (INVx1_ASAP7_75t_R)                18.29     405.87 r
  u_mul/mult_16/S4_1/SN (FAx1_ASAP7_75t_R)               39.35     445.22 f
  u_mul/mult_16/U61/Y (INVx1_ASAP7_75t_R)                18.31     463.53 r
  u_mul/mult_16/U2/Y (AND2x2_ASAP7_75t_R)                22.87     486.40 r
  u_mul/mult_16/U24/Y (NAND2xp33_ASAP7_75t_R)            15.93     502.33 f
  u_mul/mult_16/U41/Y (INVx1_ASAP7_75t_R)                16.81     519.13 r
  u_mul/mult_16/U32/Y (AOI21xp33_ASAP7_75t_R)            20.76     539.89 f
  u_mul/mult_16/U34/Y (OAI21xp33_ASAP7_75t_R)            31.71     571.60 r
  u_mul/mult_16/U39/Y (AOI21xp33_ASAP7_75t_R)            26.18     597.79 f
  u_mul/mult_16/U40/Y (XNOR2xp5_ASAP7_75t_R)             27.16     624.94 f
  u_mul/mult_16/PRODUCT\[11\] (fp32_mul_DW02_mult_0)      0.00     624.94 f
  u_mul/U1025/Y (INVx1_ASAP7_75t_R)                       9.96     634.91 r
  u_mul/r00_reg\[11\]/D (DFFASRHQNx1_ASAP7_75t_R)         0.00     634.91 r
  data arrival time                                                634.91

  clock clk (rise edge)                                 699.00     699.00
  clock network delay (ideal)                             0.00     699.00
  clock uncertainty                                     -50.00     649.00
  u_mul/r00_reg\[11\]/CLK (DFFASRHQNx1_ASAP7_75t_R)       0.00     649.00 r
  library setup time                                    -13.58     635.42
  data required time                                               635.42
  --------------------------------------------------------------------------
  data required time                                               635.42
  data arrival time                                               -634.91
  --------------------------------------------------------------------------
  slack (MET)                                                        0.52


  Startpoint: u_add/sum_raw_s1_reg\[16\]
              (rising edge-triggered flip-flop clocked by clk)
  Endpoint: u_add/y_reg\[9\]
            (rising edge-triggered flip-flop clocked by clk)
  Path Group: clk
  Path Type: max

  Point                                                   Incr       Path
  --------------------------------------------------------------------------
  clock clk (rise edge)                                   0.00       0.00
  clock network delay (ideal)                             0.00       0.00
  u_add/sum_raw_s1_reg\[16\]/CLK (DFFASRHQNx1_ASAP7_75t_R)     0.00 #     0.00 r
  u_add/sum_raw_s1_reg\[16\]/QN (DFFASRHQNx1_ASAP7_75t_R)    56.65    56.65 f
  u_add/U308/Y (BUFx3_ASAP7_75t_R)                       26.31      82.96 f
  u_add/U632/Y (OR2x2_ASAP7_75t_R)                       24.95     107.91 f
  u_add/U633/Y (OR3x1_ASAP7_75t_R)                       30.51     138.42 f
  u_add/U634/Y (INVx1_ASAP7_75t_R)                       12.48     150.90 r
  u_add/U129/Y (NAND2xp67_ASAP7_75t_R)                   16.07     166.97 f
  u_add/U349/Y (INVx2_ASAP7_75t_R)                       15.42     182.40 r
  u_add/U322/Y (NAND3x1_ASAP7_75t_R)                     12.02     194.41 f
  u_add/U668/Y (NAND3xp33_ASAP7_75t_R)                   17.57     211.99 r
  u_add/U336/Y (AOI31xp67_ASAP7_75t_R)                   23.67     235.65 f
  u_add/U329/Y (NAND2x1p5_ASAP7_75t_R)                   24.54     260.19 r
  u_add/sll_144/SH\[1\] (fp32_add_DW01_ash_0)             0.00     260.19 r
  u_add/sll_144/U50/Y (NAND2xp5_ASAP7_75t_R)             19.70     279.89 f
  u_add/sll_144/U9/Y (INVx2_ASAP7_75t_R)                 13.72     293.61 r
  u_add/sll_144/U6/Y (BUFx2_ASAP7_75t_R)                 18.53     312.14 r
  u_add/sll_144/U15/Y (AOI22xp5_ASAP7_75t_R)             10.04     322.18 f
  u_add/sll_144/U146/Y (OAI221xp5_ASAP7_75t_R)           26.81     348.99 r
  u_add/sll_144/U36/Y (AOI22x1_ASAP7_75t_R)              25.23     374.22 f
  u_add/sll_144/U44/Y (INVx1_ASAP7_75t_R)                12.78     386.99 r
  u_add/sll_144/U110/Y (AOI322xp5_ASAP7_75t_R)           17.12     404.12 f
  u_add/sll_144/U109/Y (OAI221xp5_ASAP7_75t_R)           26.51     430.63 r
  u_add/sll_144/B\[20\] (fp32_add_DW01_ash_0)             0.00     430.63 r
  u_add/U718/Y (NAND2xp5_ASAP7_75t_R)                    15.09     445.72 f
  u_add/U719/Y (OAI21xp5_ASAP7_75t_R)                    13.06     458.78 r
  u_add/add_166/A\[17\] (fp32_add_DW01_add_6)             0.00     458.78 r
  u_add/add_166/U34/Y (AND3x1_ASAP7_75t_R)               35.19     493.98 r
  u_add/add_166/U13/Y (NAND2xp5_ASAP7_75t_R)             12.43     506.41 f
  u_add/add_166/U63/Y (OR2x2_ASAP7_75t_R)                27.53     533.94 f
  u_add/add_166/U37/Y (NOR2x1_ASAP7_75t_R)               11.73     545.67 r
  u_add/add_166/SUM\[23\] (fp32_add_DW01_add_6)           0.00     545.67 r
  u_add/U361/Y (BUFx6f_ASAP7_75t_R)                      23.89     569.56 r
  u_add/U160/Y (INVx8_ASAP7_75t_R)                       10.83     580.39 f
  u_add/U145/Y (NAND3x2_ASAP7_75t_R)                     21.23     601.62 r
  u_add/U132/Y (INVx6_ASAP7_75t_R)                       18.63     620.25 f
  u_add/U838/Y (NAND2xp5_ASAP7_75t_R)                    13.63     633.88 r
  u_add/y_reg\[9\]/D (DFFASRHQNx1_ASAP7_75t_R)            0.00     633.88 r
  data arrival time                                                633.88

  clock clk (rise edge)                                 699.00     699.00
  clock network delay (ideal)                             0.00     699.00
  clock uncertainty                                     -50.00     649.00
  u_add/y_reg\[9\]/CLK (DFFASRHQNx1_ASAP7_75t_R)          0.00     649.00 r
  library setup time                                    -14.55     634.45
  data required time                                               634.45
  --------------------------------------------------------------------------
  data required time                                               634.45
  data arrival time                                               -633.88
  --------------------------------------------------------------------------
  slack (MET)                                                        0.57


  Startpoint: u_add/sum_raw_s1_reg\[16\]
              (rising edge-triggered flip-flop clocked by clk)
  Endpoint: u_add/y_reg\[20\]
            (rising edge-triggered flip-flop clocked by clk)
  Path Group: clk
  Path Type: max

  Point                                                   Incr       Path
  --------------------------------------------------------------------------
  clock clk (rise edge)                                   0.00       0.00
  clock network delay (ideal)                             0.00       0.00
  u_add/sum_raw_s1_reg\[16\]/CLK (DFFASRHQNx1_ASAP7_75t_R)     0.00 #     0.00 r
  u_add/sum_raw_s1_reg\[16\]/QN (DFFASRHQNx1_ASAP7_75t_R)    56.65    56.65 f
  u_add/U308/Y (BUFx3_ASAP7_75t_R)                       26.31      82.96 f
  u_add/U632/Y (OR2x2_ASAP7_75t_R)                       24.95     107.91 f
  u_add/U633/Y (OR3x1_ASAP7_75t_R)                       30.51     138.42 f
  u_add/U634/Y (INVx1_ASAP7_75t_R)                       12.48     150.90 r
  u_add/U129/Y (NAND2xp67_ASAP7_75t_R)                   16.07     166.97 f
  u_add/U349/Y (INVx2_ASAP7_75t_R)                       15.42     182.40 r
  u_add/U322/Y (NAND3x1_ASAP7_75t_R)                     12.02     194.41 f
  u_add/U668/Y (NAND3xp33_ASAP7_75t_R)                   17.57     211.99 r
  u_add/U336/Y (AOI31xp67_ASAP7_75t_R)                   23.67     235.65 f
  u_add/U329/Y (NAND2x1p5_ASAP7_75t_R)                   24.54     260.19 r
  u_add/sll_144/SH\[1\] (fp32_add_DW01_ash_0)             0.00     260.19 r
  u_add/sll_144/U50/Y (NAND2xp5_ASAP7_75t_R)             19.70     279.89 f
  u_add/sll_144/U9/Y (INVx2_ASAP7_75t_R)                 13.72     293.61 r
  u_add/sll_144/U6/Y (BUFx2_ASAP7_75t_R)                 18.53     312.14 r
  u_add/sll_144/U15/Y (AOI22xp5_ASAP7_75t_R)             10.04     322.18 f
  u_add/sll_144/U146/Y (OAI221xp5_ASAP7_75t_R)           26.81     348.99 r
  u_add/sll_144/U36/Y (AOI22x1_ASAP7_75t_R)              25.23     374.22 f
  u_add/sll_144/U44/Y (INVx1_ASAP7_75t_R)                12.78     386.99 r
  u_add/sll_144/U110/Y (AOI322xp5_ASAP7_75t_R)           17.12     404.12 f
  u_add/sll_144/U109/Y (OAI221xp5_ASAP7_75t_R)           26.51     430.63 r
  u_add/sll_144/B\[20\] (fp32_add_DW01_ash_0)             0.00     430.63 r
  u_add/U718/Y (NAND2xp5_ASAP7_75t_R)                    15.09     445.72 f
  u_add/U719/Y (OAI21xp5_ASAP7_75t_R)                    13.06     458.78 r
  u_add/add_166/A\[17\] (fp32_add_DW01_add_6)             0.00     458.78 r
  u_add/add_166/U34/Y (AND3x1_ASAP7_75t_R)               35.19     493.98 r
  u_add/add_166/U13/Y (NAND2xp5_ASAP7_75t_R)             12.43     506.41 f
  u_add/add_166/U63/Y (OR2x2_ASAP7_75t_R)                27.53     533.94 f
  u_add/add_166/U37/Y (NOR2x1_ASAP7_75t_R)               11.73     545.67 r
  u_add/add_166/SUM\[23\] (fp32_add_DW01_add_6)           0.00     545.67 r
  u_add/U361/Y (BUFx6f_ASAP7_75t_R)                      23.89     569.56 r
  u_add/U160/Y (INVx8_ASAP7_75t_R)                       10.83     580.39 f
  u_add/U145/Y (NAND3x2_ASAP7_75t_R)                     21.23     601.62 r
  u_add/U132/Y (INVx6_ASAP7_75t_R)                       18.63     620.25 f
  u_add/U849/Y (NAND2xp5_ASAP7_75t_R)                    13.63     633.88 r
  u_add/y_reg\[20\]/D (DFFASRHQNx1_ASAP7_75t_R)           0.00     633.88 r
  data arrival time                                                633.88

  clock clk (rise edge)                                 699.00     699.00
  clock network delay (ideal)                             0.00     699.00
  clock uncertainty                                     -50.00     649.00
  u_add/y_reg\[20\]/CLK (DFFASRHQNx1_ASAP7_75t_R)         0.00     649.00 r
  library setup time                                    -14.52     634.48
  data required time                                               634.48
  --------------------------------------------------------------------------
  data required time                                               634.48
  data arrival time                                               -633.88
  --------------------------------------------------------------------------
  slack (MET)                                                        0.60


  Startpoint: norm_exp\[27\]
              (input port clocked by clk)
  Endpoint: u_mul/r21_reg\[11\]
            (rising edge-triggered flip-flop clocked by clk)
  Path Group: clk
  Path Type: max

  Point                                                   Incr       Path
  --------------------------------------------------------------------------
  clock clk (rise edge)                                   0.00       0.00
  clock network delay (ideal)                             0.00       0.00
  input external delay                                    0.00       0.00 f
  norm_exp\[27\] (in)                                     5.81       5.81 f
  u_mul/a\[27\] (fp32_mul)                                0.00       5.81 f
  u_mul/U1437/Y (NOR4xp25_ASAP7_75t_R)                   25.70      31.50 r
  u_mul/U1436/Y (NAND5xp2_ASAP7_75t_R)                   28.65      60.15 f
  u_mul/U533/Y (BUFx5_ASAP7_75t_R)                       42.02     102.17 f
  u_mul/U1432/Y (AND2x2_ASAP7_75t_R)                     24.28     126.45 f
  u_mul/U394/Y (HB1xp67_ASAP7_75t_R)                     28.83     155.28 f
  u_mul/mult_18_S2/A\[0\] (fp32_mul_DW02_mult_9)          0.00     155.28 f
  u_mul/mult_18_S2/U90/Y (INVx1_ASAP7_75t_R)             20.65     175.93 r
  u_mul/mult_18_S2/U127/Y (NOR2xp33_ASAP7_75t_R)         25.84     201.77 f
  u_mul/mult_18_S2/U11/Y (AND2x2_ASAP7_75t_R)            31.17     232.94 f
  u_mul/mult_18_S2/S3_2_4/CON (FAx1_ASAP7_75t_R)         21.98     254.92 r
  u_mul/mult_18_S2/S3_2_4/SN (FAx1_ASAP7_75t_R)          17.28     272.19 f
  u_mul/mult_18_S2/U64/Y (INVx1_ASAP7_75t_R)             18.25     290.44 r
  u_mul/mult_18_S2/S2_3_3/SN (FAx1_ASAP7_75t_R)          39.34     329.78 f
  u_mul/mult_18_S2/U63/Y (INVx1_ASAP7_75t_R)             18.26     348.03 r
  u_mul/mult_18_S2/S2_4_2/SN (FAx1_ASAP7_75t_R)          39.34     387.37 f
  u_mul/mult_18_S2/U62/Y (INVx1_ASAP7_75t_R)             18.29     405.67 r
  u_mul/mult_18_S2/S4_1/SN (FAx1_ASAP7_75t_R)            39.35     445.02 f
  u_mul/mult_18_S2/U61/Y (INVx1_ASAP7_75t_R)             18.39     463.40 r
  u_mul/mult_18_S2/U4/Y (AND2x2_ASAP7_75t_R)             22.89     486.30 r
  u_mul/mult_18_S2/U24/Y (NAND2xp33_ASAP7_75t_R)         15.93     502.22 f
  u_mul/mult_18_S2/U41/Y (INVx1_ASAP7_75t_R)             16.81     519.03 r
  u_mul/mult_18_S2/U32/Y (AOI21xp33_ASAP7_75t_R)         20.76     539.79 f
  u_mul/mult_18_S2/U34/Y (OAI21xp33_ASAP7_75t_R)         31.71     571.50 r
  u_mul/mult_18_S2/U39/Y (AOI21xp33_ASAP7_75t_R)         26.18     597.68 f
  u_mul/mult_18_S2/U40/Y (XNOR2xp5_ASAP7_75t_R)          27.16     624.84 f
  u_mul/mult_18_S2/PRODUCT\[11\] (fp32_mul_DW02_mult_9)     0.00   624.84 f
  u_mul/U872/Y (INVx1_ASAP7_75t_R)                        9.96     634.81 r
  u_mul/r21_reg\[11\]/D (DFFASRHQNx1_ASAP7_75t_R)         0.00     634.81 r
  data arrival time                                                634.81

  clock clk (rise edge)                                 699.00     699.00
  clock network delay (ideal)                             0.00     699.00
  clock uncertainty                                     -50.00     649.00
  u_mul/r21_reg\[11\]/CLK (DFFASRHQNx1_ASAP7_75t_R)       0.00     649.00 r
  library setup time                                    -13.58     635.42
  data required time                                               635.42
  --------------------------------------------------------------------------
  data required time                                               635.42
  data arrival time                                               -634.81
  --------------------------------------------------------------------------
  slack (MET)                                                        0.62


  Startpoint: u_add/sum_raw_s1_reg\[16\]
              (rising edge-triggered flip-flop clocked by clk)
  Endpoint: u_add/y_reg\[11\]
            (rising edge-triggered flip-flop clocked by clk)
  Path Group: clk
  Path Type: max

  Point                                                   Incr       Path
  --------------------------------------------------------------------------
  clock clk (rise edge)                                   0.00       0.00
  clock network delay (ideal)                             0.00       0.00
  u_add/sum_raw_s1_reg\[16\]/CLK (DFFASRHQNx1_ASAP7_75t_R)     0.00 #     0.00 r
  u_add/sum_raw_s1_reg\[16\]/QN (DFFASRHQNx1_ASAP7_75t_R)    56.65    56.65 f
  u_add/U308/Y (BUFx3_ASAP7_75t_R)                       26.31      82.96 f
  u_add/U632/Y (OR2x2_ASAP7_75t_R)                       24.95     107.91 f
  u_add/U633/Y (OR3x1_ASAP7_75t_R)                       30.51     138.42 f
  u_add/U634/Y (INVx1_ASAP7_75t_R)                       12.48     150.90 r
  u_add/U129/Y (NAND2xp67_ASAP7_75t_R)                   16.07     166.97 f
  u_add/U349/Y (INVx2_ASAP7_75t_R)                       15.42     182.40 r
  u_add/U322/Y (NAND3x1_ASAP7_75t_R)                     12.02     194.41 f
  u_add/U668/Y (NAND3xp33_ASAP7_75t_R)                   17.57     211.99 r
  u_add/U336/Y (AOI31xp67_ASAP7_75t_R)                   23.67     235.65 f
  u_add/U329/Y (NAND2x1p5_ASAP7_75t_R)                   24.54     260.19 r
  u_add/sll_144/SH\[1\] (fp32_add_DW01_ash_0)             0.00     260.19 r
  u_add/sll_144/U50/Y (NAND2xp5_ASAP7_75t_R)             19.70     279.89 f
  u_add/sll_144/U9/Y (INVx2_ASAP7_75t_R)                 13.72     293.61 r
  u_add/sll_144/U6/Y (BUFx2_ASAP7_75t_R)                 18.53     312.14 r
  u_add/sll_144/U15/Y (AOI22xp5_ASAP7_75t_R)             10.04     322.18 f
  u_add/sll_144/U146/Y (OAI221xp5_ASAP7_75t_R)           26.81     348.99 r
  u_add/sll_144/U36/Y (AOI22x1_ASAP7_75t_R)              25.23     374.22 f
  u_add/sll_144/U44/Y (INVx1_ASAP7_75t_R)                12.78     386.99 r
  u_add/sll_144/U110/Y (AOI322xp5_ASAP7_75t_R)           17.12     404.12 f
  u_add/sll_144/U109/Y (OAI221xp5_ASAP7_75t_R)           26.51     430.63 r
  u_add/sll_144/B\[20\] (fp32_add_DW01_ash_0)             0.00     430.63 r
  u_add/U718/Y (NAND2xp5_ASAP7_75t_R)                    15.09     445.72 f
  u_add/U719/Y (OAI21xp5_ASAP7_75t_R)                    13.06     458.78 r
  u_add/add_166/A\[17\] (fp32_add_DW01_add_6)             0.00     458.78 r
  u_add/add_166/U34/Y (AND3x1_ASAP7_75t_R)               35.19     493.98 r
  u_add/add_166/U13/Y (NAND2xp5_ASAP7_75t_R)             12.43     506.41 f
  u_add/add_166/U63/Y (OR2x2_ASAP7_75t_R)                27.53     533.94 f
  u_add/add_166/U37/Y (NOR2x1_ASAP7_75t_R)               11.73     545.67 r
  u_add/add_166/SUM\[23\] (fp32_add_DW01_add_6)           0.00     545.67 r
  u_add/U361/Y (BUFx6f_ASAP7_75t_R)                      23.89     569.56 r
  u_add/U160/Y (INVx8_ASAP7_75t_R)                       10.83     580.39 f
  u_add/U145/Y (NAND3x2_ASAP7_75t_R)                     21.23     601.62 r
  u_add/U132/Y (INVx6_ASAP7_75t_R)                       18.63     620.25 f
  u_add/U840/Y (NAND2xp5_ASAP7_75t_R)                    13.63     633.88 r
  u_add/y_reg\[11\]/D (DFFASRHQNx1_ASAP7_75t_R)           0.00     633.88 r
  data arrival time                                                633.88

  clock clk (rise edge)                                 699.00     699.00
  clock network delay (ideal)                             0.00     699.00
  clock uncertainty                                     -50.00     649.00
  u_add/y_reg\[11\]/CLK (DFFASRHQNx1_ASAP7_75t_R)         0.00     649.00 r
  library setup time                                    -14.49     634.51
  data required time                                               634.51
  --------------------------------------------------------------------------
  data required time                                               634.51
  data arrival time                                               -633.88
  --------------------------------------------------------------------------
  slack (MET)                                                        0.62


  Startpoint: norm_exp\[27\]
              (input port clocked by clk)
  Endpoint: u_mul/r20_reg\[11\]
            (rising edge-triggered flip-flop clocked by clk)
  Path Group: clk
  Path Type: max

  Point                                                   Incr       Path
  --------------------------------------------------------------------------
  clock clk (rise edge)                                   0.00       0.00
  clock network delay (ideal)                             0.00       0.00
  input external delay                                    0.00       0.00 f
  norm_exp\[27\] (in)                                     5.81       5.81 f
  u_mul/a\[27\] (fp32_mul)                                0.00       5.81 f
  u_mul/U1437/Y (NOR4xp25_ASAP7_75t_R)                   25.70      31.50 r
  u_mul/U1436/Y (NAND5xp2_ASAP7_75t_R)                   28.65      60.15 f
  u_mul/U533/Y (BUFx5_ASAP7_75t_R)                       42.02     102.17 f
  u_mul/U1432/Y (AND2x2_ASAP7_75t_R)                     24.28     126.45 f
  u_mul/U394/Y (HB1xp67_ASAP7_75t_R)                     28.83     155.28 f
  u_mul/mult_18/A\[0\] (fp32_mul_DW02_mult_8)             0.00     155.28 f
  u_mul/mult_18/U90/Y (INVx1_ASAP7_75t_R)                20.65     175.93 r
  u_mul/mult_18/U127/Y (NOR2xp33_ASAP7_75t_R)            25.84     201.77 f
  u_mul/mult_18/U11/Y (AND2x2_ASAP7_75t_R)               31.17     232.94 f
  u_mul/mult_18/S3_2_4/CON (FAx1_ASAP7_75t_R)            21.98     254.92 r
  u_mul/mult_18/S3_2_4/SN (FAx1_ASAP7_75t_R)             17.28     272.19 f
  u_mul/mult_18/U64/Y (INVx1_ASAP7_75t_R)                18.25     290.44 r
  u_mul/mult_18/S2_3_3/SN (FAx1_ASAP7_75t_R)             39.34     329.78 f
  u_mul/mult_18/U63/Y (INVx1_ASAP7_75t_R)                18.26     348.03 r
  u_mul/mult_18/S2_4_2/SN (FAx1_ASAP7_75t_R)             39.34     387.37 f
  u_mul/mult_18/U62/Y (INVx1_ASAP7_75t_R)                18.29     405.67 r
  u_mul/mult_18/S4_1/SN (FAx1_ASAP7_75t_R)               39.35     445.02 f
  u_mul/mult_18/U61/Y (INVx1_ASAP7_75t_R)                18.35     463.37 r
  u_mul/mult_18/U4/Y (AND2x2_ASAP7_75t_R)                22.88     486.25 r
  u_mul/mult_18/U24/Y (NAND2xp33_ASAP7_75t_R)            15.93     502.18 f
  u_mul/mult_18/U41/Y (INVx1_ASAP7_75t_R)                16.81     518.99 r
  u_mul/mult_18/U32/Y (AOI21xp33_ASAP7_75t_R)            20.76     539.75 f
  u_mul/mult_18/U34/Y (OAI21xp33_ASAP7_75t_R)            31.71     571.46 r
  u_mul/mult_18/U39/Y (AOI21xp33_ASAP7_75t_R)            26.18     597.64 f
  u_mul/mult_18/U40/Y (XNOR2xp5_ASAP7_75t_R)             27.16     624.80 f
  u_mul/mult_18/PRODUCT\[11\] (fp32_mul_DW02_mult_8)      0.00     624.80 f
  u_mul/U911/Y (INVx1_ASAP7_75t_R)                        9.96     634.76 r
  u_mul/r20_reg\[11\]/D (DFFASRHQNx1_ASAP7_75t_R)         0.00     634.76 r
  data arrival time                                                634.76

  clock clk (rise edge)                                 699.00     699.00
  clock network delay (ideal)                             0.00     699.00
  clock uncertainty                                     -50.00     649.00
  u_mul/r20_reg\[11\]/CLK (DFFASRHQNx1_ASAP7_75t_R)       0.00     649.00 r
  library setup time                                    -13.58     635.42
  data required time                                               635.42
  --------------------------------------------------------------------------
  data required time                                               635.42
  data arrival time                                               -634.76
  --------------------------------------------------------------------------
  slack (MET)                                                        0.66


  Startpoint: u_add/sum_raw_s1_reg\[16\]
              (rising edge-triggered flip-flop clocked by clk)
  Endpoint: u_add/y_reg\[12\]
            (rising edge-triggered flip-flop clocked by clk)
  Path Group: clk
  Path Type: max

  Point                                                   Incr       Path
  --------------------------------------------------------------------------
  clock clk (rise edge)                                   0.00       0.00
  clock network delay (ideal)                             0.00       0.00
  u_add/sum_raw_s1_reg\[16\]/CLK (DFFASRHQNx1_ASAP7_75t_R)     0.00 #     0.00 r
  u_add/sum_raw_s1_reg\[16\]/QN (DFFASRHQNx1_ASAP7_75t_R)    56.65    56.65 f
  u_add/U308/Y (BUFx3_ASAP7_75t_R)                       26.31      82.96 f
  u_add/U632/Y (OR2x2_ASAP7_75t_R)                       24.95     107.91 f
  u_add/U633/Y (OR3x1_ASAP7_75t_R)                       30.51     138.42 f
  u_add/U634/Y (INVx1_ASAP7_75t_R)                       12.48     150.90 r
  u_add/U129/Y (NAND2xp67_ASAP7_75t_R)                   16.07     166.97 f
  u_add/U349/Y (INVx2_ASAP7_75t_R)                       15.42     182.40 r
  u_add/U322/Y (NAND3x1_ASAP7_75t_R)                     12.02     194.41 f
  u_add/U668/Y (NAND3xp33_ASAP7_75t_R)                   17.57     211.99 r
  u_add/U336/Y (AOI31xp67_ASAP7_75t_R)                   23.67     235.65 f
  u_add/U329/Y (NAND2x1p5_ASAP7_75t_R)                   24.54     260.19 r
  u_add/sll_144/SH\[1\] (fp32_add_DW01_ash_0)             0.00     260.19 r
  u_add/sll_144/U50/Y (NAND2xp5_ASAP7_75t_R)             19.70     279.89 f
  u_add/sll_144/U9/Y (INVx2_ASAP7_75t_R)                 13.72     293.61 r
  u_add/sll_144/U6/Y (BUFx2_ASAP7_75t_R)                 18.53     312.14 r
  u_add/sll_144/U15/Y (AOI22xp5_ASAP7_75t_R)             10.04     322.18 f
  u_add/sll_144/U146/Y (OAI221xp5_ASAP7_75t_R)           26.81     348.99 r
  u_add/sll_144/U36/Y (AOI22x1_ASAP7_75t_R)              25.23     374.22 f
  u_add/sll_144/U44/Y (INVx1_ASAP7_75t_R)                12.78     386.99 r
  u_add/sll_144/U110/Y (AOI322xp5_ASAP7_75t_R)           17.12     404.12 f
  u_add/sll_144/U109/Y (OAI221xp5_ASAP7_75t_R)           26.51     430.63 r
  u_add/sll_144/B\[20\] (fp32_add_DW01_ash_0)             0.00     430.63 r
  u_add/U718/Y (NAND2xp5_ASAP7_75t_R)                    15.09     445.72 f
  u_add/U719/Y (OAI21xp5_ASAP7_75t_R)                    13.06     458.78 r
  u_add/add_166/A\[17\] (fp32_add_DW01_add_6)             0.00     458.78 r
  u_add/add_166/U34/Y (AND3x1_ASAP7_75t_R)               35.19     493.98 r
  u_add/add_166/U13/Y (NAND2xp5_ASAP7_75t_R)             12.43     506.41 f
  u_add/add_166/U63/Y (OR2x2_ASAP7_75t_R)                27.53     533.94 f
  u_add/add_166/U37/Y (NOR2x1_ASAP7_75t_R)               11.73     545.67 r
  u_add/add_166/SUM\[23\] (fp32_add_DW01_add_6)           0.00     545.67 r
  u_add/U361/Y (BUFx6f_ASAP7_75t_R)                      23.89     569.56 r
  u_add/U160/Y (INVx8_ASAP7_75t_R)                       10.83     580.39 f
  u_add/U145/Y (NAND3x2_ASAP7_75t_R)                     21.23     601.62 r
  u_add/U132/Y (INVx6_ASAP7_75t_R)                       18.63     620.25 f
  u_add/U841/Y (NAND2xp5_ASAP7_75t_R)                    13.63     633.88 r
  u_add/y_reg\[12\]/D (DFFASRHQNx1_ASAP7_75t_R)           0.00     633.88 r
  data arrival time                                                633.88

  clock clk (rise edge)                                 699.00     699.00
  clock network delay (ideal)                             0.00     699.00
  clock uncertainty                                     -50.00     649.00
  u_add/y_reg\[12\]/CLK (DFFASRHQNx1_ASAP7_75t_R)         0.00     649.00 r
  library setup time                                    -14.40     634.60
  data required time                                               634.60
  --------------------------------------------------------------------------
  data required time                                               634.60
  data arrival time                                               -633.88
  --------------------------------------------------------------------------
  slack (MET)                                                        0.71


  Startpoint: u_add/sum_raw_s1_reg\[16\]
              (rising edge-triggered flip-flop clocked by clk)
  Endpoint: u_add/y_reg\[19\]
            (rising edge-triggered flip-flop clocked by clk)
  Path Group: clk
  Path Type: max

  Point                                                   Incr       Path
  --------------------------------------------------------------------------
  clock clk (rise edge)                                   0.00       0.00
  clock network delay (ideal)                             0.00       0.00
  u_add/sum_raw_s1_reg\[16\]/CLK (DFFASRHQNx1_ASAP7_75t_R)     0.00 #     0.00 r
  u_add/sum_raw_s1_reg\[16\]/QN (DFFASRHQNx1_ASAP7_75t_R)    56.65    56.65 f
  u_add/U308/Y (BUFx3_ASAP7_75t_R)                       26.31      82.96 f
  u_add/U632/Y (OR2x2_ASAP7_75t_R)                       24.95     107.91 f
  u_add/U633/Y (OR3x1_ASAP7_75t_R)                       30.51     138.42 f
  u_add/U634/Y (INVx1_ASAP7_75t_R)                       12.48     150.90 r
  u_add/U129/Y (NAND2xp67_ASAP7_75t_R)                   16.07     166.97 f
  u_add/U349/Y (INVx2_ASAP7_75t_R)                       15.42     182.40 r
  u_add/U322/Y (NAND3x1_ASAP7_75t_R)                     12.02     194.41 f
  u_add/U668/Y (NAND3xp33_ASAP7_75t_R)                   17.57     211.99 r
  u_add/U336/Y (AOI31xp67_ASAP7_75t_R)                   23.67     235.65 f
  u_add/U329/Y (NAND2x1p5_ASAP7_75t_R)                   24.54     260.19 r
  u_add/sll_144/SH\[1\] (fp32_add_DW01_ash_0)             0.00     260.19 r
  u_add/sll_144/U50/Y (NAND2xp5_ASAP7_75t_R)             19.70     279.89 f
  u_add/sll_144/U9/Y (INVx2_ASAP7_75t_R)                 13.72     293.61 r
  u_add/sll_144/U6/Y (BUFx2_ASAP7_75t_R)                 18.53     312.14 r
  u_add/sll_144/U15/Y (AOI22xp5_ASAP7_75t_R)             10.04     322.18 f
  u_add/sll_144/U146/Y (OAI221xp5_ASAP7_75t_R)           26.81     348.99 r
  u_add/sll_144/U36/Y (AOI22x1_ASAP7_75t_R)              25.23     374.22 f
  u_add/sll_144/U44/Y (INVx1_ASAP7_75t_R)                12.78     386.99 r
  u_add/sll_144/U110/Y (AOI322xp5_ASAP7_75t_R)           17.12     404.12 f
  u_add/sll_144/U109/Y (OAI221xp5_ASAP7_75t_R)           26.51     430.63 r
  u_add/sll_144/B\[20\] (fp32_add_DW01_ash_0)             0.00     430.63 r
  u_add/U718/Y (NAND2xp5_ASAP7_75t_R)                    15.09     445.72 f
  u_add/U719/Y (OAI21xp5_ASAP7_75t_R)                    13.06     458.78 r
  u_add/add_166/A\[17\] (fp32_add_DW01_add_6)             0.00     458.78 r
  u_add/add_166/U34/Y (AND3x1_ASAP7_75t_R)               35.19     493.98 r
  u_add/add_166/U13/Y (NAND2xp5_ASAP7_75t_R)             12.43     506.41 f
  u_add/add_166/U63/Y (OR2x2_ASAP7_75t_R)                27.53     533.94 f
  u_add/add_166/U37/Y (NOR2x1_ASAP7_75t_R)               11.73     545.67 r
  u_add/add_166/SUM\[23\] (fp32_add_DW01_add_6)           0.00     545.67 r
  u_add/U361/Y (BUFx6f_ASAP7_75t_R)                      23.89     569.56 r
  u_add/U160/Y (INVx8_ASAP7_75t_R)                       10.83     580.39 f
  u_add/U145/Y (NAND3x2_ASAP7_75t_R)                     21.23     601.62 r
  u_add/U132/Y (INVx6_ASAP7_75t_R)                       18.63     620.25 f
  u_add/U848/Y (NAND2xp5_ASAP7_75t_R)                    13.63     633.88 r
  u_add/y_reg\[19\]/D (DFFASRHQNx1_ASAP7_75t_R)           0.00     633.88 r
  data arrival time                                                633.88

  clock clk (rise edge)                                 699.00     699.00
  clock network delay (ideal)                             0.00     699.00
  clock uncertainty                                     -50.00     649.00
  u_add/y_reg\[19\]/CLK (DFFASRHQNx1_ASAP7_75t_R)         0.00     649.00 r
  library setup time                                    -14.35     634.65
  data required time                                               634.65
  --------------------------------------------------------------------------
  data required time                                               634.65
  data arrival time                                               -633.88
  --------------------------------------------------------------------------
  slack (MET)                                                        0.77


  Startpoint: u_add/sum_raw_s1_reg\[16\]
              (rising edge-triggered flip-flop clocked by clk)
  Endpoint: u_add/y_reg\[21\]
            (rising edge-triggered flip-flop clocked by clk)
  Path Group: clk
  Path Type: max

  Point                                                   Incr       Path
  --------------------------------------------------------------------------
  clock clk (rise edge)                                   0.00       0.00
  clock network delay (ideal)                             0.00       0.00
  u_add/sum_raw_s1_reg\[16\]/CLK (DFFASRHQNx1_ASAP7_75t_R)     0.00 #     0.00 r
  u_add/sum_raw_s1_reg\[16\]/QN (DFFASRHQNx1_ASAP7_75t_R)    56.65    56.65 f
  u_add/U308/Y (BUFx3_ASAP7_75t_R)                       26.31      82.96 f
  u_add/U632/Y (OR2x2_ASAP7_75t_R)                       24.95     107.91 f
  u_add/U633/Y (OR3x1_ASAP7_75t_R)                       30.51     138.42 f
  u_add/U634/Y (INVx1_ASAP7_75t_R)                       12.48     150.90 r
  u_add/U666/Y (NAND2xp5_ASAP7_75t_R)                    10.76     161.66 f
  u_add/U187/Y (INVx1_ASAP7_75t_R)                       16.04     177.70 r
  u_add/U292/Y (NAND3x1_ASAP7_75t_R)                     12.87     190.57 f
  u_add/U701/Y (OAI221xp5_ASAP7_75t_R)                   19.59     210.16 r
  u_add/U133/Y (INVx2_ASAP7_75t_R)                       14.49     224.65 f
  u_add/U154/Y (NAND3x1_ASAP7_75t_R)                     23.76     248.41 r
  u_add/sll_144/SH\[0\] (fp32_add_DW01_ash_0)             0.00     248.41 r
  u_add/sll_144/U14/Y (INVx2_ASAP7_75t_R)                13.18     261.59 f
  u_add/sll_144/U30/Y (NAND2x1_ASAP7_75t_R)              23.76     285.35 r
  u_add/sll_144/U7/Y (INVx4_ASAP7_75t_R)                 21.78     307.13 f
  u_add/sll_144/U15/Y (AOI22xp5_ASAP7_75t_R)             18.55     325.68 r
  u_add/sll_144/U146/Y (OAI221xp5_ASAP7_75t_R)           31.92     357.60 f
  u_add/sll_144/U95/Y (AOI222xp33_ASAP7_75t_R)           35.15     392.75 r
  u_add/sll_144/U4/Y (NOR2xp33_ASAP7_75t_R)              28.53     421.29 f
  u_add/sll_144/B\[8\] (fp32_add_DW01_ash_0)              0.00     421.29 f
  u_add/U755/Y (NAND2xp5_ASAP7_75t_R)                    17.62     438.91 r
  u_add/U756/Y (OAI21xp5_ASAP7_75t_R)                    14.81     453.72 f
  u_add/add_166/A\[5\] (fp32_add_DW01_add_6)              0.00     453.72 f
  u_add/add_166/U30/Y (AND2x2_ASAP7_75t_R)               34.74     488.45 f
  u_add/add_166/U23/Y (NAND2x1p5_ASAP7_75t_R)            12.84     501.29 r
  u_add/add_166/U14/Y (NOR2x1_ASAP7_75t_R)               15.09     516.38 f
  u_add/add_166/U4/Y (NAND2x1p5_ASAP7_75t_R)             16.44     532.82 r
  u_add/add_166/U12/Y (NOR2xp33_ASAP7_75t_R)             20.57     553.38 f
  u_add/add_166/U2/Y (INVxp67_ASAP7_75t_R)               18.47     571.86 r
  u_add/add_166/U17/Y (NOR2xp33_ASAP7_75t_R)             21.19     593.05 f
  u_add/add_166/U7/Y (XOR2x2_ASAP7_75t_R)                30.27     623.32 f
  u_add/add_166/SUM\[21\] (fp32_add_DW01_add_6)           0.00     623.32 f
  u_add/U850/Y (NAND2xp5_ASAP7_75t_R)                    10.69     634.01 r
  u_add/y_reg\[21\]/D (DFFASRHQNx1_ASAP7_75t_R)           0.00     634.01 r
  data arrival time                                                634.01

  clock clk (rise edge)                                 699.00     699.00
  clock network delay (ideal)                             0.00     699.00
  clock uncertainty                                     -50.00     649.00
  u_add/y_reg\[21\]/CLK (DFFASRHQNx1_ASAP7_75t_R)         0.00     649.00 r
  library setup time                                    -14.22     634.78
  data required time                                               634.78
  --------------------------------------------------------------------------
  data required time                                               634.78
  data arrival time                                               -634.01
  --------------------------------------------------------------------------
  slack (MET)                                                        0.77


1
