Information: Updating design information... (UID-85)
Warning: Design 'softmax_pe' contains 2 high-fanout nets. A fanout number of 1000 will be used for delay calculations involving these nets. (TIM-134)
 
****************************************
Report : qor
Design : softmax_pe
Version: P-2019.03-SP5-6
Date   : Mon Aug 31 00:32:16 2026
****************************************


  Timing Path Group 'clk'
  -----------------------------------
  Levels of Logic:              25.00
  Critical Path Length:        635.14
  Critical Path Slack:           0.28
  Critical Path Clk Period:    699.00
  Total Negative Slack:          0.00
  No. of Violating Paths:        0.00
  Worst Hold Violation:          0.00
  Total Hold Violation:          0.00
  No. of Hold Violations:        0.00
  -----------------------------------


  Cell Count
  -----------------------------------
  Hierarchical Cell Count:         86
  Hierarchical Port Count:       4729
  Leaf Cell Count:              17046
  Buf/Inv Cell Count:            6525
  Buf Cell Count:                 882
  Inv Cell Count:                5643
  CT Buf/Inv Cell Count:            0
  Combinational Cell Count:     15129
  Sequential Cell Count:         1917
  Macro Count:                      0
  -----------------------------------


  Area
  -----------------------------------
  Combinational Area:     1110.179518
  Noncombinational Area:   726.696355
  Buf/Inv Area:            300.974944
  Total Buffer Area:            53.07
  Total Inverter Area:         247.90
  Macro/Black Box Area:      0.000000
  Net Area:                  0.000000
  -----------------------------------
  Cell Area:              1836.875874
  Design Area:            1836.875874


  Design Rules
  -----------------------------------
  Total Number of Nets:         17916
  Nets With Violations:             0
  Max Trans Violations:             0
  Max Cap Violations:               0
  -----------------------------------


  Hostname: thu-olden

  Compile CPU Statistics
  -----------------------------------------
  Resource Sharing:                    0.82
  Logic Optimization:                  0.53
  Mapping Optimization:                6.87
  -----------------------------------------
  Overall Compile Time:               11.19
  Overall Compile Wall Clock Time:    10.26

  --------------------------------------------------------------------

  Design  WNS: 0.00  TNS: 0.00  Number of Violating Paths: 0


  Design (Hold)  WNS: 0.00  TNS: 0.00  Number of Violating Paths: 0

  --------------------------------------------------------------------


1
