============================================================
  Generated by:           Genus(TM) Synthesis Solution 25.10-p002_1
  Generated on:           Aug 17 2026  04:17:14 pm
  Module:                 fugue_logic_die
  Operating conditions:   ssg0p72v125c 
  Interconnect mode:      global
  Area mode:              physical library
============================================================


Path 1: MET (0 ps) Setup Check with Pin u_rotate_g_pair[2].m_nbs_y_reg[2]/CP->D
           View: SS.setup_view
          Group: clk
     Startpoint: (F) rope_sin[77]
          Clock: (R) clk
       Endpoint: (R) u_rotate_g_pair[2].m_nbs_y_reg[2]/D
          Clock: (R) clk

                     Capture       Launch     
        Clock Edge:+    2000            0     
        Drv Adjust:+       0            6     
       Src Latency:+       0            0     
       Net Latency:+       0 (I)        0 (I) 
           Arrival:=    2000            6     
                                              
             Setup:-      25                  
       Uncertainty:-      50                  
     Required Time:=    1925                  
      Launch Clock:-       6                  
       Input Delay:-     600                  
         Data Path:-    1319                  
             Slack:=       0                  

Exceptions/Constraints:
  input_delay             600             chip_full.sdc_line_5_1291_1   

#--------------------------------------------------------------------------------------------------------------------------
#            Timing Point             Flags    Arc   Edge          Cell           Fanout Load Trans Delay Arrival Instance 
#                                                                                        (fF)  (ps)  (ps)   (ps)  Location 
#--------------------------------------------------------------------------------------------------------------------------
  rope_sin[77]                        -       -      F     (arrival)                   2  6.0    13     0     606    (-,-) 
  g79898/ZN                           -       A3->ZN R     NR3D6BWP30P140LVT           1  8.0    20    20     626    (-,-) 
  g79897/ZN                           -       A1->ZN F     ND2D16BWP30P140LVT          5 11.8    17    14     640    (-,-) 
  g79894/ZN                           -       I->ZN  R     INVD15BWP30P140LVT         11 34.8    16    14     654    (-,-) 
  g97889/ZN                           -       B1->ZN F     INR2D8BWP30P140LVT         15 25.5    22    16     670    (-,-) 
  MULT_UNS_OP_82204_g3774/ZN          -       I->ZN  R     CKND12BWP30P140LVT         25 36.3    20    18     688    (-,-) 
  MULT_UNS_OP_82204_g3683/ZN          -       I1->ZN F     MUX2NOPTD2BWP30P140LVT      1  1.8    27    17     705    (-,-) 
  MULT_UNS_OP_82204_g3669/ZN          -       A2->ZN R     NR2D2BWP30P140LVT           4  5.5    37    31     736    (-,-) 
  MULT_UNS_OP_82204_g3641/Z           -       A1->Z  R     AO22D1BWP30P140LVT          1  4.3    31    40     777    (-,-) 
  MULT_UNS_OP_82204_cdnfadd_012_1/CO  -       B->CO  R     FA1D4BWP30P140LVT           1  2.6    14    35     812    (-,-) 
  MULT_UNS_OP_82204_cdnfadd_013_1/S   -       CI->S  F     FA1OPTCD1BWP30P140LVT       1  2.1    28    57     869    (-,-) 
  MULT_UNS_OP_82204_cdnfadd_013_2/S   -       CI->S  R     FA1D1BWP30P140LVT           1  2.6    29    73     942    (-,-) 
  MULT_UNS_OP_82204_cdnfadd_013_3/S   -       CI->S  F     FA1OPTCD2BWP30P140LVT       2  3.8    29    66    1007    (-,-) 
  MULT_UNS_OP_82204_g3487/ZN          -       A1->ZN R     NR2D4BWP30P140LVT           3  4.0    20    17    1025    (-,-) 
  MULT_UNS_OP_82204_g3486/ZN          -       I->ZN  F     INVD2BWP30P140LVT           1  1.7    10     8    1033    (-,-) 
  MULT_UNS_OP_82204_g3479/ZN          -       A1->ZN R     AOI21D2BWP30P140LVT         1  2.2    24    15    1048    (-,-) 
  MULT_UNS_OP_82204_g3476/ZN          -       A1->ZN F     CKND2D4BWP30P140LVT         1  2.6    15    11    1059    (-,-) 
  MULT_UNS_OP_82204_g3473/CO          -       CI->CO F     FA1OPTCD2BWP30P140LVT       2  3.1    19    24    1083    (-,-) 
  MULT_UNS_OP_82204_g3471/ZN          -       A1->ZN R     AOI21D2BWP30P140LVT         2  2.5    26    18    1102    (-,-) 
  MULT_UNS_OP_82204_g3468/ZN          -       A1->ZN F     OAI21D2BWP30P140LVT         1  2.6    25    18    1120    (-,-) 
  MULT_UNS_OP_82204_g3462/CO          -       CI->CO F     FA1OPTCD2BWP30P140LVT       1  2.4    17    26    1146    (-,-) 
  MULT_UNS_OP_82204_g3784/Z           -       A3->Z  F     XOR3D4BWP30P140LVT         16 16.7    30    43    1190    (-,-) 
  g162980/ZN                          -       I->ZN  R     INVD3BWP30P140LVT           5  4.6    16    15    1205    (-,-) 
  g162724/ZN                          -       A1->ZN F     NR2D1BWP30P140LVT           2  2.4    24    14    1219    (-,-) 
  g162298/ZN                          -       A1->ZN R     NR3D1BWP30P140LVT           2  2.1    27    20    1240    (-,-) 
  g162244/ZN                          -       I->ZN  F     INVD1BWP30P140LVT           2  2.1    18    16    1256    (-,-) 
  g162019/ZN                          -       A1->ZN R     NR2OPTPAD1BWP30P140LVT      3  3.5    34    25    1280    (-,-) 
  g161616/Z                           -       A1->Z  R     CKAN2D1BWP30P140LVT         2  2.0    17    26    1306    (-,-) 
  g161531/Z                           -       A1->Z  R     CKAN2D1BWP30P140LVT         4  3.9    26    30    1336    (-,-) 
  g161486/ZN                          -       A1->ZN F     ND3D1BWP30P140LVT           2  2.1    44    30    1366    (-,-) 
  g161459/ZN                          -       I->ZN  R     INVD1BWP30P140LVT           2  2.2    24    23    1389    (-,-) 
  g161378/ZN                          -       A1->ZN F     ND3OPTPAD1BWP30P140LVT      2  2.1    39    24    1413    (-,-) 
  g161314/ZN                          -       B1->ZN R     INR2D1BWP30P140LVT          2  2.1    32    28    1441    (-,-) 
  g161255/ZN                          -       A1->ZN F     NR2D1BWP30P140LVT           3  3.1    24    20    1461    (-,-) 
  g160999/ZN                          -       B1->ZN R     OAI22D1BWP30P140LVT         2  2.1    40    30    1491    (-,-) 
  g160774/Z                           -       A1->Z  R     OA21D1BWP30P140LVT          1  2.5    20    31    1522    (-,-) 
  g160436/S                           -       B->S   F     HA1D1BWP30P140LVT           2  2.1    20    34    1556    (-,-) 
  g160374/ZN                          -       A1->ZN R     NR2OPTIBD1BWP30P140LVT      2  2.1    29    23    1579    (-,-) 
  g160288/ZN                          -       A1->ZN F     NR2D1BWP30P140LVT           1  1.1    16    12    1591    (-,-) 
  g160202/ZN                          -       A1->ZN F     IAO21D1BWP30P140LVT         1  2.1    21    32    1624    (-,-) 
  g160061/CO                          -       CI->CO F     FA1D1BWP30P140LVT           1  1.3    18    38    1662    (-,-) 
  g160033/ZN                          -       A1->ZN R     NR2OPTIBD1BWP30P140LVT      3  2.8    35    27    1688    (-,-) 
  g160008/ZN                          -       B->ZN  F     AOI31D1BWP30P140LVT         2  2.1    45    22    1710    (-,-) 
  g159953/ZN                          -       A1->ZN R     NR2OPTIBD1BWP30P140LVT      2  2.1    33    30    1740    (-,-) 
  g159942/ZN                          -       B->ZN  F     AOI21D1BWP30P140LVT         3  3.0    42    23    1764    (-,-) 
  g159849/ZN                          -       A1->ZN R     AOI21D1BWP30P140LVT         1  1.7    34    29    1792    (-,-) 
  g159815/ZN                          -       A2->ZN F     OAI211D2BWP30P140           2  2.2    44    31    1824    (-,-) 
  g159773/Z                           -       B->Z   F     AO211D2BWP30P140LVT        10  9.3    34    62    1886    (-,-) 
  g159736/ZN                          -       B->ZN  R     AOI211D1BWP30P140LVT        1  1.4    44    38    1925    (-,-) 
  u_rotate_g_pair[2].m_nbs_y_reg[2]/D <<<     -      R     DFCNQD2BWP30P140LVT         1    -     -     0    1925    (-,-) 
#--------------------------------------------------------------------------------------------------------------------------


