 
****************************************
Report : timing
        -path full
        -delay min
        -max_paths 20
Design : diff_decoder_channel_dc_top
Version: P-2019.03-SP5-6
Date   : Tue Sep  1 00:26:10 2026
****************************************

 # A fanout number of 1000 was used for high fanout net computations.

Operating Conditions: PVT_0P7V_25C   Library: asap7sc7p5t_AO_RVT_TT_nldm_211120
Wire Load Model Mode: top

  Startpoint: u_decoder/diff_mask_reg[103][6]
              (rising edge-triggered flip-flop clocked by clk)
  Endpoint: u_decoder/diff_mask_reg[103][6]
            (rising edge-triggered flip-flop clocked by clk)
  Path Group: clk
  Path Type: min

  Point                                                   Incr       Path
  --------------------------------------------------------------------------
  clock clk (rise edge)                                   0.00       0.00
  clock network delay (ideal)                             0.00       0.00
  u_decoder/diff_mask_reg[103][6]/CLK (DFFASRHQNx1_ASAP7_75t_R)     0.00 #     0.00 r
  u_decoder/diff_mask_reg[103][6]/QN (DFFASRHQNx1_ASAP7_75t_R)    58.09    58.09 r
  u_decoder/U4003/Y (AOI22xp5_ASAP7_75t_R)               11.41      69.50 f
  u_decoder/diff_mask_reg[103][6]/D (DFFASRHQNx1_ASAP7_75t_R)     0.00    69.50 f
  data arrival time                                                 69.50

  clock clk (rise edge)                                   0.00       0.00
  clock network delay (ideal)                             0.00       0.00
  clock uncertainty                                      50.00      50.00
  u_decoder/diff_mask_reg[103][6]/CLK (DFFASRHQNx1_ASAP7_75t_R)     0.00    50.00 r
  library hold time                                      15.11      65.11
  data required time                                                65.11
  --------------------------------------------------------------------------
  data required time                                                65.11
  data arrival time                                                -69.50
  --------------------------------------------------------------------------
  slack (MET)                                                        4.39


  Startpoint: u_decoder/diff_mask_reg[95][6]
              (rising edge-triggered flip-flop clocked by clk)
  Endpoint: u_decoder/diff_mask_reg[95][6]
            (rising edge-triggered flip-flop clocked by clk)
  Path Group: clk
  Path Type: min

  Point                                                   Incr       Path
  --------------------------------------------------------------------------
  clock clk (rise edge)                                   0.00       0.00
  clock network delay (ideal)                             0.00       0.00
  u_decoder/diff_mask_reg[95][6]/CLK (DFFASRHQNx1_ASAP7_75t_R)     0.00 #     0.00 r
  u_decoder/diff_mask_reg[95][6]/QN (DFFASRHQNx1_ASAP7_75t_R)    58.09    58.09 r
  u_decoder/U3557/Y (AOI22xp5_ASAP7_75t_R)               11.41      69.50 f
  u_decoder/diff_mask_reg[95][6]/D (DFFASRHQNx1_ASAP7_75t_R)     0.00    69.50 f
  data arrival time                                                 69.50

  clock clk (rise edge)                                   0.00       0.00
  clock network delay (ideal)                             0.00       0.00
  clock uncertainty                                      50.00      50.00
  u_decoder/diff_mask_reg[95][6]/CLK (DFFASRHQNx1_ASAP7_75t_R)     0.00    50.00 r
  library hold time                                      15.11      65.11
  data required time                                                65.11
  --------------------------------------------------------------------------
  data required time                                                65.11
  data arrival time                                                -69.50
  --------------------------------------------------------------------------
  slack (MET)                                                        4.39


  Startpoint: u_decoder/diff_mask_reg[79][15]
              (rising edge-triggered flip-flop clocked by clk)
  Endpoint: u_decoder/diff_mask_reg[79][15]
            (rising edge-triggered flip-flop clocked by clk)
  Path Group: clk
  Path Type: min

  Point                                                   Incr       Path
  --------------------------------------------------------------------------
  clock clk (rise edge)                                   0.00       0.00
  clock network delay (ideal)                             0.00       0.00
  u_decoder/diff_mask_reg[79][15]/CLK (DFFASRHQNx1_ASAP7_75t_R)     0.00 #     0.00 r
  u_decoder/diff_mask_reg[79][15]/QN (DFFASRHQNx1_ASAP7_75t_R)    58.09    58.09 r
  u_decoder/U3536/Y (AOI22xp5_ASAP7_75t_R)               11.41      69.50 f
  u_decoder/diff_mask_reg[79][15]/D (DFFASRHQNx1_ASAP7_75t_R)     0.00    69.50 f
  data arrival time                                                 69.50

  clock clk (rise edge)                                   0.00       0.00
  clock network delay (ideal)                             0.00       0.00
  clock uncertainty                                      50.00      50.00
  u_decoder/diff_mask_reg[79][15]/CLK (DFFASRHQNx1_ASAP7_75t_R)     0.00    50.00 r
  library hold time                                      15.11      65.11
  data required time                                                65.11
  --------------------------------------------------------------------------
  data required time                                                65.11
  data arrival time                                                -69.50
  --------------------------------------------------------------------------
  slack (MET)                                                        4.39


  Startpoint: u_decoder/diff_mask_reg[31][6]
              (rising edge-triggered flip-flop clocked by clk)
  Endpoint: u_decoder/diff_mask_reg[31][6]
            (rising edge-triggered flip-flop clocked by clk)
  Path Group: clk
  Path Type: min

  Point                                                   Incr       Path
  --------------------------------------------------------------------------
  clock clk (rise edge)                                   0.00       0.00
  clock network delay (ideal)                             0.00       0.00
  u_decoder/diff_mask_reg[31][6]/CLK (DFFASRHQNx1_ASAP7_75t_R)     0.00 #     0.00 r
  u_decoder/diff_mask_reg[31][6]/QN (DFFASRHQNx1_ASAP7_75t_R)    58.09    58.09 r
  u_decoder/U3431/Y (AOI22xp5_ASAP7_75t_R)               11.41      69.50 f
  u_decoder/diff_mask_reg[31][6]/D (DFFASRHQNx1_ASAP7_75t_R)     0.00    69.50 f
  data arrival time                                                 69.50

  clock clk (rise edge)                                   0.00       0.00
  clock network delay (ideal)                             0.00       0.00
  clock uncertainty                                      50.00      50.00
  u_decoder/diff_mask_reg[31][6]/CLK (DFFASRHQNx1_ASAP7_75t_R)     0.00    50.00 r
  library hold time                                      15.11      65.11
  data required time                                                65.11
  --------------------------------------------------------------------------
  data required time                                                65.11
  data arrival time                                                -69.50
  --------------------------------------------------------------------------
  slack (MET)                                                        4.39


  Startpoint: u_decoder/diff_mask_reg[15][6]
              (rising edge-triggered flip-flop clocked by clk)
  Endpoint: u_decoder/diff_mask_reg[15][6]
            (rising edge-triggered flip-flop clocked by clk)
  Path Group: clk
  Path Type: min

  Point                                                   Incr       Path
  --------------------------------------------------------------------------
  clock clk (rise edge)                                   0.00       0.00
  clock network delay (ideal)                             0.00       0.00
  u_decoder/diff_mask_reg[15][6]/CLK (DFFASRHQNx1_ASAP7_75t_R)     0.00 #     0.00 r
  u_decoder/diff_mask_reg[15][6]/QN (DFFASRHQNx1_ASAP7_75t_R)    58.09    58.09 r
  u_decoder/U3399/Y (AOI22xp5_ASAP7_75t_R)               11.41      69.50 f
  u_decoder/diff_mask_reg[15][6]/D (DFFASRHQNx1_ASAP7_75t_R)     0.00    69.50 f
  data arrival time                                                 69.50

  clock clk (rise edge)                                   0.00       0.00
  clock network delay (ideal)                             0.00       0.00
  clock uncertainty                                      50.00      50.00
  u_decoder/diff_mask_reg[15][6]/CLK (DFFASRHQNx1_ASAP7_75t_R)     0.00    50.00 r
  library hold time                                      15.11      65.11
  data required time                                                65.11
  --------------------------------------------------------------------------
  data required time                                                65.11
  data arrival time                                                -69.50
  --------------------------------------------------------------------------
  slack (MET)                                                        4.39


  Startpoint: u_decoder/diff_mask_reg[67][4]
              (rising edge-triggered flip-flop clocked by clk)
  Endpoint: u_decoder/diff_mask_reg[67][4]
            (rising edge-triggered flip-flop clocked by clk)
  Path Group: clk
  Path Type: min

  Point                                                   Incr       Path
  --------------------------------------------------------------------------
  clock clk (rise edge)                                   0.00       0.00
  clock network delay (ideal)                             0.00       0.00
  u_decoder/diff_mask_reg[67][4]/CLK (DFFASRHQNx1_ASAP7_75t_R)     0.00 #     0.00 r
  u_decoder/diff_mask_reg[67][4]/QN (DFFASRHQNx1_ASAP7_75t_R)    58.13    58.13 r
  u_decoder/U4413/Y (AOI22xp5_ASAP7_75t_R)               11.42      69.55 f
  u_decoder/diff_mask_reg[67][4]/D (DFFASRHQNx1_ASAP7_75t_R)     0.00    69.55 f
  data arrival time                                                 69.55

  clock clk (rise edge)                                   0.00       0.00
  clock network delay (ideal)                             0.00       0.00
  clock uncertainty                                      50.00      50.00
  u_decoder/diff_mask_reg[67][4]/CLK (DFFASRHQNx1_ASAP7_75t_R)     0.00    50.00 r
  library hold time                                      15.11      65.11
  data required time                                                65.11
  --------------------------------------------------------------------------
  data required time                                                65.11
  data arrival time                                                -69.55
  --------------------------------------------------------------------------
  slack (MET)                                                        4.44


  Startpoint: u_decoder/diff_mask_reg[115][4]
              (rising edge-triggered flip-flop clocked by clk)
  Endpoint: u_decoder/diff_mask_reg[115][4]
            (rising edge-triggered flip-flop clocked by clk)
  Path Group: clk
  Path Type: min

  Point                                                   Incr       Path
  --------------------------------------------------------------------------
  clock clk (rise edge)                                   0.00       0.00
  clock network delay (ideal)                             0.00       0.00
  u_decoder/diff_mask_reg[115][4]/CLK (DFFASRHQNx1_ASAP7_75t_R)     0.00 #     0.00 r
  u_decoder/diff_mask_reg[115][4]/QN (DFFASRHQNx1_ASAP7_75t_R)    58.13    58.13 r
  u_decoder/U2830/Y (AOI22xp5_ASAP7_75t_R)               11.42      69.55 f
  u_decoder/diff_mask_reg[115][4]/D (DFFASRHQNx1_ASAP7_75t_R)     0.00    69.55 f
  data arrival time                                                 69.55

  clock clk (rise edge)                                   0.00       0.00
  clock network delay (ideal)                             0.00       0.00
  clock uncertainty                                      50.00      50.00
  u_decoder/diff_mask_reg[115][4]/CLK (DFFASRHQNx1_ASAP7_75t_R)     0.00    50.00 r
  library hold time                                      15.11      65.11
  data required time                                                65.11
  --------------------------------------------------------------------------
  data required time                                                65.11
  data arrival time                                                -69.55
  --------------------------------------------------------------------------
  slack (MET)                                                        4.44


  Startpoint: u_decoder/diff_mask_reg[55][0]
              (rising edge-triggered flip-flop clocked by clk)
  Endpoint: u_decoder/diff_mask_reg[55][0]
            (rising edge-triggered flip-flop clocked by clk)
  Path Group: clk
  Path Type: min

  Point                                                   Incr       Path
  --------------------------------------------------------------------------
  clock clk (rise edge)                                   0.00       0.00
  clock network delay (ideal)                             0.00       0.00
  u_decoder/diff_mask_reg[55][0]/CLK (DFFASRHQNx1_ASAP7_75t_R)     0.00 #     0.00 r
  u_decoder/diff_mask_reg[55][0]/QN (DFFASRHQNx1_ASAP7_75t_R)    58.31    58.31 r
  u_decoder/U3812/Y (AOI22xp5_ASAP7_75t_R)               11.46      69.77 f
  u_decoder/diff_mask_reg[55][0]/D (DFFASRHQNx1_ASAP7_75t_R)     0.00    69.77 f
  data arrival time                                                 69.77

  clock clk (rise edge)                                   0.00       0.00
  clock network delay (ideal)                             0.00       0.00
  clock uncertainty                                      50.00      50.00
  u_decoder/diff_mask_reg[55][0]/CLK (DFFASRHQNx1_ASAP7_75t_R)     0.00    50.00 r
  library hold time                                      15.10      65.10
  data required time                                                65.10
  --------------------------------------------------------------------------
  data required time                                                65.10
  data arrival time                                                -69.77
  --------------------------------------------------------------------------
  slack (MET)                                                        4.66


  Startpoint: u_decoder/diff_mask_reg[39][7]
              (rising edge-triggered flip-flop clocked by clk)
  Endpoint: u_decoder/diff_mask_reg[39][7]
            (rising edge-triggered flip-flop clocked by clk)
  Path Group: clk
  Path Type: min

  Point                                                   Incr       Path
  --------------------------------------------------------------------------
  clock clk (rise edge)                                   0.00       0.00
  clock network delay (ideal)                             0.00       0.00
  u_decoder/diff_mask_reg[39][7]/CLK (DFFASRHQNx1_ASAP7_75t_R)     0.00 #     0.00 r
  u_decoder/diff_mask_reg[39][7]/QN (DFFASRHQNx1_ASAP7_75t_R)    58.31    58.31 r
  u_decoder/U3755/Y (AOI22xp5_ASAP7_75t_R)               11.46      69.77 f
  u_decoder/diff_mask_reg[39][7]/D (DFFASRHQNx1_ASAP7_75t_R)     0.00    69.77 f
  data arrival time                                                 69.77

  clock clk (rise edge)                                   0.00       0.00
  clock network delay (ideal)                             0.00       0.00
  clock uncertainty                                      50.00      50.00
  u_decoder/diff_mask_reg[39][7]/CLK (DFFASRHQNx1_ASAP7_75t_R)     0.00    50.00 r
  library hold time                                      15.10      65.10
  data required time                                                65.10
  --------------------------------------------------------------------------
  data required time                                                65.10
  data arrival time                                                -69.77
  --------------------------------------------------------------------------
  slack (MET)                                                        4.66


  Startpoint: u_decoder/diff_mask_reg[39][6]
              (rising edge-triggered flip-flop clocked by clk)
  Endpoint: u_decoder/diff_mask_reg[39][6]
            (rising edge-triggered flip-flop clocked by clk)
  Path Group: clk
  Path Type: min

  Point                                                   Incr       Path
  --------------------------------------------------------------------------
  clock clk (rise edge)                                   0.00       0.00
  clock network delay (ideal)                             0.00       0.00
  u_decoder/diff_mask_reg[39][6]/CLK (DFFASRHQNx1_ASAP7_75t_R)     0.00 #     0.00 r
  u_decoder/diff_mask_reg[39][6]/QN (DFFASRHQNx1_ASAP7_75t_R)    58.31    58.31 r
  u_decoder/U3754/Y (AOI22xp5_ASAP7_75t_R)               11.46      69.77 f
  u_decoder/diff_mask_reg[39][6]/D (DFFASRHQNx1_ASAP7_75t_R)     0.00    69.77 f
  data arrival time                                                 69.77

  clock clk (rise edge)                                   0.00       0.00
  clock network delay (ideal)                             0.00       0.00
  clock uncertainty                                      50.00      50.00
  u_decoder/diff_mask_reg[39][6]/CLK (DFFASRHQNx1_ASAP7_75t_R)     0.00    50.00 r
  library hold time                                      15.10      65.10
  data required time                                                65.10
  --------------------------------------------------------------------------
  data required time                                                65.10
  data arrival time                                                -69.77
  --------------------------------------------------------------------------
  slack (MET)                                                        4.66


  Startpoint: u_decoder/diff_mask_reg[39][0]
              (rising edge-triggered flip-flop clocked by clk)
  Endpoint: u_decoder/diff_mask_reg[39][0]
            (rising edge-triggered flip-flop clocked by clk)
  Path Group: clk
  Path Type: min

  Point                                                   Incr       Path
  --------------------------------------------------------------------------
  clock clk (rise edge)                                   0.00       0.00
  clock network delay (ideal)                             0.00       0.00
  u_decoder/diff_mask_reg[39][0]/CLK (DFFASRHQNx1_ASAP7_75t_R)     0.00 #     0.00 r
  u_decoder/diff_mask_reg[39][0]/QN (DFFASRHQNx1_ASAP7_75t_R)    58.31    58.31 r
  u_decoder/U3748/Y (AOI22xp5_ASAP7_75t_R)               11.46      69.77 f
  u_decoder/diff_mask_reg[39][0]/D (DFFASRHQNx1_ASAP7_75t_R)     0.00    69.77 f
  data arrival time                                                 69.77

  clock clk (rise edge)                                   0.00       0.00
  clock network delay (ideal)                             0.00       0.00
  clock uncertainty                                      50.00      50.00
  u_decoder/diff_mask_reg[39][0]/CLK (DFFASRHQNx1_ASAP7_75t_R)     0.00    50.00 r
  library hold time                                      15.10      65.10
  data required time                                                65.10
  --------------------------------------------------------------------------
  data required time                                                65.10
  data arrival time                                                -69.77
  --------------------------------------------------------------------------
  slack (MET)                                                        4.66


  Startpoint: u_decoder/diff_mask_reg[23][7]
              (rising edge-triggered flip-flop clocked by clk)
  Endpoint: u_decoder/diff_mask_reg[23][7]
            (rising edge-triggered flip-flop clocked by clk)
  Path Group: clk
  Path Type: min

  Point                                                   Incr       Path
  --------------------------------------------------------------------------
  clock clk (rise edge)                                   0.00       0.00
  clock network delay (ideal)                             0.00       0.00
  u_decoder/diff_mask_reg[23][7]/CLK (DFFASRHQNx1_ASAP7_75t_R)     0.00 #     0.00 r
  u_decoder/diff_mask_reg[23][7]/QN (DFFASRHQNx1_ASAP7_75t_R)    58.31    58.31 r
  u_decoder/U3694/Y (AOI22xp5_ASAP7_75t_R)               11.46      69.77 f
  u_decoder/diff_mask_reg[23][7]/D (DFFASRHQNx1_ASAP7_75t_R)     0.00    69.77 f
  data arrival time                                                 69.77

  clock clk (rise edge)                                   0.00       0.00
  clock network delay (ideal)                             0.00       0.00
  clock uncertainty                                      50.00      50.00
  u_decoder/diff_mask_reg[23][7]/CLK (DFFASRHQNx1_ASAP7_75t_R)     0.00    50.00 r
  library hold time                                      15.10      65.10
  data required time                                                65.10
  --------------------------------------------------------------------------
  data required time                                                65.10
  data arrival time                                                -69.77
  --------------------------------------------------------------------------
  slack (MET)                                                        4.66


  Startpoint: u_decoder/diff_mask_reg[23][4]
              (rising edge-triggered flip-flop clocked by clk)
  Endpoint: u_decoder/diff_mask_reg[23][4]
            (rising edge-triggered flip-flop clocked by clk)
  Path Group: clk
  Path Type: min

  Point                                                   Incr       Path
  --------------------------------------------------------------------------
  clock clk (rise edge)                                   0.00       0.00
  clock network delay (ideal)                             0.00       0.00
  u_decoder/diff_mask_reg[23][4]/CLK (DFFASRHQNx1_ASAP7_75t_R)     0.00 #     0.00 r
  u_decoder/diff_mask_reg[23][4]/QN (DFFASRHQNx1_ASAP7_75t_R)    58.31    58.31 r
  u_decoder/U3691/Y (AOI22xp5_ASAP7_75t_R)               11.46      69.77 f
  u_decoder/diff_mask_reg[23][4]/D (DFFASRHQNx1_ASAP7_75t_R)     0.00    69.77 f
  data arrival time                                                 69.77

  clock clk (rise edge)                                   0.00       0.00
  clock network delay (ideal)                             0.00       0.00
  clock uncertainty                                      50.00      50.00
  u_decoder/diff_mask_reg[23][4]/CLK (DFFASRHQNx1_ASAP7_75t_R)     0.00    50.00 r
  library hold time                                      15.10      65.10
  data required time                                                65.10
  --------------------------------------------------------------------------
  data required time                                                65.10
  data arrival time                                                -69.77
  --------------------------------------------------------------------------
  slack (MET)                                                        4.66


  Startpoint: u_decoder/diff_mask_reg[23][3]
              (rising edge-triggered flip-flop clocked by clk)
  Endpoint: u_decoder/diff_mask_reg[23][3]
            (rising edge-triggered flip-flop clocked by clk)
  Path Group: clk
  Path Type: min

  Point                                                   Incr       Path
  --------------------------------------------------------------------------
  clock clk (rise edge)                                   0.00       0.00
  clock network delay (ideal)                             0.00       0.00
  u_decoder/diff_mask_reg[23][3]/CLK (DFFASRHQNx1_ASAP7_75t_R)     0.00 #     0.00 r
  u_decoder/diff_mask_reg[23][3]/QN (DFFASRHQNx1_ASAP7_75t_R)    58.31    58.31 r
  u_decoder/U3690/Y (AOI22xp5_ASAP7_75t_R)               11.46      69.77 f
  u_decoder/diff_mask_reg[23][3]/D (DFFASRHQNx1_ASAP7_75t_R)     0.00    69.77 f
  data arrival time                                                 69.77

  clock clk (rise edge)                                   0.00       0.00
  clock network delay (ideal)                             0.00       0.00
  clock uncertainty                                      50.00      50.00
  u_decoder/diff_mask_reg[23][3]/CLK (DFFASRHQNx1_ASAP7_75t_R)     0.00    50.00 r
  library hold time                                      15.10      65.10
  data required time                                                65.10
  --------------------------------------------------------------------------
  data required time                                                65.10
  data arrival time                                                -69.77
  --------------------------------------------------------------------------
  slack (MET)                                                        4.66


  Startpoint: u_decoder/diff_mask_reg[7][0]
              (rising edge-triggered flip-flop clocked by clk)
  Endpoint: u_decoder/diff_mask_reg[7][0]
            (rising edge-triggered flip-flop clocked by clk)
  Path Group: clk
  Path Type: min

  Point                                                   Incr       Path
  --------------------------------------------------------------------------
  clock clk (rise edge)                                   0.00       0.00
  clock network delay (ideal)                             0.00       0.00
  u_decoder/diff_mask_reg[7][0]/CLK (DFFASRHQNx1_ASAP7_75t_R)     0.00 #     0.00 r
  u_decoder/diff_mask_reg[7][0]/QN (DFFASRHQNx1_ASAP7_75t_R)    58.31    58.31 r
  u_decoder/U3623/Y (AOI22xp5_ASAP7_75t_R)               11.46      69.77 f
  u_decoder/diff_mask_reg[7][0]/D (DFFASRHQNx1_ASAP7_75t_R)     0.00    69.77 f
  data arrival time                                                 69.77

  clock clk (rise edge)                                   0.00       0.00
  clock network delay (ideal)                             0.00       0.00
  clock uncertainty                                      50.00      50.00
  u_decoder/diff_mask_reg[7][0]/CLK (DFFASRHQNx1_ASAP7_75t_R)     0.00    50.00 r
  library hold time                                      15.10      65.10
  data required time                                                65.10
  --------------------------------------------------------------------------
  data required time                                                65.10
  data arrival time                                                -69.77
  --------------------------------------------------------------------------
  slack (MET)                                                        4.66


  Startpoint: u_decoder/diff_mask_reg[31][7]
              (rising edge-triggered flip-flop clocked by clk)
  Endpoint: u_decoder/diff_mask_reg[31][7]
            (rising edge-triggered flip-flop clocked by clk)
  Path Group: clk
  Path Type: min

  Point                                                   Incr       Path
  --------------------------------------------------------------------------
  clock clk (rise edge)                                   0.00       0.00
  clock network delay (ideal)                             0.00       0.00
  u_decoder/diff_mask_reg[31][7]/CLK (DFFASRHQNx1_ASAP7_75t_R)     0.00 #     0.00 r
  u_decoder/diff_mask_reg[31][7]/QN (DFFASRHQNx1_ASAP7_75t_R)    58.31    58.31 r
  u_decoder/U3432/Y (AOI22xp5_ASAP7_75t_R)               11.46      69.77 f
  u_decoder/diff_mask_reg[31][7]/D (DFFASRHQNx1_ASAP7_75t_R)     0.00    69.77 f
  data arrival time                                                 69.77

  clock clk (rise edge)                                   0.00       0.00
  clock network delay (ideal)                             0.00       0.00
  clock uncertainty                                      50.00      50.00
  u_decoder/diff_mask_reg[31][7]/CLK (DFFASRHQNx1_ASAP7_75t_R)     0.00    50.00 r
  library hold time                                      15.10      65.10
  data required time                                                65.10
  --------------------------------------------------------------------------
  data required time                                                65.10
  data arrival time                                                -69.77
  --------------------------------------------------------------------------
  slack (MET)                                                        4.66


  Startpoint: u_decoder/diff_mask_reg[31][2]
              (rising edge-triggered flip-flop clocked by clk)
  Endpoint: u_decoder/diff_mask_reg[31][2]
            (rising edge-triggered flip-flop clocked by clk)
  Path Group: clk
  Path Type: min

  Point                                                   Incr       Path
  --------------------------------------------------------------------------
  clock clk (rise edge)                                   0.00       0.00
  clock network delay (ideal)                             0.00       0.00
  u_decoder/diff_mask_reg[31][2]/CLK (DFFASRHQNx1_ASAP7_75t_R)     0.00 #     0.00 r
  u_decoder/diff_mask_reg[31][2]/QN (DFFASRHQNx1_ASAP7_75t_R)    58.31    58.31 r
  u_decoder/U3427/Y (AOI22xp5_ASAP7_75t_R)               11.46      69.77 f
  u_decoder/diff_mask_reg[31][2]/D (DFFASRHQNx1_ASAP7_75t_R)     0.00    69.77 f
  data arrival time                                                 69.77

  clock clk (rise edge)                                   0.00       0.00
  clock network delay (ideal)                             0.00       0.00
  clock uncertainty                                      50.00      50.00
  u_decoder/diff_mask_reg[31][2]/CLK (DFFASRHQNx1_ASAP7_75t_R)     0.00    50.00 r
  library hold time                                      15.10      65.10
  data required time                                                65.10
  --------------------------------------------------------------------------
  data required time                                                65.10
  data arrival time                                                -69.77
  --------------------------------------------------------------------------
  slack (MET)                                                        4.66


  Startpoint: u_decoder/diff_mask_reg[31][0]
              (rising edge-triggered flip-flop clocked by clk)
  Endpoint: u_decoder/diff_mask_reg[31][0]
            (rising edge-triggered flip-flop clocked by clk)
  Path Group: clk
  Path Type: min

  Point                                                   Incr       Path
  --------------------------------------------------------------------------
  clock clk (rise edge)                                   0.00       0.00
  clock network delay (ideal)                             0.00       0.00
  u_decoder/diff_mask_reg[31][0]/CLK (DFFASRHQNx1_ASAP7_75t_R)     0.00 #     0.00 r
  u_decoder/diff_mask_reg[31][0]/QN (DFFASRHQNx1_ASAP7_75t_R)    58.31    58.31 r
  u_decoder/U3425/Y (AOI22xp5_ASAP7_75t_R)               11.46      69.77 f
  u_decoder/diff_mask_reg[31][0]/D (DFFASRHQNx1_ASAP7_75t_R)     0.00    69.77 f
  data arrival time                                                 69.77

  clock clk (rise edge)                                   0.00       0.00
  clock network delay (ideal)                             0.00       0.00
  clock uncertainty                                      50.00      50.00
  u_decoder/diff_mask_reg[31][0]/CLK (DFFASRHQNx1_ASAP7_75t_R)     0.00    50.00 r
  library hold time                                      15.10      65.10
  data required time                                                65.10
  --------------------------------------------------------------------------
  data required time                                                65.10
  data arrival time                                                -69.77
  --------------------------------------------------------------------------
  slack (MET)                                                        4.66


  Startpoint: u_decoder/diff_mask_reg[15][4]
              (rising edge-triggered flip-flop clocked by clk)
  Endpoint: u_decoder/diff_mask_reg[15][4]
            (rising edge-triggered flip-flop clocked by clk)
  Path Group: clk
  Path Type: min

  Point                                                   Incr       Path
  --------------------------------------------------------------------------
  clock clk (rise edge)                                   0.00       0.00
  clock network delay (ideal)                             0.00       0.00
  u_decoder/diff_mask_reg[15][4]/CLK (DFFASRHQNx1_ASAP7_75t_R)     0.00 #     0.00 r
  u_decoder/diff_mask_reg[15][4]/QN (DFFASRHQNx1_ASAP7_75t_R)    58.31    58.31 r
  u_decoder/U3397/Y (AOI22xp5_ASAP7_75t_R)               11.46      69.77 f
  u_decoder/diff_mask_reg[15][4]/D (DFFASRHQNx1_ASAP7_75t_R)     0.00    69.77 f
  data arrival time                                                 69.77

  clock clk (rise edge)                                   0.00       0.00
  clock network delay (ideal)                             0.00       0.00
  clock uncertainty                                      50.00      50.00
  u_decoder/diff_mask_reg[15][4]/CLK (DFFASRHQNx1_ASAP7_75t_R)     0.00    50.00 r
  library hold time                                      15.10      65.10
  data required time                                                65.10
  --------------------------------------------------------------------------
  data required time                                                65.10
  data arrival time                                                -69.77
  --------------------------------------------------------------------------
  slack (MET)                                                        4.66


  Startpoint: u_decoder/diff_mask_reg[15][0]
              (rising edge-triggered flip-flop clocked by clk)
  Endpoint: u_decoder/diff_mask_reg[15][0]
            (rising edge-triggered flip-flop clocked by clk)
  Path Group: clk
  Path Type: min

  Point                                                   Incr       Path
  --------------------------------------------------------------------------
  clock clk (rise edge)                                   0.00       0.00
  clock network delay (ideal)                             0.00       0.00
  u_decoder/diff_mask_reg[15][0]/CLK (DFFASRHQNx1_ASAP7_75t_R)     0.00 #     0.00 r
  u_decoder/diff_mask_reg[15][0]/QN (DFFASRHQNx1_ASAP7_75t_R)    58.31    58.31 r
  u_decoder/U3393/Y (AOI22xp5_ASAP7_75t_R)               11.46      69.77 f
  u_decoder/diff_mask_reg[15][0]/D (DFFASRHQNx1_ASAP7_75t_R)     0.00    69.77 f
  data arrival time                                                 69.77

  clock clk (rise edge)                                   0.00       0.00
  clock network delay (ideal)                             0.00       0.00
  clock uncertainty                                      50.00      50.00
  u_decoder/diff_mask_reg[15][0]/CLK (DFFASRHQNx1_ASAP7_75t_R)     0.00    50.00 r
  library hold time                                      15.10      65.10
  data required time                                                65.10
  --------------------------------------------------------------------------
  data required time                                                65.10
  data arrival time                                                -69.77
  --------------------------------------------------------------------------
  slack (MET)                                                        4.66


1
