============================================================
  Generated by:           Genus(TM) Synthesis Solution 25.10-p002_1
  Generated on:           Aug 31 2026  12:58:02 pm
  Module:                 fp32_mul
  Operating conditions:   PVT_0P7V_25C (balanced_tree)
  Wireload mode:          enclosed
  Area mode:              timing library
============================================================


Path 1: MET (0 ps) Setup Check with Pin prod_reg[43]/CLK->D
          Group: clk
     Startpoint: (R) cmid_reg[1]/CLK
          Clock: (R) clk
       Endpoint: (R) prod_reg[43]/D
          Clock: (R) clk

                     Capture       Launch     
        Clock Edge:+     630            0     
       Src Latency:+       0            0     
       Net Latency:+       0 (I)        0 (I) 
           Arrival:=     630            0     
                                              
             Setup:-      11                  
       Uncertainty:-      19                  
     Required Time:=     600                  
      Launch Clock:-       0                  
         Data Path:-     600                  
             Slack:=       0                  

#-------------------------------------------------------------------------------------------------------------------
#      Timing Point        Flags    Arc    Edge           Cell             Fanout Load Trans Delay Arrival Instance 
#                                                                                 (fF)  (ps)  (ps)   (ps)  Location 
#-------------------------------------------------------------------------------------------------------------------
  cmid_reg[1]/CLK          -       -       R     (arrival)                    670    -     0     0       0    (-,-) 
  cmid_reg[1]/QN           -       CLK->QN R     ASYNC_DFFHx1_ASAP7_75t_SL      2  1.7    23    39      39    (-,-) 
  g9895__6161/Y            -       B->Y    F     XOR2xp5_ASAP7_75t_SL           2  1.2    21    13      52    (-,-) 
  g9056__1666/Y            -       B->Y    R     NAND2xp5_ASAP7_75t_SL          2  1.2    21    13      64    (-,-) 
  g9048__6161/Y            -       B->Y    F     OAI21xp5_ASAP7_75t_SL          2  1.2    20    10      75    (-,-) 
  g9045__7482/Y            -       B->Y    R     NAND2xp5_ASAP7_75t_SL          2  1.2    20    13      87    (-,-) 
  g9035__8246/Y            -       B->Y    F     OAI21xp5_ASAP7_75t_SL          2  1.2    20    10      98    (-,-) 
  g9030__1617/Y            -       B->Y    R     NAND2xp5_ASAP7_75t_SL          2  1.2    20    13     110    (-,-) 
  g9019__4319/Y            -       B->Y    F     OAI21xp5_ASAP7_75t_SL          2  1.2    20    10     121    (-,-) 
  g9014__5477/Y            -       B->Y    R     NAND2xp5_ASAP7_75t_SL          2  1.2    20    13     134    (-,-) 
  g9008__6417/Y            -       B->Y    F     OAI21xp5_ASAP7_75t_SL          2  1.2    20    10     144    (-,-) 
  g9000__6161/Y            -       B->Y    R     NAND2xp5_ASAP7_75t_SL          2  1.2    20    13     157    (-,-) 
  g8994__5115/Y            -       B->Y    F     OAI21xp5_ASAP7_75t_SL          2  1.2    20    10     167    (-,-) 
  g8986__8246/Y            -       B->Y    R     NAND2xp5_ASAP7_75t_SL          2  1.2    20    13     180    (-,-) 
  g8979__1705/Y            -       B->Y    F     OAI21xp5_ASAP7_75t_SL          2  1.2    20    10     190    (-,-) 
  g8976__1617/Y            -       B->Y    R     NAND2xp5_ASAP7_75t_SL          2  1.2    20    13     203    (-,-) 
  g8974__3680/Y            -       B->Y    F     OAI21xp5_ASAP7_75t_SL          2  1.2    20    10     213    (-,-) 
  g8971__5526/Y            -       B->Y    R     NAND2xp5_ASAP7_75t_SL          2  1.2    20    13     226    (-,-) 
  g8969__4319/Y            -       B->Y    F     OAI21xp5_ASAP7_75t_SL          2  1.2    20    10     236    (-,-) 
  g8968__6260/Y            -       B->Y    R     NAND2xp5_ASAP7_75t_SL          2  1.2    20    13     249    (-,-) 
  g8967__5107/Y            -       B->Y    F     OAI21xp5_ASAP7_75t_SL          2  1.6    24    12     261    (-,-) 
  g8816__2398/Y            -       A1->Y   R     AOI21xp5_ASAP7_75t_SL          2  0.8    20    11     272    (-,-) 
  g8815__5477/Y            -       B->Y    F     NOR2xp33_ASAP7_75t_SL          2  1.1    29    16     288    (-,-) 
  g8809__2346/Y            -       B->Y    R     AOI21xp5_ASAP7_75t_SL          2  1.3    27    17     305    (-,-) 
  addinc_add_42_37_g1317/Y -       A->Y    F     INVx1_ASAP7_75t_SL             2  1.2    14     8     313    (-,-) 
  addinc_add_42_37_g1257/Y -       A->Y    R     MAJIxp5_ASAP7_75t_SL           2  2.2    37    20     333    (-,-) 
  addinc_add_42_37_g1251/Y -       A->Y    F     MAJIxp5_ASAP7_75t_SL           2  1.7    30    17     350    (-,-) 
  addinc_add_42_37_g1247/Y -       A->Y    R     MAJIxp5_ASAP7_75t_SL           2  2.6    44    26     375    (-,-) 
  addinc_add_42_37_g1244/Y -       A->Y    F     MAJIxp5_ASAP7_75t_SL           2  1.7    31    18     393    (-,-) 
  addinc_add_42_37_g1241/Y -       A->Y    R     MAJIxp5_ASAP7_75t_SL           2  1.7    34    21     414    (-,-) 
  addinc_add_42_37_g1238/Y -       A->Y    F     MAJIxp5_ASAP7_75t_SL           2  1.7    29    17     431    (-,-) 
  addinc_add_42_37_g1236/Y -       A->Y    R     MAJIxp5_ASAP7_75t_SL           2  1.7    34    20     451    (-,-) 
  addinc_add_42_37_g1233/Y -       A->Y    F     MAJIxp5_ASAP7_75t_SL           2  1.7    28    17     468    (-,-) 
  addinc_add_42_37_g1230/Y -       B->Y    R     AOI21xp5_ASAP7_75t_SL          2  0.9    23    15     482    (-,-) 
  addinc_add_42_37_g1228/Y -       C->Y    F     NAND3xp33_ASAP7_75t_L          1  0.6    19    11     494    (-,-) 
  addinc_add_42_37_g1224/Y -       A2->Y   R     AOI22xp5_ASAP7_75t_SL          3  1.5    30    16     510    (-,-) 
  addinc_add_42_37_g1214/Y -       A2->Y   F     A2O1A1Ixp33_ASAP7_75t_SL       3  1.7    35    17     526    (-,-) 
  addinc_add_42_37_g1206/Y -       B->Y    R     NOR2xp33_ASAP7_75t_L           3  1.5    41    27     553    (-,-) 
  addinc_add_42_37_g1200/Y -       B->Y    F     NAND2xp5_ASAP7_75t_SL          3  1.5    26    14     568    (-,-) 
  addinc_add_42_37_g1192/Y -       B->Y    R     NOR2xp33_ASAP7_75t_L           1  1.1    31    20     588    (-,-) 
  g9967/Y                  -       A->Y    R     XNOR2xp5_ASAP7_75t_SL          1  0.6    20    12     600    (-,-) 
  prod_reg[43]/D           <<<     -       R     ASYNC_DFFHx1_ASAP7_75t_L       1    -     -     0     600    (-,-) 
#-------------------------------------------------------------------------------------------------------------------

