============================================================
  Generated by:           Genus(TM) Synthesis Solution 25.10-p002_1
  Generated on:           Aug 31 2026  12:58:02 pm
  Module:                 fp32_mul
  Operating conditions:   PVT_0P7V_25C (balanced_tree)
  Wireload mode:          enclosed
  Area mode:              timing library
============================================================

Timing
--------

Clock Period 
-------------
clk    630.0 


  Cost    Critical         Violating 
 Group   Path Slack  TNS     Paths   
-------------------------------------
clk             0.2   0.0          0 
default    No paths   0.0            
-------------------------------------
Total                 0.0          0 

Instance Count
--------------
Leaf Instance Count             4484 
Physical Instance count            0 
Sequential Instance Count        670 
Combinational Instance Count    3814 
Hierarchical Instance Count        0 

Area
----
Cell Area                          499.584
Physical Cell Area                 0.000
Total Cell Area (Cell+Physical)    499.584
Net Area                           0.000
Total Area (Cell+Physical+Net)     499.584

Max Fanout                         670 (clk)
Min Fanout                         0 (n_0)
Average Fanout                     2.1
Terms to net ratio                 3.3624
Terms to instance ratio            3.4697
Runtime                            81.767281 seconds
Elapsed Runtime                    86 seconds
Genus peak memory usage            2334.00 
Innovus peak memory usage          no_value 
Hostname                           squire.ece.uw.edu
