============================================================
  Generated by:           Genus(TM) Synthesis Solution 25.10-p002_1
  Generated on:           Aug 31 2026  01:03:55 pm
  Module:                 rotate_q_bf16
  Operating conditions:   PVT_0P7V_25C (balanced_tree)
  Wireload mode:          enclosed
  Area mode:              timing library
============================================================


Path 1: MET (0 ps) Setup Check with Pin g_pair[5].u_sc/u_sdiff/y_reg[11]/CLK->D
          Group: clk
     Startpoint: (F) phase[5][14]
          Clock: (R) clk
       Endpoint: (F) g_pair[5].u_sc/u_sdiff/y_reg[11]/D
          Clock: (R) clk

                     Capture       Launch     
        Clock Edge:+    1502            0     
        Drv Adjust:+       0           16     
       Src Latency:+       0            0     
       Net Latency:+       0 (I)        0 (I) 
           Arrival:=    1502           16     
                                              
             Setup:-      13                  
       Uncertainty:-      45                  
     Required Time:=    1443                  
      Launch Clock:-      16                  
       Input Delay:-     150                  
         Data Path:-    1277                  
             Slack:=       0                  

Exceptions/Constraints:
  input_delay             150             in_del_339_1   

#---------------------------------------------------------------------------------------------------------------------------------
#             Timing Point              Flags    Arc    Edge            Cell             Fanout Load Trans Delay Arrival Instance 
#                                                                                               (fF)  (ps)  (ps)   (ps)  Location 
#---------------------------------------------------------------------------------------------------------------------------------
  phase[5][14]                          -       -       F     (arrival)                      29 15.4    34     0     167    (-,-) 
  g_pair[5].u_sc/g33046/Y               -       A->Y    R     INVx1_ASAP7_75t_SL             26 13.7    95    50     216    (-,-) 
  g_pair[5].u_sc/g33037/Y               -       B->Y    F     NAND2xp5_ASAP7_75t_SL           7  3.8    58    31     247    (-,-) 
  g_pair[5].u_sc/g32876/Y               -       A->Y    R     NAND2xp5_ASAP7_75t_SL           7  3.7    52    33     281    (-,-) 
  g_pair[5].u_sc/g32779/Y               -       A->Y    F     NOR2xp33_ASAP7_75t_SL           1  0.6    26    16     297    (-,-) 
  g_pair[5].u_sc/g32557/Y               -       B->Y    R     A2O1A1Ixp33_ASAP7_75t_SL        2  1.0    27    16     313    (-,-) 
  g_pair[5].u_sc/g32497/Y               -       A->Y    F     NAND2xp5_ASAP7_75t_L            2  1.1    26    12     324    (-,-) 
  g_pair[5].u_sc/g32451/Y               -       B->Y    R     NAND2xp5_ASAP7_75t_SL           1  0.5    42    10     334    (-,-) 
  g_pair[5].u_sc/g32395/Y               -       A1->Y   F     AOI221xp5_ASAP7_75t_SL          2  1.1    36    22     356    (-,-) 
  g_pair[5].u_sc/g32383/Y               -       A1->Y   R     OAI211xp5_ASAP7_75t_SL          4 14.3   272   123     479    (-,-) 
  g_pair[5].u_sc/u_sdiff/g15907/Y       (P)     A->Y    F     CKINVDCx16_ASAP7_75t_R          4  2.3    31    18     497    (-,-) 
  g_pair[5].u_sc/u_sdiff/g15854__5115/Y (P)     B2->Y   R     AOI22xp5_ASAP7_75t_SL           1  1.3    42    18     515    (-,-) 
  g_pair[5].u_sc/u_sdiff/g15805__1881/Y (P)     B->Y    F     OAI21x1_ASAP7_75t_SL            2  1.0    18    10     526    (-,-) 
  g_pair[5].u_sc/u_sdiff/g15799__7098/Y (P)     A1->Y   R     AOI21xp33_ASAP7_75t_SL          1  0.6    36    11     537    (-,-) 
  g_pair[5].u_sc/u_sdiff/g15795__5122/Y (P)     A1->Y   F     OAI21xp5_ASAP7_75t_SL           1  0.5    18    10     546    (-,-) 
  g_pair[5].u_sc/u_sdiff/g15792__1705/Y (P)     A2->Y   R     A2O1A1O1Ixp25_ASAP7_75t_SL      1  0.6    36    14     561    (-,-) 
  g_pair[5].u_sc/u_sdiff/g15791__2802/Y (P)     A2->Y   F     OAI21xp5_ASAP7_75t_SL           1  1.1    22    12     573    (-,-) 
  g_pair[5].u_sc/u_sdiff/g15790__1617/Y (P)     B->Y    F     AND2x6_ASAP7_75t_SL            13 12.5    17    24     597    (-,-) 
  g_pair[5].u_sc/u_sdiff/g15789/Y       (P)     A->Y    R     INVx8_ASAP7_75t_SL             12  7.6    12     8     605    (-,-) 
  g_pair[5].u_sc/u_sdiff/g15777__5107/Y (P)     A1->Y   F     OAI22x1_ASAP7_75t_SL            5  5.9    50    18     624    (-,-) 
  g_pair[5].u_sc/u_sdiff/g15744__8246/Y (P)     B->Y    R     NAND2xp5_ASAP7_75t_SL           2  1.3    28    18     641    (-,-) 
  g_pair[5].u_sc/u_sdiff/g15736/Y       (P)     A->Y    F     INVx1_ASAP7_75t_SL              1  0.6    11     6     647    (-,-) 
  g_pair[5].u_sc/u_sdiff/g15728__1666/Y (P)     A2->Y   R     AOI22xp5_ASAP7_75t_SL           9  5.6    80    36     683    (-,-) 
  g_pair[5].u_sc/u_sdiff/g15722/Y       (P)     A->Y    F     INVx2_ASAP7_75t_L               8  4.7    31    20     703    (-,-) 
  g_pair[5].u_sc/u_sdiff/g15694__5526/Y (P)     A1->Y   R     OAI22xp5_ASAP7_75t_SL           3  1.7    44    18     721    (-,-) 
  g_pair[5].u_sc/u_sdiff/g15685__2346/Y (P)     A->Y    F     NAND4xp25_ASAP7_75t_SL          1  0.5    29    14     736    (-,-) 
  g_pair[5].u_sc/u_sdiff/g15654__5526/Y (P)     A2->Y   R     AOI221xp5_ASAP7_75t_SL          3  3.2    78    35     771    (-,-) 
  g_pair[5].u_sc/u_sdiff/g15630__1666/Y (P)     B->Y    F     NAND2x2_ASAP7_75t_SL            3  5.0    31    13     784    (-,-) 
  g_pair[5].u_sc/u_sdiff/g15620__4733/Y (P)     B->Y    R     NOR2xp67_ASAP7_75t_L            2  1.2    23    16     799    (-,-) 
  g_pair[5].u_sc/u_sdiff/g15612__7098/Y (P)     B->Y    F     NOR2xp67_ASAP7_75t_L            2  1.6    28    16     815    (-,-) 
  g_pair[5].u_sc/u_sdiff/g15607__3680/Y (P)     B->Y    R     A2O1A1O1Ixp25_ASAP7_75t_SL      1  1.6    47    25     840    (-,-) 
  g_pair[5].u_sc/u_sdiff/g15946/CON     (P)     CI->CON F     FAx1_ASAP7_75t_SL               2  2.1    40    23     864    (-,-) 
  g_pair[5].u_sc/u_sdiff/g15598__4319/Y (P)     B1->Y   R     OAI22x1_ASAP7_75t_SL            2  2.1    32    17     881    (-,-) 
  g_pair[5].u_sc/u_sdiff/g15594__5107/Y (P)     A1->Y   F     OAI22x1_ASAP7_75t_SL            2  2.2    24    14     894    (-,-) 
  g_pair[5].u_sc/u_sdiff/g15588__7410/Y (P)     A1->Y   R     OAI22x1_ASAP7_75t_SL            2  1.5    29    12     906    (-,-) 
  g_pair[5].u_sc/u_sdiff/g15584__2883/Y (P)     A1->Y   F     AOI22xp5_ASAP7_75t_SL           2  1.6    29    13     920    (-,-) 
  g_pair[5].u_sc/u_sdiff/g15577__6161/Y (P)     A2->Y   R     OAI22xp5_ASAP7_75t_SL           2  1.1    31    16     936    (-,-) 
  g_pair[5].u_sc/u_sdiff/g15575/Y       (P)     A->Y    F     INVxp67_ASAP7_75t_SL            2  1.2    18    11     946    (-,-) 
  g_pair[5].u_sc/u_sdiff/g15573__5115/Y (P)     B1->Y   R     OAI22xp5_ASAP7_75t_SL           2  4.8    74    33     980    (-,-) 
  g_pair[5].u_sc/u_sdiff/g15566__6131/Y (P)     B->Y    F     NOR2x1_ASAP7_75t_SL             4  1.8    30    16     995    (-,-) 
  g_pair[5].u_sc/u_sdiff/g15564/Y       (P)     A->Y    R     INVxp67_ASAP7_75t_SL            1  0.6    15    10    1005    (-,-) 
  g_pair[5].u_sc/u_sdiff/g15562__6783/Y (P)     A->Y    F     NAND3xp33_ASAP7_75t_SL          3  1.5    32    15    1020    (-,-) 
  g_pair[5].u_sc/u_sdiff/g15560/Y       (P)     A->Y    R     INVxp67_ASAP7_75t_SL            1  1.4    23    15    1035    (-,-) 
  g_pair[5].u_sc/u_sdiff/g15557__4319/Y (P)     A->Y    F     NAND3x1_ASAP7_75t_SL            2  4.3    31    15    1049    (-,-) 
  g_pair[5].u_sc/u_sdiff/g15547__7410/Y (P)     B->Y    R     NAND2xp5_ASAP7_75t_SL           3  1.8    34    18    1067    (-,-) 
  g_pair[5].u_sc/u_sdiff/g15540__1881/Y (P)     B->Y    F     NOR2xp67_ASAP7_75t_SL           4  2.1    39    17    1084    (-,-) 
  g_pair[5].u_sc/u_sdiff/g15521__8428/Y (P)     A2->Y   R     AOI32xp33_ASAP7_75t_SL          2  4.8   106    52    1136    (-,-) 
  g_pair[5].u_sc/u_sdiff/g15509__7410/Y (P)     B->Y    F     NOR2x1_ASAP7_75t_SL             3  2.7    40    22    1157    (-,-) 
  g_pair[5].u_sc/u_sdiff/g15493__6161/Y (P)     A->Y    R     NAND2x1p5_ASAP7_75t_SL          3  5.8    36    24    1181    (-,-) 
  g_pair[5].u_sc/u_sdiff/g15487__7482/Y (P)     B->Y    F     NOR2x1p5_ASAP7_75t_SL           3  2.7    31    12    1193    (-,-) 
  g_pair[5].u_sc/u_sdiff/g15485__6131/Y (P)     A->Y    R     NAND2x1p5_ASAP7_75t_SL          3  5.3    37    21    1214    (-,-) 
  g_pair[5].u_sc/u_sdiff/g15482__8246/Y (P)     B->Y    F     NOR2x1_ASAP7_75t_SL             3  1.7    38    12    1226    (-,-) 
  g_pair[5].u_sc/u_sdiff/g15477__1705/Y (P)     B->Y    R     NAND2xp5_ASAP7_75t_SL           3  1.4    25    17    1243    (-,-) 
  g_pair[5].u_sc/u_sdiff/g15473__3680/Y (P)     B->Y    F     NOR2xp33_ASAP7_75t_SL           2  1.1    28    16    1260    (-,-) 
  g_pair[5].u_sc/u_sdiff/g15462__2398/Y (P)     B->Y    R     NAND2xp5_ASAP7_75t_SL           3  1.8    28    17    1276    (-,-) 
  g_pair[5].u_sc/u_sdiff/g15457__1666/Y (P)     B->Y    F     NOR2xp67_ASAP7_75t_SL           3  1.7    30    14    1291    (-,-) 
  g_pair[5].u_sc/u_sdiff/g15454__2883/Y (P)     B->Y    R     NAND2xp5_ASAP7_75t_SL           3  1.9    27    18    1309    (-,-) 
  g_pair[5].u_sc/u_sdiff/g15451__9315/Y (P)     B->Y    F     NOR2xp67_ASAP7_75t_L            3  1.7    25    17    1325    (-,-) 
  g_pair[5].u_sc/u_sdiff/g15449__4733/Y (P)     A->Y    R     NAND2xp5_ASAP7_75t_SL           3  2.0    33    18    1343    (-,-) 
  g_pair[5].u_sc/u_sdiff/g15446__5115/Y (P)     A->Y    F     NOR2xp67_ASAP7_75t_L            3  1.5    24    19    1362    (-,-) 
  g_pair[5].u_sc/u_sdiff/g15441__6131/Y (P)     B->Y    R     A2O1A1Ixp33_ASAP7_75t_SL        2  1.0    26    16    1378    (-,-) 
  g_pair[5].u_sc/u_sdiff/g15439__7098/Y (P)     C->Y    F     OAI211xp5_ASAP7_75t_SL          8  4.7    75    33    1411    (-,-) 
  g_pair[5].u_sc/u_sdiff/g15438/Y       (P)     A->Y    R     INVx2_ASAP7_75t_L               6  3.4    29    22    1432    (-,-) 
  g_pair[5].u_sc/u_sdiff/g15433__2398/Y (P)     C->Y    F     O2A1O1Ixp33_ASAP7_75t_SL        1  0.6    27    11    1443    (-,-) 
  g_pair[5].u_sc/u_sdiff/y_reg[11]/D    <<< (P) -       F     ASYNC_DFFHx1_ASAP7_75t_SL       1    -     -     0    1443    (-,-) 
#---------------------------------------------------------------------------------------------------------------------------------

(P) : Instance is preserved

