============================================================
  Generated by:           Genus(TM) Synthesis Solution 25.10-p002_1
  Generated on:           Aug 31 2026  11:28:58 am
  Module:                 fp32_recip
  Operating conditions:   PVT_0P7V_25C (balanced_tree)
  Wireload mode:          enclosed
  Area mode:              timing library
============================================================

Timing
--------

Clock Period 
-------------
clk    699.0 


  Cost    Critical         Violating 
 Group   Path Slack  TNS     Paths   
-------------------------------------
clk             0.0   0.0          0 
default    No paths   0.0            
-------------------------------------
Total                 0.0          0 

Instance Count
--------------
Leaf Instance Count             14131 
Physical Instance count             0 
Sequential Instance Count         858 
Combinational Instance Count    13273 
Hierarchical Instance Count         8 

Area
----
Cell Area                          1140.302
Physical Cell Area                 0.000
Total Cell Area (Cell+Physical)    1140.302
Net Area                           0.000
Total Area (Cell+Physical+Net)     1140.302

Max Fanout                         858 (clk)
Min Fanout                         0 (p00_m[0])
Average Fanout                     2.2
Terms to net ratio                 3.3144
Terms to instance ratio            3.3761
Runtime                            416.46288700000525 seconds
Elapsed Runtime                    436 seconds
Genus peak memory usage            2654.96 
Innovus peak memory usage          no_value 
Hostname                           squire.ece.uw.edu
