============================================================
  Generated by:           Genus(TM) Synthesis Solution 25.10-p002_1
  Generated on:           Aug 31 2026  04:38:38 pm
  Module:                 dbuf_16x256
  Operating conditions:   PVT_0P7V_25C (balanced_tree)
  Wireload mode:          enclosed
  Area mode:              timing library
============================================================


Path 1: MET (3 ps) Setup Check with Pin g_copy[1].g_slice[15].u_mem/clk->banksel
          Group: clk
     Startpoint: (R) sel_reg/CLK
          Clock: (R) clk
       Endpoint: (R) g_copy[1].g_slice[15].u_mem/banksel
          Clock: (F) clk

                     Capture       Launch     
        Clock Edge:+     384            0     
       Src Latency:+       0            0     
       Net Latency:+       0 (I)        0 (I) 
           Arrival:=     384            0     
                                              
             Setup:-      -1                  
       Uncertainty:-      23                  
     Required Time:=     362                  
      Launch Clock:-       0                  
         Data Path:-     359                  
             Slack:=       3                  

#-------------------------------------------------------------------------------------------------------------------------------
#            Timing Point             Flags    Arc    Edge           Cell             Fanout  Load Trans Delay Arrival Instance 
#                                                                                             (fF)  (ps)  (ps)   (ps)  Location 
#-------------------------------------------------------------------------------------------------------------------------------
  sel_reg/CLK                         -       -       R     (arrival)                    289     -     0     0       0    (-,-) 
  sel_reg/QN                          -       CLK->QN F     ASYNC_DFFHx1_ASAP7_75t_SL     28  20.1   115    87      87    (-,-) 
  g6385/Y                             -       A->Y    R     CKINVDCx5p33_ASAP7_75t_R      20 110.1   201   129     216    (-,-) 
  g10893__1881/Y                      -       A->Y    F     NAND2xp5_ASAP7_75t_L           2  12.5   154    88     304    (-,-) 
  g10756__9315/Y                      -       B->Y    R     NAND2xp5_ASAP7_75t_SL         16   4.8    86    55     359    (-,-) 
  g_copy[1].g_slice[15].u_mem/banksel <<<     -       R     srambank_64x4x16_6t122        16     -     -     0     359    (-,-) 
#-------------------------------------------------------------------------------------------------------------------------------

