============================================================
  Generated by:           Genus(TM) Synthesis Solution 25.10-p002_1
  Generated on:           Aug 31 2026  12:57:28 pm
  Module:                 fp32_add
  Operating conditions:   PVT_0P7V_25C (balanced_tree)
  Wireload mode:          enclosed
  Area mode:              timing library
============================================================


Path 1: MET (0 ps) Setup Check with Pin mant_s_ext_s0_reg[5]/CLK->D
          Group: clk
     Startpoint: (F) b[1]
          Clock: (R) clk
       Endpoint: (F) mant_s_ext_s0_reg[5]/D
          Clock: (R) clk

                     Capture       Launch     
        Clock Edge:+     630            0     
        Drv Adjust:+       0           14     
       Src Latency:+       0            0     
       Net Latency:+       0 (I)        0 (I) 
           Arrival:=     630           14     
                                              
             Setup:-      15                  
       Uncertainty:-      19                  
     Required Time:=     596                  
      Launch Clock:-      14                  
       Input Delay:-     158                  
         Data Path:-     425                  
             Slack:=       0                  

Exceptions/Constraints:
  input_delay             158             in_del_64_1   

#----------------------------------------------------------------------------------------------------------------
#     Timing Point       Flags   Arc   Edge            Cell             Fanout Load Trans Delay Arrival Instance 
#                                                                              (fF)  (ps)  (ps)   (ps)  Location 
#----------------------------------------------------------------------------------------------------------------
  b[1]                   -       -     F     (arrival)                       2 12.5    29     0     171    (-,-) 
  g14781/Y               -       A->Y  R     CKINVDCx20_ASAP7_75t_R          4  2.2     9    10     182    (-,-) 
  g14742__5526/Y         -       A1->Y F     AOI211xp5_ASAP7_75t_SL          1  0.6    16     9     191    (-,-) 
  g14681__2346/Y         -       A2->Y R     OAI21xp5_ASAP7_75t_SL           1  0.5    14    10     201    (-,-) 
  g14643__5526/Y         -       A1->Y F     A2O1A1O1Ixp25_ASAP7_75t_SL      1  0.5    22    10     211    (-,-) 
  g14627__2398/Y         -       C->Y  R     AOI221xp5_ASAP7_75t_SL          1  0.5    27    15     226    (-,-) 
  g14616__6417/Y         -       C->Y  F     AOI221xp5_ASAP7_75t_SL          1  0.5    25    10     236    (-,-) 
  g14609__7410/Y         -       C->Y  R     AOI221xp5_ASAP7_75t_SL          1  0.5    25    15     251    (-,-) 
  g14606__1666/Y         -       C->Y  F     AOI221xp5_ASAP7_75t_SL          1  0.5    20    10     261    (-,-) 
  g14604__2883/Y         -       C->Y  R     AOI221xp5_ASAP7_75t_SL          1  0.5    24    15     275    (-,-) 
  g14601__9945/Y         -       C->Y  F     AOI221xp5_ASAP7_75t_SL          1  0.6    22    10     286    (-,-) 
  g14600__9315/Y         -       A->Y  R     NOR4xp25_ASAP7_75t_SL           1  0.6    32    17     303    (-,-) 
  g14599__6161/Y         -       B->Y  R     OR2x4_ASAP7_75t_SL             17 19.1    38    36     339    (-,-) 
  g16998/Y               -       A->Y  F     CKINVDCx16_ASAP7_75t_R         16  9.6    13    13     352    (-,-) 
  g14588__8246/Y         -       B2->Y R     OAI22xp5_ASAP7_75t_SL           2  1.1    28    14     366    (-,-) 
  g14585/Y               -       A->Y  F     INVxp67_ASAP7_75t_SL            2  1.1    16    10     375    (-,-) 
  g16841__8246/Y         -       B->Y  R     NAND2xp5_ASAP7_75t_L            3  1.7    26    16     392    (-,-) 
  g16803/Y               -       A->Y  F     INVxp67_ASAP7_75t_SL            2  1.2    17    10     402    (-,-) 
  g16797__4319/Y         -       B->Y  F     AO21x2_ASAP7_75t_SL            25 15.6    45    38     440    (-,-) 
  g16769/Y               -       A->Y  R     INVx2_ASAP7_75t_SL             24 14.3    56    34     473    (-,-) 
  g16716__3680/Y         -       A2->Y F     AOI22xp5_ASAP7_75t_SL           2  1.1    31    16     489    (-,-) 
  g16706/Y               -       A->Y  R     INVxp67_ASAP7_75t_SL            1  0.6    15    10     499    (-,-) 
  g16653__1666/Y         -       B2->Y F     AOI22xp5_ASAP7_75t_SL           3  1.5    32    12     512    (-,-) 
  g16622__5526/Y         -       B->Y  R     NAND2xp5_ASAP7_75t_SL           2  9.0    97    50     561    (-,-) 
  g16617/Y               -       A->Y  F     CKINVDCx14_ASAP7_75t_R          1  0.6    16    13     574    (-,-) 
  g16576__8428/Y         -       B->Y  R     AOI21xp5_ASAP7_75t_SL           1  0.6    24    11     585    (-,-) 
  g16438__2398/Y         -       A1->Y F     A2O1A1Ixp33_ASAP7_75t_SL        1  0.6    35    12     596    (-,-) 
  mant_s_ext_s0_reg[5]/D <<<     -     F     ASYNC_DFFHx1_ASAP7_75t_SL       1    -     -     0     596    (-,-) 
#----------------------------------------------------------------------------------------------------------------

