============================================================
  Generated by:           Genus(TM) Synthesis Solution 25.10-p002_1
  Generated on:           Aug 31 2026  12:57:28 pm
  Operating conditions:   PVT_0P7V_25C (balanced_tree)
  Wireload mode:          enclosed
  Area mode:              timing library
============================================================

                                                                                     
           Gate             Instances   Area                  Library                
-------------------------------------------------------------------------------------
A2O1A1Ixp33_ASAP7_75t_SL           19   1.662     asap7sc7p5t_AO_SLVT_TT_nldm_201020 
A2O1A1O1Ixp25_ASAP7_75t_SL          8   1.050     asap7sc7p5t_AO_SLVT_TT_nldm_201020 
AND2x2_ASAP7_75t_SL                 8   0.700 asap7sc7p5t_SIMPLE_SLVT_TT_nldm_201020 
AND4x1_ASAP7_75t_SL                 1   0.102 asap7sc7p5t_SIMPLE_SLVT_TT_nldm_201020 
AND4x2_ASAP7_75t_L                  1   0.117  asap7sc7p5t_SIMPLE_LVT_TT_nldm_201020 
AND4x2_ASAP7_75t_SL                 1   0.117 asap7sc7p5t_SIMPLE_SLVT_TT_nldm_201020 
AO21x1_ASAP7_75t_SL                 1   0.087     asap7sc7p5t_AO_SLVT_TT_nldm_201020 
AO21x2_ASAP7_75t_SL                 1   0.102     asap7sc7p5t_AO_SLVT_TT_nldm_201020 
AOI211xp5_ASAP7_75t_SL              7   0.612     asap7sc7p5t_AO_SLVT_TT_nldm_201020 
AOI21xp33_ASAP7_75t_SL              2   0.146     asap7sc7p5t_AO_SLVT_TT_nldm_201020 
AOI21xp5_ASAP7_75t_L                6   0.437      asap7sc7p5t_AO_LVT_TT_nldm_201020 
AOI21xp5_ASAP7_75t_SL              22   1.604     asap7sc7p5t_AO_SLVT_TT_nldm_201020 
AOI221xp5_ASAP7_75t_SL              8   0.816     asap7sc7p5t_AO_SLVT_TT_nldm_201020 
AOI22xp33_ASAP7_75t_SL              6   0.525     asap7sc7p5t_AO_SLVT_TT_nldm_201020 
AOI22xp5_ASAP7_75t_L               26   2.274      asap7sc7p5t_AO_LVT_TT_nldm_201020 
AOI22xp5_ASAP7_75t_SL             129  11.285     asap7sc7p5t_AO_SLVT_TT_nldm_201020 
AOI31xp33_ASAP7_75t_SL              9   0.787     asap7sc7p5t_AO_SLVT_TT_nldm_201020 
AOI321xp33_ASAP7_75t_SL             2   0.233     asap7sc7p5t_AO_SLVT_TT_nldm_201020 
AOI322xp5_ASAP7_75t_SL              3   0.394     asap7sc7p5t_AO_SLVT_TT_nldm_201020 
AOI32xp33_ASAP7_75t_SL              1   0.102     asap7sc7p5t_AO_SLVT_TT_nldm_201020 
ASYNC_DFFHx1_ASAP7_75t_L           25   9.477     asap7sc7p5t_SEQ_LVT_TT_nldm_201020 
ASYNC_DFFHx1_ASAP7_75t_SL         170  64.444    asap7sc7p5t_SEQ_SLVT_TT_nldm_201020 
BUFx2_ASAP7_75t_L                   1   0.073  asap7sc7p5t_INVBUF_LVT_TT_nldm_201020 
CKINVDCx14_ASAP7_75t_R              9   0.000  asap7sc7p5t_INVBUF_RVT_TT_nldm_201020 
CKINVDCx16_ASAP7_75t_R             16   0.000  asap7sc7p5t_INVBUF_RVT_TT_nldm_201020 
CKINVDCx20_ASAP7_75t_R            234   0.000  asap7sc7p5t_INVBUF_RVT_TT_nldm_201020 
CKINVDCx5p33_ASAP7_75t_R            2   0.000  asap7sc7p5t_INVBUF_RVT_TT_nldm_201020 
INVx1_ASAP7_75t_SL                 33   1.443 asap7sc7p5t_INVBUF_SLVT_TT_nldm_201020 
INVx2_ASAP7_75t_SL                  3   0.175 asap7sc7p5t_INVBUF_SLVT_TT_nldm_201020 
INVxp33_ASAP7_75t_SL                8   0.350 asap7sc7p5t_INVBUF_SLVT_TT_nldm_201020 
INVxp67_ASAP7_75t_SL               91   3.980 asap7sc7p5t_INVBUF_SLVT_TT_nldm_201020 
NAND2xp33_ASAP7_75t_L               7   0.408  asap7sc7p5t_SIMPLE_LVT_TT_nldm_201020 
NAND2xp33_ASAP7_75t_SL             28   1.633 asap7sc7p5t_SIMPLE_SLVT_TT_nldm_201020 
NAND2xp5_ASAP7_75t_L               19   1.108  asap7sc7p5t_SIMPLE_LVT_TT_nldm_201020 
NAND2xp5_ASAP7_75t_SL              84   4.899 asap7sc7p5t_SIMPLE_SLVT_TT_nldm_201020 
NAND3xp33_ASAP7_75t_L               4   0.292  asap7sc7p5t_SIMPLE_LVT_TT_nldm_201020 
NAND3xp33_ASAP7_75t_SL             14   1.021 asap7sc7p5t_SIMPLE_SLVT_TT_nldm_201020 
NAND4xp25_ASAP7_75t_SL             13   1.137 asap7sc7p5t_SIMPLE_SLVT_TT_nldm_201020 
NAND5xp2_ASAP7_75t_SL               8   0.816 asap7sc7p5t_SIMPLE_SLVT_TT_nldm_201020 
NOR2xp33_ASAP7_75t_SL              75   4.374 asap7sc7p5t_SIMPLE_SLVT_TT_nldm_201020 
NOR3xp33_ASAP7_75t_SL               7   0.510 asap7sc7p5t_SIMPLE_SLVT_TT_nldm_201020 
NOR4xp25_ASAP7_75t_SL              11   0.962 asap7sc7p5t_SIMPLE_SLVT_TT_nldm_201020 
NOR5xp2_ASAP7_75t_SL                9   0.919 asap7sc7p5t_SIMPLE_SLVT_TT_nldm_201020 
O2A1O1Ixp33_ASAP7_75t_SL            4   0.350     asap7sc7p5t_OA_SLVT_TT_nldm_201020 
OA21x2_ASAP7_75t_SL                 1   0.102     asap7sc7p5t_OA_SLVT_TT_nldm_201020 
OA22x2_ASAP7_75t_SL                 1   0.146     asap7sc7p5t_OA_SLVT_TT_nldm_201020 
OAI211xp5_ASAP7_75t_SL              5   0.437     asap7sc7p5t_OA_SLVT_TT_nldm_201020 
OAI21xp33_ASAP7_75t_SL              1   0.073     asap7sc7p5t_OA_SLVT_TT_nldm_201020 
OAI21xp5_ASAP7_75t_SL              31   2.260     asap7sc7p5t_OA_SLVT_TT_nldm_201020 
OAI221xp5_ASAP7_75t_SL              2   0.204     asap7sc7p5t_OA_SLVT_TT_nldm_201020 
OAI22xp33_ASAP7_75t_SL             26   2.274     asap7sc7p5t_OA_SLVT_TT_nldm_201020 
OAI22xp5_ASAP7_75t_SL             123  10.760     asap7sc7p5t_OA_SLVT_TT_nldm_201020 
OAI311xp33_ASAP7_75t_SL             1   0.102     asap7sc7p5t_OA_SLVT_TT_nldm_201020 
OAI31xp33_ASAP7_75t_SL              1   0.087     asap7sc7p5t_OA_SLVT_TT_nldm_201020 
OAI321xp33_ASAP7_75t_SL             1   0.117     asap7sc7p5t_OA_SLVT_TT_nldm_201020 
OAI322xp33_ASAP7_75t_SL             5   0.656     asap7sc7p5t_OA_SLVT_TT_nldm_201020 
OAI32xp33_ASAP7_75t_SL              1   0.102     asap7sc7p5t_OA_SLVT_TT_nldm_201020 
OR2x2_ASAP7_75t_SL                  7   0.612 asap7sc7p5t_SIMPLE_SLVT_TT_nldm_201020 
OR2x4_ASAP7_75t_SL                  1   0.117 asap7sc7p5t_SIMPLE_SLVT_TT_nldm_201020 
OR3x1_ASAP7_75t_SL                  2   0.175 asap7sc7p5t_SIMPLE_SLVT_TT_nldm_201020 
OR4x1_ASAP7_75t_SL                  3   0.306 asap7sc7p5t_SIMPLE_SLVT_TT_nldm_201020 
OR5x1_ASAP7_75t_SL                  2   0.233 asap7sc7p5t_SIMPLE_SLVT_TT_nldm_201020 
XNOR2xp5_ASAP7_75t_L                1   0.131  asap7sc7p5t_SIMPLE_LVT_TT_nldm_201020 
XNOR2xp5_ASAP7_75t_SL              16   2.100 asap7sc7p5t_SIMPLE_SLVT_TT_nldm_201020 
XOR2x2_ASAP7_75t_SL                 1   0.160 asap7sc7p5t_SIMPLE_SLVT_TT_nldm_201020 
XOR2xp5_ASAP7_75t_L                 1   0.131  asap7sc7p5t_SIMPLE_LVT_TT_nldm_201020 
XOR2xp5_ASAP7_75t_SL               17   2.231 asap7sc7p5t_SIMPLE_SLVT_TT_nldm_201020 
-------------------------------------------------------------------------------------
total                            1386 145.042                                        
                                                                    
                Library                Instances  Area  Instances % 
--------------------------------------------------------------------
asap7sc7p5t_AO_LVT_TT_nldm_201020             32  2.712         2.3 
asap7sc7p5t_AO_SLVT_TT_nldm_201020           218 19.406        15.7 
asap7sc7p5t_INVBUF_LVT_TT_nldm_201020          1  0.073         0.1 
asap7sc7p5t_INVBUF_RVT_TT_nldm_201020        261  0.000        18.8 
asap7sc7p5t_INVBUF_SLVT_TT_nldm_201020       135  5.949         9.7 
asap7sc7p5t_OA_SLVT_TT_nldm_201020           203 17.671        14.6 
asap7sc7p5t_SEQ_LVT_TT_nldm_201020            25  9.477         1.8 
asap7sc7p5t_SEQ_SLVT_TT_nldm_201020          170 64.444        12.3 
asap7sc7p5t_SIMPLE_LVT_TT_nldm_201020         33  2.187         2.4 
asap7sc7p5t_SIMPLE_SLVT_TT_nldm_201020       308 23.124        22.2 
                                        
     Type      Instances   Area  Area % 
----------------------------------------
sequential           195  73.921   51.0 
inverter             396   5.949    4.1 
buffer                 1   0.073    0.1 
logic                794  65.100   44.9 
physical_cells         0   0.000    0.0 
----------------------------------------
total               1386 145.042  100.0 
