============================================================
  Generated by:           Genus(TM) Synthesis Solution 25.10-p002_1
  Generated on:           Aug 31 2026  12:57:28 pm
  Module:                 fp32_add
  Operating conditions:   PVT_0P7V_25C (balanced_tree)
  Wireload mode:          enclosed
  Area mode:              timing library
============================================================

Timing
--------

Clock Period 
-------------
clk    630.0 


  Cost    Critical         Violating 
 Group   Path Slack  TNS     Paths   
-------------------------------------
clk             0.0   0.0          0 
default    No paths   0.0            
-------------------------------------
Total                 0.0          0 

Instance Count
--------------
Leaf Instance Count             1386 
Physical Instance count            0 
Sequential Instance Count        195 
Combinational Instance Count    1191 
Hierarchical Instance Count        0 

Area
----
Cell Area                          145.042
Physical Cell Area                 0.000
Total Cell Area (Cell+Physical)    145.042
Net Area                           0.000
Total Area (Cell+Physical+Net)     145.042

Max Fanout                         195 (clk)
Min Fanout                         0 (n_10)
Average Fanout                     2.4
Terms to net ratio                 3.5601
Terms to instance ratio            3.7424
Runtime                            48.382557000000006 seconds
Elapsed Runtime                    52 seconds
Genus peak memory usage            2304.52 
Innovus peak memory usage          no_value 
Hostname                           squire.ece.uw.edu
