/bin/sh: warning: setlocale: LC_ALL: cannot change locale (C.UTF-8)

                           Design Compiler Graphical 
                                 DC Ultra (TM)
                                  DFTMAX (TM)
                              Power Compiler (TM)
                                 DesignWare (R)
                                 DC Expert (TM)
                               Design Vision (TM)
                               HDL Compiler (TM)
                               VHDL Compiler (TM)
                                  DFT Compiler
                               Design Compiler(R)

              Version P-2019.03-SP5-6 for linux64 - Aug 20, 2020 

                    Copyright (c) 1988 - 2020 Synopsys, Inc.
   This software and the associated documentation are proprietary to Synopsys,
 Inc. This software may only be used in accordance with the terms and conditions
 of a written license agreement with Synopsys, Inc. All other use, reproduction,
            or distribution of this software is strictly prohibited.
Initializing...
# Per-component ASAP7 synthesis for the rtl/0830-02 snapshot.
# Same constraint recipe as run_dc_asap7.tcl (bundled ASAP7 RVT/TT NLDM
# standard-cell .db views; identical constraints across profiles) but with a
# profile table for the 0830-02 component set only.  No top-level synthesis:
# each hardware level's overhead is rolled up from these component areas
# (docs/0830-02/Hardware_Overhead_Breakdown.md).
#
# Example (from syn/):
#   . /home/common/profile_synopsys
#   SYN_PROFILE=gemv SYN_TOP=gemv_unit SYN_TAG=gemv_attacc #     SYN_PERIOD_NS=1.5015015 dc_shell -f run_dc_asap7_0830-02.tcl
set script_dir [file dirname [file normalize [info script]]]
/thu-bloor/xinyao-w23/kvpim-rtl/syn
set root_dir   [file normalize [file join $script_dir ..]]
/thu-bloor/xinyao-w23/kvpim-rtl
set lib_dir    [file join $root_dir third_party asap7_lib db]
/thu-bloor/xinyao-w23/kvpim-rtl/third_party/asap7_lib/db
set sram_dir   [file join $root_dir third_party asap7 asap7_sram_0p0 generated]
/thu-bloor/xinyao-w23/kvpim-rtl/third_party/asap7/asap7_sram_0p0/generated
proc envdef {name default} {
    return [expr {[info exists ::env($name)] ? $::env($name) : $default}]
}
set rtl_dir [envdef SYN_RTL_DIR [file join $root_dir rtl 0830-02]]
/thu-bloor/xinyao-w23/kvpim-rtl/rtl/0830-02
if {[file pathtype $rtl_dir] ne "absolute"} {
    set from_script_dir [file normalize [file join $script_dir $rtl_dir]]
    if {[file isdirectory $from_script_dir]} {
        set rtl_dir $from_script_dir
    } else {
        set rtl_dir [file normalize [file join $root_dir $rtl_dir]]
    }
}
set top_module [envdef SYN_TOP gemv_unit]
causal_comparator
set profile    [envdef SYN_PROFILE gemv]
causal_cmp
set tag        [envdef SYN_TAG $top_module]
causal_p1501
set period_ns  [envdef SYN_PERIOD_NS 1.5015015]
1.5015015
set max_cores  [envdef SYN_MAX_CORES 4]
4
set io_delay_ratio [envdef SYN_IO_DELAY_RATIO 0.30]
0.3
set fix_hold   [envdef SYN_FIX_HOLD 1]
1
set period     [expr {$period_ns * 1000.0}]
1501.5015
set out_root   [envdef SYN_OUT_ROOT dc_0830-02]
/thu-bloor/xinyao-w23/kvpim-rtl/syn/dc_0830-02
if {[file pathtype $out_root] ne "absolute"} {
    set out_root [file join $script_dir $out_root]
}
set out_dir    [file join $out_root $tag]
/thu-bloor/xinyao-w23/kvpim-rtl/syn/dc_0830-02/causal_p1501
file mkdir $out_dir
set target_library [glob -nocomplain [file join $lib_dir *.db]]
/thu-bloor/xinyao-w23/kvpim-rtl/third_party/asap7_lib/db/asap7sc7p5t_AO_RVT_TT_nldm_211120.db /thu-bloor/xinyao-w23/kvpim-rtl/third_party/asap7_lib/db/asap7sc7p5t_INVBUF_RVT_TT_nldm_211120.db /thu-bloor/xinyao-w23/kvpim-rtl/third_party/asap7_lib/db/asap7sc7p5t_OA_RVT_TT_nldm_211120.db /thu-bloor/xinyao-w23/kvpim-rtl/third_party/asap7_lib/db/asap7sc7p5t_SEQ_RVT_TT_nldm_220123.db /thu-bloor/xinyao-w23/kvpim-rtl/third_party/asap7_lib/db/asap7sc7p5t_SIMPLE_RVT_TT_nldm_211120.db
if {[llength $target_library] == 0} {
    error "No ASAP7 .db views in $lib_dir"
}
set link_library "* $target_library"
* /thu-bloor/xinyao-w23/kvpim-rtl/third_party/asap7_lib/db/asap7sc7p5t_AO_RVT_TT_nldm_211120.db /thu-bloor/xinyao-w23/kvpim-rtl/third_party/asap7_lib/db/asap7sc7p5t_INVBUF_RVT_TT_nldm_211120.db /thu-bloor/xinyao-w23/kvpim-rtl/third_party/asap7_lib/db/asap7sc7p5t_OA_RVT_TT_nldm_211120.db /thu-bloor/xinyao-w23/kvpim-rtl/third_party/asap7_lib/db/asap7sc7p5t_SEQ_RVT_TT_nldm_220123.db /thu-bloor/xinyao-w23/kvpim-rtl/third_party/asap7_lib/db/asap7sc7p5t_SIMPLE_RVT_TT_nldm_211120.db
set search_path [list $rtl_dir $lib_dir $sram_dir [file join $sram_dir verilog]]
/thu-bloor/xinyao-w23/kvpim-rtl/rtl/0830-02 /thu-bloor/xinyao-w23/kvpim-rtl/third_party/asap7_lib/db /thu-bloor/xinyao-w23/kvpim-rtl/third_party/asap7/asap7_sram_0p0/generated /thu-bloor/xinyao-w23/kvpim-rtl/third_party/asap7/asap7_sram_0p0/generated/verilog
set_host_options -max_cores $max_cores
1
# Link the compiled ASAP7 SRAM macro .db views (compile_asap7_sram_libs.tcl).
proc enable_asap7_sram {sram_dir} {
    global target_library link_library
    foreach name {srambank_64x4x16_6t122 srambank_64x4x32_6t122 srambank_64x4x80_6t122                   srambank_256x4x32_6t122 srambank_256x4x80_6t122 srambank_256x4x64_6t122} {
        set db [file join $sram_dir db ${name}.db]
        if {[file exists $db]} {
            lappend target_library $db
        }
    }
    if {![file exists [file join $sram_dir db srambank_64x4x16_6t122.db]]} {
        error "Missing SRAM DB views in $sram_dir/db. Run compile_asap7_sram_libs.tcl first."
    }
    set link_library "* $target_library"
}
# ---------------------------------------------------------------------------
# Profiles: RTL needed for each component (per docs/Hardware Overhead.md and
# the Fugue paper Sec. 4.3).  Frequencies are set by the driver script.
# ---------------------------------------------------------------------------
switch -- $profile {
    gemv {
        # Bank level: one GEMV unit (16 FP16 mult + 16 dual-mode FP16 add +
        # double-buffered 16x256b vector buffer + control unit).  The buffer
        # is the ASAP7 SRAM-macro implementation (2 groups x 16 x 256x16b).
        enable_asap7_sram $sram_dir
        set sources [list fp16_mult.sv fp16_add.sv dbuf_16x256_asap7.sv gemv_unit.sv]
    }
    dbuf {
        # The double-buffered GEMV buffer alone (breakdown term), macro-backed.
        enable_asap7_sram $sram_dir
        set sources [list dbuf_16x256_asap7.sv]
    }
    gemv_flop {
        # Reference point: the same GEMV unit with the flop-based buffer.
        set sources [list fp16_mult.sv fp16_add.sv dbuf_16x256.sv gemv_unit.sv]
    }
    accum_bg {
        # BG level: 4->1 FP16 accumulator with bypass/sum modes.
        set sources [list fp16_add.sv accumulator_bg.sv]
    }
    accum_buf_bg {
        # BG level: the accumulator buffer on one 256x16 ASAP7 macro.
        # Tops: accum_buffer_bg_attacc (8 x FP16, one query in flight) /
        #       accum_buffer_bg_fugue (64 x FP16 = n_cap(8) resident queries
        #       x 8-slot staging each; multi-Q over one shared K column).
        enable_asap7_sram $sram_dir
        set sources [list accum_buffer_bg.sv]
    }
    accum_logic {
        # Logic die: one per-channel context accumulator (16 lanes x 4 words).
        set sources [list fp16_add.sv accumulator_logic.sv]
    }
    diff_channel {
        # Logic die (Fugue): one per-channel D_i map / diff decoder.
        set sources [list fugue_pkg.sv diff_decoder.sv diff_decoder_channel_dc_top.sv]
    }
    causal_cmp {
        # Logic die (Fugue): one per-channel causal comparator.
        set sources [list causal_comparator.sv]
    }
    rope {
        # Ablation only ("Fugue with on-die RoPE"); the paper's die does NOT
        # carry rotation logic (RoPE runs on the GPU, Sec. 4.2).
        set sources [list bf16_mult.sv bf16_add.sv sincos_bf16.sv rotate_q_bf16.sv]
    }
    kvtlb {
        # Controller breakdown term: the KV segment TLB alone.
        set sources [list kv_tlb_pkg.sv kv_seg_tlb.sv kv_ptw.sv kv_scan_planner.sv kv_tlb_top.sv]
    }
    ctrl_attacc {
        # HBM controller, AttAcc: instr queue/decoder + config memory +
        # addr-gen/DRAM FSM + DMA engine + direct address path.
        set sources [list fugue_pkg.sv kv_tlb_pkg.sv attacc_controller.sv             direct_addr_plan.sv dma_engine.sv attacc_hbm_ctrl_top.sv]
    }
    ctrl_fugue {
        # HBM controller, Fugue: same core + DMA + the KV segment TLB
        # (diff-block address management).
        set sources [list fugue_pkg.sv kv_tlb_pkg.sv attacc_controller.sv             kv_seg_tlb.sv kv_ptw.sv kv_scan_planner.sv kv_tlb_top.sv             dma_engine.sv fugue_hbm_ctrl_top.sv]
    }
    softmax_pe {
        # Reference only: softmax_pe already met 699 ps in dc_0830-01
        # (setup/hold clean), which covers the 1.3 GHz (769 ps) requirement;
        # re-synthesis is NOT needed.
        set sources [list fp32_add.sv fp32_exp.sv fp32_mul.sv softmax_pe.sv]
    }
    fp32_recip {
        # The one softmax leaf missing from dc_0830-01 (one per channel
        # engine); synthesized once at the softmax clock for the roll-up.
        set sources [list fp32_recip.sv]
    }
    default { error "Unknown SYN_PROFILE=$profile" }
}
causal_comparator.sv
set src_paths {}
foreach source $sources { lappend src_paths [file join $rtl_dir $source] }
define_design_lib WORK -path [file join $out_dir WORK]
1
analyze -format sverilog $src_paths
Running PRESTO HDLC
Compiling source file /thu-bloor/xinyao-w23/kvpim-rtl/rtl/0830-02/causal_comparator.sv
Presto compilation completed successfully.
Loading db file '/thu-bloor/xinyao-w23/kvpim-rtl/third_party/asap7_lib/db/asap7sc7p5t_AO_RVT_TT_nldm_211120.db'
Loading db file '/thu-bloor/xinyao-w23/kvpim-rtl/third_party/asap7_lib/db/asap7sc7p5t_INVBUF_RVT_TT_nldm_211120.db'
Loading db file '/thu-bloor/xinyao-w23/kvpim-rtl/third_party/asap7_lib/db/asap7sc7p5t_OA_RVT_TT_nldm_211120.db'
Loading db file '/thu-bloor/xinyao-w23/kvpim-rtl/third_party/asap7_lib/db/asap7sc7p5t_SEQ_RVT_TT_nldm_220123.db'
Loading db file '/thu-bloor/xinyao-w23/kvpim-rtl/third_party/asap7_lib/db/asap7sc7p5t_SIMPLE_RVT_TT_nldm_211120.db'
1
elaborate $top_module
Loading db file '/usr/local/bin/Synopsys/syn/P-2019.03-SP5-6/libraries/syn/gtech.db'
Loading db file '/usr/local/bin/Synopsys/syn/P-2019.03-SP5-6/libraries/syn/standard.sldb'
  Loading link library 'asap7sc7p5t_AO_RVT_TT_nldm_211120'
  Loading link library 'asap7sc7p5t_INVBUF_RVT_TT_nldm_211120'
  Loading link library 'asap7sc7p5t_OA_RVT_TT_nldm_211120'
  Loading link library 'asap7sc7p5t_SEQ_RVT_TT_nldm_220123'
  Loading link library 'asap7sc7p5t_SIMPLE_RVT_TT_nldm_211120'
  Loading link library 'gtech'
Running PRESTO HDLC
Warning:  /thu-bloor/xinyao-w23/kvpim-rtl/rtl/0830-02/causal_comparator.sv:24: signed to unsigned conversion occurs. (VER-318)

Inferred memory devices in process
	in routine causal_comparator line 27 in file
		'/thu-bloor/xinyao-w23/kvpim-rtl/rtl/0830-02/causal_comparator.sv'.
===============================================================================
|    Register Name    |   Type    | Width | Bus | MB | AR | AS | SR | SS | ST |
===============================================================================
|    out_valid_reg    | Flip-flop |   1   |  N  | N  | Y  | N  | N  | N  | N  |
|    keep_mask_reg    | Flip-flop |  16   |  Y  | N  | Y  | N  | N  | N  | N  |
===============================================================================
Presto compilation completed successfully. (causal_comparator)
Elaborated 1 design.
Current design is now 'causal_comparator'.
1
current_design $top_module
Current design is 'causal_comparator'.
{causal_comparator}
link

  Linking design 'causal_comparator'
  Using the following designs and libraries:
  --------------------------------------------------------------------------
  causal_comparator           /thu-bloor/xinyao-w23/kvpim-rtl/syn/causal_comparator.db
  asap7sc7p5t_AO_RVT_TT_nldm_211120 (library) /thu-bloor/xinyao-w23/kvpim-rtl/third_party/asap7_lib/db/asap7sc7p5t_AO_RVT_TT_nldm_211120.db
  asap7sc7p5t_INVBUF_RVT_TT_nldm_211120 (library) /thu-bloor/xinyao-w23/kvpim-rtl/third_party/asap7_lib/db/asap7sc7p5t_INVBUF_RVT_TT_nldm_211120.db
  asap7sc7p5t_OA_RVT_TT_nldm_211120 (library) /thu-bloor/xinyao-w23/kvpim-rtl/third_party/asap7_lib/db/asap7sc7p5t_OA_RVT_TT_nldm_211120.db
  asap7sc7p5t_SEQ_RVT_TT_nldm_220123 (library) /thu-bloor/xinyao-w23/kvpim-rtl/third_party/asap7_lib/db/asap7sc7p5t_SEQ_RVT_TT_nldm_220123.db
  asap7sc7p5t_SIMPLE_RVT_TT_nldm_211120 (library) /thu-bloor/xinyao-w23/kvpim-rtl/third_party/asap7_lib/db/asap7sc7p5t_SIMPLE_RVT_TT_nldm_211120.db

1
create_clock -name clk -period $period [get_ports clk]
1
set_clock_uncertainty 50.0 [get_clocks clk]
1
set_clock_transition 20.0 [get_clocks clk]
1
set clock_reset_ports [get_ports {clk rst_n}]
{clk rst_n}
set data_ports [remove_from_collection [all_inputs] $clock_reset_ports]
{in_valid q_pos[15] q_pos[14] q_pos[13] q_pos[12] q_pos[11] q_pos[10] q_pos[9] q_pos[8] q_pos[7] q_pos[6] q_pos[5] q_pos[4] q_pos[3] q_pos[2] q_pos[1] q_pos[0] word_base[15] word_base[14] word_base[13] word_base[12] word_base[11] word_base[10] word_base[9] word_base[8] word_base[7] word_base[6] word_base[5] word_base[4] word_base[3] word_base[2] word_base[1] word_base[0]}
set_input_delay [expr {$period * $io_delay_ratio}] -clock clk $data_ports
1
set_output_delay [expr {$period * $io_delay_ratio}] -clock clk [all_outputs]
1
set_driving_cell -lib_cell BUFx2_ASAP7_75t_R $data_ports
Warning: Design rule attributes from the driving cell will be
	set on the port. (UID-401)
Warning: Design rule attributes from the driving cell will be
	set on the port. (UID-401)
Warning: Design rule attributes from the driving cell will be
	set on the port. (UID-401)
Warning: Design rule attributes from the driving cell will be
	set on the port. (UID-401)
Warning: Design rule attributes from the driving cell will be
	set on the port. (UID-401)
Warning: Design rule attributes from the driving cell will be
	set on the port. (UID-401)
Warning: Design rule attributes from the driving cell will be
	set on the port. (UID-401)
Warning: Design rule attributes from the driving cell will be
	set on the port. (UID-401)
Warning: Design rule attributes from the driving cell will be
	set on the port. (UID-401)
Warning: Design rule attributes from the driving cell will be
	set on the port. (UID-401)
Warning: Design rule attributes from the driving cell will be
	set on the port. (UID-401)
Warning: Design rule attributes from the driving cell will be
	set on the port. (UID-401)
Warning: Design rule attributes from the driving cell will be
	set on the port. (UID-401)
Warning: Design rule attributes from the driving cell will be
	set on the port. (UID-401)
Warning: Design rule attributes from the driving cell will be
	set on the port. (UID-401)
Warning: Design rule attributes from the driving cell will be
	set on the port. (UID-401)
Warning: Design rule attributes from the driving cell will be
	set on the port. (UID-401)
Warning: Design rule attributes from the driving cell will be
	set on the port. (UID-401)
Warning: Design rule attributes from the driving cell will be
	set on the port. (UID-401)
Warning: Design rule attributes from the driving cell will be
	set on the port. (UID-401)
Warning: Design rule attributes from the driving cell will be
	set on the port. (UID-401)
Warning: Design rule attributes from the driving cell will be
	set on the port. (UID-401)
Warning: Design rule attributes from the driving cell will be
	set on the port. (UID-401)
Warning: Design rule attributes from the driving cell will be
	set on the port. (UID-401)
Warning: Design rule attributes from the driving cell will be
	set on the port. (UID-401)
Warning: Design rule attributes from the driving cell will be
	set on the port. (UID-401)
Warning: Design rule attributes from the driving cell will be
	set on the port. (UID-401)
Warning: Design rule attributes from the driving cell will be
	set on the port. (UID-401)
Warning: Design rule attributes from the driving cell will be
	set on the port. (UID-401)
Warning: Design rule attributes from the driving cell will be
	set on the port. (UID-401)
Warning: Design rule attributes from the driving cell will be
	set on the port. (UID-401)
Warning: Design rule attributes from the driving cell will be
	set on the port. (UID-401)
Warning: Design rule attributes from the driving cell will be
	set on the port. (UID-401)
1
set_load 0.005 [all_outputs]
1
set_false_path -from [get_ports rst_n]
1
if {$fix_hold} {
    set_fix_hold [get_clocks clk]
}
1
compile -map_effort low -area_effort low
Warning: The compile -map_effort low is obsolete. Setting this variable now defaults to compile -map_effort medium. Please update your script accordingly. (OPT-1303)
Information: Evaluating DesignWare library utilization. (UISN-27)

============================================================================
| DesignWare Building Block Library  |         Version         | Available |
============================================================================
| Basic DW Building Blocks           | P-2019.03-DWBB_201903.4 |     *     |
| Licensed DW Building Blocks        |                         |           |
============================================================================



  Beginning Pass 1 Mapping
  ------------------------
  Processing 'causal_comparator'

  Updating timing information
Information: Updating design information... (UID-85)

  Beginning Implementation Selection
  ----------------------------------
  Processing 'causal_comparator_DW01_cmp2_0'
  Processing 'causal_comparator_DW01_add_0'
  Processing 'causal_comparator_DW01_cmp2_1'
  Processing 'causal_comparator_DW01_add_1'
  Processing 'causal_comparator_DW01_cmp2_2'
  Processing 'causal_comparator_DW01_add_2'
  Processing 'causal_comparator_DW01_cmp2_3'
  Processing 'causal_comparator_DW01_add_3'
  Processing 'causal_comparator_DW01_cmp2_4'
  Processing 'causal_comparator_DW01_add_4'
  Processing 'causal_comparator_DW01_cmp2_5'
  Processing 'causal_comparator_DW01_add_5'
  Processing 'causal_comparator_DW01_cmp2_6'
  Processing 'causal_comparator_DW01_add_6'
  Processing 'causal_comparator_DW01_cmp2_7'
  Processing 'causal_comparator_DW01_add_7'
  Processing 'causal_comparator_DW01_cmp2_8'
  Processing 'causal_comparator_DW01_add_8'
  Processing 'causal_comparator_DW01_cmp2_9'
  Processing 'causal_comparator_DW01_add_9'
  Processing 'causal_comparator_DW01_cmp2_10'
  Processing 'causal_comparator_DW01_add_10'
  Processing 'causal_comparator_DW01_cmp2_11'
  Processing 'causal_comparator_DW01_add_11'
  Processing 'causal_comparator_DW01_cmp2_12'
  Processing 'causal_comparator_DW01_add_12'
  Processing 'causal_comparator_DW01_cmp2_13'
  Processing 'causal_comparator_DW01_add_13'
  Processing 'causal_comparator_DW01_cmp2_14'
  Processing 'causal_comparator_DW01_inc_0'
  Processing 'causal_comparator_DW01_cmp2_15'

  Beginning Mapping Optimizations  (Medium effort)
  -------------------------------
LNC WARNING: Found output_to_output lib arc on HAxp5_ASAP7_75t_R.

  Beginning Delay Optimization Phase
  ----------------------------------

                                  TOTAL                                                  
   ELAPSED            WORST NEG   SETUP    DESIGN                              MIN DELAY 
    TIME      AREA      SLACK     COST    RULE COST         ENDPOINT             COST    
  --------- --------- --------- --------- --------- ------------------------- -----------
    0:00:02     115.4      0.00       0.0       0.0                                0.00  
    0:00:02     116.2      0.00       0.0       0.0                                0.00  
    0:00:02     115.4      0.00       0.0       0.0                                0.00  


  Beginning Area-Recovery Phase  (cleanup)
  -----------------------------

                                  TOTAL                                                  
   ELAPSED            WORST NEG   SETUP    DESIGN                              MIN DELAY 
    TIME      AREA      SLACK     COST    RULE COST         ENDPOINT             COST    
  --------- --------- --------- --------- --------- ------------------------- -----------
    0:00:02     115.4      0.00       0.0       0.0                                0.00  
    0:00:02     115.4      0.00       0.0       0.0                                0.00  
    0:00:02     103.6      0.00       0.0       0.0                                0.00  
    0:00:02      97.4      0.00       0.0       0.0                                0.00  
    0:00:03      93.2      0.00       0.0       0.0                                0.00  
    0:00:03      92.8      0.00       0.0       0.0                                0.00  
    0:00:03      92.7      0.00       0.0       0.0                                0.00  
    0:00:03      92.7      0.00       0.0       0.0                                0.00  
    0:00:03      92.7      0.00       0.0       0.0                                0.00  
    0:00:03      92.1      0.00       0.0       0.0                                0.00  
    0:00:03      92.1      0.00       0.0       0.0                                0.00  
    0:00:03      92.1      0.00       0.0       0.0                                0.00  
    0:00:03      92.1      0.00       0.0       0.0                                0.00  
    0:00:03      92.1      0.00       0.0       0.0                                0.00  
    0:00:03      92.1      0.00       0.0       0.0                                0.00  
    0:00:03      92.1      0.00       0.0       0.0                                0.00  
Loading db file '/thu-bloor/xinyao-w23/kvpim-rtl/third_party/asap7_lib/db/asap7sc7p5t_AO_RVT_TT_nldm_211120.db'
Loading db file '/thu-bloor/xinyao-w23/kvpim-rtl/third_party/asap7_lib/db/asap7sc7p5t_INVBUF_RVT_TT_nldm_211120.db'
Loading db file '/thu-bloor/xinyao-w23/kvpim-rtl/third_party/asap7_lib/db/asap7sc7p5t_OA_RVT_TT_nldm_211120.db'
Loading db file '/thu-bloor/xinyao-w23/kvpim-rtl/third_party/asap7_lib/db/asap7sc7p5t_SEQ_RVT_TT_nldm_220123.db'
Loading db file '/thu-bloor/xinyao-w23/kvpim-rtl/third_party/asap7_lib/db/asap7sc7p5t_SIMPLE_RVT_TT_nldm_211120.db'


Note: Symbol # after min delay cost means estimated hold TNS across all active scenarios 


  Optimization Complete
  ---------------------
1
if {$fix_hold} {
    compile -incremental -only_hold_time
}


  Beginning Pass 1 Mapping  (Incremental)
  ------------------------

  Updating timing information
Information: Updating design information... (UID-85)

  Beginning Mapping Optimizations  (Incremental)
  -------------------------------

  Beginning Delay Optimization Phase
  ----------------------------------

                                  TOTAL                                                  
   ELAPSED            WORST NEG   SETUP    DESIGN                              MIN DELAY 
    TIME      AREA      SLACK     COST    RULE COST         ENDPOINT             COST    
  --------- --------- --------- --------- --------- ------------------------- -----------
    0:00:05      92.1      0.00       0.0       0.0                                0.00  
    0:00:05      92.1      0.00       0.0       0.0                                0.00  
    0:00:05      92.1      0.00       0.0       0.0                                0.00  
Loading db file '/thu-bloor/xinyao-w23/kvpim-rtl/third_party/asap7_lib/db/asap7sc7p5t_AO_RVT_TT_nldm_211120.db'
Loading db file '/thu-bloor/xinyao-w23/kvpim-rtl/third_party/asap7_lib/db/asap7sc7p5t_INVBUF_RVT_TT_nldm_211120.db'
Loading db file '/thu-bloor/xinyao-w23/kvpim-rtl/third_party/asap7_lib/db/asap7sc7p5t_OA_RVT_TT_nldm_211120.db'
Loading db file '/thu-bloor/xinyao-w23/kvpim-rtl/third_party/asap7_lib/db/asap7sc7p5t_SEQ_RVT_TT_nldm_220123.db'
Loading db file '/thu-bloor/xinyao-w23/kvpim-rtl/third_party/asap7_lib/db/asap7sc7p5t_SIMPLE_RVT_TT_nldm_211120.db'


Note: Symbol # after min delay cost means estimated hold TNS across all active scenarios 


  Optimization Complete
  ---------------------
1
report_qor -nosplit > [file join $out_dir ${top_module}_qor.rpt]
report_area -hierarchy -nosplit > [file join $out_dir ${top_module}_area.rpt]
report_reference -hierarchy -nosplit > [file join $out_dir ${top_module}_references.rpt]
report_timing -delay_type max -max_paths 20 -nosplit > [file join $out_dir ${top_module}_timing.rpt]
report_timing -delay_type min -max_paths 20 -nosplit > [file join $out_dir ${top_module}_timing_hold.rpt]
report_power -nosplit > [file join $out_dir ${top_module}_power.rpt]
write -format verilog -hierarchy -output [file join $out_dir ${top_module}_mapped.v]
Writing verilog file '/thu-bloor/xinyao-w23/kvpim-rtl/syn/dc_0830-02/causal_p1501/causal_comparator_mapped.v'.
Warning: Verilog 'assign' or 'tran' statements are written out. (VO-4)
1
write_sdc [file join $out_dir ${top_module}.sdc]
1
quit

Thank you...
