/bin/sh: warning: setlocale: LC_ALL: cannot change locale (C.UTF-8)

                           Design Compiler Graphical 
                                 DC Ultra (TM)
                                  DFTMAX (TM)
                              Power Compiler (TM)
                                 DesignWare (R)
                                 DC Expert (TM)
                               Design Vision (TM)
                               HDL Compiler (TM)
                               VHDL Compiler (TM)
                                  DFT Compiler
                               Design Compiler(R)

              Version P-2019.03-SP5-6 for linux64 - Aug 20, 2020 

                    Copyright (c) 1988 - 2020 Synopsys, Inc.
   This software and the associated documentation are proprietary to Synopsys,
 Inc. This software may only be used in accordance with the terms and conditions
 of a written license agreement with Synopsys, Inc. All other use, reproduction,
            or distribution of this software is strictly prohibited.
Initializing...
# Per-component ASAP7 synthesis for the rtl/0830-02 snapshot.
# Same constraint recipe as run_dc_asap7.tcl (bundled ASAP7 RVT/TT NLDM
# standard-cell .db views; identical constraints across profiles) but with a
# profile table for the 0830-02 component set only.  No top-level synthesis:
# each hardware level's overhead is rolled up from these component areas
# (docs/0830-02/Hardware_Overhead_Breakdown.md).
#
# Example (from syn/):
#   . /home/common/profile_synopsys
#   SYN_PROFILE=gemv SYN_TOP=gemv_unit SYN_TAG=gemv_attacc #     SYN_PERIOD_NS=1.5015015 dc_shell -f run_dc_asap7_0830-02.tcl
set script_dir [file dirname [file normalize [info script]]]
/thu-bloor/xinyao-w23/kvpim-rtl/syn
set root_dir   [file normalize [file join $script_dir ..]]
/thu-bloor/xinyao-w23/kvpim-rtl
set lib_dir    [file join $root_dir third_party asap7_lib db]
/thu-bloor/xinyao-w23/kvpim-rtl/third_party/asap7_lib/db
set sram_dir   [file join $root_dir third_party asap7 asap7_sram_0p0 generated]
/thu-bloor/xinyao-w23/kvpim-rtl/third_party/asap7/asap7_sram_0p0/generated
proc envdef {name default} {
    return [expr {[info exists ::env($name)] ? $::env($name) : $default}]
}
set rtl_dir [envdef SYN_RTL_DIR [file join $root_dir rtl 0830-02]]
/thu-bloor/xinyao-w23/kvpim-rtl/rtl/0830-02
if {[file pathtype $rtl_dir] ne "absolute"} {
    set from_script_dir [file normalize [file join $script_dir $rtl_dir]]
    if {[file isdirectory $from_script_dir]} {
        set rtl_dir $from_script_dir
    } else {
        set rtl_dir [file normalize [file join $root_dir $rtl_dir]]
    }
}
set top_module [envdef SYN_TOP gemv_unit]
fp32_recip
set profile    [envdef SYN_PROFILE gemv]
fp32_recip
set tag        [envdef SYN_TAG $top_module]
recip_p699
set period_ns  [envdef SYN_PERIOD_NS 1.5015015]
0.699
set max_cores  [envdef SYN_MAX_CORES 4]
4
set io_delay_ratio [envdef SYN_IO_DELAY_RATIO 0.30]
0.3
set fix_hold   [envdef SYN_FIX_HOLD 1]
1
set period     [expr {$period_ns * 1000.0}]
699.0
set out_root   [envdef SYN_OUT_ROOT dc_0830-02]
/thu-bloor/xinyao-w23/kvpim-rtl/syn/dc_0830-02
if {[file pathtype $out_root] ne "absolute"} {
    set out_root [file join $script_dir $out_root]
}
set out_dir    [file join $out_root $tag]
/thu-bloor/xinyao-w23/kvpim-rtl/syn/dc_0830-02/recip_p699
file mkdir $out_dir
set target_library [glob -nocomplain [file join $lib_dir *.db]]
/thu-bloor/xinyao-w23/kvpim-rtl/third_party/asap7_lib/db/asap7sc7p5t_AO_RVT_TT_nldm_211120.db /thu-bloor/xinyao-w23/kvpim-rtl/third_party/asap7_lib/db/asap7sc7p5t_INVBUF_RVT_TT_nldm_211120.db /thu-bloor/xinyao-w23/kvpim-rtl/third_party/asap7_lib/db/asap7sc7p5t_OA_RVT_TT_nldm_211120.db /thu-bloor/xinyao-w23/kvpim-rtl/third_party/asap7_lib/db/asap7sc7p5t_SEQ_RVT_TT_nldm_220123.db /thu-bloor/xinyao-w23/kvpim-rtl/third_party/asap7_lib/db/asap7sc7p5t_SIMPLE_RVT_TT_nldm_211120.db
if {[llength $target_library] == 0} {
    error "No ASAP7 .db views in $lib_dir"
}
set link_library "* $target_library"
* /thu-bloor/xinyao-w23/kvpim-rtl/third_party/asap7_lib/db/asap7sc7p5t_AO_RVT_TT_nldm_211120.db /thu-bloor/xinyao-w23/kvpim-rtl/third_party/asap7_lib/db/asap7sc7p5t_INVBUF_RVT_TT_nldm_211120.db /thu-bloor/xinyao-w23/kvpim-rtl/third_party/asap7_lib/db/asap7sc7p5t_OA_RVT_TT_nldm_211120.db /thu-bloor/xinyao-w23/kvpim-rtl/third_party/asap7_lib/db/asap7sc7p5t_SEQ_RVT_TT_nldm_220123.db /thu-bloor/xinyao-w23/kvpim-rtl/third_party/asap7_lib/db/asap7sc7p5t_SIMPLE_RVT_TT_nldm_211120.db
set search_path [list $rtl_dir $lib_dir $sram_dir [file join $sram_dir verilog]]
/thu-bloor/xinyao-w23/kvpim-rtl/rtl/0830-02 /thu-bloor/xinyao-w23/kvpim-rtl/third_party/asap7_lib/db /thu-bloor/xinyao-w23/kvpim-rtl/third_party/asap7/asap7_sram_0p0/generated /thu-bloor/xinyao-w23/kvpim-rtl/third_party/asap7/asap7_sram_0p0/generated/verilog
set_host_options -max_cores $max_cores
1
# Link the compiled ASAP7 SRAM macro .db views (compile_asap7_sram_libs.tcl).
proc enable_asap7_sram {sram_dir} {
    global target_library link_library
    foreach name {srambank_64x4x16_6t122 srambank_64x4x32_6t122 srambank_64x4x80_6t122                   srambank_256x4x32_6t122 srambank_256x4x80_6t122 srambank_256x4x64_6t122} {
        set db [file join $sram_dir db ${name}.db]
        if {[file exists $db]} {
            lappend target_library $db
        }
    }
    if {![file exists [file join $sram_dir db srambank_64x4x16_6t122.db]]} {
        error "Missing SRAM DB views in $sram_dir/db. Run compile_asap7_sram_libs.tcl first."
    }
    set link_library "* $target_library"
}
# ---------------------------------------------------------------------------
# Profiles: RTL needed for each component (per docs/Hardware Overhead.md and
# the Fugue paper Sec. 4.3).  Frequencies are set by the driver script.
# ---------------------------------------------------------------------------
switch -- $profile {
    gemv {
        # Bank level: one GEMV unit (16 FP16 mult + 16 dual-mode FP16 add +
        # double-buffered 16x256b vector buffer + control unit).  The buffer
        # is the ASAP7 SRAM-macro implementation (2 groups x 16 x 256x16b).
        enable_asap7_sram $sram_dir
        set sources [list fp16_mult.sv fp16_add.sv dbuf_16x256_asap7.sv gemv_unit.sv]
    }
    dbuf {
        # The double-buffered GEMV buffer alone (breakdown term), macro-backed.
        enable_asap7_sram $sram_dir
        set sources [list dbuf_16x256_asap7.sv]
    }
    gemv_flop {
        # Reference point: the same GEMV unit with the flop-based buffer.
        set sources [list fp16_mult.sv fp16_add.sv dbuf_16x256.sv gemv_unit.sv]
    }
    accum_bg {
        # BG level: 4->1 FP16 accumulator with bypass/sum modes.
        set sources [list fp16_add.sv accumulator_bg.sv]
    }
    accum_buf_bg {
        # BG level: the accumulator buffer on one 256x16 ASAP7 macro.
        # Tops: accum_buffer_bg_attacc (8 x FP16, one query in flight) /
        #       accum_buffer_bg_fugue (64 x FP16 = n_cap(8) resident queries
        #       x 8-slot staging each; multi-Q over one shared K column).
        enable_asap7_sram $sram_dir
        set sources [list accum_buffer_bg.sv]
    }
    accum_logic {
        # Logic die: one per-channel context accumulator (16 lanes x 4 words).
        set sources [list fp16_add.sv accumulator_logic.sv]
    }
    diff_channel {
        # Logic die (Fugue): one per-channel D_i map / diff decoder.
        set sources [list fugue_pkg.sv diff_decoder.sv diff_decoder_channel_dc_top.sv]
    }
    causal_cmp {
        # Logic die (Fugue): one per-channel causal comparator.
        set sources [list causal_comparator.sv]
    }
    rope {
        # Ablation only ("Fugue with on-die RoPE"); the paper's die does NOT
        # carry rotation logic (RoPE runs on the GPU, Sec. 4.2).
        set sources [list bf16_mult.sv bf16_add.sv sincos_bf16.sv rotate_q_bf16.sv]
    }
    kvtlb {
        # Controller breakdown term: the KV segment TLB alone.
        set sources [list kv_tlb_pkg.sv kv_seg_tlb.sv kv_ptw.sv kv_scan_planner.sv kv_tlb_top.sv]
    }
    ctrl_attacc {
        # HBM controller, AttAcc: instr queue/decoder + config memory +
        # addr-gen/DRAM FSM + DMA engine + direct address path.
        set sources [list fugue_pkg.sv kv_tlb_pkg.sv attacc_controller.sv             direct_addr_plan.sv dma_engine.sv attacc_hbm_ctrl_top.sv]
    }
    ctrl_fugue {
        # HBM controller, Fugue: same core + DMA + the KV segment TLB
        # (diff-block address management).
        set sources [list fugue_pkg.sv kv_tlb_pkg.sv attacc_controller.sv             kv_seg_tlb.sv kv_ptw.sv kv_scan_planner.sv kv_tlb_top.sv             dma_engine.sv fugue_hbm_ctrl_top.sv]
    }
    softmax_pe {
        # Reference only: softmax_pe already met 699 ps in dc_0830-01
        # (setup/hold clean), which covers the 1.3 GHz (769 ps) requirement;
        # re-synthesis is NOT needed.
        set sources [list fp32_add.sv fp32_exp.sv fp32_mul.sv softmax_pe.sv]
    }
    fp32_recip {
        # The one softmax leaf missing from dc_0830-01 (one per channel
        # engine); synthesized once at the softmax clock for the roll-up.
        set sources [list fp32_recip.sv]
    }
    default { error "Unknown SYN_PROFILE=$profile" }
}
fp32_recip.sv
set src_paths {}
foreach source $sources { lappend src_paths [file join $rtl_dir $source] }
define_design_lib WORK -path [file join $out_dir WORK]
1
analyze -format sverilog $src_paths
Running PRESTO HDLC
Compiling source file /thu-bloor/xinyao-w23/kvpim-rtl/rtl/0830-02/fp32_recip.sv
Presto compilation completed successfully.
Loading db file '/thu-bloor/xinyao-w23/kvpim-rtl/third_party/asap7_lib/db/asap7sc7p5t_AO_RVT_TT_nldm_211120.db'
Loading db file '/thu-bloor/xinyao-w23/kvpim-rtl/third_party/asap7_lib/db/asap7sc7p5t_INVBUF_RVT_TT_nldm_211120.db'
Loading db file '/thu-bloor/xinyao-w23/kvpim-rtl/third_party/asap7_lib/db/asap7sc7p5t_OA_RVT_TT_nldm_211120.db'
Loading db file '/thu-bloor/xinyao-w23/kvpim-rtl/third_party/asap7_lib/db/asap7sc7p5t_SEQ_RVT_TT_nldm_220123.db'
Loading db file '/thu-bloor/xinyao-w23/kvpim-rtl/third_party/asap7_lib/db/asap7sc7p5t_SIMPLE_RVT_TT_nldm_211120.db'
1
elaborate $top_module
Loading db file '/usr/local/bin/Synopsys/syn/P-2019.03-SP5-6/libraries/syn/gtech.db'
Loading db file '/usr/local/bin/Synopsys/syn/P-2019.03-SP5-6/libraries/syn/standard.sldb'
  Loading link library 'asap7sc7p5t_AO_RVT_TT_nldm_211120'
  Loading link library 'asap7sc7p5t_INVBUF_RVT_TT_nldm_211120'
  Loading link library 'asap7sc7p5t_OA_RVT_TT_nldm_211120'
  Loading link library 'asap7sc7p5t_SEQ_RVT_TT_nldm_220123'
  Loading link library 'asap7sc7p5t_SIMPLE_RVT_TT_nldm_211120'
  Loading link library 'gtech'
Running PRESTO HDLC
Warning:  /thu-bloor/xinyao-w23/kvpim-rtl/rtl/0830-02/fp32_recip.sv:514: signed to unsigned part selection occurs. (VER-318)
Warning:  /thu-bloor/xinyao-w23/kvpim-rtl/rtl/0830-02/fp32_recip.sv:49: DEFAULT branch of CASE statement cannot be reached. (ELAB-311)

Statistics for case statements in always block at line 47 in file
	'/thu-bloor/xinyao-w23/kvpim-rtl/rtl/0830-02/fp32_recip.sv'
===============================================
|           Line           |  full/ parallel  |
===============================================
|            49            |    auto/auto     |
===============================================

Statistics for case statements in always block at line 459 in file
	'/thu-bloor/xinyao-w23/kvpim-rtl/rtl/0830-02/fp32_recip.sv'
===============================================
|           Line           |  full/ parallel  |
===============================================
|           460            |    auto/auto     |
===============================================

Statistics for case statements in always block at line 503 in file
	'/thu-bloor/xinyao-w23/kvpim-rtl/rtl/0830-02/fp32_recip.sv'
===============================================
|           Line           |  full/ parallel  |
===============================================
|           504            |    auto/auto     |
===============================================

Inferred memory devices in process
	in routine fp32_recip line 523 in file
		'/thu-bloor/xinyao-w23/kvpim-rtl/rtl/0830-02/fp32_recip.sv'.
===============================================================================
|    Register Name    |   Type    | Width | Bus | MB | AR | AS | SR | SS | ST |
===============================================================================
|    out_valid_reg    | Flip-flop |   1   |  N  | N  | Y  | N  | N  | N  | N  |
|    mant_M_s1_reg    | Flip-flop |  24   |  Y  | N  | Y  | N  | N  | N  | N  |
|     seed_s1_reg     | Flip-flop |  32   |  Y  | N  | Y  | N  | N  | N  | N  |
|      ea_s1_reg      | Flip-flop |   8   |  Y  | N  | Y  | N  | N  | N  | N  |
|     cls_s1_reg      | Flip-flop |   2   |  Y  | N  | Y  | N  | N  | N  | N  |
|      v_s1_reg       | Flip-flop |   1   |  N  | N  | Y  | N  | N  | N  | N  |
|      p00_p_reg      | Flip-flop |  32   |  Y  | N  | Y  | N  | N  | N  | N  |
|      p01_p_reg      | Flip-flop |  16   |  Y  | N  | Y  | N  | N  | N  | N  |
|      p10_p_reg      | Flip-flop |  16   |  Y  | N  | Y  | N  | N  | N  | N  |
|      p11_p_reg      | Flip-flop |  23   |  Y  | N  | Y  | N  | N  | N  | N  |
|      ea_p_reg       | Flip-flop |   8   |  Y  | N  | Y  | N  | N  | N  | N  |
|      ea_p1_reg      | Flip-flop |   8   |  Y  | N  | Y  | N  | N  | N  | N  |
|      ea_p2_reg      | Flip-flop |   8   |  Y  | N  | Y  | N  | N  | N  | N  |
|      ea_p3_reg      | Flip-flop |   8   |  Y  | N  | Y  | N  | N  | N  | N  |
|     seed_p_reg      | Flip-flop |  32   |  Y  | N  | Y  | N  | N  | N  | N  |
|     seed_p1_reg     | Flip-flop |  32   |  Y  | N  | Y  | N  | N  | N  | N  |
|     seed_p2_reg     | Flip-flop |  32   |  Y  | N  | Y  | N  | N  | N  | N  |
|     seed_p3_reg     | Flip-flop |  32   |  Y  | N  | Y  | N  | N  | N  | N  |
|      cls_p_reg      | Flip-flop |   2   |  Y  | N  | Y  | N  | N  | N  | N  |
|     cls_p1_reg      | Flip-flop |   2   |  Y  | N  | Y  | N  | N  | N  | N  |
|     cls_p2_reg      | Flip-flop |   2   |  Y  | N  | Y  | N  | N  | N  | N  |
|     cls_p3_reg      | Flip-flop |   2   |  Y  | N  | Y  | N  | N  | N  | N  |
|       v_p_reg       | Flip-flop |   1   |  N  | N  | Y  | N  | N  | N  | N  |
|      v_p1_reg       | Flip-flop |   1   |  N  | N  | Y  | N  | N  | N  | N  |
|      v_p2_reg       | Flip-flop |   1   |  N  | N  | Y  | N  | N  | N  | N  |
|      v_p3_reg       | Flip-flop |   1   |  N  | N  | Y  | N  | N  | N  | N  |
|   pcross_lo_p_reg   | Flip-flop |   9   |  Y  | N  | Y  | N  | N  | N  | N  |
|   pcross_hi_p_reg   | Flip-flop |   9   |  Y  | N  | Y  | N  | N  | N  | N  |
|    pcross_p_reg     | Flip-flop |  17   |  Y  | N  | Y  | N  | N  | N  | N  |
|      p00_x_reg      | Flip-flop |  32   |  Y  | N  | Y  | N  | N  | N  | N  |
|      p11_x_reg      | Flip-flop |  23   |  Y  | N  | Y  | N  | N  | N  | N  |
|      p00_c_reg      | Flip-flop |  32   |  Y  | N  | Y  | N  | N  | N  | N  |
|      p11_c_reg      | Flip-flop |  23   |  Y  | N  | Y  | N  | N  | N  | N  |
|      ea_x_reg       | Flip-flop |   8   |  Y  | N  | Y  | N  | N  | N  | N  |
|     seed_x_reg      | Flip-flop |  32   |  Y  | N  | Y  | N  | N  | N  | N  |
|      cls_x_reg      | Flip-flop |   2   |  Y  | N  | Y  | N  | N  | N  | N  |
|       v_x_reg       | Flip-flop |   1   |  N  | N  | Y  | N  | N  | N  | N  |
|      ea_c_reg       | Flip-flop |   8   |  Y  | N  | Y  | N  | N  | N  | N  |
|     seed_c_reg      | Flip-flop |  32   |  Y  | N  | Y  | N  | N  | N  | N  |
|      cls_c_reg      | Flip-flop |   2   |  Y  | N  | Y  | N  | N  | N  | N  |
|       v_c_reg       | Flip-flop |   1   |  N  | N  | Y  | N  | N  | N  | N  |
|     seed_s2_reg     | Flip-flop |  32   |  Y  | N  | Y  | N  | N  | N  | N  |
|     two_s2_reg      | Flip-flop |  32   |  Y  | N  | Y  | N  | N  | N  | N  |
|      ea_s2_reg      | Flip-flop |   8   |  Y  | N  | Y  | N  | N  | N  | N  |
|     cls_s2_reg      | Flip-flop |   2   |  Y  | N  | Y  | N  | N  | N  | N  |
|      v_s2_reg       | Flip-flop |   1   |  N  | N  | Y  | N  | N  | N  | N  |
|      r00_p_reg      | Flip-flop |  32   |  Y  | N  | Y  | N  | N  | N  | N  |
|      r01_p_reg      | Flip-flop |  32   |  Y  | N  | Y  | N  | N  | N  | N  |
|      r10_p_reg      | Flip-flop |  32   |  Y  | N  | Y  | N  | N  | N  | N  |
|      r11_p_reg      | Flip-flop |  29   |  Y  | N  | Y  | N  | N  | N  | N  |
|      ea_rp_reg      | Flip-flop |   8   |  Y  | N  | Y  | N  | N  | N  | N  |
|     ea_rp1_reg      | Flip-flop |   8   |  Y  | N  | Y  | N  | N  | N  | N  |
|     ea_rp2_reg      | Flip-flop |   8   |  Y  | N  | Y  | N  | N  | N  | N  |
|     ea_rp3_reg      | Flip-flop |   8   |  Y  | N  | Y  | N  | N  | N  | N  |
|     cls_rp_reg      | Flip-flop |   2   |  Y  | N  | Y  | N  | N  | N  | N  |
|     cls_rp1_reg     | Flip-flop |   2   |  Y  | N  | Y  | N  | N  | N  | N  |
|     cls_rp2_reg     | Flip-flop |   2   |  Y  | N  | Y  | N  | N  | N  | N  |
|     cls_rp3_reg     | Flip-flop |   2   |  Y  | N  | Y  | N  | N  | N  | N  |
|      v_rp_reg       | Flip-flop |   1   |  N  | N  | Y  | N  | N  | N  | N  |
|      v_rp1_reg      | Flip-flop |   1   |  N  | N  | Y  | N  | N  | N  | N  |
|      v_rp2_reg      | Flip-flop |   1   |  N  | N  | Y  | N  | N  | N  | N  |
|      v_rp3_reg      | Flip-flop |   1   |  N  | N  | Y  | N  | N  | N  | N  |
|    rcross_p_reg     | Flip-flop |  33   |  Y  | N  | Y  | N  | N  | N  | N  |
|      r00_c_reg      | Flip-flop |  32   |  Y  | N  | Y  | N  | N  | N  | N  |
|      r11_c_reg      | Flip-flop |  29   |  Y  | N  | Y  | N  | N  | N  | N  |
|      ea_rc_reg      | Flip-flop |   8   |  Y  | N  | Y  | N  | N  | N  | N  |
|     cls_rc_reg      | Flip-flop |   2   |  Y  | N  | Y  | N  | N  | N  | N  |
|      v_rc_reg       | Flip-flop |   1   |  N  | N  | Y  | N  | N  | N  | N  |
|      r1_s3_reg      | Flip-flop |  31   |  Y  | N  | Y  | N  | N  | N  | N  |
|      ea_s3_reg      | Flip-flop |   8   |  Y  | N  | Y  | N  | N  | N  | N  |
|     cls_s3_reg      | Flip-flop |   2   |  Y  | N  | Y  | N  | N  | N  | N  |
|      v_s3_reg       | Flip-flop |   1   |  N  | N  | Y  | N  | N  | N  | N  |
|        y_reg        | Flip-flop |  32   |  Y  | N  | Y  | N  | N  | N  | N  |
===============================================================================
Presto compilation completed successfully. (fp32_recip)
Elaborated 1 design.
Current design is now 'fp32_recip'.
Information: Building the design 'fp32_recip_mul16_pipe'. (HDL-193)

Inferred memory devices in process
	in routine fp32_recip_mul16_pipe line 708 in file
		'/thu-bloor/xinyao-w23/kvpim-rtl/rtl/0830-02/fp32_recip.sv'.
===============================================================================
|    Register Name    |   Type    | Width | Bus | MB | AR | AS | SR | SS | ST |
===============================================================================
|    out_valid_reg    | Flip-flop |   1   |  N  | N  | Y  | N  | N  | N  | N  |
|      ll_q_reg       | Flip-flop |  16   |  Y  | N  | Y  | N  | N  | N  | N  |
|      lh_q_reg       | Flip-flop |  16   |  Y  | N  | Y  | N  | N  | N  | N  |
|      hl_q_reg       | Flip-flop |  16   |  Y  | N  | Y  | N  | N  | N  | N  |
|      hh_q_reg       | Flip-flop |  16   |  Y  | N  | Y  | N  | N  | N  | N  |
|   cross_lo_q_reg    | Flip-flop |   9   |  Y  | N  | Y  | N  | N  | N  | N  |
|   cross_hi_q_reg    | Flip-flop |   9   |  Y  | N  | Y  | N  | N  | N  | N  |
|     cross_q_reg     | Flip-flop |  17   |  Y  | N  | Y  | N  | N  | N  | N  |
|      ll_d_reg       | Flip-flop |  16   |  Y  | N  | Y  | N  | N  | N  | N  |
|      hh_d_reg       | Flip-flop |  16   |  Y  | N  | Y  | N  | N  | N  | N  |
|      ll_c_reg       | Flip-flop |  16   |  Y  | N  | Y  | N  | N  | N  | N  |
|      hh_c_reg       | Flip-flop |  16   |  Y  | N  | Y  | N  | N  | N  | N  |
|        p_reg        | Flip-flop |  32   |  Y  | N  | Y  | N  | N  | N  | N  |
|       v1_reg        | Flip-flop |   1   |  N  | N  | Y  | N  | N  | N  | N  |
|       v2_reg        | Flip-flop |   1   |  N  | N  | Y  | N  | N  | N  | N  |
|       v3_reg        | Flip-flop |   1   |  N  | N  | Y  | N  | N  | N  | N  |
===============================================================================
Presto compilation completed successfully. (fp32_recip_mul16_pipe)
1
current_design $top_module
Current design is 'fp32_recip'.
{fp32_recip}
link

  Linking design 'fp32_recip'
  Using the following designs and libraries:
  --------------------------------------------------------------------------
  * (2 designs)               /thu-bloor/xinyao-w23/kvpim-rtl/syn/fp32_recip.db, etc
  asap7sc7p5t_AO_RVT_TT_nldm_211120 (library) /thu-bloor/xinyao-w23/kvpim-rtl/third_party/asap7_lib/db/asap7sc7p5t_AO_RVT_TT_nldm_211120.db
  asap7sc7p5t_INVBUF_RVT_TT_nldm_211120 (library) /thu-bloor/xinyao-w23/kvpim-rtl/third_party/asap7_lib/db/asap7sc7p5t_INVBUF_RVT_TT_nldm_211120.db
  asap7sc7p5t_OA_RVT_TT_nldm_211120 (library) /thu-bloor/xinyao-w23/kvpim-rtl/third_party/asap7_lib/db/asap7sc7p5t_OA_RVT_TT_nldm_211120.db
  asap7sc7p5t_SEQ_RVT_TT_nldm_220123 (library) /thu-bloor/xinyao-w23/kvpim-rtl/third_party/asap7_lib/db/asap7sc7p5t_SEQ_RVT_TT_nldm_220123.db
  asap7sc7p5t_SIMPLE_RVT_TT_nldm_211120 (library) /thu-bloor/xinyao-w23/kvpim-rtl/third_party/asap7_lib/db/asap7sc7p5t_SIMPLE_RVT_TT_nldm_211120.db

1
create_clock -name clk -period $period [get_ports clk]
1
set_clock_uncertainty 50.0 [get_clocks clk]
1
set_clock_transition 20.0 [get_clocks clk]
1
set clock_reset_ports [get_ports {clk rst_n}]
{clk rst_n}
set data_ports [remove_from_collection [all_inputs] $clock_reset_ports]
{in_valid a[31] a[30] a[29] a[28] a[27] a[26] a[25] a[24] a[23] a[22] a[21] a[20] a[19] a[18] a[17] a[16] a[15] a[14] a[13] a[12] a[11] a[10] a[9] a[8] a[7] a[6] a[5] a[4] a[3] a[2] a[1] a[0]}
set_input_delay [expr {$period * $io_delay_ratio}] -clock clk $data_ports
1
set_output_delay [expr {$period * $io_delay_ratio}] -clock clk [all_outputs]
1
set_driving_cell -lib_cell BUFx2_ASAP7_75t_R $data_ports
Warning: Design rule attributes from the driving cell will be
	set on the port. (UID-401)
Warning: Design rule attributes from the driving cell will be
	set on the port. (UID-401)
Warning: Design rule attributes from the driving cell will be
	set on the port. (UID-401)
Warning: Design rule attributes from the driving cell will be
	set on the port. (UID-401)
Warning: Design rule attributes from the driving cell will be
	set on the port. (UID-401)
Warning: Design rule attributes from the driving cell will be
	set on the port. (UID-401)
Warning: Design rule attributes from the driving cell will be
	set on the port. (UID-401)
Warning: Design rule attributes from the driving cell will be
	set on the port. (UID-401)
Warning: Design rule attributes from the driving cell will be
	set on the port. (UID-401)
Warning: Design rule attributes from the driving cell will be
	set on the port. (UID-401)
Warning: Design rule attributes from the driving cell will be
	set on the port. (UID-401)
Warning: Design rule attributes from the driving cell will be
	set on the port. (UID-401)
Warning: Design rule attributes from the driving cell will be
	set on the port. (UID-401)
Warning: Design rule attributes from the driving cell will be
	set on the port. (UID-401)
Warning: Design rule attributes from the driving cell will be
	set on the port. (UID-401)
Warning: Design rule attributes from the driving cell will be
	set on the port. (UID-401)
Warning: Design rule attributes from the driving cell will be
	set on the port. (UID-401)
Warning: Design rule attributes from the driving cell will be
	set on the port. (UID-401)
Warning: Design rule attributes from the driving cell will be
	set on the port. (UID-401)
Warning: Design rule attributes from the driving cell will be
	set on the port. (UID-401)
Warning: Design rule attributes from the driving cell will be
	set on the port. (UID-401)
Warning: Design rule attributes from the driving cell will be
	set on the port. (UID-401)
Warning: Design rule attributes from the driving cell will be
	set on the port. (UID-401)
Warning: Design rule attributes from the driving cell will be
	set on the port. (UID-401)
Warning: Design rule attributes from the driving cell will be
	set on the port. (UID-401)
Warning: Design rule attributes from the driving cell will be
	set on the port. (UID-401)
Warning: Design rule attributes from the driving cell will be
	set on the port. (UID-401)
Warning: Design rule attributes from the driving cell will be
	set on the port. (UID-401)
Warning: Design rule attributes from the driving cell will be
	set on the port. (UID-401)
Warning: Design rule attributes from the driving cell will be
	set on the port. (UID-401)
Warning: Design rule attributes from the driving cell will be
	set on the port. (UID-401)
Warning: Design rule attributes from the driving cell will be
	set on the port. (UID-401)
Warning: Design rule attributes from the driving cell will be
	set on the port. (UID-401)
1
set_load 0.005 [all_outputs]
1
set_false_path -from [get_ports rst_n]
1
if {$fix_hold} {
    set_fix_hold [get_clocks clk]
}
1
compile -map_effort low -area_effort low
Warning: The compile -map_effort low is obsolete. Setting this variable now defaults to compile -map_effort medium. Please update your script accordingly. (OPT-1303)
Information: Evaluating DesignWare library utilization. (UISN-27)

============================================================================
| DesignWare Building Block Library  |         Version         | Available |
============================================================================
| Basic DW Building Blocks           | P-2019.03-DWBB_201903.4 |     *     |
| Licensed DW Building Blocks        |                         |           |
============================================================================


Information: There are 75 potential problems in your design. Please run 'check_design' for more information. (LINT-99)



  Beginning Pass 1 Mapping
  ------------------------
  Processing 'fp32_recip_mul16_pipe_0'
  Processing 'fp32_recip'
Information: The register 'seed_s1_reg[31]' is a constant and will be removed. (OPT-1206)
Information: The register 'seed_s1_reg[30]' is a constant and will be removed. (OPT-1206)
Information: The register 'seed_p1_reg[31]' is a constant and will be removed. (OPT-1206)
Information: The register 'seed_p1_reg[30]' is a constant and will be removed. (OPT-1206)
Information: The register 'seed_p2_reg[31]' is a constant and will be removed. (OPT-1206)
Information: The register 'seed_p2_reg[30]' is a constant and will be removed. (OPT-1206)
Information: The register 'seed_p3_reg[31]' is a constant and will be removed. (OPT-1206)
Information: The register 'seed_p_reg[31]' is a constant and will be removed. (OPT-1206)
Information: The register 'seed_p3_reg[30]' is a constant and will be removed. (OPT-1206)
Information: The register 'seed_p_reg[30]' is a constant and will be removed. (OPT-1206)
Information: The register 'seed_x_reg[31]' is a constant and will be removed. (OPT-1206)
Information: The register 'seed_x_reg[30]' is a constant and will be removed. (OPT-1206)
Information: The register 'seed_c_reg[31]' is a constant and will be removed. (OPT-1206)
Information: The register 'seed_c_reg[30]' is a constant and will be removed. (OPT-1206)
Information: The register 'seed_s2_reg[31]' is a constant and will be removed. (OPT-1206)
Information: The register 'seed_s2_reg[30]' is a constant and will be removed. (OPT-1206)
Information: The register 'y_reg[31]' is a constant and will be removed. (OPT-1206)

  Updating timing information
Information: Updating design information... (UID-85)

  Beginning Implementation Selection
  ----------------------------------
  Processing 'fp32_recip_DW01_add_0'
  Processing 'fp32_recip_DW01_add_1'
  Processing 'fp32_recip_DW01_add_2'
  Processing 'fp32_recip_DW01_add_3'
  Processing 'fp32_recip_DW01_cmp2_0'
  Processing 'fp32_recip_DW01_cmp2_1'
  Processing 'fp32_recip_DW01_inc_0'
  Processing 'fp32_recip_DW01_add_4'
  Processing 'fp32_recip_mul16_pipe_1_DW01_add_0_DW01_add_5'
  Processing 'fp32_recip_mul16_pipe_1_DW01_add_1_DW01_add_6'
  Processing 'fp32_recip_mul16_pipe_1_DW01_add_2_DW01_add_7'
  Processing 'fp32_recip_mul16_pipe_2_DW01_add_0_DW01_add_8'
  Processing 'fp32_recip_mul16_pipe_2_DW01_add_1_DW01_add_9'
  Processing 'fp32_recip_mul16_pipe_2_DW01_add_2_DW01_add_10'
  Processing 'fp32_recip_mul16_pipe_3_DW01_add_0_DW01_add_11'
  Processing 'fp32_recip_mul16_pipe_3_DW01_add_1_DW01_add_12'
  Processing 'fp32_recip_mul16_pipe_3_DW01_add_2_DW01_add_13'
  Processing 'fp32_recip_mul16_pipe_4_DW01_add_0_DW01_add_14'
  Processing 'fp32_recip_mul16_pipe_4_DW01_add_1_DW01_add_15'
  Processing 'fp32_recip_mul16_pipe_4_DW01_add_2_DW01_add_16'
  Processing 'fp32_recip_mul16_pipe_5_DW01_add_0_DW01_add_17'
  Processing 'fp32_recip_mul16_pipe_5_DW01_add_1_DW01_add_18'
  Processing 'fp32_recip_mul16_pipe_5_DW01_add_2_DW01_add_19'
  Processing 'fp32_recip_mul16_pipe_6_DW01_add_0_DW01_add_20'
  Processing 'fp32_recip_mul16_pipe_6_DW01_add_1_DW01_add_21'
  Processing 'fp32_recip_mul16_pipe_6_DW01_add_2_DW01_add_22'
  Processing 'fp32_recip_mul16_pipe_7_DW01_add_0_DW01_add_23'
  Processing 'fp32_recip_mul16_pipe_7_DW01_add_1_DW01_add_24'
  Processing 'fp32_recip_mul16_pipe_7_DW01_add_2_DW01_add_25'
  Processing 'fp32_recip_mul16_pipe_0_DW01_add_0_DW01_add_26'
  Processing 'fp32_recip_mul16_pipe_0_DW01_add_1_DW01_add_27'
  Processing 'fp32_recip_mul16_pipe_0_DW01_add_2_DW01_add_28'
  Processing 'fp32_recip_DW01_add_5_DW01_add_29'
  Processing 'fp32_recip_DW01_add_6_DW01_add_30'
  Processing 'fp32_recip_DW01_sub_0'
  Processing 'fp32_recip_DW01_add_7_DW01_add_31'
  Processing 'fp32_recip_DW01_add_8_DW01_add_32'
  Processing 'fp32_recip_mul16_pipe_1_DW01_add_3_DW01_add_33'
  Processing 'fp32_recip_mul16_pipe_1_DW01_add_4_DW01_add_34'
  Processing 'fp32_recip_mul16_pipe_2_DW01_add_3_DW01_add_35'
  Processing 'fp32_recip_mul16_pipe_2_DW01_add_4_DW01_add_36'
  Processing 'fp32_recip_mul16_pipe_3_DW01_add_3_DW01_add_37'
  Processing 'fp32_recip_mul16_pipe_3_DW01_add_4_DW01_add_38'
  Processing 'fp32_recip_mul16_pipe_4_DW01_add_3_DW01_add_39'
  Processing 'fp32_recip_mul16_pipe_4_DW01_add_4_DW01_add_40'
  Processing 'fp32_recip_mul16_pipe_5_DW01_add_3_DW01_add_41'
  Processing 'fp32_recip_mul16_pipe_5_DW01_add_4_DW01_add_42'
  Processing 'fp32_recip_mul16_pipe_6_DW01_add_3_DW01_add_43'
  Processing 'fp32_recip_mul16_pipe_6_DW01_add_4_DW01_add_44'
  Processing 'fp32_recip_mul16_pipe_7_DW01_add_3_DW01_add_45'
  Processing 'fp32_recip_mul16_pipe_7_DW01_add_4_DW01_add_46'
  Processing 'fp32_recip_mul16_pipe_0_DW01_add_3_DW01_add_47'
  Processing 'fp32_recip_mul16_pipe_0_DW01_add_4_DW01_add_48'
  Processing 'fp32_recip_mul16_pipe_4_DW02_mult_0'
  Processing 'fp32_recip_mul16_pipe_4_DW01_add_5_DW01_add_49'
  Processing 'fp32_recip_mul16_pipe_4_DW02_mult_1'
  Processing 'fp32_recip_mul16_pipe_4_DW01_add_6_DW01_add_50'
  Processing 'fp32_recip_mul16_pipe_4_DW02_mult_2'
  Processing 'fp32_recip_mul16_pipe_4_DW01_add_7_DW01_add_51'
  Processing 'fp32_recip_mul16_pipe_4_DW02_mult_3'
  Processing 'fp32_recip_mul16_pipe_4_DW01_add_8_DW01_add_52'
  Processing 'fp32_recip_mul16_pipe_3_DW02_mult_0_DW02_mult_4'
  Processing 'fp32_recip_mul16_pipe_3_DW01_add_5_DW01_add_53'
  Processing 'fp32_recip_mul16_pipe_3_DW02_mult_1_DW02_mult_5'
  Processing 'fp32_recip_mul16_pipe_3_DW01_add_6_DW01_add_54'
  Processing 'fp32_recip_mul16_pipe_3_DW02_mult_2_DW02_mult_6'
  Processing 'fp32_recip_mul16_pipe_3_DW01_add_7_DW01_add_55'
  Processing 'fp32_recip_mul16_pipe_3_DW02_mult_3_DW02_mult_7'
  Processing 'fp32_recip_mul16_pipe_3_DW01_add_8_DW01_add_56'
  Processing 'fp32_recip_mul16_pipe_2_DW02_mult_0_DW02_mult_8'
  Processing 'fp32_recip_mul16_pipe_2_DW01_add_5_DW01_add_57'
  Processing 'fp32_recip_mul16_pipe_2_DW02_mult_1_DW02_mult_9'
  Processing 'fp32_recip_mul16_pipe_2_DW01_add_6_DW01_add_58'
  Processing 'fp32_recip_mul16_pipe_2_DW02_mult_2_DW02_mult_10'
  Processing 'fp32_recip_mul16_pipe_2_DW01_add_7_DW01_add_59'
  Processing 'fp32_recip_mul16_pipe_2_DW02_mult_3_DW02_mult_11'
  Processing 'fp32_recip_mul16_pipe_2_DW01_add_8_DW01_add_60'
  Processing 'fp32_recip_mul16_pipe_1_DW02_mult_0_DW02_mult_12'
  Processing 'fp32_recip_mul16_pipe_1_DW01_add_5_DW01_add_61'
  Processing 'fp32_recip_mul16_pipe_1_DW02_mult_1_DW02_mult_13'
  Processing 'fp32_recip_mul16_pipe_1_DW01_add_6_DW01_add_62'
  Processing 'fp32_recip_mul16_pipe_1_DW02_mult_2_DW02_mult_14'
  Processing 'fp32_recip_mul16_pipe_1_DW01_add_7_DW01_add_63'
  Processing 'fp32_recip_mul16_pipe_1_DW02_mult_3_DW02_mult_15'
  Processing 'fp32_recip_mul16_pipe_1_DW01_add_8_DW01_add_64'
  Processing 'fp32_recip_mul16_pipe_7_DW02_mult_0_DW02_mult_16'
  Processing 'fp32_recip_mul16_pipe_7_DW01_add_5_DW01_add_65'
  Processing 'fp32_recip_mul16_pipe_7_DW02_mult_1_DW02_mult_17'
  Processing 'fp32_recip_mul16_pipe_7_DW01_add_6_DW01_add_66'
  Processing 'fp32_recip_mul16_pipe_7_DW02_mult_2_DW02_mult_18'
  Processing 'fp32_recip_mul16_pipe_7_DW01_add_7_DW01_add_67'
  Processing 'fp32_recip_mul16_pipe_7_DW02_mult_3_DW02_mult_19'
  Processing 'fp32_recip_mul16_pipe_7_DW01_add_8_DW01_add_68'
  Processing 'fp32_recip_mul16_pipe_0_DW02_mult_0_DW02_mult_20'
  Processing 'fp32_recip_mul16_pipe_0_DW01_add_5_DW01_add_69'
  Processing 'fp32_recip_mul16_pipe_0_DW02_mult_1_DW02_mult_21'
  Processing 'fp32_recip_mul16_pipe_0_DW01_add_6_DW01_add_70'
  Processing 'fp32_recip_mul16_pipe_0_DW02_mult_2_DW02_mult_22'
  Processing 'fp32_recip_mul16_pipe_0_DW01_add_7_DW01_add_71'
  Processing 'fp32_recip_mul16_pipe_0_DW02_mult_3_DW02_mult_23'
  Processing 'fp32_recip_mul16_pipe_0_DW01_add_8_DW01_add_72'
  Processing 'fp32_recip_mul16_pipe_6_DW02_mult_0_DW02_mult_24'
  Processing 'fp32_recip_mul16_pipe_6_DW01_add_5_DW01_add_73'
  Processing 'fp32_recip_mul16_pipe_6_DW02_mult_1_DW02_mult_25'
  Processing 'fp32_recip_mul16_pipe_6_DW01_add_6_DW01_add_74'
  Processing 'fp32_recip_mul16_pipe_6_DW02_mult_2_DW02_mult_26'
  Processing 'fp32_recip_mul16_pipe_6_DW01_add_7_DW01_add_75'
  Processing 'fp32_recip_mul16_pipe_6_DW02_mult_3_DW02_mult_27'
  Processing 'fp32_recip_mul16_pipe_6_DW01_add_8_DW01_add_76'
  Processing 'fp32_recip_mul16_pipe_5_DW02_mult_0_DW02_mult_28'
  Processing 'fp32_recip_mul16_pipe_5_DW01_add_5_DW01_add_77'
  Processing 'fp32_recip_mul16_pipe_5_DW02_mult_1_DW02_mult_29'
  Processing 'fp32_recip_mul16_pipe_5_DW01_add_6_DW01_add_78'
  Processing 'fp32_recip_mul16_pipe_5_DW02_mult_2_DW02_mult_30'
  Processing 'fp32_recip_mul16_pipe_5_DW01_add_7_DW01_add_79'
  Processing 'fp32_recip_mul16_pipe_5_DW02_mult_3_DW02_mult_31'
  Processing 'fp32_recip_mul16_pipe_5_DW01_add_8_DW01_add_80'
  Processing 'fp32_recip_DW01_sub_1'
  Processing 'fp32_recip_DW01_add_9_DW01_add_81'

  Beginning Mapping Optimizations  (Medium effort)
  -------------------------------
LNC WARNING: Found output_to_output lib arc on HAxp5_ASAP7_75t_R.
  Mapping Optimization (Phase 1)

                                  TOTAL                                                  
   ELAPSED            WORST NEG   SETUP    DESIGN                              MIN DELAY 
    TIME      AREA      SLACK     COST    RULE COST         ENDPOINT             COST    
  --------- --------- --------- --------- --------- ------------------------- -----------
    0:00:32    2245.7     81.70    6108.6       0.0                                0.00  
    0:00:32    2245.7     81.70    6108.6       0.0                                0.00  

  Beginning Delay Optimization Phase
  ----------------------------------

                                  TOTAL                                                  
   ELAPSED            WORST NEG   SETUP    DESIGN                              MIN DELAY 
    TIME      AREA      SLACK     COST    RULE COST         ENDPOINT             COST    
  --------- --------- --------- --------- --------- ------------------------- -----------
    0:00:32    2245.7     81.70    6108.6       0.0                                0.00  
    0:00:35    2357.5     61.76    3177.3       0.0 u_p01/p_reg[30]/D              0.00  
    0:00:36    2357.8     50.69    2863.3       0.0 u_r11/p_reg[30]/D              0.00  
    0:00:36    2358.9     47.20    2569.1       0.0 u_r10/lh_q_reg[15]/D           0.00  
    0:00:36    2359.2     44.96    2453.5       0.0 u_r11/lh_q_reg[15]/D           0.00  
    0:00:36    2359.9     43.04    2353.9       0.0 u_p01/ll_q_reg[15]/D           0.00  
    0:00:36    2360.3     41.45    2279.8       0.0 u_p00/lh_q_reg[15]/D           0.00  
    0:00:36    2361.1     40.94    2225.3       0.0 u_r11/hl_q_reg[15]/D           0.00  
    0:00:36    2361.3     39.95    2168.1       0.0 u_p00/hl_q_reg[15]/D           0.00  
    0:00:37    2361.9     39.14    2147.0       0.0 u_r00/ll_q_reg[15]/D           0.00  
    0:00:37    2362.8     38.37    2128.3       0.0 u_r01/hl_q_reg[15]/D           0.00  
    0:00:37    2363.1     37.85    2063.4       0.0 u_r11/lh_q_reg[15]/D           0.00  
    0:00:37    2363.6     37.06    2025.3       0.0 u_r10/hh_q_reg[15]/D           0.00  
    0:00:37    2363.8     36.74    1996.9       0.0 u_p01/hl_q_reg[15]/D           0.00  
    0:00:37    2363.7     35.89    1954.8       0.0 u_p00/ll_q_reg[15]/D           0.00  
    0:00:37    2363.8     35.13    1877.2       0.0 u_r10/p_reg[30]/D              0.00  
    0:00:37    2364.2     34.21    1850.7       0.0 u_p00/hl_q_reg[15]/D           0.00  
    0:00:37    2364.4     33.87    1840.7       0.0 u_r01/hh_q_reg[15]/D           0.00  
    0:00:38    2364.6     33.32    1817.4       0.0 u_r10/p_reg[30]/D              0.00  
    0:00:38    2364.9     32.80    1779.2       0.0 u_r00/lh_q_reg[15]/D           0.00  
    0:00:38    2365.2     32.13    1753.3       0.0 u_r10/ll_q_reg[15]/D           0.00  
    0:00:38    2365.6     31.71    1734.9       0.0 u_p10/p_reg[30]/D              0.00  
    0:00:38    2365.7     31.28    1708.9       0.0 u_r11/hh_q_reg[15]/D           0.00  
    0:00:38    2365.9     31.11    1650.9       0.0 u_p01/hl_q_reg[15]/D           0.00  
    0:00:38    2366.2     30.88    1615.3       0.0 u_p11/ll_q_reg[15]/D           0.00  
    0:00:38    2366.7     30.39    1584.7       0.0 u_r01/lh_q_reg[15]/D           0.00  
    0:00:38    2367.1     29.93    1535.2       0.0 u_r00/ll_q_reg[15]/D           0.00  
    0:00:39    2367.4     29.53    1505.9       0.0 u_p10/ll_q_reg[15]/D           0.00  
    0:00:39    2367.5     29.22    1498.6       0.0 u_r01/hh_q_reg[15]/D           0.00  
    0:00:39    2367.6     29.12    1418.6       0.0 u_p10/p_reg[30]/D              0.00  
    0:00:39    2368.4     28.65    1363.7       0.0 u_r10/lh_q_reg[15]/D           0.00  
    0:00:39    2368.4     28.55    1316.8       0.0 u_r11/ll_q_reg[15]/D           0.00  
    0:00:39    2368.5     28.20    1299.5       0.0 u_r00/hh_q_reg[15]/D           0.00  
    0:00:39    2368.9     27.90    1278.6       0.0 u_p10/lh_q_reg[15]/D           0.00  
    0:00:39    2369.0     27.22    1235.2       0.0 u_p10/lh_q_reg[15]/D           0.00  
    0:00:39    2369.7     26.67    1201.2       0.0 u_r11/lh_q_reg[15]/D           0.00  
    0:00:40    2370.2     26.09    1177.6       0.0 u_r11/hh_q_reg[15]/D           0.00  
    0:00:40    2370.4     25.61    1166.8       0.0 u_p00/lh_q_reg[15]/D           0.00  
    0:00:40    2371.5     25.40    1139.3       0.0 u_r01/ll_q_reg[15]/D           0.00  
    0:00:40    2371.7     25.27    1139.9       0.0 u_p00/ll_q_reg[15]/D           0.00  
    0:00:40    2371.8     24.78    1135.4       0.0 u_r01/lh_q_reg[15]/D           0.00  
    0:00:40    2371.9     24.19    1111.6       0.0 u_p10/lh_q_reg[15]/D           0.00  
    0:00:40    2372.2     23.13    1081.2       0.0 u_p00/hh_q_reg[15]/D           0.00  
    0:00:40    2372.9     22.52     989.8       0.0 u_p00/lh_q_reg[15]/D           0.00  
    0:00:40    2374.3     22.11     955.6       0.0 u_r01/lh_q_reg[15]/D           0.00  
    0:00:41    2374.4     21.80     924.0       0.0 u_r11/lh_q_reg[15]/D           0.00  
    0:00:41    2374.7     21.23     909.1       0.0 u_r00/ll_q_reg[15]/D           0.00  
    0:00:41    2375.4     20.97     895.6       0.0 u_r10/hl_q_reg[15]/D           0.00  
    0:00:41    2375.8     20.53     878.8       0.0 u_r11/lh_q_reg[15]/D           0.00  
    0:00:41    2376.0     19.86     847.8       0.0 u_r00/lh_q_reg[15]/D           0.00  
    0:00:41    2376.6     19.54     833.6       0.0 u_r01/lh_q_reg[15]/D           0.00  
    0:00:41    2377.2     19.19     789.5       0.0 u_r10/lh_q_reg[14]/D           0.00  
    0:00:41    2377.6     18.66     730.9       0.0 u_p00/hh_q_reg[15]/D           0.00  
    0:00:41    2378.7     18.08     696.5       0.0 u_r00/hl_q_reg[15]/D           0.00  
    0:00:41    2378.8     17.64     679.7       0.0 u_r00/ll_q_reg[15]/D           0.00  
    0:00:42    2379.4     16.99     666.5       0.0 u_r11/ll_q_reg[15]/D           0.00  
    0:00:42    2379.8     16.39     639.3       0.0 u_r11/ll_q_reg[15]/D           0.00  
    0:00:42    2380.3     15.84     628.7       0.0 u_r10/lh_q_reg[15]/D           0.00  
    0:00:42    2380.3     15.49     612.5       0.0 u_p01/hl_q_reg[15]/D           0.00  
    0:00:42    2380.4     15.30     590.3       0.0 u_p01/hl_q_reg[15]/D           0.00  
    0:00:42    2380.7     15.03     590.0       0.0 u_r10/hl_q_reg[15]/D           0.00  
    0:00:42    2380.9     14.89     588.2       0.0 u_p00/lh_q_reg[15]/D           0.00  
    0:00:42    2381.1     14.49     579.9       0.0 u_p00/hh_q_reg[15]/D           0.00  
    0:00:42    2381.6     14.04     547.4       0.0 u_p10/ll_q_reg[15]/D           0.00  
    0:00:42    2381.8     13.72     524.8       0.0 u_r10/ll_q_reg[15]/D           0.00  
    0:00:43    2382.3     13.46     498.3       0.0 u_r11/lh_q_reg[15]/D           0.00  
    0:00:43    2382.5     13.31     492.2       0.0 u_r11/hh_q_reg[15]/D           0.00  
    0:00:43    2382.8     12.37     471.4       0.0 u_p00/hh_q_reg[15]/D           0.00  
    0:00:43    2383.2     11.80     458.3       0.0 u_r00/hh_q_reg[15]/D           0.00  
    0:00:43    2383.7     11.62     427.6       0.0 u_r01/hl_q_reg[15]/D           0.00  
    0:00:43    2384.4     11.39     420.0       0.0 u_r00/p_reg[30]/D              0.00  
    0:00:43    2384.8     10.91     411.7       0.0 u_p00/ll_q_reg[15]/D           0.00  
    0:00:43    2384.9     10.09     405.3       0.0 u_p10/ll_q_reg[15]/D           0.00  
    0:00:44    2385.2      9.93     384.1       0.0 u_p10/ll_q_reg[15]/D           0.00  
    0:00:44    2384.9      9.46     363.1       0.0 u_r00/hl_q_reg[15]/D           0.00  
    0:00:44    2385.1      9.39     358.9       0.0 u_r01/lh_q_reg[15]/D           0.00  
    0:00:44    2385.1      9.20     341.6       0.0 u_r00/lh_q_reg[15]/D           0.00  
    0:00:44    2385.2      9.10     341.7       0.0 u_p01/ll_q_reg[15]/D           0.00  
    0:00:44    2385.8      9.01     308.9       0.0 u_p00/hh_q_reg[15]/D           0.00  
    0:00:44    2386.4      8.61     304.4       0.0 u_r01/p_reg[30]/D              0.00  
    0:00:44    2386.8      8.10     268.9       0.0 u_p01/p_reg[30]/D              0.00  
    0:00:44    2386.8      7.70     260.6       0.0 u_r01/hh_q_reg[15]/D           0.00  
    0:00:45    2387.0      7.55     247.3       0.0 u_r01/hl_q_reg[15]/D           0.00  
    0:00:45    2387.3      7.25     233.8       0.0 u_r10/ll_q_reg[15]/D           0.00  
    0:00:45    2387.5      6.92     217.9       0.0 u_r10/ll_q_reg[15]/D           0.00  
    0:00:45    2387.5      6.67     214.1       0.0 u_r11/ll_q_reg[15]/D           0.00  
    0:00:45    2387.6      6.39     196.7       0.0 u_r01/hh_q_reg[15]/D           0.00  
    0:00:45    2387.8      6.06     191.2       0.0 u_p11/ll_q_reg[15]/D           0.00  
    0:00:45    2388.1      5.68     177.9       0.0 u_p00/p_reg[30]/D              0.00  
    0:00:45    2388.3      5.51     175.4       0.0 u_r00/ll_q_reg[15]/D           0.00  
    0:00:45    2388.3      5.13     170.0       0.0 u_p01/hl_q_reg[15]/D           0.00  
    0:00:45    2388.3      5.07     167.7       0.0 u_r00/hl_q_reg[15]/D           0.00  
    0:00:46    2388.4      4.88     160.5       0.0 u_p00/ll_q_reg[15]/D           0.00  
    0:00:46    2388.6      4.64     143.9       0.0 u_r01/hl_q_reg[15]/D           0.00  
    0:00:46    2388.9      4.43     135.6       0.0 u_r10/lh_q_reg[15]/D           0.00  
    0:00:46    2389.4      4.33     117.1       0.0 u_r00/hl_q_reg[15]/D           0.00  
    0:00:46    2389.7      4.15      99.4       0.0 u_r01/lh_q_reg[15]/D           0.00  
    0:00:46    2390.0      3.83      86.4       0.0 u_r10/lh_q_reg[15]/D           0.00  
    0:00:46    2390.2      3.80      81.2       0.0 u_p01/hl_q_reg[15]/D           0.00  
    0:00:46    2390.3      3.38      75.4       0.0 u_p01/ll_q_reg[15]/D           0.00  
    0:00:46    2390.3      3.13      69.0       0.0 u_r00/ll_q_reg[15]/D           0.00  
    0:00:46    2390.4      2.96      62.4       0.0 u_p10/ll_q_reg[15]/D           0.00  
    0:00:47    2390.6      2.61      52.2       0.0 u_p11/ll_q_reg[15]/D           0.00  
    0:00:47    2390.6      2.25      39.2       0.0 u_r10/lh_q_reg[15]/D           0.00  
    0:00:47    2390.8      1.88      29.5       0.0 u_r11/hh_q_reg[15]/D           0.00  
    0:00:47    2391.1      1.32      20.6       0.0 u_p01/p_reg[30]/D              0.00  
    0:00:47    2391.3      1.01      17.0       0.0 u_r00/lh_q_reg[15]/D           0.00  
    0:00:47    2391.4      0.88      13.4       0.0 u_p10/ll_q_reg[15]/D           0.00  
    0:00:47    2391.4      0.83      12.0       0.0 u_r10/hl_q_reg[15]/D           0.00  
    0:00:47    2391.9      0.59       6.8       0.0 u_r11/lh_q_reg[15]/D           0.00  
    0:00:47    2392.0      0.45       4.7       0.0 u_r01/hl_q_reg[15]/D           0.00  
    0:00:48    2392.2      0.27       2.7       0.0 u_r00/lh_q_reg[15]/D           0.00  
    0:00:48    2392.1      0.19       1.8       0.0 u_r00/p_reg[30]/D              0.00  
    0:00:48    2392.0      0.00       0.0       0.0                                0.00  
    0:00:51    2301.7      0.00       0.0       0.0                                0.00  


  Beginning Design Rule Fixing  (min_path)
  ----------------------------

                                  TOTAL                                                  
   ELAPSED            WORST NEG   SETUP    DESIGN                              MIN DELAY 
    TIME      AREA      SLACK     COST    RULE COST         ENDPOINT             COST    
  --------- --------- --------- --------- --------- ------------------------- -----------
    0:00:51    2301.7      0.00       0.0       0.0                            -4068.58  


  Beginning Area-Recovery Phase  (cleanup)
  -----------------------------

                                  TOTAL                                                  
   ELAPSED            WORST NEG   SETUP    DESIGN                              MIN DELAY 
    TIME      AREA      SLACK     COST    RULE COST         ENDPOINT             COST    
  --------- --------- --------- --------- --------- ------------------------- -----------
    0:00:51    2301.7      0.00       0.0       0.0                            -4068.58  
    0:00:51    2301.7      0.00       0.0       0.0                            -4068.58  
    0:00:53    2271.6      8.46      67.0       0.0                            -4068.58  
    0:00:54    2259.7     18.90     508.3       0.0                            -4068.58  
    0:00:54    2258.4     18.90     508.3       0.0                            -4068.58  
    0:00:54    2258.1     18.90     508.3       0.0                            -4068.58  
    0:00:54    2258.0     18.90     508.3       0.0                            -4068.58  
    0:00:54    2258.0     18.90     508.3       0.0                            -4068.58  
    0:00:54    2258.3      3.05      30.0       0.0 u_r11/hl_q_reg[15]/D       -4068.58  
    0:00:54    2258.4      1.86      18.4       0.0 u_r11/hl_q_reg[15]/D       -4068.58  
    0:00:54    2259.7      1.15       8.4       0.0 u_r10/ll_q_reg[15]/D       -4068.58  
    0:00:55    2259.8      0.67       4.8       0.0 u_r00/lh_q_reg[15]/D       -4068.58  
    0:00:55    2260.0      0.33       0.7       0.0 u_r10/hl_q_reg[15]/D       -4068.58  
    0:00:55    2260.2      0.00       0.0       0.0                            -4068.58  
    0:00:56    2207.2     28.49     250.9       0.0                            -4068.58  
    0:00:56    2182.6     29.47     365.6       0.0                            -4068.58  
    0:00:56    2176.6     29.47     367.6       0.0                            -4068.58  
    0:00:56    2174.6     29.47     368.6       0.0                            -4068.58  
    0:00:56    2174.4     29.47     368.6       0.0                            -4068.58  
    0:00:56    2174.4     29.47     368.6       0.0                            -4068.58  
    0:00:56    2174.4     29.47     368.6       0.0                            -4068.58  
    0:00:56    2174.4     29.47     368.6       0.0                            -4068.58  
    0:00:56    2175.0     11.47     279.0       0.0 u_r00/ll_q_reg[15]/D       -4068.58  
    0:00:57    2176.0      7.98     202.1       0.0 u_r00/hh_q_reg[15]/D       -4068.58  
    0:00:57    2176.3      6.37     185.9       0.0 u_p01/ll_q_reg[15]/D       -4068.58  
    0:00:57    2176.5      6.12     178.1       0.0 u_r00/hh_q_reg[15]/D       -4068.58  
    0:00:57    2177.3      5.63     154.4       0.0 u_p01/p_reg[30]/D          -4068.58  
    0:00:57    2177.8      4.57     119.0       0.0 u_p10/ll_q_reg[15]/D       -4068.58  
    0:00:57    2178.0      4.15     108.9       0.0 u_r00/hh_q_reg[15]/D       -4068.58  
    0:00:58    2178.4      3.78      94.9       0.0 u_p00/hh_q_reg[14]/D       -4068.58  
    0:00:58    2178.8      3.48      84.8       0.0 u_r01/ll_q_reg[15]/D       -4068.58  
    0:00:58    2179.3      2.97      66.6       0.0 u_p01/hl_q_reg[15]/D       -4068.58  
    0:00:58    2179.7      2.36      43.6       0.0 u_p01/ll_q_reg[15]/D       -4068.58  
    0:00:58    2180.1      1.94      33.7       0.0 u_r01/lh_q_reg[15]/D       -4068.58  
    0:00:59    2180.4      1.52      26.7       0.0 u_r00/ll_q_reg[15]/D       -4068.58  
    0:00:59    2181.0      1.31      23.7       0.0 u_r00/lh_q_reg[15]/D       -4068.58  
    0:00:59    2181.0      1.25      22.4       0.0 u_r01/hh_q_reg[15]/D       -4068.58  
    0:00:59    2181.1      1.15      19.6       0.0 u_r00/lh_q_reg[15]/D       -4068.58  
    0:00:59    2181.1      1.10      16.3       0.0 u_p00/hh_q_reg[15]/D       -4068.58  
    0:00:59    2181.4      0.75       6.2       0.0 u_p10/p_reg[30]/D          -4068.58  
    0:00:59    2181.5      0.49       4.0       0.0 u_r01/lh_q_reg[15]/D       -4068.58  
    0:00:59    2181.6      0.35       1.4       0.0 u_r11/hl_q_reg[15]/D       -4068.58  
    0:00:59    2181.8      0.05       0.1       0.0 u_r01/hh_q_reg[15]/D       -4068.58  
    0:01:00    2183.4      0.00       0.0       0.0 u_p00/hh_c_reg[5]/D        -3989.49  
    0:01:00    2185.1      0.00       0.0       0.0 ea_rp3_reg[5]/D            -3900.83  
    0:01:00    2186.8      0.00       0.0       0.0 ea_x_reg[5]/D              -3809.54  
    0:01:00    2188.5      0.00       0.0       0.0 u_r11/hh_c_reg[6]/D        -3720.89  
    0:01:00    2190.2      0.00       0.0       0.0 r10_p_reg[14]/D            -3629.60  
    0:01:00    2192.0      0.00       0.0       0.0 r11_c_reg[24]/D            -3540.94  
    0:01:00    2193.7      0.00       0.0       0.0 r11_c_reg[9]/D             -3449.65  
    0:01:01    2195.4      0.00       0.0       0.0 ea_rc_reg[2]/D             -3361.00  
    0:01:01    2197.1      0.00       0.0       0.0 ea_p3_reg[3]/D             -3269.71  
    0:01:01    2198.9      0.00       0.0       0.0 u_r11/ll_d_reg[0]/D        -3181.05  
    0:01:01    2200.6      0.00       0.0       0.0 ea_s3_reg[7]/D             -3089.76  
    0:01:01    2202.3      0.00       0.0       0.0 seed_p3_reg[6]/D           -3001.11  
    0:01:01    2204.0      0.00       0.0       0.0 cls_x_reg[0]/D             -2909.82  
    0:01:01    2205.7      0.00       0.0       0.0 r01_p_reg[20]/D            -2821.16  
    0:01:01    2207.4      0.00       0.0       0.0 seed_c_reg[21]/D           -2729.87  
    0:01:02    2209.2      0.00       0.0       0.0 p11_p_reg[1]/D             -2641.22  
    0:01:02    2210.9      0.00       0.0       0.0 p11_x_reg[12]/D            -2549.93  
    0:01:02    2212.6      0.00       0.0       0.0 p11_p_reg[6]/D             -2461.28  
    0:01:02    2214.3      0.00       0.0       0.0 p11_x_reg[17]/D            -2369.99  
    0:01:02    2216.1      0.00       0.0       0.0 r00_p_reg[15]/D            -2281.33  
    0:01:02    2217.8      0.00       0.0       0.0 u_r10/ll_d_reg[2]/D        -2190.04  
    0:01:02    2219.5      0.00       0.0       0.0 p01_p_reg[15]/D            -2101.39  
    0:01:03    2221.2      0.00       0.0       0.0 r00_p_reg[1]/D             -2010.10  
    0:01:03    2223.0      0.00       0.0       0.0 u_r11/p_reg[4]/D           -1921.44  
    0:01:03    2224.6      0.00       0.0       0.0 seed_s2_reg[9]/D           -1830.15  
    0:01:03    2226.4      0.00       0.0       0.0 seed_p_reg[26]/D           -1741.50  
    0:01:03    2228.1      0.00       0.0       0.0 seed_s2_reg[23]/D          -1650.21  
    0:01:03    2229.8      0.00       0.0       0.0 u_r10/hh_d_reg[3]/D        -1561.55  
    0:01:03    2231.5      0.00       0.0       0.0 u_r10/hh_c_reg[5]/D        -1470.26  
    0:01:03    2233.3      0.00       0.0       0.0 u_r10/ll_c_reg[3]/D        -1381.61  
    0:01:04    2235.0      0.00       0.0       0.0 u_r01/cross_q_reg[5]/D     -1290.32  
    0:01:04    2236.7      0.00       0.0       0.0 u_r00/p_reg[2]/D           -1201.66  
    0:01:04    2238.4      0.00       0.0       0.0 u_p11/ll_d_reg[0]/D        -1110.37  
    0:01:04    2240.2      0.00       0.0       0.0 u_r00/cross_q_reg[0]/D     -1021.72  
    0:01:04    2241.8      0.00       0.0       0.0 u_p11/ll_d_reg[13]/D        -930.43  
    0:01:04    2243.6      0.00       0.0       0.0 u_p11/ll_c_reg[0]/D         -841.77  
    0:01:04    2245.3      0.00       0.0       0.0 u_p11/hh_d_reg[2]/D         -750.48  
    0:01:05    2247.0      0.00       0.0       0.0 u_p10/ll_d_reg[8]/D         -661.83  
    0:01:05    2248.7      0.00       0.0       0.0 u_p00/ll_c_reg[5]/D         -570.54  
    0:01:05    2250.5      0.00       0.0       0.0 u_p10/hh_d_reg[14]/D        -481.89  
    0:01:05    2252.2      0.00       0.0       0.0 u_p10/hh_d_reg[0]/D         -390.60  
    0:01:05    2253.9      0.00       0.0       0.0 u_p01/ll_d_reg[6]/D         -301.94  
    0:01:05    2255.6      0.00       0.0       0.0 u_p00/p_reg[7]/D            -210.65  
    0:01:05    2257.4      0.00       0.0       0.0 u_p01/hh_d_reg[3]/D         -122.00  
    0:01:05    2259.1      0.00       0.0       0.0 u_p01/ll_c_reg[9]/D          -30.71  
    0:01:06    2232.1      0.00       0.0       0.0                                0.00  
Loading db file '/thu-bloor/xinyao-w23/kvpim-rtl/third_party/asap7_lib/db/asap7sc7p5t_AO_RVT_TT_nldm_211120.db'
Loading db file '/thu-bloor/xinyao-w23/kvpim-rtl/third_party/asap7_lib/db/asap7sc7p5t_INVBUF_RVT_TT_nldm_211120.db'
Loading db file '/thu-bloor/xinyao-w23/kvpim-rtl/third_party/asap7_lib/db/asap7sc7p5t_OA_RVT_TT_nldm_211120.db'
Loading db file '/thu-bloor/xinyao-w23/kvpim-rtl/third_party/asap7_lib/db/asap7sc7p5t_SEQ_RVT_TT_nldm_220123.db'
Loading db file '/thu-bloor/xinyao-w23/kvpim-rtl/third_party/asap7_lib/db/asap7sc7p5t_SIMPLE_RVT_TT_nldm_211120.db'


Note: Symbol # after min delay cost means estimated hold TNS across all active scenarios 


  Optimization Complete
  ---------------------
Warning: Design 'fp32_recip' contains 1 high-fanout nets. A fanout number of 1000 will be used for delay calculations involving these nets. (TIM-134)
     Net 'u_p01/clk': 2511 load(s), 1 driver(s)
1
if {$fix_hold} {
    compile -incremental -only_hold_time
}

Information: There are 1099 potential problems in your design. Please run 'check_design' for more information. (LINT-99)



  Beginning Pass 1 Mapping  (Incremental)
  ------------------------

  Updating timing information
Information: Updating design information... (UID-85)

  Beginning Mapping Optimizations  (Incremental)
  -------------------------------

  Beginning Delay Optimization Phase
  ----------------------------------

                                  TOTAL                                                  
   ELAPSED            WORST NEG   SETUP    DESIGN                              MIN DELAY 
    TIME      AREA      SLACK     COST    RULE COST         ENDPOINT             COST    
  --------- --------- --------- --------- --------- ------------------------- -----------
    0:01:11    2232.1      0.00       0.0       0.0                                0.00  
    0:01:13    2239.6      0.00       0.0       0.0                                0.00  
    0:01:13    2239.6      0.00       0.0       0.0                                0.00  
Loading db file '/thu-bloor/xinyao-w23/kvpim-rtl/third_party/asap7_lib/db/asap7sc7p5t_AO_RVT_TT_nldm_211120.db'
Loading db file '/thu-bloor/xinyao-w23/kvpim-rtl/third_party/asap7_lib/db/asap7sc7p5t_INVBUF_RVT_TT_nldm_211120.db'
Loading db file '/thu-bloor/xinyao-w23/kvpim-rtl/third_party/asap7_lib/db/asap7sc7p5t_OA_RVT_TT_nldm_211120.db'
Loading db file '/thu-bloor/xinyao-w23/kvpim-rtl/third_party/asap7_lib/db/asap7sc7p5t_SEQ_RVT_TT_nldm_220123.db'
Loading db file '/thu-bloor/xinyao-w23/kvpim-rtl/third_party/asap7_lib/db/asap7sc7p5t_SIMPLE_RVT_TT_nldm_211120.db'


Note: Symbol # after min delay cost means estimated hold TNS across all active scenarios 


  Optimization Complete
  ---------------------
Warning: Design 'fp32_recip' contains 1 high-fanout nets. A fanout number of 1000 will be used for delay calculations involving these nets. (TIM-134)
     Net 'u_r11/clk': 2511 load(s), 1 driver(s)
1
report_qor -nosplit > [file join $out_dir ${top_module}_qor.rpt]
report_area -hierarchy -nosplit > [file join $out_dir ${top_module}_area.rpt]
report_reference -hierarchy -nosplit > [file join $out_dir ${top_module}_references.rpt]
report_timing -delay_type max -max_paths 20 -nosplit > [file join $out_dir ${top_module}_timing.rpt]
report_timing -delay_type min -max_paths 20 -nosplit > [file join $out_dir ${top_module}_timing_hold.rpt]
report_power -nosplit > [file join $out_dir ${top_module}_power.rpt]
write -format verilog -hierarchy -output [file join $out_dir ${top_module}_mapped.v]
Writing verilog file '/thu-bloor/xinyao-w23/kvpim-rtl/syn/dc_0830-02/recip_p699/fp32_recip_mapped.v'.
Warning: Verilog 'assign' or 'tran' statements are written out. (VO-4)
Warning: Verilog writer has added 145 nets to module fp32_recip using SYNOPSYS_UNCONNECTED_ as prefix.  Please use the change_names command to make the correct changes before invoking the verilog writer.  (VO-11)
1
write_sdc [file join $out_dir ${top_module}.sdc]
1
quit

Thank you...
