 
****************************************
Report : timing
        -path full
        -delay min
        -max_paths 20
Design : kv_tlb_top
Version: P-2019.03-SP5-6
Date   : Tue Sep  1 00:41:20 2026
****************************************

 # A fanout number of 1000 was used for high fanout net computations.

Operating Conditions: PVT_0P7V_25C   Library: asap7sc7p5t_AO_RVT_TT_nldm_211120
Wire Load Model Mode: top

  Startpoint: u_plan/done_mask_reg[17]
              (rising edge-triggered flip-flop clocked by clk)
  Endpoint: u_plan/done_mask_reg[17]
            (rising edge-triggered flip-flop clocked by clk)
  Path Group: clk
  Path Type: min

  Point                                                   Incr       Path
  --------------------------------------------------------------------------
  clock clk (rise edge)                                   0.00       0.00
  clock network delay (ideal)                             0.00       0.00
  u_plan/done_mask_reg[17]/CLK (DFFASRHQNx1_ASAP7_75t_R)     0.00 #     0.00 r
  u_plan/done_mask_reg[17]/QN (DFFASRHQNx1_ASAP7_75t_R)    56.84    56.84 r
  u_plan/U650/Y (A2O1A1Ixp33_ASAP7_75t_R)                10.97      67.81 f
  u_plan/done_mask_reg[17]/D (DFFASRHQNx1_ASAP7_75t_R)     0.00     67.81 f
  data arrival time                                                 67.81

  clock clk (rise edge)                                   0.00       0.00
  clock network delay (ideal)                             0.00       0.00
  clock uncertainty                                      50.00      50.00
  u_plan/done_mask_reg[17]/CLK (DFFASRHQNx1_ASAP7_75t_R)     0.00    50.00 r
  library hold time                                      15.24      65.24
  data required time                                                65.24
  --------------------------------------------------------------------------
  data required time                                                65.24
  data arrival time                                                -67.81
  --------------------------------------------------------------------------
  slack (MET)                                                        2.57


  Startpoint: u_plan/done_mask_reg[9]
              (rising edge-triggered flip-flop clocked by clk)
  Endpoint: u_plan/done_mask_reg[9]
            (rising edge-triggered flip-flop clocked by clk)
  Path Group: clk
  Path Type: min

  Point                                                   Incr       Path
  --------------------------------------------------------------------------
  clock clk (rise edge)                                   0.00       0.00
  clock network delay (ideal)                             0.00       0.00
  u_plan/done_mask_reg[9]/CLK (DFFASRHQNx1_ASAP7_75t_R)     0.00 #     0.00 r
  u_plan/done_mask_reg[9]/QN (DFFASRHQNx1_ASAP7_75t_R)    56.84     56.84 r
  u_plan/U641/Y (A2O1A1Ixp33_ASAP7_75t_R)                10.97      67.81 f
  u_plan/done_mask_reg[9]/D (DFFASRHQNx1_ASAP7_75t_R)     0.00      67.81 f
  data arrival time                                                 67.81

  clock clk (rise edge)                                   0.00       0.00
  clock network delay (ideal)                             0.00       0.00
  clock uncertainty                                      50.00      50.00
  u_plan/done_mask_reg[9]/CLK (DFFASRHQNx1_ASAP7_75t_R)     0.00    50.00 r
  library hold time                                      15.24      65.24
  data required time                                                65.24
  --------------------------------------------------------------------------
  data required time                                                65.24
  data arrival time                                                -67.81
  --------------------------------------------------------------------------
  slack (MET)                                                        2.57


  Startpoint: u_plan/done_mask_reg[1]
              (rising edge-triggered flip-flop clocked by clk)
  Endpoint: u_plan/done_mask_reg[1]
            (rising edge-triggered flip-flop clocked by clk)
  Path Group: clk
  Path Type: min

  Point                                                   Incr       Path
  --------------------------------------------------------------------------
  clock clk (rise edge)                                   0.00       0.00
  clock network delay (ideal)                             0.00       0.00
  u_plan/done_mask_reg[1]/CLK (DFFASRHQNx1_ASAP7_75t_R)     0.00 #     0.00 r
  u_plan/done_mask_reg[1]/QN (DFFASRHQNx1_ASAP7_75t_R)    56.84     56.84 r
  u_plan/U632/Y (A2O1A1Ixp33_ASAP7_75t_R)                10.97      67.81 f
  u_plan/done_mask_reg[1]/D (DFFASRHQNx1_ASAP7_75t_R)     0.00      67.81 f
  data arrival time                                                 67.81

  clock clk (rise edge)                                   0.00       0.00
  clock network delay (ideal)                             0.00       0.00
  clock uncertainty                                      50.00      50.00
  u_plan/done_mask_reg[1]/CLK (DFFASRHQNx1_ASAP7_75t_R)     0.00    50.00 r
  library hold time                                      15.24      65.24
  data required time                                                65.24
  --------------------------------------------------------------------------
  data required time                                                65.24
  data arrival time                                                -67.81
  --------------------------------------------------------------------------
  slack (MET)                                                        2.57


  Startpoint: u_plan/done_mask_reg[19]
              (rising edge-triggered flip-flop clocked by clk)
  Endpoint: u_plan/done_mask_reg[19]
            (rising edge-triggered flip-flop clocked by clk)
  Path Group: clk
  Path Type: min

  Point                                                   Incr       Path
  --------------------------------------------------------------------------
  clock clk (rise edge)                                   0.00       0.00
  clock network delay (ideal)                             0.00       0.00
  u_plan/done_mask_reg[19]/CLK (DFFASRHQNx1_ASAP7_75t_R)     0.00 #     0.00 r
  u_plan/done_mask_reg[19]/QN (DFFASRHQNx1_ASAP7_75t_R)    56.84    56.84 r
  u_plan/U652/Y (A2O1A1Ixp33_ASAP7_75t_R)                10.97      67.81 f
  u_plan/done_mask_reg[19]/D (DFFASRHQNx1_ASAP7_75t_R)     0.00     67.81 f
  data arrival time                                                 67.81

  clock clk (rise edge)                                   0.00       0.00
  clock network delay (ideal)                             0.00       0.00
  clock uncertainty                                      50.00      50.00
  u_plan/done_mask_reg[19]/CLK (DFFASRHQNx1_ASAP7_75t_R)     0.00    50.00 r
  library hold time                                      15.24      65.24
  data required time                                                65.24
  --------------------------------------------------------------------------
  data required time                                                65.24
  data arrival time                                                -67.81
  --------------------------------------------------------------------------
  slack (MET)                                                        2.57


  Startpoint: u_plan/done_mask_reg[11]
              (rising edge-triggered flip-flop clocked by clk)
  Endpoint: u_plan/done_mask_reg[11]
            (rising edge-triggered flip-flop clocked by clk)
  Path Group: clk
  Path Type: min

  Point                                                   Incr       Path
  --------------------------------------------------------------------------
  clock clk (rise edge)                                   0.00       0.00
  clock network delay (ideal)                             0.00       0.00
  u_plan/done_mask_reg[11]/CLK (DFFASRHQNx1_ASAP7_75t_R)     0.00 #     0.00 r
  u_plan/done_mask_reg[11]/QN (DFFASRHQNx1_ASAP7_75t_R)    56.84    56.84 r
  u_plan/U643/Y (A2O1A1Ixp33_ASAP7_75t_R)                10.97      67.81 f
  u_plan/done_mask_reg[11]/D (DFFASRHQNx1_ASAP7_75t_R)     0.00     67.81 f
  data arrival time                                                 67.81

  clock clk (rise edge)                                   0.00       0.00
  clock network delay (ideal)                             0.00       0.00
  clock uncertainty                                      50.00      50.00
  u_plan/done_mask_reg[11]/CLK (DFFASRHQNx1_ASAP7_75t_R)     0.00    50.00 r
  library hold time                                      15.24      65.24
  data required time                                                65.24
  --------------------------------------------------------------------------
  data required time                                                65.24
  data arrival time                                                -67.81
  --------------------------------------------------------------------------
  slack (MET)                                                        2.57


  Startpoint: u_plan/done_mask_reg[3]
              (rising edge-triggered flip-flop clocked by clk)
  Endpoint: u_plan/done_mask_reg[3]
            (rising edge-triggered flip-flop clocked by clk)
  Path Group: clk
  Path Type: min

  Point                                                   Incr       Path
  --------------------------------------------------------------------------
  clock clk (rise edge)                                   0.00       0.00
  clock network delay (ideal)                             0.00       0.00
  u_plan/done_mask_reg[3]/CLK (DFFASRHQNx1_ASAP7_75t_R)     0.00 #     0.00 r
  u_plan/done_mask_reg[3]/QN (DFFASRHQNx1_ASAP7_75t_R)    56.84     56.84 r
  u_plan/U634/Y (A2O1A1Ixp33_ASAP7_75t_R)                10.97      67.81 f
  u_plan/done_mask_reg[3]/D (DFFASRHQNx1_ASAP7_75t_R)     0.00      67.81 f
  data arrival time                                                 67.81

  clock clk (rise edge)                                   0.00       0.00
  clock network delay (ideal)                             0.00       0.00
  clock uncertainty                                      50.00      50.00
  u_plan/done_mask_reg[3]/CLK (DFFASRHQNx1_ASAP7_75t_R)     0.00    50.00 r
  library hold time                                      15.24      65.24
  data required time                                                65.24
  --------------------------------------------------------------------------
  data required time                                                65.24
  data arrival time                                                -67.81
  --------------------------------------------------------------------------
  slack (MET)                                                        2.57


  Startpoint: u_plan/done_mask_reg[13]
              (rising edge-triggered flip-flop clocked by clk)
  Endpoint: u_plan/done_mask_reg[13]
            (rising edge-triggered flip-flop clocked by clk)
  Path Group: clk
  Path Type: min

  Point                                                   Incr       Path
  --------------------------------------------------------------------------
  clock clk (rise edge)                                   0.00       0.00
  clock network delay (ideal)                             0.00       0.00
  u_plan/done_mask_reg[13]/CLK (DFFASRHQNx1_ASAP7_75t_R)     0.00 #     0.00 r
  u_plan/done_mask_reg[13]/QN (DFFASRHQNx1_ASAP7_75t_R)    56.84    56.84 r
  u_plan/U645/Y (A2O1A1Ixp33_ASAP7_75t_R)                10.97      67.81 f
  u_plan/done_mask_reg[13]/D (DFFASRHQNx1_ASAP7_75t_R)     0.00     67.81 f
  data arrival time                                                 67.81

  clock clk (rise edge)                                   0.00       0.00
  clock network delay (ideal)                             0.00       0.00
  clock uncertainty                                      50.00      50.00
  u_plan/done_mask_reg[13]/CLK (DFFASRHQNx1_ASAP7_75t_R)     0.00    50.00 r
  library hold time                                      15.24      65.24
  data required time                                                65.24
  --------------------------------------------------------------------------
  data required time                                                65.24
  data arrival time                                                -67.81
  --------------------------------------------------------------------------
  slack (MET)                                                        2.57


  Startpoint: u_plan/done_mask_reg[5]
              (rising edge-triggered flip-flop clocked by clk)
  Endpoint: u_plan/done_mask_reg[5]
            (rising edge-triggered flip-flop clocked by clk)
  Path Group: clk
  Path Type: min

  Point                                                   Incr       Path
  --------------------------------------------------------------------------
  clock clk (rise edge)                                   0.00       0.00
  clock network delay (ideal)                             0.00       0.00
  u_plan/done_mask_reg[5]/CLK (DFFASRHQNx1_ASAP7_75t_R)     0.00 #     0.00 r
  u_plan/done_mask_reg[5]/QN (DFFASRHQNx1_ASAP7_75t_R)    56.84     56.84 r
  u_plan/U636/Y (A2O1A1Ixp33_ASAP7_75t_R)                10.97      67.81 f
  u_plan/done_mask_reg[5]/D (DFFASRHQNx1_ASAP7_75t_R)     0.00      67.81 f
  data arrival time                                                 67.81

  clock clk (rise edge)                                   0.00       0.00
  clock network delay (ideal)                             0.00       0.00
  clock uncertainty                                      50.00      50.00
  u_plan/done_mask_reg[5]/CLK (DFFASRHQNx1_ASAP7_75t_R)     0.00    50.00 r
  library hold time                                      15.24      65.24
  data required time                                                65.24
  --------------------------------------------------------------------------
  data required time                                                65.24
  data arrival time                                                -67.81
  --------------------------------------------------------------------------
  slack (MET)                                                        2.57


  Startpoint: u_plan/done_mask_reg[15]
              (rising edge-triggered flip-flop clocked by clk)
  Endpoint: u_plan/done_mask_reg[15]
            (rising edge-triggered flip-flop clocked by clk)
  Path Group: clk
  Path Type: min

  Point                                                   Incr       Path
  --------------------------------------------------------------------------
  clock clk (rise edge)                                   0.00       0.00
  clock network delay (ideal)                             0.00       0.00
  u_plan/done_mask_reg[15]/CLK (DFFASRHQNx1_ASAP7_75t_R)     0.00 #     0.00 r
  u_plan/done_mask_reg[15]/QN (DFFASRHQNx1_ASAP7_75t_R)    56.84    56.84 r
  u_plan/U647/Y (A2O1A1Ixp33_ASAP7_75t_R)                10.97      67.81 f
  u_plan/done_mask_reg[15]/D (DFFASRHQNx1_ASAP7_75t_R)     0.00     67.81 f
  data arrival time                                                 67.81

  clock clk (rise edge)                                   0.00       0.00
  clock network delay (ideal)                             0.00       0.00
  clock uncertainty                                      50.00      50.00
  u_plan/done_mask_reg[15]/CLK (DFFASRHQNx1_ASAP7_75t_R)     0.00    50.00 r
  library hold time                                      15.24      65.24
  data required time                                                65.24
  --------------------------------------------------------------------------
  data required time                                                65.24
  data arrival time                                                -67.81
  --------------------------------------------------------------------------
  slack (MET)                                                        2.57


  Startpoint: u_plan/done_mask_reg[7]
              (rising edge-triggered flip-flop clocked by clk)
  Endpoint: u_plan/done_mask_reg[7]
            (rising edge-triggered flip-flop clocked by clk)
  Path Group: clk
  Path Type: min

  Point                                                   Incr       Path
  --------------------------------------------------------------------------
  clock clk (rise edge)                                   0.00       0.00
  clock network delay (ideal)                             0.00       0.00
  u_plan/done_mask_reg[7]/CLK (DFFASRHQNx1_ASAP7_75t_R)     0.00 #     0.00 r
  u_plan/done_mask_reg[7]/QN (DFFASRHQNx1_ASAP7_75t_R)    56.84     56.84 r
  u_plan/U638/Y (A2O1A1Ixp33_ASAP7_75t_R)                10.97      67.81 f
  u_plan/done_mask_reg[7]/D (DFFASRHQNx1_ASAP7_75t_R)     0.00      67.81 f
  data arrival time                                                 67.81

  clock clk (rise edge)                                   0.00       0.00
  clock network delay (ideal)                             0.00       0.00
  clock uncertainty                                      50.00      50.00
  u_plan/done_mask_reg[7]/CLK (DFFASRHQNx1_ASAP7_75t_R)     0.00    50.00 r
  library hold time                                      15.24      65.24
  data required time                                                65.24
  --------------------------------------------------------------------------
  data required time                                                65.24
  data arrival time                                                -67.81
  --------------------------------------------------------------------------
  slack (MET)                                                        2.57


  Startpoint: u_plan/done_mask_reg[16]
              (rising edge-triggered flip-flop clocked by clk)
  Endpoint: u_plan/done_mask_reg[16]
            (rising edge-triggered flip-flop clocked by clk)
  Path Group: clk
  Path Type: min

  Point                                                   Incr       Path
  --------------------------------------------------------------------------
  clock clk (rise edge)                                   0.00       0.00
  clock network delay (ideal)                             0.00       0.00
  u_plan/done_mask_reg[16]/CLK (DFFASRHQNx1_ASAP7_75t_R)     0.00 #     0.00 r
  u_plan/done_mask_reg[16]/QN (DFFASRHQNx1_ASAP7_75t_R)    56.84    56.84 r
  u_plan/U649/Y (A2O1A1Ixp33_ASAP7_75t_R)                10.97      67.81 f
  u_plan/done_mask_reg[16]/D (DFFASRHQNx1_ASAP7_75t_R)     0.00     67.81 f
  data arrival time                                                 67.81

  clock clk (rise edge)                                   0.00       0.00
  clock network delay (ideal)                             0.00       0.00
  clock uncertainty                                      50.00      50.00
  u_plan/done_mask_reg[16]/CLK (DFFASRHQNx1_ASAP7_75t_R)     0.00    50.00 r
  library hold time                                      15.24      65.24
  data required time                                                65.24
  --------------------------------------------------------------------------
  data required time                                                65.24
  data arrival time                                                -67.81
  --------------------------------------------------------------------------
  slack (MET)                                                        2.57


  Startpoint: u_plan/done_mask_reg[8]
              (rising edge-triggered flip-flop clocked by clk)
  Endpoint: u_plan/done_mask_reg[8]
            (rising edge-triggered flip-flop clocked by clk)
  Path Group: clk
  Path Type: min

  Point                                                   Incr       Path
  --------------------------------------------------------------------------
  clock clk (rise edge)                                   0.00       0.00
  clock network delay (ideal)                             0.00       0.00
  u_plan/done_mask_reg[8]/CLK (DFFASRHQNx1_ASAP7_75t_R)     0.00 #     0.00 r
  u_plan/done_mask_reg[8]/QN (DFFASRHQNx1_ASAP7_75t_R)    56.84     56.84 r
  u_plan/U640/Y (A2O1A1Ixp33_ASAP7_75t_R)                10.97      67.81 f
  u_plan/done_mask_reg[8]/D (DFFASRHQNx1_ASAP7_75t_R)     0.00      67.81 f
  data arrival time                                                 67.81

  clock clk (rise edge)                                   0.00       0.00
  clock network delay (ideal)                             0.00       0.00
  clock uncertainty                                      50.00      50.00
  u_plan/done_mask_reg[8]/CLK (DFFASRHQNx1_ASAP7_75t_R)     0.00    50.00 r
  library hold time                                      15.24      65.24
  data required time                                                65.24
  --------------------------------------------------------------------------
  data required time                                                65.24
  data arrival time                                                -67.81
  --------------------------------------------------------------------------
  slack (MET)                                                        2.57


  Startpoint: u_plan/done_mask_reg[0]
              (rising edge-triggered flip-flop clocked by clk)
  Endpoint: u_plan/done_mask_reg[0]
            (rising edge-triggered flip-flop clocked by clk)
  Path Group: clk
  Path Type: min

  Point                                                   Incr       Path
  --------------------------------------------------------------------------
  clock clk (rise edge)                                   0.00       0.00
  clock network delay (ideal)                             0.00       0.00
  u_plan/done_mask_reg[0]/CLK (DFFASRHQNx1_ASAP7_75t_R)     0.00 #     0.00 r
  u_plan/done_mask_reg[0]/QN (DFFASRHQNx1_ASAP7_75t_R)    56.84     56.84 r
  u_plan/U631/Y (A2O1A1Ixp33_ASAP7_75t_R)                10.97      67.81 f
  u_plan/done_mask_reg[0]/D (DFFASRHQNx1_ASAP7_75t_R)     0.00      67.81 f
  data arrival time                                                 67.81

  clock clk (rise edge)                                   0.00       0.00
  clock network delay (ideal)                             0.00       0.00
  clock uncertainty                                      50.00      50.00
  u_plan/done_mask_reg[0]/CLK (DFFASRHQNx1_ASAP7_75t_R)     0.00    50.00 r
  library hold time                                      15.24      65.24
  data required time                                                65.24
  --------------------------------------------------------------------------
  data required time                                                65.24
  data arrival time                                                -67.81
  --------------------------------------------------------------------------
  slack (MET)                                                        2.57


  Startpoint: u_plan/done_mask_reg[18]
              (rising edge-triggered flip-flop clocked by clk)
  Endpoint: u_plan/done_mask_reg[18]
            (rising edge-triggered flip-flop clocked by clk)
  Path Group: clk
  Path Type: min

  Point                                                   Incr       Path
  --------------------------------------------------------------------------
  clock clk (rise edge)                                   0.00       0.00
  clock network delay (ideal)                             0.00       0.00
  u_plan/done_mask_reg[18]/CLK (DFFASRHQNx1_ASAP7_75t_R)     0.00 #     0.00 r
  u_plan/done_mask_reg[18]/QN (DFFASRHQNx1_ASAP7_75t_R)    56.84    56.84 r
  u_plan/U651/Y (A2O1A1Ixp33_ASAP7_75t_R)                10.97      67.81 f
  u_plan/done_mask_reg[18]/D (DFFASRHQNx1_ASAP7_75t_R)     0.00     67.81 f
  data arrival time                                                 67.81

  clock clk (rise edge)                                   0.00       0.00
  clock network delay (ideal)                             0.00       0.00
  clock uncertainty                                      50.00      50.00
  u_plan/done_mask_reg[18]/CLK (DFFASRHQNx1_ASAP7_75t_R)     0.00    50.00 r
  library hold time                                      15.24      65.24
  data required time                                                65.24
  --------------------------------------------------------------------------
  data required time                                                65.24
  data arrival time                                                -67.81
  --------------------------------------------------------------------------
  slack (MET)                                                        2.57


  Startpoint: u_plan/done_mask_reg[10]
              (rising edge-triggered flip-flop clocked by clk)
  Endpoint: u_plan/done_mask_reg[10]
            (rising edge-triggered flip-flop clocked by clk)
  Path Group: clk
  Path Type: min

  Point                                                   Incr       Path
  --------------------------------------------------------------------------
  clock clk (rise edge)                                   0.00       0.00
  clock network delay (ideal)                             0.00       0.00
  u_plan/done_mask_reg[10]/CLK (DFFASRHQNx1_ASAP7_75t_R)     0.00 #     0.00 r
  u_plan/done_mask_reg[10]/QN (DFFASRHQNx1_ASAP7_75t_R)    56.84    56.84 r
  u_plan/U642/Y (A2O1A1Ixp33_ASAP7_75t_R)                10.97      67.81 f
  u_plan/done_mask_reg[10]/D (DFFASRHQNx1_ASAP7_75t_R)     0.00     67.81 f
  data arrival time                                                 67.81

  clock clk (rise edge)                                   0.00       0.00
  clock network delay (ideal)                             0.00       0.00
  clock uncertainty                                      50.00      50.00
  u_plan/done_mask_reg[10]/CLK (DFFASRHQNx1_ASAP7_75t_R)     0.00    50.00 r
  library hold time                                      15.24      65.24
  data required time                                                65.24
  --------------------------------------------------------------------------
  data required time                                                65.24
  data arrival time                                                -67.81
  --------------------------------------------------------------------------
  slack (MET)                                                        2.57


  Startpoint: u_plan/done_mask_reg[2]
              (rising edge-triggered flip-flop clocked by clk)
  Endpoint: u_plan/done_mask_reg[2]
            (rising edge-triggered flip-flop clocked by clk)
  Path Group: clk
  Path Type: min

  Point                                                   Incr       Path
  --------------------------------------------------------------------------
  clock clk (rise edge)                                   0.00       0.00
  clock network delay (ideal)                             0.00       0.00
  u_plan/done_mask_reg[2]/CLK (DFFASRHQNx1_ASAP7_75t_R)     0.00 #     0.00 r
  u_plan/done_mask_reg[2]/QN (DFFASRHQNx1_ASAP7_75t_R)    56.84     56.84 r
  u_plan/U633/Y (A2O1A1Ixp33_ASAP7_75t_R)                10.97      67.81 f
  u_plan/done_mask_reg[2]/D (DFFASRHQNx1_ASAP7_75t_R)     0.00      67.81 f
  data arrival time                                                 67.81

  clock clk (rise edge)                                   0.00       0.00
  clock network delay (ideal)                             0.00       0.00
  clock uncertainty                                      50.00      50.00
  u_plan/done_mask_reg[2]/CLK (DFFASRHQNx1_ASAP7_75t_R)     0.00    50.00 r
  library hold time                                      15.24      65.24
  data required time                                                65.24
  --------------------------------------------------------------------------
  data required time                                                65.24
  data arrival time                                                -67.81
  --------------------------------------------------------------------------
  slack (MET)                                                        2.57


  Startpoint: u_plan/done_mask_reg[12]
              (rising edge-triggered flip-flop clocked by clk)
  Endpoint: u_plan/done_mask_reg[12]
            (rising edge-triggered flip-flop clocked by clk)
  Path Group: clk
  Path Type: min

  Point                                                   Incr       Path
  --------------------------------------------------------------------------
  clock clk (rise edge)                                   0.00       0.00
  clock network delay (ideal)                             0.00       0.00
  u_plan/done_mask_reg[12]/CLK (DFFASRHQNx1_ASAP7_75t_R)     0.00 #     0.00 r
  u_plan/done_mask_reg[12]/QN (DFFASRHQNx1_ASAP7_75t_R)    56.84    56.84 r
  u_plan/U644/Y (A2O1A1Ixp33_ASAP7_75t_R)                10.97      67.81 f
  u_plan/done_mask_reg[12]/D (DFFASRHQNx1_ASAP7_75t_R)     0.00     67.81 f
  data arrival time                                                 67.81

  clock clk (rise edge)                                   0.00       0.00
  clock network delay (ideal)                             0.00       0.00
  clock uncertainty                                      50.00      50.00
  u_plan/done_mask_reg[12]/CLK (DFFASRHQNx1_ASAP7_75t_R)     0.00    50.00 r
  library hold time                                      15.24      65.24
  data required time                                                65.24
  --------------------------------------------------------------------------
  data required time                                                65.24
  data arrival time                                                -67.81
  --------------------------------------------------------------------------
  slack (MET)                                                        2.57


  Startpoint: u_plan/done_mask_reg[4]
              (rising edge-triggered flip-flop clocked by clk)
  Endpoint: u_plan/done_mask_reg[4]
            (rising edge-triggered flip-flop clocked by clk)
  Path Group: clk
  Path Type: min

  Point                                                   Incr       Path
  --------------------------------------------------------------------------
  clock clk (rise edge)                                   0.00       0.00
  clock network delay (ideal)                             0.00       0.00
  u_plan/done_mask_reg[4]/CLK (DFFASRHQNx1_ASAP7_75t_R)     0.00 #     0.00 r
  u_plan/done_mask_reg[4]/QN (DFFASRHQNx1_ASAP7_75t_R)    56.84     56.84 r
  u_plan/U635/Y (A2O1A1Ixp33_ASAP7_75t_R)                10.97      67.81 f
  u_plan/done_mask_reg[4]/D (DFFASRHQNx1_ASAP7_75t_R)     0.00      67.81 f
  data arrival time                                                 67.81

  clock clk (rise edge)                                   0.00       0.00
  clock network delay (ideal)                             0.00       0.00
  clock uncertainty                                      50.00      50.00
  u_plan/done_mask_reg[4]/CLK (DFFASRHQNx1_ASAP7_75t_R)     0.00    50.00 r
  library hold time                                      15.24      65.24
  data required time                                                65.24
  --------------------------------------------------------------------------
  data required time                                                65.24
  data arrival time                                                -67.81
  --------------------------------------------------------------------------
  slack (MET)                                                        2.57


  Startpoint: u_plan/done_mask_reg[14]
              (rising edge-triggered flip-flop clocked by clk)
  Endpoint: u_plan/done_mask_reg[14]
            (rising edge-triggered flip-flop clocked by clk)
  Path Group: clk
  Path Type: min

  Point                                                   Incr       Path
  --------------------------------------------------------------------------
  clock clk (rise edge)                                   0.00       0.00
  clock network delay (ideal)                             0.00       0.00
  u_plan/done_mask_reg[14]/CLK (DFFASRHQNx1_ASAP7_75t_R)     0.00 #     0.00 r
  u_plan/done_mask_reg[14]/QN (DFFASRHQNx1_ASAP7_75t_R)    56.84    56.84 r
  u_plan/U646/Y (A2O1A1Ixp33_ASAP7_75t_R)                10.97      67.81 f
  u_plan/done_mask_reg[14]/D (DFFASRHQNx1_ASAP7_75t_R)     0.00     67.81 f
  data arrival time                                                 67.81

  clock clk (rise edge)                                   0.00       0.00
  clock network delay (ideal)                             0.00       0.00
  clock uncertainty                                      50.00      50.00
  u_plan/done_mask_reg[14]/CLK (DFFASRHQNx1_ASAP7_75t_R)     0.00    50.00 r
  library hold time                                      15.24      65.24
  data required time                                                65.24
  --------------------------------------------------------------------------
  data required time                                                65.24
  data arrival time                                                -67.81
  --------------------------------------------------------------------------
  slack (MET)                                                        2.57


  Startpoint: u_plan/done_mask_reg[6]
              (rising edge-triggered flip-flop clocked by clk)
  Endpoint: u_plan/done_mask_reg[6]
            (rising edge-triggered flip-flop clocked by clk)
  Path Group: clk
  Path Type: min

  Point                                                   Incr       Path
  --------------------------------------------------------------------------
  clock clk (rise edge)                                   0.00       0.00
  clock network delay (ideal)                             0.00       0.00
  u_plan/done_mask_reg[6]/CLK (DFFASRHQNx1_ASAP7_75t_R)     0.00 #     0.00 r
  u_plan/done_mask_reg[6]/QN (DFFASRHQNx1_ASAP7_75t_R)    56.84     56.84 r
  u_plan/U637/Y (A2O1A1Ixp33_ASAP7_75t_R)                10.97      67.81 f
  u_plan/done_mask_reg[6]/D (DFFASRHQNx1_ASAP7_75t_R)     0.00      67.81 f
  data arrival time                                                 67.81

  clock clk (rise edge)                                   0.00       0.00
  clock network delay (ideal)                             0.00       0.00
  clock uncertainty                                      50.00      50.00
  u_plan/done_mask_reg[6]/CLK (DFFASRHQNx1_ASAP7_75t_R)     0.00    50.00 r
  library hold time                                      15.24      65.24
  data required time                                                65.24
  --------------------------------------------------------------------------
  data required time                                                65.24
  data arrival time                                                -67.81
  --------------------------------------------------------------------------
  slack (MET)                                                        2.57


1
