 
****************************************
Report : area
Design : kv_tlb_top
Version: P-2019.03-SP5-6
Date   : Tue Sep  1 00:41:20 2026
****************************************

Library(s) Used:

    asap7sc7p5t_SIMPLE_RVT_TT_nldm_211120 (File: /thu-bloor/xinyao-w23/kvpim-rtl/third_party/asap7_lib/db/asap7sc7p5t_SIMPLE_RVT_TT_nldm_211120.db)
    asap7sc7p5t_INVBUF_RVT_TT_nldm_211120 (File: /thu-bloor/xinyao-w23/kvpim-rtl/third_party/asap7_lib/db/asap7sc7p5t_INVBUF_RVT_TT_nldm_211120.db)
    asap7sc7p5t_OA_RVT_TT_nldm_211120 (File: /thu-bloor/xinyao-w23/kvpim-rtl/third_party/asap7_lib/db/asap7sc7p5t_OA_RVT_TT_nldm_211120.db)
    asap7sc7p5t_AO_RVT_TT_nldm_211120 (File: /thu-bloor/xinyao-w23/kvpim-rtl/third_party/asap7_lib/db/asap7sc7p5t_AO_RVT_TT_nldm_211120.db)
    asap7sc7p5t_SEQ_RVT_TT_nldm_220123 (File: /thu-bloor/xinyao-w23/kvpim-rtl/third_party/asap7_lib/db/asap7sc7p5t_SEQ_RVT_TT_nldm_220123.db)

Number of ports:                         3091
Number of nets:                         38510
Number of cells:                        35847
Number of combinational cells:          30232
Number of sequential cells:              5597
Number of macros/black boxes:               0
Number of buf/inv:                       7186
Number of references:                      26

Combinational area:               2416.139280
Buf/Inv area:                      344.262964
Noncombinational area:            2121.710746
Macro/Black Box area:                0.000000
Net Interconnect area:      undefined  (No wire load specified)

Total cell area:                  4537.850027
Total area:                 undefined

Hierarchical area distribution
------------------------------

                                  Global cell area          Local cell area
                                  ------------------  ---------------------------- 
Hierarchical cell                 Absolute   Percent  Combi-     Noncombi-  Black-
                                  Total      Total    national   national   boxes   Design
--------------------------------  ---------  -------  ---------  ---------  ------  -------------------------------------------------
kv_tlb_top                        4537.8500    100.0    14.0114    20.4703  0.0000  kv_tlb_top
add_108                              3.1930      0.1     3.1930     0.0000  0.0000  kv_tlb_top_DW01_inc_0
u_plan                             221.7910      4.9    61.9504   121.3056  0.0000  kv_scan_planner_ENTRIES32
u_plan/add_132_aco                  11.2703      0.2    11.2703     0.0000  0.0000  kv_scan_planner_ENTRIES32_DW01_add_J5_0
u_plan/add_141                       6.6922      0.1     6.6922     0.0000  0.0000  kv_scan_planner_ENTRIES32_DW01_add_1_DW01_add_2
u_plan/add_209                       4.5490      0.1     4.5490     0.0000  0.0000  kv_scan_planner_ENTRIES32_DW01_add_0_DW01_add_1
u_plan/eq_143_4                      5.5258      0.1     5.5258     0.0000  0.0000  kv_scan_planner_ENTRIES32_DW01_cmp6_0_DW01_cmp6_1
u_plan/sub_132                       5.2488      0.1     5.2488     0.0000  0.0000  kv_scan_planner_ENTRIES32_DW01_sub_1
u_plan/sub_134                       5.2488      0.1     5.2488     0.0000  0.0000  kv_scan_planner_ENTRIES32_DW01_sub_0
u_ptw                              349.4680      7.7   118.5646   188.0237  0.0000  kv_ptw
u_ptw/add_116_C65_rn                13.3553      0.3    13.3553     0.0000  0.0000  kv_ptw_DW01_add_4
u_ptw/add_171                        1.8808      0.0     1.8808     0.0000  0.0000  kv_ptw_DW01_inc_0_DW01_inc_1
u_ptw/add_219_S2                     4.5490      0.1     4.5490     0.0000  0.0000  kv_ptw_DW01_add_J3_0
u_ptw/add_66                        10.8184      0.2    10.8184     0.0000  0.0000  kv_ptw_DW01_add_J2_0
u_ptw/add_67                        10.6142      0.2    10.6142     0.0000  0.0000  kv_ptw_DW01_add_5
u_ptw/r129                           1.6621      0.0     1.6621     0.0000  0.0000  kv_ptw_DW01_inc_1_DW01_inc_2
u_tlb                             3928.9163     86.6  2119.6696  1791.9111  0.0000  kv_seg_tlb_ENTRIES32
u_tlb/add_94                         6.6922      0.1     6.6922     0.0000  0.0000  kv_seg_tlb_ENTRIES32_DW01_add_0_DW01_add_7
u_tlb/sub_90                        10.6434      0.2    10.6434     0.0000  0.0000  kv_seg_tlb_ENTRIES32_DW01_sub_1
--------------------------------  ---------  -------  ---------  ---------  ------  -------------------------------------------------
Total                                                 2416.1393  2121.7107  0.0000

1
