Information: Updating design information... (UID-85)
Warning: Design 'kv_tlb_top' contains 2 high-fanout nets. A fanout number of 1000 will be used for delay calculations involving these nets. (TIM-134)
 
****************************************
Report : qor
Design : kv_tlb_top
Version: P-2019.03-SP5-6
Date   : Tue Sep  1 00:41:20 2026
****************************************


  Timing Path Group 'clk'
  -----------------------------------
  Levels of Logic:              51.00
  Critical Path Length:       1439.80
  Critical Path Slack:           4.70
  Critical Path Clk Period:   1501.50
  Total Negative Slack:          0.00
  No. of Violating Paths:        0.00
  Worst Hold Violation:          0.00
  Total Hold Violation:          0.00
  No. of Hold Violations:        0.00
  -----------------------------------


  Cell Count
  -----------------------------------
  Hierarchical Cell Count:         18
  Hierarchical Port Count:       2611
  Leaf Cell Count:              35829
  Buf/Inv Cell Count:            7186
  Buf Cell Count:                2029
  Inv Cell Count:                5157
  CT Buf/Inv Cell Count:            0
  Combinational Cell Count:     30232
  Sequential Cell Count:         5597
  Macro Count:                      0
  -----------------------------------


  Area
  -----------------------------------
  Combinational Area:     2416.139280
  Noncombinational Area:  2121.710746
  Buf/Inv Area:            344.262964
  Total Buffer Area:           118.65
  Total Inverter Area:         225.61
  Macro/Black Box Area:      0.000000
  Net Area:                  0.000000
  -----------------------------------
  Cell Area:              4537.850027
  Design Area:            4537.850027


  Design Rules
  -----------------------------------
  Total Number of Nets:         36280
  Nets With Violations:             0
  Max Trans Violations:             0
  Max Cap Violations:               0
  -----------------------------------


  Hostname: thu-olden

  Compile CPU Statistics
  -----------------------------------------
  Resource Sharing:                    2.05
  Logic Optimization:                  1.44
  Mapping Optimization:                8.10
  -----------------------------------------
  Overall Compile Time:               16.34
  Overall Compile Wall Clock Time:    13.18

  --------------------------------------------------------------------

  Design  WNS: 0.00  TNS: 0.00  Number of Violating Paths: 0


  Design (Hold)  WNS: 0.00  TNS: 0.00  Number of Violating Paths: 0

  --------------------------------------------------------------------


1
