============================================================
  Generated by:           Genus(TM) Synthesis Solution 25.10-p002_1
  Generated on:           Aug 31 2026  11:53:16 am
  Module:                 fugue_hbm_ctrl_top
  Operating conditions:   PVT_0P7V_25C (balanced_tree)
  Wireload mode:          enclosed
  Area mode:              timing library
============================================================


Path 1: MET (0 ps) Setup Check with Pin u_tlb/u_tlb/lt_211_56_I1_I4_retime_s24_153_reg/CLK->D
          Group: clk
     Startpoint: (R) u_tlb/u_tlb/retime_s1_1569_reg/CLK
          Clock: (R) clk
       Endpoint: (F) u_tlb/u_tlb/lt_211_56_I1_I4_retime_s24_153_reg/D
          Clock: (R) clk

                     Capture       Launch     
        Clock Edge:+    1502            0     
       Src Latency:+       0            0     
       Net Latency:+       0 (I)        0 (I) 
           Arrival:=    1502            0     
                                              
             Setup:-      17                  
       Uncertainty:-      45                  
     Required Time:=    1440                  
      Launch Clock:-       0                  
         Data Path:-    1440                  
             Slack:=       0                  

#-------------------------------------------------------------------------------------------------------------------------------------------
#                  Timing Point                    Flags    Arc    Edge           Cell             Fanout Load Trans Delay Arrival Instance 
#                                                                                                         (fF)  (ps)  (ps)   (ps)  Location 
#-------------------------------------------------------------------------------------------------------------------------------------------
  u_tlb/u_tlb/retime_s1_1569_reg/CLK               -       -       R     (arrival)                   9280    -     0     0       0    (-,-) 
  u_tlb/u_tlb/retime_s1_1569_reg/QN                -       CLK->QN R     ASYNC_DFFHx1_ASAP7_75t_SL     10 39.6   267   153     153    (-,-) 
  u_tlb/u_tlb/g276206/Y                            -       A->Y    F     CKINVDCx20_ASAP7_75t_R        24  9.6    36    24     176    (-,-) 
  u_tlb/u_tlb/g275871/Y                            -       B->Y    R     NOR2xp33_ASAP7_75t_SL          2 12.4   232   108     284    (-,-) 
  u_tlb/u_tlb/g356286/Y                            -       A->Y    F     CKINVDCx20_ASAP7_75t_R         3  1.6    27    16     301    (-,-) 
  u_tlb/u_tlb/lt_169_55_I1_I14_g3986/Y             -       B->Y    R     NOR2xp33_ASAP7_75t_SL          1  0.6    57    13     314    (-,-) 
  u_tlb/u_tlb/lt_169_55_I1_I14_g3972/Y             -       A1->Y   F     OAI322xp33_ASAP7_75t_SL        1  0.5    79    13     327    (-,-) 
  u_tlb/u_tlb/lt_169_55_I1_I14_g3971/Y             -       C->Y    R     OAI221xp5_ASAP7_75t_SL         1  0.5    79    20     346    (-,-) 
  u_tlb/u_tlb/lt_169_55_I1_I14_g3970/Y             -       C->Y    F     OAI221xp5_ASAP7_75t_SL         1  0.5    66    13     359    (-,-) 
  u_tlb/u_tlb/lt_169_55_I1_I14_g3969/Y             -       C->Y    R     OAI221xp5_ASAP7_75t_SL         1  0.5    68    18     377    (-,-) 
  u_tlb/u_tlb/lt_169_55_I1_I14_g3968/Y             -       C->Y    F     OAI221xp5_ASAP7_75t_SL         1  0.5    29    12     390    (-,-) 
  u_tlb/u_tlb/lt_169_55_I1_I14_g3967/Y             -       C->Y    R     OAI221xp5_ASAP7_75t_SL         1  0.5    79    13     403    (-,-) 
  u_tlb/u_tlb/lt_169_55_I1_I14_g3966/Y             -       C->Y    F     OAI221xp5_ASAP7_75t_SL         1  0.5    66    13     416    (-,-) 
  u_tlb/u_tlb/lt_169_55_I1_I14_g3965/Y             -       C->Y    R     OAI221xp5_ASAP7_75t_SL         1  0.5    30    18     434    (-,-) 
  u_tlb/u_tlb/lt_169_55_I1_I14_g3964/Y             -       C->Y    F     OAI221xp5_ASAP7_75t_SL         1  0.5    22    11     445    (-,-) 
  u_tlb/u_tlb/lt_169_55_I1_I14_g3963/Y             -       C->Y    R     OAI221xp5_ASAP7_75t_SL         1  0.5    40    12     456    (-,-) 
  u_tlb/u_tlb/lt_169_55_I1_I14_g3962/Y             -       C->Y    F     OAI221xp5_ASAP7_75t_SL         1  0.5    23    12     468    (-,-) 
  u_tlb/u_tlb/lt_169_55_I1_I14_g3961/Y             -       C->Y    R     OAI221xp5_ASAP7_75t_SL         1  0.5    40    12     480    (-,-) 
  u_tlb/u_tlb/lt_169_55_I1_I14_g3960/Y             -       C->Y    F     OAI221xp5_ASAP7_75t_SL         1  0.5    23    12     492    (-,-) 
  u_tlb/u_tlb/lt_169_55_I1_I14_g3959/Y             -       C->Y    R     OAI221xp5_ASAP7_75t_SL         1  0.6    42    12     504    (-,-) 
  u_tlb/u_tlb/lt_169_55_I1_I14_g3958/Y             -       A1->Y   F     AOI321xp33_ASAP7_75t_SL        1  0.6    31    17     521    (-,-) 
  u_tlb/u_tlb/lt_169_55_I1_I14_g3957/Y             -       A1->Y   R     OAI321xp33_ASAP7_75t_SL        1  0.5    33    20     541    (-,-) 
  u_tlb/u_tlb/lt_169_55_I1_I14_g3956/Y             -       C->Y    F     OAI221xp5_ASAP7_75t_SL         1  0.5    28    11     552    (-,-) 
  u_tlb/u_tlb/lt_169_55_I1_I14_g3955/Y             -       C->Y    R     OAI221xp5_ASAP7_75t_SL         1  0.5    77    13     565    (-,-) 
  u_tlb/u_tlb/lt_169_55_I1_I14_g3954/Y             -       C->Y    F     OAI221xp5_ASAP7_75t_SL         1  0.5    31    13     578    (-,-) 
  u_tlb/u_tlb/lt_169_55_I1_I14_g3953/Y             -       C->Y    R     OAI221xp5_ASAP7_75t_SL         1  0.5    77    13     591    (-,-) 
  u_tlb/u_tlb/lt_169_55_I1_I14_g3952/Y             -       C->Y    F     OAI221xp5_ASAP7_75t_SL         1  0.5    31    13     604    (-,-) 
  u_tlb/u_tlb/lt_169_55_I1_I14_g3951/Y             -       C->Y    R     OAI221xp5_ASAP7_75t_SL         1  0.6    42    14     618    (-,-) 
  u_tlb/u_tlb/lt_169_55_I1_I14_g3950/Y             -       B1->Y   F     AOI331xp33_ASAP7_75t_SL        2 12.4   184    84     702    (-,-) 
  u_tlb/u_tlb/lt_169_55_I1_I14_g3948/Y             -       A1->Y   R     OAI31xp33_ASAP7_75t_SL         1  0.6    71    36     737    (-,-) 
  u_tlb/u_tlb/lt_169_55_I1_I14_g3947/Y             -       C->Y    F     A2O1A1Ixp33_ASAP7_75t_SL       1  3.7    71    39     776    (-,-) 
  u_tlb/u_tlb/g264668/Y                            -       A->Y    R     CKINVDCx5p33_ASAP7_75t_R       1  0.6    15    13     790    (-,-) 
  u_tlb/u_tlb/g351655/Y                            -       A1->Y   F     AOI21xp5_ASAP7_75t_SL          9  5.4    72    28     818    (-,-) 
  u_tlb/u_tlb/g351529/Y                            -       A->Y    R     INVx1_ASAP7_75t_SL             9  5.4    53    34     851    (-,-) 
  u_tlb/u_tlb/g351295/Y                            -       A2->Y   F     OAI22xp5_ASAP7_75t_SL          2  0.9    28    13     864    (-,-) 
  u_tlb/u_tlb/lt_169_55_I2_I7_g1125/Y              -       B2->Y   R     OAI22xp33_ASAP7_75t_SL         1  0.5    25    16     880    (-,-) 
  u_tlb/u_tlb/lt_169_55_I2_I7_g1123/Y              -       C->Y    F     OAI221xp5_ASAP7_75t_SL         1  0.5    31    11     891    (-,-) 
  u_tlb/u_tlb/lt_169_55_I2_I7_g1122/Y              -       C->Y    R     OAI221xp5_ASAP7_75t_SL         1  0.5    30    13     904    (-,-) 
  u_tlb/u_tlb/lt_169_55_I2_I7_g1121/Y              -       C->Y    F     OAI221xp5_ASAP7_75t_SL         1  0.5    31    11     915    (-,-) 
  u_tlb/u_tlb/lt_169_55_I2_I7_g1120/Y              -       C->Y    R     OAI221xp5_ASAP7_75t_SL         1  0.5    30    13     928    (-,-) 
  u_tlb/u_tlb/lt_169_55_I2_I7_g1119/Y              -       C->Y    F     OAI221xp5_ASAP7_75t_SL         1  0.5    31    11     940    (-,-) 
  u_tlb/u_tlb/lt_169_55_I2_I7_g1118/Y              -       C->Y    R     OAI221xp5_ASAP7_75t_SL         1  0.5    30    13     953    (-,-) 
  u_tlb/u_tlb/lt_169_55_I2_I7_g1117/Y              -       C->Y    F     OAI221xp5_ASAP7_75t_SL         1  0.5    32    11     964    (-,-) 
  u_tlb/u_tlb/lt_169_55_I2_I7_g1116/Y              -       C->Y    R     OAI221xp5_ASAP7_75t_SL         1  0.5    32    13     977    (-,-) 
  u_tlb/u_tlb/lt_169_55_I2_I7_g1115/Y              -       C->Y    F     OAI221xp5_ASAP7_75t_SL         1  0.5    31    11     988    (-,-) 
  u_tlb/u_tlb/lt_169_55_I2_I7_g1114/Y              -       C->Y    R     OAI221xp5_ASAP7_75t_SL         1  0.5    32    13    1002    (-,-) 
  u_tlb/u_tlb/lt_169_55_I2_I7_g1113/Y              -       C->Y    F     OAI221xp5_ASAP7_75t_SL         1  0.5    32    11    1013    (-,-) 
  u_tlb/u_tlb/lt_169_55_I2_I7_g1112/Y              -       C->Y    R     OAI221xp5_ASAP7_75t_SL         1  0.5    32    13    1026    (-,-) 
  u_tlb/u_tlb/lt_169_55_I2_I7_g1111/Y              -       C->Y    F     OAI221xp5_ASAP7_75t_SL         1  0.5    32    11    1037    (-,-) 
  u_tlb/u_tlb/lt_169_55_I2_I7_g1110/Y              -       C->Y    R     OAI221xp5_ASAP7_75t_SL         1  0.5    32    13    1051    (-,-) 
  u_tlb/u_tlb/lt_169_55_I2_I7_g1109/Y              -       C->Y    F     OAI221xp5_ASAP7_75t_SL         1  0.5    23    11    1062    (-,-) 
  u_tlb/u_tlb/lt_169_55_I2_I7_g1108/Y              -       C->Y    R     OAI221xp5_ASAP7_75t_SL         1  0.5    32    12    1074    (-,-) 
  u_tlb/u_tlb/lt_169_55_I2_I7_g1107/Y              -       C->Y    F     OAI221xp5_ASAP7_75t_SL         1  0.5    23    11    1085    (-,-) 
  u_tlb/u_tlb/lt_169_55_I2_I7_g1106/Y              -       C->Y    R     OAI221xp5_ASAP7_75t_SL         1  0.5    32    12    1097    (-,-) 
  u_tlb/u_tlb/lt_169_55_I2_I7_g1105/Y              -       C->Y    F     OAI221xp5_ASAP7_75t_SL         1  0.5    23    11    1108    (-,-) 
  u_tlb/u_tlb/lt_169_55_I2_I7_g1104/Y              -       C->Y    R     OAI221xp5_ASAP7_75t_SL         1  0.5    32    12    1120    (-,-) 
  u_tlb/u_tlb/lt_169_55_I2_I7_g1103/Y              -       C->Y    F     OAI221xp5_ASAP7_75t_SL         1  0.5    23    11    1131    (-,-) 
  u_tlb/u_tlb/lt_169_55_I2_I7_g1102/Y              -       C->Y    R     OAI221xp5_ASAP7_75t_SL         1  0.5    32    12    1143    (-,-) 
  u_tlb/u_tlb/lt_169_55_I2_I7_g1101/Y              -       C->Y    F     OAI221xp5_ASAP7_75t_SL         1  0.5    23    11    1155    (-,-) 
  u_tlb/u_tlb/lt_169_55_I2_I7_g1100/Y              -       C->Y    R     OAI221xp5_ASAP7_75t_SL         1  0.5    32    12    1167    (-,-) 
  u_tlb/u_tlb/lt_169_55_I2_I7_g1099/Y              -       C->Y    F     OAI221xp5_ASAP7_75t_SL         1  0.5    23    11    1178    (-,-) 
  u_tlb/u_tlb/lt_169_55_I2_I7_g1098/Y              -       C->Y    R     OAI221xp5_ASAP7_75t_SL         1  0.5    32    12    1190    (-,-) 
  u_tlb/u_tlb/lt_169_55_I2_I7_g1097/Y              -       C->Y    F     OAI221xp5_ASAP7_75t_SL         1  0.5    23    11    1201    (-,-) 
  u_tlb/u_tlb/lt_169_55_I2_I7_g1096/Y              -       C->Y    R     OAI221xp5_ASAP7_75t_SL         1  0.5    32    12    1213    (-,-) 
  u_tlb/u_tlb/lt_169_55_I2_I7_g1095/Y              -       C->Y    F     OAI221xp5_ASAP7_75t_SL         1  0.5    23    11    1224    (-,-) 
  u_tlb/u_tlb/lt_169_55_I2_I7_g1094/Y              -       C->Y    R     OAI221xp5_ASAP7_75t_SL         1  0.5    32    12    1236    (-,-) 
  u_tlb/u_tlb/lt_169_55_I2_I7_g1093/Y              -       A1->Y   F     AOI22xp5_ASAP7_75t_L           1  0.6    19    11    1248    (-,-) 
  u_tlb/u_tlb/lt_169_55_I2_I7_g1092/Y              -       A->Y    R     MAJIxp5_ASAP7_75t_SL           1  3.7    59    29    1276    (-,-) 
  u_tlb/u_tlb/g264660/Y                            -       A->Y    F     CKINVDCx5p33_ASAP7_75t_R       1  0.6    12    10    1286    (-,-) 
  u_tlb/u_tlb/g276313/Y                            -       A2->Y   R     OAI21xp5_ASAP7_75t_SL          2  4.3    58    29    1315    (-,-) 
  u_tlb/u_tlb/g264648/Y                            -       A->Y    F     CKINVDCx5p33_ASAP7_75t_R      18 18.9    37    32    1347    (-,-) 
  u_tlb/u_tlb/g276311/Y                            -       B2->Y   R     OAI22xp5_ASAP7_75t_SL          2 12.4   163    78    1425    (-,-) 
  u_tlb/u_tlb/lt_211_56_I1_I4_g3551/Y              -       A1->Y   F     AOI31xp33_ASAP7_75t_SL         1  0.6    52    15    1440    (-,-) 
  u_tlb/u_tlb/lt_211_56_I1_I4_retime_s24_153_reg/D <<<     -       F     ASYNC_DFFHx1_ASAP7_75t_SL      1    -     -     0    1440    (-,-) 
#-------------------------------------------------------------------------------------------------------------------------------------------

