============================================================
  Generated by:           Genus(TM) Synthesis Solution 25.10-p002_1
  Generated on:           Aug 31 2026  11:53:16 am
  Module:                 fugue_hbm_ctrl_top
  Operating conditions:   PVT_0P7V_25C (balanced_tree)
  Wireload mode:          enclosed
  Area mode:              timing library
============================================================

Timing
--------

Clock Period 
-------------
clk   1502.0 


  Cost    Critical         Violating 
 Group   Path Slack  TNS     Paths   
-------------------------------------
clk             0.0   0.0          0 
default    No paths   0.0            
-------------------------------------
Total                 0.0          0 

Instance Count
--------------
Leaf Instance Count             51997 
Physical Instance count             0 
Sequential Instance Count        9280 
Combinational Instance Count    42717 
Hierarchical Instance Count         6 

Area
----
Cell Area                          5773.782
Physical Cell Area                 0.000
Total Cell Area (Cell+Physical)    5773.782
Net Area                           0.000
Total Area (Cell+Physical+Net)     5773.782

Max Fanout                         9280 (clk)
Min Fanout                         0 (run[key_base][0])
Average Fanout                     2.5
Terms to net ratio                 3.7717
Terms to instance ratio            3.8505
Runtime                            1588.838068999989 seconds
Elapsed Runtime                    1680 seconds
Genus peak memory usage            2945.88 
Innovus peak memory usage          no_value 
Hostname                           squire.ece.uw.edu
