============================================================
  Generated by:           Genus(TM) Synthesis Solution 25.10-p002_1
  Generated on:           Aug 31 2026  11:53:20 am
  Operating conditions:   PVT_0P7V_25C (balanced_tree)
  Wireload mode:          enclosed
  Area mode:              timing library
============================================================

                                                                                      
           Gate             Instances   Area                   Library                
--------------------------------------------------------------------------------------
A2O1A1Ixp33_ASAP7_75t_SL           90    7.873     asap7sc7p5t_AO_SLVT_TT_nldm_201020 
A2O1A1O1Ixp25_ASAP7_75t_SL          2    0.262     asap7sc7p5t_AO_SLVT_TT_nldm_201020 
AND2x2_ASAP7_75t_SL               310   27.119 asap7sc7p5t_SIMPLE_SLVT_TT_nldm_201020 
AND3x1_ASAP7_75t_L                  1    0.087  asap7sc7p5t_SIMPLE_LVT_TT_nldm_201020 
AND3x1_ASAP7_75t_SL                 3    0.262 asap7sc7p5t_SIMPLE_SLVT_TT_nldm_201020 
AND5x1_ASAP7_75t_SL                 1    0.117 asap7sc7p5t_SIMPLE_SLVT_TT_nldm_201020 
AO21x1_ASAP7_75t_SL                44    3.849     asap7sc7p5t_AO_SLVT_TT_nldm_201020 
AOI211xp5_ASAP7_75t_SL            182   15.921     asap7sc7p5t_AO_SLVT_TT_nldm_201020 
AOI21xp33_ASAP7_75t_SL             63    4.593     asap7sc7p5t_AO_SLVT_TT_nldm_201020 
AOI21xp5_ASAP7_75t_L               19    1.385      asap7sc7p5t_AO_LVT_TT_nldm_201020 
AOI21xp5_ASAP7_75t_SL             189   13.778     asap7sc7p5t_AO_SLVT_TT_nldm_201020 
AOI221xp5_ASAP7_75t_SL           2139  218.306     asap7sc7p5t_AO_SLVT_TT_nldm_201020 
AOI222xp33_ASAP7_75t_SL            40    5.832     asap7sc7p5t_AO_SLVT_TT_nldm_201020 
AOI22xp33_ASAP7_75t_L            1630  142.592      asap7sc7p5t_AO_LVT_TT_nldm_201020 
AOI22xp33_ASAP7_75t_SL           2208  193.156     asap7sc7p5t_AO_SLVT_TT_nldm_201020 
AOI22xp5_ASAP7_75t_L              271   23.707      asap7sc7p5t_AO_LVT_TT_nldm_201020 
AOI22xp5_ASAP7_75t_SL            4731  413.868     asap7sc7p5t_AO_SLVT_TT_nldm_201020 
AOI311xp33_ASAP7_75t_SL             2    0.204     asap7sc7p5t_AO_SLVT_TT_nldm_201020 
AOI31xp33_ASAP7_75t_SL             37    3.237     asap7sc7p5t_AO_SLVT_TT_nldm_201020 
AOI321xp33_ASAP7_75t_SL            15    1.750     asap7sc7p5t_AO_SLVT_TT_nldm_201020 
AOI322xp5_ASAP7_75t_SL             71    9.317     asap7sc7p5t_AO_SLVT_TT_nldm_201020 
AOI32xp33_ASAP7_75t_SL             10    1.021     asap7sc7p5t_AO_SLVT_TT_nldm_201020 
AOI331xp33_ASAP7_75t_SL            11    1.443     asap7sc7p5t_AO_SLVT_TT_nldm_201020 
AOI332xp33_ASAP7_75t_SL             1    0.146     asap7sc7p5t_AO_SLVT_TT_nldm_201020 
AOI33xp33_ASAP7_75t_SL              3    0.350     asap7sc7p5t_AO_SLVT_TT_nldm_201020 
ASYNC_DFFHx1_ASAP7_75t_L          247   93.633     asap7sc7p5t_SEQ_LVT_TT_nldm_201020 
ASYNC_DFFHx1_ASAP7_75t_SL        7892 2991.699    asap7sc7p5t_SEQ_SLVT_TT_nldm_201020 
BUFx2_ASAP7_75t_L                 188   13.705  asap7sc7p5t_INVBUF_LVT_TT_nldm_201020 
BUFx2_ASAP7_75t_SL                  1    0.073 asap7sc7p5t_INVBUF_SLVT_TT_nldm_201020 
BUFx3_ASAP7_75t_L                  18    1.575  asap7sc7p5t_INVBUF_LVT_TT_nldm_201020 
BUFx4f_ASAP7_75t_SL                 1    0.117 asap7sc7p5t_INVBUF_SLVT_TT_nldm_201020 
BUFx5_ASAP7_75t_SL                  1    0.117 asap7sc7p5t_INVBUF_SLVT_TT_nldm_201020 
CKINVDCx11_ASAP7_75t_R             50    0.000  asap7sc7p5t_INVBUF_RVT_TT_nldm_201020 
CKINVDCx12_ASAP7_75t_R             23    0.000  asap7sc7p5t_INVBUF_RVT_TT_nldm_201020 
CKINVDCx14_ASAP7_75t_R             66    0.000  asap7sc7p5t_INVBUF_RVT_TT_nldm_201020 
CKINVDCx16_ASAP7_75t_R            188    0.000  asap7sc7p5t_INVBUF_RVT_TT_nldm_201020 
CKINVDCx20_ASAP7_75t_R           6272    0.000  asap7sc7p5t_INVBUF_RVT_TT_nldm_201020 
CKINVDCx5p33_ASAP7_75t_R         7604    0.000  asap7sc7p5t_INVBUF_RVT_TT_nldm_201020 
CKINVDCx8_ASAP7_75t_R              11    0.000  asap7sc7p5t_INVBUF_RVT_TT_nldm_201020 
DFFHQNx1_ASAP7_75t_SL             549  160.088    asap7sc7p5t_SEQ_SLVT_TT_nldm_201020 
FAx1_ASAP7_75t_SL                  16    3.266 asap7sc7p5t_SIMPLE_SLVT_TT_nldm_201020 
HAxp5_ASAP7_75t_SL                  8    1.050 asap7sc7p5t_SIMPLE_SLVT_TT_nldm_201020 
HB1xp67_ASAP7_75t_L               145    8.456  asap7sc7p5t_INVBUF_LVT_TT_nldm_201020 
HB1xp67_ASAP7_75t_SL               36    2.100 asap7sc7p5t_INVBUF_SLVT_TT_nldm_201020 
HB4xp67_ASAP7_75t_L                 1    0.102  asap7sc7p5t_INVBUF_LVT_TT_nldm_201020 
INVx1_ASAP7_75t_SL                845   36.960 asap7sc7p5t_INVBUF_SLVT_TT_nldm_201020 
INVx2_ASAP7_75t_SL                 16    0.933 asap7sc7p5t_INVBUF_SLVT_TT_nldm_201020 
INVxp33_ASAP7_75t_SL                4    0.175 asap7sc7p5t_INVBUF_SLVT_TT_nldm_201020 
INVxp67_ASAP7_75t_SL              922   40.328 asap7sc7p5t_INVBUF_SLVT_TT_nldm_201020 
MAJIxp5_ASAP7_75t_SL              223   22.759 asap7sc7p5t_SIMPLE_SLVT_TT_nldm_201020 
NAND2x1p5_ASAP7_75t_L               1    0.117  asap7sc7p5t_SIMPLE_LVT_TT_nldm_201020 
NAND2x2_ASAP7_75t_SL                1    0.146 asap7sc7p5t_SIMPLE_SLVT_TT_nldm_201020 
NAND2xp33_ASAP7_75t_L              90    5.249  asap7sc7p5t_SIMPLE_LVT_TT_nldm_201020 
NAND2xp33_ASAP7_75t_SL             30    1.750 asap7sc7p5t_SIMPLE_SLVT_TT_nldm_201020 
NAND2xp5_ASAP7_75t_L               44    2.566  asap7sc7p5t_SIMPLE_LVT_TT_nldm_201020 
NAND2xp5_ASAP7_75t_SL             670   39.074 asap7sc7p5t_SIMPLE_SLVT_TT_nldm_201020 
NAND3xp33_ASAP7_75t_SL             52    3.791 asap7sc7p5t_SIMPLE_SLVT_TT_nldm_201020 
NAND4xp25_ASAP7_75t_SL             16    1.400 asap7sc7p5t_SIMPLE_SLVT_TT_nldm_201020 
NAND5xp2_ASAP7_75t_SL             250   25.515 asap7sc7p5t_SIMPLE_SLVT_TT_nldm_201020 
NOR2x1_ASAP7_75t_SL                17    1.487 asap7sc7p5t_SIMPLE_SLVT_TT_nldm_201020 
NOR2xp33_ASAP7_75t_L                1    0.058  asap7sc7p5t_SIMPLE_LVT_TT_nldm_201020 
NOR2xp33_ASAP7_75t_SL            5979  348.695 asap7sc7p5t_SIMPLE_SLVT_TT_nldm_201020 
NOR3xp33_ASAP7_75t_SL             138   10.060 asap7sc7p5t_SIMPLE_SLVT_TT_nldm_201020 
NOR4xp25_ASAP7_75t_SL              13    1.137 asap7sc7p5t_SIMPLE_SLVT_TT_nldm_201020 
NOR5xp2_ASAP7_75t_SL              214   21.841 asap7sc7p5t_SIMPLE_SLVT_TT_nldm_201020 
O2A1O1Ixp33_ASAP7_75t_SL          159   13.909     asap7sc7p5t_OA_SLVT_TT_nldm_201020 
OA211x2_ASAP7_75t_SL                2    0.233     asap7sc7p5t_OA_SLVT_TT_nldm_201020 
OA21x2_ASAP7_75t_SL                10    1.021     asap7sc7p5t_OA_SLVT_TT_nldm_201020 
OA22x2_ASAP7_75t_SL                 1    0.146     asap7sc7p5t_OA_SLVT_TT_nldm_201020 
OA31x2_ASAP7_75t_SL                 1    0.219     asap7sc7p5t_OA_SLVT_TT_nldm_201020 
OAI211xp5_ASAP7_75t_SL            128   11.197     asap7sc7p5t_OA_SLVT_TT_nldm_201020 
OAI21x1_ASAP7_75t_SL                2    0.233     asap7sc7p5t_OA_SLVT_TT_nldm_201020 
OAI21xp33_ASAP7_75t_SL             54    3.937     asap7sc7p5t_OA_SLVT_TT_nldm_201020 
OAI21xp5_ASAP7_75t_SL             259   18.881     asap7sc7p5t_OA_SLVT_TT_nldm_201020 
OAI221xp5_ASAP7_75t_SL           2254  230.043     asap7sc7p5t_OA_SLVT_TT_nldm_201020 
OAI222xp33_ASAP7_75t_SL            58    8.456     asap7sc7p5t_OA_SLVT_TT_nldm_201020 
OAI22xp33_ASAP7_75t_SL            471   41.203     asap7sc7p5t_OA_SLVT_TT_nldm_201020 
OAI22xp5_ASAP7_75t_SL            1934  169.186     asap7sc7p5t_OA_SLVT_TT_nldm_201020 
OAI311xp33_ASAP7_75t_SL            14    1.429     asap7sc7p5t_OA_SLVT_TT_nldm_201020 
OAI31xp33_ASAP7_75t_SL             40    3.499     asap7sc7p5t_OA_SLVT_TT_nldm_201020 
OAI321xp33_ASAP7_75t_SL           148   17.263     asap7sc7p5t_OA_SLVT_TT_nldm_201020 
OAI322xp33_ASAP7_75t_L            107   14.041      asap7sc7p5t_OA_LVT_TT_nldm_201020 
OAI322xp33_ASAP7_75t_SL            91   11.941     asap7sc7p5t_OA_SLVT_TT_nldm_201020 
OAI32xp33_ASAP7_75t_SL             37    3.776     asap7sc7p5t_OA_SLVT_TT_nldm_201020 
OAI331xp33_ASAP7_75t_SL             8    1.050     asap7sc7p5t_OA_SLVT_TT_nldm_201020 
OAI332xp33_ASAP7_75t_SL             1    0.146     asap7sc7p5t_OA_SLVT_TT_nldm_201020 
OAI33xp33_ASAP7_75t_SL            233   27.177     asap7sc7p5t_OA_SLVT_TT_nldm_201020 
OR2x2_ASAP7_75t_SL                306   26.769 asap7sc7p5t_SIMPLE_SLVT_TT_nldm_201020 
OR3x1_ASAP7_75t_L                   2    0.175  asap7sc7p5t_SIMPLE_LVT_TT_nldm_201020 
OR3x1_ASAP7_75t_SL                  6    0.525 asap7sc7p5t_SIMPLE_SLVT_TT_nldm_201020 
OR5x1_ASAP7_75t_SL                  3    0.350 asap7sc7p5t_SIMPLE_SLVT_TT_nldm_201020 
SDFHx1_ASAP7_75t_SL               592  215.784    asap7sc7p5t_SEQ_SLVT_TT_nldm_201020 
XNOR2xp5_ASAP7_75t_L               17    2.231  asap7sc7p5t_SIMPLE_LVT_TT_nldm_201020 
XNOR2xp5_ASAP7_75t_SL              46    6.036 asap7sc7p5t_SIMPLE_SLVT_TT_nldm_201020 
XOR2xp5_ASAP7_75t_L                20    2.624  asap7sc7p5t_SIMPLE_LVT_TT_nldm_201020 
XOR2xp5_ASAP7_75t_SL               77   10.104 asap7sc7p5t_SIMPLE_SLVT_TT_nldm_201020 
--------------------------------------------------------------------------------------
total                           51997 5773.782                                        
                                                                      
                Library                Instances   Area   Instances % 
----------------------------------------------------------------------
asap7sc7p5t_AO_LVT_TT_nldm_201020           1920  167.685         3.7 
asap7sc7p5t_AO_SLVT_TT_nldm_201020          9838  894.906        18.9 
asap7sc7p5t_INVBUF_LVT_TT_nldm_201020        352   23.838         0.7 
asap7sc7p5t_INVBUF_RVT_TT_nldm_201020      14214    0.000        27.3 
asap7sc7p5t_INVBUF_SLVT_TT_nldm_201020      1826   80.802         3.5 
asap7sc7p5t_OA_LVT_TT_nldm_201020            107   14.041         0.2 
asap7sc7p5t_OA_SLVT_TT_nldm_201020          5905  564.946        11.4 
asap7sc7p5t_SEQ_LVT_TT_nldm_201020           247   93.633         0.5 
asap7sc7p5t_SEQ_SLVT_TT_nldm_201020         9033 3367.572        17.4 
asap7sc7p5t_SIMPLE_LVT_TT_nldm_201020        176   13.107         0.3 
asap7sc7p5t_SIMPLE_SLVT_TT_nldm_201020      8379  553.253        16.1 
                                         
     Type      Instances   Area   Area % 
-----------------------------------------
sequential          9280 3461.205   59.9 
inverter           16001   78.397    1.4 
buffer               391   26.244    0.5 
logic              26325 2207.937   38.2 
physical_cells         0    0.000    0.0 
-----------------------------------------
total              51997 5773.782  100.0 
