Information: Updating design information... (UID-85)
 
****************************************
Report : qor
Design : accumulator_bg
Version: P-2019.03-SP5-6
Date   : Tue Sep  1 00:18:18 2026
****************************************


  Timing Path Group 'clk'
  -----------------------------------
  Levels of Logic:              51.00
  Critical Path Length:        985.05
  Critical Path Slack:           0.06
  Critical Path Clk Period:   1501.50
  Total Negative Slack:          0.00
  No. of Violating Paths:        0.00
  Worst Hold Violation:          0.00
  Total Hold Violation:          0.00
  No. of Hold Violations:        0.00
  -----------------------------------


  Cell Count
  -----------------------------------
  Hierarchical Cell Count:          9
  Hierarchical Port Count:        438
  Leaf Cell Count:               3039
  Buf/Inv Cell Count:             942
  Buf Cell Count:                  44
  Inv Cell Count:                 898
  CT Buf/Inv Cell Count:            0
  Combinational Cell Count:      2921
  Sequential Cell Count:          118
  Macro Count:                      0
  -----------------------------------


  Area
  -----------------------------------
  Combinational Area:      208.173240
  Noncombinational Area:    44.731440
  Buf/Inv Area:             43.827481
  Total Buffer Area:             3.27
  Total Inverter Area:          40.56
  Macro/Black Box Area:      0.000000
  Net Area:                  0.000000
  -----------------------------------
  Cell Area:               252.904680
  Design Area:             252.904680


  Design Rules
  -----------------------------------
  Total Number of Nets:          3107
  Nets With Violations:             0
  Max Trans Violations:             0
  Max Cap Violations:               0
  -----------------------------------


  Hostname: thu-olden

  Compile CPU Statistics
  -----------------------------------------
  Resource Sharing:                    0.11
  Logic Optimization:                  0.13
  Mapping Optimization:                0.57
  -----------------------------------------
  Overall Compile Time:                2.55
  Overall Compile Wall Clock Time:     2.74

  --------------------------------------------------------------------

  Design  WNS: 0.00  TNS: 0.00  Number of Violating Paths: 0


  Design (Hold)  WNS: 0.00  TNS: 0.00  Number of Violating Paths: 0

  --------------------------------------------------------------------


1
