============================================================
  Generated by:           Genus(TM) Synthesis Solution 25.10-p002_1
  Generated on:           Sep 02 2026  02:32:41 pm
  Module:                 accumulator_bg
  Operating conditions:   PVT_0P7V_25C (balanced_tree)
  Wireload mode:          enclosed
  Area mode:              timing library
============================================================


Path 1: MET (4 ps) Setup Check with Pin g_lane[0].u_add/y_reg[13]/CLK->D
          Group: clk
     Startpoint: (R) retime_3_reg/CLK
          Clock: (R) clk
       Endpoint: (R) g_lane[0].u_add/y_reg[13]/D
          Clock: (R) clk

                     Capture       Launch     
        Clock Edge:+     769            0     
       Src Latency:+       0            0     
       Net Latency:+       0 (I)        0 (I) 
           Arrival:=     769            0     
                                              
             Setup:-      12                  
       Uncertainty:-      23                  
     Required Time:=     734                  
      Launch Clock:-       0                  
         Data Path:-     730                  
             Slack:=       4                  

#-------------------------------------------------------------------------------------------------------------------------
#         Timing Point           Flags    Arc    Edge           Cell             Fanout Load Trans Delay Arrival Instance 
#                                                                                       (fF)  (ps)  (ps)   (ps)  Location 
#-------------------------------------------------------------------------------------------------------------------------
  retime_3_reg/CLK               -       -       R     (arrival)                    791    -     0     0       0    (-,-) 
  retime_3_reg/QN                -       CLK->QN R     ASYNC_DFFHx1_ASAP7_75t_SL      4  2.5    28    42      42    (-,-) 
  g14580/Y                       -       A->Y    F     INVx1_ASAP7_75t_SL             3  2.3    19    12      54    (-,-) 
  g14578__2398/Y                 -       A2->Y   R     OAI22xp5_ASAP7_75t_SL          3  2.4    42    21      75    (-,-) 
  g2__5115/Y                     -       B->Y    F     NOR2x1_ASAP7_75t_SL           32 19.2   108    60     135    (-,-) 
  g23008__8428/Y                 -       B->Y    F     OR2x2_ASAP7_75t_SL            16 20.9    62    57     192    (-,-) 
  g22646__8246/Y                 -       B2->Y   R     OAI22xp5_ASAP7_75t_SL          4  4.8    78    45     237    (-,-) 
  g_lane[0].u_add/fopt58788/Y    (P)     A->Y    F     INVx4_ASAP7_75t_SL             3  2.8    21     6     244    (-,-) 
  g_lane[0].u_add/g58554__5122/Y (P)     A2->Y   R     AOI22x1_ASAP7_75t_SL           2  1.5    30    14     257    (-,-) 
  g_lane[0].u_add/g58531__5477/Y (P)     A->Y    F     NOR2xp67_ASAP7_75t_SL          2  0.8    18    12     269    (-,-) 
  g_lane[0].u_add/g58500__5526/Y (P)     B->Y    R     NOR3xp33_ASAP7_75t_SL          1  0.6    22    13     282    (-,-) 
  g_lane[0].u_add/g58484__2346/Y (P)     C->Y    F     O2A1O1Ixp33_ASAP7_75t_SL       1  1.1    22    12     294    (-,-) 
  g_lane[0].u_add/g58476__6131/Y (P)     B->Y    F     AND2x4_ASAP7_75t_SL            7  5.9    12    19     313    (-,-) 
  g_lane[0].u_add/fopt46/Y       (P)     A->Y    R     INVx2_ASAP7_75t_SL             2  1.3     8     6     319    (-,-) 
  g_lane[0].u_add/g58440__8428/Y (P)     B->Y    R     AND2x2_ASAP7_75t_SL            9  5.3    22    20     339    (-,-) 
  g_lane[0].u_add/g58380__5122/Y (P)     B2->Y   F     AOI22xp33_ASAP7_75t_SL         1  0.5    22    10     349    (-,-) 
  g_lane[0].u_add/g58343__6131/Y (P)     A->Y    F     AND2x2_ASAP7_75t_SL            2  1.3     9    18     367    (-,-) 
  g_lane[0].u_add/g58335/Y       (P)     A->Y    R     INVx1_ASAP7_75t_SL             2  1.1    10     7     374    (-,-) 
  g_lane[0].u_add/g58298__5115/Y (P)     A2->Y   F     OAI22xp5_ASAP7_75t_SL          1  0.4    14     7     381    (-,-) 
  g_lane[0].u_add/g58282__1666/Y (P)     B->Y    R     NOR2xp33_ASAP7_75t_SL          1  0.6    17    11     392    (-,-) 
  g_lane[0].u_add/g58259__2398/Y (P)     B->Y    F     OAI21xp5_ASAP7_75t_SL          3  1.5    21    12     404    (-,-) 
  g_lane[0].u_add/fopt58708/Y    (P)     A->Y    R     INVxp67_ASAP7_75t_SL           2  0.9    15    10     414    (-,-) 
  g_lane[0].u_add/g58196__7482/Y (P)     A1->Y   F     AOI21xp5_ASAP7_75t_SL          2  1.2    21    11     425    (-,-) 
  g_lane[0].u_add/g58163__5477/Y (P)     B->Y    F     OR2x2_ASAP7_75t_SL             4  2.8    13    21     446    (-,-) 
  g_lane[0].u_add/g58149__5122/Y (P)     B->Y    R     NAND2xp5_ASAP7_75t_SL          4  1.9    25    14     460    (-,-) 
  g_lane[0].u_add/g58115__9945/Y (P)     B->Y    F     NAND2xp5_ASAP7_75t_SL          2  1.3    20    12     471    (-,-) 
  g_lane[0].u_add/g58109/Y       (P)     A->Y    R     INVx1_ASAP7_75t_SL             1  0.6    10     7     478    (-,-) 
  g_lane[0].u_add/g58040__8246/Y (P)     B1->Y   F     AOI221xp5_ASAP7_75t_SL         1  1.0    47    13     492    (-,-) 
  g_lane[0].u_add/g58020__1666/Y (P)     B->Y    F     XOR2xp5_ASAP7_75t_SL           2  1.2    30    21     512    (-,-) 
  g_lane[0].u_add/g57987__6260/Y (P)     A2->Y   R     AOI22xp5_ASAP7_75t_SL          1  0.6    22    12     524    (-,-) 
  g_lane[0].u_add/g57927__9945/Y (P)     A->Y    F     NAND3xp33_ASAP7_75t_SL         1  1.1    24    14     538    (-,-) 
  g_lane[0].u_add/g57910__8246/Y (P)     B->Y    R     NOR2x1_ASAP7_75t_SL            3  1.6    19    11     549    (-,-) 
  g_lane[0].u_add/g57904/Y       (P)     A->Y    F     INVx1_ASAP7_75t_SL             1  0.6     9     5     554    (-,-) 
  g_lane[0].u_add/g57903__5526/Y (P)     B->Y    F     OR2x2_ASAP7_75t_SL             3  2.2    11    17     571    (-,-) 
  g_lane[0].u_add/g57888__5477/Y (P)     B->Y    R     NOR2x1_ASAP7_75t_SL            2  0.9    18     7     578    (-,-) 
  g_lane[0].u_add/g57868__7482/Y (P)     A1->Y   F     OAI21xp5_ASAP7_75t_SL          2  0.9    25    10     589    (-,-) 
  g_lane[0].u_add/g57824__8246/Y (P)     C->Y    R     NAND3xp33_ASAP7_75t_SL         1  0.5    18    12     600    (-,-) 
  g_lane[0].u_add/g57822__1617/Y (P)     A->Y    R     AND2x2_ASAP7_75t_SL            9  5.5    22    21     621    (-,-) 
  g_lane[0].u_add/g57809__6417/Y (P)     B->Y    F     NAND2xp5_ASAP7_75t_SL          3  1.5    22    12     634    (-,-) 
  g_lane[0].u_add/g57751__1881/Y (P)     A2->Y   R     OAI221xp5_ASAP7_75t_SL         1  0.5    28    16     650    (-,-) 
  g_lane[0].u_add/g57746__3680/Y (P)     C->Y    R     AO221x1_ASAP7_75t_SL           3  2.1    20    21     671    (-,-) 
  g_lane[0].u_add/g57716__2346/Y (P)     B->Y    F     NAND2x1_ASAP7_75t_SL           2  1.3    13     7     679    (-,-) 
  g_lane[0].u_add/g57712/Y       (P)     A->Y    R     INVx1_ASAP7_75t_SL             2  1.1    12     8     686    (-,-) 
  g_lane[0].u_add/g57699__6260/Y (P)     A->Y    F     NAND2xp5_ASAP7_75t_SL          2  1.1    17     8     695    (-,-) 
  g_lane[0].u_add/g57689__6417/Y (P)     A->Y    R     NOR3xp33_ASAP7_75t_SL          1  0.6    22    13     707    (-,-) 
  g_lane[0].u_add/g57671__1705/Y (P)     B2->Y   F     OAI22xp5_ASAP7_75t_SL          1  0.5    20     8     715    (-,-) 
  g_lane[0].u_add/g57655__5107/Y (P)     B2->Y   R     AOI221xp5_ASAP7_75t_SL         1  0.6    27    15     730    (-,-) 
  g_lane[0].u_add/y_reg[13]/D    <<< (P) -       R     ASYNC_DFFHx1_ASAP7_75t_L       1    -     -     0     730    (-,-) 
#-------------------------------------------------------------------------------------------------------------------------

(P) : Instance is preserved

