============================================================
  Generated by:           Genus(TM) Synthesis Solution 25.10-p002_1
  Generated on:           Aug 31 2026  12:59:51 pm
  Module:                 accumulator_bg
  Operating conditions:   PVT_0P7V_25C (balanced_tree)
  Wireload mode:          enclosed
  Area mode:              timing library
============================================================

Timing
--------

Clock Period 
-------------
clk    769.0 


  Cost    Critical         Violating 
 Group   Path Slack  TNS     Paths   
-------------------------------------
clk           146.5   0.0          0 
default    No paths   0.0            
-------------------------------------
Total                 0.0          0 

Instance Count
--------------
Leaf Instance Count             3199 
Physical Instance count            0 
Sequential Instance Count        118 
Combinational Instance Count    3081 
Hierarchical Instance Count        3 

Area
----
Cell Area                          249.770
Physical Cell Area                 0.000
Total Cell Area (Cell+Physical)    249.770
Net Area                           0.000
Total Area (Cell+Physical+Net)     249.770

Max Fanout                         118 (clk)
Min Fanout                         0 (s1_v[1])
Average Fanout                     2.1
Terms to net ratio                 3.1938
Terms to instance ratio            3.2657
Runtime                            28.038816000000004 seconds
Elapsed Runtime                    26 seconds
Genus peak memory usage            2299.80 
Innovus peak memory usage          no_value 
Hostname                           squire.ece.uw.edu
