 
****************************************
Report : area
Design : rotate_q_bf16
Version: P-2019.03-SP5-6
Date   : Fri Aug 28 23:34:53 2026
****************************************

Library(s) Used:

    asap7sc7p5t_INVBUF_RVT_TT_nldm_211120 (File: /thu-bloor/xinyao-w23/kvpim-rtl/third_party/asap7_lib/db/asap7sc7p5t_INVBUF_RVT_TT_nldm_211120.db)
    asap7sc7p5t_SIMPLE_RVT_TT_nldm_211120 (File: /thu-bloor/xinyao-w23/kvpim-rtl/third_party/asap7_lib/db/asap7sc7p5t_SIMPLE_RVT_TT_nldm_211120.db)
    asap7sc7p5t_SEQ_RVT_TT_nldm_220123 (File: /thu-bloor/xinyao-w23/kvpim-rtl/third_party/asap7_lib/db/asap7sc7p5t_SEQ_RVT_TT_nldm_220123.db)
    asap7sc7p5t_OA_RVT_TT_nldm_211120 (File: /thu-bloor/xinyao-w23/kvpim-rtl/third_party/asap7_lib/db/asap7sc7p5t_OA_RVT_TT_nldm_211120.db)
    asap7sc7p5t_AO_RVT_TT_nldm_211120 (File: /thu-bloor/xinyao-w23/kvpim-rtl/third_party/asap7_lib/db/asap7sc7p5t_AO_RVT_TT_nldm_211120.db)

Number of ports:                        20564
Number of nets:                        106276
Number of cells:                        85152
Number of combinational cells:          81448
Number of sequential cells:              3104
Number of macros/black boxes:               0
Number of buf/inv:                      27946
Number of references:                      62

Combinational area:               6198.803642
Buf/Inv area:                     1324.520114
Noncombinational area:            1176.664312
Macro/Black Box area:                0.000000
Net Interconnect area:      undefined  (No wire load specified)

Total cell area:                  7375.467954
Total area:                 undefined

Hierarchical area distribution
------------------------------

                                  Global cell area          Local cell area
                                  ------------------  ---------------------------- 
Hierarchical cell                 Absolute   Percent  Combi-     Noncombi-  Black-
                                  Total      Total    national   national   boxes   Design
--------------------------------  ---------  -------  ---------  ---------  ------  -------------------------------------
rotate_q_bf16                     7375.4680    100.0    40.5178   291.1334  0.0000  rotate_q_bf16
g_pair[0].a_even                    62.4461      0.8    31.7261     6.4444  0.0000  bf16_add_0
g_pair[0].a_even/add_130             2.0704      0.0     2.0704     0.0000  0.0000  bf16_add_0_DW01_inc_2
g_pair[0].a_even/add_72_S2           2.3620      0.0     2.3620     0.0000  0.0000  bf16_add_0_DW01_add_1_DW01_add_143
g_pair[0].a_even/add_86              1.4434      0.0     1.4434     0.0000  0.0000  bf16_add_0_DW01_inc_1_DW01_inc_136
g_pair[0].a_even/srl_60              6.3423      0.1     6.3423     0.0000  0.0000  bf16_add_0_DW_rash_1
g_pair[0].a_even/sub_47              6.2694      0.1     6.2694     0.0000  0.0000  bf16_add_0_DW01_sub_5
g_pair[0].a_even/sub_73              5.7883      0.1     5.7883     0.0000  0.0000  bf16_add_0_DW01_sub_4
g_pair[0].a_odd                     63.8750      0.9    32.8633     6.4444  0.0000  bf16_add_47
g_pair[0].a_odd/add_130              2.0704      0.0     2.0704     0.0000  0.0000  bf16_add_47_DW01_inc_2
g_pair[0].a_odd/add_72_S2            2.5223      0.0     2.5223     0.0000  0.0000  bf16_add_47_DW01_add_1_DW01_add_141
g_pair[0].a_odd/add_86               1.4434      0.0     1.4434     0.0000  0.0000  bf16_add_47_DW01_inc_1_DW01_inc_134
g_pair[0].a_odd/srl_60               6.3715      0.1     6.3715     0.0000  0.0000  bf16_add_47_DW_rash_1
g_pair[0].a_odd/sub_47               6.4006      0.1     6.4006     0.0000  0.0000  bf16_add_47_DW01_sub_5
g_pair[0].a_odd/sub_73               5.7591      0.1     5.7591     0.0000  0.0000  bf16_add_47_DW01_sub_4
g_pair[0].m_ac                      49.7470      0.7    14.2592     6.4444  0.0000  bf16_mult_0
g_pair[0].m_ac/add_2_root_add_50_aco    2.4349     0.0    2.4349    0.0000  0.0000  bf16_mult_0_DW01_add_2_DW01_add_261
g_pair[0].m_ac/add_67                2.0995      0.0     2.0995     0.0000  0.0000  bf16_mult_0_DW01_inc_0_DW01_inc_140
g_pair[0].m_ac/mult_36              24.5090      0.3    21.6367     0.0000  0.0000  bf16_mult_0_DW02_mult_0_DW02_mult_45
g_pair[0].m_ac/mult_36/FS_1          2.8723      0.0     2.8723     0.0000  0.0000  bf16_mult_0_DW01_add_1_DW01_add_227
g_pair[0].m_as                      49.0325      0.7    13.7489     6.4444  0.0000  bf16_mult_46
g_pair[0].m_as/add_2_root_add_50_aco    2.4349     0.0    2.4349    0.0000  0.0000  bf16_mult_46_DW01_add_2_DW01_add_263
g_pair[0].m_as/add_67                2.0995      0.0     2.0995     0.0000  0.0000  bf16_mult_46_DW01_inc_0_DW01_inc_138
g_pair[0].m_as/mult_36              24.3049      0.3    21.4763     0.0000  0.0000  bf16_mult_46_DW02_mult_0_DW02_mult_47
g_pair[0].m_as/mult_36/FS_1          2.8285      0.0     2.8285     0.0000  0.0000  bf16_mult_46_DW01_add_1_DW01_add_229
g_pair[0].m_bc                      49.7615      0.7    14.0551     6.4444  0.0000  bf16_mult_45
g_pair[0].m_bc/add_2_root_add_50_aco    2.4349     0.0    2.4349    0.0000  0.0000  bf16_mult_45_DW01_add_2_DW01_add_260
g_pair[0].m_bc/add_67                2.0995      0.0     2.0995     0.0000  0.0000  bf16_mult_45_DW01_inc_0_DW01_inc_137
g_pair[0].m_bc/mult_36              24.7277      0.3    21.7971     0.0000  0.0000  bf16_mult_45_DW02_mult_0_DW02_mult_44
g_pair[0].m_bc/mult_36/FS_1          2.9306      0.0     2.9306     0.0000  0.0000  bf16_mult_45_DW01_add_1_DW01_add_226
g_pair[0].m_nbs                     49.6303      0.7    13.9385     6.4444  0.0000  bf16_mult_47
g_pair[0].m_nbs/add_2_root_add_50_aco    2.4349     0.0    2.4349    0.0000 0.0000  bf16_mult_47_DW01_add_2_DW01_add_262
g_pair[0].m_nbs/add_67               2.0995      0.0     2.0995     0.0000  0.0000  bf16_mult_47_DW01_inc_0_DW01_inc_139
g_pair[0].m_nbs/mult_36             24.7131      0.3    21.7388     0.0000  0.0000  bf16_mult_47_DW02_mult_0_DW02_mult_46
g_pair[0].m_nbs/mult_36/FS_1         2.9743      0.0     2.9743     0.0000  0.0000  bf16_mult_47_DW01_add_1_DW01_add_228
g_pair[0].u_sc                     558.8514      7.6   134.3547    33.3590  0.0000  sincos_bf16_0
g_pair[0].u_sc/add_319               2.0120      0.0     2.0120     0.0000  0.0000  sincos_bf16_0_DW01_inc_16
g_pair[0].u_sc/add_321               2.9743      0.0     2.9743     0.0000  0.0000  sincos_bf16_0_DW01_inc_3
g_pair[0].u_sc/u_cdiff              79.0673      1.1    42.4424     6.4444  0.0000  bf16_add_31
g_pair[0].u_sc/u_cdiff/add_130       2.1870      0.0     2.1870     0.0000  0.0000  bf16_add_31_DW01_inc_3
g_pair[0].u_sc/u_cdiff/add_72_S2     6.2840      0.1     6.2840     0.0000  0.0000  bf16_add_31_DW01_add_2
g_pair[0].u_sc/u_cdiff/add_86        1.4434      0.0     1.4434     0.0000  0.0000  bf16_add_31_DW01_inc_1_DW01_inc_149
g_pair[0].u_sc/u_cdiff/srl_60        7.1150      0.1     7.1150     0.0000  0.0000  bf16_add_31_DW_rash_1
g_pair[0].u_sc/u_cdiff/sub_47        6.6047      0.1     6.6047     0.0000  0.0000  bf16_add_31_DW01_sub_9
g_pair[0].u_sc/u_cdiff/sub_73        6.5464      0.1     6.5464     0.0000  0.0000  bf16_add_31_DW01_sub_8
g_pair[0].u_sc/u_cterm              49.4554      0.7    13.9676     6.4444  0.0000  bf16_mult_15
g_pair[0].u_sc/u_cterm/add_2_root_add_50_aco    2.4349     0.0    2.4349    0.0000 0.0000 bf16_mult_15_DW01_add_2_DW01_add_230
g_pair[0].u_sc/u_cterm/add_67        2.0995      0.0     2.0995     0.0000  0.0000  bf16_mult_15_DW01_inc_0_DW01_inc_146
g_pair[0].u_sc/u_cterm/mult_36      24.5090      0.3    21.5347     0.0000  0.0000  bf16_mult_15_DW02_mult_0_DW02_mult_14
g_pair[0].u_sc/u_cterm/mult_36/FS_1    2.9743     0.0    2.9743     0.0000  0.0000  bf16_mult_15_DW01_add_1_DW01_add_182
g_pair[0].u_sc/u_cval               62.5774      0.8    31.9156     6.4444  0.0000  bf16_add_29
g_pair[0].u_sc/u_cval/add_130        2.0704      0.0     2.0704     0.0000  0.0000  bf16_add_29_DW01_inc_2
g_pair[0].u_sc/u_cval/add_72_S2      2.3911      0.0     2.3911     0.0000  0.0000  bf16_add_29_DW01_add_1_DW01_add_151
g_pair[0].u_sc/u_cval/add_86         1.4434      0.0     1.4434     0.0000  0.0000  bf16_add_29_DW01_inc_1_DW01_inc_143
g_pair[0].u_sc/u_cval/srl_60         6.4006      0.1     6.4006     0.0000  0.0000  bf16_add_29_DW_rash_1
g_pair[0].u_sc/u_cval/sub_47         6.1528      0.1     6.1528     0.0000  0.0000  bf16_add_29_DW01_sub_5
g_pair[0].u_sc/u_cval/sub_73         5.7591      0.1     5.7591     0.0000  0.0000  bf16_add_29_DW01_sub_4
g_pair[0].u_sc/u_sdiff              82.9310      1.1    45.4459     6.4444  0.0000  bf16_add_32
g_pair[0].u_sc/u_sdiff/add_130       2.2745      0.0     2.2745     0.0000  0.0000  bf16_add_32_DW01_inc_9
g_pair[0].u_sc/u_sdiff/add_72_S2     6.5610      0.1     6.5610     0.0000  0.0000  bf16_add_32_DW01_add_2
g_pair[0].u_sc/u_sdiff/add_86        1.4434      0.0     1.4434     0.0000  0.0000  bf16_add_32_DW01_inc_1_DW01_inc_151
g_pair[0].u_sc/u_sdiff/srl_60        6.6193      0.1     6.6193     0.0000  0.0000  bf16_add_32_DW_rash_7
g_pair[0].u_sc/u_sdiff/sub_47        6.9547      0.1     6.9547     0.0000  0.0000  bf16_add_32_DW01_sub_11
g_pair[0].u_sc/u_sdiff/sub_73        7.1879      0.1     7.1879     0.0000  0.0000  bf16_add_32_DW01_sub_18
g_pair[0].u_sc/u_sterm              49.4554      0.7    13.9676     6.4444  0.0000  bf16_mult_16
g_pair[0].u_sc/u_sterm/add_2_root_add_50_aco    2.4349     0.0    2.4349    0.0000 0.0000 bf16_mult_16_DW01_add_2_DW01_add_231
g_pair[0].u_sc/u_sterm/add_67        2.0995      0.0     2.0995     0.0000  0.0000  bf16_mult_16_DW01_inc_0_DW01_inc_147
g_pair[0].u_sc/u_sterm/mult_36      24.5090      0.3    21.5347     0.0000  0.0000  bf16_mult_16_DW02_mult_0_DW02_mult_15
g_pair[0].u_sc/u_sterm/mult_36/FS_1    2.9743     0.0    2.9743     0.0000  0.0000  bf16_mult_16_DW01_add_1_DW01_add_183
g_pair[0].u_sc/u_sval               62.6648      0.8    31.8427     6.4444  0.0000  bf16_add_30
g_pair[0].u_sc/u_sval/add_130        2.2162      0.0     2.2162     0.0000  0.0000  bf16_add_30_DW01_inc_2
g_pair[0].u_sc/u_sval/add_72_S2      2.4203      0.0     2.4203     0.0000  0.0000  bf16_add_30_DW01_add_1_DW01_add_153
g_pair[0].u_sc/u_sval/add_86         1.4434      0.0     1.4434     0.0000  0.0000  bf16_add_30_DW01_inc_1_DW01_inc_145
g_pair[0].u_sc/u_sval/srl_60         6.2548      0.1     6.2548     0.0000  0.0000  bf16_add_30_DW_rash_1
g_pair[0].u_sc/u_sval/sub_47         6.2840      0.1     6.2840     0.0000  0.0000  bf16_add_30_DW01_sub_5
g_pair[0].u_sc/u_sval/sub_73         5.7591      0.1     5.7591     0.0000  0.0000  bf16_add_30_DW01_sub_4
g_pair[1].a_even                    61.7317      0.8    31.0846     6.4444  0.0000  bf16_add_46
g_pair[1].a_even/add_130             2.0704      0.0     2.0704     0.0000  0.0000  bf16_add_46_DW01_inc_2
g_pair[1].a_even/add_72_S2           2.4057      0.0     2.4057     0.0000  0.0000  bf16_add_46_DW01_add_1_DW01_add_123
g_pair[1].a_even/add_86              1.4434      0.0     1.4434     0.0000  0.0000  bf16_add_46_DW01_inc_1_DW01_inc_117
g_pair[1].a_even/srl_60              6.3860      0.1     6.3860     0.0000  0.0000  bf16_add_46_DW_rash_1
g_pair[1].a_even/sub_47              6.0799      0.1     6.0799     0.0000  0.0000  bf16_add_46_DW01_sub_5
g_pair[1].a_even/sub_73              5.8174      0.1     5.8174     0.0000  0.0000  bf16_add_46_DW01_sub_4
g_pair[1].a_odd                     62.1837      0.8    31.5803     6.4444  0.0000  bf16_add_45
g_pair[1].a_odd/add_130              2.1870      0.0     2.1870     0.0000  0.0000  bf16_add_45_DW01_inc_2
g_pair[1].a_odd/add_72_S2            2.4057      0.0     2.4057     0.0000  0.0000  bf16_add_45_DW01_add_1_DW01_add_121
g_pair[1].a_odd/add_86               1.4434      0.0     1.4434     0.0000  0.0000  bf16_add_45_DW01_inc_1_DW01_inc_115
g_pair[1].a_odd/srl_60               6.1382      0.1     6.1382     0.0000  0.0000  bf16_add_45_DW_rash_1
g_pair[1].a_odd/sub_47               6.2257      0.1     6.2257     0.0000  0.0000  bf16_add_45_DW01_sub_5
g_pair[1].a_odd/sub_73               5.7591      0.1     5.7591     0.0000  0.0000  bf16_add_45_DW01_sub_4
g_pair[1].m_ac                      49.5283      0.7    13.9385     6.4444  0.0000  bf16_mult_44
g_pair[1].m_ac/add_2_root_add_50_aco    2.4203     0.0    2.4203    0.0000  0.0000  bf16_mult_44_DW01_add_2_DW01_add_256
g_pair[1].m_ac/add_67                2.0995      0.0     2.0995     0.0000  0.0000  bf16_mult_44_DW01_inc_0_DW01_inc_121
g_pair[1].m_ac/mult_36              24.6256      0.3    21.5784     0.0000  0.0000  bf16_mult_44_DW02_mult_0_DW02_mult_40
g_pair[1].m_ac/mult_36/FS_1          3.0472      0.0     3.0472     0.0000  0.0000  bf16_mult_44_DW01_add_1_DW01_add_220
g_pair[1].m_as                      49.3096      0.7    13.8364     6.4444  0.0000  bf16_mult_42
g_pair[1].m_as/add_2_root_add_50_aco    2.4349     0.0    2.4349    0.0000  0.0000  bf16_mult_42_DW01_add_2_DW01_add_259
g_pair[1].m_as/add_67                2.0995      0.0     2.0995     0.0000  0.0000  bf16_mult_42_DW01_inc_0_DW01_inc_119
g_pair[1].m_as/mult_36              24.4944      0.3    21.5784     0.0000  0.0000  bf16_mult_42_DW02_mult_0_DW02_mult_43
g_pair[1].m_as/mult_36/FS_1          2.9160      0.0     2.9160     0.0000  0.0000  bf16_mult_42_DW01_add_1_DW01_add_223
g_pair[1].m_bc                      49.3096      0.7    13.8364     6.4444  0.0000  bf16_mult_41
g_pair[1].m_bc/add_2_root_add_50_aco    2.4349     0.0    2.4349    0.0000  0.0000  bf16_mult_41_DW01_add_2_DW01_add_257
g_pair[1].m_bc/add_67                2.0995      0.0     2.0995     0.0000  0.0000  bf16_mult_41_DW01_inc_0_DW01_inc_118
g_pair[1].m_bc/mult_36              24.4944      0.3    21.5784     0.0000  0.0000  bf16_mult_41_DW02_mult_0_DW02_mult_41
g_pair[1].m_bc/mult_36/FS_1          2.9160      0.0     2.9160     0.0000  0.0000  bf16_mult_41_DW01_add_1_DW01_add_221
g_pair[1].m_nbs                     49.5283      0.7    13.9385     6.4444  0.0000  bf16_mult_43
g_pair[1].m_nbs/add_2_root_add_50_aco    2.4203     0.0    2.4203    0.0000 0.0000  bf16_mult_43_DW01_add_2_DW01_add_258
g_pair[1].m_nbs/add_67               2.0995      0.0     2.0995     0.0000  0.0000  bf16_mult_43_DW01_inc_0_DW01_inc_120
g_pair[1].m_nbs/mult_36             24.6256      0.3    21.5784     0.0000  0.0000  bf16_mult_43_DW02_mult_0_DW02_mult_42
g_pair[1].m_nbs/mult_36/FS_1         3.0472      0.0     3.0472     0.0000  0.0000  bf16_mult_43_DW01_add_1_DW01_add_222
g_pair[1].u_sc                     556.8248      7.5   131.7449    33.3590  0.0000  sincos_bf16_7
g_pair[1].u_sc/add_319               2.6536      0.0     2.6536     0.0000  0.0000  sincos_bf16_7_DW01_inc_16
g_pair[1].u_sc/add_321               2.1433      0.0     2.1433     0.0000  0.0000  sincos_bf16_7_DW01_inc_3
g_pair[1].u_sc/u_cdiff              80.1608      1.1    42.6028     6.4444  0.0000  bf16_add_27
g_pair[1].u_sc/u_cdiff/add_130       2.3765      0.0     2.3765     0.0000  0.0000  bf16_add_27_DW01_inc_3
g_pair[1].u_sc/u_cdiff/add_72_S2     6.2694      0.1     6.2694     0.0000  0.0000  bf16_add_27_DW01_add_2
g_pair[1].u_sc/u_cdiff/add_86        1.4434      0.0     1.4434     0.0000  0.0000  bf16_add_27_DW01_inc_1_DW01_inc_130
g_pair[1].u_sc/u_cdiff/srl_60        7.3046      0.1     7.3046     0.0000  0.0000  bf16_add_27_DW_rash_1
g_pair[1].u_sc/u_cdiff/sub_47        7.2463      0.1     7.2463     0.0000  0.0000  bf16_add_27_DW01_sub_9
g_pair[1].u_sc/u_cdiff/sub_73        6.4735      0.1     6.4735     0.0000  0.0000  bf16_add_27_DW01_sub_8
g_pair[1].u_sc/u_cterm              49.4699      0.7    14.1134     6.4444  0.0000  bf16_mult_13
g_pair[1].u_sc/u_cterm/add_2_root_add_50_aco    2.4203     0.0    2.4203    0.0000 0.0000 bf16_mult_13_DW01_add_2_DW01_add_224
g_pair[1].u_sc/u_cterm/add_67        2.0995      0.0     2.0995     0.0000  0.0000  bf16_mult_13_DW01_inc_0_DW01_inc_127
g_pair[1].u_sc/u_cterm/mult_36      24.3923      0.3    21.5055     0.0000  0.0000  bf16_mult_13_DW02_mult_0_DW02_mult_12
g_pair[1].u_sc/u_cterm/mult_36/FS_1    2.8868     0.0    2.8868     0.0000  0.0000  bf16_mult_13_DW01_add_1_DW01_add_180
g_pair[1].u_sc/u_cval               62.6357      0.8    31.9594     6.4444  0.0000  bf16_add_25
g_pair[1].u_sc/u_cval/add_130        2.1287      0.0     2.1287     0.0000  0.0000  bf16_add_25_DW01_inc_2
g_pair[1].u_sc/u_cval/add_72_S2      2.3036      0.0     2.3036     0.0000  0.0000  bf16_add_25_DW01_add_1_DW01_add_131
g_pair[1].u_sc/u_cval/add_86         1.4434      0.0     1.4434     0.0000  0.0000  bf16_add_25_DW01_inc_1_DW01_inc_124
g_pair[1].u_sc/u_cval/srl_60         6.4152      0.1     6.4152     0.0000  0.0000  bf16_add_25_DW_rash_1
g_pair[1].u_sc/u_cval/sub_47         6.1528      0.1     6.1528     0.0000  0.0000  bf16_add_25_DW01_sub_5
g_pair[1].u_sc/u_cval/sub_73         5.7883      0.1     5.7883     0.0000  0.0000  bf16_add_25_DW01_sub_4
g_pair[1].u_sc/u_sdiff              82.5374      1.1    45.1543     6.4444  0.0000  bf16_add_28
g_pair[1].u_sc/u_sdiff/add_130       2.5223      0.0     2.5223     0.0000  0.0000  bf16_add_28_DW01_inc_9
g_pair[1].u_sc/u_sdiff/add_72_S2     6.6485      0.1     6.6485     0.0000  0.0000  bf16_add_28_DW01_add_2
g_pair[1].u_sc/u_sdiff/add_86        1.4434      0.0     1.4434     0.0000  0.0000  bf16_add_28_DW01_inc_1_DW01_inc_132
g_pair[1].u_sc/u_sdiff/srl_60        6.6485      0.1     6.6485     0.0000  0.0000  bf16_add_28_DW_rash_7
g_pair[1].u_sc/u_sdiff/sub_47        6.7505      0.1     6.7505     0.0000  0.0000  bf16_add_28_DW01_sub_11
g_pair[1].u_sc/u_sdiff/sub_73        6.9255      0.1     6.9255     0.0000  0.0000  bf16_add_28_DW01_sub_18
g_pair[1].u_sc/u_sterm              49.4554      0.7    13.9676     6.4444  0.0000  bf16_mult_14
g_pair[1].u_sc/u_sterm/add_2_root_add_50_aco    2.4349     0.0    2.4349    0.0000 0.0000 bf16_mult_14_DW01_add_2_DW01_add_225
g_pair[1].u_sc/u_sterm/add_67        2.0995      0.0     2.0995     0.0000  0.0000  bf16_mult_14_DW01_inc_0_DW01_inc_128
g_pair[1].u_sc/u_sterm/mult_36      24.5090      0.3    21.5347     0.0000  0.0000  bf16_mult_14_DW02_mult_0_DW02_mult_13
g_pair[1].u_sc/u_sterm/mult_36/FS_1    2.9743     0.0    2.9743     0.0000  0.0000  bf16_mult_14_DW01_add_1_DW01_add_181
g_pair[1].u_sc/u_sval               62.6648      0.8    32.1489     6.4444  0.0000  bf16_add_26
g_pair[1].u_sc/u_sval/add_130        2.0120      0.0     2.0120     0.0000  0.0000  bf16_add_26_DW01_inc_2
g_pair[1].u_sc/u_sval/add_72_S2      2.3765      0.0     2.3765     0.0000  0.0000  bf16_add_26_DW01_add_1_DW01_add_133
g_pair[1].u_sc/u_sval/add_86         1.4434      0.0     1.4434     0.0000  0.0000  bf16_add_26_DW01_inc_1_DW01_inc_126
g_pair[1].u_sc/u_sval/srl_60         6.5610      0.1     6.5610     0.0000  0.0000  bf16_add_26_DW_rash_1
g_pair[1].u_sc/u_sval/sub_47         6.0070      0.1     6.0070     0.0000  0.0000  bf16_add_26_DW01_sub_5
g_pair[1].u_sc/u_sval/sub_73         5.6716      0.1     5.6716     0.0000  0.0000  bf16_add_26_DW01_sub_4
g_pair[2].a_even                    62.1254      0.8    31.6386     6.4444  0.0000  bf16_add_44
g_pair[2].a_even/add_130             2.0412      0.0     2.0412     0.0000  0.0000  bf16_add_44_DW01_inc_2
g_pair[2].a_even/add_72_S2           2.3911      0.0     2.3911     0.0000  0.0000  bf16_add_44_DW01_add_1_DW01_add_103
g_pair[2].a_even/add_86              1.4434      0.0     1.4434     0.0000  0.0000  bf16_add_44_DW01_inc_1_DW01_inc_98
g_pair[2].a_even/srl_60              6.4152      0.1     6.4152     0.0000  0.0000  bf16_add_44_DW_rash_1
g_pair[2].a_even/sub_47              6.0799      0.1     6.0799     0.0000  0.0000  bf16_add_44_DW01_sub_5
g_pair[2].a_even/sub_73              5.6716      0.1     5.6716     0.0000  0.0000  bf16_add_44_DW01_sub_4
g_pair[2].a_odd                     62.3441      0.8    31.5511     6.4444  0.0000  bf16_add_43
g_pair[2].a_odd/add_130              2.0849      0.0     2.0849     0.0000  0.0000  bf16_add_43_DW01_inc_2
g_pair[2].a_odd/add_72_S2            2.4057      0.0     2.4057     0.0000  0.0000  bf16_add_43_DW01_add_1_DW01_add_101
g_pair[2].a_odd/add_86               1.4434      0.0     1.4434     0.0000  0.0000  bf16_add_43_DW01_inc_1_DW01_inc_96
g_pair[2].a_odd/srl_60               6.4006      0.1     6.4006     0.0000  0.0000  bf16_add_43_DW_rash_1
g_pair[2].a_odd/sub_47               6.2257      0.1     6.2257     0.0000  0.0000  bf16_add_43_DW01_sub_5
g_pair[2].a_odd/sub_73               5.7883      0.1     5.7883     0.0000  0.0000  bf16_add_43_DW01_sub_4
g_pair[2].m_ac                      49.7178      0.7    14.0551     6.4444  0.0000  bf16_mult_40
g_pair[2].m_ac/add_2_root_add_50_aco    2.4203     0.0    2.4203    0.0000  0.0000  bf16_mult_40_DW01_add_2_DW01_add_252
g_pair[2].m_ac/add_67                2.0995      0.0     2.0995     0.0000  0.0000  bf16_mult_40_DW01_inc_0_DW01_inc_102
g_pair[2].m_ac/mult_36              24.6985      0.3    21.7388     0.0000  0.0000  bf16_mult_40_DW02_mult_0_DW02_mult_36
g_pair[2].m_ac/mult_36/FS_1          2.9597      0.0     2.9597     0.0000  0.0000  bf16_mult_40_DW01_add_1_DW01_add_214
g_pair[2].m_as                      49.7178      0.7    14.0989     6.4444  0.0000  bf16_mult_38
g_pair[2].m_as/add_2_root_add_50_aco    2.4349     0.0    2.4349    0.0000  0.0000  bf16_mult_38_DW01_add_2_DW01_add_255
g_pair[2].m_as/add_67                2.0995      0.0     2.0995     0.0000  0.0000  bf16_mult_38_DW01_inc_0_DW01_inc_100
g_pair[2].m_as/mult_36              24.6402      0.3    21.7242     0.0000  0.0000  bf16_mult_38_DW02_mult_0_DW02_mult_39
g_pair[2].m_as/mult_36/FS_1          2.9160      0.0     2.9160     0.0000  0.0000  bf16_mult_38_DW01_add_1_DW01_add_217
g_pair[2].m_bc                      49.8053      0.7    14.1134     6.4444  0.0000  bf16_mult_37
g_pair[2].m_bc/add_2_root_add_50_aco    2.4203     0.0    2.4203    0.0000  0.0000  bf16_mult_37_DW01_add_2_DW01_add_253
g_pair[2].m_bc/add_67                2.0995      0.0     2.0995     0.0000  0.0000  bf16_mult_37_DW01_inc_0_DW01_inc_99
g_pair[2].m_bc/mult_36              24.7277      0.3    21.5930     0.0000  0.0000  bf16_mult_37_DW02_mult_0_DW02_mult_37
g_pair[2].m_bc/mult_36/FS_1          3.1347      0.0     3.1347     0.0000  0.0000  bf16_mult_37_DW01_add_1_DW01_add_215
g_pair[2].m_nbs                     49.5866      0.7    14.0989     6.4444  0.0000  bf16_mult_39
g_pair[2].m_nbs/add_2_root_add_50_aco    2.4057     0.0    2.4057    0.0000 0.0000  bf16_mult_39_DW01_add_2_DW01_add_254
g_pair[2].m_nbs/add_67               2.0995      0.0     2.0995     0.0000  0.0000  bf16_mult_39_DW01_inc_0_DW01_inc_101
g_pair[2].m_nbs/mult_36             24.5381      0.3    21.5638     0.0000  0.0000  bf16_mult_39_DW02_mult_0_DW02_mult_38
g_pair[2].m_nbs/mult_36/FS_1         2.9743      0.0     2.9743     0.0000  0.0000  bf16_mult_39_DW01_add_1_DW01_add_216
g_pair[2].u_sc                     554.2441      7.5   132.0073    33.3590  0.0000  sincos_bf16_6
g_pair[2].u_sc/add_319               2.0266      0.0     2.0266     0.0000  0.0000  sincos_bf16_6_DW01_inc_16
g_pair[2].u_sc/add_321               2.3328      0.0     2.3328     0.0000  0.0000  sincos_bf16_6_DW01_inc_3
g_pair[2].u_sc/u_cdiff              79.6068      1.1    43.0110     6.4444  0.0000  bf16_add_23
g_pair[2].u_sc/u_cdiff/add_130       2.3036      0.0     2.3036     0.0000  0.0000  bf16_add_23_DW01_inc_3
g_pair[2].u_sc/u_cdiff/add_72_S2     6.3277      0.1     6.3277     0.0000  0.0000  bf16_add_23_DW01_add_2
g_pair[2].u_sc/u_cdiff/add_86        1.4434      0.0     1.4434     0.0000  0.0000  bf16_add_23_DW01_inc_1_DW01_inc_111
g_pair[2].u_sc/u_cdiff/srl_60        6.7505      0.1     6.7505     0.0000  0.0000  bf16_add_23_DW_rash_1
g_pair[2].u_sc/u_cdiff/sub_47        6.7943      0.1     6.7943     0.0000  0.0000  bf16_add_23_DW01_sub_9
g_pair[2].u_sc/u_cdiff/sub_73        6.5318      0.1     6.5318     0.0000  0.0000  bf16_add_23_DW01_sub_8
g_pair[2].u_sc/u_cterm              49.4699      0.7    14.0989     6.4444  0.0000  bf16_mult_11
g_pair[2].u_sc/u_cterm/add_2_root_add_50_aco    2.4057     0.0    2.4057    0.0000 0.0000 bf16_mult_11_DW01_add_2_DW01_add_218
g_pair[2].u_sc/u_cterm/add_67        2.0995      0.0     2.0995     0.0000  0.0000  bf16_mult_11_DW01_inc_0_DW01_inc_108
g_pair[2].u_sc/u_cterm/mult_36      24.4215      0.3    21.6076     0.0000  0.0000  bf16_mult_11_DW02_mult_0_DW02_mult_10
g_pair[2].u_sc/u_cterm/mult_36/FS_1    2.8139     0.0    2.8139     0.0000  0.0000  bf16_mult_11_DW01_add_1_DW01_add_178
g_pair[2].u_sc/u_cval               61.7900      0.8    31.3033     6.4444  0.0000  bf16_add_21
g_pair[2].u_sc/u_cval/add_130        2.0120      0.0     2.0120     0.0000  0.0000  bf16_add_21_DW01_inc_2
g_pair[2].u_sc/u_cval/add_72_S2      2.3328      0.0     2.3328     0.0000  0.0000  bf16_add_21_DW01_add_1_DW01_add_111
g_pair[2].u_sc/u_cval/add_86         1.4434      0.0     1.4434     0.0000  0.0000  bf16_add_21_DW01_inc_1_DW01_inc_105
g_pair[2].u_sc/u_cval/srl_60         6.3860      0.1     6.3860     0.0000  0.0000  bf16_add_21_DW_rash_1
g_pair[2].u_sc/u_cval/sub_47         6.1090      0.1     6.1090     0.0000  0.0000  bf16_add_21_DW01_sub_5
g_pair[2].u_sc/u_cval/sub_73         5.7591      0.1     5.7591     0.0000  0.0000  bf16_add_21_DW01_sub_4
g_pair[2].u_sc/u_sdiff              81.9396      1.1    45.3146     6.4444  0.0000  bf16_add_24
g_pair[2].u_sc/u_sdiff/add_130       2.1870      0.0     2.1870     0.0000  0.0000  bf16_add_24_DW01_inc_9
g_pair[2].u_sc/u_sdiff/add_72_S2     6.5173      0.1     6.5173     0.0000  0.0000  bf16_add_24_DW01_add_2
g_pair[2].u_sc/u_sdiff/add_86        1.4434      0.0     1.4434     0.0000  0.0000  bf16_add_24_DW01_inc_1_DW01_inc_113
g_pair[2].u_sc/u_sdiff/srl_60        6.4735      0.1     6.4735     0.0000  0.0000  bf16_add_24_DW_rash_7
g_pair[2].u_sc/u_sdiff/sub_47        6.5464      0.1     6.5464     0.0000  0.0000  bf16_add_24_DW01_sub_11
g_pair[2].u_sc/u_sdiff/sub_73        7.0130      0.1     7.0130     0.0000  0.0000  bf16_add_24_DW01_sub_18
g_pair[2].u_sc/u_sterm              49.4554      0.7    13.9676     6.4444  0.0000  bf16_mult_12
g_pair[2].u_sc/u_sterm/add_2_root_add_50_aco    2.4349     0.0    2.4349    0.0000 0.0000 bf16_mult_12_DW01_add_2_DW01_add_219
g_pair[2].u_sc/u_sterm/add_67        2.0995      0.0     2.0995     0.0000  0.0000  bf16_mult_12_DW01_inc_0_DW01_inc_109
g_pair[2].u_sc/u_sterm/mult_36      24.5090      0.3    21.5347     0.0000  0.0000  bf16_mult_12_DW02_mult_0_DW02_mult_11
g_pair[2].u_sc/u_sterm/mult_36/FS_1    2.9743     0.0    2.9743     0.0000  0.0000  bf16_mult_12_DW01_add_1_DW01_add_179
g_pair[2].u_sc/u_sval               62.2566      0.8    31.4928     6.4444  0.0000  bf16_add_22
g_pair[2].u_sc/u_sval/add_130        2.0995      0.0     2.0995     0.0000  0.0000  bf16_add_22_DW01_inc_2
g_pair[2].u_sc/u_sval/add_72_S2      2.3620      0.0     2.3620     0.0000  0.0000  bf16_add_22_DW01_add_1_DW01_add_113
g_pair[2].u_sc/u_sval/add_86         1.4434      0.0     1.4434     0.0000  0.0000  bf16_add_22_DW01_inc_1_DW01_inc_107
g_pair[2].u_sc/u_sval/srl_60         6.3131      0.1     6.3131     0.0000  0.0000  bf16_add_22_DW_rash_1
g_pair[2].u_sc/u_sval/sub_47         6.3131      0.1     6.3131     0.0000  0.0000  bf16_add_22_DW01_sub_5
g_pair[2].u_sc/u_sval/sub_73         5.7883      0.1     5.7883     0.0000  0.0000  bf16_add_22_DW01_sub_4
g_pair[3].a_even                    62.1108      0.8    31.3616     6.4444  0.0000  bf16_add_42
g_pair[3].a_even/add_130             2.1287      0.0     2.1287     0.0000  0.0000  bf16_add_42_DW01_inc_2
g_pair[3].a_even/add_72_S2           2.3620      0.0     2.3620     0.0000  0.0000  bf16_add_42_DW01_add_1_DW01_add_83
g_pair[3].a_even/add_86              1.4434      0.0     1.4434     0.0000  0.0000  bf16_add_42_DW01_inc_1_DW01_inc_79
g_pair[3].a_even/srl_60              6.4152      0.1     6.4152     0.0000  0.0000  bf16_add_42_DW_rash_1
g_pair[3].a_even/sub_47              6.2548      0.1     6.2548     0.0000  0.0000  bf16_add_42_DW01_sub_5
g_pair[3].a_even/sub_73              5.7008      0.1     5.7008     0.0000  0.0000  bf16_add_42_DW01_sub_4
g_pair[3].a_odd                     62.3441      0.8    31.5511     6.4444  0.0000  bf16_add_41
g_pair[3].a_odd/add_130              2.0849      0.0     2.0849     0.0000  0.0000  bf16_add_41_DW01_inc_2
g_pair[3].a_odd/add_72_S2            2.4057      0.0     2.4057     0.0000  0.0000  bf16_add_41_DW01_add_1_DW01_add_81
g_pair[3].a_odd/add_86               1.4434      0.0     1.4434     0.0000  0.0000  bf16_add_41_DW01_inc_1_DW01_inc_77
g_pair[3].a_odd/srl_60               6.4006      0.1     6.4006     0.0000  0.0000  bf16_add_41_DW_rash_1
g_pair[3].a_odd/sub_47               6.2257      0.1     6.2257     0.0000  0.0000  bf16_add_41_DW01_sub_5
g_pair[3].a_odd/sub_73               5.7883      0.1     5.7883     0.0000  0.0000  bf16_add_41_DW01_sub_4
g_pair[3].m_ac                      49.8490      0.7    14.1863     6.4444  0.0000  bf16_mult_36
g_pair[3].m_ac/add_2_root_add_50_aco    2.4203     0.0    2.4203    0.0000  0.0000  bf16_mult_36_DW01_add_2_DW01_add_248
g_pair[3].m_ac/add_67                2.0995      0.0     2.0995     0.0000  0.0000  bf16_mult_36_DW01_inc_0_DW01_inc_83
g_pair[3].m_ac/mult_36              24.6985      0.3    21.7388     0.0000  0.0000  bf16_mult_36_DW02_mult_0_DW02_mult_32
g_pair[3].m_ac/mult_36/FS_1          2.9597      0.0     2.9597     0.0000  0.0000  bf16_mult_36_DW01_add_1_DW01_add_208
g_pair[3].m_as                      49.8344      0.7    14.1572     6.4444  0.0000  bf16_mult_34
g_pair[3].m_as/add_2_root_add_50_aco    2.4349     0.0    2.4349    0.0000  0.0000  bf16_mult_34_DW01_add_2_DW01_add_251
g_pair[3].m_as/add_67                2.0995      0.0     2.0995     0.0000  0.0000  bf16_mult_34_DW01_inc_0_DW01_inc_81
g_pair[3].m_as/mult_36              24.6985      0.3    21.7242     0.0000  0.0000  bf16_mult_34_DW02_mult_0_DW02_mult_35
g_pair[3].m_as/mult_36/FS_1          2.9743      0.0     2.9743     0.0000  0.0000  bf16_mult_34_DW01_add_1_DW01_add_211
g_pair[3].m_bc                      49.5720      0.7    14.0114     6.4444  0.0000  bf16_mult_33
g_pair[3].m_bc/add_2_root_add_50_aco    2.4349     0.0    2.4349    0.0000  0.0000  bf16_mult_33_DW01_add_2_DW01_add_249
g_pair[3].m_bc/add_67                2.0995      0.0     2.0995     0.0000  0.0000  bf16_mult_33_DW01_inc_0_DW01_inc_80
g_pair[3].m_bc/mult_36              24.5819      0.3    21.5930     0.0000  0.0000  bf16_mult_33_DW02_mult_0_DW02_mult_33
g_pair[3].m_bc/mult_36/FS_1          2.9889      0.0     2.9889     0.0000  0.0000  bf16_mult_33_DW01_add_1_DW01_add_209
g_pair[3].m_nbs                     49.8928      0.7    14.2738     6.4444  0.0000  bf16_mult_35
g_pair[3].m_nbs/add_2_root_add_50_aco    2.4203     0.0    2.4203    0.0000 0.0000  bf16_mult_35_DW01_add_2_DW01_add_250
g_pair[3].m_nbs/add_67               2.0995      0.0     2.0995     0.0000  0.0000  bf16_mult_35_DW01_inc_0_DW01_inc_82
g_pair[3].m_nbs/mult_36             24.6548      0.3    21.6221     0.0000  0.0000  bf16_mult_35_DW02_mult_0_DW02_mult_34
g_pair[3].m_nbs/mult_36/FS_1         3.0326      0.0     3.0326     0.0000  0.0000  bf16_mult_35_DW01_add_1_DW01_add_210
g_pair[3].u_sc                     558.0349      7.6   131.7303    33.3590  0.0000  sincos_bf16_5
g_pair[3].u_sc/add_319               2.1433      0.0     2.1433     0.0000  0.0000  sincos_bf16_5_DW01_inc_16
g_pair[3].u_sc/add_321               2.1724      0.0     2.1724     0.0000  0.0000  sincos_bf16_5_DW01_inc_3
g_pair[3].u_sc/u_cdiff              80.2483      1.1    43.7837     6.4444  0.0000  bf16_add_19
g_pair[3].u_sc/u_cdiff/add_130       2.2016      0.0     2.2016     0.0000  0.0000  bf16_add_19_DW01_inc_3
g_pair[3].u_sc/u_cdiff/add_72_S2     6.3131      0.1     6.3131     0.0000  0.0000  bf16_add_19_DW01_add_2
g_pair[3].u_sc/u_cdiff/add_86        1.4434      0.0     1.4434     0.0000  0.0000  bf16_add_19_DW01_inc_1_DW01_inc_92
g_pair[3].u_sc/u_cdiff/srl_60        6.8963      0.1     6.8963     0.0000  0.0000  bf16_add_19_DW_rash_1
g_pair[3].u_sc/u_cdiff/sub_47        6.6047      0.1     6.6047     0.0000  0.0000  bf16_add_19_DW01_sub_9
g_pair[3].u_sc/u_cdiff/sub_73        6.5610      0.1     6.5610     0.0000  0.0000  bf16_add_19_DW01_sub_8
g_pair[3].u_sc/u_cterm              49.8490      0.7    14.2884     6.4444  0.0000  bf16_mult_9
g_pair[3].u_sc/u_cterm/add_2_root_add_50_aco    2.3911     0.0    2.3911    0.0000 0.0000 bf16_mult_9_DW01_add_2_DW01_add_212
g_pair[3].u_sc/u_cterm/add_67        2.0995      0.0     2.0995     0.0000  0.0000  bf16_mult_9_DW01_inc_0_DW01_inc_89
g_pair[3].u_sc/u_cterm/mult_36      24.6256      0.3    21.7971     0.0000  0.0000  bf16_mult_9_DW02_mult_0_DW02_mult_8
g_pair[3].u_sc/u_cterm/mult_36/FS_1    2.8285     0.0    2.8285     0.0000  0.0000  bf16_mult_9_DW01_add_1_DW01_add_176
g_pair[3].u_sc/u_cval               63.4813      0.9    32.9216     6.4444  0.0000  bf16_add_17
g_pair[3].u_sc/u_cval/add_130        2.0412      0.0     2.0412     0.0000  0.0000  bf16_add_17_DW01_inc_2
g_pair[3].u_sc/u_cval/add_72_S2      2.3328      0.0     2.3328     0.0000  0.0000  bf16_add_17_DW01_add_1_DW01_add_91
g_pair[3].u_sc/u_cval/add_86         1.4434      0.0     1.4434     0.0000  0.0000  bf16_add_17_DW01_inc_1_DW01_inc_86
g_pair[3].u_sc/u_cval/srl_60         6.3423      0.1     6.3423     0.0000  0.0000  bf16_add_17_DW_rash_1
g_pair[3].u_sc/u_cval/sub_47         6.1965      0.1     6.1965     0.0000  0.0000  bf16_add_17_DW01_sub_5
g_pair[3].u_sc/u_cval/sub_73         5.7591      0.1     5.7591     0.0000  0.0000  bf16_add_17_DW01_sub_4
g_pair[3].u_sc/u_sdiff              83.1060      1.1    45.4313     6.4444  0.0000  bf16_add_20
g_pair[3].u_sc/u_sdiff/add_130       2.2745      0.0     2.2745     0.0000  0.0000  bf16_add_20_DW01_inc_9
g_pair[3].u_sc/u_sdiff/add_72_S2     6.5464      0.1     6.5464     0.0000  0.0000  bf16_add_20_DW01_add_2
g_pair[3].u_sc/u_sdiff/add_86        1.4434      0.0     1.4434     0.0000  0.0000  bf16_add_20_DW01_inc_1_DW01_inc_94
g_pair[3].u_sc/u_sdiff/srl_60        6.6339      0.1     6.6339     0.0000  0.0000  bf16_add_20_DW_rash_7
g_pair[3].u_sc/u_sdiff/sub_47        6.7360      0.1     6.7360     0.0000  0.0000  bf16_add_20_DW01_sub_11
g_pair[3].u_sc/u_sdiff/sub_73        7.5962      0.1     7.5962     0.0000  0.0000  bf16_add_20_DW01_sub_18
g_pair[3].u_sc/u_sterm              49.4554      0.7    13.9676     6.4444  0.0000  bf16_mult_10
g_pair[3].u_sc/u_sterm/add_2_root_add_50_aco    2.4349     0.0    2.4349    0.0000 0.0000 bf16_mult_10_DW01_add_2_DW01_add_213
g_pair[3].u_sc/u_sterm/add_67        2.0995      0.0     2.0995     0.0000  0.0000  bf16_mult_10_DW01_inc_0_DW01_inc_90
g_pair[3].u_sc/u_sterm/mult_36      24.5090      0.3    21.5347     0.0000  0.0000  bf16_mult_10_DW02_mult_0_DW02_mult_9
g_pair[3].u_sc/u_sterm/mult_36/FS_1    2.9743     0.0    2.9743     0.0000  0.0000  bf16_mult_10_DW01_add_1_DW01_add_177
g_pair[3].u_sc/u_sval               62.4899      0.8    31.7261     6.4444  0.0000  bf16_add_18
g_pair[3].u_sc/u_sval/add_130        2.2599      0.0     2.2599     0.0000  0.0000  bf16_add_18_DW01_inc_2
g_pair[3].u_sc/u_sval/add_72_S2      2.3620      0.0     2.3620     0.0000  0.0000  bf16_add_18_DW01_add_1_DW01_add_93
g_pair[3].u_sc/u_sval/add_86         1.4434      0.0     1.4434     0.0000  0.0000  bf16_add_18_DW01_inc_1_DW01_inc_88
g_pair[3].u_sc/u_sval/srl_60         6.4298      0.1     6.4298     0.0000  0.0000  bf16_add_18_DW_rash_1
g_pair[3].u_sc/u_sval/sub_47         6.0653      0.1     6.0653     0.0000  0.0000  bf16_add_18_DW01_sub_5
g_pair[3].u_sc/u_sval/sub_73         5.7591      0.1     5.7591     0.0000  0.0000  bf16_add_18_DW01_sub_4
g_pair[4].a_even                    62.4607      0.8    31.3033     6.4444  0.0000  bf16_add_40
g_pair[4].a_even/add_130             2.1287      0.0     2.1287     0.0000  0.0000  bf16_add_40_DW01_inc_2
g_pair[4].a_even/add_72_S2           2.4203      0.0     2.4203     0.0000  0.0000  bf16_add_40_DW01_add_1_DW01_add_63
g_pair[4].a_even/add_86              1.4434      0.0     1.4434     0.0000  0.0000  bf16_add_40_DW01_inc_1_DW01_inc_60
g_pair[4].a_even/srl_60              6.4589      0.1     6.4589     0.0000  0.0000  bf16_add_40_DW_rash_1
g_pair[4].a_even/sub_47              6.4735      0.1     6.4735     0.0000  0.0000  bf16_add_40_DW01_sub_5
g_pair[4].a_even/sub_73              5.7883      0.1     5.7883     0.0000  0.0000  bf16_add_40_DW01_sub_4
g_pair[4].a_odd                     62.3003      0.8    31.5074     6.4444  0.0000  bf16_add_39
g_pair[4].a_odd/add_130              2.0849      0.0     2.0849     0.0000  0.0000  bf16_add_39_DW01_inc_2
g_pair[4].a_odd/add_72_S2            2.4057      0.0     2.4057     0.0000  0.0000  bf16_add_39_DW01_add_1_DW01_add_61
g_pair[4].a_odd/add_86               1.4434      0.0     1.4434     0.0000  0.0000  bf16_add_39_DW01_inc_1_DW01_inc_58
g_pair[4].a_odd/srl_60               6.4006      0.1     6.4006     0.0000  0.0000  bf16_add_39_DW_rash_1
g_pair[4].a_odd/sub_47               6.2257      0.1     6.2257     0.0000  0.0000  bf16_add_39_DW01_sub_5
g_pair[4].a_odd/sub_73               5.7883      0.1     5.7883     0.0000  0.0000  bf16_add_39_DW01_sub_4
g_pair[4].m_ac                      49.6449      0.7    14.0114     6.4444  0.0000  bf16_mult_32
g_pair[4].m_ac/add_2_root_add_50_aco    2.4057     0.0    2.4057    0.0000  0.0000  bf16_mult_32_DW01_add_2_DW01_add_244
g_pair[4].m_ac/add_67                2.0995      0.0     2.0995     0.0000  0.0000  bf16_mult_32_DW01_inc_0_DW01_inc_64
g_pair[4].m_ac/mult_36              24.6839      0.3    21.6659     0.0000  0.0000  bf16_mult_32_DW02_mult_0_DW02_mult_28
g_pair[4].m_ac/mult_36/FS_1          3.0181      0.0     3.0181     0.0000  0.0000  bf16_mult_32_DW01_add_1_DW01_add_202
g_pair[4].m_as                      49.0325      0.7    13.5886     6.4444  0.0000  bf16_mult_30
g_pair[4].m_as/add_2_root_add_50_aco    2.4203     0.0    2.4203    0.0000  0.0000  bf16_mult_30_DW01_add_2_DW01_add_247
g_pair[4].m_as/add_67                2.0995      0.0     2.0995     0.0000  0.0000  bf16_mult_30_DW01_inc_0_DW01_inc_62
g_pair[4].m_as/mult_36              24.4798      0.3    21.5347     0.0000  0.0000  bf16_mult_30_DW02_mult_0_DW02_mult_31
g_pair[4].m_as/mult_36/FS_1          2.9452      0.0     2.9452     0.0000  0.0000  bf16_mult_30_DW01_add_1_DW01_add_205
g_pair[4].m_bc                      49.6303      0.7    13.8656     6.4444  0.0000  bf16_mult_29
g_pair[4].m_bc/add_2_root_add_50_aco    2.4203     0.0    2.4203    0.0000  0.0000  bf16_mult_29_DW01_add_2_DW01_add_245
g_pair[4].m_bc/add_67                2.0995      0.0     2.0995     0.0000  0.0000  bf16_mult_29_DW01_inc_0_DW01_inc_61
g_pair[4].m_bc/mult_36              24.8006      0.3    21.8117     0.0000  0.0000  bf16_mult_29_DW02_mult_0_DW02_mult_29
g_pair[4].m_bc/mult_36/FS_1          2.9889      0.0     2.9889     0.0000  0.0000  bf16_mult_29_DW01_add_1_DW01_add_203
g_pair[4].m_nbs                     49.5428      0.7    14.0114     6.4444  0.0000  bf16_mult_31
g_pair[4].m_nbs/add_2_root_add_50_aco    2.4349     0.0    2.4349    0.0000 0.0000  bf16_mult_31_DW01_add_2_DW01_add_246
g_pair[4].m_nbs/add_67               2.0995      0.0     2.0995     0.0000  0.0000  bf16_mult_31_DW01_inc_0_DW01_inc_63
g_pair[4].m_nbs/mult_36             24.5527      0.3    21.5201     0.0000  0.0000  bf16_mult_31_DW02_mult_0_DW02_mult_30
g_pair[4].m_nbs/mult_36/FS_1         3.0326      0.0     3.0326     0.0000  0.0000  bf16_mult_31_DW01_add_1_DW01_add_204
g_pair[4].u_sc                     558.7785      7.6   132.6780    33.3590  0.0000  sincos_bf16_4
g_pair[4].u_sc/add_319               2.4349      0.0     2.4349     0.0000  0.0000  sincos_bf16_4_DW01_inc_16
g_pair[4].u_sc/add_321               2.2745      0.0     2.2745     0.0000  0.0000  sincos_bf16_4_DW01_inc_3
g_pair[4].u_sc/u_cdiff              80.7295      1.1    44.0170     6.4444  0.0000  bf16_add_15
g_pair[4].u_sc/u_cdiff/add_130       2.3911      0.0     2.3911     0.0000  0.0000  bf16_add_15_DW01_inc_3
g_pair[4].u_sc/u_cdiff/add_72_S2     6.3860      0.1     6.3860     0.0000  0.0000  bf16_add_15_DW01_add_2
g_pair[4].u_sc/u_cdiff/add_86        1.4434      0.0     1.4434     0.0000  0.0000  bf16_add_15_DW01_inc_1_DW01_inc_73
g_pair[4].u_sc/u_cdiff/srl_60        6.6193      0.1     6.6193     0.0000  0.0000  bf16_add_15_DW_rash_1
g_pair[4].u_sc/u_cdiff/sub_47        6.7797      0.1     6.7797     0.0000  0.0000  bf16_add_15_DW01_sub_9
g_pair[4].u_sc/u_cdiff/sub_73        6.6485      0.1     6.6485     0.0000  0.0000  bf16_add_15_DW01_sub_8
g_pair[4].u_sc/u_cterm              49.4699      0.7    14.1134     6.4444  0.0000  bf16_mult_7
g_pair[4].u_sc/u_cterm/add_2_root_add_50_aco    2.4203     0.0    2.4203    0.0000 0.0000 bf16_mult_7_DW01_add_2_DW01_add_206
g_pair[4].u_sc/u_cterm/add_67        2.0995      0.0     2.0995     0.0000  0.0000  bf16_mult_7_DW01_inc_0_DW01_inc_70
g_pair[4].u_sc/u_cterm/mult_36      24.3923      0.3    21.5055     0.0000  0.0000  bf16_mult_7_DW02_mult_0_DW02_mult_6
g_pair[4].u_sc/u_cterm/mult_36/FS_1    2.8868     0.0    2.8868     0.0000  0.0000  bf16_mult_7_DW01_add_1_DW01_add_174
g_pair[4].u_sc/u_cval               63.0439      0.9    32.3384     6.4444  0.0000  bf16_add_13
g_pair[4].u_sc/u_cval/add_130        2.0995      0.0     2.0995     0.0000  0.0000  bf16_add_13_DW01_inc_2
g_pair[4].u_sc/u_cval/add_72_S2      2.3036      0.0     2.3036     0.0000  0.0000  bf16_add_13_DW01_add_1_DW01_add_71
g_pair[4].u_sc/u_cval/add_86         1.4434      0.0     1.4434     0.0000  0.0000  bf16_add_13_DW01_inc_1_DW01_inc_67
g_pair[4].u_sc/u_cval/srl_60         6.5318      0.1     6.5318     0.0000  0.0000  bf16_add_13_DW_rash_1
g_pair[4].u_sc/u_cval/sub_47         6.0944      0.1     6.0944     0.0000  0.0000  bf16_add_13_DW01_sub_5
g_pair[4].u_sc/u_cval/sub_73         5.7883      0.1     5.7883     0.0000  0.0000  bf16_add_13_DW01_sub_4
g_pair[4].u_sc/u_sdiff              83.2081      1.1    46.0874     6.4444  0.0000  bf16_add_16
g_pair[4].u_sc/u_sdiff/add_130       2.1578      0.0     2.1578     0.0000  0.0000  bf16_add_16_DW01_inc_9
g_pair[4].u_sc/u_sdiff/add_72_S2     6.5902      0.1     6.5902     0.0000  0.0000  bf16_add_16_DW01_add_2
g_pair[4].u_sc/u_sdiff/add_86        1.4434      0.0     1.4434     0.0000  0.0000  bf16_add_16_DW01_inc_1_DW01_inc_75
g_pair[4].u_sc/u_sdiff/srl_60        6.6922      0.1     6.6922     0.0000  0.0000  bf16_add_16_DW_rash_7
g_pair[4].u_sc/u_sdiff/sub_47        6.6339      0.1     6.6339     0.0000  0.0000  bf16_add_16_DW01_sub_11
g_pair[4].u_sc/u_sdiff/sub_73        7.1588      0.1     7.1588     0.0000  0.0000  bf16_add_16_DW01_sub_18
g_pair[4].u_sc/u_sterm              49.4554      0.7    13.9676     6.4444  0.0000  bf16_mult_8
g_pair[4].u_sc/u_sterm/add_2_root_add_50_aco    2.4349     0.0    2.4349    0.0000 0.0000 bf16_mult_8_DW01_add_2_DW01_add_207
g_pair[4].u_sc/u_sterm/add_67        2.0995      0.0     2.0995     0.0000  0.0000  bf16_mult_8_DW01_inc_0_DW01_inc_71
g_pair[4].u_sc/u_sterm/mult_36      24.5090      0.3    21.5347     0.0000  0.0000  bf16_mult_8_DW02_mult_0_DW02_mult_7
g_pair[4].u_sc/u_sterm/mult_36/FS_1    2.9743     0.0    2.9743     0.0000  0.0000  bf16_mult_8_DW01_add_1_DW01_add_175
g_pair[4].u_sc/u_sval               62.1254      0.8    31.4782     6.4444  0.0000  bf16_add_14
g_pair[4].u_sc/u_sval/add_130        2.2162      0.0     2.2162     0.0000  0.0000  bf16_add_14_DW01_inc_2
g_pair[4].u_sc/u_sval/add_72_S2      2.3036      0.0     2.3036     0.0000  0.0000  bf16_add_14_DW01_add_1_DW01_add_73
g_pair[4].u_sc/u_sval/add_86         1.4434      0.0     1.4434     0.0000  0.0000  bf16_add_14_DW01_inc_1_DW01_inc_69
g_pair[4].u_sc/u_sval/srl_60         6.2986      0.1     6.2986     0.0000  0.0000  bf16_add_14_DW_rash_1
g_pair[4].u_sc/u_sval/sub_47         6.1528      0.1     6.1528     0.0000  0.0000  bf16_add_14_DW01_sub_5
g_pair[4].u_sc/u_sval/sub_73         5.7883      0.1     5.7883     0.0000  0.0000  bf16_add_14_DW01_sub_4
g_pair[5].a_even                    62.1983      0.8    31.4636     6.4444  0.0000  bf16_add_38
g_pair[5].a_even/add_130             2.0995      0.0     2.0995     0.0000  0.0000  bf16_add_38_DW01_inc_2
g_pair[5].a_even/add_72_S2           2.4057      0.0     2.4057     0.0000  0.0000  bf16_add_38_DW01_add_1_DW01_add_43
g_pair[5].a_even/add_86              1.4434      0.0     1.4434     0.0000  0.0000  bf16_add_38_DW01_inc_1_DW01_inc_41
g_pair[5].a_even/srl_60              6.3715      0.1     6.3715     0.0000  0.0000  bf16_add_38_DW_rash_1
g_pair[5].a_even/sub_47              6.2111      0.1     6.2111     0.0000  0.0000  bf16_add_38_DW01_sub_5
g_pair[5].a_even/sub_73              5.7591      0.1     5.7591     0.0000  0.0000  bf16_add_38_DW01_sub_4
g_pair[5].a_odd                     62.3441      0.8    31.5511     6.4444  0.0000  bf16_add_37
g_pair[5].a_odd/add_130              2.0849      0.0     2.0849     0.0000  0.0000  bf16_add_37_DW01_inc_2
g_pair[5].a_odd/add_72_S2            2.4057      0.0     2.4057     0.0000  0.0000  bf16_add_37_DW01_add_1_DW01_add_41
g_pair[5].a_odd/add_86               1.4434      0.0     1.4434     0.0000  0.0000  bf16_add_37_DW01_inc_1_DW01_inc_39
g_pair[5].a_odd/srl_60               6.4006      0.1     6.4006     0.0000  0.0000  bf16_add_37_DW_rash_1
g_pair[5].a_odd/sub_47               6.2257      0.1     6.2257     0.0000  0.0000  bf16_add_37_DW01_sub_5
g_pair[5].a_odd/sub_73               5.7883      0.1     5.7883     0.0000  0.0000  bf16_add_37_DW01_sub_4
g_pair[5].m_ac                      49.7470      0.7    14.1863     6.4444  0.0000  bf16_mult_28
g_pair[5].m_ac/add_2_root_add_50_aco    2.4349     0.0    2.4349    0.0000  0.0000  bf16_mult_28_DW01_add_2_DW01_add_240
g_pair[5].m_ac/add_67                2.0995      0.0     2.0995     0.0000  0.0000  bf16_mult_28_DW01_inc_0_DW01_inc_45
g_pair[5].m_ac/mult_36              24.5819      0.3    21.6659     0.0000  0.0000  bf16_mult_28_DW02_mult_0_DW02_mult_24
g_pair[5].m_ac/mult_36/FS_1          2.9160      0.0     2.9160     0.0000  0.0000  bf16_mult_28_DW01_add_1_DW01_add_196
g_pair[5].m_as                      50.0386      0.7    14.3467     6.4444  0.0000  bf16_mult_26
g_pair[5].m_as/add_2_root_add_50_aco    2.3911     0.0    2.3911    0.0000  0.0000  bf16_mult_26_DW01_add_2_DW01_add_243
g_pair[5].m_as/add_67                2.0995      0.0     2.0995     0.0000  0.0000  bf16_mult_26_DW01_inc_0_DW01_inc_43
g_pair[5].m_as/mult_36              24.7568      0.3    21.6367     0.0000  0.0000  bf16_mult_26_DW02_mult_0_DW02_mult_27
g_pair[5].m_as/mult_36/FS_1          3.1201      0.0     3.1201     0.0000  0.0000  bf16_mult_26_DW01_add_1_DW01_add_199
g_pair[5].m_bc                      49.7470      0.7    14.0843     6.4444  0.0000  bf16_mult_25
g_pair[5].m_bc/add_2_root_add_50_aco    2.4203     0.0    2.4203    0.0000  0.0000  bf16_mult_25_DW01_add_2_DW01_add_241
g_pair[5].m_bc/add_67                2.0995      0.0     2.0995     0.0000  0.0000  bf16_mult_25_DW01_inc_0_DW01_inc_42
g_pair[5].m_bc/mult_36              24.6985      0.3    21.7388     0.0000  0.0000  bf16_mult_25_DW02_mult_0_DW02_mult_25
g_pair[5].m_bc/mult_36/FS_1          2.9597      0.0     2.9597     0.0000  0.0000  bf16_mult_25_DW01_add_1_DW01_add_197
g_pair[5].m_nbs                     49.2950      0.7    13.6906     6.4444  0.0000  bf16_mult_27
g_pair[5].m_nbs/add_2_root_add_50_aco    2.4349     0.0    2.4349    0.0000 0.0000  bf16_mult_27_DW01_add_2_DW01_add_242
g_pair[5].m_nbs/add_67               2.0995      0.0     2.0995     0.0000  0.0000  bf16_mult_27_DW01_inc_0_DW01_inc_44
g_pair[5].m_nbs/mult_36             24.6256      0.3    21.5784     0.0000  0.0000  bf16_mult_27_DW02_mult_0_DW02_mult_26
g_pair[5].m_nbs/mult_36/FS_1         3.0472      0.0     3.0472     0.0000  0.0000  bf16_mult_27_DW01_add_1_DW01_add_198
g_pair[5].u_sc                     557.8308      7.6   133.7132    33.3590  0.0000  sincos_bf16_3
g_pair[5].u_sc/add_319               2.1287      0.0     2.1287     0.0000  0.0000  sincos_bf16_3_DW01_inc_16
g_pair[5].u_sc/add_321               2.2599      0.0     2.2599     0.0000  0.0000  sincos_bf16_3_DW01_inc_3
g_pair[5].u_sc/u_cdiff              80.0588      1.1    43.1276     6.4444  0.0000  bf16_add_11
g_pair[5].u_sc/u_cdiff/add_130       2.0995      0.0     2.0995     0.0000  0.0000  bf16_add_11_DW01_inc_3
g_pair[5].u_sc/u_cdiff/add_72_S2     6.1819      0.1     6.1819     0.0000  0.0000  bf16_add_11_DW01_add_2
g_pair[5].u_sc/u_cdiff/add_86        1.4434      0.0     1.4434     0.0000  0.0000  bf16_add_11_DW01_inc_1_DW01_inc_54
g_pair[5].u_sc/u_cdiff/srl_60        7.1005      0.1     7.1005     0.0000  0.0000  bf16_add_11_DW_rash_1
g_pair[5].u_sc/u_cdiff/sub_47        7.0859      0.1     7.0859     0.0000  0.0000  bf16_add_11_DW01_sub_9
g_pair[5].u_sc/u_cdiff/sub_73        6.5756      0.1     6.5756     0.0000  0.0000  bf16_add_11_DW01_sub_8
g_pair[5].u_sc/u_cterm              49.6741      0.7    14.1863     6.4444  0.0000  bf16_mult_5
g_pair[5].u_sc/u_cterm/add_2_root_add_50_aco    2.4203     0.0    2.4203    0.0000 0.0000 bf16_mult_5_DW01_add_2_DW01_add_200
g_pair[5].u_sc/u_cterm/add_67        2.0995      0.0     2.0995     0.0000  0.0000  bf16_mult_5_DW01_inc_0_DW01_inc_51
g_pair[5].u_sc/u_cterm/mult_36      24.5236      0.3    21.6659     0.0000  0.0000  bf16_mult_5_DW02_mult_0_DW02_mult_4
g_pair[5].u_sc/u_cterm/mult_36/FS_1    2.8577     0.0    2.8577     0.0000  0.0000  bf16_mult_5_DW01_add_1_DW01_add_172
g_pair[5].u_sc/u_cval               61.9504      0.8    31.3616     6.4444  0.0000  bf16_add_9
g_pair[5].u_sc/u_cval/add_130        2.0412      0.0     2.0412     0.0000  0.0000  bf16_add_9_DW01_inc_2
g_pair[5].u_sc/u_cval/add_72_S2      2.3765      0.0     2.3765     0.0000  0.0000  bf16_add_9_DW01_add_1_DW01_add_51
g_pair[5].u_sc/u_cval/add_86         1.4434      0.0     1.4434     0.0000  0.0000  bf16_add_9_DW01_inc_1_DW01_inc_48
g_pair[5].u_sc/u_cval/srl_60         6.3860      0.1     6.3860     0.0000  0.0000  bf16_add_9_DW_rash_1
g_pair[5].u_sc/u_cval/sub_47         6.1382      0.1     6.1382     0.0000  0.0000  bf16_add_9_DW01_sub_5
g_pair[5].u_sc/u_cval/sub_73         5.7591      0.1     5.7591     0.0000  0.0000  bf16_add_9_DW01_sub_4
g_pair[5].u_sc/u_sdiff              83.1935      1.1    45.7083     6.4444  0.0000  bf16_add_12
g_pair[5].u_sc/u_sdiff/add_130       2.3036      0.0     2.3036     0.0000  0.0000  bf16_add_12_DW01_inc_9
g_pair[5].u_sc/u_sdiff/add_72_S2     6.6047      0.1     6.6047     0.0000  0.0000  bf16_add_12_DW01_add_2
g_pair[5].u_sc/u_sdiff/add_86        1.4434      0.0     1.4434     0.0000  0.0000  bf16_add_12_DW01_inc_1_DW01_inc_56
g_pair[5].u_sc/u_sdiff/srl_60        6.7651      0.1     6.7651     0.0000  0.0000  bf16_add_12_DW_rash_7
g_pair[5].u_sc/u_sdiff/sub_47        6.8234      0.1     6.8234     0.0000  0.0000  bf16_add_12_DW01_sub_11
g_pair[5].u_sc/u_sdiff/sub_73        7.1005      0.1     7.1005     0.0000  0.0000  bf16_add_12_DW01_sub_18
g_pair[5].u_sc/u_sterm              49.4554      0.7    13.9676     6.4444  0.0000  bf16_mult_6
g_pair[5].u_sc/u_sterm/add_2_root_add_50_aco    2.4349     0.0    2.4349    0.0000 0.0000 bf16_mult_6_DW01_add_2_DW01_add_201
g_pair[5].u_sc/u_sterm/add_67        2.0995      0.0     2.0995     0.0000  0.0000  bf16_mult_6_DW01_inc_0_DW01_inc_52
g_pair[5].u_sc/u_sterm/mult_36      24.5090      0.3    21.5347     0.0000  0.0000  bf16_mult_6_DW02_mult_0_DW02_mult_5
g_pair[5].u_sc/u_sterm/mult_36/FS_1    2.9743     0.0    2.9743     0.0000  0.0000  bf16_mult_6_DW01_add_1_DW01_add_173
g_pair[5].u_sc/u_sval               62.0379      0.8    31.1866     6.4444  0.0000  bf16_add_10
g_pair[5].u_sc/u_sval/add_130        2.0849      0.0     2.0849     0.0000  0.0000  bf16_add_10_DW01_inc_2
g_pair[5].u_sc/u_sval/add_72_S2      2.4640      0.0     2.4640     0.0000  0.0000  bf16_add_10_DW01_add_1_DW01_add_53
g_pair[5].u_sc/u_sval/add_86         1.4434      0.0     1.4434     0.0000  0.0000  bf16_add_10_DW01_inc_1_DW01_inc_50
g_pair[5].u_sc/u_sval/srl_60         6.3277      0.1     6.3277     0.0000  0.0000  bf16_add_10_DW_rash_1
g_pair[5].u_sc/u_sval/sub_47         6.2986      0.1     6.2986     0.0000  0.0000  bf16_add_10_DW01_sub_5
g_pair[5].u_sc/u_sval/sub_73         5.7883      0.1     5.7883     0.0000  0.0000  bf16_add_10_DW01_sub_4
g_pair[6].a_even                    62.4461      0.8    31.5074     6.4444  0.0000  bf16_add_36
g_pair[6].a_even/add_130             2.1433      0.0     2.1433     0.0000  0.0000  bf16_add_36_DW01_inc_2
g_pair[6].a_even/add_72_S2           2.4203      0.0     2.4203     0.0000  0.0000  bf16_add_36_DW01_add_1_DW01_add_23
g_pair[6].a_even/add_86              1.4434      0.0     1.4434     0.0000  0.0000  bf16_add_36_DW01_inc_1_DW01_inc_22
g_pair[6].a_even/srl_60              6.3423      0.1     6.3423     0.0000  0.0000  bf16_add_36_DW_rash_1
g_pair[6].a_even/sub_47              6.3569      0.1     6.3569     0.0000  0.0000  bf16_add_36_DW01_sub_5
g_pair[6].a_even/sub_73              5.7883      0.1     5.7883     0.0000  0.0000  bf16_add_36_DW01_sub_4
g_pair[6].a_odd                     62.3441      0.8    31.5511     6.4444  0.0000  bf16_add_35
g_pair[6].a_odd/add_130              2.0849      0.0     2.0849     0.0000  0.0000  bf16_add_35_DW01_inc_2
g_pair[6].a_odd/add_72_S2            2.4057      0.0     2.4057     0.0000  0.0000  bf16_add_35_DW01_add_1_DW01_add_21
g_pair[6].a_odd/add_86               1.4434      0.0     1.4434     0.0000  0.0000  bf16_add_35_DW01_inc_1_DW01_inc_20
g_pair[6].a_odd/srl_60               6.4006      0.1     6.4006     0.0000  0.0000  bf16_add_35_DW_rash_1
g_pair[6].a_odd/sub_47               6.2257      0.1     6.2257     0.0000  0.0000  bf16_add_35_DW01_sub_5
g_pair[6].a_odd/sub_73               5.7883      0.1     5.7883     0.0000  0.0000  bf16_add_35_DW01_sub_4
g_pair[6].m_ac                      49.4991      0.7    13.8510     6.4444  0.0000  bf16_mult_24
g_pair[6].m_ac/add_2_root_add_50_aco    2.4349     0.0    2.4349    0.0000  0.0000  bf16_mult_24_DW01_add_2_DW01_add_236
g_pair[6].m_ac/add_67                2.0995      0.0     2.0995     0.0000  0.0000  bf16_mult_24_DW01_inc_0_DW01_inc_26
g_pair[6].m_ac/mult_36              24.6694      0.3    21.7242     0.0000  0.0000  bf16_mult_24_DW02_mult_0_DW02_mult_20
g_pair[6].m_ac/mult_36/FS_1          2.9452      0.0     2.9452     0.0000  0.0000  bf16_mult_24_DW01_add_1_DW01_add_190
g_pair[6].m_as                      49.5866      0.7    14.0260     6.4444  0.0000  bf16_mult_22
g_pair[6].m_as/add_2_root_add_50_aco    2.4203     0.0    2.4203    0.0000  0.0000  bf16_mult_22_DW01_add_2_DW01_add_239
g_pair[6].m_as/add_67                2.0995      0.0     2.0995     0.0000  0.0000  bf16_mult_22_DW01_inc_0_DW01_inc_24
g_pair[6].m_as/mult_36              24.5965      0.3    21.5492     0.0000  0.0000  bf16_mult_22_DW02_mult_0_DW02_mult_23
g_pair[6].m_as/mult_36/FS_1          3.0472      0.0     3.0472     0.0000  0.0000  bf16_mult_22_DW01_add_1_DW01_add_193
g_pair[6].m_bc                      49.8490      0.7    14.1863     6.4444  0.0000  bf16_mult_21
g_pair[6].m_bc/add_2_root_add_50_aco    2.4203     0.0    2.4203    0.0000  0.0000  bf16_mult_21_DW01_add_2_DW01_add_237
g_pair[6].m_bc/add_67                2.0995      0.0     2.0995     0.0000  0.0000  bf16_mult_21_DW01_inc_0_DW01_inc_23
g_pair[6].m_bc/mult_36              24.6985      0.3    21.7388     0.0000  0.0000  bf16_mult_21_DW02_mult_0_DW02_mult_21
g_pair[6].m_bc/mult_36/FS_1          2.9597      0.0     2.9597     0.0000  0.0000  bf16_mult_21_DW01_add_1_DW01_add_191
g_pair[6].m_nbs                     49.4116      0.7    13.9968     6.4444  0.0000  bf16_mult_23
g_pair[6].m_nbs/add_2_root_add_50_aco    2.4349     0.0    2.4349    0.0000 0.0000  bf16_mult_23_DW01_add_2_DW01_add_238
g_pair[6].m_nbs/add_67               2.0995      0.0     2.0995     0.0000  0.0000  bf16_mult_23_DW01_inc_0_DW01_inc_25
g_pair[6].m_nbs/mult_36             24.4361      0.3    21.5201     0.0000  0.0000  bf16_mult_23_DW02_mult_0_DW02_mult_22
g_pair[6].m_nbs/mult_36/FS_1         2.9160      0.0     2.9160     0.0000  0.0000  bf16_mult_23_DW01_add_1_DW01_add_192
g_pair[6].u_sc                     556.9997      7.6   131.4533    33.3590  0.0000  sincos_bf16_2
g_pair[6].u_sc/add_319               2.4932      0.0     2.4932     0.0000  0.0000  sincos_bf16_2_DW01_inc_16
g_pair[6].u_sc/add_321               2.4786      0.0     2.4786     0.0000  0.0000  sincos_bf16_2_DW01_inc_3
g_pair[6].u_sc/u_cdiff              80.1608      1.1    43.6671     6.4444  0.0000  bf16_add_7
g_pair[6].u_sc/u_cdiff/add_130       2.3036      0.0     2.3036     0.0000  0.0000  bf16_add_7_DW01_inc_3
g_pair[6].u_sc/u_cdiff/add_72_S2     6.3277      0.1     6.3277     0.0000  0.0000  bf16_add_7_DW01_add_2
g_pair[6].u_sc/u_cdiff/add_86        1.4434      0.0     1.4434     0.0000  0.0000  bf16_add_7_DW01_inc_1_DW01_inc_35
g_pair[6].u_sc/u_cdiff/srl_60        7.0130      0.1     7.0130     0.0000  0.0000  bf16_add_7_DW_rash_1
g_pair[6].u_sc/u_cdiff/sub_47        6.4881      0.1     6.4881     0.0000  0.0000  bf16_add_7_DW01_sub_9
g_pair[6].u_sc/u_cdiff/sub_73        6.4735      0.1     6.4735     0.0000  0.0000  bf16_add_7_DW01_sub_8
g_pair[6].u_sc/u_cterm              49.7032      0.7    14.2301     6.4444  0.0000  bf16_mult_3
g_pair[6].u_sc/u_cterm/add_2_root_add_50_aco    2.4203     0.0    2.4203    0.0000 0.0000 bf16_mult_3_DW01_add_2_DW01_add_194
g_pair[6].u_sc/u_cterm/add_67        2.0995      0.0     2.0995     0.0000  0.0000  bf16_mult_3_DW01_inc_0_DW01_inc_32
g_pair[6].u_sc/u_cterm/mult_36      24.5090      0.3    21.6950     0.0000  0.0000  bf16_mult_3_DW02_mult_0_DW02_mult_2
g_pair[6].u_sc/u_cterm/mult_36/FS_1    2.8139     0.0    2.8139     0.0000  0.0000  bf16_mult_3_DW01_add_1_DW01_add_170
g_pair[6].u_sc/u_cval               62.3149      0.8    31.5657     6.4444  0.0000  bf16_add_5
g_pair[6].u_sc/u_cval/add_130        2.0704      0.0     2.0704     0.0000  0.0000  bf16_add_5_DW01_inc_2
g_pair[6].u_sc/u_cval/add_72_S2      2.4057      0.0     2.4057     0.0000  0.0000  bf16_add_5_DW01_add_1_DW01_add_31
g_pair[6].u_sc/u_cval/add_86         1.4434      0.0     1.4434     0.0000  0.0000  bf16_add_5_DW01_inc_1_DW01_inc_29
g_pair[6].u_sc/u_cval/srl_60         6.3860      0.1     6.3860     0.0000  0.0000  bf16_add_5_DW_rash_1
g_pair[6].u_sc/u_cval/sub_47         6.2402      0.1     6.2402     0.0000  0.0000  bf16_add_5_DW01_sub_5
g_pair[6].u_sc/u_cval/sub_73         5.7591      0.1     5.7591     0.0000  0.0000  bf16_add_5_DW01_sub_4
g_pair[6].u_sc/u_sdiff              83.6017      1.1    46.3790     6.4444  0.0000  bf16_add_8
g_pair[6].u_sc/u_sdiff/add_130       2.2307      0.0     2.2307     0.0000  0.0000  bf16_add_8_DW01_inc_9
g_pair[6].u_sc/u_sdiff/add_72_S2     6.4589      0.1     6.4589     0.0000  0.0000  bf16_add_8_DW01_add_2
g_pair[6].u_sc/u_sdiff/add_86        1.4434      0.0     1.4434     0.0000  0.0000  bf16_add_8_DW01_inc_1_DW01_inc_37
g_pair[6].u_sc/u_sdiff/srl_60        6.8818      0.1     6.8818     0.0000  0.0000  bf16_add_8_DW_rash_7
g_pair[6].u_sc/u_sdiff/sub_47        6.3860      0.1     6.3860     0.0000  0.0000  bf16_add_8_DW01_sub_11
g_pair[6].u_sc/u_sdiff/sub_73        7.3775      0.1     7.3775     0.0000  0.0000  bf16_add_8_DW01_sub_18
g_pair[6].u_sc/u_sterm              49.6595      0.7    14.1280     6.4444  0.0000  bf16_mult_4
g_pair[6].u_sc/u_sterm/add_2_root_add_50_aco    2.3911     0.0    2.3911    0.0000 0.0000 bf16_mult_4_DW01_add_2_DW01_add_195
g_pair[6].u_sc/u_sterm/add_67        2.0995      0.0     2.0995     0.0000  0.0000  bf16_mult_4_DW01_inc_0_DW01_inc_33
g_pair[6].u_sc/u_sterm/mult_36      24.5965      0.3    21.7679     0.0000  0.0000  bf16_mult_4_DW02_mult_0_DW02_mult_3
g_pair[6].u_sc/u_sterm/mult_36/FS_1    2.8285     0.0    2.8285     0.0000  0.0000  bf16_mult_4_DW01_add_1_DW01_add_171
g_pair[6].u_sc/u_sval               61.7755      0.8    31.2595     6.4444  0.0000  bf16_add_6
g_pair[6].u_sc/u_sval/add_130        2.0120      0.0     2.0120     0.0000  0.0000  bf16_add_6_DW01_inc_2
g_pair[6].u_sc/u_sval/add_72_S2      2.3911      0.0     2.3911     0.0000  0.0000  bf16_add_6_DW01_add_1_DW01_add_33
g_pair[6].u_sc/u_sval/add_86         1.4434      0.0     1.4434     0.0000  0.0000  bf16_add_6_DW01_inc_1_DW01_inc_31
g_pair[6].u_sc/u_sval/srl_60         6.5464      0.1     6.5464     0.0000  0.0000  bf16_add_6_DW_rash_1
g_pair[6].u_sc/u_sval/sub_47         5.9778      0.1     5.9778     0.0000  0.0000  bf16_add_6_DW01_sub_5
g_pair[6].u_sc/u_sval/sub_73         5.7008      0.1     5.7008     0.0000  0.0000  bf16_add_6_DW01_sub_4
g_pair[7].a_even                    62.6211      0.8    31.9302     6.4444  0.0000  bf16_add_34
g_pair[7].a_even/add_130             2.1287      0.0     2.1287     0.0000  0.0000  bf16_add_34_DW01_inc_2
g_pair[7].a_even/add_72_S2           2.4349      0.0     2.4349     0.0000  0.0000  bf16_add_34_DW01_add_1_DW01_add_3
g_pair[7].a_even/add_86              1.4434      0.0     1.4434     0.0000  0.0000  bf16_add_34_DW01_inc_1_DW01_inc_3
g_pair[7].a_even/srl_60              6.3131      0.1     6.3131     0.0000  0.0000  bf16_add_34_DW_rash_1
g_pair[7].a_even/sub_47              6.1382      0.1     6.1382     0.0000  0.0000  bf16_add_34_DW01_sub_5
g_pair[7].a_even/sub_73              5.7883      0.1     5.7883     0.0000  0.0000  bf16_add_34_DW01_sub_4
g_pair[7].a_odd                     62.2566      0.8    31.4636     6.4444  0.0000  bf16_add_33
g_pair[7].a_odd/add_130              2.0849      0.0     2.0849     0.0000  0.0000  bf16_add_33_DW01_inc_2
g_pair[7].a_odd/add_72_S2            2.4057      0.0     2.4057     0.0000  0.0000  bf16_add_33_DW01_add_1
g_pair[7].a_odd/add_86               1.4434      0.0     1.4434     0.0000  0.0000  bf16_add_33_DW01_inc_1
g_pair[7].a_odd/srl_60               6.4006      0.1     6.4006     0.0000  0.0000  bf16_add_33_DW_rash_1
g_pair[7].a_odd/sub_47               6.2257      0.1     6.2257     0.0000  0.0000  bf16_add_33_DW01_sub_5
g_pair[7].a_odd/sub_73               5.7883      0.1     5.7883     0.0000  0.0000  bf16_add_33_DW01_sub_4
g_pair[7].m_ac                      50.1989      0.7    13.9531     6.4444  0.0000  bf16_mult_20
g_pair[7].m_ac/add_2_root_add_50_aco    2.4203     0.0    2.4203    0.0000  0.0000  bf16_mult_20_DW01_add_2_DW01_add_232
g_pair[7].m_ac/add_67                2.0995      0.0     2.0995     0.0000  0.0000  bf16_mult_20_DW01_inc_0_DW01_inc_7
g_pair[7].m_ac/mult_36              25.2817      0.3    21.5930     0.0000  0.0000  bf16_mult_20_DW02_mult_0_DW02_mult_16
g_pair[7].m_ac/mult_36/FS_1          3.6887      0.1     3.6887     0.0000  0.0000  bf16_mult_20_DW01_add_1_DW01_add_184
g_pair[7].m_as                      49.7032      0.7    14.2592     6.4444  0.0000  bf16_mult_18
g_pair[7].m_as/add_2_root_add_50_aco    2.4203     0.0    2.4203    0.0000  0.0000  bf16_mult_18_DW01_add_2_DW01_add_235
g_pair[7].m_as/add_67                2.0995      0.0     2.0995     0.0000  0.0000  bf16_mult_18_DW01_inc_0_DW01_inc_5
g_pair[7].m_as/mult_36              24.4798      0.3    21.5055     0.0000  0.0000  bf16_mult_18_DW02_mult_0_DW02_mult_19
g_pair[7].m_as/mult_36/FS_1          2.9743      0.0     2.9743     0.0000  0.0000  bf16_mult_18_DW01_add_1_DW01_add_187
g_pair[7].m_bc                      49.6303      0.7    14.0551     6.4444  0.0000  bf16_mult_17
g_pair[7].m_bc/add_2_root_add_50_aco    2.4203     0.0    2.4203    0.0000  0.0000  bf16_mult_17_DW01_add_2_DW01_add_233
g_pair[7].m_bc/add_67                2.0995      0.0     2.0995     0.0000  0.0000  bf16_mult_17_DW01_inc_0_DW01_inc_4
g_pair[7].m_bc/mult_36              24.6110      0.3    21.6513     0.0000  0.0000  bf16_mult_17_DW02_mult_0_DW02_mult_17
g_pair[7].m_bc/mult_36/FS_1          2.9597      0.0     2.9597     0.0000  0.0000  bf16_mult_17_DW01_add_1_DW01_add_185
g_pair[7].m_nbs                     49.6886      0.7    14.0114     6.4444  0.0000  bf16_mult_19
g_pair[7].m_nbs/add_2_root_add_50_aco    2.4349     0.0    2.4349    0.0000 0.0000  bf16_mult_19_DW01_add_2_DW01_add_234
g_pair[7].m_nbs/add_67               2.0995      0.0     2.0995     0.0000  0.0000  bf16_mult_19_DW01_inc_0_DW01_inc_6
g_pair[7].m_nbs/mult_36             24.6985      0.3    21.7242     0.0000  0.0000  bf16_mult_19_DW02_mult_0_DW02_mult_18
g_pair[7].m_nbs/mult_36/FS_1         2.9743      0.0     2.9743     0.0000  0.0000  bf16_mult_19_DW01_add_1_DW01_add_186
g_pair[7].u_sc                     556.0520      7.5   132.6051    33.3590  0.0000  sincos_bf16_1
g_pair[7].u_sc/add_319               2.3474      0.0     2.3474     0.0000  0.0000  sincos_bf16_1_DW01_inc_16
g_pair[7].u_sc/add_321               2.2745      0.0     2.2745     0.0000  0.0000  sincos_bf16_1_DW01_inc_3
g_pair[7].u_sc/u_cdiff              78.5425      1.1    42.3695     6.4444  0.0000  bf16_add_3
g_pair[7].u_sc/u_cdiff/add_130       2.0995      0.0     2.0995     0.0000  0.0000  bf16_add_3_DW01_inc_3
g_pair[7].u_sc/u_cdiff/add_72_S2     6.2402      0.1     6.2402     0.0000  0.0000  bf16_add_3_DW01_add_2
g_pair[7].u_sc/u_cdiff/add_86        1.4434      0.0     1.4434     0.0000  0.0000  bf16_add_3_DW01_inc_1_DW01_inc_16
g_pair[7].u_sc/u_cdiff/srl_60        6.8234      0.1     6.8234     0.0000  0.0000  bf16_add_3_DW_rash_1
g_pair[7].u_sc/u_cdiff/sub_47        6.7068      0.1     6.7068     0.0000  0.0000  bf16_add_3_DW01_sub_9
g_pair[7].u_sc/u_cdiff/sub_73        6.4152      0.1     6.4152     0.0000  0.0000  bf16_add_3_DW01_sub_8
g_pair[7].u_sc/u_cterm              49.8782      0.7    14.1572     6.4444  0.0000  bf16_mult_1
g_pair[7].u_sc/u_cterm/add_2_root_add_50_aco    2.3911     0.0    2.3911    0.0000 0.0000 bf16_mult_1_DW01_add_2_DW01_add_188
g_pair[7].u_sc/u_cterm/add_67        2.0995      0.0     2.0995     0.0000  0.0000  bf16_mult_1_DW01_inc_0_DW01_inc_13
g_pair[7].u_sc/u_cterm/mult_36      24.7860      0.3    21.7388     0.0000  0.0000  bf16_mult_1_DW02_mult_0
g_pair[7].u_sc/u_cterm/mult_36/FS_1    3.0472     0.0    3.0472     0.0000  0.0000  bf16_mult_1_DW01_add_1_DW01_add_168
g_pair[7].u_sc/u_cval               62.6648      0.8    32.1635     6.4444  0.0000  bf16_add_1
g_pair[7].u_sc/u_cval/add_130        2.1433      0.0     2.1433     0.0000  0.0000  bf16_add_1_DW01_inc_2
g_pair[7].u_sc/u_cval/add_72_S2      2.3036      0.0     2.3036     0.0000  0.0000  bf16_add_1_DW01_add_1_DW01_add_11
g_pair[7].u_sc/u_cval/add_86         1.4434      0.0     1.4434     0.0000  0.0000  bf16_add_1_DW01_inc_1_DW01_inc_10
g_pair[7].u_sc/u_cval/srl_60         6.3131      0.1     6.3131     0.0000  0.0000  bf16_add_1_DW_rash_1
g_pair[7].u_sc/u_cval/sub_47         6.0944      0.1     6.0944     0.0000  0.0000  bf16_add_1_DW01_sub_5
g_pair[7].u_sc/u_cval/sub_73         5.7591      0.1     5.7591     0.0000  0.0000  bf16_add_1_DW01_sub_4
g_pair[7].u_sc/u_sdiff              82.3333      1.1    45.5042     6.4444  0.0000  bf16_add_4
g_pair[7].u_sc/u_sdiff/add_130       2.2162      0.0     2.2162     0.0000  0.0000  bf16_add_4_DW01_inc_9
g_pair[7].u_sc/u_sdiff/add_72_S2     6.4589      0.1     6.4589     0.0000  0.0000  bf16_add_4_DW01_add_2
g_pair[7].u_sc/u_sdiff/add_86        1.4434      0.0     1.4434     0.0000  0.0000  bf16_add_4_DW01_inc_1_DW01_inc_18
g_pair[7].u_sc/u_sdiff/srl_60        6.6485      0.1     6.6485     0.0000  0.0000  bf16_add_4_DW_rash_7
g_pair[7].u_sc/u_sdiff/sub_47        6.4298      0.1     6.4298     0.0000  0.0000  bf16_add_4_DW01_sub_11
g_pair[7].u_sc/u_sdiff/sub_73        7.1879      0.1     7.1879     0.0000  0.0000  bf16_add_4_DW01_sub_18
g_pair[7].u_sc/u_sterm              49.4554      0.7    13.9676     6.4444  0.0000  bf16_mult_2
g_pair[7].u_sc/u_sterm/add_2_root_add_50_aco    2.4349     0.0    2.4349    0.0000 0.0000 bf16_mult_2_DW01_add_2_DW01_add_189
g_pair[7].u_sc/u_sterm/add_67        2.0995      0.0     2.0995     0.0000  0.0000  bf16_mult_2_DW01_inc_0_DW01_inc_14
g_pair[7].u_sc/u_sterm/mult_36      24.5090      0.3    21.5347     0.0000  0.0000  bf16_mult_2_DW02_mult_0_DW02_mult_1
g_pair[7].u_sc/u_sterm/mult_36/FS_1    2.9743     0.0    2.9743     0.0000  0.0000  bf16_mult_2_DW01_add_1_DW01_add_169
g_pair[7].u_sc/u_sval               62.5919      0.8    31.9302     6.4444  0.0000  bf16_add_2
g_pair[7].u_sc/u_sval/add_130        2.3474      0.0     2.3474     0.0000  0.0000  bf16_add_2_DW01_inc_2
g_pair[7].u_sc/u_sval/add_72_S2      2.4203      0.0     2.4203     0.0000  0.0000  bf16_add_2_DW01_add_1_DW01_add_13
g_pair[7].u_sc/u_sval/add_86         1.4434      0.0     1.4434     0.0000  0.0000  bf16_add_2_DW01_inc_1_DW01_inc_12
g_pair[7].u_sc/u_sval/srl_60         6.2840      0.1     6.2840     0.0000  0.0000  bf16_add_2_DW_rash_1
g_pair[7].u_sc/u_sval/sub_47         6.0215      0.1     6.0215     0.0000  0.0000  bf16_add_2_DW01_sub_5
g_pair[7].u_sc/u_sval/sub_73         5.7008      0.1     5.7008     0.0000  0.0000  bf16_add_2_DW01_sub_4
--------------------------------  ---------  -------  ---------  ---------  ------  -------------------------------------
Total                                                 6198.8036  1176.6643  0.0000

1
