Information: Updating design information... (UID-85)
Warning: Design 'attacc_bank_pe' contains 1 high-fanout nets. A fanout number of 1000 will be used for delay calculations involving these nets. (TIM-134)
 
****************************************
Report : qor
Design : attacc_bank_pe
Version: P-2019.03-SP5-6
Date   : Fri Aug 28 23:26:38 2026
****************************************


  Timing Path Group 'clk'
  -----------------------------------
  Levels of Logic:              69.00
  Critical Path Length:       1434.37
  Critical Path Slack:           0.13
  Critical Path Clk Period:   1500.00
  Total Negative Slack:          0.00
  No. of Violating Paths:        0.00
  Worst Hold Violation:         -3.05
  Total Hold Violation:      -9619.61
  No. of Hold Violations:     8224.00
  -----------------------------------


  Cell Count
  -----------------------------------
  Hierarchical Cell Count:        147
  Hierarchical Port Count:       9078
  Leaf Cell Count:              63527
  Buf/Inv Cell Count:           14772
  Buf Cell Count:                1607
  Inv Cell Count:               13165
  CT Buf/Inv Cell Count:            0
  Combinational Cell Count:     53708
  Sequential Cell Count:         9819
  Macro Count:                      0
  -----------------------------------


  Area
  -----------------------------------
  Combinational Area:     4192.435270
  Noncombinational Area:  3005.550265
  Buf/Inv Area:            691.893908
  Total Buffer Area:           101.20
  Total Inverter Area:         590.69
  Macro/Black Box Area:      0.000000
  Net Area:                  0.000000
  -----------------------------------
  Cell Area:              7197.985536
  Design Area:            7197.985536


  Design Rules
  -----------------------------------
  Total Number of Nets:         65505
  Nets With Violations:             0
  Max Trans Violations:             0
  Max Cap Violations:               0
  -----------------------------------


  Hostname: thu-olden

  Compile CPU Statistics
  -----------------------------------------
  Resource Sharing:                   30.03
  Logic Optimization:                 82.75
  Mapping Optimization:               50.98
  -----------------------------------------
  Overall Compile Time:              175.88
  Overall Compile Wall Clock Time:   197.42

  --------------------------------------------------------------------

  Design  WNS: 0.00  TNS: 0.00  Number of Violating Paths: 0


  Design (Hold)  WNS: 3.05  TNS: 9620.53  Number of Violating Paths: 8224

  --------------------------------------------------------------------


1
