============================================================
  Generated by:           Genus(TM) Synthesis Solution 25.10-p002_1
  Generated on:           Aug 31 2026  04:41:08 pm
  Module:                 gemv_unit
  Operating conditions:   PVT_0P7V_25C (balanced_tree)
  Wireload mode:          enclosed
  Area mode:              timing library
============================================================


Path 1: MET (1 ps) Setup Check with Pin g_add[14].u_add/y_reg[11]/CLK->D
          Group: clk
     Startpoint: (R) retime_s1_126_reg/CLK
          Clock: (R) clk
       Endpoint: (F) g_add[14].u_add/y_reg[11]/D
          Clock: (R) clk

                     Capture       Launch     
        Clock Edge:+     769            0     
       Src Latency:+       0            0     
       Net Latency:+       0 (I)        0 (I) 
           Arrival:=     769            0     
                                              
             Setup:-      11                  
       Uncertainty:-      23                  
     Required Time:=     734                  
      Launch Clock:-       0                  
         Data Path:-     733                  
             Slack:=       1                  

#--------------------------------------------------------------------------------------------------------------------------
#         Timing Point           Flags    Arc    Edge            Cell             Fanout Load Trans Delay Arrival Instance 
#                                                                                        (fF)  (ps)  (ps)   (ps)  Location 
#--------------------------------------------------------------------------------------------------------------------------
  retime_s1_126_reg/CLK          -       -       R     (arrival)                    1651    -     0     0       0    (-,-) 
  retime_s1_126_reg/QN           -       CLK->QN R     ASYNC_DFFHx1_ASAP7_75t_SL       1  1.3    20    37      37    (-,-) 
  g35609/Y                       -       A->Y    R     BUFx6f_ASAP7_75t_SL            27 25.1    32    25      62    (-,-) 
  g52452/Y                       -       A->Y    F     CKINVDCx16_ASAP7_75t_R         23 18.2    16    15      77    (-,-) 
  g52393/Y                       -       A->Y    R     INVx4_ASAP7_75t_SL             30 35.6    63    32     109    (-,-) 
  g52392/Y                       -       A->Y    R     HB1xp67_ASAP7_75t_SL           18 11.5   117    65     174    (-,-) 
  g52370/Y                       -       A->Y    F     INVx2_ASAP7_75t_SL             22 13.2    62    34     208    (-,-) 
  g50751/Y                       -       B2->Y   R     OAI22xp5_ASAP7_75t_SL           3  1.9    46    29     237    (-,-) 
  g_add[14].u_add/g47008/Y       (P)     A->Y    F     INVx1_ASAP7_75t_SL              3  1.7    20    11     248    (-,-) 
  g_add[14].u_add/g46969__1666/Y (P)     A2->Y   R     AOI22xp5_ASAP7_75t_SL           2  1.1    37    14     262    (-,-) 
  g_add[14].u_add/g46910__1666/Y (P)     C->Y    F     A2O1A1O1Ixp25_ASAP7_75t_SL      1  0.6    27    15     277    (-,-) 
  g_add[14].u_add/g46903__4733/Y (P)     B->Y    R     OAI21xp5_ASAP7_75t_SL           1  0.6    16    10     286    (-,-) 
  g_add[14].u_add/g46889__6131/Y (P)     A->Y    F     NAND3xp33_ASAP7_75t_SL          2  1.1    23    13     299    (-,-) 
  g_add[14].u_add/g46872__2802/Y (P)     A->Y    F     AND2x2_ASAP7_75t_SL             5  3.7    15    22     320    (-,-) 
  g_add[14].u_add/g46839__6260/Y (P)     B->Y    F     AND2x4_ASAP7_75t_SL            11  8.2    17    19     339    (-,-) 
  g_add[14].u_add/g46787__1617/Y (P)     A1->Y   R     AOI22xp5_ASAP7_75t_SL           3  1.6    44    17     356    (-,-) 
  g_add[14].u_add/g46772/Y       (P)     A->Y    F     INVx1_ASAP7_75t_SL              1  1.3    18     9     365    (-,-) 
  g_add[14].u_add/g46716__4733/Y (P)     A2->Y   R     AOI22x1_ASAP7_75t_SL            2  1.9    27    14     379    (-,-) 
  g_add[14].u_add/g46688/Y       (P)     A->Y    F     INVx2_ASAP7_75t_SL              3  1.8    12     6     386    (-,-) 
  g_add[14].u_add/g46638__9315/Y (P)     A1->Y   R     AOI21xp5_ASAP7_75t_SL           2  1.1    23    11     397    (-,-) 
  g_add[14].u_add/g46592__1666/Y (P)     A2->Y   F     OAI22xp5_ASAP7_75t_SL           3  2.0    32    16     413    (-,-) 
  g_add[14].u_add/g46547__9945/Y (P)     B->Y    F     AND2x4_ASAP7_75t_SL             3  3.3    10    19     432    (-,-) 
  g_add[14].u_add/g46526__6260/Y (P)     B->Y    R     NAND2x1p5_ASAP7_75t_SL          2  1.8    26     8     440    (-,-) 
  g_add[14].u_add/g46516__4733/Y (P)     B->Y    F     OAI21x1_ASAP7_75t_SL            2  1.8    27    11     452    (-,-) 
  g_add[14].u_add/fopt47162/Y    (P)     A->Y    R     INVx1_ASAP7_75t_SL              2  1.4    17    11     463    (-,-) 
  g_add[14].u_add/g46446__6131/Y (P)     B->Y    F     NOR2x1_ASAP7_75t_SL             3  1.8    16    10     473    (-,-) 
  g_add[14].u_add/g46389__8246/Y (P)     B->Y    R     O2A1O1Ixp5_ASAP7_75t_SL         2  1.2    30    14     487    (-,-) 
  g_add[14].u_add/g46349__8246/Y (P)     B->Y    F     AOI21xp5_ASAP7_75t_SL           2  1.2    21    12     499    (-,-) 
  g_add[14].u_add/g46342__2398/Y (P)     B->Y    R     OAI21xp5_ASAP7_75t_SL           1  1.1    32    11     510    (-,-) 
  g_add[14].u_add/g46327__1881/Y (P)     A->Y    R     XOR2xp5_ASAP7_75t_SL            1  0.6    22    18     528    (-,-) 
  g_add[14].u_add/g46305__5107/Y (P)     A1->Y   F     AOI22xp5_ASAP7_75t_SL           2  1.3    22    12     539    (-,-) 
  g_add[14].u_add/g46261__8246/Y (P)     B->Y    F     AND2x2_ASAP7_75t_SL             3  2.9    12    19     559    (-,-) 
  g_add[14].u_add/g46259/Y       (P)     A->Y    R     INVx1_ASAP7_75t_SL              1  1.1    11     8     566    (-,-) 
  g_add[14].u_add/g46241__6417/Y (P)     B->Y    F     NOR2x1_ASAP7_75t_SL             2  1.1    16     8     574    (-,-) 
  g_add[14].u_add/g46235__2883/Y (P)     B->Y    F     AND2x2_ASAP7_75t_SL             5  2.7    12    18     592    (-,-) 
  g_add[14].u_add/g46232__5115/Y (P)     B->Y    F     OR2x2_ASAP7_75t_SL              5  4.2    16    21     612    (-,-) 
  g_add[14].u_add/g46219__7410/Y (P)     B->Y    R     NOR2x1_ASAP7_75t_SL             2  1.1    14     9     621    (-,-) 
  g_add[14].u_add/g46215/Y       (P)     A->Y    F     INVx1_ASAP7_75t_SL              2  1.2    10     7     628    (-,-) 
  g_add[14].u_add/g46163__5107/Y (P)     A2->Y   R     OAI22xp5_ASAP7_75t_SL           1  0.9    24    11     639    (-,-) 
  g_add[14].u_add/g46093__4319/Y (P)     B->Y    F     AOI211x1_ASAP7_75t_SL           3  2.0    33    13     652    (-,-) 
  g_add[14].u_add/g46077__9315/Y (P)     B->Y    R     NOR2x1_ASAP7_75t_SL             1  1.6    21    12     665    (-,-) 
  g_add[14].u_add/g46065__1617/Y (P)     D->Y    F     NAND4xp75_ASAP7_75t_SL          3  1.4    20    11     676    (-,-) 
  g_add[14].u_add/g46062/Y       (P)     A->Y    F     HB1xp67_ASAP7_75t_SL            2  1.7    17    20     696    (-,-) 
  g_add[14].u_add/g46052__6417/Y (P)     B->Y    R     NOR2x1_ASAP7_75t_SL             2  1.9    19    11     708    (-,-) 
  g_add[14].u_add/g46048/Y       (P)     A->Y    F     INVx2_ASAP7_75t_SL              3  1.6     9     6     713    (-,-) 
  g_add[14].u_add/g46044__4733/Y (P)     A2->Y   R     OAI22xp5_ASAP7_75t_SL           1  0.4    18     8     722    (-,-) 
  g_add[14].u_add/g46034__8246/Y (P)     A->Y    F     NOR2xp33_ASAP7_75t_SL           1  0.6    17    12     733    (-,-) 
  g_add[14].u_add/y_reg[11]/D    <<< (P) -       F     ASYNC_DFFHx1_ASAP7_75t_L        1    -     -     0     733    (-,-) 
#--------------------------------------------------------------------------------------------------------------------------

(P) : Instance is preserved

