============================================================
  Generated by:           Genus(TM) Synthesis Solution 25.10-p002_1
  Generated on:           Aug 27 2026  02:26:10 pm
  Module:                 mq_pe_16x2_d32
  Operating conditions:   PVT_0P7V_25C (balanced_tree)
  Wireload mode:          enclosed
  Area mode:              timing library
============================================================

Timing
--------

Analysis view Clock Period 
---------------------------
TT.setup_view clk   2500.0 


   Analysis     Cost   Critical        Violating 
     View      Group  Path Slack  TNS    Paths   
-------------------------------------------------
TT.setup_view     clk        0.0  0.0          0 
              default   No paths  0.0          0 
-------------------------------------------------
Total                            -0.0          0 
                                                 

Instance Count
--------------
Leaf Instance Count             99214 
Physical Instance count             0 
Sequential Instance Count       28398 
Combinational Instance Count    70816 
Hierarchical Instance Count         0 

Area
----
Cell Area                          13369.452
Physical Cell Area                 0.000
Total Cell Area (Cell+Physical)    13369.452
Net Area                           0.000
Total Area (Cell+Physical+Net)     13369.452

Max Fanout                         28398 (clk)
Min Fanout                         0 (n_4595)
Average Fanout                     2.7
Terms to net ratio                 3.7419
Terms to instance ratio            3.7689
Runtime                            2536.077489000032 seconds
Elapsed Runtime                    2674 seconds
Genus peak memory usage            3501.18 
Innovus peak memory usage          no_value 
Hostname                           squire.ece.uw.edu
