============================================================
  Generated by:           Genus(TM) Synthesis Solution 25.10-p002_1
  Generated on:           Aug 27 2026  02:26:10 pm
  Module:                 mq_pe_16x2_d32
  Operating conditions:   PVT_0P7V_25C (balanced_tree)
  Wireload mode:          enclosed
  Area mode:              timing library
============================================================


Path 1: MET (0 ps) Setup Check with Pin retime_s5_17_reg/CLK->D
           View: TT.setup_view
          Group: clk
     Startpoint: (R) retime_s4_19_reg/CLK
          Clock: (R) clk
       Endpoint: (F) retime_s5_17_reg/D
          Clock: (R) clk

                     Capture       Launch     
        Clock Edge:+    2500            0     
       Src Latency:+       0            0     
       Net Latency:+       0 (I)        0 (I) 
           Arrival:=    2500            0     
                                              
             Setup:-       3                  
       Uncertainty:-      75                  
     Required Time:=    2422                  
      Launch Clock:-       0                  
         Data Path:-    2422                  
             Slack:=       0                  

#--------------------------------------------------------------------------------------------------------------
#    Timing Point      Flags    Arc    Edge           Cell            Fanout Load Trans Delay Arrival Instance 
#                                                                            (fF)  (ps)  (ps)   (ps)  Location 
#--------------------------------------------------------------------------------------------------------------
  retime_s4_19_reg/CLK -       -       R     (arrival)                 28398    -    25     0       0    (-,-) 
  retime_s4_19_reg/QN  -       CLK->QN R     DFFHQNx1_ASAP7_75t_SL         5 14.1    99    77      77    (-,-) 
  g555155/Y            -       A->Y    F     CKINVDCx20_ASAP7_75t_R        1  1.0    16    13      90    (-,-) 
  g5529/SN             -       B->SN   F     HAxp5_ASAP7_75t_SL           15 19.5   217   215     304    (-,-) 
  g555063/Y            -       A->Y    R     NOR2xp33_ASAP7_75t_SL         3  1.3    73    27     332    (-,-) 
  g555046/Y            -       A->Y    F     NOR2xp33_ASAP7_75t_SL         2  1.2    40    25     356    (-,-) 
  g555027/Y            -       A1->Y   R     AOI21xp5_ASAP7_75t_SL         2  1.0    24    14     370    (-,-) 
  g554993/Y            -       A2->Y   F     AOI31xp33_ASAP7_75t_SL        1  0.6    22     9     380    (-,-) 
  g554951/Y            -       A1->Y   R     AOI21xp5_ASAP7_75t_SL         9 16.5   210    93     472    (-,-) 
  g554928/Y            -       B->Y    F     NOR2xp33_ASAP7_75t_SL        11 15.3   303   162     635    (-,-) 
  g554879/Y            -       B2->Y   R     AOI22xp5_ASAP7_75t_SL         4 13.6   235   144     778    (-,-) 
  g554807/Y            -       A->Y    F     NAND2xp5_ASAP7_75t_L          2 12.5   160    92     870    (-,-) 
  g554678/Y            -       B1->Y   R     OAI221xp5_ASAP7_75t_SL        2 12.5   259   145    1015    (-,-) 
  g554644/Y            -       A2->Y   F     AOI22xp5_ASAP7_75t_SL         2 12.4   178    98    1113    (-,-) 
  g554607/Y            -       B->Y    R     AOI211xp5_ASAP7_75t_SL        1  0.5    57    31    1144    (-,-) 
  g554561/Y            -       A->Y    F     NAND5xp2_ASAP7_75t_SL         1  0.6    80    20    1165    (-,-) 
  g554548/Y            -       A2->Y   R     O2A1O1Ixp33_ASAP7_75t_SL      3 10.7   213   101    1266    (-,-) 
  g554542/Y            -       B->Y    F     NAND2xp5_ASAP7_75t_SL         3  1.2    67    14    1280    (-,-) 
  g554535/Y            -       B->Y    R     NOR2xp33_ASAP7_75t_SL         2  1.2    41    24    1304    (-,-) 
  g554532/Y            -       B->Y    F     NAND2xp5_ASAP7_75t_SL         2  1.2    66    12    1316    (-,-) 
  g554526/Y            -       B->Y    R     NAND2xp5_ASAP7_75t_SL         2  1.2    30    20    1336    (-,-) 
  g554521/Y            -       B->Y    F     OAI21xp5_ASAP7_75t_SL         2  1.6    39    13    1348    (-,-) 
  g554513/Y            -       A2->Y   R     OAI22xp5_ASAP7_75t_SL         2  1.5    48    20    1369    (-,-) 
  g554506/Y            -       A2->Y   F     AOI22xp5_ASAP7_75t_SL         2  1.5    40    18    1387    (-,-) 
  g554498/Y            -       A2->Y   R     OAI22xp5_ASAP7_75t_SL         2  1.5    48    21    1407    (-,-) 
  g554490/Y            -       A2->Y   F     OAI22xp5_ASAP7_75t_SL         2  1.6    34    17    1424    (-,-) 
  g554478/Y            -       A2->Y   R     AOI22xp5_ASAP7_75t_SL         2  1.7    67    19    1443    (-,-) 
  g554469/Y            -       B2->Y   F     AOI22xp5_ASAP7_75t_SL         1  1.6    40    18    1461    (-,-) 
  g5532/CON            -       CI->CON R     FAx1_ASAP7_75t_SL             1  1.6    57    26    1487    (-,-) 
  g5530/CON            -       CI->CON F     FAx1_ASAP7_75t_SL             2  1.6    46    22    1509    (-,-) 
  g554435/Y            -       A2->Y   R     OAI22xp5_ASAP7_75t_SL         2  1.2    67    20    1528    (-,-) 
  g554428/Y            -       B->Y    F     NAND2xp5_ASAP7_75t_SL         2  1.2    28    13    1542    (-,-) 
  g554425/Y            -       B->Y    R     OAI21xp5_ASAP7_75t_SL         2  1.2    32    12    1554    (-,-) 
  g554417/Y            -       B->Y    F     NAND2xp5_ASAP7_75t_SL         2  1.1    20    11    1565    (-,-) 
  g554404/Y            -       B->Y    R     OAI21xp5_ASAP7_75t_SL         4  1.9    33    13    1578    (-,-) 
  g554401/Y            -       B->Y    F     NOR2xp33_ASAP7_75t_SL         2  1.2    33    18    1597    (-,-) 
  g554390/Y            -       C->Y    R     O2A1O1Ixp33_ASAP7_75t_SL     12  6.9   136    65    1661    (-,-) 
  g554375/Y            -       B->Y    F     NOR2xp33_ASAP7_75t_SL         2 12.5   216   126    1788    (-,-) 
  g554355/Y            -       A2->Y   R     AOI22xp5_ASAP7_75t_SL         2  0.7    64    24    1812    (-,-) 
  g554305/Y            -       A->Y    F     NOR2xp33_ASAP7_75t_SL         2  1.1    51    23    1834    (-,-) 
  g554282/Y            -       B->Y    R     AOI21xp5_ASAP7_75t_SL         2  0.7    58    17    1851    (-,-) 
  g554267/Y            -       B->Y    F     NOR2xp33_ASAP7_75t_SL         2 12.5   205   108    1959    (-,-) 
  g554247/Y            -       B->Y    R     AOI21xp5_ASAP7_75t_SL         2 12.5   196   116    2075    (-,-) 
  g554230/Y            -       B->Y    F     NAND2xp5_ASAP7_75t_SL         2 12.5   156    86    2161    (-,-) 
  g554219/Y            -       B->Y    R     OAI21xp5_ASAP7_75t_SL         2  1.0    60    24    2185    (-,-) 
  g554209/Y            -       A1->Y   F     AOI21xp5_ASAP7_75t_SL         4  2.2    78    21    2206    (-,-) 
  g554187/Y            -       B->Y    R     A2O1A1Ixp33_ASAP7_75t_SL      2  1.0    60    25    2232    (-,-) 
  g554165/Y            -       A->Y    F     NOR2xp33_ASAP7_75t_SL         3  1.6    42    27    2258    (-,-) 
  g554163/Y            -       B->Y    R     AOI21xp5_ASAP7_75t_SL         2  1.1    35    18    2276    (-,-) 
  g554151/Y            -       A->Y    F     NAND3xp33_ASAP7_75t_SL        1  0.5    59    10    2287    (-,-) 
  g554130/Y            -       A1->Y   R     OAI32xp33_ASAP7_75t_SL        2  1.1    70    27    2314    (-,-) 
  g554125/Y            -       B->Y    F     NOR2xp33_ASAP7_75t_SL         2  1.3    43    24    2338    (-,-) 
  g554112/Y            -       A2->Y   R     OAI21xp5_ASAP7_75t_SL         2  1.2    29    18    2356    (-,-) 
  g554110__7482/Y      -       B->Y    F     NAND2xp5_ASAP7_75t_SL         1  0.6    15     8    2364    (-,-) 
  g554109__5115/Y      -       A1->Y   R     OAI332xp33_ASAP7_75t_SL       1  3.7   167    44    2408    (-,-) 
  g538602/Y            -       A->Y    F     CKINVDCx5p33_ASAP7_75t_R      1  0.6    22    14    2422    (-,-) 
  retime_s5_17_reg/D   <<<     -       F     DFFHQNx1_ASAP7_75t_SL         1    -     -     0    2422    (-,-) 
#--------------------------------------------------------------------------------------------------------------


