============================================================
  Generated by:           Genus(TM) Synthesis Solution 25.10-p002_1
  Generated on:           Aug 31 2026  11:25:12 am
  Operating conditions:   PVT_0P7V_25C (balanced_tree)
  Wireload mode:          enclosed
  Area mode:              timing library
============================================================

                                                                                     
           Gate            Instances   Area                   Library                
-------------------------------------------------------------------------------------
A2O1A1Ixp33_ASAP7_75t_SL           8    0.700     asap7sc7p5t_AO_SLVT_TT_nldm_201020 
AND2x2_ASAP7_75t_SL              113    9.885 asap7sc7p5t_SIMPLE_SLVT_TT_nldm_201020 
AND3x1_ASAP7_75t_SL                2    0.175 asap7sc7p5t_SIMPLE_SLVT_TT_nldm_201020 
AO21x2_ASAP7_75t_SL                1    0.102     asap7sc7p5t_AO_SLVT_TT_nldm_201020 
AO22x1_ASAP7_75t_SL                4    0.525     asap7sc7p5t_AO_SLVT_TT_nldm_201020 
AOI211xp5_ASAP7_75t_SL            73    6.386     asap7sc7p5t_AO_SLVT_TT_nldm_201020 
AOI21xp33_ASAP7_75t_SL            38    2.770     asap7sc7p5t_AO_SLVT_TT_nldm_201020 
AOI21xp5_ASAP7_75t_L              16    1.166      asap7sc7p5t_AO_LVT_TT_nldm_201020 
AOI21xp5_ASAP7_75t_SL             12    0.875     asap7sc7p5t_AO_SLVT_TT_nldm_201020 
AOI221xp5_ASAP7_75t_SL           959   97.876     asap7sc7p5t_AO_SLVT_TT_nldm_201020 
AOI22xp33_ASAP7_75t_L            763   66.747      asap7sc7p5t_AO_LVT_TT_nldm_201020 
AOI22xp33_ASAP7_75t_SL           263   23.007     asap7sc7p5t_AO_SLVT_TT_nldm_201020 
AOI22xp5_ASAP7_75t_L             140   12.247      asap7sc7p5t_AO_LVT_TT_nldm_201020 
AOI22xp5_ASAP7_75t_SL           1805  157.901     asap7sc7p5t_AO_SLVT_TT_nldm_201020 
AOI321xp33_ASAP7_75t_SL            1    0.117     asap7sc7p5t_AO_SLVT_TT_nldm_201020 
AOI322xp5_ASAP7_75t_SL           174   22.832     asap7sc7p5t_AO_SLVT_TT_nldm_201020 
AOI32xp33_ASAP7_75t_SL             1    0.102     asap7sc7p5t_AO_SLVT_TT_nldm_201020 
AOI332xp33_ASAP7_75t_SL            1    0.146     asap7sc7p5t_AO_SLVT_TT_nldm_201020 
ASYNC_DFFHx1_ASAP7_75t_SL       2048  776.356    asap7sc7p5t_SEQ_SLVT_TT_nldm_201020 
BUFx2_ASAP7_75t_L                  1    0.073  asap7sc7p5t_INVBUF_LVT_TT_nldm_201020 
CKINVDCx14_ASAP7_75t_R            19    0.000  asap7sc7p5t_INVBUF_RVT_TT_nldm_201020 
CKINVDCx16_ASAP7_75t_R            76    0.000  asap7sc7p5t_INVBUF_RVT_TT_nldm_201020 
CKINVDCx20_ASAP7_75t_R          2829    0.000  asap7sc7p5t_INVBUF_RVT_TT_nldm_201020 
CKINVDCx5p33_ASAP7_75t_R           2    0.000  asap7sc7p5t_INVBUF_RVT_TT_nldm_201020 
HB1xp67_ASAP7_75t_L                3    0.175  asap7sc7p5t_INVBUF_LVT_TT_nldm_201020 
HB1xp67_ASAP7_75t_SL               2    0.117 asap7sc7p5t_INVBUF_SLVT_TT_nldm_201020 
INVx1_ASAP7_75t_SL               198    8.661 asap7sc7p5t_INVBUF_SLVT_TT_nldm_201020 
INVx2_ASAP7_75t_SL                 8    0.467 asap7sc7p5t_INVBUF_SLVT_TT_nldm_201020 
INVxp33_ASAP7_75t_SL               3    0.131 asap7sc7p5t_INVBUF_SLVT_TT_nldm_201020 
INVxp67_ASAP7_75t_SL              77    3.368 asap7sc7p5t_INVBUF_SLVT_TT_nldm_201020 
NAND2xp33_ASAP7_75t_L              6    0.350  asap7sc7p5t_SIMPLE_LVT_TT_nldm_201020 
NAND2xp33_ASAP7_75t_SL             3    0.175 asap7sc7p5t_SIMPLE_SLVT_TT_nldm_201020 
NAND2xp5_ASAP7_75t_L               9    0.525  asap7sc7p5t_SIMPLE_LVT_TT_nldm_201020 
NAND2xp5_ASAP7_75t_SL            135    7.873 asap7sc7p5t_SIMPLE_SLVT_TT_nldm_201020 
NAND3xp33_ASAP7_75t_SL            10    0.729 asap7sc7p5t_SIMPLE_SLVT_TT_nldm_201020 
NAND4xp25_ASAP7_75t_SL            11    0.962 asap7sc7p5t_SIMPLE_SLVT_TT_nldm_201020 
NAND5xp2_ASAP7_75t_SL            183   18.677 asap7sc7p5t_SIMPLE_SLVT_TT_nldm_201020 
NOR2x1_ASAP7_75t_SL                1    0.087 asap7sc7p5t_SIMPLE_SLVT_TT_nldm_201020 
NOR2xp33_ASAP7_75t_SL           1318   76.866 asap7sc7p5t_SIMPLE_SLVT_TT_nldm_201020 
NOR2xp67_ASAP7_75t_L               2    0.175  asap7sc7p5t_SIMPLE_LVT_TT_nldm_201020 
NOR2xp67_ASAP7_75t_R               3    0.262  asap7sc7p5t_SIMPLE_RVT_TT_nldm_201020 
NOR3xp33_ASAP7_75t_SL            143   10.425 asap7sc7p5t_SIMPLE_SLVT_TT_nldm_201020 
NOR5xp2_ASAP7_75t_SL              99   10.104 asap7sc7p5t_SIMPLE_SLVT_TT_nldm_201020 
O2A1O1Ixp33_ASAP7_75t_SL           5    0.437     asap7sc7p5t_OA_SLVT_TT_nldm_201020 
OA22x2_ASAP7_75t_SL                1    0.146     asap7sc7p5t_OA_SLVT_TT_nldm_201020 
OAI211xp5_ASAP7_75t_L              1    0.087      asap7sc7p5t_OA_LVT_TT_nldm_201020 
OAI211xp5_ASAP7_75t_SL           197   17.234     asap7sc7p5t_OA_SLVT_TT_nldm_201020 
OAI21xp33_ASAP7_75t_SL             1    0.073     asap7sc7p5t_OA_SLVT_TT_nldm_201020 
OAI21xp5_ASAP7_75t_SL             36    2.624     asap7sc7p5t_OA_SLVT_TT_nldm_201020 
OAI221xp5_ASAP7_75t_SL           747   76.239     asap7sc7p5t_OA_SLVT_TT_nldm_201020 
OAI22xp33_ASAP7_75t_SL            63    5.511     asap7sc7p5t_OA_SLVT_TT_nldm_201020 
OAI22xp5_ASAP7_75t_SL           1048   91.679     asap7sc7p5t_OA_SLVT_TT_nldm_201020 
OAI31xp33_ASAP7_75t_SL             2    0.175     asap7sc7p5t_OA_SLVT_TT_nldm_201020 
OAI321xp33_ASAP7_75t_SL            1    0.117     asap7sc7p5t_OA_SLVT_TT_nldm_201020 
OAI322xp33_ASAP7_75t_L            13    1.706      asap7sc7p5t_OA_LVT_TT_nldm_201020 
OAI322xp33_ASAP7_75t_SL           86   11.285     asap7sc7p5t_OA_SLVT_TT_nldm_201020 
OAI32xp33_ASAP7_75t_SL            11    1.123     asap7sc7p5t_OA_SLVT_TT_nldm_201020 
OR2x2_ASAP7_75t_SL               125   10.935 asap7sc7p5t_SIMPLE_SLVT_TT_nldm_201020 
OR3x1_ASAP7_75t_SL                 2    0.175 asap7sc7p5t_SIMPLE_SLVT_TT_nldm_201020 
OR4x1_ASAP7_75t_SL                 2    0.204 asap7sc7p5t_SIMPLE_SLVT_TT_nldm_201020 
OR5x1_ASAP7_75t_SL                27    3.149 asap7sc7p5t_SIMPLE_SLVT_TT_nldm_201020 
OR5x2_ASAP7_75t_SL                 2    0.262 asap7sc7p5t_SIMPLE_SLVT_TT_nldm_201020 
-------------------------------------------------------------------------------------
total                          13933 1543.278                                        
                                                                     
                Library                Instances   Area  Instances % 
---------------------------------------------------------------------
asap7sc7p5t_AO_LVT_TT_nldm_201020            919  80.161         6.6 
asap7sc7p5t_AO_SLVT_TT_nldm_201020          3340 313.339        24.0 
asap7sc7p5t_INVBUF_LVT_TT_nldm_201020          4   0.248         0.0 
asap7sc7p5t_INVBUF_RVT_TT_nldm_201020       2926   0.000        21.0 
asap7sc7p5t_INVBUF_SLVT_TT_nldm_201020       288  12.743         2.1 
asap7sc7p5t_OA_LVT_TT_nldm_201020             14   1.793         0.1 
asap7sc7p5t_OA_SLVT_TT_nldm_201020          2198 206.642        15.8 
asap7sc7p5t_SEQ_SLVT_TT_nldm_201020         2048 776.356        14.7 
asap7sc7p5t_SIMPLE_LVT_TT_nldm_201020         17   1.050         0.1 
asap7sc7p5t_SIMPLE_RVT_TT_nldm_201020          3   0.262         0.0 
asap7sc7p5t_SIMPLE_SLVT_TT_nldm_201020      2176 150.684        15.6 
                                         
     Type      Instances   Area   Area % 
-----------------------------------------
sequential          2048  776.356   50.3 
inverter            3212   12.626    0.8 
buffer                 6    0.365    0.0 
logic               8667  753.932   48.9 
physical_cells         0    0.000    0.0 
-----------------------------------------
total              13933 1543.278  100.0 
