============================================================
  Generated by:           Genus(TM) Synthesis Solution 25.10-p002_1
  Generated on:           Aug 31 2026  11:25:11 am
  Module:                 diff_decoder_channel_dc_top
  Operating conditions:   PVT_0P7V_25C (balanced_tree)
  Wireload mode:          enclosed
  Area mode:              timing library
============================================================

Timing
--------

Clock Period 
-------------
clk   1502.0 


  Cost    Critical         Violating 
 Group   Path Slack  TNS     Paths   
-------------------------------------
clk             0.2   0.0          0 
default    No paths   0.0            
-------------------------------------
Total                 0.0          0 

Instance Count
--------------
Leaf Instance Count             13933 
Physical Instance count             0 
Sequential Instance Count        2048 
Combinational Instance Count    11885 
Hierarchical Instance Count         1 

Area
----
Cell Area                          1543.278
Physical Cell Area                 0.000
Total Cell Area (Cell+Physical)    1543.278
Net Area                           0.000
Total Area (Cell+Physical+Net)     1543.278

Max Fanout                         2048 (clk)
Min Fanout                         0 (rst_n)
Average Fanout                     2.8
Terms to net ratio                 3.8144
Terms to instance ratio            4.2472
Runtime                            264.55103899999943 seconds
Elapsed Runtime                    285 seconds
Genus peak memory usage            2446.08 
Innovus peak memory usage          no_value 
Hostname                           squire.ece.uw.edu
