============================================================
  Generated by:           Genus(TM) Synthesis Solution 25.10-p002_1
  Generated on:           Aug 31 2026  11:25:11 am
  Module:                 diff_decoder_channel_dc_top
  Operating conditions:   PVT_0P7V_25C (balanced_tree)
  Wireload mode:          enclosed
  Area mode:              timing library
============================================================


Path 1: MET (0 ps) Late External Delay Assertion at pin corrected_score[13][16]
          Group: clk
     Startpoint: (F) fwd_word_idx[1]
          Clock: (R) clk
       Endpoint: (R) corrected_score[13][16]
          Clock: (R) clk

                     Capture       Launch     
        Clock Edge:+    1502            0     
        Drv Adjust:+       0            2     
       Src Latency:+       0            0     
       Net Latency:+       0 (I)        0 (I) 
           Arrival:=    1502            2     
                                              
      Output Delay:-     150                  
       Uncertainty:-      45                  
     Required Time:=    1306                  
      Launch Clock:-       2                  
       Input Delay:-     150                  
         Data Path:-    1154                  
             Slack:=       0                  

Exceptions/Constraints:
  input_delay              150             in_del_31_1     
  output_delay             150             ou_del_2006_1   

#----------------------------------------------------------------------------------------------------------------
#       Timing Point         Flags   Arc   Edge          Cell           Fanout Load Trans Delay Arrival Instance 
#                                                                              (fF)  (ps)  (ps)   (ps)  Location 
#----------------------------------------------------------------------------------------------------------------
  fwd_word_idx[1]            -       -     F     (arrival)                   3  1.5    11     0     152    (-,-) 
  u_decoder/g2405/Y          -       A->Y  R     INVx1_ASAP7_75t_SL          2  1.4    13     8     160    (-,-) 
  u_decoder/g2392__1881/Y    -       A->Y  F     NOR2xp67_ASAP7_75t_R        4  2.1    27    20     181    (-,-) 
  u_decoder/g2358__7482/Y    -       A->Y  R     NAND2xp5_ASAP7_75t_SL       5  2.3    32    20     200    (-,-) 
  u_decoder/g2249__5107/Y    -       A->Y  F     NOR2xp33_ASAP7_75t_SL       6  3.7    72    38     238    (-,-) 
  u_decoder/g9767/Y          -       A->Y  R     INVx1_ASAP7_75t_SL         11  6.4    58    37     275    (-,-) 
  u_decoder/g8316/Y          -       A2->Y F     OAI22xp5_ASAP7_75t_SL       1  0.5    22    10     286    (-,-) 
  u_decoder/g7590__1617/Y    -       E->Y  R     NOR5xp2_ASAP7_75t_SL        1  0.5    38    22     307    (-,-) 
  u_decoder/g7525__5477/Y    -       A->Y  F     NAND5xp2_ASAP7_75t_SL       1  0.5    32    17     324    (-,-) 
  u_decoder/g7495__7410/Y    -       B->Y  F     OR5x1_ASAP7_75t_SL          3  6.7    44    48     373    (-,-) 
  u_decoder/g231201/Y        -       A->Y  R     INVx2_ASAP7_75t_SL         29 25.0    89    49     422    (-,-) 
  u_decoder/drc_bufs231679/Y -       A->Y  F     CKINVDCx16_ASAP7_75t_R     23 23.6    30    26     447    (-,-) 
  u_decoder/g230668/Y        -       A->Y  R     NAND2xp5_ASAP7_75t_SL      14  8.2    94    46     493    (-,-) 
  u_decoder/g230596/Y        -       B->Y  F     NOR2xp33_ASAP7_75t_SL       3  1.8    52    31     525    (-,-) 
  u_decoder/g230575/Y        -       A->Y  R     INVx1_ASAP7_75t_SL          2  0.9    19    12     537    (-,-) 
  u_decoder/g230527/Y        -       B->Y  F     NOR2xp33_ASAP7_75t_SL      18 11.0   206    88     625    (-,-) 
  u_decoder/g230491/Y        -       A->Y  R     INVx1_ASAP7_75t_SL         17 10.2   115    72     697    (-,-) 
  u_decoder/g230447/Y        -       B->Y  R     OR2x2_ASAP7_75t_SL         23 14.3    53    42     739    (-,-) 
  u_decoder/g230399/Y        -       B->Y  F     NOR2x1_ASAP7_75t_SL        19 16.9   119    56     795    (-,-) 
  u_decoder/drc_bufs231706/Y -       A->Y  R     CKINVDCx16_ASAP7_75t_R      5 10.6    29    24     820    (-,-) 
  u_decoder/g229705/Y        -       A->Y  R     AND2x2_ASAP7_75t_SL        21 10.9    41    30     849    (-,-) 
  u_decoder/g229666/Y        -       A->Y  F     INVx1_ASAP7_75t_SL          3  1.6    19    10     860    (-,-) 
  u_decoder/g229375/Y        -       A1->Y F     OA22x2_ASAP7_75t_SL        17  9.8    32    30     890    (-,-) 
  u_decoder/g229231/Y        -       A->Y  R     NOR3xp33_ASAP7_75t_SL      12  7.0   136    65     955    (-,-) 
  u_decoder/g229193/Y        -       A->Y  F     INVx1_ASAP7_75t_SL         11  5.5    61    31     986    (-,-) 
  u_decoder/g229134/Y        -       A->Y  R     NAND2xp5_ASAP7_75t_SL       8  4.6    73    38    1024    (-,-) 
  u_decoder/g228685/Y        -       A->Y  R     AND2x2_ASAP7_75t_SL        17 20.0    71    44    1068    (-,-) 
  u_decoder/g228575/Y        -       A->Y  F     CKINVDCx20_ASAP7_75t_R     13  7.6    16    15    1083    (-,-) 
  u_decoder/g228486/Y        -       A->Y  R     NOR3xp33_ASAP7_75t_SL      14 15.5   287   126    1208    (-,-) 
  u_decoder/g228393/Y        -       A->Y  F     CKINVDCx14_ASAP7_75t_R      7  3.8    35    22    1230    (-,-) 
  u_decoder/g227867/Y        -       B1->Y R     OAI221xp5_ASAP7_75t_SL      1  0.5    69    18    1248    (-,-) 
  u_decoder/g227758/Y        -       C->Y  F     AOI221xp5_ASAP7_75t_SL      1  0.5    81    12    1260    (-,-) 
  u_decoder/g227650/Y        -       C->Y  R     OAI221xp5_ASAP7_75t_SL      1  5.0   110    46    1306    (-,-) 
  corrected_score[13][16]    <<<     -     R     (port)                      -    -     -     0    1306    (-,-) 
#----------------------------------------------------------------------------------------------------------------

