============================================================
  Generated by:           Genus(TM) Synthesis Solution 25.10-p002_1
  Generated on:           Aug 31 2026  11:21:47 am
  Module:                 causal_comparator
  Operating conditions:   PVT_0P7V_25C (balanced_tree)
  Wireload mode:          enclosed
  Area mode:              timing library
============================================================


Path 1: MET (799 ps) Setup Check with Pin keep_mask_reg[11]/CLK->D
          Group: clk
     Startpoint: (F) word_base[8]
          Clock: (R) clk
       Endpoint: (F) keep_mask_reg[11]/D
          Clock: (R) clk

                     Capture       Launch     
        Clock Edge:+    1502            0     
        Drv Adjust:+       0            6     
       Src Latency:+       0            0     
       Net Latency:+       0 (I)        0 (I) 
           Arrival:=    1502            6     
                                              
             Setup:-      12                  
       Uncertainty:-      45                  
     Required Time:=    1444                  
      Launch Clock:-       6                  
       Input Delay:-     150                  
         Data Path:-     489                  
             Slack:=     799                  

Exceptions/Constraints:
  input_delay             150             in_del_25_1   

#------------------------------------------------------------------------------------------------------------
#    Timing Point     Flags   Arc   Edge           Cell             Fanout Load Trans Delay Arrival Instance 
#                                                                          (fF)  (ps)  (ps)   (ps)  Location 
#------------------------------------------------------------------------------------------------------------
  word_base[8]        -       -     F     (arrival)                      3  4.6    16     0     156    (-,-) 
  g27648/Y            -       A->Y  R     CKINVDCx5p33_ASAP7_75t_R       1  0.4     6     7     163    (-,-) 
  g27598__1617/Y      -       A->Y  F     NOR2xp33_ASAP7_75t_SL          2  4.3    73    36     200    (-,-) 
  g27548__1617/Y      -       B->Y  R     NAND2xp5_ASAP7_75t_SL          4  5.2    67    43     243    (-,-) 
  g27506__2398/Y      -       B->Y  F     NOR2xp33_ASAP7_75t_SL          8 15.4   248   131     374    (-,-) 
  g27410__2398/Y      -       A->Y  R     NAND2xp5_ASAP7_75t_SL          2  1.1    75    44     418    (-,-) 
  g27390__5107/Y      -       B->Y  F     AOI21xp33_ASAP7_75t_SL         1  0.6    24     8     425    (-,-) 
  g27313__6161/Y      -       A1->Y R     AOI332xp33_ASAP7_75t_SL        8  6.9   190    68     493    (-,-) 
  g27294__5107/Y      -       B->Y  F     NAND2xp5_ASAP7_75t_SL          3  1.4    71    16     510    (-,-) 
  g27264__1705/Y      -       A1->Y R     OAI32xp33_ASAP7_75t_SL         1  0.5    43    23     533    (-,-) 
  g27258__9945/Y      -       C->Y  F     AOI221xp5_ASAP7_75t_SL         3  4.9    93    32     564    (-,-) 
  g27241__5122/Y      -       A2->Y R     AOI22xp5_ASAP7_75t_SL          2  4.3    76    41     605    (-,-) 
  g27227__2346/Y      -       A2->Y F     AOI22xp5_ASAP7_75t_SL          2  1.2    37    18     624    (-,-) 
  g27216__7482/Y      -       C->Y  R     A2O1A1Ixp33_ASAP7_75t_SL       1  0.6    29    13     637    (-,-) 
  g27201__6260/Y      -       A1->Y F     AOI22xp5_ASAP7_75t_SL          1  0.6    22     9     645    (-,-) 
  keep_mask_reg[11]/D <<<     -     F     ASYNC_DFFHx1_ASAP7_75t_SL      1    -     -     0     645    (-,-) 
#------------------------------------------------------------------------------------------------------------

