============================================================
  Generated by:           Genus(TM) Synthesis Solution 25.10-p002_1
  Generated on:           Aug 31 2026  11:21:47 am
  Module:                 causal_comparator
  Operating conditions:   PVT_0P7V_25C (balanced_tree)
  Wireload mode:          enclosed
  Area mode:              timing library
============================================================

Timing
--------

Clock Period 
-------------
clk   1502.0 


  Cost    Critical         Violating 
 Group   Path Slack  TNS     Paths   
-------------------------------------
clk           798.8   0.0          0 
default    No paths   0.0            
-------------------------------------
Total                 0.0          0 

Instance Count
--------------
Leaf Instance Count             476 
Physical Instance count           0 
Sequential Instance Count        17 
Combinational Instance Count    459 
Hierarchical Instance Count       0 

Area
----
Cell Area                          29.291
Physical Cell Area                 0.000
Total Cell Area (Cell+Physical)    29.291
Net Area                           0.000
Total Area (Cell+Physical+Net)     29.291

Max Fanout                         20 (in_valid)
Min Fanout                         0 (n_457)
Average Fanout                     2.2
Terms to net ratio                 3.2148
Terms to instance ratio            3.4580
Runtime                            55.01158200000001 seconds
Elapsed Runtime                    60 seconds
Genus peak memory usage            2309.79 
Innovus peak memory usage          no_value 
Hostname                           squire.ece.uw.edu
