============================================================
  Generated by:           Genus(TM) Synthesis Solution 25.10-p002_1
  Generated on:           Aug 31 2026  11:21:47 am
  Operating conditions:   PVT_0P7V_25C (balanced_tree)
  Wireload mode:          enclosed
  Area mode:              timing library
============================================================

                                                                                    
           Gate             Instances  Area                  Library                
------------------------------------------------------------------------------------
A2O1A1Ixp33_ASAP7_75t_SL           26  2.274     asap7sc7p5t_AO_SLVT_TT_nldm_201020 
A2O1A1O1Ixp25_ASAP7_75t_SL          2  0.262     asap7sc7p5t_AO_SLVT_TT_nldm_201020 
AOI211xp5_ASAP7_75t_SL              2  0.175     asap7sc7p5t_AO_SLVT_TT_nldm_201020 
AOI21xp33_ASAP7_75t_SL              8  0.583     asap7sc7p5t_AO_SLVT_TT_nldm_201020 
AOI21xp5_ASAP7_75t_SL              17  1.239     asap7sc7p5t_AO_SLVT_TT_nldm_201020 
AOI221xp5_ASAP7_75t_SL              2  0.204     asap7sc7p5t_AO_SLVT_TT_nldm_201020 
AOI22xp33_ASAP7_75t_SL             12  1.050     asap7sc7p5t_AO_SLVT_TT_nldm_201020 
AOI22xp5_ASAP7_75t_L                1  0.087      asap7sc7p5t_AO_LVT_TT_nldm_201020 
AOI22xp5_ASAP7_75t_SL              28  2.449     asap7sc7p5t_AO_SLVT_TT_nldm_201020 
AOI31xp33_ASAP7_75t_SL              4  0.350     asap7sc7p5t_AO_SLVT_TT_nldm_201020 
AOI322xp5_ASAP7_75t_SL              1  0.131     asap7sc7p5t_AO_SLVT_TT_nldm_201020 
AOI32xp33_ASAP7_75t_SL              1  0.102     asap7sc7p5t_AO_SLVT_TT_nldm_201020 
AOI332xp33_ASAP7_75t_SL             1  0.146     asap7sc7p5t_AO_SLVT_TT_nldm_201020 
ASYNC_DFFHx1_ASAP7_75t_SL          17  6.444    asap7sc7p5t_SEQ_SLVT_TT_nldm_201020 
CKINVDCx20_ASAP7_75t_R              6  0.000  asap7sc7p5t_INVBUF_RVT_TT_nldm_201020 
CKINVDCx5p33_ASAP7_75t_R          147  0.000  asap7sc7p5t_INVBUF_RVT_TT_nldm_201020 
MAJIxp5_ASAP7_75t_SL                1  0.102 asap7sc7p5t_SIMPLE_SLVT_TT_nldm_201020 
NAND2xp33_ASAP7_75t_L               2  0.117  asap7sc7p5t_SIMPLE_LVT_TT_nldm_201020 
NAND2xp33_ASAP7_75t_SL              3  0.175 asap7sc7p5t_SIMPLE_SLVT_TT_nldm_201020 
NAND2xp5_ASAP7_75t_L                1  0.058  asap7sc7p5t_SIMPLE_LVT_TT_nldm_201020 
NAND2xp5_ASAP7_75t_SL              52  3.033 asap7sc7p5t_SIMPLE_SLVT_TT_nldm_201020 
NAND3xp33_ASAP7_75t_SL              4  0.292 asap7sc7p5t_SIMPLE_SLVT_TT_nldm_201020 
NAND4xp25_ASAP7_75t_SL              1  0.087 asap7sc7p5t_SIMPLE_SLVT_TT_nldm_201020 
NOR2xp33_ASAP7_75t_SL              68  3.966 asap7sc7p5t_SIMPLE_SLVT_TT_nldm_201020 
NOR3xp33_ASAP7_75t_SL               1  0.073 asap7sc7p5t_SIMPLE_SLVT_TT_nldm_201020 
NOR4xp25_ASAP7_75t_SL               1  0.087 asap7sc7p5t_SIMPLE_SLVT_TT_nldm_201020 
O2A1O1Ixp33_ASAP7_75t_SL           12  1.050     asap7sc7p5t_OA_SLVT_TT_nldm_201020 
OAI211xp5_ASAP7_75t_SL              4  0.350     asap7sc7p5t_OA_SLVT_TT_nldm_201020 
OAI21xp33_ASAP7_75t_SL              2  0.146     asap7sc7p5t_OA_SLVT_TT_nldm_201020 
OAI21xp5_ASAP7_75t_SL              19  1.385     asap7sc7p5t_OA_SLVT_TT_nldm_201020 
OAI221xp5_ASAP7_75t_SL              8  0.816     asap7sc7p5t_OA_SLVT_TT_nldm_201020 
OAI22xp5_ASAP7_75t_SL              14  1.225     asap7sc7p5t_OA_SLVT_TT_nldm_201020 
OAI31xp33_ASAP7_75t_SL              2  0.175     asap7sc7p5t_OA_SLVT_TT_nldm_201020 
OAI321xp33_ASAP7_75t_SL             1  0.117     asap7sc7p5t_OA_SLVT_TT_nldm_201020 
OAI322xp33_ASAP7_75t_SL             1  0.131     asap7sc7p5t_OA_SLVT_TT_nldm_201020 
OAI32xp33_ASAP7_75t_SL              4  0.408     asap7sc7p5t_OA_SLVT_TT_nldm_201020 
------------------------------------------------------------------------------------
total                             476 29.291                                        
                                                                   
                Library                Instances  Area Instances % 
-------------------------------------------------------------------
asap7sc7p5t_AO_LVT_TT_nldm_201020              1 0.087         0.2 
asap7sc7p5t_AO_SLVT_TT_nldm_201020           104 8.967        21.8 
asap7sc7p5t_INVBUF_RVT_TT_nldm_201020        153 0.000        32.1 
asap7sc7p5t_OA_SLVT_TT_nldm_201020            67 5.803        14.1 
asap7sc7p5t_SEQ_SLVT_TT_nldm_201020           17 6.444         3.6 
asap7sc7p5t_SIMPLE_LVT_TT_nldm_201020          3 0.175         0.6 
asap7sc7p5t_SIMPLE_SLVT_TT_nldm_201020       131 7.815        27.5 
                                       
     Type      Instances  Area  Area % 
---------------------------------------
sequential            17  6.444   22.0 
inverter             153  0.000    0.0 
logic                306 22.847   78.0 
physical_cells         0  0.000    0.0 
---------------------------------------
total                476 29.291  100.0 
