 
****************************************
Report : area
Design : attacc_hbm_ctrl_top
Version: P-2019.03-SP5-6
Date   : Tue Sep  1 00:42:34 2026
****************************************

Library(s) Used:

    asap7sc7p5t_SIMPLE_RVT_TT_nldm_211120 (File: /thu-bloor/xinyao-w23/kvpim-rtl/third_party/asap7_lib/db/asap7sc7p5t_SIMPLE_RVT_TT_nldm_211120.db)
    asap7sc7p5t_INVBUF_RVT_TT_nldm_211120 (File: /thu-bloor/xinyao-w23/kvpim-rtl/third_party/asap7_lib/db/asap7sc7p5t_INVBUF_RVT_TT_nldm_211120.db)
    asap7sc7p5t_OA_RVT_TT_nldm_211120 (File: /thu-bloor/xinyao-w23/kvpim-rtl/third_party/asap7_lib/db/asap7sc7p5t_OA_RVT_TT_nldm_211120.db)
    asap7sc7p5t_AO_RVT_TT_nldm_211120 (File: /thu-bloor/xinyao-w23/kvpim-rtl/third_party/asap7_lib/db/asap7sc7p5t_AO_RVT_TT_nldm_211120.db)
    asap7sc7p5t_SEQ_RVT_TT_nldm_220123 (File: /thu-bloor/xinyao-w23/kvpim-rtl/third_party/asap7_lib/db/asap7sc7p5t_SEQ_RVT_TT_nldm_220123.db)

Number of ports:                         3424
Number of nets:                         16783
Number of cells:                        14101
Number of combinational cells:          10198
Number of sequential cells:              3883
Number of macros/black boxes:               0
Number of buf/inv:                       2377
Number of references:                       4

Combinational area:                829.718645
Buf/Inv area:                      126.918902
Noncombinational area:            1418.779785
Macro/Black Box area:                0.000000
Net Interconnect area:      undefined  (No wire load specified)

Total cell area:                  2248.498431
Total area:                 undefined

Hierarchical area distribution
------------------------------

                                  Global cell area          Local cell area
                                  ------------------  --------------------------- 
Hierarchical cell                 Absolute   Percent  Combi-    Noncombi-  Black-
                                  Total      Total    national  national   boxes   Design
--------------------------------  ---------  -------  --------  ---------  ------  -----------------------------------------
attacc_hbm_ctrl_top               2248.4984    100.0    0.0437     0.0000  0.0000  attacc_hbm_ctrl_top
u_ctrl                            1552.7700     69.1  540.4514   965.4001  0.0000  attacc_controller
u_ctrl/add_318                       4.5490      0.2    4.5490     0.0000  0.0000  attacc_controller_DW01_add_7_DW01_add_11
u_ctrl/add_401                       2.5515      0.1    2.5515     0.0000  0.0000  attacc_controller_DW01_add_6_DW01_add_10
u_ctrl/add_401_2                     2.5078      0.1    2.5078     0.0000  0.0000  attacc_controller_DW01_add_5_DW01_add_9
u_ctrl/add_425                       6.6922      0.3    6.6922     0.0000  0.0000  attacc_controller_DW01_add_4_DW01_add_8
u_ctrl/add_425_2                     6.5464      0.3    6.5464     0.0000  0.0000  attacc_controller_DW01_add_3_DW01_add_7
u_ctrl/add_472                       6.0799      0.3    6.0799     0.0000  0.0000  attacc_controller_DW01_add_2_DW01_add_6
u_ctrl/add_488                       5.4238      0.2    5.4238     0.0000  0.0000  attacc_controller_DW01_add_1_DW01_add_5
u_ctrl/add_493_2                     6.6047      0.3    6.6047     0.0000  0.0000  attacc_controller_DW01_add_0_DW01_add_4
u_ctrl/r319                          2.7702      0.1    2.7702     0.0000  0.0000  attacc_controller_DW01_dec_7_DW01_dec_8
u_ctrl/r329                          3.1930      0.1    3.1930     0.0000  0.0000  attacc_controller_DW01_inc_3_DW01_inc_11
u_dma                              659.0014     29.3  187.8050   436.7002  0.0000  dma_engine_ADDR_W34
u_dma/add_57                        12.6700      0.6   12.6700     0.0000  0.0000  dma_engine_ADDR_W34_DW01_add_J2_0
u_dma/add_59                        12.6700      0.6   12.6700     0.0000  0.0000  dma_engine_ADDR_W34_DW01_add_J1_0
u_dma/add_82_S2                      3.1930      0.1    3.1930     0.0000  0.0000  dma_engine_ADDR_W34_DW01_inc_1_DW01_inc_7
u_dma/add_93                         3.1930      0.1    3.1930     0.0000  0.0000  dma_engine_ADDR_W34_DW01_inc_0_DW01_inc_6
u_dma/sub_64                         2.7702      0.1    2.7702     0.0000  0.0000  dma_engine_ADDR_W34_DW01_dec_0
u_plan                              36.6833      1.6    8.0627    16.6795  0.0000  direct_addr_plan
u_plan/add_33                        6.6922      0.3    6.6922     0.0000  0.0000  direct_addr_plan_DW01_add_0_DW01_add_3
u_plan/sub_44                        5.2488      0.2    5.2488     0.0000  0.0000  direct_addr_plan_DW01_sub_0
--------------------------------  ---------  -------  --------  ---------  ------  -----------------------------------------
Total                                                 829.7186  1418.7798  0.0000

1
