============================================================
  Generated by:           Genus(TM) Synthesis Solution 25.10-p002_1
  Generated on:           Aug 31 2026  11:31:24 am
  Module:                 attacc_hbm_ctrl_top
  Operating conditions:   PVT_0P7V_25C (balanced_tree)
  Wireload mode:          enclosed
  Area mode:              timing library
============================================================


Path 1: MET (0 ps) Setup Check with Pin u_ctrl/retime_s12_20_reg/CLK->D
          Group: clk
     Startpoint: (R) u_ctrl/retime_s8_18_reg/CLK
          Clock: (R) clk
       Endpoint: (F) u_ctrl/retime_s12_20_reg/D
          Clock: (R) clk

                     Capture       Launch     
        Clock Edge:+    1502            0     
       Src Latency:+       0            0     
       Net Latency:+       0 (I)        0 (I) 
           Arrival:=    1502            0     
                                              
             Setup:-      14                  
       Uncertainty:-      45                  
     Required Time:=    1442                  
      Launch Clock:-       0                  
         Data Path:-    1442                  
             Slack:=       0                  

#------------------------------------------------------------------------------------------------------------------------------------------------------------------------
#                                 Timing Point                                  Flags    Arc    Edge           Cell             Fanout Load Trans Delay Arrival Instance 
#                                                                                                                                      (fF)  (ps)  (ps)   (ps)  Location 
#------------------------------------------------------------------------------------------------------------------------------------------------------------------------
  u_ctrl/retime_s8_18_reg/CLK                                                   -       -       R     (arrival)                   3739    -     0     0       0    (-,-) 
  u_ctrl/retime_s8_18_reg/QN                                                    -       CLK->QN R     ASYNC_DFFHx1_ASAP7_75t_SL     10 16.2   115    85      85    (-,-) 
  u_ctrl/g107917/Y                                                              -       A->Y    F     NAND2xp5_ASAP7_75t_SL          6 14.5   148    71     156    (-,-) 
  u_ctrl/g107320/Y                                                              -       A->Y    R     NOR3xp33_ASAP7_75t_SL         11 15.2   296   155     311    (-,-) 
  u_ctrl/g107049/Y                                                              -       A2->Y   F     AOI22xp5_ASAP7_75t_SL          1  0.5    81    19     331    (-,-) 
  u_ctrl/g106813/Y                                                              -       C->Y    R     OAI221xp5_ASAP7_75t_SL         1  0.5    52    20     351    (-,-) 
  u_ctrl/g106533/Y                                                              -       B->Y    F     NOR5xp2_ASAP7_75t_SL           3  1.7    33    17     368    (-,-) 
  u_ctrl/g106450/Y                                                              -       A->Y    R     NAND3xp33_ASAP7_75t_SL         3  1.4    26    16     384    (-,-) 
  u_ctrl/g106414/Y                                                              -       B->Y    F     NOR2xp33_ASAP7_75t_SL          3  1.5    38    20     404    (-,-) 
  u_ctrl/g106381/Y                                                              -       A->Y    R     NAND3xp33_ASAP7_75t_SL         2  1.5    27    18     422    (-,-) 
  u_ctrl/g106359/Y                                                              -       B->Y    F     NOR2xp33_ASAP7_75t_SL          3  1.7    41    22     443    (-,-) 
  u_ctrl/g106349/Y                                                              -       A->Y    R     NAND3xp33_ASAP7_75t_SL         3  1.7    29    19     462    (-,-) 
  u_ctrl/g106342/Y                                                              -       A->Y    F     NOR3xp33_ASAP7_75t_SL          3  1.7    31    14     476    (-,-) 
  u_ctrl/g106331/Y                                                              -       A->Y    R     NAND3xp33_ASAP7_75t_SL         2  1.5    24    16     493    (-,-) 
  u_ctrl/g106322/Y                                                              -       B->Y    F     NOR2xp33_ASAP7_75t_SL          2  1.1    31    16     509    (-,-) 
  u_ctrl/g106316/Y                                                              -       A2->Y   R     AOI22xp5_ASAP7_75t_SL          2  1.2    43    16     525    (-,-) 
  u_ctrl/g106309/Y                                                              -       A2->Y   F     OAI211xp5_ASAP7_75t_SL         1  0.6    24    12     537    (-,-) 
  u_ctrl/g106296/Y                                                              -       C->Y    R     O2A1O1Ixp33_ASAP7_75t_SL       3  1.7    44    23     560    (-,-) 
  u_ctrl/g106288/Y                                                              -       B->Y    F     NAND2xp5_ASAP7_75t_SL          7  4.0    47    27     587    (-,-) 
  u_ctrl/g106274/Y                                                              -       B->Y    R     NOR2xp33_ASAP7_75t_SL          4  2.1    51    30     616    (-,-) 
  u_ctrl/g106264/Y                                                              -       A->Y    F     INVxp67_ASAP7_75t_SL           2  1.2    22    12     628    (-,-) 
  u_ctrl/g106241/Y                                                              -       B1->Y   R     AOI221xp5_ASAP7_75t_SL         3  1.9    61    25     654    (-,-) 
  u_ctrl/g106236/Y                                                              -       B->Y    F     NAND2xp5_ASAP7_75t_SL         12 14.8   151    74     728    (-,-) 
  u_ctrl/g106190/Y                                                              -       B2->Y   R     OAI22xp5_ASAP7_75t_SL          1  0.5    53    32     760    (-,-) 
  u_ctrl/g106094/Y                                                              -       C->Y    F     AOI221xp5_ASAP7_75t_SL         1  0.5    39    12     772    (-,-) 
  u_ctrl/g106038__9945/Y                                                        -       D->Y    R     NAND5xp2_ASAP7_75t_SL          2  1.1    38    19     791    (-,-) 
  u_ctrl/add_426_40_Y_add_427_40_Y_add_488_52_Y_add_494_43_Y_add_472_50_g3228/Y -       A2->Y   F     AOI22xp5_ASAP7_75t_SL          2  1.7    31    18     809    (-,-) 
  u_ctrl/add_426_40_Y_add_427_40_Y_add_488_52_Y_add_494_43_Y_add_472_50_g3209/Y -       A2->Y   R     OAI22xp5_ASAP7_75t_SL          2  1.0    27    16     825    (-,-) 
  u_ctrl/add_426_40_Y_add_427_40_Y_add_488_52_Y_add_494_43_Y_add_472_50_g3207/Y -       B->Y    F     NOR2xp33_ASAP7_75t_SL          2  1.2    28    17     842    (-,-) 
  u_ctrl/add_426_40_Y_add_427_40_Y_add_488_52_Y_add_494_43_Y_add_472_50_g3205/Y -       B->Y    R     AOI21xp5_ASAP7_75t_SL          2  1.0    24    15     857    (-,-) 
  u_ctrl/add_426_40_Y_add_427_40_Y_add_488_52_Y_add_494_43_Y_add_472_50_g3202/Y -       B->Y    F     NOR2xp33_ASAP7_75t_SL          2  1.2    29    17     874    (-,-) 
  u_ctrl/add_426_40_Y_add_427_40_Y_add_488_52_Y_add_494_43_Y_add_472_50_g3200/Y -       B->Y    R     AOI21xp5_ASAP7_75t_SL          2  1.0    24    15     890    (-,-) 
  u_ctrl/add_426_40_Y_add_427_40_Y_add_488_52_Y_add_494_43_Y_add_472_50_g3197/Y -       B->Y    F     NOR2xp33_ASAP7_75t_SL          2  1.2    29    17     906    (-,-) 
  u_ctrl/add_426_40_Y_add_427_40_Y_add_488_52_Y_add_494_43_Y_add_472_50_g3195/Y -       B->Y    R     AOI21xp5_ASAP7_75t_SL          2  1.0    24    15     922    (-,-) 
  u_ctrl/add_426_40_Y_add_427_40_Y_add_488_52_Y_add_494_43_Y_add_472_50_g3192/Y -       B->Y    F     NOR2xp33_ASAP7_75t_SL          2  1.2    29    17     939    (-,-) 
  u_ctrl/add_426_40_Y_add_427_40_Y_add_488_52_Y_add_494_43_Y_add_472_50_g3190/Y -       B->Y    R     AOI21xp5_ASAP7_75t_SL          2  1.0    24    15     954    (-,-) 
  u_ctrl/add_426_40_Y_add_427_40_Y_add_488_52_Y_add_494_43_Y_add_472_50_g3187/Y -       B->Y    F     NOR2xp33_ASAP7_75t_SL          2  1.2    29    17     971    (-,-) 
  u_ctrl/add_426_40_Y_add_427_40_Y_add_488_52_Y_add_494_43_Y_add_472_50_g3184/Y -       B->Y    R     AOI21xp5_ASAP7_75t_SL          2  1.0    24    15     986    (-,-) 
  u_ctrl/add_426_40_Y_add_427_40_Y_add_488_52_Y_add_494_43_Y_add_472_50_g3182/Y -       B->Y    F     NOR2xp33_ASAP7_75t_SL          2  1.2    29    17    1003    (-,-) 
  u_ctrl/add_426_40_Y_add_427_40_Y_add_488_52_Y_add_494_43_Y_add_472_50_g3179/Y -       B->Y    R     AOI21xp5_ASAP7_75t_SL          2  1.0    24    15    1018    (-,-) 
  u_ctrl/add_426_40_Y_add_427_40_Y_add_488_52_Y_add_494_43_Y_add_472_50_g3177/Y -       B->Y    F     NOR2xp33_ASAP7_75t_SL          2  1.2    29    17    1035    (-,-) 
  u_ctrl/add_426_40_Y_add_427_40_Y_add_488_52_Y_add_494_43_Y_add_472_50_g3174/Y -       B->Y    R     AOI21xp5_ASAP7_75t_SL          1  1.6    30    19    1054    (-,-) 
  u_ctrl/g109981/CON                                                            -       CI->CON F     FAx1_ASAP7_75t_SL              2  1.1    34    16    1070    (-,-) 
  u_ctrl/add_426_40_Y_add_427_40_Y_add_488_52_Y_add_494_43_Y_add_472_50_g3170/Y -       B->Y    R     NAND2xp5_ASAP7_75t_SL          2  1.0    20    14    1084    (-,-) 
  u_ctrl/add_426_40_Y_add_427_40_Y_add_488_52_Y_add_494_43_Y_add_472_50_g3169/Y -       B->Y    F     OAI21xp5_ASAP7_75t_SL          2  1.1    27    10    1094    (-,-) 
  u_ctrl/add_426_40_Y_add_427_40_Y_add_488_52_Y_add_494_43_Y_add_472_50_g3167/Y -       B->Y    R     NAND2xp5_ASAP7_75t_SL          2  1.0    19    13    1107    (-,-) 
  u_ctrl/add_426_40_Y_add_427_40_Y_add_488_52_Y_add_494_43_Y_add_472_50_g3166/Y -       B->Y    F     OAI21xp5_ASAP7_75t_SL          2  1.1    27    10    1117    (-,-) 
  u_ctrl/add_426_40_Y_add_427_40_Y_add_488_52_Y_add_494_43_Y_add_472_50_g3164/Y -       B->Y    R     NAND2xp5_ASAP7_75t_SL          2  1.0    19    13    1129    (-,-) 
  u_ctrl/add_426_40_Y_add_427_40_Y_add_488_52_Y_add_494_43_Y_add_472_50_g3163/Y -       B->Y    F     OAI21xp5_ASAP7_75t_SL          2  1.1    27    10    1139    (-,-) 
  u_ctrl/add_426_40_Y_add_427_40_Y_add_488_52_Y_add_494_43_Y_add_472_50_g3161/Y -       B->Y    R     NAND2xp5_ASAP7_75t_SL          2  1.0    19    13    1152    (-,-) 
  u_ctrl/add_426_40_Y_add_427_40_Y_add_488_52_Y_add_494_43_Y_add_472_50_g3159/Y -       B->Y    F     OAI21xp5_ASAP7_75t_SL          2  1.1    27    10    1162    (-,-) 
  u_ctrl/add_426_40_Y_add_427_40_Y_add_488_52_Y_add_494_43_Y_add_472_50_g3158/Y -       B->Y    R     NAND2xp5_ASAP7_75t_SL          2  1.0    19    13    1175    (-,-) 
  u_ctrl/add_426_40_Y_add_427_40_Y_add_488_52_Y_add_494_43_Y_add_472_50_g3157/Y -       B->Y    F     OAI21xp5_ASAP7_75t_SL          2  1.1    27    10    1185    (-,-) 
  u_ctrl/add_426_40_Y_add_427_40_Y_add_488_52_Y_add_494_43_Y_add_472_50_g3155/Y -       B->Y    R     NAND2xp5_ASAP7_75t_SL          2  1.0    20    13    1197    (-,-) 
  u_ctrl/add_426_40_Y_add_427_40_Y_add_488_52_Y_add_494_43_Y_add_472_50_g3153/Y -       B->Y    F     OAI21xp5_ASAP7_75t_SL          2  1.1    27    10    1207    (-,-) 
  u_ctrl/add_426_40_Y_add_427_40_Y_add_488_52_Y_add_494_43_Y_add_472_50_g3152/Y -       B->Y    R     NAND2xp5_ASAP7_75t_SL          2  1.0    20    13    1220    (-,-) 
  u_ctrl/add_426_40_Y_add_427_40_Y_add_488_52_Y_add_494_43_Y_add_472_50_g3151/Y -       B->Y    F     OAI21xp5_ASAP7_75t_SL          3  1.2    28    10    1230    (-,-) 
  u_ctrl/add_426_40_Y_add_427_40_Y_add_488_52_Y_add_494_43_Y_add_472_50_g3148/Y -       B->Y    R     NOR2xp33_ASAP7_75t_SL          2 12.5   233   107    1337    (-,-) 
  u_ctrl/add_426_40_Y_add_427_40_Y_add_488_52_Y_add_494_43_Y_add_472_50_g3145/Y -       B->Y    F     NAND2xp5_ASAP7_75t_SL          3  1.5    65    17    1354    (-,-) 
  u_ctrl/add_426_40_Y_add_427_40_Y_add_488_52_Y_add_494_43_Y_add_472_50_g3142/Y -       B->Y    R     NOR2xp33_ASAP7_75t_SL          2  1.2    40    24    1378    (-,-) 
  u_ctrl/add_426_40_Y_add_427_40_Y_add_488_52_Y_add_494_43_Y_add_472_50_g3139/Y -       B->Y    F     NAND2xp5_ASAP7_75t_SL          3  1.6    26    15    1393    (-,-) 
  u_ctrl/add_426_40_Y_add_427_40_Y_add_488_52_Y_add_494_43_Y_add_472_50_g3136/Y -       B->Y    R     NOR2xp33_ASAP7_75t_SL          2  1.7    39    22    1415    (-,-) 
  u_ctrl/add_426_40_Y_add_427_40_Y_add_488_52_Y_add_494_43_Y_add_472_50_g2/Y    -       A->Y    R     XOR2xp5_ASAP7_75t_SL           1  0.6    22    18    1433    (-,-) 
  u_ctrl/g87516/Y                                                               -       B2->Y   F     AOI22xp5_ASAP7_75t_SL          1  0.6    33     9    1442    (-,-) 
  u_ctrl/retime_s12_20_reg/D                                                    <<<     -       F     ASYNC_DFFHx1_ASAP7_75t_SL      1    -     -     0    1442    (-,-) 
#------------------------------------------------------------------------------------------------------------------------------------------------------------------------

