============================================================
  Generated by:           Genus(TM) Synthesis Solution 25.10-p002_1
  Generated on:           Aug 31 2026  11:31:24 am
  Module:                 attacc_hbm_ctrl_top
  Operating conditions:   PVT_0P7V_25C (balanced_tree)
  Wireload mode:          enclosed
  Area mode:              timing library
============================================================

Timing
--------

Clock Period 
-------------
clk   1502.0 


  Cost    Critical         Violating 
 Group   Path Slack  TNS     Paths   
-------------------------------------
clk             0.0   0.0          0 
default    No paths   0.0            
-------------------------------------
Total                 0.0          0 

Instance Count
--------------
Leaf Instance Count             17632 
Physical Instance count             0 
Sequential Instance Count        3739 
Combinational Instance Count    13893 
Hierarchical Instance Count         3 

Area
----
Cell Area                          2086.879
Physical Cell Area                 0.000
Total Cell Area (Cell+Physical)    2086.879
Net Area                           0.000
Total Area (Cell+Physical+Net)     2086.879

Max Fanout                         3739 (clk)
Min Fanout                         0 (plan_cmd_op[0])
Average Fanout                     2.4
Terms to net ratio                 3.6549
Terms to instance ratio            3.7556
Runtime                            376.1154499999955 seconds
Elapsed Runtime                    382 seconds
Genus peak memory usage            2497.25 
Innovus peak memory usage          no_value 
Hostname                           squire.ece.uw.edu
