============================================================
  Generated by:           Genus(TM) Synthesis Solution 25.10-p002_1
  Generated on:           Aug 31 2026  12:59:50 pm
  Module:                 accumulator_bg
  Operating conditions:   PVT_0P7V_25C (balanced_tree)
  Wireload mode:          enclosed
  Area mode:              timing library
============================================================

Timing
--------

Clock Period 
-------------
clk   1502.0 


  Cost    Critical         Violating 
 Group   Path Slack  TNS     Paths   
-------------------------------------
clk           313.9   0.0          0 
default    No paths   0.0            
-------------------------------------
Total                 0.0          0 

Instance Count
--------------
Leaf Instance Count             2032 
Physical Instance count            0 
Sequential Instance Count        118 
Combinational Instance Count    1914 
Hierarchical Instance Count        3 

Area
----
Cell Area                          163.179
Physical Cell Area                 0.000
Total Cell Area (Cell+Physical)    163.179
Net Area                           0.000
Total Area (Cell+Physical+Net)     163.179

Max Fanout                         118 (clk)
Min Fanout                         0 (s1_v[1])
Average Fanout                     2.3
Terms to net ratio                 3.3949
Terms to instance ratio            3.5202
Runtime                            26.273851 seconds
Elapsed Runtime                    25 seconds
Genus peak memory usage            2292.34 
Innovus peak memory usage          no_value 
Hostname                           squire.ece.uw.edu
