============================================================
  Generated by:           Genus(TM) Synthesis Solution 25.10-p002_1
  Generated on:           Aug 31 2026  12:59:50 pm
  Module:                 accumulator_bg
  Operating conditions:   PVT_0P7V_25C (balanced_tree)
  Wireload mode:          enclosed
  Area mode:              timing library
============================================================


Path 1: MET (314 ps) Setup Check with Pin u_l1a/y_reg[13]/CLK->D
          Group: clk
     Startpoint: (F) parts[0][12]
          Clock: (R) clk
       Endpoint: (F) u_l1a/y_reg[13]/D
          Clock: (R) clk

                     Capture       Launch     
        Clock Edge:+    1502            0     
        Drv Adjust:+       0           15     
       Src Latency:+       0            0     
       Net Latency:+       0 (I)        0 (I) 
           Arrival:=    1502           15     
                                              
             Setup:-      11                  
       Uncertainty:-      45                  
     Required Time:=    1445                  
      Launch Clock:-      15                  
       Input Delay:-     150                  
         Data Path:-     966                  
             Slack:=     314                  

Exceptions/Constraints:
  input_delay             150             in_del_6_1   

#--------------------------------------------------------------------------------------------------------------------------------
#              Timing Point                Flags   Arc   Edge           Cell            Fanout Load Trans Delay Arrival Instance 
#                                                                                              (fF)  (ps)  (ps)   (ps)  Location 
#--------------------------------------------------------------------------------------------------------------------------------
  parts[0][12]                             -       -     F     (arrival)                     4 13.6    31     0     165    (-,-) 
  u_l1a/g8008/Y                            (P)     A->Y  R     INVxp67_ASAP7_75t_SL          4  2.3    30    19     184    (-,-) 
  u_l1a/g7973__5122/Y                      (P)     B2->Y F     AOI22xp5_ASAP7_75t_SL         1  0.5    25     9     193    (-,-) 
  u_l1a/g7964__8428/Y                      (P)     A->Y  R     NAND2xp5_ASAP7_75t_SL         3  1.7    26    17     210    (-,-) 
  u_l1a/g7955__1666/Y                      (P)     B->Y  F     NOR2xp33_ASAP7_75t_SL         1  0.6    17    12     222    (-,-) 
  u_l1a/g7953__2883/Y                      (P)     A1->Y R     AOI21xp5_ASAP7_75t_SL         1  1.1    22    12     234    (-,-) 
  u_l1a/g7952__9945/Y                      (P)     B->Y  R     AND2x4_ASAP7_75t_SL          13 10.1    21    22     255    (-,-) 
  u_l1a/g7945__5115/Y                      (P)     B->Y  F     NAND2xp5_ASAP7_75t_SL         1  0.6    20     8     263    (-,-) 
  u_l1a/g7942__6131/Y                      (P)     B->Y  F     OA21x2_ASAP7_75t_SL           6  4.7    18    20     283    (-,-) 
  u_l1a/g7937/Y                            (P)     A->Y  R     INVx2_ASAP7_75t_SL            5  2.9    14    10     293    (-,-) 
  u_l1a/g7889__8428/Y                      (P)     B2->Y F     AOI22xp33_ASAP7_75t_SL        3  1.6    35    16     309    (-,-) 
  u_l1a/g7861__1881/Y                      (P)     A2->Y F     OA21x2_ASAP7_75t_SL          13  7.6    26    31     340    (-,-) 
  u_l1a/g7834__7410/Y                      (P)     B->Y  R     NAND2xp5_ASAP7_75t_SL         3  1.9    29    17     357    (-,-) 
  u_l1a/g7832/Y                            (P)     A->Y  F     INVx1_ASAP7_75t_SL            2  1.1    14     8     364    (-,-) 
  u_l1a/g7807__1617/Y                      (P)     A->Y  R     NAND2xp5_ASAP7_75t_SL         1  0.6    13     9     373    (-,-) 
  u_l1a/g7789__1666/Y                      (P)     B->Y  F     NAND2xp5_ASAP7_75t_SL         3  1.6    20    11     385    (-,-) 
  u_l1a/g7784__9945/Y                      (P)     A->Y  R     NAND2xp5_ASAP7_75t_L          1  0.6    15    12     397    (-,-) 
  u_l1a/g7772__5122/Y                      (P)     C->Y  F     O2A1O1Ixp33_ASAP7_75t_SL      1  0.6    18     9     406    (-,-) 
  u_l1a/g7768__3680/Y                      (P)     C->Y  R     O2A1O1Ixp33_ASAP7_75t_SL      1  0.6    23    13     419    (-,-) 
  u_l1a/g2/Y                               (P)     C->Y  F     O2A1O1Ixp33_ASAP7_75t_SL      1  0.5    16    10     429    (-,-) 
  u_l1a/g7761__2398/Y                      (P)     B->Y  R     OAI211xp5_ASAP7_75t_SL        3  1.3    39    14     443    (-,-) 
  u_l1a/sub_75_53_Y_add_74_53_g795__2802/Y (P)     B->Y  F     NOR2xp33_ASAP7_75t_SL         2  1.5    62    22     465    (-,-) 
  u_l1a/sub_75_53_Y_add_74_53_g767__2346/Y (P)     A->Y  F     AND2x2_ASAP7_75t_SL           2  1.6    12    26     491    (-,-) 
  u_l1a/sub_75_53_Y_add_74_53_g753__6161/Y (P)     B->Y  R     NAND2xp5_ASAP7_75t_SL         2  1.6    32    12     503    (-,-) 
  u_l1a/sub_75_53_Y_add_74_53_g740__1881/Y (P)     A->Y  F     MAJIxp5_ASAP7_75t_SL          2  1.6    33    16     519    (-,-) 
  u_l1a/sub_75_53_Y_add_74_53_g736__6131/Y (P)     A->Y  R     MAJIxp5_ASAP7_75t_SL          2  1.7    40    21     540    (-,-) 
  u_l1a/sub_75_53_Y_add_74_53_g733__7098/Y (P)     A->Y  F     MAJIxp5_ASAP7_75t_SL          2  1.6    33    17     557    (-,-) 
  u_l1a/sub_75_53_Y_add_74_53_g730__8246/Y (P)     A->Y  R     MAJIxp5_ASAP7_75t_SL          2  1.6    38    21     578    (-,-) 
  u_l1a/sub_75_53_Y_add_74_53_g728__5122/Y (P)     A->Y  F     MAJIxp5_ASAP7_75t_SL          2  1.6    33    17     595    (-,-) 
  u_l1a/sub_75_53_Y_add_74_53_g725__1705/Y (P)     A->Y  R     MAJIxp5_ASAP7_75t_SL          2  1.7    40    21     616    (-,-) 
  u_l1a/sub_75_53_Y_add_74_53_g722__2802/Y (P)     A->Y  F     MAJIxp5_ASAP7_75t_SL          2  1.6    33    17     633    (-,-) 
  u_l1a/sub_75_53_Y_add_74_53_g719__1617/Y (P)     A->Y  R     MAJIxp5_ASAP7_75t_SL          2  1.6    38    21     653    (-,-) 
  u_l1a/sub_75_53_Y_add_74_53_g716__3680/Y (P)     A->Y  F     MAJIxp5_ASAP7_75t_SL          2  1.6    33    17     670    (-,-) 
  u_l1a/sub_75_53_Y_add_74_53_g712__6783/Y (P)     A->Y  R     MAJIxp5_ASAP7_75t_SL          2  1.4    36    20     690    (-,-) 
  u_l1a/sub_75_53_Y_add_74_53_g711__5526/Y (P)     A->Y  F     XOR2x2_ASAP7_75t_SL           4  2.2    13    22     711    (-,-) 
  u_l1a/g7220/Y                            (P)     A->Y  R     INVxp67_ASAP7_75t_SL          3  1.7    20    12     724    (-,-) 
  u_l1a/g7197__2346/Y                      (P)     A->Y  F     NAND2xp5_ASAP7_75t_SL         2  1.0    16     8     732    (-,-) 
  u_l1a/g7183__7482/Y                      (P)     A->Y  R     NOR2xp33_ASAP7_75t_SL         2  1.1    26    14     746    (-,-) 
  u_l1a/g7169__2802/Y                      (P)     B->Y  F     NAND2xp5_ASAP7_75t_SL         5  2.5    33    17     764    (-,-) 
  u_l1a/g8047/Y                            (P)     A->Y  R     NOR2xp33_ASAP7_75t_SL         2  0.8    24    14     777    (-,-) 
  u_l1a/g7149__2346/Y                      (P)     B->Y  F     NOR2xp33_ASAP7_75t_SL         3  1.8    65    22     799    (-,-) 
  u_l1a/g7141__4733/Y                      (P)     B->Y  R     NAND2xp5_ASAP7_75t_SL         6  3.4    50    32     831    (-,-) 
  u_l1a/g7073__5526/Y                      (P)     A2->Y F     OAI22xp5_ASAP7_75t_SL         2  1.1    26    14     845    (-,-) 
  u_l1a/g7057__9945/Y                      (P)     B->Y  R     NAND2xp5_ASAP7_75t_SL         3  1.4    23    15     860    (-,-) 
  u_l1a/g7041__5122/Y                      (P)     B->Y  F     NOR2xp33_ASAP7_75t_SL         3  1.7    39    21     880    (-,-) 
  u_l1a/g7037__2802/Y                      (P)     B->Y  R     NAND2xp5_ASAP7_75t_SL         3  1.4    25    17     897    (-,-) 
  u_l1a/g7030__8428/Y                      (P)     B->Y  F     NOR2xp33_ASAP7_75t_SL         3  1.7    38    21     918    (-,-) 
  u_l1a/g7025__6260/Y                      (P)     B->Y  R     NAND2xp5_ASAP7_75t_SL         3  1.4    25    17     935    (-,-) 
  u_l1a/g7022__2398/Y                      (P)     B->Y  F     NOR2xp33_ASAP7_75t_SL         3  1.7    38    21     956    (-,-) 
  u_l1a/g7020__5477/Y                      (P)     B->Y  R     NAND2xp5_ASAP7_75t_SL         3  1.4    25    17     973    (-,-) 
  u_l1a/g7018__6417/Y                      (P)     B->Y  F     NOR2xp33_ASAP7_75t_SL         3  1.7    41    21     994    (-,-) 
  u_l1a/g7016__7410/Y                      (P)     B->Y  R     NAND2xp5_ASAP7_75t_SL         3  1.6    27    18    1012    (-,-) 
  u_l1a/g7015/Y                            (P)     A->Y  F     INVxp67_ASAP7_75t_SL          2  1.2    17    10    1023    (-,-) 
  u_l1a/g7013__2346/Y                      (P)     B->Y  R     NAND2xp5_ASAP7_75t_SL         3  1.4    22    13    1036    (-,-) 
  u_l1a/g7010__9945/Y                      (P)     B->Y  F     NOR2xp33_ASAP7_75t_SL         3  1.4    28    18    1054    (-,-) 
  u_l1a/g7007__6161/Y                      (P)     B->Y  R     AOI21xp33_ASAP7_75t_SL        2  1.4    36    22    1076    (-,-) 
  u_l1a/g7000__7098/Y                      (P)     A2->Y F     AOI21x1_ASAP7_75t_L          11  8.8    54    30    1106    (-,-) 
  u_l1a/g8032/Y                            (P)     A->Y  R     CKINVDCx5p33_ASAP7_75t_R      4  2.0    16    14    1121    (-,-) 
  u_l1a/g6985__5107/Y                      (P)     B->Y  F     NOR2xp33_ASAP7_75t_SL         1  0.6    17    11    1131    (-,-) 
  u_l1a/y_reg[13]/D                        <<< (P) -     F     ASYNC_DFFHx1_ASAP7_75t_L      1    -     -     0    1131    (-,-) 
#--------------------------------------------------------------------------------------------------------------------------------

(P) : Instance is preserved

