============================================================
  Generated by:           Genus(TM) Synthesis Solution 25.10-p002_1
  Generated on:           Aug 31 2026  12:59:50 pm
  Operating conditions:   PVT_0P7V_25C (balanced_tree)
  Wireload mode:          enclosed
  Area mode:              timing library
============================================================

                                                                                     
           Gate             Instances   Area                  Library                
-------------------------------------------------------------------------------------
A2O1A1Ixp33_ASAP7_75t_SL           18   1.575     asap7sc7p5t_AO_SLVT_TT_nldm_201020 
A2O1A1O1Ixp25_ASAP7_75t_SL          9   1.181     asap7sc7p5t_AO_SLVT_TT_nldm_201020 
AND2x2_ASAP7_75t_SL                15   1.312 asap7sc7p5t_SIMPLE_SLVT_TT_nldm_201020 
AND2x4_ASAP7_75t_SL                 3   0.437 asap7sc7p5t_SIMPLE_SLVT_TT_nldm_201020 
AND4x1_ASAP7_75t_SL                 3   0.306 asap7sc7p5t_SIMPLE_SLVT_TT_nldm_201020 
AND5x1_ASAP7_75t_SL                 6   0.700 asap7sc7p5t_SIMPLE_SLVT_TT_nldm_201020 
AO21x1_ASAP7_75t_SL                 3   0.262     asap7sc7p5t_AO_SLVT_TT_nldm_201020 
AOI211xp5_ASAP7_75t_SL              9   0.787     asap7sc7p5t_AO_SLVT_TT_nldm_201020 
AOI21x1_ASAP7_75t_L                 3   0.350      asap7sc7p5t_AO_LVT_TT_nldm_201020 
AOI21xp33_ASAP7_75t_SL             12   0.875     asap7sc7p5t_AO_SLVT_TT_nldm_201020 
AOI21xp5_ASAP7_75t_SL              21   1.531     asap7sc7p5t_AO_SLVT_TT_nldm_201020 
AOI221xp5_ASAP7_75t_SL             18   1.837     asap7sc7p5t_AO_SLVT_TT_nldm_201020 
AOI22x1_ASAP7_75t_SL                3   0.437     asap7sc7p5t_AO_SLVT_TT_nldm_201020 
AOI22xp33_ASAP7_75t_L               3   0.262      asap7sc7p5t_AO_LVT_TT_nldm_201020 
AOI22xp33_ASAP7_75t_SL             19   1.662     asap7sc7p5t_AO_SLVT_TT_nldm_201020 
AOI22xp5_ASAP7_75t_L                9   0.787      asap7sc7p5t_AO_LVT_TT_nldm_201020 
AOI22xp5_ASAP7_75t_SL             195  17.059     asap7sc7p5t_AO_SLVT_TT_nldm_201020 
AOI322xp5_ASAP7_75t_SL              6   0.787     asap7sc7p5t_AO_SLVT_TT_nldm_201020 
AOI32xp33_ASAP7_75t_SL              3   0.306     asap7sc7p5t_AO_SLVT_TT_nldm_201020 
ASYNC_DFFHx1_ASAP7_75t_L           52  19.712     asap7sc7p5t_SEQ_LVT_TT_nldm_201020 
ASYNC_DFFHx1_ASAP7_75t_SL          66  25.019    asap7sc7p5t_SEQ_SLVT_TT_nldm_201020 
BUFx2_ASAP7_75t_SL                  4   0.292 asap7sc7p5t_INVBUF_SLVT_TT_nldm_201020 
CKINVDCx11_ASAP7_75t_R              1   0.000  asap7sc7p5t_INVBUF_RVT_TT_nldm_201020 
CKINVDCx14_ASAP7_75t_R             12   0.000  asap7sc7p5t_INVBUF_RVT_TT_nldm_201020 
CKINVDCx16_ASAP7_75t_R             42   0.000  asap7sc7p5t_INVBUF_RVT_TT_nldm_201020 
CKINVDCx20_ASAP7_75t_R            223   0.000  asap7sc7p5t_INVBUF_RVT_TT_nldm_201020 
CKINVDCx5p33_ASAP7_75t_R           45   0.000  asap7sc7p5t_INVBUF_RVT_TT_nldm_201020 
HAxp5_ASAP7_75t_SL                  3   0.394 asap7sc7p5t_SIMPLE_SLVT_TT_nldm_201020 
HB1xp67_ASAP7_75t_L                 1   0.058  asap7sc7p5t_INVBUF_LVT_TT_nldm_201020 
INVx1_ASAP7_75t_SL                107   4.680 asap7sc7p5t_INVBUF_SLVT_TT_nldm_201020 
INVx2_ASAP7_75t_SL                  6   0.350 asap7sc7p5t_INVBUF_SLVT_TT_nldm_201020 
INVx5_ASAP7_75t_SL                  3   0.306 asap7sc7p5t_INVBUF_SLVT_TT_nldm_201020 
INVxp33_ASAP7_75t_SL               12   0.525 asap7sc7p5t_INVBUF_SLVT_TT_nldm_201020 
INVxp67_ASAP7_75t_SL              240  10.498 asap7sc7p5t_INVBUF_SLVT_TT_nldm_201020 
MAJIxp5_ASAP7_75t_SL               33   3.368 asap7sc7p5t_SIMPLE_SLVT_TT_nldm_201020 
NAND2xp33_ASAP7_75t_L               6   0.350  asap7sc7p5t_SIMPLE_LVT_TT_nldm_201020 
NAND2xp33_ASAP7_75t_SL             11   0.642 asap7sc7p5t_SIMPLE_SLVT_TT_nldm_201020 
NAND2xp5_ASAP7_75t_L               15   0.875  asap7sc7p5t_SIMPLE_LVT_TT_nldm_201020 
NAND2xp5_ASAP7_75t_SL             156   9.098 asap7sc7p5t_SIMPLE_SLVT_TT_nldm_201020 
NAND3xp33_ASAP7_75t_SL             12   0.875 asap7sc7p5t_SIMPLE_SLVT_TT_nldm_201020 
NAND5xp2_ASAP7_75t_SL              12   1.225 asap7sc7p5t_SIMPLE_SLVT_TT_nldm_201020 
NOR2xp33_ASAP7_75t_SL             154   8.981 asap7sc7p5t_SIMPLE_SLVT_TT_nldm_201020 
NOR3xp33_ASAP7_75t_SL              15   1.094 asap7sc7p5t_SIMPLE_SLVT_TT_nldm_201020 
NOR4xp25_ASAP7_75t_SL               1   0.087 asap7sc7p5t_SIMPLE_SLVT_TT_nldm_201020 
NOR5xp2_ASAP7_75t_SL                6   0.612 asap7sc7p5t_SIMPLE_SLVT_TT_nldm_201020 
O2A1O1Ixp33_ASAP7_75t_SL           36   3.149     asap7sc7p5t_OA_SLVT_TT_nldm_201020 
OA21x2_ASAP7_75t_SL                 9   0.919     asap7sc7p5t_OA_SLVT_TT_nldm_201020 
OAI211xp5_ASAP7_75t_SL             33   2.887     asap7sc7p5t_OA_SLVT_TT_nldm_201020 
OAI21xp33_ASAP7_75t_SL              6   0.437     asap7sc7p5t_OA_SLVT_TT_nldm_201020 
OAI21xp5_ASAP7_75t_SL              48   3.499     asap7sc7p5t_OA_SLVT_TT_nldm_201020 
OAI221xp5_ASAP7_75t_L               3   0.306      asap7sc7p5t_OA_LVT_TT_nldm_201020 
OAI221xp5_ASAP7_75t_SL              9   0.919     asap7sc7p5t_OA_SLVT_TT_nldm_201020 
OAI222xp33_ASAP7_75t_SL             9   1.312     asap7sc7p5t_OA_SLVT_TT_nldm_201020 
OAI22xp33_ASAP7_75t_SL             54   4.724     asap7sc7p5t_OA_SLVT_TT_nldm_201020 
OAI22xp5_ASAP7_75t_SL             147  12.860     asap7sc7p5t_OA_SLVT_TT_nldm_201020 
OAI32xp33_ASAP7_75t_L               3   0.306      asap7sc7p5t_OA_LVT_TT_nldm_201020 
OAI332xp33_ASAP7_75t_SL             3   0.437     asap7sc7p5t_OA_SLVT_TT_nldm_201020 
OR2x2_ASAP7_75t_SL                  6   0.525 asap7sc7p5t_SIMPLE_SLVT_TT_nldm_201020 
OR3x1_ASAP7_75t_SL                  1   0.087 asap7sc7p5t_SIMPLE_SLVT_TT_nldm_201020 
XNOR2xp5_ASAP7_75t_SL              18   2.362 asap7sc7p5t_SIMPLE_SLVT_TT_nldm_201020 
XOR2x2_ASAP7_75t_SL                 9   1.443 asap7sc7p5t_SIMPLE_SLVT_TT_nldm_201020 
XOR2xp5_ASAP7_75t_L                 9   1.181  asap7sc7p5t_SIMPLE_LVT_TT_nldm_201020 
XOR2xp5_ASAP7_75t_SL               33   4.330 asap7sc7p5t_SIMPLE_SLVT_TT_nldm_201020 
-------------------------------------------------------------------------------------
total                            2032 163.179                                        
                                                                    
                Library                Instances  Area  Instances % 
--------------------------------------------------------------------
asap7sc7p5t_AO_LVT_TT_nldm_201020             15  1.400         0.7 
asap7sc7p5t_AO_SLVT_TT_nldm_201020           316 28.300        15.6 
asap7sc7p5t_INVBUF_LVT_TT_nldm_201020          1  0.058         0.0 
asap7sc7p5t_INVBUF_RVT_TT_nldm_201020        323  0.000        15.9 
asap7sc7p5t_INVBUF_SLVT_TT_nldm_201020       372 16.650        18.3 
asap7sc7p5t_OA_LVT_TT_nldm_201020              6  0.612         0.3 
asap7sc7p5t_OA_SLVT_TT_nldm_201020           354 31.143        17.4 
asap7sc7p5t_SEQ_LVT_TT_nldm_201020            52 19.712         2.6 
asap7sc7p5t_SEQ_SLVT_TT_nldm_201020           66 25.019         3.2 
asap7sc7p5t_SIMPLE_LVT_TT_nldm_201020         30  2.406         1.5 
asap7sc7p5t_SIMPLE_SLVT_TT_nldm_201020       497 37.879        24.5 
                                        
     Type      Instances   Area  Area % 
----------------------------------------
sequential           118  44.731   27.4 
inverter             691  16.359   10.0 
buffer                 5   0.350    0.2 
logic               1218 101.739   62.3 
physical_cells         0   0.000    0.0 
----------------------------------------
total               2032 163.179  100.0 
