 
****************************************
Report : area
Design : attacc_logic_die
Version: P-2019.03-SP5-6
Date   : Sat Aug 29 00:00:45 2026
****************************************

Library(s) Used:

    asap7sc7p5t_SIMPLE_RVT_TT_nldm_211120 (File: /thu-bloor/xinyao-w23/kvpim-rtl/third_party/asap7_lib/db/asap7sc7p5t_SIMPLE_RVT_TT_nldm_211120.db)
    asap7sc7p5t_INVBUF_RVT_TT_nldm_211120 (File: /thu-bloor/xinyao-w23/kvpim-rtl/third_party/asap7_lib/db/asap7sc7p5t_INVBUF_RVT_TT_nldm_211120.db)
    asap7sc7p5t_OA_RVT_TT_nldm_211120 (File: /thu-bloor/xinyao-w23/kvpim-rtl/third_party/asap7_lib/db/asap7sc7p5t_OA_RVT_TT_nldm_211120.db)
    asap7sc7p5t_AO_RVT_TT_nldm_211120 (File: /thu-bloor/xinyao-w23/kvpim-rtl/third_party/asap7_lib/db/asap7sc7p5t_AO_RVT_TT_nldm_211120.db)
    asap7sc7p5t_SEQ_RVT_TT_nldm_220123 (File: /thu-bloor/xinyao-w23/kvpim-rtl/third_party/asap7_lib/db/asap7sc7p5t_SEQ_RVT_TT_nldm_220123.db)
    srambank_64x4x16_6t122 (File: /thu-bloor/xinyao-w23/kvpim-rtl/third_party/asap7/asap7_sram_0p0/generated/db/srambank_64x4x16_6t122.db)

Number of ports:                        39536
Number of nets:                        236461
Number of cells:                       194024
Number of combinational cells:         187681
Number of sequential cells:              5605
Number of macros/black boxes:             128
Number of buf/inv:                      58553
Number of references:                      10

Combinational area:              14176.031945
Buf/Inv area:                     2673.899132
Noncombinational area:            2072.576141
Macro/Black Box area:            31890.308594
Net Interconnect area:      undefined  (No wire load specified)

Total cell area:                 48138.916680
Total area:                 undefined

Information: This design contains black box (unknown) components. (RPT-8)

Hierarchical area distribution
------------------------------

                                  Global cell area              Local cell area
                                  -------------------  --------------------------------- 
Hierarchical cell                 Absolute    Percent  Combi-      Noncombi-  Black-
                                  Total       Total    national    national   boxes       Design
--------------------------------  ----------  -------  ----------  ---------  ----------  -----------------------------------------
attacc_logic_die                  48138.9167    100.0      0.1021     0.0000      0.0000  attacc_logic_die
g_gemv[0].u_gemv                  11830.3431     24.6     90.1627   113.3449      0.0000  gemv_unit_0
g_gemv[0].u_gemv/g_ctx_acc[0].u_ctx_add    82.2020     0.2    58.5970    6.4444     0.0000 fp16_add_116
g_gemv[0].u_gemv/g_ctx_acc[0].u_ctx_add/add_74_S2     9.2583     0.0     9.2583    0.0000     0.0000 fp16_add_116_DW01_add_5
g_gemv[0].u_gemv/g_ctx_acc[0].u_ctx_add/sub_75     7.9024     0.0     7.9024    0.0000     0.0000 fp16_add_116_DW01_sub_11
g_gemv[0].u_gemv/g_ctx_acc[10].u_ctx_add    85.3513     0.2    59.9238    6.4444     0.0000 fp16_add_106
g_gemv[0].u_gemv/g_ctx_acc[10].u_ctx_add/add_74_S2     9.1271     0.0     9.1271    0.0000     0.0000 fp16_add_106_DW01_add_5
g_gemv[0].u_gemv/g_ctx_acc[10].u_ctx_add/sub_75     9.8561     0.0     9.8561    0.0000     0.0000 fp16_add_106_DW01_sub_12
g_gemv[0].u_gemv/g_ctx_acc[11].u_ctx_add    84.7244     0.2    59.2677    6.4444     0.0000 fp16_add_105
g_gemv[0].u_gemv/g_ctx_acc[11].u_ctx_add/add_74_S2     9.5353     0.0     9.5353    0.0000     0.0000 fp16_add_105_DW01_add_5
g_gemv[0].u_gemv/g_ctx_acc[11].u_ctx_add/sub_75     9.4770     0.0     9.4770    0.0000     0.0000 fp16_add_105_DW01_sub_12
g_gemv[0].u_gemv/g_ctx_acc[12].u_ctx_add    86.5031     0.2    60.7549    6.4444     0.0000 fp16_add_104
g_gemv[0].u_gemv/g_ctx_acc[12].u_ctx_add/add_74_S2     9.5936     0.0     9.5936    0.0000     0.0000 fp16_add_104_DW01_add_5
g_gemv[0].u_gemv/g_ctx_acc[12].u_ctx_add/sub_75     9.7103     0.0     9.7103    0.0000     0.0000 fp16_add_104_DW01_sub_12
g_gemv[0].u_gemv/g_ctx_acc[13].u_ctx_add    85.2493     0.2    60.7549    6.4444     0.0000 fp16_add_103
g_gemv[0].u_gemv/g_ctx_acc[13].u_ctx_add/add_74_S2     9.2583     0.0     9.2583    0.0000     0.0000 fp16_add_103_DW01_add_5
g_gemv[0].u_gemv/g_ctx_acc[13].u_ctx_add/sub_75     8.7917     0.0     8.7917    0.0000     0.0000 fp16_add_103_DW01_sub_12
g_gemv[0].u_gemv/g_ctx_acc[14].u_ctx_add    85.5992     0.2    61.0902    6.4444     0.0000 fp16_add_102
g_gemv[0].u_gemv/g_ctx_acc[14].u_ctx_add/add_74_S2     9.3749     0.0     9.3749    0.0000     0.0000 fp16_add_102_DW01_add_5
g_gemv[0].u_gemv/g_ctx_acc[14].u_ctx_add/sub_75     8.6897     0.0     8.6897    0.0000     0.0000 fp16_add_102_DW01_sub_12
g_gemv[0].u_gemv/g_ctx_acc[15].u_ctx_add    86.0949     0.2    61.5713    6.4444     0.0000 fp16_add_101
g_gemv[0].u_gemv/g_ctx_acc[15].u_ctx_add/add_74_S2     9.1854     0.0     9.1854    0.0000     0.0000 fp16_add_101_DW01_add_5
g_gemv[0].u_gemv/g_ctx_acc[15].u_ctx_add/sub_75     8.8938     0.0     8.8938    0.0000     0.0000 fp16_add_101_DW01_sub_12
g_gemv[0].u_gemv/g_ctx_acc[1].u_ctx_add    80.4379     0.2    56.9203    6.4444     0.0000 fp16_add_115
g_gemv[0].u_gemv/g_ctx_acc[1].u_ctx_add/add_74_S2     9.1271     0.0     9.1271    0.0000     0.0000 fp16_add_115_DW01_add_5
g_gemv[0].u_gemv/g_ctx_acc[1].u_ctx_add/sub_75     7.9461     0.0     7.9461    0.0000     0.0000 fp16_add_115_DW01_sub_11
g_gemv[0].u_gemv/g_ctx_acc[2].u_ctx_add    80.8753     0.2    57.3286    6.4444     0.0000 fp16_add_114
g_gemv[0].u_gemv/g_ctx_acc[2].u_ctx_add/add_74_S2     9.0979     0.0     9.0979    0.0000     0.0000 fp16_add_114_DW01_add_5
g_gemv[0].u_gemv/g_ctx_acc[2].u_ctx_add/sub_75     8.0044     0.0     8.0044    0.0000     0.0000 fp16_add_114_DW01_sub_11
g_gemv[0].u_gemv/g_ctx_acc[3].u_ctx_add    82.3916     0.2    58.8449    6.4444     0.0000 fp16_add_113
g_gemv[0].u_gemv/g_ctx_acc[3].u_ctx_add/add_74_S2     9.2875     0.0     9.2875    0.0000     0.0000 fp16_add_113_DW01_add_5
g_gemv[0].u_gemv/g_ctx_acc[3].u_ctx_add/sub_75     7.8149     0.0     7.8149    0.0000     0.0000 fp16_add_113_DW01_sub_11
g_gemv[0].u_gemv/g_ctx_acc[4].u_ctx_add    83.4705     0.2    59.6322    6.4444     0.0000 fp16_add_112
g_gemv[0].u_gemv/g_ctx_acc[4].u_ctx_add/add_74_S2     9.3749     0.0     9.3749    0.0000     0.0000 fp16_add_112_DW01_add_5
g_gemv[0].u_gemv/g_ctx_acc[4].u_ctx_add/sub_75     8.0190     0.0     8.0190    0.0000     0.0000 fp16_add_112_DW01_sub_11
g_gemv[0].u_gemv/g_ctx_acc[5].u_ctx_add    83.3976     0.2    59.7197    6.4444     0.0000 fp16_add_111
g_gemv[0].u_gemv/g_ctx_acc[5].u_ctx_add/add_74_S2     9.3749     0.0     9.3749    0.0000     0.0000 fp16_add_111_DW01_add_5
g_gemv[0].u_gemv/g_ctx_acc[5].u_ctx_add/sub_75     7.8586     0.0     7.8586    0.0000     0.0000 fp16_add_111_DW01_sub_11
g_gemv[0].u_gemv/g_ctx_acc[6].u_ctx_add    81.7063     0.2    57.9263    6.4444     0.0000 fp16_add_110
g_gemv[0].u_gemv/g_ctx_acc[6].u_ctx_add/add_74_S2     9.3749     0.0     9.3749    0.0000     0.0000 fp16_add_110_DW01_add_5
g_gemv[0].u_gemv/g_ctx_acc[6].u_ctx_add/sub_75     7.9607     0.0     7.9607    0.0000     0.0000 fp16_add_110_DW01_sub_11
g_gemv[0].u_gemv/g_ctx_acc[7].u_ctx_add    81.1085     0.2    57.5473    6.4444     0.0000 fp16_add_109
g_gemv[0].u_gemv/g_ctx_acc[7].u_ctx_add/add_74_S2     9.2146     0.0     9.2146    0.0000     0.0000 fp16_add_109_DW01_add_5
g_gemv[0].u_gemv/g_ctx_acc[7].u_ctx_add/sub_75     7.9024     0.0     7.9024    0.0000     0.0000 fp16_add_109_DW01_sub_11
g_gemv[0].u_gemv/g_ctx_acc[8].u_ctx_add    82.1146     0.2    58.2325    6.4444     0.0000 fp16_add_108
g_gemv[0].u_gemv/g_ctx_acc[8].u_ctx_add/add_74_S2     9.3312     0.0     9.3312    0.0000     0.0000 fp16_add_108_DW01_add_5
g_gemv[0].u_gemv/g_ctx_acc[8].u_ctx_add/sub_75     8.1065     0.0     8.1065    0.0000     0.0000 fp16_add_108_DW01_sub_11
g_gemv[0].u_gemv/g_ctx_acc[9].u_ctx_add    83.8787     0.2    58.4658    6.4444     0.0000 fp16_add_107
g_gemv[0].u_gemv/g_ctx_acc[9].u_ctx_add/add_74_S2     9.1708     0.0     9.1708    0.0000     0.0000 fp16_add_107_DW01_add_5
g_gemv[0].u_gemv/g_ctx_acc[9].u_ctx_add/sub_75     9.7978     0.0     9.7978    0.0000     0.0000 fp16_add_107_DW01_sub_12
g_gemv[0].u_gemv/g_l1[0].u_add       71.4857      0.1     49.2950     6.4444      0.0000  fp16_add_0
g_gemv[0].u_gemv/g_l1[0].u_add/add_74_S2     7.6399     0.0     7.6399    0.0000     0.0000 fp16_add_0_DW01_add_2
g_gemv[0].u_gemv/g_l1[0].u_add/sub_75     8.1065     0.0     8.1065    0.0000     0.0000  fp16_add_0_DW01_sub_6
g_gemv[0].u_gemv/g_l1[1].u_add       71.2087      0.1     49.1783     6.4444      0.0000  fp16_add_131
g_gemv[0].u_gemv/g_l1[1].u_add/add_74_S2     7.6399     0.0     7.6399    0.0000     0.0000 fp16_add_131_DW01_add_2
g_gemv[0].u_gemv/g_l1[1].u_add/sub_75     7.9461     0.0     7.9461    0.0000     0.0000  fp16_add_131_DW01_sub_6
g_gemv[0].u_gemv/g_l1[2].u_add       70.7276      0.1     48.5660     6.4444      0.0000  fp16_add_130
g_gemv[0].u_gemv/g_l1[2].u_add/add_74_S2     7.6837     0.0     7.6837    0.0000     0.0000 fp16_add_130_DW01_add_2
g_gemv[0].u_gemv/g_l1[2].u_add/sub_75     8.0336     0.0     8.0336    0.0000     0.0000  fp16_add_130_DW01_sub_6
g_gemv[0].u_gemv/g_l1[3].u_add       71.9231      0.1     49.8490     6.4444      0.0000  fp16_add_129
g_gemv[0].u_gemv/g_l1[3].u_add/add_74_S2     7.6399     0.0     7.6399    0.0000     0.0000 fp16_add_129_DW01_add_2
g_gemv[0].u_gemv/g_l1[3].u_add/sub_75     7.9898     0.0     7.9898    0.0000     0.0000  fp16_add_129_DW01_sub_6
g_gemv[0].u_gemv/g_l1[4].u_add       72.2293      0.2     50.0969     6.4444      0.0000  fp16_add_128
g_gemv[0].u_gemv/g_l1[4].u_add/add_74_S2     7.6399     0.0     7.6399    0.0000     0.0000 fp16_add_128_DW01_add_2
g_gemv[0].u_gemv/g_l1[4].u_add/sub_75     8.0482     0.0     8.0482    0.0000     0.0000  fp16_add_128_DW01_sub_6
g_gemv[0].u_gemv/g_l1[5].u_add       73.1770      0.2     49.8053     6.4444      0.0000  fp16_add_127
g_gemv[0].u_gemv/g_l1[5].u_add/add_74_S2     7.4795     0.0     7.4795    0.0000     0.0000 fp16_add_127_DW01_add_2
g_gemv[0].u_gemv/g_l1[5].u_add/sub_75     9.4478     0.0     9.4478    0.0000     0.0000  fp16_add_127_DW01_sub_8
g_gemv[0].u_gemv/g_l1[6].u_add       73.1041      0.2     49.9657     6.4444      0.0000  fp16_add_126
g_gemv[0].u_gemv/g_l1[6].u_add/add_74_S2     7.6108     0.0     7.6108    0.0000     0.0000 fp16_add_126_DW01_add_2
g_gemv[0].u_gemv/g_l1[6].u_add/sub_75     9.0833     0.0     9.0833    0.0000     0.0000  fp16_add_126_DW01_sub_8
g_gemv[0].u_gemv/g_l1[7].u_add       73.9935      0.2     50.6363     6.4444      0.0000  fp16_add_125
g_gemv[0].u_gemv/g_l1[7].u_add/add_74_S2     7.4358     0.0     7.4358    0.0000     0.0000 fp16_add_125_DW01_add_2
g_gemv[0].u_gemv/g_l1[7].u_add/sub_75     9.4770     0.0     9.4770    0.0000     0.0000  fp16_add_125_DW01_sub_8
g_gemv[0].u_gemv/g_l2[0].u_add       73.0604      0.2     48.6097     6.4444      0.0000  fp16_add_124
g_gemv[0].u_gemv/g_l2[0].u_add/add_74_S2     9.7103     0.0     9.7103    0.0000     0.0000 fp16_add_124_DW01_add_6
g_gemv[0].u_gemv/g_l2[0].u_add/sub_75     8.2960     0.0     8.2960    0.0000     0.0000  fp16_add_124_DW01_sub_7
g_gemv[0].u_gemv/g_l2[1].u_add       73.0750      0.2     48.6243     6.4444      0.0000  fp16_add_123
g_gemv[0].u_gemv/g_l2[1].u_add/add_74_S2     9.8707     0.0     9.8707    0.0000     0.0000 fp16_add_123_DW01_add_6
g_gemv[0].u_gemv/g_l2[1].u_add/sub_75     8.1356     0.0     8.1356    0.0000     0.0000  fp16_add_123_DW01_sub_7
g_gemv[0].u_gemv/g_l2[2].u_add       73.1479      0.2     48.6389     6.4444      0.0000  fp16_add_122
g_gemv[0].u_gemv/g_l2[2].u_add/add_74_S2     9.9290     0.0     9.9290    0.0000     0.0000 fp16_add_122_DW01_add_6
g_gemv[0].u_gemv/g_l2[2].u_add/sub_75     8.1356     0.0     8.1356    0.0000     0.0000  fp16_add_122_DW01_sub_7
g_gemv[0].u_gemv/g_l2[3].u_add       73.0895      0.2     48.5514     6.4444      0.0000  fp16_add_121
g_gemv[0].u_gemv/g_l2[3].u_add/add_74_S2     9.9144     0.0     9.9144    0.0000     0.0000 fp16_add_121_DW01_add_6
g_gemv[0].u_gemv/g_l2[3].u_add/sub_75     8.1794     0.0     8.1794    0.0000     0.0000  fp16_add_121_DW01_sub_7
g_gemv[0].u_gemv/g_l3[0].u_add       72.9583      0.2     48.5077     6.4444      0.0000  fp16_add_120
g_gemv[0].u_gemv/g_l3[0].u_add/add_74_S2     9.8707     0.0     9.8707    0.0000     0.0000 fp16_add_120_DW01_add_6
g_gemv[0].u_gemv/g_l3[0].u_add/sub_75     8.1356     0.0     8.1356    0.0000     0.0000  fp16_add_120_DW01_sub_7
g_gemv[0].u_gemv/g_l3[1].u_add       74.0081      0.2     49.6012     6.4444      0.0000  fp16_add_119
g_gemv[0].u_gemv/g_l3[1].u_add/add_74_S2     9.8998     0.0     9.8998    0.0000     0.0000 fp16_add_119_DW01_add_6
g_gemv[0].u_gemv/g_l3[1].u_add/sub_75     8.0627     0.0     8.0627    0.0000     0.0000  fp16_add_119_DW01_sub_7
g_gemv[0].u_gemv/g_mul[0].u_mul      71.8940      0.1     16.4317     6.4444      0.0000  fp16_mult_0
g_gemv[0].u_gemv/g_mul[0].u_mul/mult_35    49.0180     0.1    42.1945    0.0000     0.0000 fp16_mult_0_DW02_mult_0_DW02_mult_63
g_gemv[0].u_gemv/g_mul[0].u_mul/mult_35/FS_1     6.8234     0.0     6.8234    0.0000     0.0000 fp16_mult_0_DW01_add_3
g_gemv[0].u_gemv/g_mul[10].u_mul     71.6461      0.1     16.5337     6.4444      0.0000  fp16_mult_54
g_gemv[0].u_gemv/g_mul[10].u_mul/mult_35    48.6680     0.1    41.8446    0.0000     0.0000 fp16_mult_54_DW02_mult_0_DW02_mult_53
g_gemv[0].u_gemv/g_mul[10].u_mul/mult_35/FS_1     6.8234     0.0     6.8234    0.0000     0.0000 fp16_mult_54_DW01_add_3
g_gemv[0].u_gemv/g_mul[11].u_mul     71.6315      0.1     16.3879     6.4444      0.0000  fp16_mult_53
g_gemv[0].u_gemv/g_mul[11].u_mul/mult_35    48.7993     0.1    41.9758    0.0000     0.0000 fp16_mult_53_DW02_mult_0_DW02_mult_52
g_gemv[0].u_gemv/g_mul[11].u_mul/mult_35/FS_1     6.8234     0.0     6.8234    0.0000     0.0000 fp16_mult_53_DW01_add_3
g_gemv[0].u_gemv/g_mul[12].u_mul     71.8357      0.1     16.7087     6.4444      0.0000  fp16_mult_52
g_gemv[0].u_gemv/g_mul[12].u_mul/mult_35    48.6826     0.1    41.9029    0.0000     0.0000 fp16_mult_52_DW02_mult_0_DW02_mult_51
g_gemv[0].u_gemv/g_mul[12].u_mul/mult_35/FS_1     6.7797     0.0     6.7797    0.0000     0.0000 fp16_mult_52_DW01_add_3
g_gemv[0].u_gemv/g_mul[13].u_mul     71.9086      0.1     16.4025     6.4444      0.0000  fp16_mult_51
g_gemv[0].u_gemv/g_mul[13].u_mul/mult_35    49.0617     0.1    42.3549    0.0000     0.0000 fp16_mult_51_DW02_mult_0_DW02_mult_50
g_gemv[0].u_gemv/g_mul[13].u_mul/mult_35/FS_1     6.7068     0.0     6.7068    0.0000     0.0000 fp16_mult_51_DW01_add_3
g_gemv[0].u_gemv/g_mul[14].u_mul     72.2585      0.2     16.9711     6.4444      0.0000  fp16_mult_50
g_gemv[0].u_gemv/g_mul[14].u_mul/mult_35    48.8430     0.1    42.1362    0.0000     0.0000 fp16_mult_50_DW02_mult_0_DW02_mult_49
g_gemv[0].u_gemv/g_mul[14].u_mul/mult_35/FS_1     6.7068     0.0     6.7068    0.0000     0.0000 fp16_mult_50_DW01_add_3
g_gemv[0].u_gemv/g_mul[15].u_mul     72.2585      0.2     16.9420     6.4444      0.0000  fp16_mult_49
g_gemv[0].u_gemv/g_mul[15].u_mul/mult_35    48.8722     0.1    42.1654    0.0000     0.0000 fp16_mult_49_DW02_mult_0_DW02_mult_48
g_gemv[0].u_gemv/g_mul[15].u_mul/mult_35/FS_1     6.7068     0.0     6.7068    0.0000     0.0000 fp16_mult_49_DW01_add_3
g_gemv[0].u_gemv/g_mul[1].u_mul      71.9523      0.1     16.5920     6.4444      0.0000  fp16_mult_63
g_gemv[0].u_gemv/g_mul[1].u_mul/mult_35    48.9159     0.1    42.0633    0.0000     0.0000 fp16_mult_63_DW02_mult_0_DW02_mult_62
g_gemv[0].u_gemv/g_mul[1].u_mul/mult_35/FS_1     6.8526     0.0     6.8526    0.0000     0.0000 fp16_mult_63_DW01_add_3
g_gemv[0].u_gemv/g_mul[2].u_mul      72.1856      0.1     16.6795     6.4444      0.0000  fp16_mult_62
g_gemv[0].u_gemv/g_mul[2].u_mul/mult_35    49.0617     0.1    42.1216    0.0000     0.0000 fp16_mult_62_DW02_mult_0_DW02_mult_61
g_gemv[0].u_gemv/g_mul[2].u_mul/mult_35/FS_1     6.9401     0.0     6.9401    0.0000     0.0000 fp16_mult_62_DW01_add_3
g_gemv[0].u_gemv/g_mul[3].u_mul      71.9815      0.1     16.5046     6.4444      0.0000  fp16_mult_61
g_gemv[0].u_gemv/g_mul[3].u_mul/mult_35    49.0325     0.1    42.1070    0.0000     0.0000 fp16_mult_61_DW02_mult_0_DW02_mult_60
g_gemv[0].u_gemv/g_mul[3].u_mul/mult_35/FS_1     6.9255     0.0     6.9255    0.0000     0.0000 fp16_mult_61_DW01_add_3
g_gemv[0].u_gemv/g_mul[4].u_mul      71.8211      0.1     16.7233     6.4444      0.0000  fp16_mult_60
g_gemv[0].u_gemv/g_mul[4].u_mul/mult_35    48.6535     0.1    41.9321    0.0000     0.0000 fp16_mult_60_DW02_mult_0_DW02_mult_59
g_gemv[0].u_gemv/g_mul[4].u_mul/mult_35/FS_1     6.7214     0.0     6.7214    0.0000     0.0000 fp16_mult_60_DW01_add_3
g_gemv[0].u_gemv/g_mul[5].u_mul      72.3168      0.2     16.5191     6.4444      0.0000  fp16_mult_59
g_gemv[0].u_gemv/g_mul[5].u_mul/mult_35    49.3533     0.1    42.3257    0.0000     0.0000 fp16_mult_59_DW02_mult_0_DW02_mult_58
g_gemv[0].u_gemv/g_mul[5].u_mul/mult_35/FS_1     7.0276     0.0     7.0276    0.0000     0.0000 fp16_mult_59_DW01_add_3
g_gemv[0].u_gemv/g_mul[6].u_mul      72.0835      0.1     16.8545     6.4444      0.0000  fp16_mult_58
g_gemv[0].u_gemv/g_mul[6].u_mul/mult_35    48.7847     0.1    42.1654    0.0000     0.0000 fp16_mult_58_DW02_mult_0_DW02_mult_57
g_gemv[0].u_gemv/g_mul[6].u_mul/mult_35/FS_1     6.6193     0.0     6.6193    0.0000     0.0000 fp16_mult_58_DW01_add_3
g_gemv[0].u_gemv/g_mul[7].u_mul      72.1273      0.1     16.8982     6.4444      0.0000  fp16_mult_57
g_gemv[0].u_gemv/g_mul[7].u_mul/mult_35    48.7847     0.1    42.0487    0.0000     0.0000 fp16_mult_57_DW02_mult_0_DW02_mult_56
g_gemv[0].u_gemv/g_mul[7].u_mul/mult_35/FS_1     6.7360     0.0     6.7360    0.0000     0.0000 fp16_mult_57_DW01_add_3
g_gemv[0].u_gemv/g_mul[8].u_mul      71.9815      0.1     16.5337     6.4444      0.0000  fp16_mult_56
g_gemv[0].u_gemv/g_mul[8].u_mul/mult_35    49.0034     0.1    42.2091    0.0000     0.0000 fp16_mult_56_DW02_mult_0_DW02_mult_55
g_gemv[0].u_gemv/g_mul[8].u_mul/mult_35/FS_1     6.7943     0.0     6.7943    0.0000     0.0000 fp16_mult_56_DW01_add_3
g_gemv[0].u_gemv/g_mul[9].u_mul      71.8940      0.1     16.4171     6.4444      0.0000  fp16_mult_55
g_gemv[0].u_gemv/g_mul[9].u_mul/mult_35    49.0325     0.1    42.2528    0.0000     0.0000 fp16_mult_55_DW02_mult_0_DW02_mult_54
g_gemv[0].u_gemv/g_mul[9].u_mul/mult_35/FS_1     6.7797     0.0     6.7797    0.0000     0.0000 fp16_mult_55_DW01_add_3
g_gemv[0].u_gemv/u_acc_add           75.8014      0.2     52.2693     6.4444      0.0000  fp16_add_117
g_gemv[0].u_gemv/u_acc_add/add_74_S2     8.6897     0.0     8.6897    0.0000      0.0000  fp16_add_117_DW01_add_4
g_gemv[0].u_gemv/u_acc_add/sub_75     8.3981      0.0      8.3981     0.0000      0.0000  fp16_add_117_DW01_sub_6
g_gemv[0].u_gemv/u_buf_mat         3987.0759      8.3      0.7873     0.0000   3986.2886  dbuf_16x256_0
g_gemv[0].u_gemv/u_buf_vec         3987.0759      8.3      0.7873     0.0000   3986.2886  dbuf_16x256_7
g_gemv[0].u_gemv/u_l4                72.8125      0.2     48.4348     6.4444      0.0000  fp16_add_118
g_gemv[0].u_gemv/u_l4/add_74_S2       9.8123      0.0      9.8123     0.0000      0.0000  fp16_add_118_DW01_add_6
g_gemv[0].u_gemv/u_l4/sub_75          8.1211      0.0      8.1211     0.0000      0.0000  fp16_add_118_DW01_sub_7
g_gemv[1].u_gemv                  11841.5405     24.6     89.9878   113.3449      0.0000  gemv_unit_3
g_gemv[1].u_gemv/g_ctx_acc[0].u_ctx_add    84.6806     0.2    59.5301    6.4444     0.0000 fp16_add_84
g_gemv[1].u_gemv/g_ctx_acc[0].u_ctx_add/add_74_S2     9.3749     0.0     9.3749    0.0000     0.0000 fp16_add_84_DW01_add_5
g_gemv[1].u_gemv/g_ctx_acc[0].u_ctx_add/sub_75     9.3312     0.0     9.3312    0.0000     0.0000 fp16_add_84_DW01_sub_7
g_gemv[1].u_gemv/g_ctx_acc[10].u_ctx_add    84.7535     0.2    60.0550    6.4444     0.0000 fp16_add_74
g_gemv[1].u_gemv/g_ctx_acc[10].u_ctx_add/add_74_S2     9.2437     0.0     9.2437    0.0000     0.0000 fp16_add_74_DW01_add_5
g_gemv[1].u_gemv/g_ctx_acc[10].u_ctx_add/sub_75     9.0104     0.0     9.0104    0.0000     0.0000 fp16_add_74_DW01_sub_12
g_gemv[1].u_gemv/g_ctx_acc[11].u_ctx_add    83.1789     0.2    58.6553    6.4444     0.0000 fp16_add_73
g_gemv[1].u_gemv/g_ctx_acc[11].u_ctx_add/add_74_S2     9.3749     0.0     9.3749    0.0000     0.0000 fp16_add_73_DW01_add_5
g_gemv[1].u_gemv/g_ctx_acc[11].u_ctx_add/sub_75     8.7043     0.0     8.7043    0.0000     0.0000 fp16_add_73_DW01_sub_7
g_gemv[1].u_gemv/g_ctx_acc[12].u_ctx_add    83.9225     0.2    59.5593    6.4444     0.0000 fp16_add_72
g_gemv[1].u_gemv/g_ctx_acc[12].u_ctx_add/add_74_S2     9.5353     0.0     9.5353    0.0000     0.0000 fp16_add_72_DW01_add_5
g_gemv[1].u_gemv/g_ctx_acc[12].u_ctx_add/sub_75     8.3835     0.0     8.3835    0.0000     0.0000 fp16_add_72_DW01_sub_7
g_gemv[1].u_gemv/g_ctx_acc[13].u_ctx_add    85.2493     0.2    59.9092    6.4444     0.0000 fp16_add_71
g_gemv[1].u_gemv/g_ctx_acc[13].u_ctx_add/add_74_S2     9.2729     0.0     9.2729    0.0000     0.0000 fp16_add_71_DW01_add_5
g_gemv[1].u_gemv/g_ctx_acc[13].u_ctx_add/sub_75     9.6228     0.0     9.6228    0.0000     0.0000 fp16_add_71_DW01_sub_7
g_gemv[1].u_gemv/g_ctx_acc[14].u_ctx_add    86.4157     0.2    60.8861    6.4444     0.0000 fp16_add_70
g_gemv[1].u_gemv/g_ctx_acc[14].u_ctx_add/add_74_S2     9.3020     0.0     9.3020    0.0000     0.0000 fp16_add_70_DW01_add_5
g_gemv[1].u_gemv/g_ctx_acc[14].u_ctx_add/sub_75     9.7832     0.0     9.7832    0.0000     0.0000 fp16_add_70_DW01_sub_12
g_gemv[1].u_gemv/g_ctx_acc[15].u_ctx_add    85.5554     0.2    60.4341    6.4444     0.0000 fp16_add_69
g_gemv[1].u_gemv/g_ctx_acc[15].u_ctx_add/add_74_S2     9.3895     0.0     9.3895    0.0000     0.0000 fp16_add_69_DW01_add_5
g_gemv[1].u_gemv/g_ctx_acc[15].u_ctx_add/sub_75     9.2875     0.0     9.2875    0.0000     0.0000 fp16_add_69_DW01_sub_12
g_gemv[1].u_gemv/g_ctx_acc[1].u_ctx_add    86.3136     0.2    60.5507    6.4444     0.0000 fp16_add_83
g_gemv[1].u_gemv/g_ctx_acc[1].u_ctx_add/add_74_S2     9.2729     0.0     9.2729    0.0000     0.0000 fp16_add_83_DW01_add_5
g_gemv[1].u_gemv/g_ctx_acc[1].u_ctx_add/sub_75    10.0456     0.0    10.0456    0.0000     0.0000 fp16_add_83_DW01_sub_12
g_gemv[1].u_gemv/g_ctx_acc[2].u_ctx_add    86.7218     0.2    60.9736    6.4444     0.0000 fp16_add_82
g_gemv[1].u_gemv/g_ctx_acc[2].u_ctx_add/add_74_S2     9.2729     0.0     9.2729    0.0000     0.0000 fp16_add_82_DW01_add_5
g_gemv[1].u_gemv/g_ctx_acc[2].u_ctx_add/sub_75    10.0310     0.0    10.0310    0.0000     0.0000 fp16_add_82_DW01_sub_12
g_gemv[1].u_gemv/g_ctx_acc[3].u_ctx_add    81.6043     0.2    57.7368    6.4444     0.0000 fp16_add_81
g_gemv[1].u_gemv/g_ctx_acc[3].u_ctx_add/add_74_S2     9.4624     0.0     9.4624    0.0000     0.0000 fp16_add_81_DW01_add_5
g_gemv[1].u_gemv/g_ctx_acc[3].u_ctx_add/sub_75     7.9607     0.0     7.9607    0.0000     0.0000 fp16_add_81_DW01_sub_11
g_gemv[1].u_gemv/g_ctx_acc[4].u_ctx_add    81.8521     0.2    57.8534    6.4444     0.0000 fp16_add_80
g_gemv[1].u_gemv/g_ctx_acc[4].u_ctx_add/add_74_S2     9.4916     0.0     9.4916    0.0000     0.0000 fp16_add_80_DW01_add_5
g_gemv[1].u_gemv/g_ctx_acc[4].u_ctx_add/sub_75     8.0627     0.0     8.0627    0.0000     0.0000 fp16_add_80_DW01_sub_11
g_gemv[1].u_gemv/g_ctx_acc[5].u_ctx_add    82.3333     0.2    58.4366    6.4444     0.0000 fp16_add_79
g_gemv[1].u_gemv/g_ctx_acc[5].u_ctx_add/add_74_S2     9.2291     0.0     9.2291    0.0000     0.0000 fp16_add_79_DW01_add_5
g_gemv[1].u_gemv/g_ctx_acc[5].u_ctx_add/sub_75     8.2231     0.0     8.2231    0.0000     0.0000 fp16_add_79_DW01_sub_11
g_gemv[1].u_gemv/g_ctx_acc[6].u_ctx_add    80.9482     0.2    57.8534    6.4444     0.0000 fp16_add_78
g_gemv[1].u_gemv/g_ctx_acc[6].u_ctx_add/add_74_S2     8.9813     0.0     8.9813    0.0000     0.0000 fp16_add_78_DW01_add_5
g_gemv[1].u_gemv/g_ctx_acc[6].u_ctx_add/sub_75     7.6691     0.0     7.6691    0.0000     0.0000 fp16_add_78_DW01_sub_11
g_gemv[1].u_gemv/g_ctx_acc[7].u_ctx_add    82.3187     0.2    58.6408    6.4444     0.0000 fp16_add_77
g_gemv[1].u_gemv/g_ctx_acc[7].u_ctx_add/add_74_S2     9.5062     0.0     9.5062    0.0000     0.0000 fp16_add_77_DW01_add_5
g_gemv[1].u_gemv/g_ctx_acc[7].u_ctx_add/sub_75     7.7274     0.0     7.7274    0.0000     0.0000 fp16_add_77_DW01_sub_11
g_gemv[1].u_gemv/g_ctx_acc[8].u_ctx_add    82.6249     0.2    58.9761    6.4444     0.0000 fp16_add_76
g_gemv[1].u_gemv/g_ctx_acc[8].u_ctx_add/add_74_S2     9.4187     0.0     9.4187    0.0000     0.0000 fp16_add_76_DW01_add_5
g_gemv[1].u_gemv/g_ctx_acc[8].u_ctx_add/sub_75     7.7857     0.0     7.7857    0.0000     0.0000 fp16_add_76_DW01_sub_11
g_gemv[1].u_gemv/g_ctx_acc[9].u_ctx_add    83.6746     0.2    59.2385    6.4444     0.0000 fp16_add_75
g_gemv[1].u_gemv/g_ctx_acc[9].u_ctx_add/add_74_S2     9.4187     0.0     9.4187    0.0000     0.0000 fp16_add_75_DW01_add_5
g_gemv[1].u_gemv/g_ctx_acc[9].u_ctx_add/sub_75     8.5730     0.0     8.5730    0.0000     0.0000 fp16_add_75_DW01_sub_7
g_gemv[1].u_gemv/g_l1[0].u_add       72.7688      0.2     49.6741     6.4444      0.0000  fp16_add_100
g_gemv[1].u_gemv/g_l1[0].u_add/add_74_S2     7.5670     0.0     7.5670    0.0000     0.0000 fp16_add_100_DW01_add_2
g_gemv[1].u_gemv/g_l1[0].u_add/sub_75     9.0833     0.0     9.0833    0.0000     0.0000  fp16_add_100_DW01_sub_8
g_gemv[1].u_gemv/g_l1[1].u_add       73.4249      0.2     50.2427     6.4444      0.0000  fp16_add_99
g_gemv[1].u_gemv/g_l1[1].u_add/add_74_S2     7.5524     0.0     7.5524    0.0000     0.0000 fp16_add_99_DW01_add_2
g_gemv[1].u_gemv/g_l1[1].u_add/sub_75     9.1854     0.0     9.1854    0.0000     0.0000  fp16_add_99_DW01_sub_8
g_gemv[1].u_gemv/g_l1[2].u_add       72.7979      0.2     49.6012     6.4444      0.0000  fp16_add_98
g_gemv[1].u_gemv/g_l1[2].u_add/add_74_S2     7.6399     0.0     7.6399    0.0000     0.0000 fp16_add_98_DW01_add_2
g_gemv[1].u_gemv/g_l1[2].u_add/sub_75     9.1125     0.0     9.1125    0.0000     0.0000  fp16_add_98_DW01_sub_8
g_gemv[1].u_gemv/g_l1[3].u_add       73.0021      0.2     49.7178     6.4444      0.0000  fp16_add_97
g_gemv[1].u_gemv/g_l1[3].u_add/add_74_S2     7.6691     0.0     7.6691    0.0000     0.0000 fp16_add_97_DW01_add_2
g_gemv[1].u_gemv/g_l1[3].u_add/sub_75     9.1708     0.0     9.1708    0.0000     0.0000  fp16_add_97_DW01_sub_8
g_gemv[1].u_gemv/g_l1[4].u_add       72.5209      0.2     49.9511     6.4444      0.0000  fp16_add_96
g_gemv[1].u_gemv/g_l1[4].u_add/add_74_S2     7.5962     0.0     7.5962    0.0000     0.0000 fp16_add_96_DW01_add_2
g_gemv[1].u_gemv/g_l1[4].u_add/sub_75     8.5293     0.0     8.5293    0.0000     0.0000  fp16_add_96_DW01_sub_8
g_gemv[1].u_gemv/g_l1[5].u_add       72.8271      0.2     50.2281     6.4444      0.0000  fp16_add_95
g_gemv[1].u_gemv/g_l1[5].u_add/add_74_S2     7.5379     0.0     7.5379    0.0000     0.0000 fp16_add_95_DW01_add_2
g_gemv[1].u_gemv/g_l1[5].u_add/sub_75     8.6168     0.0     8.6168    0.0000     0.0000  fp16_add_95_DW01_sub_8
g_gemv[1].u_gemv/g_l1[6].u_add       73.1041      0.2     50.6072     6.4444      0.0000  fp16_add_94
g_gemv[1].u_gemv/g_l1[6].u_add/add_74_S2     7.5379     0.0     7.5379    0.0000     0.0000 fp16_add_94_DW01_add_2
g_gemv[1].u_gemv/g_l1[6].u_add/sub_75     8.5147     0.0     8.5147    0.0000     0.0000  fp16_add_94_DW01_sub_8
g_gemv[1].u_gemv/g_l1[7].u_add       72.8271      0.2     49.5720     6.4444      0.0000  fp16_add_93
g_gemv[1].u_gemv/g_l1[7].u_add/add_74_S2     7.4650     0.0     7.4650    0.0000     0.0000 fp16_add_93_DW01_add_2
g_gemv[1].u_gemv/g_l1[7].u_add/sub_75     9.3458     0.0     9.3458    0.0000     0.0000  fp16_add_93_DW01_sub_8
g_gemv[1].u_gemv/g_l2[0].u_add       73.6144      0.2     49.1346     6.4444      0.0000  fp16_add_92
g_gemv[1].u_gemv/g_l2[0].u_add/add_74_S2     9.8269     0.0     9.8269    0.0000     0.0000 fp16_add_92_DW01_add_6
g_gemv[1].u_gemv/g_l2[0].u_add/sub_75     8.2085     0.0     8.2085    0.0000     0.0000  fp16_add_92_DW01_sub_7
g_gemv[1].u_gemv/g_l2[1].u_add       73.4978      0.2     49.2221     6.4444      0.0000  fp16_add_91
g_gemv[1].u_gemv/g_l2[1].u_add/add_74_S2     9.7978     0.0     9.7978    0.0000     0.0000 fp16_add_91_DW01_add_6
g_gemv[1].u_gemv/g_l2[1].u_add/sub_75     8.0336     0.0     8.0336    0.0000     0.0000  fp16_add_91_DW01_sub_7
g_gemv[1].u_gemv/g_l2[2].u_add       72.9437      0.2     48.4493     6.4444      0.0000  fp16_add_90
g_gemv[1].u_gemv/g_l2[2].u_add/add_74_S2     9.8269     0.0     9.8269    0.0000     0.0000 fp16_add_90_DW01_add_6
g_gemv[1].u_gemv/g_l2[2].u_add/sub_75     8.2231     0.0     8.2231    0.0000     0.0000  fp16_add_90_DW01_sub_7
g_gemv[1].u_gemv/g_l2[3].u_add       73.5561      0.2     49.4408     6.4444      0.0000  fp16_add_89
g_gemv[1].u_gemv/g_l2[3].u_add/add_74_S2     9.6228     0.0     9.6228    0.0000     0.0000 fp16_add_89_DW01_add_6
g_gemv[1].u_gemv/g_l2[3].u_add/sub_75     8.0482     0.0     8.0482    0.0000     0.0000  fp16_add_89_DW01_sub_7
g_gemv[1].u_gemv/g_l3[0].u_add       72.7105      0.2     48.4639     6.4444      0.0000  fp16_add_88
g_gemv[1].u_gemv/g_l3[0].u_add/add_74_S2     9.7832     0.0     9.7832    0.0000     0.0000 fp16_add_88_DW01_add_6
g_gemv[1].u_gemv/g_l3[0].u_add/sub_75     8.0190     0.0     8.0190    0.0000     0.0000  fp16_add_88_DW01_sub_7
g_gemv[1].u_gemv/g_l3[1].u_add       73.5561      0.2     49.0180     6.4444      0.0000  fp16_add_87
g_gemv[1].u_gemv/g_l3[1].u_add/add_74_S2     9.8998     0.0     9.8998    0.0000     0.0000 fp16_add_87_DW01_add_6
g_gemv[1].u_gemv/g_l3[1].u_add/sub_75     8.1940     0.0     8.1940    0.0000     0.0000  fp16_add_87_DW01_sub_7
g_gemv[1].u_gemv/g_mul[0].u_mul      71.6753      0.1     16.4025     6.4444      0.0000  fp16_mult_48
g_gemv[1].u_gemv/g_mul[0].u_mul/mult_35    48.8284     0.1    42.0925    0.0000     0.0000 fp16_mult_48_DW02_mult_0_DW02_mult_47
g_gemv[1].u_gemv/g_mul[0].u_mul/mult_35/FS_1     6.7360     0.0     6.7360    0.0000     0.0000 fp16_mult_48_DW01_add_3
g_gemv[1].u_gemv/g_mul[10].u_mul     71.7919      0.1     16.6649     6.4444      0.0000  fp16_mult_38
g_gemv[1].u_gemv/g_mul[10].u_mul/mult_35    48.6826     0.1    42.0050    0.0000     0.0000 fp16_mult_38_DW02_mult_0_DW02_mult_37
g_gemv[1].u_gemv/g_mul[10].u_mul/mult_35/FS_1     6.6776     0.0     6.6776    0.0000     0.0000 fp16_mult_38_DW01_add_3
g_gemv[1].u_gemv/g_mul[11].u_mul     71.6315      0.1     16.3879     6.4444      0.0000  fp16_mult_37
g_gemv[1].u_gemv/g_mul[11].u_mul/mult_35    48.7993     0.1    41.9758    0.0000     0.0000 fp16_mult_37_DW02_mult_0_DW02_mult_36
g_gemv[1].u_gemv/g_mul[11].u_mul/mult_35/FS_1     6.8234     0.0     6.8234    0.0000     0.0000 fp16_mult_37_DW01_add_3
g_gemv[1].u_gemv/g_mul[12].u_mul     71.7773      0.1     16.4317     6.4444      0.0000  fp16_mult_36
g_gemv[1].u_gemv/g_mul[12].u_mul/mult_35    48.9013     0.1    42.0779    0.0000     0.0000 fp16_mult_36_DW02_mult_0_DW02_mult_35
g_gemv[1].u_gemv/g_mul[12].u_mul/mult_35/FS_1     6.8234     0.0     6.8234    0.0000     0.0000 fp16_mult_36_DW01_add_3
g_gemv[1].u_gemv/g_mul[13].u_mul     72.4626      0.2     16.4462     6.4444      0.0000  fp16_mult_35
g_gemv[1].u_gemv/g_mul[13].u_mul/mult_35    49.5720     0.1    42.4278    0.0000     0.0000 fp16_mult_35_DW02_mult_0_DW02_mult_34
g_gemv[1].u_gemv/g_mul[13].u_mul/mult_35/FS_1     7.1442     0.0     7.1442    0.0000     0.0000 fp16_mult_35_DW01_add_3
g_gemv[1].u_gemv/g_mul[14].u_mul     71.9960      0.1     16.7378     6.4444      0.0000  fp16_mult_34
g_gemv[1].u_gemv/g_mul[14].u_mul/mult_35    48.8138     0.1    42.1508    0.0000     0.0000 fp16_mult_34_DW02_mult_0_DW02_mult_33
g_gemv[1].u_gemv/g_mul[14].u_mul/mult_35/FS_1     6.6631     0.0     6.6631    0.0000     0.0000 fp16_mult_34_DW01_add_3
g_gemv[1].u_gemv/g_mul[15].u_mul     72.8125      0.2     17.3939     6.4444      0.0000  fp16_mult_33
g_gemv[1].u_gemv/g_mul[15].u_mul/mult_35    48.9742     0.1    42.1508    0.0000     0.0000 fp16_mult_33_DW02_mult_0_DW02_mult_32
g_gemv[1].u_gemv/g_mul[15].u_mul/mult_35/FS_1     6.8234     0.0     6.8234    0.0000     0.0000 fp16_mult_33_DW01_add_3
g_gemv[1].u_gemv/g_mul[1].u_mul      71.5878      0.1     16.4608     6.4444      0.0000  fp16_mult_47
g_gemv[1].u_gemv/g_mul[1].u_mul/mult_35    48.6826     0.1    41.9758    0.0000     0.0000 fp16_mult_47_DW02_mult_0_DW02_mult_46
g_gemv[1].u_gemv/g_mul[1].u_mul/mult_35/FS_1     6.7068     0.0     6.7068    0.0000     0.0000 fp16_mult_47_DW01_add_3
g_gemv[1].u_gemv/g_mul[2].u_mul      71.6899      0.1     16.4608     6.4444      0.0000  fp16_mult_46
g_gemv[1].u_gemv/g_mul[2].u_mul/mult_35    48.7847     0.1    42.1070    0.0000     0.0000 fp16_mult_46_DW02_mult_0_DW02_mult_45
g_gemv[1].u_gemv/g_mul[2].u_mul/mult_35/FS_1     6.6776     0.0     6.6776    0.0000     0.0000 fp16_mult_46_DW01_add_3
g_gemv[1].u_gemv/g_mul[3].u_mul      71.6315      0.1     16.3879     6.4444      0.0000  fp16_mult_45
g_gemv[1].u_gemv/g_mul[3].u_mul/mult_35    48.7993     0.1    41.9758    0.0000     0.0000 fp16_mult_45_DW02_mult_0_DW02_mult_44
g_gemv[1].u_gemv/g_mul[3].u_mul/mult_35/FS_1     6.8234     0.0     6.8234    0.0000     0.0000 fp16_mult_45_DW01_add_3
g_gemv[1].u_gemv/g_mul[4].u_mul      72.0106      0.1     16.5920     6.4444      0.0000  fp16_mult_44
g_gemv[1].u_gemv/g_mul[4].u_mul/mult_35    48.9742     0.1    42.0487    0.0000     0.0000 fp16_mult_44_DW02_mult_0_DW02_mult_43
g_gemv[1].u_gemv/g_mul[4].u_mul/mult_35/FS_1     6.9255     0.0     6.9255    0.0000     0.0000 fp16_mult_44_DW01_add_3
g_gemv[1].u_gemv/g_mul[5].u_mul      72.0398      0.1     16.6212     6.4444      0.0000  fp16_mult_43
g_gemv[1].u_gemv/g_mul[5].u_mul/mult_35    48.9742     0.1    42.2528    0.0000     0.0000 fp16_mult_43_DW02_mult_0_DW02_mult_42
g_gemv[1].u_gemv/g_mul[5].u_mul/mult_35/FS_1     6.7214     0.0     6.7214    0.0000     0.0000 fp16_mult_43_DW01_add_3
g_gemv[1].u_gemv/g_mul[6].u_mul      72.0106      0.1     16.5629     6.4444      0.0000  fp16_mult_42
g_gemv[1].u_gemv/g_mul[6].u_mul/mult_35    49.0034     0.1    42.1654    0.0000     0.0000 fp16_mult_42_DW02_mult_0_DW02_mult_41
g_gemv[1].u_gemv/g_mul[6].u_mul/mult_35/FS_1     6.8380     0.0     6.8380    0.0000     0.0000 fp16_mult_42_DW01_add_3
g_gemv[1].u_gemv/g_mul[7].u_mul      72.6376      0.2     17.2044     6.4444      0.0000  fp16_mult_41
g_gemv[1].u_gemv/g_mul[7].u_mul/mult_35    48.9888     0.1    42.2091    0.0000     0.0000 fp16_mult_41_DW02_mult_0_DW02_mult_40
g_gemv[1].u_gemv/g_mul[7].u_mul/mult_35/FS_1     6.7797     0.0     6.7797    0.0000     0.0000 fp16_mult_41_DW01_add_3
g_gemv[1].u_gemv/g_mul[8].u_mul      72.6521      0.2     16.9274     6.4444      0.0000  fp16_mult_40
g_gemv[1].u_gemv/g_mul[8].u_mul/mult_35    49.2804     0.1    42.3403    0.0000     0.0000 fp16_mult_40_DW02_mult_0_DW02_mult_39
g_gemv[1].u_gemv/g_mul[8].u_mul/mult_35/FS_1     6.9401     0.0     6.9401    0.0000     0.0000 fp16_mult_40_DW01_add_3
g_gemv[1].u_gemv/g_mul[9].u_mul      72.1710      0.1     16.4171     6.4444      0.0000  fp16_mult_39
g_gemv[1].u_gemv/g_mul[9].u_mul/mult_35    49.3096     0.1    42.2091    0.0000     0.0000 fp16_mult_39_DW02_mult_0_DW02_mult_38
g_gemv[1].u_gemv/g_mul[9].u_mul/mult_35/FS_1     7.1005     0.0     7.1005    0.0000     0.0000 fp16_mult_39_DW01_add_3
g_gemv[1].u_gemv/u_acc_add           75.5973      0.2     52.0360     6.4444      0.0000  fp16_add_85
g_gemv[1].u_gemv/u_acc_add/add_74_S2     8.5730     0.0     8.5730    0.0000      0.0000  fp16_add_85_DW01_add_4
g_gemv[1].u_gemv/u_acc_add/sub_75     8.5439      0.0      8.5439     0.0000      0.0000  fp16_add_85_DW01_sub_6
g_gemv[1].u_gemv/u_buf_mat         3987.0759      8.3      0.7873     0.0000   3986.2886  dbuf_16x256_6
g_gemv[1].u_gemv/u_buf_vec         3987.0759      8.3      0.7873     0.0000   3986.2886  dbuf_16x256_5
g_gemv[1].u_gemv/u_l4                70.5818      0.1     48.5514     6.4444      0.0000  fp16_add_86
g_gemv[1].u_gemv/u_l4/add_74_S2       7.3629      0.0      7.3629     0.0000      0.0000  fp16_add_86_DW01_add_2
g_gemv[1].u_gemv/u_l4/sub_75          8.2231      0.0      8.2231     0.0000      0.0000  fp16_add_86_DW01_sub_7
g_gemv[2].u_gemv                  11841.2489     24.6     90.1919   113.3449      0.0000  gemv_unit_2
g_gemv[2].u_gemv/g_ctx_acc[0].u_ctx_add    83.4851     0.2    59.2531    6.4444     0.0000 fp16_add_52
g_gemv[2].u_gemv/g_ctx_acc[0].u_ctx_add/add_74_S2     9.1854     0.0     9.1854    0.0000     0.0000 fp16_add_52_DW01_add_5
g_gemv[2].u_gemv/g_ctx_acc[0].u_ctx_add/sub_75     8.6022     0.0     8.6022    0.0000     0.0000 fp16_add_52_DW01_sub_7
g_gemv[2].u_gemv/g_ctx_acc[10].u_ctx_add    86.2844     0.2    61.0610    6.4444     0.0000 fp16_add_42
g_gemv[2].u_gemv/g_ctx_acc[10].u_ctx_add/add_74_S2     9.3166     0.0     9.3166    0.0000     0.0000 fp16_add_42_DW01_add_5
g_gemv[2].u_gemv/g_ctx_acc[10].u_ctx_add/sub_75     9.4624     0.0     9.4624    0.0000     0.0000 fp16_add_42_DW01_sub_13
g_gemv[2].u_gemv/g_ctx_acc[11].u_ctx_add    85.9491     0.2    60.8423    6.4444     0.0000 fp16_add_41
g_gemv[2].u_gemv/g_ctx_acc[11].u_ctx_add/add_74_S2     9.3166     0.0     9.3166    0.0000     0.0000 fp16_add_41_DW01_add_5
g_gemv[2].u_gemv/g_ctx_acc[11].u_ctx_add/sub_75     9.3458     0.0     9.3458    0.0000     0.0000 fp16_add_41_DW01_sub_13
g_gemv[2].u_gemv/g_ctx_acc[12].u_ctx_add    85.9491     0.2    60.7840    6.4444     0.0000 fp16_add_40
g_gemv[2].u_gemv/g_ctx_acc[12].u_ctx_add/add_74_S2     9.2583     0.0     9.2583    0.0000     0.0000 fp16_add_40_DW01_add_5
g_gemv[2].u_gemv/g_ctx_acc[12].u_ctx_add/sub_75     9.4624     0.0     9.4624    0.0000     0.0000 fp16_add_40_DW01_sub_13
g_gemv[2].u_gemv/g_ctx_acc[13].u_ctx_add    85.6283     0.2    60.6382    6.4444     0.0000 fp16_add_39
g_gemv[2].u_gemv/g_ctx_acc[13].u_ctx_add/add_74_S2     9.0979     0.0     9.0979    0.0000     0.0000 fp16_add_39_DW01_add_5
g_gemv[2].u_gemv/g_ctx_acc[13].u_ctx_add/sub_75     9.4478     0.0     9.4478    0.0000     0.0000 fp16_add_39_DW01_sub_13
g_gemv[2].u_gemv/g_ctx_acc[14].u_ctx_add    86.1095     0.2    60.6382    6.4444     0.0000 fp16_add_38
g_gemv[2].u_gemv/g_ctx_acc[14].u_ctx_add/add_74_S2     9.4333     0.0     9.4333    0.0000     0.0000 fp16_add_38_DW01_add_5
g_gemv[2].u_gemv/g_ctx_acc[14].u_ctx_add/sub_75     9.5936     0.0     9.5936    0.0000     0.0000 fp16_add_38_DW01_sub_13
g_gemv[2].u_gemv/g_ctx_acc[15].u_ctx_add    85.5117     0.2    60.8715    6.4444     0.0000 fp16_add_37
g_gemv[2].u_gemv/g_ctx_acc[15].u_ctx_add/add_74_S2     9.1417     0.0     9.1417    0.0000     0.0000 fp16_add_37_DW01_add_5
g_gemv[2].u_gemv/g_ctx_acc[15].u_ctx_add/sub_75     9.0542     0.0     9.0542    0.0000     0.0000 fp16_add_37_DW01_sub_13
g_gemv[2].u_gemv/g_ctx_acc[1].u_ctx_add    85.7012     0.2    61.5422    6.4444     0.0000 fp16_add_51
g_gemv[2].u_gemv/g_ctx_acc[1].u_ctx_add/add_74_S2     9.2000     0.0     9.2000    0.0000     0.0000 fp16_add_51_DW01_add_5
g_gemv[2].u_gemv/g_ctx_acc[1].u_ctx_add/sub_75     8.5147     0.0     8.5147    0.0000     0.0000 fp16_add_51_DW01_sub_7
g_gemv[2].u_gemv/g_ctx_acc[2].u_ctx_add    86.8531     0.2    62.1108    6.4444     0.0000 fp16_add_50
g_gemv[2].u_gemv/g_ctx_acc[2].u_ctx_add/add_74_S2     9.3895     0.0     9.3895    0.0000     0.0000 fp16_add_50_DW01_add_5
g_gemv[2].u_gemv/g_ctx_acc[2].u_ctx_add/sub_75     8.9084     0.0     8.9084    0.0000     0.0000 fp16_add_50_DW01_sub_7
g_gemv[2].u_gemv/g_ctx_acc[3].u_ctx_add    84.4182     0.2    60.2446    6.4444     0.0000 fp16_add_49
g_gemv[2].u_gemv/g_ctx_acc[3].u_ctx_add/add_74_S2     9.4478     0.0     9.4478    0.0000     0.0000 fp16_add_49_DW01_add_5
g_gemv[2].u_gemv/g_ctx_acc[3].u_ctx_add/sub_75     8.2814     0.0     8.2814    0.0000     0.0000 fp16_add_49_DW01_sub_7
g_gemv[2].u_gemv/g_ctx_acc[4].u_ctx_add    84.6077     0.2    59.9821    6.4444     0.0000 fp16_add_48
g_gemv[2].u_gemv/g_ctx_acc[4].u_ctx_add/add_74_S2     9.4770     0.0     9.4770    0.0000     0.0000 fp16_add_48_DW01_add_5
g_gemv[2].u_gemv/g_ctx_acc[4].u_ctx_add/sub_75     8.7043     0.0     8.7043    0.0000     0.0000 fp16_add_48_DW01_sub_7
g_gemv[2].u_gemv/g_ctx_acc[5].u_ctx_add    84.6223     0.2    60.1425    6.4444     0.0000 fp16_add_47
g_gemv[2].u_gemv/g_ctx_acc[5].u_ctx_add/add_74_S2     9.4333     0.0     9.4333    0.0000     0.0000 fp16_add_47_DW01_add_5
g_gemv[2].u_gemv/g_ctx_acc[5].u_ctx_add/sub_75     8.6022     0.0     8.6022    0.0000     0.0000 fp16_add_47_DW01_sub_7
g_gemv[2].u_gemv/g_ctx_acc[6].u_ctx_add    83.1497     0.2    58.7282    6.4444     0.0000 fp16_add_46
g_gemv[2].u_gemv/g_ctx_acc[6].u_ctx_add/add_74_S2     9.3458     0.0     9.3458    0.0000     0.0000 fp16_add_46_DW01_add_5
g_gemv[2].u_gemv/g_ctx_acc[6].u_ctx_add/sub_75     8.6314     0.0     8.6314    0.0000     0.0000 fp16_add_46_DW01_sub_7
g_gemv[2].u_gemv/g_ctx_acc[7].u_ctx_add    84.7098     0.2    60.6382    6.4444     0.0000 fp16_add_45
g_gemv[2].u_gemv/g_ctx_acc[7].u_ctx_add/add_74_S2     9.3895     0.0     9.3895    0.0000     0.0000 fp16_add_45_DW01_add_5
g_gemv[2].u_gemv/g_ctx_acc[7].u_ctx_add/sub_75     8.2377     0.0     8.2377    0.0000     0.0000 fp16_add_45_DW01_sub_7
g_gemv[2].u_gemv/g_ctx_acc[8].u_ctx_add    81.7063     0.2    57.9555    6.4444     0.0000 fp16_add_44
g_gemv[2].u_gemv/g_ctx_acc[8].u_ctx_add/add_74_S2     9.4916     0.0     9.4916    0.0000     0.0000 fp16_add_44_DW01_add_5
g_gemv[2].u_gemv/g_ctx_acc[8].u_ctx_add/sub_75     7.8149     0.0     7.8149    0.0000     0.0000 fp16_add_44_DW01_sub_12
g_gemv[2].u_gemv/g_ctx_acc[9].u_ctx_add    84.5203     0.2    59.6176    6.4444     0.0000 fp16_add_43
g_gemv[2].u_gemv/g_ctx_acc[9].u_ctx_add/add_74_S2     9.3458     0.0     9.3458    0.0000     0.0000 fp16_add_43_DW01_add_5
g_gemv[2].u_gemv/g_ctx_acc[9].u_ctx_add/sub_75     9.1125     0.0     9.1125    0.0000     0.0000 fp16_add_43_DW01_sub_13
g_gemv[2].u_gemv/g_l1[0].u_add       72.2439      0.2     49.7615     6.4444      0.0000  fp16_add_68
g_gemv[2].u_gemv/g_l1[0].u_add/add_74_S2     7.5379     0.0     7.5379    0.0000     0.0000 fp16_add_68_DW01_add_2
g_gemv[2].u_gemv/g_l1[0].u_add/sub_75     8.5001     0.0     8.5001    0.0000     0.0000  fp16_add_68_DW01_sub_8
g_gemv[2].u_gemv/g_l1[1].u_add       72.2439      0.2     49.7907     6.4444      0.0000  fp16_add_67
g_gemv[2].u_gemv/g_l1[1].u_add/add_74_S2     7.5670     0.0     7.5670    0.0000     0.0000 fp16_add_67_DW01_add_2
g_gemv[2].u_gemv/g_l1[1].u_add/sub_75     8.4418     0.0     8.4418    0.0000     0.0000  fp16_add_67_DW01_sub_8
g_gemv[2].u_gemv/g_l1[2].u_add       74.0956      0.2     51.5986     6.4444      0.0000  fp16_add_66
g_gemv[2].u_gemv/g_l1[2].u_add/add_74_S2     7.4504     0.0     7.4504    0.0000     0.0000 fp16_add_66_DW01_add_2
g_gemv[2].u_gemv/g_l1[2].u_add/sub_75     8.6022     0.0     8.6022    0.0000     0.0000  fp16_add_66_DW01_sub_8
g_gemv[2].u_gemv/g_l1[3].u_add       73.2937      0.2     50.0823     6.4444      0.0000  fp16_add_65
g_gemv[2].u_gemv/g_l1[3].u_add/add_74_S2     7.5962     0.0     7.5962    0.0000     0.0000 fp16_add_65_DW01_add_2
g_gemv[2].u_gemv/g_l1[3].u_add/sub_75     9.1708     0.0     9.1708    0.0000     0.0000  fp16_add_65_DW01_sub_8
g_gemv[2].u_gemv/g_l1[4].u_add       72.9875      0.2     49.8928     6.4444      0.0000  fp16_add_64
g_gemv[2].u_gemv/g_l1[4].u_add/add_74_S2     7.5670     0.0     7.5670    0.0000     0.0000 fp16_add_64_DW01_add_2
g_gemv[2].u_gemv/g_l1[4].u_add/sub_75     9.0833     0.0     9.0833    0.0000     0.0000  fp16_add_64_DW01_sub_8
g_gemv[2].u_gemv/g_l1[5].u_add       73.0895      0.2     49.6449     6.4444      0.0000  fp16_add_63
g_gemv[2].u_gemv/g_l1[5].u_add/add_74_S2     7.5816     0.0     7.5816    0.0000     0.0000 fp16_add_63_DW01_add_2
g_gemv[2].u_gemv/g_l1[5].u_add/sub_75     9.4187     0.0     9.4187    0.0000     0.0000  fp16_add_63_DW01_sub_8
g_gemv[2].u_gemv/g_l1[6].u_add       72.6667      0.2     49.6886     6.4444      0.0000  fp16_add_62
g_gemv[2].u_gemv/g_l1[6].u_add/add_74_S2     7.4358     0.0     7.4358    0.0000     0.0000 fp16_add_62_DW01_add_2
g_gemv[2].u_gemv/g_l1[6].u_add/sub_75     9.0979     0.0     9.0979    0.0000     0.0000  fp16_add_62_DW01_sub_8
g_gemv[2].u_gemv/g_l1[7].u_add       72.8854      0.2     49.6886     6.4444      0.0000  fp16_add_61
g_gemv[2].u_gemv/g_l1[7].u_add/add_74_S2     7.6545     0.0     7.6545    0.0000     0.0000 fp16_add_61_DW01_add_2
g_gemv[2].u_gemv/g_l1[7].u_add/sub_75     9.0979     0.0     9.0979    0.0000     0.0000  fp16_add_61_DW01_sub_8
g_gemv[2].u_gemv/g_l2[0].u_add       70.7713      0.1     48.7701     6.4444      0.0000  fp16_add_60
g_gemv[2].u_gemv/g_l2[0].u_add/add_74_S2     7.5379     0.0     7.5379    0.0000     0.0000 fp16_add_60_DW01_add_2
g_gemv[2].u_gemv/g_l2[0].u_add/sub_75     8.0190     0.0     8.0190    0.0000     0.0000  fp16_add_60_DW01_sub_7
g_gemv[2].u_gemv/g_l2[1].u_add       71.0921      0.1     49.0763     6.4444      0.0000  fp16_add_59
g_gemv[2].u_gemv/g_l2[1].u_add/add_74_S2     7.4650     0.0     7.4650    0.0000     0.0000 fp16_add_59_DW01_add_2
g_gemv[2].u_gemv/g_l2[1].u_add/sub_75     8.1065     0.0     8.1065    0.0000     0.0000  fp16_add_59_DW01_sub_7
g_gemv[2].u_gemv/g_l2[2].u_add       70.7422      0.1     48.5951     6.4444      0.0000  fp16_add_58
g_gemv[2].u_gemv/g_l2[2].u_add/add_74_S2     7.4212     0.0     7.4212    0.0000     0.0000 fp16_add_58_DW01_add_2
g_gemv[2].u_gemv/g_l2[2].u_add/sub_75     8.2814     0.0     8.2814    0.0000     0.0000  fp16_add_58_DW01_sub_7
g_gemv[2].u_gemv/g_l2[3].u_add       71.7190      0.1     49.3533     6.4444      0.0000  fp16_add_57
g_gemv[2].u_gemv/g_l2[3].u_add/add_74_S2     7.4504     0.0     7.4504    0.0000     0.0000 fp16_add_57_DW01_add_2
g_gemv[2].u_gemv/g_l2[3].u_add/sub_75     8.4710     0.0     8.4710    0.0000     0.0000  fp16_add_57_DW01_sub_7
g_gemv[2].u_gemv/g_l3[0].u_add       70.7567      0.1     48.5660     6.4444      0.0000  fp16_add_56
g_gemv[2].u_gemv/g_l3[0].u_add/add_74_S2     7.4795     0.0     7.4795    0.0000     0.0000 fp16_add_56_DW01_add_2
g_gemv[2].u_gemv/g_l3[0].u_add/sub_75     8.2669     0.0     8.2669    0.0000     0.0000  fp16_add_56_DW01_sub_7
g_gemv[2].u_gemv/g_l3[1].u_add       71.2670      0.1     49.3679     6.4444      0.0000  fp16_add_55
g_gemv[2].u_gemv/g_l3[1].u_add/add_74_S2     7.4941     0.0     7.4941    0.0000     0.0000 fp16_add_55_DW01_add_2
g_gemv[2].u_gemv/g_l3[1].u_add/sub_75     7.9607     0.0     7.9607    0.0000     0.0000  fp16_add_55_DW01_sub_7
g_gemv[2].u_gemv/g_mul[0].u_mul      72.4918      0.2     16.8107     6.4444      0.0000  fp16_mult_32
g_gemv[2].u_gemv/g_mul[0].u_mul/mult_35    49.2367     0.1    42.2528    0.0000     0.0000 fp16_mult_32_DW02_mult_0_DW02_mult_31
g_gemv[2].u_gemv/g_mul[0].u_mul/mult_35/FS_1     6.9838     0.0     6.9838    0.0000     0.0000 fp16_mult_32_DW01_add_3
g_gemv[2].u_gemv/g_mul[10].u_mul     71.5586      0.1     15.8630     6.4444      0.0000  fp16_mult_22
g_gemv[2].u_gemv/g_mul[10].u_mul/mult_35    49.2512     0.1    42.1799    0.0000     0.0000 fp16_mult_22_DW02_mult_0_DW02_mult_21
g_gemv[2].u_gemv/g_mul[10].u_mul/mult_35/FS_1     7.0713     0.0     7.0713    0.0000     0.0000 fp16_mult_22_DW01_add_3
g_gemv[2].u_gemv/g_mul[11].u_mul     71.3108      0.1     16.4171     6.4444      0.0000  fp16_mult_21
g_gemv[2].u_gemv/g_mul[11].u_mul/mult_35    48.4493     0.1    42.0050    0.0000     0.0000 fp16_mult_21_DW02_mult_0_DW02_mult_20
g_gemv[2].u_gemv/g_mul[11].u_mul/mult_35/FS_1     6.4444     0.0     6.4444    0.0000     0.0000 fp16_mult_21_DW01_add_3
g_gemv[2].u_gemv/g_mul[12].u_mul     72.3168      0.2     16.7233     6.4444      0.0000  fp16_mult_20
g_gemv[2].u_gemv/g_mul[12].u_mul/mult_35    49.1492     0.1    42.3695    0.0000     0.0000 fp16_mult_20_DW02_mult_0_DW02_mult_19
g_gemv[2].u_gemv/g_mul[12].u_mul/mult_35/FS_1     6.7797     0.0     6.7797    0.0000     0.0000 fp16_mult_20_DW01_add_3
g_gemv[2].u_gemv/g_mul[13].u_mul     71.4712      0.1     16.4900     6.4444      0.0000  fp16_mult_19
g_gemv[2].u_gemv/g_mul[13].u_mul/mult_35    48.5368     0.1    42.0487    0.0000     0.0000 fp16_mult_19_DW02_mult_0_DW02_mult_18
g_gemv[2].u_gemv/g_mul[13].u_mul/mult_35/FS_1     6.4881     0.0     6.4881    0.0000     0.0000 fp16_mult_19_DW01_add_3
g_gemv[2].u_gemv/g_mul[14].u_mul     72.1273      0.1     16.5775     6.4444      0.0000  fp16_mult_18
g_gemv[2].u_gemv/g_mul[14].u_mul/mult_35    49.1054     0.1    42.1070    0.0000     0.0000 fp16_mult_18_DW02_mult_0_DW02_mult_17
g_gemv[2].u_gemv/g_mul[14].u_mul/mult_35/FS_1     6.9984     0.0     6.9984    0.0000     0.0000 fp16_mult_18_DW01_add_3
g_gemv[2].u_gemv/g_mul[15].u_mul     71.6170      0.1     16.2421     6.4444      0.0000  fp16_mult_17
g_gemv[2].u_gemv/g_mul[15].u_mul/mult_35    48.9305     0.1    42.0487    0.0000     0.0000 fp16_mult_17_DW02_mult_0_DW02_mult_16
g_gemv[2].u_gemv/g_mul[15].u_mul/mult_35/FS_1     6.8818     0.0     6.8818    0.0000     0.0000 fp16_mult_17_DW01_add_3
g_gemv[2].u_gemv/g_mul[1].u_mul      71.6024      0.1     16.4462     6.4444      0.0000  fp16_mult_31
g_gemv[2].u_gemv/g_mul[1].u_mul/mult_35    48.7118     0.1    41.9758    0.0000     0.0000 fp16_mult_31_DW02_mult_0_DW02_mult_30
g_gemv[2].u_gemv/g_mul[1].u_mul/mult_35/FS_1     6.7360     0.0     6.7360    0.0000     0.0000 fp16_mult_31_DW01_add_3
g_gemv[2].u_gemv/g_mul[2].u_mul      71.5878      0.1     16.7233     6.4444      0.0000  fp16_mult_30
g_gemv[2].u_gemv/g_mul[2].u_mul/mult_35    48.4202     0.1    41.9029    0.0000     0.0000 fp16_mult_30_DW02_mult_0_DW02_mult_29
g_gemv[2].u_gemv/g_mul[2].u_mul/mult_35/FS_1     6.5173     0.0     6.5173    0.0000     0.0000 fp16_mult_30_DW01_add_3
g_gemv[2].u_gemv/g_mul[3].u_mul      71.6315      0.1     16.3879     6.4444      0.0000  fp16_mult_29
g_gemv[2].u_gemv/g_mul[3].u_mul/mult_35    48.7993     0.1    41.9758    0.0000     0.0000 fp16_mult_29_DW02_mult_0_DW02_mult_28
g_gemv[2].u_gemv/g_mul[3].u_mul/mult_35/FS_1     6.8234     0.0     6.8234    0.0000     0.0000 fp16_mult_29_DW01_add_3
g_gemv[2].u_gemv/g_mul[4].u_mul      71.7773      0.1     16.2859     6.4444      0.0000  fp16_mult_28
g_gemv[2].u_gemv/g_mul[4].u_mul/mult_35    49.0471     0.1    42.2237    0.0000     0.0000 fp16_mult_28_DW02_mult_0_DW02_mult_27
g_gemv[2].u_gemv/g_mul[4].u_mul/mult_35/FS_1     6.8234     0.0     6.8234    0.0000     0.0000 fp16_mult_28_DW01_add_3
g_gemv[2].u_gemv/g_mul[5].u_mul      71.5878      0.1     16.4317     6.4444      0.0000  fp16_mult_27
g_gemv[2].u_gemv/g_mul[5].u_mul/mult_35    48.7118     0.1    41.9175    0.0000     0.0000 fp16_mult_27_DW02_mult_0_DW02_mult_26
g_gemv[2].u_gemv/g_mul[5].u_mul/mult_35/FS_1     6.7943     0.0     6.7943    0.0000     0.0000 fp16_mult_27_DW01_add_3
g_gemv[2].u_gemv/g_mul[6].u_mul      71.9086      0.1     16.9711     6.4444      0.0000  fp16_mult_26
g_gemv[2].u_gemv/g_mul[6].u_mul/mult_35    48.4931     0.1    42.0341    0.0000     0.0000 fp16_mult_26_DW02_mult_0_DW02_mult_25
g_gemv[2].u_gemv/g_mul[6].u_mul/mult_35/FS_1     6.4589     0.0     6.4589    0.0000     0.0000 fp16_mult_26_DW01_add_3
g_gemv[2].u_gemv/g_mul[7].u_mul      71.7190      0.1     16.4462     6.4444      0.0000  fp16_mult_25
g_gemv[2].u_gemv/g_mul[7].u_mul/mult_35    48.8284     0.1    42.0633    0.0000     0.0000 fp16_mult_25_DW02_mult_0_DW02_mult_24
g_gemv[2].u_gemv/g_mul[7].u_mul/mult_35/FS_1     6.7651     0.0     6.7651    0.0000     0.0000 fp16_mult_25_DW01_add_3
g_gemv[2].u_gemv/g_mul[8].u_mul      71.7482      0.1     16.6066     6.4444      0.0000  fp16_mult_24
g_gemv[2].u_gemv/g_mul[8].u_mul/mult_35    48.6972     0.1    42.0196    0.0000     0.0000 fp16_mult_24_DW02_mult_0_DW02_mult_23
g_gemv[2].u_gemv/g_mul[8].u_mul/mult_35/FS_1     6.6776     0.0     6.6776    0.0000     0.0000 fp16_mult_24_DW01_add_3
g_gemv[2].u_gemv/g_mul[9].u_mul      71.5149      0.1     16.4900     6.4444      0.0000  fp16_mult_23
g_gemv[2].u_gemv/g_mul[9].u_mul/mult_35    48.5806     0.1    42.0487    0.0000     0.0000 fp16_mult_23_DW02_mult_0_DW02_mult_22
g_gemv[2].u_gemv/g_mul[9].u_mul/mult_35/FS_1     6.5318     0.0     6.5318    0.0000     0.0000 fp16_mult_23_DW01_add_3
g_gemv[2].u_gemv/u_acc_add           75.6265      0.2     52.1381     6.4444      0.0000  fp16_add_53
g_gemv[2].u_gemv/u_acc_add/add_74_S2     8.5730     0.0     8.5730    0.0000      0.0000  fp16_add_53_DW01_add_4
g_gemv[2].u_gemv/u_acc_add/sub_75     8.4710      0.0      8.4710     0.0000      0.0000  fp16_add_53_DW01_sub_6
g_gemv[2].u_gemv/u_buf_mat         3987.0759      8.3      0.7873     0.0000   3986.2886  dbuf_16x256_4
g_gemv[2].u_gemv/u_buf_vec         3987.0759      8.3      0.7873     0.0000   3986.2886  dbuf_16x256_3
g_gemv[2].u_gemv/u_l4                70.9025      0.1     48.6680     6.4444      0.0000  fp16_add_54
g_gemv[2].u_gemv/u_l4/add_74_S2       7.3921      0.0      7.3921     0.0000      0.0000  fp16_add_54_DW01_add_2
g_gemv[2].u_gemv/u_l4/sub_75          8.3981      0.0      8.3981     0.0000      0.0000  fp16_add_54_DW01_sub_7
g_gemv[3].u_gemv                  11771.3378     24.5     88.9963   113.3449      0.0000  gemv_unit_1
g_gemv[3].u_gemv/g_ctx_acc[0].u_ctx_add    80.4233     0.2    56.7162    6.4444     0.0000 fp16_add_20
g_gemv[3].u_gemv/g_ctx_acc[0].u_ctx_add/add_74_S2     9.4041     0.0     9.4041    0.0000     0.0000 fp16_add_20_DW01_add_5
g_gemv[3].u_gemv/g_ctx_acc[0].u_ctx_add/sub_75     7.8586     0.0     7.8586    0.0000     0.0000 fp16_add_20_DW01_sub_11
g_gemv[3].u_gemv/g_ctx_acc[10].u_ctx_add    81.0940     0.2    57.4889    6.4444     0.0000 fp16_add_10
g_gemv[3].u_gemv/g_ctx_acc[10].u_ctx_add/add_74_S2     9.3458     0.0     9.3458    0.0000     0.0000 fp16_add_10_DW01_add_5
g_gemv[3].u_gemv/g_ctx_acc[10].u_ctx_add/sub_75     7.8149     0.0     7.8149    0.0000     0.0000 fp16_add_10_DW01_sub_11
g_gemv[3].u_gemv/g_ctx_acc[11].u_ctx_add    80.5982     0.2    57.1682    6.4444     0.0000 fp16_add_9
g_gemv[3].u_gemv/g_ctx_acc[11].u_ctx_add/add_74_S2     9.1125     0.0     9.1125    0.0000     0.0000 fp16_add_9_DW01_add_5
g_gemv[3].u_gemv/g_ctx_acc[11].u_ctx_add/sub_75     7.8732     0.0     7.8732    0.0000     0.0000 fp16_add_9_DW01_sub_11
g_gemv[3].u_gemv/g_ctx_acc[12].u_ctx_add    81.3418     0.2    57.6493    6.4444     0.0000 fp16_add_8
g_gemv[3].u_gemv/g_ctx_acc[12].u_ctx_add/add_74_S2     9.3020     0.0     9.3020    0.0000     0.0000 fp16_add_8_DW01_add_5
g_gemv[3].u_gemv/g_ctx_acc[12].u_ctx_add/sub_75     7.9461     0.0     7.9461    0.0000     0.0000 fp16_add_8_DW01_sub_11
g_gemv[3].u_gemv/g_ctx_acc[13].u_ctx_add    80.5399     0.2    57.0515    6.4444     0.0000 fp16_add_7
g_gemv[3].u_gemv/g_ctx_acc[13].u_ctx_add/add_74_S2     9.2583     0.0     9.2583    0.0000     0.0000 fp16_add_7_DW01_add_5
g_gemv[3].u_gemv/g_ctx_acc[13].u_ctx_add/sub_75     7.7857     0.0     7.7857    0.0000     0.0000 fp16_add_7_DW01_sub_11
g_gemv[3].u_gemv/g_ctx_acc[14].u_ctx_add    81.7063     0.2    57.7951    6.4444     0.0000 fp16_add_6
g_gemv[3].u_gemv/g_ctx_acc[14].u_ctx_add/add_74_S2     9.3895     0.0     9.3895    0.0000     0.0000 fp16_add_6_DW01_add_5
g_gemv[3].u_gemv/g_ctx_acc[14].u_ctx_add/sub_75     8.0773     0.0     8.0773    0.0000     0.0000 fp16_add_6_DW01_sub_11
g_gemv[3].u_gemv/g_ctx_acc[15].u_ctx_add    81.0065     0.2    57.5910    6.4444     0.0000 fp16_add_5
g_gemv[3].u_gemv/g_ctx_acc[15].u_ctx_add/add_74_S2     9.2000     0.0     9.2000    0.0000     0.0000 fp16_add_5_DW01_add_5
g_gemv[3].u_gemv/g_ctx_acc[15].u_ctx_add/sub_75     7.7711     0.0     7.7711    0.0000     0.0000 fp16_add_5_DW01_sub_11
g_gemv[3].u_gemv/g_ctx_acc[1].u_ctx_add    80.8753     0.2    57.2265    6.4444     0.0000 fp16_add_19
g_gemv[3].u_gemv/g_ctx_acc[1].u_ctx_add/add_74_S2     9.3020     0.0     9.3020    0.0000     0.0000 fp16_add_19_DW01_add_5
g_gemv[3].u_gemv/g_ctx_acc[1].u_ctx_add/sub_75     7.9024     0.0     7.9024    0.0000     0.0000 fp16_add_19_DW01_sub_11
g_gemv[3].u_gemv/g_ctx_acc[2].u_ctx_add    81.9104     0.2    57.9263    6.4444     0.0000 fp16_add_18
g_gemv[3].u_gemv/g_ctx_acc[2].u_ctx_add/add_74_S2     9.1271     0.0     9.1271    0.0000     0.0000 fp16_add_18_DW01_add_5
g_gemv[3].u_gemv/g_ctx_acc[2].u_ctx_add/sub_75     8.4127     0.0     8.4127    0.0000     0.0000 fp16_add_18_DW01_sub_11
g_gemv[3].u_gemv/g_ctx_acc[3].u_ctx_add    80.8461     0.2    57.2848    6.4444     0.0000 fp16_add_17
g_gemv[3].u_gemv/g_ctx_acc[3].u_ctx_add/add_74_S2     9.3020     0.0     9.3020    0.0000     0.0000 fp16_add_17_DW01_add_5
g_gemv[3].u_gemv/g_ctx_acc[3].u_ctx_add/sub_75     7.8149     0.0     7.8149    0.0000     0.0000 fp16_add_17_DW01_sub_11
g_gemv[3].u_gemv/g_ctx_acc[4].u_ctx_add    81.1085     0.2    57.5910    6.4444     0.0000 fp16_add_16
g_gemv[3].u_gemv/g_ctx_acc[4].u_ctx_add/add_74_S2     9.1708     0.0     9.1708    0.0000     0.0000 fp16_add_16_DW01_add_5
g_gemv[3].u_gemv/g_ctx_acc[4].u_ctx_add/sub_75     7.9024     0.0     7.9024    0.0000     0.0000 fp16_add_16_DW01_sub_11
g_gemv[3].u_gemv/g_ctx_acc[5].u_ctx_add    81.3418     0.2    57.6785    6.4444     0.0000 fp16_add_15
g_gemv[3].u_gemv/g_ctx_acc[5].u_ctx_add/add_74_S2     9.3604     0.0     9.3604    0.0000     0.0000 fp16_add_15_DW01_add_5
g_gemv[3].u_gemv/g_ctx_acc[5].u_ctx_add/sub_75     7.8586     0.0     7.8586    0.0000     0.0000 fp16_add_15_DW01_sub_11
g_gemv[3].u_gemv/g_ctx_acc[6].u_ctx_add    80.8753     0.2    57.3286    6.4444     0.0000 fp16_add_14
g_gemv[3].u_gemv/g_ctx_acc[6].u_ctx_add/add_74_S2     9.2583     0.0     9.2583    0.0000     0.0000 fp16_add_14_DW01_add_5
g_gemv[3].u_gemv/g_ctx_acc[6].u_ctx_add/sub_75     7.8440     0.0     7.8440    0.0000     0.0000 fp16_add_14_DW01_sub_11
g_gemv[3].u_gemv/g_ctx_acc[7].u_ctx_add    81.0356     0.2    57.5181    6.4444     0.0000 fp16_add_13
g_gemv[3].u_gemv/g_ctx_acc[7].u_ctx_add/add_74_S2     9.1708     0.0     9.1708    0.0000     0.0000 fp16_add_13_DW01_add_5
g_gemv[3].u_gemv/g_ctx_acc[7].u_ctx_add/sub_75     7.9024     0.0     7.9024    0.0000     0.0000 fp16_add_13_DW01_sub_11
g_gemv[3].u_gemv/g_ctx_acc[8].u_ctx_add    81.0211     0.2    57.5910    6.4444     0.0000 fp16_add_12
g_gemv[3].u_gemv/g_ctx_acc[8].u_ctx_add/add_74_S2     9.1125     0.0     9.1125    0.0000     0.0000 fp16_add_12_DW01_add_5
g_gemv[3].u_gemv/g_ctx_acc[8].u_ctx_add/sub_75     7.8732     0.0     7.8732    0.0000     0.0000 fp16_add_12_DW01_sub_11
g_gemv[3].u_gemv/g_ctx_acc[9].u_ctx_add    80.9336     0.2    57.2848    6.4444     0.0000 fp16_add_11
g_gemv[3].u_gemv/g_ctx_acc[9].u_ctx_add/add_74_S2     9.3166     0.0     9.3166    0.0000     0.0000 fp16_add_11_DW01_add_5
g_gemv[3].u_gemv/g_ctx_acc[9].u_ctx_add/sub_75     7.8878     0.0     7.8878    0.0000     0.0000 fp16_add_11_DW01_sub_11
g_gemv[3].u_gemv/g_l1[0].u_add       72.8563      0.2     49.4699     6.4444      0.0000  fp16_add_36
g_gemv[3].u_gemv/g_l1[0].u_add/add_74_S2     7.5670     0.0     7.5670    0.0000     0.0000 fp16_add_36_DW01_add_2
g_gemv[3].u_gemv/g_l1[0].u_add/sub_75     9.3749     0.0     9.3749    0.0000     0.0000  fp16_add_36_DW01_sub_8
g_gemv[3].u_gemv/g_l1[1].u_add       72.7105      0.2     49.5720     6.4444      0.0000  fp16_add_35
g_gemv[3].u_gemv/g_l1[1].u_add/add_74_S2     7.6108     0.0     7.6108    0.0000     0.0000 fp16_add_35_DW01_add_2
g_gemv[3].u_gemv/g_l1[1].u_add/sub_75     9.0833     0.0     9.0833    0.0000     0.0000  fp16_add_35_DW01_sub_8
g_gemv[3].u_gemv/g_l1[2].u_add       73.0021      0.2     49.9802     6.4444      0.0000  fp16_add_34
g_gemv[3].u_gemv/g_l1[2].u_add/add_74_S2     7.5816     0.0     7.5816    0.0000     0.0000 fp16_add_34_DW01_add_2
g_gemv[3].u_gemv/g_l1[2].u_add/sub_75     8.9959     0.0     8.9959    0.0000     0.0000  fp16_add_34_DW01_sub_8
g_gemv[3].u_gemv/g_l1[3].u_add       73.2645      0.2     49.8928     6.4444      0.0000  fp16_add_33
g_gemv[3].u_gemv/g_l1[3].u_add/add_74_S2     7.6399     0.0     7.6399    0.0000     0.0000 fp16_add_33_DW01_add_2
g_gemv[3].u_gemv/g_l1[3].u_add/sub_75     9.2875     0.0     9.2875    0.0000     0.0000  fp16_add_33_DW01_sub_8
g_gemv[3].u_gemv/g_l1[4].u_add       72.6959      0.2     49.4554     6.4444      0.0000  fp16_add_32
g_gemv[3].u_gemv/g_l1[4].u_add/add_74_S2     7.4941     0.0     7.4941    0.0000     0.0000 fp16_add_32_DW01_add_2
g_gemv[3].u_gemv/g_l1[4].u_add/sub_75     9.3020     0.0     9.3020    0.0000     0.0000  fp16_add_32_DW01_sub_8
g_gemv[3].u_gemv/g_l1[5].u_add       72.3022      0.2     49.1638     6.4444      0.0000  fp16_add_31
g_gemv[3].u_gemv/g_l1[5].u_add/add_74_S2     7.6545     0.0     7.6545    0.0000     0.0000 fp16_add_31_DW01_add_2
g_gemv[3].u_gemv/g_l1[5].u_add/sub_75     9.0396     0.0     9.0396    0.0000     0.0000  fp16_add_31_DW01_sub_8
g_gemv[3].u_gemv/g_l1[6].u_add       72.8708      0.2     49.4554     6.4444      0.0000  fp16_add_30
g_gemv[3].u_gemv/g_l1[6].u_add/add_74_S2     7.7274     0.0     7.7274    0.0000     0.0000 fp16_add_30_DW01_add_2
g_gemv[3].u_gemv/g_l1[6].u_add/sub_75     9.2437     0.0     9.2437    0.0000     0.0000  fp16_add_30_DW01_sub_8
g_gemv[3].u_gemv/g_l1[7].u_add       72.8854      0.2     49.7907     6.4444      0.0000  fp16_add_29
g_gemv[3].u_gemv/g_l1[7].u_add/add_74_S2     7.5670     0.0     7.5670    0.0000     0.0000 fp16_add_29_DW01_add_2
g_gemv[3].u_gemv/g_l1[7].u_add/sub_75     9.0833     0.0     9.0833    0.0000     0.0000  fp16_add_29_DW01_sub_8
g_gemv[3].u_gemv/g_l2[0].u_add       70.5380      0.1     48.4785     6.4444      0.0000  fp16_add_28
g_gemv[3].u_gemv/g_l2[0].u_add/add_74_S2     7.4504     0.0     7.4504    0.0000     0.0000 fp16_add_28_DW01_add_2
g_gemv[3].u_gemv/g_l2[0].u_add/sub_75     8.1648     0.0     8.1648    0.0000     0.0000  fp16_add_28_DW01_sub_7
g_gemv[3].u_gemv/g_l2[1].u_add       70.7422      0.1     48.6680     6.4444      0.0000  fp16_add_27
g_gemv[3].u_gemv/g_l2[1].u_add/add_74_S2     7.5087     0.0     7.5087    0.0000     0.0000 fp16_add_27_DW01_add_2
g_gemv[3].u_gemv/g_l2[1].u_add/sub_75     8.1211     0.0     8.1211    0.0000     0.0000  fp16_add_27_DW01_sub_7
g_gemv[3].u_gemv/g_l2[2].u_add       70.9463      0.1     49.0325     6.4444      0.0000  fp16_add_26
g_gemv[3].u_gemv/g_l2[2].u_add/add_74_S2     7.3046     0.0     7.3046    0.0000     0.0000 fp16_add_26_DW01_add_2
g_gemv[3].u_gemv/g_l2[2].u_add/sub_75     8.1648     0.0     8.1648    0.0000     0.0000  fp16_add_26_DW01_sub_7
g_gemv[3].u_gemv/g_l2[3].u_add       71.1067      0.1     49.0909     6.4444      0.0000  fp16_add_25
g_gemv[3].u_gemv/g_l2[3].u_add/add_74_S2     7.6253     0.0     7.6253    0.0000     0.0000 fp16_add_25_DW01_add_2
g_gemv[3].u_gemv/g_l2[3].u_add/sub_75     7.9461     0.0     7.9461    0.0000     0.0000  fp16_add_25_DW01_sub_7
g_gemv[3].u_gemv/g_l3[0].u_add       70.4943      0.1     48.4493     6.4444      0.0000  fp16_add_24
g_gemv[3].u_gemv/g_l3[0].u_add/add_74_S2     7.5233     0.0     7.5233    0.0000     0.0000 fp16_add_24_DW01_add_2
g_gemv[3].u_gemv/g_l3[0].u_add/sub_75     8.0773     0.0     8.0773    0.0000     0.0000  fp16_add_24_DW01_sub_7
g_gemv[3].u_gemv/g_l3[1].u_add       70.5672      0.1     48.5806     6.4444      0.0000  fp16_add_23
g_gemv[3].u_gemv/g_l3[1].u_add/add_74_S2     7.5379     0.0     7.5379    0.0000     0.0000 fp16_add_23_DW01_add_2
g_gemv[3].u_gemv/g_l3[1].u_add/sub_75     8.0044     0.0     8.0044    0.0000     0.0000  fp16_add_23_DW01_sub_7
g_gemv[3].u_gemv/g_mul[0].u_mul      72.1564      0.1     16.5775     6.4444      0.0000  fp16_mult_16
g_gemv[3].u_gemv/g_mul[0].u_mul/mult_35    49.1346     0.1    42.2528    0.0000     0.0000 fp16_mult_16_DW02_mult_0_DW02_mult_15
g_gemv[3].u_gemv/g_mul[0].u_mul/mult_35/FS_1     6.8818     0.0     6.8818    0.0000     0.0000 fp16_mult_16_DW01_add_3
g_gemv[3].u_gemv/g_mul[10].u_mul     71.3254      0.1     15.8339     6.4444      0.0000  fp16_mult_6
g_gemv[3].u_gemv/g_mul[10].u_mul/mult_35    49.0471     0.1    42.2237    0.0000     0.0000 fp16_mult_6_DW02_mult_0_DW02_mult_5
g_gemv[3].u_gemv/g_mul[10].u_mul/mult_35/FS_1     6.8234     0.0     6.8234    0.0000     0.0000 fp16_mult_6_DW01_add_3
g_gemv[3].u_gemv/g_mul[11].u_mul     71.2087      0.1     16.3004     6.4444      0.0000  fp16_mult_5
g_gemv[3].u_gemv/g_mul[11].u_mul/mult_35    48.4639     0.1    41.9612    0.0000     0.0000 fp16_mult_5_DW02_mult_0_DW02_mult_4
g_gemv[3].u_gemv/g_mul[11].u_mul/mult_35/FS_1     6.5027     0.0     6.5027    0.0000     0.0000 fp16_mult_5_DW01_add_3
g_gemv[3].u_gemv/g_mul[12].u_mul     71.9086      0.1     16.4462     6.4444      0.0000  fp16_mult_4
g_gemv[3].u_gemv/g_mul[12].u_mul/mult_35    49.0180     0.1    42.2820    0.0000     0.0000 fp16_mult_4_DW02_mult_0_DW02_mult_3
g_gemv[3].u_gemv/g_mul[12].u_mul/mult_35/FS_1     6.7360     0.0     6.7360    0.0000     0.0000 fp16_mult_4_DW01_add_3
g_gemv[3].u_gemv/g_mul[13].u_mul     71.8648      0.1     16.4608     6.4444      0.0000  fp16_mult_3
g_gemv[3].u_gemv/g_mul[13].u_mul/mult_35    48.9596     0.1    42.1508    0.0000     0.0000 fp16_mult_3_DW02_mult_0_DW02_mult_2
g_gemv[3].u_gemv/g_mul[13].u_mul/mult_35/FS_1     6.8089     0.0     6.8089    0.0000     0.0000 fp16_mult_3_DW01_add_3
g_gemv[3].u_gemv/g_mul[14].u_mul     71.5295      0.1     16.3150     6.4444      0.0000  fp16_mult_2
g_gemv[3].u_gemv/g_mul[14].u_mul/mult_35    48.7701     0.1    41.9321    0.0000     0.0000 fp16_mult_2_DW02_mult_0_DW02_mult_1
g_gemv[3].u_gemv/g_mul[14].u_mul/mult_35/FS_1     6.8380     0.0     6.8380    0.0000     0.0000 fp16_mult_2_DW01_add_3
g_gemv[3].u_gemv/g_mul[15].u_mul     71.2087      0.1     16.3004     6.4444      0.0000  fp16_mult_1
g_gemv[3].u_gemv/g_mul[15].u_mul/mult_35    48.4639     0.1    41.9612    0.0000     0.0000 fp16_mult_1_DW02_mult_0
g_gemv[3].u_gemv/g_mul[15].u_mul/mult_35/FS_1     6.5027     0.0     6.5027    0.0000     0.0000 fp16_mult_1_DW01_add_3
g_gemv[3].u_gemv/g_mul[1].u_mul      71.2379      0.1     16.2275     6.4444      0.0000  fp16_mult_15
g_gemv[3].u_gemv/g_mul[1].u_mul/mult_35    48.5660     0.1    42.0341    0.0000     0.0000 fp16_mult_15_DW02_mult_0_DW02_mult_14
g_gemv[3].u_gemv/g_mul[1].u_mul/mult_35/FS_1     6.5318     0.0     6.5318    0.0000     0.0000 fp16_mult_15_DW01_add_3
g_gemv[3].u_gemv/g_mul[2].u_mul      71.5878      0.1     16.4171     6.4444      0.0000  fp16_mult_14
g_gemv[3].u_gemv/g_mul[2].u_mul/mult_35    48.7264     0.1    41.8592    0.0000     0.0000 fp16_mult_14_DW02_mult_0_DW02_mult_13
g_gemv[3].u_gemv/g_mul[2].u_mul/mult_35/FS_1     6.8672     0.0     6.8672    0.0000     0.0000 fp16_mult_14_DW01_add_3
g_gemv[3].u_gemv/g_mul[3].u_mul      72.1564      0.1     16.6212     6.4444      0.0000  fp16_mult_13
g_gemv[3].u_gemv/g_mul[3].u_mul/mult_35    49.0909     0.1    42.1945    0.0000     0.0000 fp16_mult_13_DW02_mult_0_DW02_mult_12
g_gemv[3].u_gemv/g_mul[3].u_mul/mult_35/FS_1     6.8963     0.0     6.8963    0.0000     0.0000 fp16_mult_13_DW01_add_3
g_gemv[3].u_gemv/g_mul[4].u_mul      71.8065      0.1     16.4462     6.4444      0.0000  fp16_mult_12
g_gemv[3].u_gemv/g_mul[4].u_mul/mult_35    48.9159     0.1    42.0487    0.0000     0.0000 fp16_mult_12_DW02_mult_0_DW02_mult_11
g_gemv[3].u_gemv/g_mul[4].u_mul/mult_35/FS_1     6.8672     0.0     6.8672    0.0000     0.0000 fp16_mult_12_DW01_add_3
g_gemv[3].u_gemv/g_mul[5].u_mul      71.8065      0.1     16.5775     6.4444      0.0000  fp16_mult_11
g_gemv[3].u_gemv/g_mul[5].u_mul/mult_35    48.7847     0.1    42.0925    0.0000     0.0000 fp16_mult_11_DW02_mult_0_DW02_mult_10
g_gemv[3].u_gemv/g_mul[5].u_mul/mult_35/FS_1     6.6922     0.0     6.6922    0.0000     0.0000 fp16_mult_11_DW01_add_3
g_gemv[3].u_gemv/g_mul[6].u_mul      71.6607      0.1     16.1984     6.4444      0.0000  fp16_mult_10
g_gemv[3].u_gemv/g_mul[6].u_mul/mult_35    49.0180     0.1    42.1945    0.0000     0.0000 fp16_mult_10_DW02_mult_0_DW02_mult_9
g_gemv[3].u_gemv/g_mul[6].u_mul/mult_35/FS_1     6.8234     0.0     6.8234    0.0000     0.0000 fp16_mult_10_DW01_add_3
g_gemv[3].u_gemv/g_mul[7].u_mul      71.2087      0.1     16.3004     6.4444      0.0000  fp16_mult_9
g_gemv[3].u_gemv/g_mul[7].u_mul/mult_35    48.4639     0.1    41.9612    0.0000     0.0000 fp16_mult_9_DW02_mult_0_DW02_mult_8
g_gemv[3].u_gemv/g_mul[7].u_mul/mult_35/FS_1     6.5027     0.0     6.5027    0.0000     0.0000 fp16_mult_9_DW01_add_3
g_gemv[3].u_gemv/g_mul[8].u_mul      71.7919      0.1     16.7670     6.4444      0.0000  fp16_mult_8
g_gemv[3].u_gemv/g_mul[8].u_mul/mult_35    48.5806     0.1    41.9321    0.0000     0.0000 fp16_mult_8_DW02_mult_0_DW02_mult_7
g_gemv[3].u_gemv/g_mul[8].u_mul/mult_35/FS_1     6.6485     0.0     6.6485    0.0000     0.0000 fp16_mult_8_DW01_add_3
g_gemv[3].u_gemv/g_mul[9].u_mul      71.1796      0.1     16.0963     6.4444      0.0000  fp16_mult_7
g_gemv[3].u_gemv/g_mul[9].u_mul/mult_35    48.6389     0.1    42.0633    0.0000     0.0000 fp16_mult_7_DW02_mult_0_DW02_mult_6
g_gemv[3].u_gemv/g_mul[9].u_mul/mult_35/FS_1     6.5756     0.0     6.5756    0.0000     0.0000 fp16_mult_7_DW01_add_3
g_gemv[3].u_gemv/u_acc_add           75.1599      0.2     51.7153     6.4444      0.0000  fp16_add_21
g_gemv[3].u_gemv/u_acc_add/add_74_S2     8.3689     0.0     8.3689    0.0000      0.0000  fp16_add_21_DW01_add_4
g_gemv[3].u_gemv/u_acc_add/sub_75     8.6314      0.0      8.6314     0.0000      0.0000  fp16_add_21_DW01_sub_6
g_gemv[3].u_gemv/u_buf_mat         3987.0759      8.3      0.7873     0.0000   3986.2886  dbuf_16x256_2
g_gemv[3].u_gemv/u_buf_vec         3987.0759      8.3      0.7873     0.0000   3986.2886  dbuf_16x256_1
g_gemv[3].u_gemv/u_l4                70.4068      0.1     48.5951     6.4444      0.0000  fp16_add_22
g_gemv[3].u_gemv/u_l4/add_74_S2       7.4795      0.0      7.4795     0.0000      0.0000  fp16_add_22_DW01_add_2
g_gemv[3].u_gemv/u_l4/sub_75          7.8878      0.0      7.8878     0.0000      0.0000  fp16_add_22_DW01_sub_7
u_acc                               309.3439      0.6      3.9074     7.2025      0.0000  accumulator_N4
u_acc/a01                            71.5732      0.1     49.1346     6.4444      0.0000  fp16_add_4
u_acc/a01/add_74_S2                   7.6399      0.0      7.6399     0.0000      0.0000  fp16_add_4_DW01_add_2
u_acc/a01/sub_75                      8.3543      0.0      8.3543     0.0000      0.0000  fp16_add_4_DW01_sub_6
u_acc/a0123                          72.8563      0.2     48.3473     6.4444      0.0000  fp16_add_2
u_acc/a0123/add_74_S2                 9.8415      0.0      9.8415     0.0000      0.0000  fp16_add_2_DW01_add_6
u_acc/a0123/sub_75                    8.2231      0.0      8.2231     0.0000      0.0000  fp16_add_2_DW01_sub_7
u_acc/a23                            72.3897      0.2     49.8928     6.4444      0.0000  fp16_add_3
u_acc/a23/add_74_S2                   7.6399      0.0      7.6399     0.0000      0.0000  fp16_add_3_DW01_add_2
u_acc/a23/sub_75                      8.4127      0.0      8.4127     0.0000      0.0000  fp16_add_3_DW01_sub_6
u_acc/a_acc                          81.4147      0.2     55.8997     6.4444      0.0000  fp16_add_1
u_acc/a_acc/add_74_S2                 9.0396      0.0      9.0396     0.0000      0.0000  fp16_add_1_DW01_add_6
u_acc/a_acc/sub_75                   10.0310      0.0     10.0310     0.0000      0.0000  fp16_add_1_DW01_sub_11
u_addr                               37.0186      0.1      7.9461    16.6795      0.0000  direct_addr_plan
u_addr/add_33                         7.1150      0.0      7.1150     0.0000      0.0000  direct_addr_plan_DW01_add_0_DW01_add_328
u_addr/sub_44                         5.2780      0.0      5.2780     0.0000      0.0000  direct_addr_plan_DW01_sub_0_DW01_sub_528
u_ctrl                              507.9818      1.1    157.5515   332.2199      0.0000  attacc_controller
u_ctrl/add_131                        6.8963      0.0      6.8963     0.0000      0.0000  attacc_controller_DW01_add_1_DW01_add_330
u_ctrl/add_220                        4.5927      0.0      4.5927     0.0000      0.0000  attacc_controller_DW01_add_0_DW01_add_329
u_ctrl/add_304                        3.1930      0.0      3.1930     0.0000      0.0000  attacc_controller_DW01_inc_0_DW01_inc_330
u_ctrl/sub_306                        3.5284      0.0      3.5284     0.0000      0.0000  attacc_controller_DW01_dec_0
--------------------------------  ----------  -------  ----------  ---------  ----------  -----------------------------------------
Total                                                  14176.0319  2072.5761  31890.3086

1
