Information: Updating design information... (UID-85)
Warning: Design 'fp32_recip' contains 1 high-fanout nets. A fanout number of 1000 will be used for delay calculations involving these nets. (TIM-134)
 
****************************************
Report : qor
Design : fp32_recip
Version: P-2019.03-SP5-6
Date   : Tue Sep  1 00:39:06 2026
****************************************


  Timing Path Group 'clk'
  -----------------------------------
  Levels of Logic:              25.00
  Critical Path Length:        635.06
  Critical Path Slack:           0.09
  Critical Path Clk Period:    699.00
  Total Negative Slack:          0.00
  No. of Violating Paths:        0.00
  Worst Hold Violation:          0.00
  Total Hold Violation:          0.00
  No. of Hold Violations:        0.00
  -----------------------------------


  Cell Count
  -----------------------------------
  Hierarchical Cell Count:         96
  Hierarchical Port Count:       4302
  Leaf Cell Count:              19435
  Buf/Inv Cell Count:            8650
  Buf Cell Count:                1617
  Inv Cell Count:                7033
  CT Buf/Inv Cell Count:            0
  Combinational Cell Count:     16924
  Sequential Cell Count:         2511
  Macro Count:                      0
  -----------------------------------


  Area
  -----------------------------------
  Combinational Area:     1287.691018
  Noncombinational Area:   951.869874
  Buf/Inv Area:            413.153465
  Total Buffer Area:           104.16
  Total Inverter Area:         308.99
  Macro/Black Box Area:      0.000000
  Net Area:                  0.000000
  -----------------------------------
  Cell Area:              2239.560892
  Design Area:            2239.560892


  Design Rules
  -----------------------------------
  Total Number of Nets:         20939
  Nets With Violations:             0
  Max Trans Violations:             0
  Max Cap Violations:               0
  -----------------------------------


  Hostname: thu-olden

  Compile CPU Statistics
  -----------------------------------------
  Resource Sharing:                    0.88
  Logic Optimization:                  0.61
  Mapping Optimization:                3.35
  -----------------------------------------
  Overall Compile Time:                7.95
  Overall Compile Wall Clock Time:     7.22

  --------------------------------------------------------------------

  Design  WNS: 0.00  TNS: 0.00  Number of Violating Paths: 0


  Design (Hold)  WNS: 0.00  TNS: 0.00  Number of Violating Paths: 0

  --------------------------------------------------------------------


1
