 
****************************************
Report : timing
        -path full
        -delay min
        -max_paths 20
Design : fp32_recip
Version: P-2019.03-SP5-6
Date   : Tue Sep  1 00:39:06 2026
****************************************

 # A fanout number of 1000 was used for high fanout net computations.

Operating Conditions: PVT_0P7V_25C   Library: asap7sc7p5t_AO_RVT_TT_nldm_211120
Wire Load Model Mode: top

  Startpoint: pcross_lo_p_reg[8]
              (rising edge-triggered flip-flop clocked by clk)
  Endpoint: pcross_p_reg[8]
            (rising edge-triggered flip-flop clocked by clk)
  Path Group: clk
  Path Type: min

  Point                                                   Incr       Path
  --------------------------------------------------------------------------
  clock clk (rise edge)                                   0.00       0.00
  clock network delay (ideal)                             0.00       0.00
  pcross_lo_p_reg[8]/CLK (DFFASRHQNx1_ASAP7_75t_R)        0.00 #     0.00 r
  pcross_lo_p_reg[8]/QN (DFFASRHQNx1_ASAP7_75t_R)        55.93      55.93 r
  U4859/Y (OAI21xp5_ASAP7_75t_R)                         12.00      67.92 f
  pcross_p_reg[8]/D (DFFASRHQNx1_ASAP7_75t_R)             0.00      67.92 f
  data arrival time                                                 67.92

  clock clk (rise edge)                                   0.00       0.00
  clock network delay (ideal)                             0.00       0.00
  clock uncertainty                                      50.00      50.00
  pcross_p_reg[8]/CLK (DFFASRHQNx1_ASAP7_75t_R)           0.00      50.00 r
  library hold time                                      15.34      65.34
  data required time                                                65.34
  --------------------------------------------------------------------------
  data required time                                                65.34
  data arrival time                                                -67.92
  --------------------------------------------------------------------------
  slack (MET)                                                        2.58


  Startpoint: u_p00/cross_q_reg[0]
              (rising edge-triggered flip-flop clocked by clk)
  Endpoint: u_p00/p_reg[8]
            (rising edge-triggered flip-flop clocked by clk)
  Path Group: clk
  Path Type: min

  Point                                                   Incr       Path
  --------------------------------------------------------------------------
  clock clk (rise edge)                                   0.00       0.00
  clock network delay (ideal)                             0.00       0.00
  u_p00/cross_q_reg[0]/CLK (DFFASRHQNx1_ASAP7_75t_R)      0.00 #     0.00 r
  u_p00/cross_q_reg[0]/QN (DFFASRHQNx1_ASAP7_75t_R)      55.93      55.93 r
  u_p00/U386/Y (OAI21xp5_ASAP7_75t_R)                    12.00      67.92 f
  u_p00/p_reg[8]/D (DFFASRHQNx1_ASAP7_75t_R)              0.00      67.92 f
  data arrival time                                                 67.92

  clock clk (rise edge)                                   0.00       0.00
  clock network delay (ideal)                             0.00       0.00
  clock uncertainty                                      50.00      50.00
  u_p00/p_reg[8]/CLK (DFFASRHQNx1_ASAP7_75t_R)            0.00      50.00 r
  library hold time                                      15.05      65.05
  data required time                                                65.05
  --------------------------------------------------------------------------
  data required time                                                65.05
  data arrival time                                                -67.92
  --------------------------------------------------------------------------
  slack (MET)                                                        2.87


  Startpoint: u_p01/cross_q_reg[0]
              (rising edge-triggered flip-flop clocked by clk)
  Endpoint: u_p01/p_reg[8]
            (rising edge-triggered flip-flop clocked by clk)
  Path Group: clk
  Path Type: min

  Point                                                   Incr       Path
  --------------------------------------------------------------------------
  clock clk (rise edge)                                   0.00       0.00
  clock network delay (ideal)                             0.00       0.00
  u_p01/cross_q_reg[0]/CLK (DFFASRHQNx1_ASAP7_75t_R)      0.00 #     0.00 r
  u_p01/cross_q_reg[0]/QN (DFFASRHQNx1_ASAP7_75t_R)      55.93      55.93 r
  u_p01/U267/Y (OAI21xp5_ASAP7_75t_R)                    12.00      67.92 f
  u_p01/p_reg[8]/D (DFFASRHQNx1_ASAP7_75t_R)              0.00      67.92 f
  data arrival time                                                 67.92

  clock clk (rise edge)                                   0.00       0.00
  clock network delay (ideal)                             0.00       0.00
  clock uncertainty                                      50.00      50.00
  u_p01/p_reg[8]/CLK (DFFASRHQNx1_ASAP7_75t_R)            0.00      50.00 r
  library hold time                                      15.05      65.05
  data required time                                                65.05
  --------------------------------------------------------------------------
  data required time                                                65.05
  data arrival time                                                -67.92
  --------------------------------------------------------------------------
  slack (MET)                                                        2.87


  Startpoint: u_p10/cross_q_reg[0]
              (rising edge-triggered flip-flop clocked by clk)
  Endpoint: u_p10/p_reg[8]
            (rising edge-triggered flip-flop clocked by clk)
  Path Group: clk
  Path Type: min

  Point                                                   Incr       Path
  --------------------------------------------------------------------------
  clock clk (rise edge)                                   0.00       0.00
  clock network delay (ideal)                             0.00       0.00
  u_p10/cross_q_reg[0]/CLK (DFFASRHQNx1_ASAP7_75t_R)      0.00 #     0.00 r
  u_p10/cross_q_reg[0]/QN (DFFASRHQNx1_ASAP7_75t_R)      55.93      55.93 r
  u_p10/U265/Y (OAI21xp5_ASAP7_75t_R)                    12.00      67.92 f
  u_p10/p_reg[8]/D (DFFASRHQNx1_ASAP7_75t_R)              0.00      67.92 f
  data arrival time                                                 67.92

  clock clk (rise edge)                                   0.00       0.00
  clock network delay (ideal)                             0.00       0.00
  clock uncertainty                                      50.00      50.00
  u_p10/p_reg[8]/CLK (DFFASRHQNx1_ASAP7_75t_R)            0.00      50.00 r
  library hold time                                      15.05      65.05
  data required time                                                65.05
  --------------------------------------------------------------------------
  data required time                                                65.05
  data arrival time                                                -67.92
  --------------------------------------------------------------------------
  slack (MET)                                                        2.87


  Startpoint: u_p11/cross_q_reg[0]
              (rising edge-triggered flip-flop clocked by clk)
  Endpoint: u_p11/p_reg[8]
            (rising edge-triggered flip-flop clocked by clk)
  Path Group: clk
  Path Type: min

  Point                                                   Incr       Path
  --------------------------------------------------------------------------
  clock clk (rise edge)                                   0.00       0.00
  clock network delay (ideal)                             0.00       0.00
  u_p11/cross_q_reg[0]/CLK (DFFASRHQNx1_ASAP7_75t_R)      0.00 #     0.00 r
  u_p11/cross_q_reg[0]/QN (DFFASRHQNx1_ASAP7_75t_R)      55.93      55.93 r
  u_p11/U261/Y (OAI21xp5_ASAP7_75t_R)                    12.00      67.92 f
  u_p11/p_reg[8]/D (DFFASRHQNx1_ASAP7_75t_R)              0.00      67.92 f
  data arrival time                                                 67.92

  clock clk (rise edge)                                   0.00       0.00
  clock network delay (ideal)                             0.00       0.00
  clock uncertainty                                      50.00      50.00
  u_p11/p_reg[8]/CLK (DFFASRHQNx1_ASAP7_75t_R)            0.00      50.00 r
  library hold time                                      15.05      65.05
  data required time                                                65.05
  --------------------------------------------------------------------------
  data required time                                                65.05
  data arrival time                                                -67.92
  --------------------------------------------------------------------------
  slack (MET)                                                        2.87


  Startpoint: u_r00/cross_q_reg[0]
              (rising edge-triggered flip-flop clocked by clk)
  Endpoint: u_r00/p_reg[8]
            (rising edge-triggered flip-flop clocked by clk)
  Path Group: clk
  Path Type: min

  Point                                                   Incr       Path
  --------------------------------------------------------------------------
  clock clk (rise edge)                                   0.00       0.00
  clock network delay (ideal)                             0.00       0.00
  u_r00/cross_q_reg[0]/CLK (DFFASRHQNx1_ASAP7_75t_R)      0.00 #     0.00 r
  u_r00/cross_q_reg[0]/QN (DFFASRHQNx1_ASAP7_75t_R)      55.93      55.93 r
  u_r00/U387/Y (OAI21xp5_ASAP7_75t_R)                    12.00      67.92 f
  u_r00/p_reg[8]/D (DFFASRHQNx1_ASAP7_75t_R)              0.00      67.92 f
  data arrival time                                                 67.92

  clock clk (rise edge)                                   0.00       0.00
  clock network delay (ideal)                             0.00       0.00
  clock uncertainty                                      50.00      50.00
  u_r00/p_reg[8]/CLK (DFFASRHQNx1_ASAP7_75t_R)            0.00      50.00 r
  library hold time                                      15.05      65.05
  data required time                                                65.05
  --------------------------------------------------------------------------
  data required time                                                65.05
  data arrival time                                                -67.92
  --------------------------------------------------------------------------
  slack (MET)                                                        2.87


  Startpoint: u_r01/cross_q_reg[0]
              (rising edge-triggered flip-flop clocked by clk)
  Endpoint: u_r01/p_reg[8]
            (rising edge-triggered flip-flop clocked by clk)
  Path Group: clk
  Path Type: min

  Point                                                   Incr       Path
  --------------------------------------------------------------------------
  clock clk (rise edge)                                   0.00       0.00
  clock network delay (ideal)                             0.00       0.00
  u_r01/cross_q_reg[0]/CLK (DFFASRHQNx1_ASAP7_75t_R)      0.00 #     0.00 r
  u_r01/cross_q_reg[0]/QN (DFFASRHQNx1_ASAP7_75t_R)      55.93      55.93 r
  u_r01/U293/Y (OAI21xp5_ASAP7_75t_R)                    12.00      67.92 f
  u_r01/p_reg[8]/D (DFFASRHQNx1_ASAP7_75t_R)              0.00      67.92 f
  data arrival time                                                 67.92

  clock clk (rise edge)                                   0.00       0.00
  clock network delay (ideal)                             0.00       0.00
  clock uncertainty                                      50.00      50.00
  u_r01/p_reg[8]/CLK (DFFASRHQNx1_ASAP7_75t_R)            0.00      50.00 r
  library hold time                                      15.05      65.05
  data required time                                                65.05
  --------------------------------------------------------------------------
  data required time                                                65.05
  data arrival time                                                -67.92
  --------------------------------------------------------------------------
  slack (MET)                                                        2.87


  Startpoint: u_r10/cross_q_reg[0]
              (rising edge-triggered flip-flop clocked by clk)
  Endpoint: u_r10/p_reg[8]
            (rising edge-triggered flip-flop clocked by clk)
  Path Group: clk
  Path Type: min

  Point                                                   Incr       Path
  --------------------------------------------------------------------------
  clock clk (rise edge)                                   0.00       0.00
  clock network delay (ideal)                             0.00       0.00
  u_r10/cross_q_reg[0]/CLK (DFFASRHQNx1_ASAP7_75t_R)      0.00 #     0.00 r
  u_r10/cross_q_reg[0]/QN (DFFASRHQNx1_ASAP7_75t_R)      55.93      55.93 r
  u_r10/U285/Y (OAI21xp5_ASAP7_75t_R)                    12.00      67.92 f
  u_r10/p_reg[8]/D (DFFASRHQNx1_ASAP7_75t_R)              0.00      67.92 f
  data arrival time                                                 67.92

  clock clk (rise edge)                                   0.00       0.00
  clock network delay (ideal)                             0.00       0.00
  clock uncertainty                                      50.00      50.00
  u_r10/p_reg[8]/CLK (DFFASRHQNx1_ASAP7_75t_R)            0.00      50.00 r
  library hold time                                      15.05      65.05
  data required time                                                65.05
  --------------------------------------------------------------------------
  data required time                                                65.05
  data arrival time                                                -67.92
  --------------------------------------------------------------------------
  slack (MET)                                                        2.87


  Startpoint: u_r11/cross_q_reg[0]
              (rising edge-triggered flip-flop clocked by clk)
  Endpoint: u_r11/p_reg[8]
            (rising edge-triggered flip-flop clocked by clk)
  Path Group: clk
  Path Type: min

  Point                                                   Incr       Path
  --------------------------------------------------------------------------
  clock clk (rise edge)                                   0.00       0.00
  clock network delay (ideal)                             0.00       0.00
  u_r11/cross_q_reg[0]/CLK (DFFASRHQNx1_ASAP7_75t_R)      0.00 #     0.00 r
  u_r11/cross_q_reg[0]/QN (DFFASRHQNx1_ASAP7_75t_R)      55.93      55.93 r
  u_r11/U289/Y (OAI21xp5_ASAP7_75t_R)                    12.00      67.92 f
  u_r11/p_reg[8]/D (DFFASRHQNx1_ASAP7_75t_R)              0.00      67.92 f
  data arrival time                                                 67.92

  clock clk (rise edge)                                   0.00       0.00
  clock network delay (ideal)                             0.00       0.00
  clock uncertainty                                      50.00      50.00
  u_r11/p_reg[8]/CLK (DFFASRHQNx1_ASAP7_75t_R)            0.00      50.00 r
  library hold time                                      15.05      65.05
  data required time                                                65.05
  --------------------------------------------------------------------------
  data required time                                                65.05
  data arrival time                                                -67.92
  --------------------------------------------------------------------------
  slack (MET)                                                        2.87


  Startpoint: u_p00/cross_hi_q_reg[8]
              (rising edge-triggered flip-flop clocked by clk)
  Endpoint: u_p00/cross_q_reg[16]
            (rising edge-triggered flip-flop clocked by clk)
  Path Group: clk
  Path Type: min

  Point                                                   Incr       Path
  --------------------------------------------------------------------------
  clock clk (rise edge)                                   0.00       0.00
  clock network delay (ideal)                             0.00       0.00
  u_p00/cross_hi_q_reg[8]/CLK (DFFASRHQNx1_ASAP7_75t_R)     0.00 #     0.00 r
  u_p00/cross_hi_q_reg[8]/QN (DFFASRHQNx1_ASAP7_75t_R)    56.22     56.22 r
  u_p00/U360/Y (XOR2xp5_ASAP7_75t_R)                     13.50      69.72 f
  u_p00/cross_q_reg[16]/D (DFFASRHQNx1_ASAP7_75t_R)       0.00      69.72 f
  data arrival time                                                 69.72

  clock clk (rise edge)                                   0.00       0.00
  clock network delay (ideal)                             0.00       0.00
  clock uncertainty                                      50.00      50.00
  u_p00/cross_q_reg[16]/CLK (DFFASRHQNx1_ASAP7_75t_R)     0.00      50.00 r
  library hold time                                      15.62      65.62
  data required time                                                65.62
  --------------------------------------------------------------------------
  data required time                                                65.62
  data arrival time                                                -69.72
  --------------------------------------------------------------------------
  slack (MET)                                                        4.10


  Startpoint: u_r00/cross_hi_q_reg[8]
              (rising edge-triggered flip-flop clocked by clk)
  Endpoint: u_r00/cross_q_reg[16]
            (rising edge-triggered flip-flop clocked by clk)
  Path Group: clk
  Path Type: min

  Point                                                   Incr       Path
  --------------------------------------------------------------------------
  clock clk (rise edge)                                   0.00       0.00
  clock network delay (ideal)                             0.00       0.00
  u_r00/cross_hi_q_reg[8]/CLK (DFFASRHQNx1_ASAP7_75t_R)     0.00 #     0.00 r
  u_r00/cross_hi_q_reg[8]/QN (DFFASRHQNx1_ASAP7_75t_R)    56.22     56.22 r
  u_r00/U360/Y (XOR2xp5_ASAP7_75t_R)                     13.50      69.72 f
  u_r00/cross_q_reg[16]/D (DFFASRHQNx1_ASAP7_75t_R)       0.00      69.72 f
  data arrival time                                                 69.72

  clock clk (rise edge)                                   0.00       0.00
  clock network delay (ideal)                             0.00       0.00
  clock uncertainty                                      50.00      50.00
  u_r00/cross_q_reg[16]/CLK (DFFASRHQNx1_ASAP7_75t_R)     0.00      50.00 r
  library hold time                                      15.62      65.62
  data required time                                                65.62
  --------------------------------------------------------------------------
  data required time                                                65.62
  data arrival time                                                -69.72
  --------------------------------------------------------------------------
  slack (MET)                                                        4.10


  Startpoint: u_r01/cross_hi_q_reg[8]
              (rising edge-triggered flip-flop clocked by clk)
  Endpoint: u_r01/cross_q_reg[16]
            (rising edge-triggered flip-flop clocked by clk)
  Path Group: clk
  Path Type: min

  Point                                                   Incr       Path
  --------------------------------------------------------------------------
  clock clk (rise edge)                                   0.00       0.00
  clock network delay (ideal)                             0.00       0.00
  u_r01/cross_hi_q_reg[8]/CLK (DFFASRHQNx1_ASAP7_75t_R)     0.00 #     0.00 r
  u_r01/cross_hi_q_reg[8]/QN (DFFASRHQNx1_ASAP7_75t_R)    56.22     56.22 r
  u_r01/U401/Y (XOR2xp5_ASAP7_75t_R)                     13.50      69.72 f
  u_r01/cross_q_reg[16]/D (DFFASRHQNx1_ASAP7_75t_R)       0.00      69.72 f
  data arrival time                                                 69.72

  clock clk (rise edge)                                   0.00       0.00
  clock network delay (ideal)                             0.00       0.00
  clock uncertainty                                      50.00      50.00
  u_r01/cross_q_reg[16]/CLK (DFFASRHQNx1_ASAP7_75t_R)     0.00      50.00 r
  library hold time                                      15.62      65.62
  data required time                                                65.62
  --------------------------------------------------------------------------
  data required time                                                65.62
  data arrival time                                                -69.72
  --------------------------------------------------------------------------
  slack (MET)                                                        4.10


  Startpoint: u_r10/cross_hi_q_reg[8]
              (rising edge-triggered flip-flop clocked by clk)
  Endpoint: u_r10/cross_q_reg[16]
            (rising edge-triggered flip-flop clocked by clk)
  Path Group: clk
  Path Type: min

  Point                                                   Incr       Path
  --------------------------------------------------------------------------
  clock clk (rise edge)                                   0.00       0.00
  clock network delay (ideal)                             0.00       0.00
  u_r10/cross_hi_q_reg[8]/CLK (DFFASRHQNx1_ASAP7_75t_R)     0.00 #     0.00 r
  u_r10/cross_hi_q_reg[8]/QN (DFFASRHQNx1_ASAP7_75t_R)    56.22     56.22 r
  u_r10/U394/Y (XOR2xp5_ASAP7_75t_R)                     13.50      69.72 f
  u_r10/cross_q_reg[16]/D (DFFASRHQNx1_ASAP7_75t_R)       0.00      69.72 f
  data arrival time                                                 69.72

  clock clk (rise edge)                                   0.00       0.00
  clock network delay (ideal)                             0.00       0.00
  clock uncertainty                                      50.00      50.00
  u_r10/cross_q_reg[16]/CLK (DFFASRHQNx1_ASAP7_75t_R)     0.00      50.00 r
  library hold time                                      15.62      65.62
  data required time                                                65.62
  --------------------------------------------------------------------------
  data required time                                                65.62
  data arrival time                                                -69.72
  --------------------------------------------------------------------------
  slack (MET)                                                        4.10


  Startpoint: u_r11/cross_hi_q_reg[8]
              (rising edge-triggered flip-flop clocked by clk)
  Endpoint: u_r11/cross_q_reg[16]
            (rising edge-triggered flip-flop clocked by clk)
  Path Group: clk
  Path Type: min

  Point                                                   Incr       Path
  --------------------------------------------------------------------------
  clock clk (rise edge)                                   0.00       0.00
  clock network delay (ideal)                             0.00       0.00
  u_r11/cross_hi_q_reg[8]/CLK (DFFASRHQNx1_ASAP7_75t_R)     0.00 #     0.00 r
  u_r11/cross_hi_q_reg[8]/QN (DFFASRHQNx1_ASAP7_75t_R)    56.22     56.22 r
  u_r11/U395/Y (XOR2xp5_ASAP7_75t_R)                     13.50      69.72 f
  u_r11/cross_q_reg[16]/D (DFFASRHQNx1_ASAP7_75t_R)       0.00      69.72 f
  data arrival time                                                 69.72

  clock clk (rise edge)                                   0.00       0.00
  clock network delay (ideal)                             0.00       0.00
  clock uncertainty                                      50.00      50.00
  u_r11/cross_q_reg[16]/CLK (DFFASRHQNx1_ASAP7_75t_R)     0.00      50.00 r
  library hold time                                      15.62      65.62
  data required time                                                65.62
  --------------------------------------------------------------------------
  data required time                                                65.62
  data arrival time                                                -69.72
  --------------------------------------------------------------------------
  slack (MET)                                                        4.10


  Startpoint: cls_s3_reg[1]
              (rising edge-triggered flip-flop clocked by clk)
  Endpoint: y_reg[22] (rising edge-triggered flip-flop clocked by clk)
  Path Group: clk
  Path Type: min

  Point                                                   Incr       Path
  --------------------------------------------------------------------------
  clock clk (rise edge)                                   0.00       0.00
  clock network delay (ideal)                             0.00       0.00
  cls_s3_reg[1]/CLK (DFFASRHQNx1_ASAP7_75t_R)             0.00 #     0.00 r
  cls_s3_reg[1]/QN (DFFASRHQNx1_ASAP7_75t_R)             56.21      56.21 r
  U4739/Y (AOI22xp5_ASAP7_75t_R)                         13.25      69.46 f
  y_reg[22]/D (DFFASRHQNx1_ASAP7_75t_R)                   0.00      69.46 f
  data arrival time                                                 69.46

  clock clk (rise edge)                                   0.00       0.00
  clock network delay (ideal)                             0.00       0.00
  clock uncertainty                                      50.00      50.00
  y_reg[22]/CLK (DFFASRHQNx1_ASAP7_75t_R)                 0.00      50.00 r
  library hold time                                      15.22      65.22
  data required time                                                65.22
  --------------------------------------------------------------------------
  data required time                                                65.22
  data arrival time                                                -69.46
  --------------------------------------------------------------------------
  slack (MET)                                                        4.24


  Startpoint: pcross_hi_p_reg[5]
              (rising edge-triggered flip-flop clocked by clk)
  Endpoint: pcross_p_reg[13]
            (rising edge-triggered flip-flop clocked by clk)
  Path Group: clk
  Path Type: min

  Point                                                   Incr       Path
  --------------------------------------------------------------------------
  clock clk (rise edge)                                   0.00       0.00
  clock network delay (ideal)                             0.00       0.00
  pcross_hi_p_reg[5]/CLK (DFFASRHQNx1_ASAP7_75t_R)        0.00 #     0.00 r
  pcross_hi_p_reg[5]/QN (DFFASRHQNx1_ASAP7_75t_R)        56.93      56.93 r
  U4850/Y (OAI21xp5_ASAP7_75t_R)                         13.15      70.08 f
  pcross_p_reg[13]/D (DFFASRHQNx1_ASAP7_75t_R)            0.00      70.08 f
  data arrival time                                                 70.08

  clock clk (rise edge)                                   0.00       0.00
  clock network delay (ideal)                             0.00       0.00
  clock uncertainty                                      50.00      50.00
  pcross_p_reg[13]/CLK (DFFASRHQNx1_ASAP7_75t_R)          0.00      50.00 r
  library hold time                                      15.41      65.41
  data required time                                                65.41
  --------------------------------------------------------------------------
  data required time                                                65.41
  data arrival time                                                -70.08
  --------------------------------------------------------------------------
  slack (MET)                                                        4.67


  Startpoint: pcross_hi_p_reg[4]
              (rising edge-triggered flip-flop clocked by clk)
  Endpoint: pcross_p_reg[12]
            (rising edge-triggered flip-flop clocked by clk)
  Path Group: clk
  Path Type: min

  Point                                                   Incr       Path
  --------------------------------------------------------------------------
  clock clk (rise edge)                                   0.00       0.00
  clock network delay (ideal)                             0.00       0.00
  pcross_hi_p_reg[4]/CLK (DFFASRHQNx1_ASAP7_75t_R)        0.00 #     0.00 r
  pcross_hi_p_reg[4]/QN (DFFASRHQNx1_ASAP7_75t_R)        56.93      56.93 r
  U4849/Y (OAI21xp5_ASAP7_75t_R)                         13.15      70.08 f
  pcross_p_reg[12]/D (DFFASRHQNx1_ASAP7_75t_R)            0.00      70.08 f
  data arrival time                                                 70.08

  clock clk (rise edge)                                   0.00       0.00
  clock network delay (ideal)                             0.00       0.00
  clock uncertainty                                      50.00      50.00
  pcross_p_reg[12]/CLK (DFFASRHQNx1_ASAP7_75t_R)          0.00      50.00 r
  library hold time                                      15.41      65.41
  data required time                                                65.41
  --------------------------------------------------------------------------
  data required time                                                65.41
  data arrival time                                                -70.08
  --------------------------------------------------------------------------
  slack (MET)                                                        4.67


  Startpoint: pcross_hi_p_reg[3]
              (rising edge-triggered flip-flop clocked by clk)
  Endpoint: pcross_p_reg[11]
            (rising edge-triggered flip-flop clocked by clk)
  Path Group: clk
  Path Type: min

  Point                                                   Incr       Path
  --------------------------------------------------------------------------
  clock clk (rise edge)                                   0.00       0.00
  clock network delay (ideal)                             0.00       0.00
  pcross_hi_p_reg[3]/CLK (DFFASRHQNx1_ASAP7_75t_R)        0.00 #     0.00 r
  pcross_hi_p_reg[3]/QN (DFFASRHQNx1_ASAP7_75t_R)        56.93      56.93 r
  U4854/Y (OAI21xp5_ASAP7_75t_R)                         13.15      70.08 f
  pcross_p_reg[11]/D (DFFASRHQNx1_ASAP7_75t_R)            0.00      70.08 f
  data arrival time                                                 70.08

  clock clk (rise edge)                                   0.00       0.00
  clock network delay (ideal)                             0.00       0.00
  clock uncertainty                                      50.00      50.00
  pcross_p_reg[11]/CLK (DFFASRHQNx1_ASAP7_75t_R)          0.00      50.00 r
  library hold time                                      15.41      65.41
  data required time                                                65.41
  --------------------------------------------------------------------------
  data required time                                                65.41
  data arrival time                                                -70.08
  --------------------------------------------------------------------------
  slack (MET)                                                        4.67


  Startpoint: pcross_hi_p_reg[2]
              (rising edge-triggered flip-flop clocked by clk)
  Endpoint: pcross_p_reg[10]
            (rising edge-triggered flip-flop clocked by clk)
  Path Group: clk
  Path Type: min

  Point                                                   Incr       Path
  --------------------------------------------------------------------------
  clock clk (rise edge)                                   0.00       0.00
  clock network delay (ideal)                             0.00       0.00
  pcross_hi_p_reg[2]/CLK (DFFASRHQNx1_ASAP7_75t_R)        0.00 #     0.00 r
  pcross_hi_p_reg[2]/QN (DFFASRHQNx1_ASAP7_75t_R)        56.93      56.93 r
  U4852/Y (OAI21xp5_ASAP7_75t_R)                         13.15      70.08 f
  pcross_p_reg[10]/D (DFFASRHQNx1_ASAP7_75t_R)            0.00      70.08 f
  data arrival time                                                 70.08

  clock clk (rise edge)                                   0.00       0.00
  clock network delay (ideal)                             0.00       0.00
  clock uncertainty                                      50.00      50.00
  pcross_p_reg[10]/CLK (DFFASRHQNx1_ASAP7_75t_R)          0.00      50.00 r
  library hold time                                      15.41      65.41
  data required time                                                65.41
  --------------------------------------------------------------------------
  data required time                                                65.41
  data arrival time                                                -70.08
  --------------------------------------------------------------------------
  slack (MET)                                                        4.67


  Startpoint: pcross_hi_p_reg[1]
              (rising edge-triggered flip-flop clocked by clk)
  Endpoint: pcross_p_reg[9]
            (rising edge-triggered flip-flop clocked by clk)
  Path Group: clk
  Path Type: min

  Point                                                   Incr       Path
  --------------------------------------------------------------------------
  clock clk (rise edge)                                   0.00       0.00
  clock network delay (ideal)                             0.00       0.00
  pcross_hi_p_reg[1]/CLK (DFFASRHQNx1_ASAP7_75t_R)        0.00 #     0.00 r
  pcross_hi_p_reg[1]/QN (DFFASRHQNx1_ASAP7_75t_R)        56.93      56.93 r
  U4853/Y (OAI21xp5_ASAP7_75t_R)                         13.15      70.08 f
  pcross_p_reg[9]/D (DFFASRHQNx1_ASAP7_75t_R)             0.00      70.08 f
  data arrival time                                                 70.08

  clock clk (rise edge)                                   0.00       0.00
  clock network delay (ideal)                             0.00       0.00
  clock uncertainty                                      50.00      50.00
  pcross_p_reg[9]/CLK (DFFASRHQNx1_ASAP7_75t_R)           0.00      50.00 r
  library hold time                                      15.41      65.41
  data required time                                                65.41
  --------------------------------------------------------------------------
  data required time                                                65.41
  data arrival time                                                -70.08
  --------------------------------------------------------------------------
  slack (MET)                                                        4.67


1
