============================================================
  Generated by:           Genus(TM) Synthesis Solution 25.10-p002_1
  Generated on:           Aug 31 2026  11:45:24 am
  Module:                 kv_tlb_top
  Operating conditions:   PVT_0P7V_25C (balanced_tree)
  Wireload mode:          enclosed
  Area mode:              timing library
============================================================

Timing
--------

Clock Period 
-------------
clk   1502.0 


  Cost    Critical         Violating 
 Group   Path Slack  TNS     Paths   
-------------------------------------
clk             0.0   0.0          0 
default    No paths   0.0            
-------------------------------------
Total                 0.0          0 

Instance Count
--------------
Leaf Instance Count             32511 
Physical Instance count             0 
Sequential Instance Count        4715 
Combinational Instance Count    27796 
Hierarchical Instance Count         3 

Area
----
Cell Area                          3462.721
Physical Cell Area                 0.000
Total Cell Area (Cell+Physical)    3462.721
Net Area                           0.000
Total Area (Cell+Physical+Net)     3462.721

Max Fanout                         4715 (clk)
Min Fanout                         0 (fill_desc[pad][0])
Average Fanout                     2.6
Terms to net ratio                 3.9012
Terms to instance ratio            3.9793
Runtime                            1312.3395470000014 seconds
Elapsed Runtime                    1407 seconds
Genus peak memory usage            2947.22 
Innovus peak memory usage          no_value 
Hostname                           squire.ece.uw.edu
