 
****************************************
Report : area
Design : gemv_unit
Version: P-2019.03-SP5-6
Date   : Tue Sep  1 00:05:56 2026
****************************************

Library(s) Used:

    asap7sc7p5t_SIMPLE_RVT_TT_nldm_211120 (File: /thu-bloor/xinyao-w23/kvpim-rtl/third_party/asap7_lib/db/asap7sc7p5t_SIMPLE_RVT_TT_nldm_211120.db)
    asap7sc7p5t_INVBUF_RVT_TT_nldm_211120 (File: /thu-bloor/xinyao-w23/kvpim-rtl/third_party/asap7_lib/db/asap7sc7p5t_INVBUF_RVT_TT_nldm_211120.db)
    asap7sc7p5t_OA_RVT_TT_nldm_211120 (File: /thu-bloor/xinyao-w23/kvpim-rtl/third_party/asap7_lib/db/asap7sc7p5t_OA_RVT_TT_nldm_211120.db)
    asap7sc7p5t_AO_RVT_TT_nldm_211120 (File: /thu-bloor/xinyao-w23/kvpim-rtl/third_party/asap7_lib/db/asap7sc7p5t_AO_RVT_TT_nldm_211120.db)
    asap7sc7p5t_SEQ_RVT_TT_nldm_220123 (File: /thu-bloor/xinyao-w23/kvpim-rtl/third_party/asap7_lib/db/asap7sc7p5t_SEQ_RVT_TT_nldm_220123.db)
    srambank_64x4x16_6t122 (File: /thu-bloor/xinyao-w23/kvpim-rtl/third_party/asap7/asap7_sram_0p0/generated/db/srambank_64x4x16_6t122.db)

Number of ports:                         6231
Number of nets:                         37299
Number of cells:                        29993
Number of combinational cells:          28764
Number of sequential cells:              1099
Number of macros/black boxes:              32
Number of buf/inv:                       9960
Number of references:                      86

Combinational area:               2225.957757
Buf/Inv area:                      465.728945
Noncombinational area:             416.608917
Macro/Black Box area:             7972.577148
Net Interconnect area:      undefined  (No wire load specified)

Total cell area:                 10615.143822
Total area:                 undefined

Hierarchical area distribution
------------------------------

                                  Global cell area             Local cell area
                                  -------------------  ------------------------------- 
Hierarchical cell                 Absolute    Percent  Combi-     Noncombi-  Black-
                                  Total       Total    national   national   boxes      Design
--------------------------------  ----------  -------  ---------  ---------  ---------  -------------------------------------
gemv_unit                         10615.1438    100.0   225.6547   210.0103     0.0000  gemv_unit
add_88                                1.6621      0.0     1.6621     0.0000     0.0000  gemv_unit_DW01_inc_0
g_add[0].u_add                       63.2918      0.6    42.0050     6.4444     0.0000  fp16_add_0
g_add[0].u_add/add_74_S2              7.1296      0.1     7.1296     0.0000     0.0000  fp16_add_0_DW01_add_J8_0
g_add[0].u_add/sub_75                 7.7128      0.1     7.7128     0.0000     0.0000  fp16_add_0_DW01_sub_J11_0
g_add[10].u_add                      64.0208      0.6    42.5882     6.4444     0.0000  fp16_add_6
g_add[10].u_add/add_74_S2             7.3337      0.1     7.3337     0.0000     0.0000  fp16_add_6_DW01_add_J7_0
g_add[10].u_add/sub_75                7.6545      0.1     7.6545     0.0000     0.0000  fp16_add_6_DW01_sub_J12_0
g_add[11].u_add                      63.6417      0.6    42.2091     6.4444     0.0000  fp16_add_5
g_add[11].u_add/add_74_S2             7.3337      0.1     7.3337     0.0000     0.0000  fp16_add_5_DW01_add_J8_0
g_add[11].u_add/sub_75                7.6545      0.1     7.6545     0.0000     0.0000  fp16_add_5_DW01_sub_4
g_add[12].u_add                      63.5980      0.6    42.3986     6.4444     0.0000  fp16_add_4
g_add[12].u_add/add_74_S2             7.0276      0.1     7.0276     0.0000     0.0000  fp16_add_4_DW01_add_J9_0
g_add[12].u_add/sub_75                7.7274      0.1     7.7274     0.0000     0.0000  fp16_add_4_DW01_sub_J10_0
g_add[13].u_add                      64.2103      0.6    42.9235     6.4444     0.0000  fp16_add_3
g_add[13].u_add/add_74_S2             7.2025      0.1     7.2025     0.0000     0.0000  fp16_add_3_DW01_add_J7_0
g_add[13].u_add/sub_75                7.6399      0.1     7.6399     0.0000     0.0000  fp16_add_3_DW01_sub_J11_0
g_add[14].u_add                      64.0062      0.6    42.7194     6.4444     0.0000  fp16_add_2
g_add[14].u_add/add_74_S2             7.2317      0.1     7.2317     0.0000     0.0000  fp16_add_2_DW01_add_2
g_add[14].u_add/sub_75                7.6108      0.1     7.6108     0.0000     0.0000  fp16_add_2_DW01_sub_J12_0
g_add[15].u_add                      64.7935      0.6    43.2005     6.4444     0.0000  fp16_add_1
g_add[15].u_add/add_74_S2             7.4795      0.1     7.4795     0.0000     0.0000  fp16_add_1_DW01_add_J7_0
g_add[15].u_add/sub_75                7.6691      0.1     7.6691     0.0000     0.0000  fp16_add_1_DW01_sub_J10_0
g_add[1].u_add                       64.3999      0.6    43.1131     6.4444     0.0000  fp16_add_15
g_add[1].u_add/add_74_S2              7.2317      0.1     7.2317     0.0000     0.0000  fp16_add_15_DW01_add_2
g_add[1].u_add/sub_75                 7.6108      0.1     7.6108     0.0000     0.0000  fp16_add_15_DW01_sub_5
g_add[2].u_add                       63.1460      0.6    41.9175     6.4444     0.0000  fp16_add_14
g_add[2].u_add/add_74_S2              7.1296      0.1     7.1296     0.0000     0.0000  fp16_add_14_DW01_add_J9_0
g_add[2].u_add/sub_75                 7.6545      0.1     7.6545     0.0000     0.0000  fp16_add_14_DW01_sub_J12_0
g_add[3].u_add                       63.6563      0.6    42.4278     6.4444     0.0000  fp16_add_13
g_add[3].u_add/add_74_S2              7.0567      0.1     7.0567     0.0000     0.0000  fp16_add_13_DW01_add_J8_0
g_add[3].u_add/sub_75                 7.7274      0.1     7.7274     0.0000     0.0000  fp16_add_13_DW01_sub_4
g_add[4].u_add                       64.4290      0.6    43.0985     6.4444     0.0000  fp16_add_12
g_add[4].u_add/add_74_S2              7.2317      0.1     7.2317     0.0000     0.0000  fp16_add_12_DW01_add_J9_0
g_add[4].u_add/sub_75                 7.6545      0.1     7.6545     0.0000     0.0000  fp16_add_12_DW01_sub_J10_0
g_add[5].u_add                       63.5834      0.6    42.3695     6.4444     0.0000  fp16_add_11
g_add[5].u_add/add_74_S2              7.1588      0.1     7.1588     0.0000     0.0000  fp16_add_11_DW01_add_2
g_add[5].u_add/sub_75                 7.6108      0.1     7.6108     0.0000     0.0000  fp16_add_11_DW01_sub_J11_0
g_add[6].u_add                       64.4728      0.6    43.0547     6.4444     0.0000  fp16_add_10
g_add[6].u_add/add_74_S2              7.2025      0.1     7.2025     0.0000     0.0000  fp16_add_10_DW01_add_J7_0
g_add[6].u_add/sub_75                 7.7711      0.1     7.7711     0.0000     0.0000  fp16_add_10_DW01_sub_J12_0
g_add[7].u_add                       64.2978      0.6    42.8944     6.4444     0.0000  fp16_add_9
g_add[7].u_add/add_74_S2              7.3337      0.1     7.3337     0.0000     0.0000  fp16_add_9_DW01_add_J8_0
g_add[7].u_add/sub_75                 7.6253      0.1     7.6253     0.0000     0.0000  fp16_add_9_DW01_sub_4
g_add[8].u_add                       63.2918      0.6    41.9467     6.4444     0.0000  fp16_add_8
g_add[8].u_add/add_74_S2              7.2608      0.1     7.2608     0.0000     0.0000  fp16_add_8_DW01_add_J9_0
g_add[8].u_add/sub_75                 7.6399      0.1     7.6399     0.0000     0.0000  fp16_add_8_DW01_sub_J10_0
g_add[9].u_add                       63.4667      0.6    42.3257     6.4444     0.0000  fp16_add_7
g_add[9].u_add/add_74_S2              7.0567      0.1     7.0567     0.0000     0.0000  fp16_add_7_DW01_add_2
g_add[9].u_add/sub_75                 7.6399      0.1     7.6399     0.0000     0.0000  fp16_add_7_DW01_sub_J11_0
g_mul[0].u_mul                       70.4214      0.7    16.7087     6.4444     0.0000  fp16_mult_0
g_mul[0].u_mul/mult_35               47.2684      0.4    41.8883     0.0000     0.0000  fp16_mult_0_DW02_mult_0
g_mul[0].u_mul/mult_35/FS_1           5.3800      0.1     5.3800     0.0000     0.0000  fp16_mult_0_DW01_add_J13_0
g_mul[10].u_mul                      70.5964      0.7    17.1752     6.4444     0.0000  fp16_mult_6
g_mul[10].u_mul/mult_35              46.9768      0.4    41.7425     0.0000     0.0000  fp16_mult_6_DW02_mult_0_DW02_mult_1
g_mul[10].u_mul/mult_35/FS_1          5.2342      0.0     5.2342     0.0000     0.0000  fp16_mult_6_DW01_add_J13_0
g_mul[11].u_mul                      71.2233      0.7    17.4231     6.4444     0.0000  fp16_mult_5
g_mul[11].u_mul/mult_35              47.3558      0.4    42.2966     0.0000     0.0000  fp16_mult_5_DW02_mult_0_DW02_mult_2
g_mul[11].u_mul/mult_35/FS_1          5.0593      0.0     5.0593     0.0000     0.0000  fp16_mult_5_DW01_add_J15_0
g_mul[12].u_mul                      70.9025      0.7    17.3794     6.4444     0.0000  fp16_mult_4
g_mul[12].u_mul/mult_35              47.0788      0.4    41.8300     0.0000     0.0000  fp16_mult_4_DW02_mult_0_DW02_mult_3
g_mul[12].u_mul/mult_35/FS_1          5.2488      0.0     5.2488     0.0000     0.0000  fp16_mult_4_DW01_add_4
g_mul[13].u_mul                      71.1650      0.7    17.5689     6.4444     0.0000  fp16_mult_3
g_mul[13].u_mul/mult_35              47.1517      0.4    41.8883     0.0000     0.0000  fp16_mult_3_DW02_mult_0_DW02_mult_4
g_mul[13].u_mul/mult_35/FS_1          5.2634      0.0     5.2634     0.0000     0.0000  fp16_mult_3_DW01_add_J13_0
g_mul[14].u_mul                      70.5235      0.7    16.9128     6.4444     0.0000  fp16_mult_2
g_mul[14].u_mul/mult_35              47.1663      0.4    41.9467     0.0000     0.0000  fp16_mult_2_DW02_mult_0_DW02_mult_5
g_mul[14].u_mul/mult_35/FS_1          5.2196      0.0     5.2196     0.0000     0.0000  fp16_mult_2_DW01_add_J14_0
g_mul[15].u_mul                      71.0775      0.7    17.4523     6.4444     0.0000  fp16_mult_1
g_mul[15].u_mul/mult_35              47.1809      0.4    41.6988     0.0000     0.0000  fp16_mult_1_DW02_mult_0_DW02_mult_6
g_mul[15].u_mul/mult_35/FS_1          5.4821      0.1     5.4821     0.0000     0.0000  fp16_mult_1_DW01_add_J15_0
g_mul[1].u_mul                       70.3048      0.7    17.0003     6.4444     0.0000  fp16_mult_15
g_mul[1].u_mul/mult_35               46.8601      0.4    41.5238     0.0000     0.0000  fp16_mult_15_DW02_mult_0_DW02_mult_7
g_mul[1].u_mul/mult_35/FS_1           5.3363      0.1     5.3363     0.0000     0.0000  fp16_mult_15_DW01_add_J14_0
g_mul[2].u_mul                       70.1152      0.7    17.0149     6.4444     0.0000  fp16_mult_14
g_mul[2].u_mul/mult_35               46.6560      0.4    41.4072     0.0000     0.0000  fp16_mult_14_DW02_mult_0_DW02_mult_8
g_mul[2].u_mul/mult_35/FS_1           5.2488      0.0     5.2488     0.0000     0.0000  fp16_mult_14_DW01_add_3
g_mul[3].u_mul                       70.2027      0.7    16.9274     6.4444     0.0000  fp16_mult_13
g_mul[3].u_mul/mult_35               46.8310      0.4    41.7280     0.0000     0.0000  fp16_mult_13_DW02_mult_0_DW02_mult_9
g_mul[3].u_mul/mult_35/FS_1           5.1030      0.0     5.1030     0.0000     0.0000  fp16_mult_13_DW01_add_J15_0
g_mul[4].u_mul                       69.8819      0.7    16.7378     6.4444     0.0000  fp16_mult_12
g_mul[4].u_mul/mult_35               46.6997      0.4    41.4509     0.0000     0.0000  fp16_mult_12_DW02_mult_0_DW02_mult_10
g_mul[4].u_mul/mult_35/FS_1           5.2488      0.0     5.2488     0.0000     0.0000  fp16_mult_12_DW01_add_4
g_mul[5].u_mul                       70.8151      0.7    17.2044     6.4444     0.0000  fp16_mult_11
g_mul[5].u_mul/mult_35               47.1663      0.4    41.8009     0.0000     0.0000  fp16_mult_11_DW02_mult_0_DW02_mult_11
g_mul[5].u_mul/mult_35/FS_1           5.3654      0.1     5.3654     0.0000     0.0000  fp16_mult_11_DW01_add_J13_0
g_mul[6].u_mul                       70.3485      0.7    16.8982     6.4444     0.0000  fp16_mult_10
g_mul[6].u_mul/mult_35               47.0059      0.4    41.7863     0.0000     0.0000  fp16_mult_10_DW02_mult_0_DW02_mult_12
g_mul[6].u_mul/mult_35/FS_1           5.2196      0.0     5.2196     0.0000     0.0000  fp16_mult_10_DW01_add_J14_0
g_mul[7].u_mul                       71.5149      0.7    17.4377     6.4444     0.0000  fp16_mult_9
g_mul[7].u_mul/mult_35               47.6329      0.4    41.8738     0.0000     0.0000  fp16_mult_9_DW02_mult_0_DW02_mult_13
g_mul[7].u_mul/mult_35/FS_1           5.7591      0.1     5.7591     0.0000     0.0000  fp16_mult_9_DW01_add_J15_0
g_mul[8].u_mul                       70.3339      0.7    16.6358     6.4444     0.0000  fp16_mult_8
g_mul[8].u_mul/mult_35               47.2538      0.4    41.9175     0.0000     0.0000  fp16_mult_8_DW02_mult_0_DW02_mult_14
g_mul[8].u_mul/mult_35/FS_1           5.3363      0.1     5.3363     0.0000     0.0000  fp16_mult_8_DW01_add_4
g_mul[9].u_mul                       70.4506      0.7    16.9420     6.4444     0.0000  fp16_mult_7
g_mul[9].u_mul/mult_35               47.0642      0.4    41.8300     0.0000     0.0000  fp16_mult_7_DW02_mult_0_DW02_mult_15
g_mul[9].u_mul/mult_35/FS_1           5.2342      0.0     5.2342     0.0000     0.0000  fp16_mult_7_DW01_add_J14_0
u_vec_buf                          8025.6338     75.6    52.6775     0.3791  7972.5771  dbuf_16x256
--------------------------------  ----------  -------  ---------  ---------  ---------  -------------------------------------
Total                                                  2225.9578   416.6089  7972.5771

1
