============================================================
  Generated by:           Genus(TM) Synthesis Solution 25.10-p002_1
  Generated on:           Aug 27 2026  02:38:30 pm
  Module:                 mq_pe_16x2_d32
  Operating conditions:   PVT_0P7V_25C (balanced_tree)
  Wireload mode:          enclosed
  Area mode:              timing library
============================================================


Path 1: MET (0 ps) Setup Check with Pin retime_s3_346_reg/CLK->D
           View: TT.setup_view
          Group: clk
     Startpoint: (R) u_pe_u_tree_g_mul[14].u_mul_mul_36_26_retime_s2_203_reg/CLK
          Clock: (R) clk
       Endpoint: (R) retime_s3_346_reg/D
          Clock: (R) clk

                     Capture       Launch     
        Clock Edge:+     588            0     
       Src Latency:+       0            0     
       Net Latency:+       0 (I)        0 (I) 
           Arrival:=     588            0     
                                              
             Setup:-       9                  
       Uncertainty:-      18                  
     Required Time:=     561                  
      Launch Clock:-       0                  
         Data Path:-     561                  
             Slack:=       0                  

#-------------------------------------------------------------------------------------------------------------------------------------------------------
#                        Timing Point                         Flags    Arc    Edge            Cell             Fanout Load Trans Delay Arrival Instance 
#                                                                                                                     (fF)  (ps)  (ps)   (ps)  Location 
#-------------------------------------------------------------------------------------------------------------------------------------------------------
  u_pe_u_tree_g_mul[14].u_mul_mul_36_26_retime_s2_203_reg/CLK -       -       R     (arrival)                   29094    -     6     0       0    (-,-) 
  u_pe_u_tree_g_mul[14].u_mul_mul_36_26_retime_s2_203_reg/QN  -       CLK->QN F     ASYNC_DFFHx1_ASAP7_75t_SL       4  3.1    28    41      41    (-,-) 
  u_pe_u_tree_g_mul[14].u_mul_mul_36_26_g7267/Y               -       A->Y    R     INVx2_ASAP7_75t_SL             15 15.5    56    31      72    (-,-) 
  u_pe_u_tree_g_mul[14].u_mul_mul_36_26_g18772/Y              -       A->Y    F     CKINVDCx12_ASAP7_75t_R         12  6.8    16    15      87    (-,-) 
  u_pe_u_tree_g_mul[14].u_mul_mul_36_26_g18601__6131/Y        -       A1->Y   R     O2A1O1Ixp33_ASAP7_75t_L         7  4.3   100    50     137    (-,-) 
  u_pe_u_tree_g_mul[14].u_mul_mul_36_26_g18591/Y              -       A->Y    F     INVx1_ASAP7_75t_SL              4  2.4    36    16     153    (-,-) 
  u_pe_u_tree_g_mul[14].u_mul_mul_36_26_g18485__6783/Y        -       A2->Y   R     OAI22xp5_ASAP7_75t_SL           2  1.1    32    18     170    (-,-) 
  u_pe_u_tree_g_mul[14].u_mul_mul_36_26_g18459__1705/Y        -       A->Y    F     NAND2xp5_ASAP7_75t_SL           2 10.1    98    46     216    (-,-) 
  u_pe_u_tree_g_mul[14].u_mul_mul_36_26_g18389__5526/Y        -       B->Y    R     OAI21xp5_ASAP7_75t_SL           2  1.0    36    19     235    (-,-) 
  u_pe_u_tree_g_mul[14].u_mul_mul_36_26_g18319__8246/Y        -       B->Y    F     NOR2xp33_ASAP7_75t_SL           2  1.2    29    19     254    (-,-) 
  u_pe_u_tree_g_mul[14].u_mul_mul_36_26_g18283__8428/Y        -       B->Y    R     AOI21xp5_ASAP7_75t_SL           2  1.5    29    18     273    (-,-) 
  u_pe_u_tree_g_mul[14].u_mul_mul_36_26_g18222__5526/Y        -       A1->Y   F     AOI21xp5_ASAP7_75t_SL           2  1.0    21    12     284    (-,-) 
  u_pe_u_tree_g_mul[14].u_mul_mul_36_26_g18179__1617/Y        -       B->Y    R     NOR2xp33_ASAP7_75t_SL           2  1.2    29    17     301    (-,-) 
  u_pe_u_tree_g_mul[14].u_mul_mul_36_26_g18146__8428/Y        -       B->Y    F     AOI21xp5_ASAP7_75t_SL           2  1.6    25    14     315    (-,-) 
  u_pe_u_tree_g_mul[14].u_mul_mul_36_26_g18817__8246/Y        -       B->Y    F     XNOR2xp5_ASAP7_75t_SL           2  1.0    21    19     334    (-,-) 
  u_pe_u_tree_g_mul[14].u_mul_mul_36_26_g18084__1705/Y        -       B->Y    R     NAND2xp5_ASAP7_75t_SL           2  1.2    20    13     347    (-,-) 
  u_pe_u_tree_g_mul[14].u_mul_mul_36_26_g18026__6417/Y        -       C->Y    F     A2O1A1O1Ixp25_ASAP7_75t_SL      3  1.9    40    20     367    (-,-) 
  u_pe_u_tree_g_mul[14].u_mul_mul_36_26_g18022__7410/Y        -       A1->Y   R     AOI31xp33_ASAP7_75t_SL          5  2.5    57    31     398    (-,-) 
  u_pe_u_tree_g_mul[14].u_mul_mul_36_26_g18017__1666/Y        -       A1->Y   F     AOI311xp33_ASAP7_75t_SL         1  0.6    32    16     414    (-,-) 
  u_pe_u_tree_g_mul[14].u_mul_mul_36_26_g18007__2346/Y        -       A->Y    R     NOR3xp33_ASAP7_75t_SL           3  1.8    46    26     440    (-,-) 
  u_pe_u_tree_g_mul[14].u_mul_mul_36_26_g18001/Y              -       A1->Y   F     OAI311xp33_ASAP7_75t_SL         1  0.6    24     9     449    (-,-) 
  u_pe_u_tree_g_mul[14].u_mul_mul_36_26_g18000__1617/Y        -       C->Y    R     A2O1A1Ixp33_ASAP7_75t_SL        2  1.2    25    14     463    (-,-) 
  g566566/Y                                                   -       A->Y    R     BUFx2_ASAP7_75t_L              15 22.5    87    54     518    (-,-) 
  g566565/Y                                                   -       A->Y    F     CKINVDCx16_ASAP7_75t_R          3  1.6    15    13     530    (-,-) 
  g566199/Y                                                   -       A2->Y   R     AOI22xp5_ASAP7_75t_SL           2  1.3    48    14     544    (-,-) 
  g566139/Y                                                   -       A->Y    F     INVx1_ASAP7_75t_SL              1  0.6    15     6     550    (-,-) 
  g565890/Y                                                   -       B2->Y   R     AOI22xp5_ASAP7_75t_SL           1  0.6    21    11     561    (-,-) 
  retime_s3_346_reg/D                                         <<<     -       R     DFFHQNx1_ASAP7_75t_L            1    -     -     0     561    (-,-) 
#-------------------------------------------------------------------------------------------------------------------------------------------------------


