 
****************************************
Report : timing
        -path full
        -delay min
        -max_paths 20
Design : rotate_q_bf16
Version: P-2019.03-SP5-6
Date   : Tue Sep  1 00:37:36 2026
****************************************

 # A fanout number of 1000 was used for high fanout net computations.

Operating Conditions: PVT_0P7V_25C   Library: asap7sc7p5t_AO_RVT_TT_nldm_211120
Wire Load Model Mode: top

  Startpoint: g_pair[0].u_sc/u_sdiff/out_valid_reg
              (rising edge-triggered flip-flop clocked by clk)
  Endpoint: g_pair[0].u_sc/u_sterm/out_valid_reg
            (rising edge-triggered flip-flop clocked by clk)
  Path Group: clk
  Path Type: min

  Point                                                   Incr       Path
  --------------------------------------------------------------------------
  clock clk (rise edge)                                   0.00       0.00
  clock network delay (ideal)                             0.00       0.00
  g_pair[0].u_sc/u_sdiff/out_valid_reg/CLK (DFFASRHQNx1_ASAP7_75t_R)     0.00 #     0.00 r
  g_pair[0].u_sc/u_sdiff/out_valid_reg/QN (DFFASRHQNx1_ASAP7_75t_R)    57.71    57.71 r
  g_pair[0].u_sc/u_sdiff/out_valid (bf16_add_32)          0.00      57.71 r
  g_pair[0].u_sc/u_sterm/in_valid (bf16_mult_16)          0.00      57.71 r
  g_pair[0].u_sc/u_sterm/U123/Y (INVx1_ASAP7_75t_R)       9.16      66.87 f
  g_pair[0].u_sc/u_sterm/out_valid_reg/D (DFFASRHQNx1_ASAP7_75t_R)     0.00    66.87 f
  data arrival time                                                 66.87

  clock clk (rise edge)                                   0.00       0.00
  clock network delay (ideal)                             0.00       0.00
  clock uncertainty                                      50.00      50.00
  g_pair[0].u_sc/u_sterm/out_valid_reg/CLK (DFFASRHQNx1_ASAP7_75t_R)     0.00    50.00 r
  library hold time                                      15.59      65.59
  data required time                                                65.59
  --------------------------------------------------------------------------
  data required time                                                65.59
  data arrival time                                                -66.87
  --------------------------------------------------------------------------
  slack (MET)                                                        1.28


  Startpoint: g_pair[0].u_sc/u_sdiff/out_valid_reg
              (rising edge-triggered flip-flop clocked by clk)
  Endpoint: g_pair[0].u_sc/u_cterm/out_valid_reg
            (rising edge-triggered flip-flop clocked by clk)
  Path Group: clk
  Path Type: min

  Point                                                   Incr       Path
  --------------------------------------------------------------------------
  clock clk (rise edge)                                   0.00       0.00
  clock network delay (ideal)                             0.00       0.00
  g_pair[0].u_sc/u_sdiff/out_valid_reg/CLK (DFFASRHQNx1_ASAP7_75t_R)     0.00 #     0.00 r
  g_pair[0].u_sc/u_sdiff/out_valid_reg/QN (DFFASRHQNx1_ASAP7_75t_R)    57.71    57.71 r
  g_pair[0].u_sc/u_sdiff/out_valid (bf16_add_32)          0.00      57.71 r
  g_pair[0].u_sc/u_cterm/in_valid (bf16_mult_15)          0.00      57.71 r
  g_pair[0].u_sc/u_cterm/U123/Y (INVx1_ASAP7_75t_R)       9.16      66.87 f
  g_pair[0].u_sc/u_cterm/out_valid_reg/D (DFFASRHQNx1_ASAP7_75t_R)     0.00    66.87 f
  data arrival time                                                 66.87

  clock clk (rise edge)                                   0.00       0.00
  clock network delay (ideal)                             0.00       0.00
  clock uncertainty                                      50.00      50.00
  g_pair[0].u_sc/u_cterm/out_valid_reg/CLK (DFFASRHQNx1_ASAP7_75t_R)     0.00    50.00 r
  library hold time                                      15.59      65.59
  data required time                                                65.59
  --------------------------------------------------------------------------
  data required time                                                65.59
  data arrival time                                                -66.87
  --------------------------------------------------------------------------
  slack (MET)                                                        1.28


  Startpoint: g_pair[0].u_sc/u_sterm/out_valid_reg
              (rising edge-triggered flip-flop clocked by clk)
  Endpoint: g_pair[0].u_sc/u_sval/out_valid_reg
            (rising edge-triggered flip-flop clocked by clk)
  Path Group: clk
  Path Type: min

  Point                                                   Incr       Path
  --------------------------------------------------------------------------
  clock clk (rise edge)                                   0.00       0.00
  clock network delay (ideal)                             0.00       0.00
  g_pair[0].u_sc/u_sterm/out_valid_reg/CLK (DFFASRHQNx1_ASAP7_75t_R)     0.00 #     0.00 r
  g_pair[0].u_sc/u_sterm/out_valid_reg/QN (DFFASRHQNx1_ASAP7_75t_R)    57.71    57.71 r
  g_pair[0].u_sc/u_sterm/out_valid (bf16_mult_16)         0.00      57.71 r
  g_pair[0].u_sc/u_sval/in_valid (bf16_add_30)            0.00      57.71 r
  g_pair[0].u_sc/u_sval/U459/Y (INVx1_ASAP7_75t_R)        9.16      66.87 f
  g_pair[0].u_sc/u_sval/out_valid_reg/D (DFFASRHQNx1_ASAP7_75t_R)     0.00    66.87 f
  data arrival time                                                 66.87

  clock clk (rise edge)                                   0.00       0.00
  clock network delay (ideal)                             0.00       0.00
  clock uncertainty                                      50.00      50.00
  g_pair[0].u_sc/u_sval/out_valid_reg/CLK (DFFASRHQNx1_ASAP7_75t_R)     0.00    50.00 r
  library hold time                                      15.59      65.59
  data required time                                                65.59
  --------------------------------------------------------------------------
  data required time                                                65.59
  data arrival time                                                -66.87
  --------------------------------------------------------------------------
  slack (MET)                                                        1.28


  Startpoint: g_pair[0].u_sc/u_sterm/out_valid_reg
              (rising edge-triggered flip-flop clocked by clk)
  Endpoint: g_pair[0].u_sc/u_cval/out_valid_reg
            (rising edge-triggered flip-flop clocked by clk)
  Path Group: clk
  Path Type: min

  Point                                                   Incr       Path
  --------------------------------------------------------------------------
  clock clk (rise edge)                                   0.00       0.00
  clock network delay (ideal)                             0.00       0.00
  g_pair[0].u_sc/u_sterm/out_valid_reg/CLK (DFFASRHQNx1_ASAP7_75t_R)     0.00 #     0.00 r
  g_pair[0].u_sc/u_sterm/out_valid_reg/QN (DFFASRHQNx1_ASAP7_75t_R)    57.71    57.71 r
  g_pair[0].u_sc/u_sterm/out_valid (bf16_mult_16)         0.00      57.71 r
  g_pair[0].u_sc/u_cval/in_valid (bf16_add_29)            0.00      57.71 r
  g_pair[0].u_sc/u_cval/U459/Y (INVx1_ASAP7_75t_R)        9.16      66.87 f
  g_pair[0].u_sc/u_cval/out_valid_reg/D (DFFASRHQNx1_ASAP7_75t_R)     0.00    66.87 f
  data arrival time                                                 66.87

  clock clk (rise edge)                                   0.00       0.00
  clock network delay (ideal)                             0.00       0.00
  clock uncertainty                                      50.00      50.00
  g_pair[0].u_sc/u_cval/out_valid_reg/CLK (DFFASRHQNx1_ASAP7_75t_R)     0.00    50.00 r
  library hold time                                      15.59      65.59
  data required time                                                65.59
  --------------------------------------------------------------------------
  data required time                                                65.59
  data arrival time                                                -66.87
  --------------------------------------------------------------------------
  slack (MET)                                                        1.28


  Startpoint: g_pair[1].u_sc/u_sdiff/out_valid_reg
              (rising edge-triggered flip-flop clocked by clk)
  Endpoint: g_pair[1].u_sc/u_sterm/out_valid_reg
            (rising edge-triggered flip-flop clocked by clk)
  Path Group: clk
  Path Type: min

  Point                                                   Incr       Path
  --------------------------------------------------------------------------
  clock clk (rise edge)                                   0.00       0.00
  clock network delay (ideal)                             0.00       0.00
  g_pair[1].u_sc/u_sdiff/out_valid_reg/CLK (DFFASRHQNx1_ASAP7_75t_R)     0.00 #     0.00 r
  g_pair[1].u_sc/u_sdiff/out_valid_reg/QN (DFFASRHQNx1_ASAP7_75t_R)    57.71    57.71 r
  g_pair[1].u_sc/u_sdiff/out_valid (bf16_add_28)          0.00      57.71 r
  g_pair[1].u_sc/u_sterm/in_valid (bf16_mult_14)          0.00      57.71 r
  g_pair[1].u_sc/u_sterm/U123/Y (INVx1_ASAP7_75t_R)       9.16      66.87 f
  g_pair[1].u_sc/u_sterm/out_valid_reg/D (DFFASRHQNx1_ASAP7_75t_R)     0.00    66.87 f
  data arrival time                                                 66.87

  clock clk (rise edge)                                   0.00       0.00
  clock network delay (ideal)                             0.00       0.00
  clock uncertainty                                      50.00      50.00
  g_pair[1].u_sc/u_sterm/out_valid_reg/CLK (DFFASRHQNx1_ASAP7_75t_R)     0.00    50.00 r
  library hold time                                      15.59      65.59
  data required time                                                65.59
  --------------------------------------------------------------------------
  data required time                                                65.59
  data arrival time                                                -66.87
  --------------------------------------------------------------------------
  slack (MET)                                                        1.28


  Startpoint: g_pair[1].u_sc/u_sdiff/out_valid_reg
              (rising edge-triggered flip-flop clocked by clk)
  Endpoint: g_pair[1].u_sc/u_cterm/out_valid_reg
            (rising edge-triggered flip-flop clocked by clk)
  Path Group: clk
  Path Type: min

  Point                                                   Incr       Path
  --------------------------------------------------------------------------
  clock clk (rise edge)                                   0.00       0.00
  clock network delay (ideal)                             0.00       0.00
  g_pair[1].u_sc/u_sdiff/out_valid_reg/CLK (DFFASRHQNx1_ASAP7_75t_R)     0.00 #     0.00 r
  g_pair[1].u_sc/u_sdiff/out_valid_reg/QN (DFFASRHQNx1_ASAP7_75t_R)    57.71    57.71 r
  g_pair[1].u_sc/u_sdiff/out_valid (bf16_add_28)          0.00      57.71 r
  g_pair[1].u_sc/u_cterm/in_valid (bf16_mult_13)          0.00      57.71 r
  g_pair[1].u_sc/u_cterm/U123/Y (INVx1_ASAP7_75t_R)       9.16      66.87 f
  g_pair[1].u_sc/u_cterm/out_valid_reg/D (DFFASRHQNx1_ASAP7_75t_R)     0.00    66.87 f
  data arrival time                                                 66.87

  clock clk (rise edge)                                   0.00       0.00
  clock network delay (ideal)                             0.00       0.00
  clock uncertainty                                      50.00      50.00
  g_pair[1].u_sc/u_cterm/out_valid_reg/CLK (DFFASRHQNx1_ASAP7_75t_R)     0.00    50.00 r
  library hold time                                      15.59      65.59
  data required time                                                65.59
  --------------------------------------------------------------------------
  data required time                                                65.59
  data arrival time                                                -66.87
  --------------------------------------------------------------------------
  slack (MET)                                                        1.28


  Startpoint: g_pair[1].u_sc/u_sterm/out_valid_reg
              (rising edge-triggered flip-flop clocked by clk)
  Endpoint: g_pair[1].u_sc/u_sval/out_valid_reg
            (rising edge-triggered flip-flop clocked by clk)
  Path Group: clk
  Path Type: min

  Point                                                   Incr       Path
  --------------------------------------------------------------------------
  clock clk (rise edge)                                   0.00       0.00
  clock network delay (ideal)                             0.00       0.00
  g_pair[1].u_sc/u_sterm/out_valid_reg/CLK (DFFASRHQNx1_ASAP7_75t_R)     0.00 #     0.00 r
  g_pair[1].u_sc/u_sterm/out_valid_reg/QN (DFFASRHQNx1_ASAP7_75t_R)    57.71    57.71 r
  g_pair[1].u_sc/u_sterm/out_valid (bf16_mult_14)         0.00      57.71 r
  g_pair[1].u_sc/u_sval/in_valid (bf16_add_26)            0.00      57.71 r
  g_pair[1].u_sc/u_sval/U459/Y (INVx1_ASAP7_75t_R)        9.16      66.87 f
  g_pair[1].u_sc/u_sval/out_valid_reg/D (DFFASRHQNx1_ASAP7_75t_R)     0.00    66.87 f
  data arrival time                                                 66.87

  clock clk (rise edge)                                   0.00       0.00
  clock network delay (ideal)                             0.00       0.00
  clock uncertainty                                      50.00      50.00
  g_pair[1].u_sc/u_sval/out_valid_reg/CLK (DFFASRHQNx1_ASAP7_75t_R)     0.00    50.00 r
  library hold time                                      15.59      65.59
  data required time                                                65.59
  --------------------------------------------------------------------------
  data required time                                                65.59
  data arrival time                                                -66.87
  --------------------------------------------------------------------------
  slack (MET)                                                        1.28


  Startpoint: g_pair[1].u_sc/u_sterm/out_valid_reg
              (rising edge-triggered flip-flop clocked by clk)
  Endpoint: g_pair[1].u_sc/u_cval/out_valid_reg
            (rising edge-triggered flip-flop clocked by clk)
  Path Group: clk
  Path Type: min

  Point                                                   Incr       Path
  --------------------------------------------------------------------------
  clock clk (rise edge)                                   0.00       0.00
  clock network delay (ideal)                             0.00       0.00
  g_pair[1].u_sc/u_sterm/out_valid_reg/CLK (DFFASRHQNx1_ASAP7_75t_R)     0.00 #     0.00 r
  g_pair[1].u_sc/u_sterm/out_valid_reg/QN (DFFASRHQNx1_ASAP7_75t_R)    57.71    57.71 r
  g_pair[1].u_sc/u_sterm/out_valid (bf16_mult_14)         0.00      57.71 r
  g_pair[1].u_sc/u_cval/in_valid (bf16_add_25)            0.00      57.71 r
  g_pair[1].u_sc/u_cval/U459/Y (INVx1_ASAP7_75t_R)        9.16      66.87 f
  g_pair[1].u_sc/u_cval/out_valid_reg/D (DFFASRHQNx1_ASAP7_75t_R)     0.00    66.87 f
  data arrival time                                                 66.87

  clock clk (rise edge)                                   0.00       0.00
  clock network delay (ideal)                             0.00       0.00
  clock uncertainty                                      50.00      50.00
  g_pair[1].u_sc/u_cval/out_valid_reg/CLK (DFFASRHQNx1_ASAP7_75t_R)     0.00    50.00 r
  library hold time                                      15.59      65.59
  data required time                                                65.59
  --------------------------------------------------------------------------
  data required time                                                65.59
  data arrival time                                                -66.87
  --------------------------------------------------------------------------
  slack (MET)                                                        1.28


  Startpoint: g_pair[2].u_sc/u_sdiff/out_valid_reg
              (rising edge-triggered flip-flop clocked by clk)
  Endpoint: g_pair[2].u_sc/u_sterm/out_valid_reg
            (rising edge-triggered flip-flop clocked by clk)
  Path Group: clk
  Path Type: min

  Point                                                   Incr       Path
  --------------------------------------------------------------------------
  clock clk (rise edge)                                   0.00       0.00
  clock network delay (ideal)                             0.00       0.00
  g_pair[2].u_sc/u_sdiff/out_valid_reg/CLK (DFFASRHQNx1_ASAP7_75t_R)     0.00 #     0.00 r
  g_pair[2].u_sc/u_sdiff/out_valid_reg/QN (DFFASRHQNx1_ASAP7_75t_R)    57.71    57.71 r
  g_pair[2].u_sc/u_sdiff/out_valid (bf16_add_24)          0.00      57.71 r
  g_pair[2].u_sc/u_sterm/in_valid (bf16_mult_12)          0.00      57.71 r
  g_pair[2].u_sc/u_sterm/U123/Y (INVx1_ASAP7_75t_R)       9.16      66.87 f
  g_pair[2].u_sc/u_sterm/out_valid_reg/D (DFFASRHQNx1_ASAP7_75t_R)     0.00    66.87 f
  data arrival time                                                 66.87

  clock clk (rise edge)                                   0.00       0.00
  clock network delay (ideal)                             0.00       0.00
  clock uncertainty                                      50.00      50.00
  g_pair[2].u_sc/u_sterm/out_valid_reg/CLK (DFFASRHQNx1_ASAP7_75t_R)     0.00    50.00 r
  library hold time                                      15.59      65.59
  data required time                                                65.59
  --------------------------------------------------------------------------
  data required time                                                65.59
  data arrival time                                                -66.87
  --------------------------------------------------------------------------
  slack (MET)                                                        1.28


  Startpoint: g_pair[2].u_sc/u_sdiff/out_valid_reg
              (rising edge-triggered flip-flop clocked by clk)
  Endpoint: g_pair[2].u_sc/u_cterm/out_valid_reg
            (rising edge-triggered flip-flop clocked by clk)
  Path Group: clk
  Path Type: min

  Point                                                   Incr       Path
  --------------------------------------------------------------------------
  clock clk (rise edge)                                   0.00       0.00
  clock network delay (ideal)                             0.00       0.00
  g_pair[2].u_sc/u_sdiff/out_valid_reg/CLK (DFFASRHQNx1_ASAP7_75t_R)     0.00 #     0.00 r
  g_pair[2].u_sc/u_sdiff/out_valid_reg/QN (DFFASRHQNx1_ASAP7_75t_R)    57.71    57.71 r
  g_pair[2].u_sc/u_sdiff/out_valid (bf16_add_24)          0.00      57.71 r
  g_pair[2].u_sc/u_cterm/in_valid (bf16_mult_11)          0.00      57.71 r
  g_pair[2].u_sc/u_cterm/U123/Y (INVx1_ASAP7_75t_R)       9.16      66.87 f
  g_pair[2].u_sc/u_cterm/out_valid_reg/D (DFFASRHQNx1_ASAP7_75t_R)     0.00    66.87 f
  data arrival time                                                 66.87

  clock clk (rise edge)                                   0.00       0.00
  clock network delay (ideal)                             0.00       0.00
  clock uncertainty                                      50.00      50.00
  g_pair[2].u_sc/u_cterm/out_valid_reg/CLK (DFFASRHQNx1_ASAP7_75t_R)     0.00    50.00 r
  library hold time                                      15.59      65.59
  data required time                                                65.59
  --------------------------------------------------------------------------
  data required time                                                65.59
  data arrival time                                                -66.87
  --------------------------------------------------------------------------
  slack (MET)                                                        1.28


  Startpoint: g_pair[2].u_sc/u_sterm/out_valid_reg
              (rising edge-triggered flip-flop clocked by clk)
  Endpoint: g_pair[2].u_sc/u_sval/out_valid_reg
            (rising edge-triggered flip-flop clocked by clk)
  Path Group: clk
  Path Type: min

  Point                                                   Incr       Path
  --------------------------------------------------------------------------
  clock clk (rise edge)                                   0.00       0.00
  clock network delay (ideal)                             0.00       0.00
  g_pair[2].u_sc/u_sterm/out_valid_reg/CLK (DFFASRHQNx1_ASAP7_75t_R)     0.00 #     0.00 r
  g_pair[2].u_sc/u_sterm/out_valid_reg/QN (DFFASRHQNx1_ASAP7_75t_R)    57.71    57.71 r
  g_pair[2].u_sc/u_sterm/out_valid (bf16_mult_12)         0.00      57.71 r
  g_pair[2].u_sc/u_sval/in_valid (bf16_add_22)            0.00      57.71 r
  g_pair[2].u_sc/u_sval/U459/Y (INVx1_ASAP7_75t_R)        9.16      66.87 f
  g_pair[2].u_sc/u_sval/out_valid_reg/D (DFFASRHQNx1_ASAP7_75t_R)     0.00    66.87 f
  data arrival time                                                 66.87

  clock clk (rise edge)                                   0.00       0.00
  clock network delay (ideal)                             0.00       0.00
  clock uncertainty                                      50.00      50.00
  g_pair[2].u_sc/u_sval/out_valid_reg/CLK (DFFASRHQNx1_ASAP7_75t_R)     0.00    50.00 r
  library hold time                                      15.59      65.59
  data required time                                                65.59
  --------------------------------------------------------------------------
  data required time                                                65.59
  data arrival time                                                -66.87
  --------------------------------------------------------------------------
  slack (MET)                                                        1.28


  Startpoint: g_pair[2].u_sc/u_sterm/out_valid_reg
              (rising edge-triggered flip-flop clocked by clk)
  Endpoint: g_pair[2].u_sc/u_cval/out_valid_reg
            (rising edge-triggered flip-flop clocked by clk)
  Path Group: clk
  Path Type: min

  Point                                                   Incr       Path
  --------------------------------------------------------------------------
  clock clk (rise edge)                                   0.00       0.00
  clock network delay (ideal)                             0.00       0.00
  g_pair[2].u_sc/u_sterm/out_valid_reg/CLK (DFFASRHQNx1_ASAP7_75t_R)     0.00 #     0.00 r
  g_pair[2].u_sc/u_sterm/out_valid_reg/QN (DFFASRHQNx1_ASAP7_75t_R)    57.71    57.71 r
  g_pair[2].u_sc/u_sterm/out_valid (bf16_mult_12)         0.00      57.71 r
  g_pair[2].u_sc/u_cval/in_valid (bf16_add_21)            0.00      57.71 r
  g_pair[2].u_sc/u_cval/U459/Y (INVx1_ASAP7_75t_R)        9.16      66.87 f
  g_pair[2].u_sc/u_cval/out_valid_reg/D (DFFASRHQNx1_ASAP7_75t_R)     0.00    66.87 f
  data arrival time                                                 66.87

  clock clk (rise edge)                                   0.00       0.00
  clock network delay (ideal)                             0.00       0.00
  clock uncertainty                                      50.00      50.00
  g_pair[2].u_sc/u_cval/out_valid_reg/CLK (DFFASRHQNx1_ASAP7_75t_R)     0.00    50.00 r
  library hold time                                      15.59      65.59
  data required time                                                65.59
  --------------------------------------------------------------------------
  data required time                                                65.59
  data arrival time                                                -66.87
  --------------------------------------------------------------------------
  slack (MET)                                                        1.28


  Startpoint: g_pair[3].u_sc/u_sdiff/out_valid_reg
              (rising edge-triggered flip-flop clocked by clk)
  Endpoint: g_pair[3].u_sc/u_sterm/out_valid_reg
            (rising edge-triggered flip-flop clocked by clk)
  Path Group: clk
  Path Type: min

  Point                                                   Incr       Path
  --------------------------------------------------------------------------
  clock clk (rise edge)                                   0.00       0.00
  clock network delay (ideal)                             0.00       0.00
  g_pair[3].u_sc/u_sdiff/out_valid_reg/CLK (DFFASRHQNx1_ASAP7_75t_R)     0.00 #     0.00 r
  g_pair[3].u_sc/u_sdiff/out_valid_reg/QN (DFFASRHQNx1_ASAP7_75t_R)    57.71    57.71 r
  g_pair[3].u_sc/u_sdiff/out_valid (bf16_add_20)          0.00      57.71 r
  g_pair[3].u_sc/u_sterm/in_valid (bf16_mult_10)          0.00      57.71 r
  g_pair[3].u_sc/u_sterm/U123/Y (INVx1_ASAP7_75t_R)       9.16      66.87 f
  g_pair[3].u_sc/u_sterm/out_valid_reg/D (DFFASRHQNx1_ASAP7_75t_R)     0.00    66.87 f
  data arrival time                                                 66.87

  clock clk (rise edge)                                   0.00       0.00
  clock network delay (ideal)                             0.00       0.00
  clock uncertainty                                      50.00      50.00
  g_pair[3].u_sc/u_sterm/out_valid_reg/CLK (DFFASRHQNx1_ASAP7_75t_R)     0.00    50.00 r
  library hold time                                      15.59      65.59
  data required time                                                65.59
  --------------------------------------------------------------------------
  data required time                                                65.59
  data arrival time                                                -66.87
  --------------------------------------------------------------------------
  slack (MET)                                                        1.28


  Startpoint: g_pair[3].u_sc/u_sdiff/out_valid_reg
              (rising edge-triggered flip-flop clocked by clk)
  Endpoint: g_pair[3].u_sc/u_cterm/out_valid_reg
            (rising edge-triggered flip-flop clocked by clk)
  Path Group: clk
  Path Type: min

  Point                                                   Incr       Path
  --------------------------------------------------------------------------
  clock clk (rise edge)                                   0.00       0.00
  clock network delay (ideal)                             0.00       0.00
  g_pair[3].u_sc/u_sdiff/out_valid_reg/CLK (DFFASRHQNx1_ASAP7_75t_R)     0.00 #     0.00 r
  g_pair[3].u_sc/u_sdiff/out_valid_reg/QN (DFFASRHQNx1_ASAP7_75t_R)    57.71    57.71 r
  g_pair[3].u_sc/u_sdiff/out_valid (bf16_add_20)          0.00      57.71 r
  g_pair[3].u_sc/u_cterm/in_valid (bf16_mult_9)           0.00      57.71 r
  g_pair[3].u_sc/u_cterm/U123/Y (INVx1_ASAP7_75t_R)       9.16      66.87 f
  g_pair[3].u_sc/u_cterm/out_valid_reg/D (DFFASRHQNx1_ASAP7_75t_R)     0.00    66.87 f
  data arrival time                                                 66.87

  clock clk (rise edge)                                   0.00       0.00
  clock network delay (ideal)                             0.00       0.00
  clock uncertainty                                      50.00      50.00
  g_pair[3].u_sc/u_cterm/out_valid_reg/CLK (DFFASRHQNx1_ASAP7_75t_R)     0.00    50.00 r
  library hold time                                      15.59      65.59
  data required time                                                65.59
  --------------------------------------------------------------------------
  data required time                                                65.59
  data arrival time                                                -66.87
  --------------------------------------------------------------------------
  slack (MET)                                                        1.28


  Startpoint: g_pair[3].u_sc/u_sterm/out_valid_reg
              (rising edge-triggered flip-flop clocked by clk)
  Endpoint: g_pair[3].u_sc/u_sval/out_valid_reg
            (rising edge-triggered flip-flop clocked by clk)
  Path Group: clk
  Path Type: min

  Point                                                   Incr       Path
  --------------------------------------------------------------------------
  clock clk (rise edge)                                   0.00       0.00
  clock network delay (ideal)                             0.00       0.00
  g_pair[3].u_sc/u_sterm/out_valid_reg/CLK (DFFASRHQNx1_ASAP7_75t_R)     0.00 #     0.00 r
  g_pair[3].u_sc/u_sterm/out_valid_reg/QN (DFFASRHQNx1_ASAP7_75t_R)    57.71    57.71 r
  g_pair[3].u_sc/u_sterm/out_valid (bf16_mult_10)         0.00      57.71 r
  g_pair[3].u_sc/u_sval/in_valid (bf16_add_18)            0.00      57.71 r
  g_pair[3].u_sc/u_sval/U459/Y (INVx1_ASAP7_75t_R)        9.16      66.87 f
  g_pair[3].u_sc/u_sval/out_valid_reg/D (DFFASRHQNx1_ASAP7_75t_R)     0.00    66.87 f
  data arrival time                                                 66.87

  clock clk (rise edge)                                   0.00       0.00
  clock network delay (ideal)                             0.00       0.00
  clock uncertainty                                      50.00      50.00
  g_pair[3].u_sc/u_sval/out_valid_reg/CLK (DFFASRHQNx1_ASAP7_75t_R)     0.00    50.00 r
  library hold time                                      15.59      65.59
  data required time                                                65.59
  --------------------------------------------------------------------------
  data required time                                                65.59
  data arrival time                                                -66.87
  --------------------------------------------------------------------------
  slack (MET)                                                        1.28


  Startpoint: g_pair[3].u_sc/u_sterm/out_valid_reg
              (rising edge-triggered flip-flop clocked by clk)
  Endpoint: g_pair[3].u_sc/u_cval/out_valid_reg
            (rising edge-triggered flip-flop clocked by clk)
  Path Group: clk
  Path Type: min

  Point                                                   Incr       Path
  --------------------------------------------------------------------------
  clock clk (rise edge)                                   0.00       0.00
  clock network delay (ideal)                             0.00       0.00
  g_pair[3].u_sc/u_sterm/out_valid_reg/CLK (DFFASRHQNx1_ASAP7_75t_R)     0.00 #     0.00 r
  g_pair[3].u_sc/u_sterm/out_valid_reg/QN (DFFASRHQNx1_ASAP7_75t_R)    57.71    57.71 r
  g_pair[3].u_sc/u_sterm/out_valid (bf16_mult_10)         0.00      57.71 r
  g_pair[3].u_sc/u_cval/in_valid (bf16_add_17)            0.00      57.71 r
  g_pair[3].u_sc/u_cval/U459/Y (INVx1_ASAP7_75t_R)        9.16      66.87 f
  g_pair[3].u_sc/u_cval/out_valid_reg/D (DFFASRHQNx1_ASAP7_75t_R)     0.00    66.87 f
  data arrival time                                                 66.87

  clock clk (rise edge)                                   0.00       0.00
  clock network delay (ideal)                             0.00       0.00
  clock uncertainty                                      50.00      50.00
  g_pair[3].u_sc/u_cval/out_valid_reg/CLK (DFFASRHQNx1_ASAP7_75t_R)     0.00    50.00 r
  library hold time                                      15.59      65.59
  data required time                                                65.59
  --------------------------------------------------------------------------
  data required time                                                65.59
  data arrival time                                                -66.87
  --------------------------------------------------------------------------
  slack (MET)                                                        1.28


  Startpoint: g_pair[4].u_sc/u_sdiff/out_valid_reg
              (rising edge-triggered flip-flop clocked by clk)
  Endpoint: g_pair[4].u_sc/u_sterm/out_valid_reg
            (rising edge-triggered flip-flop clocked by clk)
  Path Group: clk
  Path Type: min

  Point                                                   Incr       Path
  --------------------------------------------------------------------------
  clock clk (rise edge)                                   0.00       0.00
  clock network delay (ideal)                             0.00       0.00
  g_pair[4].u_sc/u_sdiff/out_valid_reg/CLK (DFFASRHQNx1_ASAP7_75t_R)     0.00 #     0.00 r
  g_pair[4].u_sc/u_sdiff/out_valid_reg/QN (DFFASRHQNx1_ASAP7_75t_R)    57.71    57.71 r
  g_pair[4].u_sc/u_sdiff/out_valid (bf16_add_16)          0.00      57.71 r
  g_pair[4].u_sc/u_sterm/in_valid (bf16_mult_8)           0.00      57.71 r
  g_pair[4].u_sc/u_sterm/U123/Y (INVx1_ASAP7_75t_R)       9.16      66.87 f
  g_pair[4].u_sc/u_sterm/out_valid_reg/D (DFFASRHQNx1_ASAP7_75t_R)     0.00    66.87 f
  data arrival time                                                 66.87

  clock clk (rise edge)                                   0.00       0.00
  clock network delay (ideal)                             0.00       0.00
  clock uncertainty                                      50.00      50.00
  g_pair[4].u_sc/u_sterm/out_valid_reg/CLK (DFFASRHQNx1_ASAP7_75t_R)     0.00    50.00 r
  library hold time                                      15.59      65.59
  data required time                                                65.59
  --------------------------------------------------------------------------
  data required time                                                65.59
  data arrival time                                                -66.87
  --------------------------------------------------------------------------
  slack (MET)                                                        1.28


  Startpoint: g_pair[4].u_sc/u_sdiff/out_valid_reg
              (rising edge-triggered flip-flop clocked by clk)
  Endpoint: g_pair[4].u_sc/u_cterm/out_valid_reg
            (rising edge-triggered flip-flop clocked by clk)
  Path Group: clk
  Path Type: min

  Point                                                   Incr       Path
  --------------------------------------------------------------------------
  clock clk (rise edge)                                   0.00       0.00
  clock network delay (ideal)                             0.00       0.00
  g_pair[4].u_sc/u_sdiff/out_valid_reg/CLK (DFFASRHQNx1_ASAP7_75t_R)     0.00 #     0.00 r
  g_pair[4].u_sc/u_sdiff/out_valid_reg/QN (DFFASRHQNx1_ASAP7_75t_R)    57.71    57.71 r
  g_pair[4].u_sc/u_sdiff/out_valid (bf16_add_16)          0.00      57.71 r
  g_pair[4].u_sc/u_cterm/in_valid (bf16_mult_7)           0.00      57.71 r
  g_pair[4].u_sc/u_cterm/U123/Y (INVx1_ASAP7_75t_R)       9.16      66.87 f
  g_pair[4].u_sc/u_cterm/out_valid_reg/D (DFFASRHQNx1_ASAP7_75t_R)     0.00    66.87 f
  data arrival time                                                 66.87

  clock clk (rise edge)                                   0.00       0.00
  clock network delay (ideal)                             0.00       0.00
  clock uncertainty                                      50.00      50.00
  g_pair[4].u_sc/u_cterm/out_valid_reg/CLK (DFFASRHQNx1_ASAP7_75t_R)     0.00    50.00 r
  library hold time                                      15.59      65.59
  data required time                                                65.59
  --------------------------------------------------------------------------
  data required time                                                65.59
  data arrival time                                                -66.87
  --------------------------------------------------------------------------
  slack (MET)                                                        1.28


  Startpoint: g_pair[4].u_sc/u_sterm/out_valid_reg
              (rising edge-triggered flip-flop clocked by clk)
  Endpoint: g_pair[4].u_sc/u_sval/out_valid_reg
            (rising edge-triggered flip-flop clocked by clk)
  Path Group: clk
  Path Type: min

  Point                                                   Incr       Path
  --------------------------------------------------------------------------
  clock clk (rise edge)                                   0.00       0.00
  clock network delay (ideal)                             0.00       0.00
  g_pair[4].u_sc/u_sterm/out_valid_reg/CLK (DFFASRHQNx1_ASAP7_75t_R)     0.00 #     0.00 r
  g_pair[4].u_sc/u_sterm/out_valid_reg/QN (DFFASRHQNx1_ASAP7_75t_R)    57.71    57.71 r
  g_pair[4].u_sc/u_sterm/out_valid (bf16_mult_8)          0.00      57.71 r
  g_pair[4].u_sc/u_sval/in_valid (bf16_add_14)            0.00      57.71 r
  g_pair[4].u_sc/u_sval/U459/Y (INVx1_ASAP7_75t_R)        9.16      66.87 f
  g_pair[4].u_sc/u_sval/out_valid_reg/D (DFFASRHQNx1_ASAP7_75t_R)     0.00    66.87 f
  data arrival time                                                 66.87

  clock clk (rise edge)                                   0.00       0.00
  clock network delay (ideal)                             0.00       0.00
  clock uncertainty                                      50.00      50.00
  g_pair[4].u_sc/u_sval/out_valid_reg/CLK (DFFASRHQNx1_ASAP7_75t_R)     0.00    50.00 r
  library hold time                                      15.59      65.59
  data required time                                                65.59
  --------------------------------------------------------------------------
  data required time                                                65.59
  data arrival time                                                -66.87
  --------------------------------------------------------------------------
  slack (MET)                                                        1.28


  Startpoint: g_pair[4].u_sc/u_sterm/out_valid_reg
              (rising edge-triggered flip-flop clocked by clk)
  Endpoint: g_pair[4].u_sc/u_cval/out_valid_reg
            (rising edge-triggered flip-flop clocked by clk)
  Path Group: clk
  Path Type: min

  Point                                                   Incr       Path
  --------------------------------------------------------------------------
  clock clk (rise edge)                                   0.00       0.00
  clock network delay (ideal)                             0.00       0.00
  g_pair[4].u_sc/u_sterm/out_valid_reg/CLK (DFFASRHQNx1_ASAP7_75t_R)     0.00 #     0.00 r
  g_pair[4].u_sc/u_sterm/out_valid_reg/QN (DFFASRHQNx1_ASAP7_75t_R)    57.71    57.71 r
  g_pair[4].u_sc/u_sterm/out_valid (bf16_mult_8)          0.00      57.71 r
  g_pair[4].u_sc/u_cval/in_valid (bf16_add_13)            0.00      57.71 r
  g_pair[4].u_sc/u_cval/U459/Y (INVx1_ASAP7_75t_R)        9.16      66.87 f
  g_pair[4].u_sc/u_cval/out_valid_reg/D (DFFASRHQNx1_ASAP7_75t_R)     0.00    66.87 f
  data arrival time                                                 66.87

  clock clk (rise edge)                                   0.00       0.00
  clock network delay (ideal)                             0.00       0.00
  clock uncertainty                                      50.00      50.00
  g_pair[4].u_sc/u_cval/out_valid_reg/CLK (DFFASRHQNx1_ASAP7_75t_R)     0.00    50.00 r
  library hold time                                      15.59      65.59
  data required time                                                65.59
  --------------------------------------------------------------------------
  data required time                                                65.59
  data arrival time                                                -66.87
  --------------------------------------------------------------------------
  slack (MET)                                                        1.28


1
