 
****************************************
Report : area
Design : rotate_q_bf16
Version: P-2019.03-SP5-6
Date   : Tue Sep  1 00:37:34 2026
****************************************

Library(s) Used:

    asap7sc7p5t_INVBUF_RVT_TT_nldm_211120 (File: /thu-bloor/xinyao-w23/kvpim-rtl/third_party/asap7_lib/db/asap7sc7p5t_INVBUF_RVT_TT_nldm_211120.db)
    asap7sc7p5t_SIMPLE_RVT_TT_nldm_211120 (File: /thu-bloor/xinyao-w23/kvpim-rtl/third_party/asap7_lib/db/asap7sc7p5t_SIMPLE_RVT_TT_nldm_211120.db)
    asap7sc7p5t_SEQ_RVT_TT_nldm_220123 (File: /thu-bloor/xinyao-w23/kvpim-rtl/third_party/asap7_lib/db/asap7sc7p5t_SEQ_RVT_TT_nldm_220123.db)
    asap7sc7p5t_AO_RVT_TT_nldm_211120 (File: /thu-bloor/xinyao-w23/kvpim-rtl/third_party/asap7_lib/db/asap7sc7p5t_AO_RVT_TT_nldm_211120.db)
    asap7sc7p5t_OA_RVT_TT_nldm_211120 (File: /thu-bloor/xinyao-w23/kvpim-rtl/third_party/asap7_lib/db/asap7sc7p5t_OA_RVT_TT_nldm_211120.db)

Number of ports:                        19572
Number of nets:                        108061
Number of cells:                        88091
Number of combinational cells:          84449
Number of sequential cells:              3104
Number of macros/black boxes:               0
Number of buf/inv:                      29251
Number of references:                      65

Combinational area:               6283.294739
Buf/Inv area:                     1387.184956
Noncombinational area:            1176.664312
Macro/Black Box area:                0.000000
Net Interconnect area:      undefined  (No wire load specified)

Total cell area:                  7459.959051
Total area:                 undefined

Hierarchical area distribution
------------------------------

                                  Global cell area          Local cell area
                                  ------------------  ---------------------------- 
Hierarchical cell                 Absolute   Percent  Combi-     Noncombi-  Black-
                                  Total      Total    national   national   boxes   Design
--------------------------------  ---------  -------  ---------  ---------  ------  -------------------------------------
rotate_q_bf16                     7459.9591    100.0    69.5320   291.1334  0.0000  rotate_q_bf16
g_pair[0].a_even                    66.3536      0.9    34.0443     6.4444  0.0000  bf16_add_0
g_pair[0].a_even/add_72_S2           5.7299      0.1     5.7299     0.0000  0.0000  bf16_add_0_DW01_add_2
g_pair[0].a_even/add_86              1.4434      0.0     1.4434     0.0000  0.0000  bf16_add_0_DW01_inc_1_DW01_inc_136
g_pair[0].a_even/srl_60              6.6922      0.1     6.6922     0.0000  0.0000  bf16_add_0_DW_rash_J10_0
g_pair[0].a_even/sub_47              5.8174      0.1     5.8174     0.0000  0.0000  bf16_add_0_DW01_sub_J12_0
g_pair[0].a_even/sub_73              6.1819      0.1     6.1819     0.0000  0.0000  bf16_add_0_DW01_sub_J11_0
g_pair[0].a_odd                     66.3536      0.9    34.0443     6.4444  0.0000  bf16_add_47
g_pair[0].a_odd/add_72_S2            5.7299      0.1     5.7299     0.0000  0.0000  bf16_add_47_DW01_add_J12_0
g_pair[0].a_odd/add_86               1.4434      0.0     1.4434     0.0000  0.0000  bf16_add_47_DW01_inc_1_DW01_inc_134
g_pair[0].a_odd/srl_60               6.6922      0.1     6.6922     0.0000  0.0000  bf16_add_47_DW_rash_1
g_pair[0].a_odd/sub_47               5.8174      0.1     5.8174     0.0000  0.0000  bf16_add_47_DW01_sub_J12_0
g_pair[0].a_odd/sub_73               6.1819      0.1     6.1819     0.0000  0.0000  bf16_add_47_DW01_sub_J11_0
g_pair[0].m_ac                      46.9039      0.6    13.1220     6.4444  0.0000  bf16_mult_0
g_pair[0].m_ac/add_2_root_add_50_aco    2.3328     0.0    2.3328    0.0000  0.0000  bf16_mult_0_DW01_add_2_DW01_add_261
g_pair[0].m_ac/add_67                2.0995      0.0     2.0995     0.0000  0.0000  bf16_mult_0_DW01_inc_0_DW01_inc_140
g_pair[0].m_ac/mult_36              22.9052      0.3    20.3828     0.0000  0.0000  bf16_mult_0_DW02_mult_0_DW02_mult_45
g_pair[0].m_ac/mult_36/FS_1          2.5223      0.0     2.5223     0.0000  0.0000  bf16_mult_0_DW01_add_1_DW01_add_227
g_pair[0].m_as                      46.9039      0.6    13.1220     6.4444  0.0000  bf16_mult_46
g_pair[0].m_as/add_2_root_add_50_aco    2.3328     0.0    2.3328    0.0000  0.0000  bf16_mult_46_DW01_add_2_DW01_add_263
g_pair[0].m_as/add_67                2.0995      0.0     2.0995     0.0000  0.0000  bf16_mult_46_DW01_inc_0_DW01_inc_138
g_pair[0].m_as/mult_36              22.9052      0.3    20.3828     0.0000  0.0000  bf16_mult_46_DW02_mult_0_DW02_mult_47
g_pair[0].m_as/mult_36/FS_1          2.5223      0.0     2.5223     0.0000  0.0000  bf16_mult_46_DW01_add_1_DW01_add_229
g_pair[0].m_bc                      46.8455      0.6    13.0199     6.4444  0.0000  bf16_mult_45
g_pair[0].m_bc/add_2_root_add_50_aco    2.3328     0.0    2.3328    0.0000  0.0000  bf16_mult_45_DW01_add_2_DW01_add_260
g_pair[0].m_bc/add_67                2.0995      0.0     2.0995     0.0000  0.0000  bf16_mult_45_DW01_inc_0_DW01_inc_137
g_pair[0].m_bc/mult_36              22.9489      0.3    20.3828     0.0000  0.0000  bf16_mult_45_DW02_mult_0_DW02_mult_44
g_pair[0].m_bc/mult_36/FS_1          2.5661      0.0     2.5661     0.0000  0.0000  bf16_mult_45_DW01_add_1_DW01_add_226
g_pair[0].m_nbs                     46.8455      0.6    13.0199     6.4444  0.0000  bf16_mult_47
g_pair[0].m_nbs/add_2_root_add_50_aco    2.3328     0.0    2.3328    0.0000 0.0000  bf16_mult_47_DW01_add_2_DW01_add_262
g_pair[0].m_nbs/add_67               2.0995      0.0     2.0995     0.0000  0.0000  bf16_mult_47_DW01_inc_0_DW01_inc_139
g_pair[0].m_nbs/mult_36             22.9489      0.3    20.3828     0.0000  0.0000  bf16_mult_47_DW02_mult_0_DW02_mult_46
g_pair[0].m_nbs/mult_36/FS_1         2.5661      0.0     2.5661     0.0000  0.0000  bf16_mult_47_DW01_add_1_DW01_add_228
g_pair[0].u_sc                     566.5205      7.6   140.0701    33.3590  0.0000  sincos_bf16_0
g_pair[0].u_sc/u_cdiff              82.1291      1.1    47.5600     6.4444  0.0000  bf16_add_31
g_pair[0].u_sc/u_cdiff/add_72_S2     5.5550      0.1     5.5550     0.0000  0.0000  bf16_add_31_DW01_add_J8_0
g_pair[0].u_sc/u_cdiff/add_86        1.4434      0.0     1.4434     0.0000  0.0000  bf16_add_31_DW01_inc_1_DW01_inc_149
g_pair[0].u_sc/u_cdiff/srl_60        7.2463      0.1     7.2463     0.0000  0.0000  bf16_add_31_DW_rash_J5_0
g_pair[0].u_sc/u_cdiff/sub_47        6.3715      0.1     6.3715     0.0000  0.0000  bf16_add_31_DW01_sub_J12_0
g_pair[0].u_sc/u_cdiff/sub_73        7.5087      0.1     7.5087     0.0000  0.0000  bf16_add_31_DW01_sub_J11_0
g_pair[0].u_sc/u_cterm              46.7872      0.6    13.0054     6.4444  0.0000  bf16_mult_15
g_pair[0].u_sc/u_cterm/add_2_root_add_50_aco    2.3328     0.0    2.3328    0.0000 0.0000 bf16_mult_15_DW01_add_2_DW01_add_230
g_pair[0].u_sc/u_cterm/add_67        2.0995      0.0     2.0995     0.0000  0.0000  bf16_mult_15_DW01_inc_0_DW01_inc_146
g_pair[0].u_sc/u_cterm/mult_36      22.9052      0.3    20.3828     0.0000  0.0000  bf16_mult_15_DW02_mult_0_DW02_mult_14
g_pair[0].u_sc/u_cterm/mult_36/FS_1    2.5223     0.0    2.5223     0.0000  0.0000  bf16_mult_15_DW01_add_1_DW01_add_182
g_pair[0].u_sc/u_cval               66.2953      0.9    33.9860     6.4444  0.0000  bf16_add_29
g_pair[0].u_sc/u_cval/add_72_S2      5.7299      0.1     5.7299     0.0000  0.0000  bf16_add_29_DW01_add_2
g_pair[0].u_sc/u_cval/add_86         1.4434      0.0     1.4434     0.0000  0.0000  bf16_add_29_DW01_inc_1_DW01_inc_143
g_pair[0].u_sc/u_cval/srl_60         6.6922      0.1     6.6922     0.0000  0.0000  bf16_add_29_DW_rash_J11_0
g_pair[0].u_sc/u_cval/sub_47         5.8174      0.1     5.8174     0.0000  0.0000  bf16_add_29_DW01_sub_4
g_pair[0].u_sc/u_cval/sub_73         6.1819      0.1     6.1819     0.0000  0.0000  bf16_add_29_DW01_sub_J10_0
g_pair[0].u_sc/u_sdiff              84.7973      1.1    49.1200     6.4444  0.0000  bf16_add_32
g_pair[0].u_sc/u_sdiff/add_72_S2     5.5258      0.1     5.5258     0.0000  0.0000  bf16_add_32_DW01_add_J7_0
g_pair[0].u_sc/u_sdiff/add_86        1.4434      0.0     1.4434     0.0000  0.0000  bf16_add_32_DW01_inc_1_DW01_inc_151
g_pair[0].u_sc/u_sdiff/srl_60        8.3252      0.1     8.3252     0.0000  0.0000  bf16_add_32_DW_rash_J14_0
g_pair[0].u_sc/u_sdiff/sub_47        7.9024      0.1     7.9024     0.0000  0.0000  bf16_add_32_DW01_sub_7
g_pair[0].u_sc/u_sdiff/sub_73        6.0361      0.1     6.0361     0.0000  0.0000  bf16_add_32_DW01_sub_J58_0
g_pair[0].u_sc/u_sterm              46.7872      0.6    13.0054     6.4444  0.0000  bf16_mult_16
g_pair[0].u_sc/u_sterm/add_2_root_add_50_aco    2.3328     0.0    2.3328    0.0000 0.0000 bf16_mult_16_DW01_add_2_DW01_add_231
g_pair[0].u_sc/u_sterm/add_67        2.0995      0.0     2.0995     0.0000  0.0000  bf16_mult_16_DW01_inc_0_DW01_inc_147
g_pair[0].u_sc/u_sterm/mult_36      22.9052      0.3    20.3828     0.0000  0.0000  bf16_mult_16_DW02_mult_0_DW02_mult_15
g_pair[0].u_sc/u_sterm/mult_36/FS_1    2.5223     0.0    2.5223     0.0000  0.0000  bf16_mult_16_DW01_add_1_DW01_add_183
g_pair[0].u_sc/u_sval               66.2953      0.9    33.9860     6.4444  0.0000  bf16_add_30
g_pair[0].u_sc/u_sval/add_72_S2      5.7299      0.1     5.7299     0.0000  0.0000  bf16_add_30_DW01_add_J11_0
g_pair[0].u_sc/u_sval/add_86         1.4434      0.0     1.4434     0.0000  0.0000  bf16_add_30_DW01_inc_1_DW01_inc_145
g_pair[0].u_sc/u_sval/srl_60         6.6922      0.1     6.6922     0.0000  0.0000  bf16_add_30_DW_rash_J12_0
g_pair[0].u_sc/u_sval/sub_47         5.8174      0.1     5.8174     0.0000  0.0000  bf16_add_30_DW01_sub_J11_0
g_pair[0].u_sc/u_sval/sub_73         6.1819      0.1     6.1819     0.0000  0.0000  bf16_add_30_DW01_sub_J10_0
g_pair[1].a_even                    66.3536      0.9    34.0443     6.4444  0.0000  bf16_add_46
g_pair[1].a_even/add_72_S2           5.7299      0.1     5.7299     0.0000  0.0000  bf16_add_46_DW01_add_J10_0
g_pair[1].a_even/add_86              1.4434      0.0     1.4434     0.0000  0.0000  bf16_add_46_DW01_inc_1_DW01_inc_117
g_pair[1].a_even/srl_60              6.6922      0.1     6.6922     0.0000  0.0000  bf16_add_46_DW_rash_J12_0
g_pair[1].a_even/sub_47              5.8174      0.1     5.8174     0.0000  0.0000  bf16_add_46_DW01_sub_J11_0
g_pair[1].a_even/sub_73              6.1819      0.1     6.1819     0.0000  0.0000  bf16_add_46_DW01_sub_J10_0
g_pair[1].a_odd                     66.3536      0.9    34.0443     6.4444  0.0000  bf16_add_45
g_pair[1].a_odd/add_72_S2            5.7299      0.1     5.7299     0.0000  0.0000  bf16_add_45_DW01_add_2
g_pair[1].a_odd/add_86               1.4434      0.0     1.4434     0.0000  0.0000  bf16_add_45_DW01_inc_1_DW01_inc_115
g_pair[1].a_odd/srl_60               6.6922      0.1     6.6922     0.0000  0.0000  bf16_add_45_DW_rash_J10_0
g_pair[1].a_odd/sub_47               5.8174      0.1     5.8174     0.0000  0.0000  bf16_add_45_DW01_sub_4
g_pair[1].a_odd/sub_73               6.1819      0.1     6.1819     0.0000  0.0000  bf16_add_45_DW01_sub_J11_0
g_pair[1].m_ac                      46.8455      0.6    13.0199     6.4444  0.0000  bf16_mult_44
g_pair[1].m_ac/add_2_root_add_50_aco    2.3328     0.0    2.3328    0.0000  0.0000  bf16_mult_44_DW01_add_2_DW01_add_256
g_pair[1].m_ac/add_67                2.0995      0.0     2.0995     0.0000  0.0000  bf16_mult_44_DW01_inc_0_DW01_inc_121
g_pair[1].m_ac/mult_36              22.9489      0.3    20.3828     0.0000  0.0000  bf16_mult_44_DW02_mult_0_DW02_mult_40
g_pair[1].m_ac/mult_36/FS_1          2.5661      0.0     2.5661     0.0000  0.0000  bf16_mult_44_DW01_add_1_DW01_add_220
g_pair[1].m_as                      46.9039      0.6    13.1220     6.4444  0.0000  bf16_mult_42
g_pair[1].m_as/add_2_root_add_50_aco    2.3328     0.0    2.3328    0.0000  0.0000  bf16_mult_42_DW01_add_2_DW01_add_259
g_pair[1].m_as/add_67                2.0995      0.0     2.0995     0.0000  0.0000  bf16_mult_42_DW01_inc_0_DW01_inc_119
g_pair[1].m_as/mult_36              22.9052      0.3    20.3828     0.0000  0.0000  bf16_mult_42_DW02_mult_0_DW02_mult_43
g_pair[1].m_as/mult_36/FS_1          2.5223      0.0     2.5223     0.0000  0.0000  bf16_mult_42_DW01_add_1_DW01_add_223
g_pair[1].m_bc                      46.9039      0.6    13.1220     6.4444  0.0000  bf16_mult_41
g_pair[1].m_bc/add_2_root_add_50_aco    2.3328     0.0    2.3328    0.0000  0.0000  bf16_mult_41_DW01_add_2_DW01_add_257
g_pair[1].m_bc/add_67                2.0995      0.0     2.0995     0.0000  0.0000  bf16_mult_41_DW01_inc_0_DW01_inc_118
g_pair[1].m_bc/mult_36              22.9052      0.3    20.3828     0.0000  0.0000  bf16_mult_41_DW02_mult_0_DW02_mult_41
g_pair[1].m_bc/mult_36/FS_1          2.5223      0.0     2.5223     0.0000  0.0000  bf16_mult_41_DW01_add_1_DW01_add_221
g_pair[1].m_nbs                     46.8455      0.6    13.0199     6.4444  0.0000  bf16_mult_43
g_pair[1].m_nbs/add_2_root_add_50_aco    2.3328     0.0    2.3328    0.0000 0.0000  bf16_mult_43_DW01_add_2_DW01_add_258
g_pair[1].m_nbs/add_67               2.0995      0.0     2.0995     0.0000  0.0000  bf16_mult_43_DW01_inc_0_DW01_inc_120
g_pair[1].m_nbs/mult_36             22.9489      0.3    20.3828     0.0000  0.0000  bf16_mult_43_DW02_mult_0_DW02_mult_42
g_pair[1].m_nbs/mult_36/FS_1         2.5661      0.0     2.5661     0.0000  0.0000  bf16_mult_43_DW01_add_1_DW01_add_222
g_pair[1].u_sc                     566.8704      7.6   139.8951    33.3590  0.0000  sincos_bf16_7
g_pair[1].u_sc/u_cdiff              80.6420      1.1    46.5102     6.4444  0.0000  bf16_add_27
g_pair[1].u_sc/u_cdiff/add_72_S2     5.2634      0.1     5.2634     0.0000  0.0000  bf16_add_27_DW01_add_J9_0
g_pair[1].u_sc/u_cdiff/add_86        1.4434      0.0     1.4434     0.0000  0.0000  bf16_add_27_DW01_inc_1_DW01_inc_130
g_pair[1].u_sc/u_cdiff/srl_60        6.9401      0.1     6.9401     0.0000  0.0000  bf16_add_27_DW_rash_1
g_pair[1].u_sc/u_cdiff/sub_47        6.7214      0.1     6.7214     0.0000  0.0000  bf16_add_27_DW01_sub_J12_0
g_pair[1].u_sc/u_cdiff/sub_73        7.3192      0.1     7.3192     0.0000  0.0000  bf16_add_27_DW01_sub_4
g_pair[1].u_sc/u_cterm              46.7872      0.6    13.0054     6.4444  0.0000  bf16_mult_13
g_pair[1].u_sc/u_cterm/add_2_root_add_50_aco    2.3328     0.0    2.3328    0.0000 0.0000 bf16_mult_13_DW01_add_2_DW01_add_224
g_pair[1].u_sc/u_cterm/add_67        2.0995      0.0     2.0995     0.0000  0.0000  bf16_mult_13_DW01_inc_0_DW01_inc_127
g_pair[1].u_sc/u_cterm/mult_36      22.9052      0.3    20.3828     0.0000  0.0000  bf16_mult_13_DW02_mult_0_DW02_mult_12
g_pair[1].u_sc/u_cterm/mult_36/FS_1    2.5223     0.0    2.5223     0.0000  0.0000  bf16_mult_13_DW01_add_1_DW01_add_180
g_pair[1].u_sc/u_cval               66.2953      0.9    33.9860     6.4444  0.0000  bf16_add_25
g_pair[1].u_sc/u_cval/add_72_S2      5.7299      0.1     5.7299     0.0000  0.0000  bf16_add_25_DW01_add_J12_0
g_pair[1].u_sc/u_cval/add_86         1.4434      0.0     1.4434     0.0000  0.0000  bf16_add_25_DW01_inc_1_DW01_inc_124
g_pair[1].u_sc/u_cval/srl_60         6.6922      0.1     6.6922     0.0000  0.0000  bf16_add_25_DW_rash_J10_0
g_pair[1].u_sc/u_cval/sub_47         5.8174      0.1     5.8174     0.0000  0.0000  bf16_add_25_DW01_sub_J11_0
g_pair[1].u_sc/u_cval/sub_73         6.1819      0.1     6.1819     0.0000  0.0000  bf16_add_25_DW01_sub_J12_0
g_pair[1].u_sc/u_sdiff              86.8093      1.2    51.7298     6.4444  0.0000  bf16_add_28
g_pair[1].u_sc/u_sdiff/add_72_S2     5.6862      0.1     5.6862     0.0000  0.0000  bf16_add_28_DW01_add_2
g_pair[1].u_sc/u_sdiff/add_86        1.4434      0.0     1.4434     0.0000  0.0000  bf16_add_28_DW01_inc_1_DW01_inc_132
g_pair[1].u_sc/u_sdiff/srl_60        8.3398      0.1     8.3398     0.0000  0.0000  bf16_add_28_DW_rash_J15_0
g_pair[1].u_sc/u_sdiff/sub_47        6.8963      0.1     6.8963     0.0000  0.0000  bf16_add_28_DW01_sub_J22_0
g_pair[1].u_sc/u_sdiff/sub_73        6.2694      0.1     6.2694     0.0000  0.0000  bf16_add_28_DW01_sub_J71_0
g_pair[1].u_sc/u_sterm              46.7872      0.6    13.0054     6.4444  0.0000  bf16_mult_14
g_pair[1].u_sc/u_sterm/add_2_root_add_50_aco    2.3328     0.0    2.3328    0.0000 0.0000 bf16_mult_14_DW01_add_2_DW01_add_225
g_pair[1].u_sc/u_sterm/add_67        2.0995      0.0     2.0995     0.0000  0.0000  bf16_mult_14_DW01_inc_0_DW01_inc_128
g_pair[1].u_sc/u_sterm/mult_36      22.9052      0.3    20.3828     0.0000  0.0000  bf16_mult_14_DW02_mult_0_DW02_mult_13
g_pair[1].u_sc/u_sterm/mult_36/FS_1    2.5223     0.0    2.5223     0.0000  0.0000  bf16_mult_14_DW01_add_1_DW01_add_181
g_pair[1].u_sc/u_sval               66.2953      0.9    33.9860     6.4444  0.0000  bf16_add_26
g_pair[1].u_sc/u_sval/add_72_S2      5.7299      0.1     5.7299     0.0000  0.0000  bf16_add_26_DW01_add_J10_0
g_pair[1].u_sc/u_sval/add_86         1.4434      0.0     1.4434     0.0000  0.0000  bf16_add_26_DW01_inc_1_DW01_inc_126
g_pair[1].u_sc/u_sval/srl_60         6.6922      0.1     6.6922     0.0000  0.0000  bf16_add_26_DW_rash_1
g_pair[1].u_sc/u_sval/sub_47         5.8174      0.1     5.8174     0.0000  0.0000  bf16_add_26_DW01_sub_J10_0
g_pair[1].u_sc/u_sval/sub_73         6.1819      0.1     6.1819     0.0000  0.0000  bf16_add_26_DW01_sub_J12_0
g_pair[2].a_even                    66.3536      0.9    34.0443     6.4444  0.0000  bf16_add_44
g_pair[2].a_even/add_72_S2           5.7299      0.1     5.7299     0.0000  0.0000  bf16_add_44_DW01_add_J11_0
g_pair[2].a_even/add_86              1.4434      0.0     1.4434     0.0000  0.0000  bf16_add_44_DW01_inc_1_DW01_inc_98
g_pair[2].a_even/srl_60              6.6922      0.1     6.6922     0.0000  0.0000  bf16_add_44_DW_rash_1
g_pair[2].a_even/sub_47              5.8174      0.1     5.8174     0.0000  0.0000  bf16_add_44_DW01_sub_J11_0
g_pair[2].a_even/sub_73              6.1819      0.1     6.1819     0.0000  0.0000  bf16_add_44_DW01_sub_J12_0
g_pair[2].a_odd                     66.3536      0.9    34.0443     6.4444  0.0000  bf16_add_43
g_pair[2].a_odd/add_72_S2            5.7299      0.1     5.7299     0.0000  0.0000  bf16_add_43_DW01_add_J10_0
g_pair[2].a_odd/add_86               1.4434      0.0     1.4434     0.0000  0.0000  bf16_add_43_DW01_inc_1_DW01_inc_96
g_pair[2].a_odd/srl_60               6.6922      0.1     6.6922     0.0000  0.0000  bf16_add_43_DW_rash_J11_0
g_pair[2].a_odd/sub_47               5.8174      0.1     5.8174     0.0000  0.0000  bf16_add_43_DW01_sub_J12_0
g_pair[2].a_odd/sub_73               6.1819      0.1     6.1819     0.0000  0.0000  bf16_add_43_DW01_sub_J10_0
g_pair[2].m_ac                      46.8455      0.6    13.0199     6.4444  0.0000  bf16_mult_40
g_pair[2].m_ac/add_2_root_add_50_aco    2.3328     0.0    2.3328    0.0000  0.0000  bf16_mult_40_DW01_add_2_DW01_add_252
g_pair[2].m_ac/add_67                2.0995      0.0     2.0995     0.0000  0.0000  bf16_mult_40_DW01_inc_0_DW01_inc_102
g_pair[2].m_ac/mult_36              22.9489      0.3    20.3828     0.0000  0.0000  bf16_mult_40_DW02_mult_0_DW02_mult_36
g_pair[2].m_ac/mult_36/FS_1          2.5661      0.0     2.5661     0.0000  0.0000  bf16_mult_40_DW01_add_1_DW01_add_214
g_pair[2].m_as                      46.9039      0.6    13.1220     6.4444  0.0000  bf16_mult_38
g_pair[2].m_as/add_2_root_add_50_aco    2.3328     0.0    2.3328    0.0000  0.0000  bf16_mult_38_DW01_add_2_DW01_add_255
g_pair[2].m_as/add_67                2.0995      0.0     2.0995     0.0000  0.0000  bf16_mult_38_DW01_inc_0_DW01_inc_100
g_pair[2].m_as/mult_36              22.9052      0.3    20.3828     0.0000  0.0000  bf16_mult_38_DW02_mult_0_DW02_mult_39
g_pair[2].m_as/mult_36/FS_1          2.5223      0.0     2.5223     0.0000  0.0000  bf16_mult_38_DW01_add_1_DW01_add_217
g_pair[2].m_bc                      46.9039      0.6    13.1220     6.4444  0.0000  bf16_mult_37
g_pair[2].m_bc/add_2_root_add_50_aco    2.3328     0.0    2.3328    0.0000  0.0000  bf16_mult_37_DW01_add_2_DW01_add_253
g_pair[2].m_bc/add_67                2.0995      0.0     2.0995     0.0000  0.0000  bf16_mult_37_DW01_inc_0_DW01_inc_99
g_pair[2].m_bc/mult_36              22.9052      0.3    20.3828     0.0000  0.0000  bf16_mult_37_DW02_mult_0_DW02_mult_37
g_pair[2].m_bc/mult_36/FS_1          2.5223      0.0     2.5223     0.0000  0.0000  bf16_mult_37_DW01_add_1_DW01_add_215
g_pair[2].m_nbs                     46.8455      0.6    13.0199     6.4444  0.0000  bf16_mult_39
g_pair[2].m_nbs/add_2_root_add_50_aco    2.3328     0.0    2.3328    0.0000 0.0000  bf16_mult_39_DW01_add_2_DW01_add_254
g_pair[2].m_nbs/add_67               2.0995      0.0     2.0995     0.0000  0.0000  bf16_mult_39_DW01_inc_0_DW01_inc_101
g_pair[2].m_nbs/mult_36             22.9489      0.3    20.3828     0.0000  0.0000  bf16_mult_39_DW02_mult_0_DW02_mult_38
g_pair[2].m_nbs/mult_36/FS_1         2.5661      0.0     2.5661     0.0000  0.0000  bf16_mult_39_DW01_add_1_DW01_add_216
g_pair[2].u_sc                     566.6663      7.6   141.0032    33.3590  0.0000  sincos_bf16_6
g_pair[2].u_sc/u_cdiff              81.8375      1.1    47.3704     6.4444  0.0000  bf16_add_23
g_pair[2].u_sc/u_cdiff/add_72_S2     5.0593      0.1     5.0593     0.0000  0.0000  bf16_add_23_DW01_add_J7_0
g_pair[2].u_sc/u_cdiff/add_86        1.4434      0.0     1.4434     0.0000  0.0000  bf16_add_23_DW01_inc_1_DW01_inc_111
g_pair[2].u_sc/u_cdiff/srl_60        6.9547      0.1     6.9547     0.0000  0.0000  bf16_add_23_DW_rash_1
g_pair[2].u_sc/u_cdiff/sub_47        7.2317      0.1     7.2317     0.0000  0.0000  bf16_add_23_DW01_sub_J12_0
g_pair[2].u_sc/u_cdiff/sub_73        7.3337      0.1     7.3337     0.0000  0.0000  bf16_add_23_DW01_sub_J65_0
g_pair[2].u_sc/u_cterm              46.7872      0.6    13.0054     6.4444  0.0000  bf16_mult_11
g_pair[2].u_sc/u_cterm/add_2_root_add_50_aco    2.3328     0.0    2.3328    0.0000 0.0000 bf16_mult_11_DW01_add_2_DW01_add_218
g_pair[2].u_sc/u_cterm/add_67        2.0995      0.0     2.0995     0.0000  0.0000  bf16_mult_11_DW01_inc_0_DW01_inc_108
g_pair[2].u_sc/u_cterm/mult_36      22.9052      0.3    20.3828     0.0000  0.0000  bf16_mult_11_DW02_mult_0_DW02_mult_10
g_pair[2].u_sc/u_cterm/mult_36/FS_1    2.5223     0.0    2.5223     0.0000  0.0000  bf16_mult_11_DW01_add_1_DW01_add_178
g_pair[2].u_sc/u_cval               66.2953      0.9    33.9860     6.4444  0.0000  bf16_add_21
g_pair[2].u_sc/u_cval/add_72_S2      5.7299      0.1     5.7299     0.0000  0.0000  bf16_add_21_DW01_add_J10_0
g_pair[2].u_sc/u_cval/add_86         1.4434      0.0     1.4434     0.0000  0.0000  bf16_add_21_DW01_inc_1_DW01_inc_105
g_pair[2].u_sc/u_cval/srl_60         6.6922      0.1     6.6922     0.0000  0.0000  bf16_add_21_DW_rash_1
g_pair[2].u_sc/u_cval/sub_47         5.8174      0.1     5.8174     0.0000  0.0000  bf16_add_21_DW01_sub_J11_0
g_pair[2].u_sc/u_cval/sub_73         6.1819      0.1     6.1819     0.0000  0.0000  bf16_add_21_DW01_sub_J10_0
g_pair[2].u_sc/u_sdiff              84.3016      1.1    49.4845     6.4444  0.0000  bf16_add_24
g_pair[2].u_sc/u_sdiff/add_72_S2     5.4967      0.1     5.4967     0.0000  0.0000  bf16_add_24_DW01_add_2
g_pair[2].u_sc/u_sdiff/add_86        1.4434      0.0     1.4434     0.0000  0.0000  bf16_add_24_DW01_inc_1_DW01_inc_113
g_pair[2].u_sc/u_sdiff/srl_60        8.3689      0.1     8.3689     0.0000  0.0000  bf16_add_24_DW_rash_1
g_pair[2].u_sc/u_sdiff/sub_47        6.9401      0.1     6.9401     0.0000  0.0000  bf16_add_24_DW01_sub_J22_0
g_pair[2].u_sc/u_sdiff/sub_73        6.1236      0.1     6.1236     0.0000  0.0000  bf16_add_24_DW01_sub_J72_0
g_pair[2].u_sc/u_sterm              46.7872      0.6    13.0054     6.4444  0.0000  bf16_mult_12
g_pair[2].u_sc/u_sterm/add_2_root_add_50_aco    2.3328     0.0    2.3328    0.0000 0.0000 bf16_mult_12_DW01_add_2_DW01_add_219
g_pair[2].u_sc/u_sterm/add_67        2.0995      0.0     2.0995     0.0000  0.0000  bf16_mult_12_DW01_inc_0_DW01_inc_109
g_pair[2].u_sc/u_sterm/mult_36      22.9052      0.3    20.3828     0.0000  0.0000  bf16_mult_12_DW02_mult_0_DW02_mult_11
g_pair[2].u_sc/u_sterm/mult_36/FS_1    2.5223     0.0    2.5223     0.0000  0.0000  bf16_mult_12_DW01_add_1_DW01_add_179
g_pair[2].u_sc/u_sval               66.2953      0.9    33.9860     6.4444  0.0000  bf16_add_22
g_pair[2].u_sc/u_sval/add_72_S2      5.7299      0.1     5.7299     0.0000  0.0000  bf16_add_22_DW01_add_2
g_pair[2].u_sc/u_sval/add_86         1.4434      0.0     1.4434     0.0000  0.0000  bf16_add_22_DW01_inc_1_DW01_inc_107
g_pair[2].u_sc/u_sval/srl_60         6.6922      0.1     6.6922     0.0000  0.0000  bf16_add_22_DW_rash_J12_0
g_pair[2].u_sc/u_sval/sub_47         5.8174      0.1     5.8174     0.0000  0.0000  bf16_add_22_DW01_sub_4
g_pair[2].u_sc/u_sval/sub_73         6.1819      0.1     6.1819     0.0000  0.0000  bf16_add_22_DW01_sub_J11_0
g_pair[3].a_even                    66.3536      0.9    34.0443     6.4444  0.0000  bf16_add_42
g_pair[3].a_even/add_72_S2           5.7299      0.1     5.7299     0.0000  0.0000  bf16_add_42_DW01_add_J12_0
g_pair[3].a_even/add_86              1.4434      0.0     1.4434     0.0000  0.0000  bf16_add_42_DW01_inc_1_DW01_inc_79
g_pair[3].a_even/srl_60              6.6922      0.1     6.6922     0.0000  0.0000  bf16_add_42_DW_rash_J10_0
g_pair[3].a_even/sub_47              5.8174      0.1     5.8174     0.0000  0.0000  bf16_add_42_DW01_sub_J12_0
g_pair[3].a_even/sub_73              6.1819      0.1     6.1819     0.0000  0.0000  bf16_add_42_DW01_sub_4
g_pair[3].a_odd                     66.3536      0.9    34.0443     6.4444  0.0000  bf16_add_41
g_pair[3].a_odd/add_72_S2            5.7299      0.1     5.7299     0.0000  0.0000  bf16_add_41_DW01_add_J11_0
g_pair[3].a_odd/add_86               1.4434      0.0     1.4434     0.0000  0.0000  bf16_add_41_DW01_inc_1_DW01_inc_77
g_pair[3].a_odd/srl_60               6.6922      0.1     6.6922     0.0000  0.0000  bf16_add_41_DW_rash_J12_0
g_pair[3].a_odd/sub_47               5.8174      0.1     5.8174     0.0000  0.0000  bf16_add_41_DW01_sub_J11_0
g_pair[3].a_odd/sub_73               6.1819      0.1     6.1819     0.0000  0.0000  bf16_add_41_DW01_sub_4
g_pair[3].m_ac                      46.8455      0.6    13.0199     6.4444  0.0000  bf16_mult_36
g_pair[3].m_ac/add_2_root_add_50_aco    2.3328     0.0    2.3328    0.0000  0.0000  bf16_mult_36_DW01_add_2_DW01_add_248
g_pair[3].m_ac/add_67                2.0995      0.0     2.0995     0.0000  0.0000  bf16_mult_36_DW01_inc_0_DW01_inc_83
g_pair[3].m_ac/mult_36              22.9489      0.3    20.3828     0.0000  0.0000  bf16_mult_36_DW02_mult_0_DW02_mult_32
g_pair[3].m_ac/mult_36/FS_1          2.5661      0.0     2.5661     0.0000  0.0000  bf16_mult_36_DW01_add_1_DW01_add_208
g_pair[3].m_as                      46.9039      0.6    13.1220     6.4444  0.0000  bf16_mult_34
g_pair[3].m_as/add_2_root_add_50_aco    2.3328     0.0    2.3328    0.0000  0.0000  bf16_mult_34_DW01_add_2_DW01_add_251
g_pair[3].m_as/add_67                2.0995      0.0     2.0995     0.0000  0.0000  bf16_mult_34_DW01_inc_0_DW01_inc_81
g_pair[3].m_as/mult_36              22.9052      0.3    20.3828     0.0000  0.0000  bf16_mult_34_DW02_mult_0_DW02_mult_35
g_pair[3].m_as/mult_36/FS_1          2.5223      0.0     2.5223     0.0000  0.0000  bf16_mult_34_DW01_add_1_DW01_add_211
g_pair[3].m_bc                      46.9039      0.6    13.1220     6.4444  0.0000  bf16_mult_33
g_pair[3].m_bc/add_2_root_add_50_aco    2.3328     0.0    2.3328    0.0000  0.0000  bf16_mult_33_DW01_add_2_DW01_add_249
g_pair[3].m_bc/add_67                2.0995      0.0     2.0995     0.0000  0.0000  bf16_mult_33_DW01_inc_0_DW01_inc_80
g_pair[3].m_bc/mult_36              22.9052      0.3    20.3828     0.0000  0.0000  bf16_mult_33_DW02_mult_0_DW02_mult_33
g_pair[3].m_bc/mult_36/FS_1          2.5223      0.0     2.5223     0.0000  0.0000  bf16_mult_33_DW01_add_1_DW01_add_209
g_pair[3].m_nbs                     46.8455      0.6    13.0199     6.4444  0.0000  bf16_mult_35
g_pair[3].m_nbs/add_2_root_add_50_aco    2.3328     0.0    2.3328    0.0000 0.0000  bf16_mult_35_DW01_add_2_DW01_add_250
g_pair[3].m_nbs/add_67               2.0995      0.0     2.0995     0.0000  0.0000  bf16_mult_35_DW01_inc_0_DW01_inc_82
g_pair[3].m_nbs/mult_36             22.9489      0.3    20.3828     0.0000  0.0000  bf16_mult_35_DW02_mult_0_DW02_mult_34
g_pair[3].m_nbs/mult_36/FS_1         2.5661      0.0     2.5661     0.0000  0.0000  bf16_mult_35_DW01_add_1_DW01_add_210
g_pair[3].u_sc                     567.7452      7.6   141.6010    33.3590  0.0000  sincos_bf16_5
g_pair[3].u_sc/u_cdiff              81.7792      1.1    44.9793     6.4444  0.0000  bf16_add_19
g_pair[3].u_sc/u_cdiff/add_130       2.4786      0.0     2.4786     0.0000  0.0000  bf16_add_19_DW01_inc_J65_0
g_pair[3].u_sc/u_cdiff/add_72_S2     5.5112      0.1     5.5112     0.0000  0.0000  bf16_add_19_DW01_add_J9_0
g_pair[3].u_sc/u_cdiff/add_86        1.4434      0.0     1.4434     0.0000  0.0000  bf16_add_19_DW01_inc_1_DW01_inc_92
g_pair[3].u_sc/u_cdiff/srl_60        7.0713      0.1     7.0713     0.0000  0.0000  bf16_add_19_DW_rash_1
g_pair[3].u_sc/u_cdiff/sub_47        6.4298      0.1     6.4298     0.0000  0.0000  bf16_add_19_DW01_sub_J11_0
g_pair[3].u_sc/u_cdiff/sub_73        7.4212      0.1     7.4212     0.0000  0.0000  bf16_add_19_DW01_sub_7
g_pair[3].u_sc/u_cterm              46.7872      0.6    13.0054     6.4444  0.0000  bf16_mult_9
g_pair[3].u_sc/u_cterm/add_2_root_add_50_aco    2.3328     0.0    2.3328    0.0000 0.0000 bf16_mult_9_DW01_add_2_DW01_add_212
g_pair[3].u_sc/u_cterm/add_67        2.0995      0.0     2.0995     0.0000  0.0000  bf16_mult_9_DW01_inc_0_DW01_inc_89
g_pair[3].u_sc/u_cterm/mult_36      22.9052      0.3    20.3828     0.0000  0.0000  bf16_mult_9_DW02_mult_0_DW02_mult_8
g_pair[3].u_sc/u_cterm/mult_36/FS_1    2.5223     0.0    2.5223     0.0000  0.0000  bf16_mult_9_DW01_add_1_DW01_add_176
g_pair[3].u_sc/u_cval               66.2953      0.9    33.9860     6.4444  0.0000  bf16_add_17
g_pair[3].u_sc/u_cval/add_72_S2      5.7299      0.1     5.7299     0.0000  0.0000  bf16_add_17_DW01_add_2
g_pair[3].u_sc/u_cval/add_86         1.4434      0.0     1.4434     0.0000  0.0000  bf16_add_17_DW01_inc_1_DW01_inc_86
g_pair[3].u_sc/u_cval/srl_60         6.6922      0.1     6.6922     0.0000  0.0000  bf16_add_17_DW_rash_J11_0
g_pair[3].u_sc/u_cval/sub_47         5.8174      0.1     5.8174     0.0000  0.0000  bf16_add_17_DW01_sub_4
g_pair[3].u_sc/u_cval/sub_73         6.1819      0.1     6.1819     0.0000  0.0000  bf16_add_17_DW01_sub_J12_0
g_pair[3].u_sc/u_sdiff              84.8410      1.1    50.4468     6.4444  0.0000  bf16_add_20
g_pair[3].u_sc/u_sdiff/add_72_S2     5.4383      0.1     5.4383     0.0000  0.0000  bf16_add_20_DW01_add_J8_0
g_pair[3].u_sc/u_sdiff/add_86        1.4434      0.0     1.4434     0.0000  0.0000  bf16_add_20_DW01_inc_1_DW01_inc_94
g_pair[3].u_sc/u_sdiff/srl_60        7.9169      0.1     7.9169     0.0000  0.0000  bf16_add_20_DW_rash_J13_0
g_pair[3].u_sc/u_sdiff/sub_47        6.8380      0.1     6.8380     0.0000  0.0000  bf16_add_20_DW01_sub_5
g_pair[3].u_sc/u_sdiff/sub_73        6.3131      0.1     6.3131     0.0000  0.0000  bf16_add_20_DW01_sub_9
g_pair[3].u_sc/u_sterm              46.7872      0.6    13.0054     6.4444  0.0000  bf16_mult_10
g_pair[3].u_sc/u_sterm/add_2_root_add_50_aco    2.3328     0.0    2.3328    0.0000 0.0000 bf16_mult_10_DW01_add_2_DW01_add_213
g_pair[3].u_sc/u_sterm/add_67        2.0995      0.0     2.0995     0.0000  0.0000  bf16_mult_10_DW01_inc_0_DW01_inc_90
g_pair[3].u_sc/u_sterm/mult_36      22.9052      0.3    20.3828     0.0000  0.0000  bf16_mult_10_DW02_mult_0_DW02_mult_9
g_pair[3].u_sc/u_sterm/mult_36/FS_1    2.5223     0.0    2.5223     0.0000  0.0000  bf16_mult_10_DW01_add_1_DW01_add_177
g_pair[3].u_sc/u_sval               66.2953      0.9    33.9860     6.4444  0.0000  bf16_add_18
g_pair[3].u_sc/u_sval/add_72_S2      5.7299      0.1     5.7299     0.0000  0.0000  bf16_add_18_DW01_add_J11_0
g_pair[3].u_sc/u_sval/add_86         1.4434      0.0     1.4434     0.0000  0.0000  bf16_add_18_DW01_inc_1_DW01_inc_88
g_pair[3].u_sc/u_sval/srl_60         6.6922      0.1     6.6922     0.0000  0.0000  bf16_add_18_DW_rash_J10_0
g_pair[3].u_sc/u_sval/sub_47         5.8174      0.1     5.8174     0.0000  0.0000  bf16_add_18_DW01_sub_J11_0
g_pair[3].u_sc/u_sval/sub_73         6.1819      0.1     6.1819     0.0000  0.0000  bf16_add_18_DW01_sub_J12_0
g_pair[4].a_even                    66.3536      0.9    34.0443     6.4444  0.0000  bf16_add_40
g_pair[4].a_even/add_72_S2           5.7299      0.1     5.7299     0.0000  0.0000  bf16_add_40_DW01_add_J10_0
g_pair[4].a_even/add_86              1.4434      0.0     1.4434     0.0000  0.0000  bf16_add_40_DW01_inc_1_DW01_inc_60
g_pair[4].a_even/srl_60              6.6922      0.1     6.6922     0.0000  0.0000  bf16_add_40_DW_rash_J11_0
g_pair[4].a_even/sub_47              5.8174      0.1     5.8174     0.0000  0.0000  bf16_add_40_DW01_sub_4
g_pair[4].a_even/sub_73              6.1819      0.1     6.1819     0.0000  0.0000  bf16_add_40_DW01_sub_J10_0
g_pair[4].a_odd                     66.3536      0.9    34.0443     6.4444  0.0000  bf16_add_39
g_pair[4].a_odd/add_72_S2            5.7299      0.1     5.7299     0.0000  0.0000  bf16_add_39_DW01_add_J12_0
g_pair[4].a_odd/add_86               1.4434      0.0     1.4434     0.0000  0.0000  bf16_add_39_DW01_inc_1_DW01_inc_58
g_pair[4].a_odd/srl_60               6.6922      0.1     6.6922     0.0000  0.0000  bf16_add_39_DW_rash_J10_0
g_pair[4].a_odd/sub_47               5.8174      0.1     5.8174     0.0000  0.0000  bf16_add_39_DW01_sub_4
g_pair[4].a_odd/sub_73               6.1819      0.1     6.1819     0.0000  0.0000  bf16_add_39_DW01_sub_J12_0
g_pair[4].m_ac                      46.8455      0.6    13.0199     6.4444  0.0000  bf16_mult_32
g_pair[4].m_ac/add_2_root_add_50_aco    2.3328     0.0    2.3328    0.0000  0.0000  bf16_mult_32_DW01_add_2_DW01_add_244
g_pair[4].m_ac/add_67                2.0995      0.0     2.0995     0.0000  0.0000  bf16_mult_32_DW01_inc_0_DW01_inc_64
g_pair[4].m_ac/mult_36              22.9489      0.3    20.3828     0.0000  0.0000  bf16_mult_32_DW02_mult_0_DW02_mult_28
g_pair[4].m_ac/mult_36/FS_1          2.5661      0.0     2.5661     0.0000  0.0000  bf16_mult_32_DW01_add_1_DW01_add_202
g_pair[4].m_as                      46.9039      0.6    13.1220     6.4444  0.0000  bf16_mult_30
g_pair[4].m_as/add_2_root_add_50_aco    2.3328     0.0    2.3328    0.0000  0.0000  bf16_mult_30_DW01_add_2_DW01_add_247
g_pair[4].m_as/add_67                2.0995      0.0     2.0995     0.0000  0.0000  bf16_mult_30_DW01_inc_0_DW01_inc_62
g_pair[4].m_as/mult_36              22.9052      0.3    20.3828     0.0000  0.0000  bf16_mult_30_DW02_mult_0_DW02_mult_31
g_pair[4].m_as/mult_36/FS_1          2.5223      0.0     2.5223     0.0000  0.0000  bf16_mult_30_DW01_add_1_DW01_add_205
g_pair[4].m_bc                      46.9039      0.6    13.1220     6.4444  0.0000  bf16_mult_29
g_pair[4].m_bc/add_2_root_add_50_aco    2.3328     0.0    2.3328    0.0000  0.0000  bf16_mult_29_DW01_add_2_DW01_add_245
g_pair[4].m_bc/add_67                2.0995      0.0     2.0995     0.0000  0.0000  bf16_mult_29_DW01_inc_0_DW01_inc_61
g_pair[4].m_bc/mult_36              22.9052      0.3    20.3828     0.0000  0.0000  bf16_mult_29_DW02_mult_0_DW02_mult_29
g_pair[4].m_bc/mult_36/FS_1          2.5223      0.0     2.5223     0.0000  0.0000  bf16_mult_29_DW01_add_1_DW01_add_203
g_pair[4].m_nbs                     46.8455      0.6    13.0199     6.4444  0.0000  bf16_mult_31
g_pair[4].m_nbs/add_2_root_add_50_aco    2.3328     0.0    2.3328    0.0000 0.0000  bf16_mult_31_DW01_add_2_DW01_add_246
g_pair[4].m_nbs/add_67               2.0995      0.0     2.0995     0.0000  0.0000  bf16_mult_31_DW01_inc_0_DW01_inc_63
g_pair[4].m_nbs/mult_36             22.9489      0.3    20.3828     0.0000  0.0000  bf16_mult_31_DW02_mult_0_DW02_mult_30
g_pair[4].m_nbs/mult_36/FS_1         2.5661      0.0     2.5661     0.0000  0.0000  bf16_mult_31_DW01_add_1_DW01_add_204
g_pair[4].u_sc                     567.5119      7.6   142.3737    33.3590  0.0000  sincos_bf16_4
g_pair[4].u_sc/u_cdiff              80.8898      1.1    47.3558     6.4444  0.0000  bf16_add_15
g_pair[4].u_sc/u_cdiff/add_72_S2     5.1322      0.1     5.1322     0.0000  0.0000  bf16_add_15_DW01_add_J7_0
g_pair[4].u_sc/u_cdiff/add_86        1.4434      0.0     1.4434     0.0000  0.0000  bf16_add_15_DW01_inc_1_DW01_inc_73
g_pair[4].u_sc/u_cdiff/srl_60        6.9692      0.1     6.9692     0.0000  0.0000  bf16_add_15_DW_rash_1
g_pair[4].u_sc/u_cdiff/sub_47        6.1528      0.1     6.1528     0.0000  0.0000  bf16_add_15_DW01_sub_J12_0
g_pair[4].u_sc/u_cdiff/sub_73        7.3921      0.1     7.3921     0.0000  0.0000  bf16_add_15_DW01_sub_J66_0
g_pair[4].u_sc/u_cterm              46.7872      0.6    13.0054     6.4444  0.0000  bf16_mult_7
g_pair[4].u_sc/u_cterm/add_2_root_add_50_aco    2.3328     0.0    2.3328    0.0000 0.0000 bf16_mult_7_DW01_add_2_DW01_add_206
g_pair[4].u_sc/u_cterm/add_67        2.0995      0.0     2.0995     0.0000  0.0000  bf16_mult_7_DW01_inc_0_DW01_inc_70
g_pair[4].u_sc/u_cterm/mult_36      22.9052      0.3    20.3828     0.0000  0.0000  bf16_mult_7_DW02_mult_0_DW02_mult_6
g_pair[4].u_sc/u_cterm/mult_36/FS_1    2.5223     0.0    2.5223     0.0000  0.0000  bf16_mult_7_DW01_add_1_DW01_add_174
g_pair[4].u_sc/u_cval               66.2953      0.9    33.9860     6.4444  0.0000  bf16_add_13
g_pair[4].u_sc/u_cval/add_72_S2      5.7299      0.1     5.7299     0.0000  0.0000  bf16_add_13_DW01_add_J11_0
g_pair[4].u_sc/u_cval/add_86         1.4434      0.0     1.4434     0.0000  0.0000  bf16_add_13_DW01_inc_1_DW01_inc_67
g_pair[4].u_sc/u_cval/srl_60         6.6922      0.1     6.6922     0.0000  0.0000  bf16_add_13_DW_rash_J10_0
g_pair[4].u_sc/u_cval/sub_47         5.8174      0.1     5.8174     0.0000  0.0000  bf16_add_13_DW01_sub_J11_0
g_pair[4].u_sc/u_cval/sub_73         6.1819      0.1     6.1819     0.0000  0.0000  bf16_add_13_DW01_sub_J12_0
g_pair[4].u_sc/u_sdiff              84.7244      1.1    50.1844     6.4444  0.0000  bf16_add_16
g_pair[4].u_sc/u_sdiff/add_72_S2     4.9864      0.1     4.9864     0.0000  0.0000  bf16_add_16_DW01_add_2
g_pair[4].u_sc/u_sdiff/add_86        1.4434      0.0     1.4434     0.0000  0.0000  bf16_add_16_DW01_inc_1_DW01_inc_75
g_pair[4].u_sc/u_sdiff/srl_60        8.5293      0.1     8.5293     0.0000  0.0000  bf16_add_16_DW_rash_J15_0
g_pair[4].u_sc/u_sdiff/sub_47        7.0859      0.1     7.0859     0.0000  0.0000  bf16_add_16_DW01_sub_J24_0
g_pair[4].u_sc/u_sdiff/sub_73        6.0507      0.1     6.0507     0.0000  0.0000  bf16_add_16_DW01_sub_J71_0
g_pair[4].u_sc/u_sterm              46.7872      0.6    13.0054     6.4444  0.0000  bf16_mult_8
g_pair[4].u_sc/u_sterm/add_2_root_add_50_aco    2.3328     0.0    2.3328    0.0000 0.0000 bf16_mult_8_DW01_add_2_DW01_add_207
g_pair[4].u_sc/u_sterm/add_67        2.0995      0.0     2.0995     0.0000  0.0000  bf16_mult_8_DW01_inc_0_DW01_inc_71
g_pair[4].u_sc/u_sterm/mult_36      22.9052      0.3    20.3828     0.0000  0.0000  bf16_mult_8_DW02_mult_0_DW02_mult_7
g_pair[4].u_sc/u_sterm/mult_36/FS_1    2.5223     0.0    2.5223     0.0000  0.0000  bf16_mult_8_DW01_add_1_DW01_add_175
g_pair[4].u_sc/u_sval               66.2953      0.9    33.9860     6.4444  0.0000  bf16_add_14
g_pair[4].u_sc/u_sval/add_72_S2      5.7299      0.1     5.7299     0.0000  0.0000  bf16_add_14_DW01_add_J10_0
g_pair[4].u_sc/u_sval/add_86         1.4434      0.0     1.4434     0.0000  0.0000  bf16_add_14_DW01_inc_1_DW01_inc_69
g_pair[4].u_sc/u_sval/srl_60         6.6922      0.1     6.6922     0.0000  0.0000  bf16_add_14_DW_rash_1
g_pair[4].u_sc/u_sval/sub_47         5.8174      0.1     5.8174     0.0000  0.0000  bf16_add_14_DW01_sub_J12_0
g_pair[4].u_sc/u_sval/sub_73         6.1819      0.1     6.1819     0.0000  0.0000  bf16_add_14_DW01_sub_J10_0
g_pair[5].a_even                    66.3536      0.9    34.0443     6.4444  0.0000  bf16_add_38
g_pair[5].a_even/add_72_S2           5.7299      0.1     5.7299     0.0000  0.0000  bf16_add_38_DW01_add_J11_0
g_pair[5].a_even/add_86              1.4434      0.0     1.4434     0.0000  0.0000  bf16_add_38_DW01_inc_1_DW01_inc_41
g_pair[5].a_even/srl_60              6.6922      0.1     6.6922     0.0000  0.0000  bf16_add_38_DW_rash_J12_0
g_pair[5].a_even/sub_47              5.8174      0.1     5.8174     0.0000  0.0000  bf16_add_38_DW01_sub_J11_0
g_pair[5].a_even/sub_73              6.1819      0.1     6.1819     0.0000  0.0000  bf16_add_38_DW01_sub_4
g_pair[5].a_odd                     66.3536      0.9    34.0443     6.4444  0.0000  bf16_add_37
g_pair[5].a_odd/add_72_S2            5.7299      0.1     5.7299     0.0000  0.0000  bf16_add_37_DW01_add_2
g_pair[5].a_odd/add_86               1.4434      0.0     1.4434     0.0000  0.0000  bf16_add_37_DW01_inc_1_DW01_inc_39
g_pair[5].a_odd/srl_60               6.6922      0.1     6.6922     0.0000  0.0000  bf16_add_37_DW_rash_J11_0
g_pair[5].a_odd/sub_47               5.8174      0.1     5.8174     0.0000  0.0000  bf16_add_37_DW01_sub_4
g_pair[5].a_odd/sub_73               6.1819      0.1     6.1819     0.0000  0.0000  bf16_add_37_DW01_sub_J10_0
g_pair[5].m_ac                      46.8455      0.6    13.0199     6.4444  0.0000  bf16_mult_28
g_pair[5].m_ac/add_2_root_add_50_aco    2.3328     0.0    2.3328    0.0000  0.0000  bf16_mult_28_DW01_add_2_DW01_add_240
g_pair[5].m_ac/add_67                2.0995      0.0     2.0995     0.0000  0.0000  bf16_mult_28_DW01_inc_0_DW01_inc_45
g_pair[5].m_ac/mult_36              22.9489      0.3    20.3828     0.0000  0.0000  bf16_mult_28_DW02_mult_0_DW02_mult_24
g_pair[5].m_ac/mult_36/FS_1          2.5661      0.0     2.5661     0.0000  0.0000  bf16_mult_28_DW01_add_1_DW01_add_196
g_pair[5].m_as                      46.9039      0.6    13.1220     6.4444  0.0000  bf16_mult_26
g_pair[5].m_as/add_2_root_add_50_aco    2.3328     0.0    2.3328    0.0000  0.0000  bf16_mult_26_DW01_add_2_DW01_add_243
g_pair[5].m_as/add_67                2.0995      0.0     2.0995     0.0000  0.0000  bf16_mult_26_DW01_inc_0_DW01_inc_43
g_pair[5].m_as/mult_36              22.9052      0.3    20.3828     0.0000  0.0000  bf16_mult_26_DW02_mult_0_DW02_mult_27
g_pair[5].m_as/mult_36/FS_1          2.5223      0.0     2.5223     0.0000  0.0000  bf16_mult_26_DW01_add_1_DW01_add_199
g_pair[5].m_bc                      46.9039      0.6    13.1220     6.4444  0.0000  bf16_mult_25
g_pair[5].m_bc/add_2_root_add_50_aco    2.3328     0.0    2.3328    0.0000  0.0000  bf16_mult_25_DW01_add_2_DW01_add_241
g_pair[5].m_bc/add_67                2.0995      0.0     2.0995     0.0000  0.0000  bf16_mult_25_DW01_inc_0_DW01_inc_42
g_pair[5].m_bc/mult_36              22.9052      0.3    20.3828     0.0000  0.0000  bf16_mult_25_DW02_mult_0_DW02_mult_25
g_pair[5].m_bc/mult_36/FS_1          2.5223      0.0     2.5223     0.0000  0.0000  bf16_mult_25_DW01_add_1_DW01_add_197
g_pair[5].m_nbs                     46.8455      0.6    13.0199     6.4444  0.0000  bf16_mult_27
g_pair[5].m_nbs/add_2_root_add_50_aco    2.3328     0.0    2.3328    0.0000 0.0000  bf16_mult_27_DW01_add_2_DW01_add_242
g_pair[5].m_nbs/add_67               2.0995      0.0     2.0995     0.0000  0.0000  bf16_mult_27_DW01_inc_0_DW01_inc_44
g_pair[5].m_nbs/mult_36             22.9489      0.3    20.3828     0.0000  0.0000  bf16_mult_27_DW02_mult_0_DW02_mult_26
g_pair[5].m_nbs/mult_36/FS_1         2.5661      0.0     2.5661     0.0000  0.0000  bf16_mult_27_DW01_add_1_DW01_add_198
g_pair[5].u_sc                     569.4656      7.6   142.1550    33.3590  0.0000  sincos_bf16_3
g_pair[5].u_sc/u_cdiff              82.3333      1.1    47.3850     6.4444  0.0000  bf16_add_11
g_pair[5].u_sc/u_cdiff/add_72_S2     5.3509      0.1     5.3509     0.0000  0.0000  bf16_add_11_DW01_add_J9_0
g_pair[5].u_sc/u_cdiff/add_86        1.4434      0.0     1.4434     0.0000  0.0000  bf16_add_11_DW01_inc_1_DW01_inc_54
g_pair[5].u_sc/u_cdiff/srl_60        7.2171      0.1     7.2171     0.0000  0.0000  bf16_add_11_DW_rash_1
g_pair[5].u_sc/u_cdiff/sub_47        7.2025      0.1     7.2025     0.0000  0.0000  bf16_add_11_DW01_sub_J10_0
g_pair[5].u_sc/u_cdiff/sub_73        7.2900      0.1     7.2900     0.0000  0.0000  bf16_add_11_DW01_sub_J64_0
g_pair[5].u_sc/u_cterm              46.7872      0.6    13.0054     6.4444  0.0000  bf16_mult_5
g_pair[5].u_sc/u_cterm/add_2_root_add_50_aco    2.3328     0.0    2.3328    0.0000 0.0000 bf16_mult_5_DW01_add_2_DW01_add_200
g_pair[5].u_sc/u_cterm/add_67        2.0995      0.0     2.0995     0.0000  0.0000  bf16_mult_5_DW01_inc_0_DW01_inc_51
g_pair[5].u_sc/u_cterm/mult_36      22.9052      0.3    20.3828     0.0000  0.0000  bf16_mult_5_DW02_mult_0_DW02_mult_4
g_pair[5].u_sc/u_cterm/mult_36/FS_1    2.5223     0.0    2.5223     0.0000  0.0000  bf16_mult_5_DW01_add_1_DW01_add_172
g_pair[5].u_sc/u_cval               66.2953      0.9    33.9860     6.4444  0.0000  bf16_add_9
g_pair[5].u_sc/u_cval/add_72_S2      5.7299      0.1     5.7299     0.0000  0.0000  bf16_add_9_DW01_add_J12_0
g_pair[5].u_sc/u_cval/add_86         1.4434      0.0     1.4434     0.0000  0.0000  bf16_add_9_DW01_inc_1_DW01_inc_48
g_pair[5].u_sc/u_cval/srl_60         6.6922      0.1     6.6922     0.0000  0.0000  bf16_add_9_DW_rash_1
g_pair[5].u_sc/u_cval/sub_47         5.8174      0.1     5.8174     0.0000  0.0000  bf16_add_9_DW01_sub_J12_0
g_pair[5].u_sc/u_cval/sub_73         6.1819      0.1     6.1819     0.0000  0.0000  bf16_add_9_DW01_sub_J10_0
g_pair[5].u_sc/u_sdiff              85.4534      1.1    49.9657     6.4444  0.0000  bf16_add_12
g_pair[5].u_sc/u_sdiff/add_72_S2     5.7591      0.1     5.7591     0.0000  0.0000  bf16_add_12_DW01_add_J8_0
g_pair[5].u_sc/u_sdiff/add_86        1.4434      0.0     1.4434     0.0000  0.0000  bf16_add_12_DW01_inc_1_DW01_inc_56
g_pair[5].u_sc/u_sdiff/srl_60        8.3398      0.1     8.3398     0.0000  0.0000  bf16_add_12_DW_rash_J14_0
g_pair[5].u_sc/u_sdiff/sub_47        7.1442      0.1     7.1442     0.0000  0.0000  bf16_add_12_DW01_sub_J23_0
g_pair[5].u_sc/u_sdiff/sub_73        6.3569      0.1     6.3569     0.0000  0.0000  bf16_add_12_DW01_sub_J70_0
g_pair[5].u_sc/u_sterm              46.7872      0.6    13.0054     6.4444  0.0000  bf16_mult_6
g_pair[5].u_sc/u_sterm/add_2_root_add_50_aco    2.3328     0.0    2.3328    0.0000 0.0000 bf16_mult_6_DW01_add_2_DW01_add_201
g_pair[5].u_sc/u_sterm/add_67        2.0995      0.0     2.0995     0.0000  0.0000  bf16_mult_6_DW01_inc_0_DW01_inc_52
g_pair[5].u_sc/u_sterm/mult_36      22.9052      0.3    20.3828     0.0000  0.0000  bf16_mult_6_DW02_mult_0_DW02_mult_5
g_pair[5].u_sc/u_sterm/mult_36/FS_1    2.5223     0.0    2.5223     0.0000  0.0000  bf16_mult_6_DW01_add_1_DW01_add_173
g_pair[5].u_sc/u_sval               66.2953      0.9    33.9860     6.4444  0.0000  bf16_add_10
g_pair[5].u_sc/u_sval/add_72_S2      5.7299      0.1     5.7299     0.0000  0.0000  bf16_add_10_DW01_add_2
g_pair[5].u_sc/u_sval/add_86         1.4434      0.0     1.4434     0.0000  0.0000  bf16_add_10_DW01_inc_1_DW01_inc_50
g_pair[5].u_sc/u_sval/srl_60         6.6922      0.1     6.6922     0.0000  0.0000  bf16_add_10_DW_rash_J11_0
g_pair[5].u_sc/u_sval/sub_47         5.8174      0.1     5.8174     0.0000  0.0000  bf16_add_10_DW01_sub_4
g_pair[5].u_sc/u_sval/sub_73         6.1819      0.1     6.1819     0.0000  0.0000  bf16_add_10_DW01_sub_J12_0
g_pair[6].a_even                    66.3536      0.9    34.0443     6.4444  0.0000  bf16_add_36
g_pair[6].a_even/add_72_S2           5.7299      0.1     5.7299     0.0000  0.0000  bf16_add_36_DW01_add_J12_0
g_pair[6].a_even/add_86              1.4434      0.0     1.4434     0.0000  0.0000  bf16_add_36_DW01_inc_1_DW01_inc_22
g_pair[6].a_even/srl_60              6.6922      0.1     6.6922     0.0000  0.0000  bf16_add_36_DW_rash_1
g_pair[6].a_even/sub_47              5.8174      0.1     5.8174     0.0000  0.0000  bf16_add_36_DW01_sub_J10_0
g_pair[6].a_even/sub_73              6.1819      0.1     6.1819     0.0000  0.0000  bf16_add_36_DW01_sub_J12_0
g_pair[6].a_odd                     66.3536      0.9    34.0443     6.4444  0.0000  bf16_add_35
g_pair[6].a_odd/add_72_S2            5.7299      0.1     5.7299     0.0000  0.0000  bf16_add_35_DW01_add_J11_0
g_pair[6].a_odd/add_86               1.4434      0.0     1.4434     0.0000  0.0000  bf16_add_35_DW01_inc_1_DW01_inc_20
g_pair[6].a_odd/srl_60               6.6922      0.1     6.6922     0.0000  0.0000  bf16_add_35_DW_rash_J12_0
g_pair[6].a_odd/sub_47               5.8174      0.1     5.8174     0.0000  0.0000  bf16_add_35_DW01_sub_J11_0
g_pair[6].a_odd/sub_73               6.1819      0.1     6.1819     0.0000  0.0000  bf16_add_35_DW01_sub_J10_0
g_pair[6].m_ac                      46.8455      0.6    13.0199     6.4444  0.0000  bf16_mult_24
g_pair[6].m_ac/add_2_root_add_50_aco    2.3328     0.0    2.3328    0.0000  0.0000  bf16_mult_24_DW01_add_2_DW01_add_236
g_pair[6].m_ac/add_67                2.0995      0.0     2.0995     0.0000  0.0000  bf16_mult_24_DW01_inc_0_DW01_inc_26
g_pair[6].m_ac/mult_36              22.9489      0.3    20.3828     0.0000  0.0000  bf16_mult_24_DW02_mult_0_DW02_mult_20
g_pair[6].m_ac/mult_36/FS_1          2.5661      0.0     2.5661     0.0000  0.0000  bf16_mult_24_DW01_add_1_DW01_add_190
g_pair[6].m_as                      46.8455      0.6    13.0199     6.4444  0.0000  bf16_mult_22
g_pair[6].m_as/add_2_root_add_50_aco    2.3328     0.0    2.3328    0.0000  0.0000  bf16_mult_22_DW01_add_2_DW01_add_239
g_pair[6].m_as/add_67                2.0995      0.0     2.0995     0.0000  0.0000  bf16_mult_22_DW01_inc_0_DW01_inc_24
g_pair[6].m_as/mult_36              22.9489      0.3    20.3828     0.0000  0.0000  bf16_mult_22_DW02_mult_0_DW02_mult_23
g_pair[6].m_as/mult_36/FS_1          2.5661      0.0     2.5661     0.0000  0.0000  bf16_mult_22_DW01_add_1_DW01_add_193
g_pair[6].m_bc                      46.9039      0.6    13.1220     6.4444  0.0000  bf16_mult_21
g_pair[6].m_bc/add_2_root_add_50_aco    2.3328     0.0    2.3328    0.0000  0.0000  bf16_mult_21_DW01_add_2_DW01_add_237
g_pair[6].m_bc/add_67                2.0995      0.0     2.0995     0.0000  0.0000  bf16_mult_21_DW01_inc_0_DW01_inc_23
g_pair[6].m_bc/mult_36              22.9052      0.3    20.3828     0.0000  0.0000  bf16_mult_21_DW02_mult_0_DW02_mult_21
g_pair[6].m_bc/mult_36/FS_1          2.5223      0.0     2.5223     0.0000  0.0000  bf16_mult_21_DW01_add_1_DW01_add_191
g_pair[6].m_nbs                     46.9039      0.6    13.1220     6.4444  0.0000  bf16_mult_23
g_pair[6].m_nbs/add_2_root_add_50_aco    2.3328     0.0    2.3328    0.0000 0.0000  bf16_mult_23_DW01_add_2_DW01_add_238
g_pair[6].m_nbs/add_67               2.0995      0.0     2.0995     0.0000  0.0000  bf16_mult_23_DW01_inc_0_DW01_inc_25
g_pair[6].m_nbs/mult_36             22.9052      0.3    20.3828     0.0000  0.0000  bf16_mult_23_DW02_mult_0_DW02_mult_22
g_pair[6].m_nbs/mult_36/FS_1         2.5223      0.0     2.5223     0.0000  0.0000  bf16_mult_23_DW01_add_1_DW01_add_192
g_pair[6].u_sc                     567.6140      7.6   141.5426    33.3590  0.0000  sincos_bf16_2
g_pair[6].u_sc/u_cdiff              81.9542      1.1    46.6560     6.4444  0.0000  bf16_add_7
g_pair[6].u_sc/u_cdiff/add_72_S2     5.1613      0.1     5.1613     0.0000  0.0000  bf16_add_7_DW01_add_J7_0
g_pair[6].u_sc/u_cdiff/add_86        1.4434      0.0     1.4434     0.0000  0.0000  bf16_add_7_DW01_inc_1_DW01_inc_35
g_pair[6].u_sc/u_cdiff/srl_60        7.2900      0.1     7.2900     0.0000  0.0000  bf16_add_7_DW_rash_1
g_pair[6].u_sc/u_cdiff/sub_47        7.5087      0.1     7.5087     0.0000  0.0000  bf16_add_7_DW01_sub_4
g_pair[6].u_sc/u_cdiff/sub_73        7.4504      0.1     7.4504     0.0000  0.0000  bf16_add_7_DW01_sub_J65_0
g_pair[6].u_sc/u_cterm              46.7872      0.6    13.0054     6.4444  0.0000  bf16_mult_3
g_pair[6].u_sc/u_cterm/add_2_root_add_50_aco    2.3328     0.0    2.3328    0.0000 0.0000 bf16_mult_3_DW01_add_2_DW01_add_194
g_pair[6].u_sc/u_cterm/add_67        2.0995      0.0     2.0995     0.0000  0.0000  bf16_mult_3_DW01_inc_0_DW01_inc_32
g_pair[6].u_sc/u_cterm/mult_36      22.9052      0.3    20.3828     0.0000  0.0000  bf16_mult_3_DW02_mult_0_DW02_mult_2
g_pair[6].u_sc/u_cterm/mult_36/FS_1    2.5223     0.0    2.5223     0.0000  0.0000  bf16_mult_3_DW01_add_1_DW01_add_170
g_pair[6].u_sc/u_cval               66.2953      0.9    33.9860     6.4444  0.0000  bf16_add_5
g_pair[6].u_sc/u_cval/add_72_S2      5.7299      0.1     5.7299     0.0000  0.0000  bf16_add_5_DW01_add_J11_0
g_pair[6].u_sc/u_cval/add_86         1.4434      0.0     1.4434     0.0000  0.0000  bf16_add_5_DW01_inc_1_DW01_inc_29
g_pair[6].u_sc/u_cval/srl_60         6.6922      0.1     6.6922     0.0000  0.0000  bf16_add_5_DW_rash_J10_0
g_pair[6].u_sc/u_cval/sub_47         5.8174      0.1     5.8174     0.0000  0.0000  bf16_add_5_DW01_sub_J11_0
g_pair[6].u_sc/u_cval/sub_73         6.1819      0.1     6.1819     0.0000  0.0000  bf16_add_5_DW01_sub_4
g_pair[6].u_sc/u_sdiff              84.5932      1.1    50.3010     6.4444  0.0000  bf16_add_8
g_pair[6].u_sc/u_sdiff/add_72_S2     5.1759      0.1     5.1759     0.0000  0.0000  bf16_add_8_DW01_add_2
g_pair[6].u_sc/u_sdiff/add_86        1.4434      0.0     1.4434     0.0000  0.0000  bf16_add_8_DW01_inc_1_DW01_inc_37
g_pair[6].u_sc/u_sdiff/srl_60        8.3106      0.1     8.3106     0.0000  0.0000  bf16_add_8_DW_rash_J13_0
g_pair[6].u_sc/u_sdiff/sub_47        6.8672      0.1     6.8672     0.0000  0.0000  bf16_add_8_DW01_sub_J22_0
g_pair[6].u_sc/u_sdiff/sub_73        6.0507      0.1     6.0507     0.0000  0.0000  bf16_add_8_DW01_sub_J72_0
g_pair[6].u_sc/u_sterm              46.7872      0.6    13.0054     6.4444  0.0000  bf16_mult_4
g_pair[6].u_sc/u_sterm/add_2_root_add_50_aco    2.3328     0.0    2.3328    0.0000 0.0000 bf16_mult_4_DW01_add_2_DW01_add_195
g_pair[6].u_sc/u_sterm/add_67        2.0995      0.0     2.0995     0.0000  0.0000  bf16_mult_4_DW01_inc_0_DW01_inc_33
g_pair[6].u_sc/u_sterm/mult_36      22.9052      0.3    20.3828     0.0000  0.0000  bf16_mult_4_DW02_mult_0_DW02_mult_3
g_pair[6].u_sc/u_sterm/mult_36/FS_1    2.5223     0.0    2.5223     0.0000  0.0000  bf16_mult_4_DW01_add_1_DW01_add_171
g_pair[6].u_sc/u_sval               66.2953      0.9    33.9860     6.4444  0.0000  bf16_add_6
g_pair[6].u_sc/u_sval/add_72_S2      5.7299      0.1     5.7299     0.0000  0.0000  bf16_add_6_DW01_add_J10_0
g_pair[6].u_sc/u_sval/add_86         1.4434      0.0     1.4434     0.0000  0.0000  bf16_add_6_DW01_inc_1_DW01_inc_31
g_pair[6].u_sc/u_sval/srl_60         6.6922      0.1     6.6922     0.0000  0.0000  bf16_add_6_DW_rash_J12_0
g_pair[6].u_sc/u_sval/sub_47         5.8174      0.1     5.8174     0.0000  0.0000  bf16_add_6_DW01_sub_J10_0
g_pair[6].u_sc/u_sval/sub_73         6.1819      0.1     6.1819     0.0000  0.0000  bf16_add_6_DW01_sub_J11_0
g_pair[7].a_even                    66.3536      0.9    34.0443     6.4444  0.0000  bf16_add_34
g_pair[7].a_even/add_72_S2           5.7299      0.1     5.7299     0.0000  0.0000  bf16_add_34_DW01_add_2
g_pair[7].a_even/add_86              1.4434      0.0     1.4434     0.0000  0.0000  bf16_add_34_DW01_inc_1_DW01_inc_3
g_pair[7].a_even/srl_60              6.6922      0.1     6.6922     0.0000  0.0000  bf16_add_34_DW_rash_J11_0
g_pair[7].a_even/sub_47              5.8174      0.1     5.8174     0.0000  0.0000  bf16_add_34_DW01_sub_4
g_pair[7].a_even/sub_73              6.1819      0.1     6.1819     0.0000  0.0000  bf16_add_34_DW01_sub_J10_0
g_pair[7].a_odd                     66.3536      0.9    34.0443     6.4444  0.0000  bf16_add_33
g_pair[7].a_odd/add_72_S2            5.7299      0.1     5.7299     0.0000  0.0000  bf16_add_33_DW01_add_J12_0
g_pair[7].a_odd/add_86               1.4434      0.0     1.4434     0.0000  0.0000  bf16_add_33_DW01_inc_1
g_pair[7].a_odd/srl_60               6.6922      0.1     6.6922     0.0000  0.0000  bf16_add_33_DW_rash_1
g_pair[7].a_odd/sub_47               5.8174      0.1     5.8174     0.0000  0.0000  bf16_add_33_DW01_sub_J10_0
g_pair[7].a_odd/sub_73               6.1819      0.1     6.1819     0.0000  0.0000  bf16_add_33_DW01_sub_J12_0
g_pair[7].m_ac                      46.8455      0.6    13.0199     6.4444  0.0000  bf16_mult_20
g_pair[7].m_ac/add_2_root_add_50_aco    2.3328     0.0    2.3328    0.0000  0.0000  bf16_mult_20_DW01_add_2_DW01_add_232
g_pair[7].m_ac/add_67                2.0995      0.0     2.0995     0.0000  0.0000  bf16_mult_20_DW01_inc_0_DW01_inc_7
g_pair[7].m_ac/mult_36              22.9489      0.3    20.3828     0.0000  0.0000  bf16_mult_20_DW02_mult_0_DW02_mult_16
g_pair[7].m_ac/mult_36/FS_1          2.5661      0.0     2.5661     0.0000  0.0000  bf16_mult_20_DW01_add_1_DW01_add_184
g_pair[7].m_as                      46.8455      0.6    13.0199     6.4444  0.0000  bf16_mult_18
g_pair[7].m_as/add_2_root_add_50_aco    2.3328     0.0    2.3328    0.0000  0.0000  bf16_mult_18_DW01_add_2_DW01_add_235
g_pair[7].m_as/add_67                2.0995      0.0     2.0995     0.0000  0.0000  bf16_mult_18_DW01_inc_0_DW01_inc_5
g_pair[7].m_as/mult_36              22.9489      0.3    20.3828     0.0000  0.0000  bf16_mult_18_DW02_mult_0_DW02_mult_19
g_pair[7].m_as/mult_36/FS_1          2.5661      0.0     2.5661     0.0000  0.0000  bf16_mult_18_DW01_add_1_DW01_add_187
g_pair[7].m_bc                      46.9039      0.6    13.1220     6.4444  0.0000  bf16_mult_17
g_pair[7].m_bc/add_2_root_add_50_aco    2.3328     0.0    2.3328    0.0000  0.0000  bf16_mult_17_DW01_add_2_DW01_add_233
g_pair[7].m_bc/add_67                2.0995      0.0     2.0995     0.0000  0.0000  bf16_mult_17_DW01_inc_0_DW01_inc_4
g_pair[7].m_bc/mult_36              22.9052      0.3    20.3828     0.0000  0.0000  bf16_mult_17_DW02_mult_0_DW02_mult_17
g_pair[7].m_bc/mult_36/FS_1          2.5223      0.0     2.5223     0.0000  0.0000  bf16_mult_17_DW01_add_1_DW01_add_185
g_pair[7].m_nbs                     46.9039      0.6    13.1220     6.4444  0.0000  bf16_mult_19
g_pair[7].m_nbs/add_2_root_add_50_aco    2.3328     0.0    2.3328    0.0000 0.0000  bf16_mult_19_DW01_add_2_DW01_add_234
g_pair[7].m_nbs/add_67               2.0995      0.0     2.0995     0.0000  0.0000  bf16_mult_19_DW01_inc_0_DW01_inc_6
g_pair[7].m_nbs/mult_36             22.9052      0.3    20.3828     0.0000  0.0000  bf16_mult_19_DW02_mult_0_DW02_mult_18
g_pair[7].m_nbs/mult_36/FS_1         2.5223      0.0     2.5223     0.0000  0.0000  bf16_mult_19_DW01_add_1_DW01_add_186
g_pair[7].u_sc                     565.2520      7.6   141.5135    33.3590  0.0000  sincos_bf16_1
g_pair[7].u_sc/u_cdiff              80.8315      1.1    44.0899     6.4444  0.0000  bf16_add_3
g_pair[7].u_sc/u_cdiff/add_130       2.2307      0.0     2.2307     0.0000  0.0000  bf16_add_3_DW01_inc_J66_0
g_pair[7].u_sc/u_cdiff/add_72_S2     5.4967      0.1     5.4967     0.0000  0.0000  bf16_add_3_DW01_add_J9_0
g_pair[7].u_sc/u_cdiff/add_86        1.4434      0.0     1.4434     0.0000  0.0000  bf16_add_3_DW01_inc_1_DW01_inc_16
g_pair[7].u_sc/u_cdiff/srl_60        7.0421      0.1     7.0421     0.0000  0.0000  bf16_add_3_DW_rash_1
g_pair[7].u_sc/u_cdiff/sub_47        6.6485      0.1     6.6485     0.0000  0.0000  bf16_add_3_DW01_sub_J11_0
g_pair[7].u_sc/u_cdiff/sub_73        7.4358      0.1     7.4358     0.0000  0.0000  bf16_add_3_DW01_sub_6
g_pair[7].u_sc/u_cterm              46.7872      0.6    13.0054     6.4444  0.0000  bf16_mult_1
g_pair[7].u_sc/u_cterm/add_2_root_add_50_aco    2.3328     0.0    2.3328    0.0000 0.0000 bf16_mult_1_DW01_add_2_DW01_add_188
g_pair[7].u_sc/u_cterm/add_67        2.0995      0.0     2.0995     0.0000  0.0000  bf16_mult_1_DW01_inc_0_DW01_inc_13
g_pair[7].u_sc/u_cterm/mult_36      22.9052      0.3    20.3828     0.0000  0.0000  bf16_mult_1_DW02_mult_0
g_pair[7].u_sc/u_cterm/mult_36/FS_1    2.5223     0.0    2.5223     0.0000  0.0000  bf16_mult_1_DW01_add_1_DW01_add_168
g_pair[7].u_sc/u_cval               66.2953      0.9    33.9860     6.4444  0.0000  bf16_add_1
g_pair[7].u_sc/u_cval/add_72_S2      5.7299      0.1     5.7299     0.0000  0.0000  bf16_add_1_DW01_add_J12_0
g_pair[7].u_sc/u_cval/add_86         1.4434      0.0     1.4434     0.0000  0.0000  bf16_add_1_DW01_inc_1_DW01_inc_10
g_pair[7].u_sc/u_cval/srl_60         6.6922      0.1     6.6922     0.0000  0.0000  bf16_add_1_DW_rash_1
g_pair[7].u_sc/u_cval/sub_47         5.8174      0.1     5.8174     0.0000  0.0000  bf16_add_1_DW01_sub_J10_0
g_pair[7].u_sc/u_cval/sub_73         6.1819      0.1     6.1819     0.0000  0.0000  bf16_add_1_DW01_sub_J12_0
g_pair[7].u_sc/u_sdiff              83.3830      1.1    48.2890     6.4444  0.0000  bf16_add_4
g_pair[7].u_sc/u_sdiff/add_72_S2     5.5404      0.1     5.5404     0.0000  0.0000  bf16_add_4_DW01_add_J8_0
g_pair[7].u_sc/u_sdiff/add_86        1.4434      0.0     1.4434     0.0000  0.0000  bf16_add_4_DW01_inc_1_DW01_inc_18
g_pair[7].u_sc/u_sdiff/srl_60        8.2085      0.1     8.2085     0.0000  0.0000  bf16_add_4_DW_rash_J15_0
g_pair[7].u_sc/u_sdiff/sub_47        6.9692      0.1     6.9692     0.0000  0.0000  bf16_add_4_DW01_sub_5
g_pair[7].u_sc/u_sdiff/sub_73        6.4881      0.1     6.4881     0.0000  0.0000  bf16_add_4_DW01_sub_J70_0
g_pair[7].u_sc/u_sterm              46.7872      0.6    13.0054     6.4444  0.0000  bf16_mult_2
g_pair[7].u_sc/u_sterm/add_2_root_add_50_aco    2.3328     0.0    2.3328    0.0000 0.0000 bf16_mult_2_DW01_add_2_DW01_add_189
g_pair[7].u_sc/u_sterm/add_67        2.0995      0.0     2.0995     0.0000  0.0000  bf16_mult_2_DW01_inc_0_DW01_inc_14
g_pair[7].u_sc/u_sterm/mult_36      22.9052      0.3    20.3828     0.0000  0.0000  bf16_mult_2_DW02_mult_0_DW02_mult_1
g_pair[7].u_sc/u_sterm/mult_36/FS_1    2.5223     0.0    2.5223     0.0000  0.0000  bf16_mult_2_DW01_add_1_DW01_add_169
g_pair[7].u_sc/u_sval               66.2953      0.9    33.9860     6.4444  0.0000  bf16_add_2
g_pair[7].u_sc/u_sval/add_72_S2      5.7299      0.1     5.7299     0.0000  0.0000  bf16_add_2_DW01_add_2
g_pair[7].u_sc/u_sval/add_86         1.4434      0.0     1.4434     0.0000  0.0000  bf16_add_2_DW01_inc_1_DW01_inc_12
g_pair[7].u_sc/u_sval/srl_60         6.6922      0.1     6.6922     0.0000  0.0000  bf16_add_2_DW_rash_J11_0
g_pair[7].u_sc/u_sval/sub_47         5.8174      0.1     5.8174     0.0000  0.0000  bf16_add_2_DW01_sub_J12_0
g_pair[7].u_sc/u_sval/sub_73         6.1819      0.1     6.1819     0.0000  0.0000  bf16_add_2_DW01_sub_4
--------------------------------  ---------  -------  ---------  ---------  ------  -------------------------------------
Total                                                 6283.2947  1176.6643  0.0000

1
