 
****************************************
Report : area
Design : mq_pe_16x2_d32
Version: P-2019.03-SP5-6
Date   : Fri Aug 28 23:32:39 2026
****************************************

Library(s) Used:

    asap7sc7p5t_INVBUF_RVT_TT_nldm_211120 (File: /thu-bloor/xinyao-w23/kvpim-rtl/third_party/asap7_lib/db/asap7sc7p5t_INVBUF_RVT_TT_nldm_211120.db)
    asap7sc7p5t_SIMPLE_RVT_TT_nldm_211120 (File: /thu-bloor/xinyao-w23/kvpim-rtl/third_party/asap7_lib/db/asap7sc7p5t_SIMPLE_RVT_TT_nldm_211120.db)
    asap7sc7p5t_OA_RVT_TT_nldm_211120 (File: /thu-bloor/xinyao-w23/kvpim-rtl/third_party/asap7_lib/db/asap7sc7p5t_OA_RVT_TT_nldm_211120.db)
    asap7sc7p5t_AO_RVT_TT_nldm_211120 (File: /thu-bloor/xinyao-w23/kvpim-rtl/third_party/asap7_lib/db/asap7sc7p5t_AO_RVT_TT_nldm_211120.db)
    asap7sc7p5t_SEQ_RVT_TT_nldm_220123 (File: /thu-bloor/xinyao-w23/kvpim-rtl/third_party/asap7_lib/db/asap7sc7p5t_SEQ_RVT_TT_nldm_220123.db)

Number of ports:                         7695
Number of nets:                        106994
Number of cells:                        98707
Number of combinational cells:          77947
Number of sequential cells:             20658
Number of macros/black boxes:               0
Number of buf/inv:                      20788
Number of references:                       1

Combinational area:               6084.336065
Buf/Inv area:                     1026.898571
Noncombinational area:            6096.728838
Macro/Black Box area:                0.000000
Net Interconnect area:      undefined  (No wire load specified)

Total cell area:                 12181.064903
Total area:                 undefined

Hierarchical area distribution
------------------------------

                                  Global cell area           Local cell area
                                  -------------------  ---------------------------- 
Hierarchical cell                 Absolute    Percent  Combi-     Noncombi-  Black-
                                  Total       Total    national   national   boxes   Design
--------------------------------  ----------  -------  ---------  ---------  ------  ----------------------------------------------------
mq_pe_16x2_d32                    12181.0649    100.0     0.0000     0.0000  0.0000  mq_pe_16x2_d32
u_pe                              12181.0649    100.0  2438.3738  3262.1291  0.0000  mq_bank_pe_N_Q16_N_C2_VEC_DEPTH32
u_pe/u_ctx_acc                       88.8505      0.7    61.1339    11.0079  0.0000  fp16_add_piped_NUM_PIPE2_16
u_pe/u_ctx_acc/add_76_S2              8.0336      0.1     8.0336     0.0000  0.0000  fp16_add_piped_NUM_PIPE2_16_DW01_add_7
u_pe/u_ctx_acc/sub_77                 8.6751      0.1     8.6751     0.0000  0.0000  fp16_add_piped_NUM_PIPE2_16_DW01_sub_14
u_pe/u_score_acc                     89.7545      0.7    61.7171    10.7455  0.0000  fp16_add_piped_NUM_PIPE2_0
u_pe/u_score_acc/add_76_S2            7.5233      0.1     7.5233     0.0000  0.0000  fp16_add_piped_NUM_PIPE2_0_DW01_add_2
u_pe/u_score_acc/sub_77               9.7686      0.1     9.7686     0.0000  0.0000  fp16_add_piped_NUM_PIPE2_0_DW01_sub_11
u_pe/u_tree                        2355.0782     19.3     0.2916     0.0000  0.0000  mac_tree16_piped_MPIPE2_APIPE2
u_pe/u_tree/g_l1[0].u_add            75.5827      0.6    48.3473    11.4599  0.0000  fp16_add_piped_NUM_PIPE2_15
u_pe/u_tree/g_l1[0].u_add/add_76_S2     7.3337     0.1    7.3337     0.0000  0.0000  fp16_add_piped_NUM_PIPE2_15_DW01_add_2
u_pe/u_tree/g_l1[0].u_add/sub_77      8.4418      0.1     8.4418     0.0000  0.0000  fp16_add_piped_NUM_PIPE2_15_DW01_sub_6
u_pe/u_tree/g_l1[1].u_add            75.1599      0.6    47.9390    11.4453  0.0000  fp16_add_piped_NUM_PIPE2_14
u_pe/u_tree/g_l1[1].u_add/add_76_S2     7.5379     0.1    7.5379     0.0000  0.0000  fp16_add_piped_NUM_PIPE2_14_DW01_add_2
u_pe/u_tree/g_l1[1].u_add/sub_77      8.2377      0.1     8.2377     0.0000  0.0000  fp16_add_piped_NUM_PIPE2_14_DW01_sub_6
u_pe/u_tree/g_l1[2].u_add            74.7954      0.6    47.4725    11.3578  0.0000  fp16_add_piped_NUM_PIPE2_13
u_pe/u_tree/g_l1[2].u_add/add_76_S2     7.6545     0.1    7.6545     0.0000  0.0000  fp16_add_piped_NUM_PIPE2_13_DW01_add_2
u_pe/u_tree/g_l1[2].u_add/sub_77      8.3106      0.1     8.3106     0.0000  0.0000  fp16_add_piped_NUM_PIPE2_13_DW01_sub_6
u_pe/u_tree/g_l1[3].u_add            75.0578      0.6    47.5891    11.4307  0.0000  fp16_add_piped_NUM_PIPE2_12
u_pe/u_tree/g_l1[3].u_add/add_76_S2     7.3921     0.1    7.3921     0.0000  0.0000  fp16_add_piped_NUM_PIPE2_12_DW01_add_2
u_pe/u_tree/g_l1[3].u_add/sub_77      8.6459      0.1     8.6459     0.0000  0.0000  fp16_add_piped_NUM_PIPE2_12_DW01_sub_6
u_pe/u_tree/g_l1[4].u_add            75.4515      0.6    48.1577    11.4599  0.0000  fp16_add_piped_NUM_PIPE2_11
u_pe/u_tree/g_l1[4].u_add/add_76_S2     7.4358     0.1    7.4358     0.0000  0.0000  fp16_add_piped_NUM_PIPE2_11_DW01_add_2
u_pe/u_tree/g_l1[4].u_add/sub_77      8.3981      0.1     8.3981     0.0000  0.0000  fp16_add_piped_NUM_PIPE2_11_DW01_sub_6
u_pe/u_tree/g_l1[5].u_add            71.8357      0.6    45.2417    10.8621  0.0000  fp16_add_piped_NUM_PIPE2_10
u_pe/u_tree/g_l1[5].u_add/add_76_S2     7.4795     0.1    7.4795     0.0000  0.0000  fp16_add_piped_NUM_PIPE2_10_DW01_add_2
u_pe/u_tree/g_l1[5].u_add/sub_77      8.2523      0.1     8.2523     0.0000  0.0000  fp16_add_piped_NUM_PIPE2_10_DW01_sub_6
u_pe/u_tree/g_l1[6].u_add            73.5269      0.6    46.5102    10.8475  0.0000  fp16_add_piped_NUM_PIPE2_9
u_pe/u_tree/g_l1[6].u_add/add_76_S2     7.4650     0.1    7.4650     0.0000  0.0000  fp16_add_piped_NUM_PIPE2_9_DW01_add_2
u_pe/u_tree/g_l1[6].u_add/sub_77      8.7043      0.1     8.7043     0.0000  0.0000  fp16_add_piped_NUM_PIPE2_9_DW01_sub_6
u_pe/u_tree/g_l1[7].u_add            73.5415      0.6    46.7726    10.9204  0.0000  fp16_add_piped_NUM_PIPE2_8
u_pe/u_tree/g_l1[7].u_add/add_76_S2     7.3192     0.1    7.3192     0.0000  0.0000  fp16_add_piped_NUM_PIPE2_8_DW01_add_2
u_pe/u_tree/g_l1[7].u_add/sub_77      8.5293      0.1     8.5293     0.0000  0.0000  fp16_add_piped_NUM_PIPE2_8_DW01_sub_6
u_pe/u_tree/g_l2[0].u_add            72.7834      0.6    45.9707    10.7746  0.0000  fp16_add_piped_NUM_PIPE2_7
u_pe/u_tree/g_l2[0].u_add/add_76_S2     7.4358     0.1    7.4358     0.0000  0.0000  fp16_add_piped_NUM_PIPE2_7_DW01_add_2
u_pe/u_tree/g_l2[0].u_add/sub_77      8.6022      0.1     8.6022     0.0000  0.0000  fp16_add_piped_NUM_PIPE2_7_DW01_sub_6
u_pe/u_tree/g_l2[1].u_add            72.4189      0.6    45.8687    10.9642  0.0000  fp16_add_piped_NUM_PIPE2_6
u_pe/u_tree/g_l2[1].u_add/add_76_S2     7.2754     0.1    7.2754     0.0000  0.0000  fp16_add_piped_NUM_PIPE2_6_DW01_add_2
u_pe/u_tree/g_l2[1].u_add/sub_77      8.3106      0.1     8.3106     0.0000  0.0000  fp16_add_piped_NUM_PIPE2_6_DW01_sub_6
u_pe/u_tree/g_l2[2].u_add            73.4395      0.6    46.8601    10.7746  0.0000  fp16_add_piped_NUM_PIPE2_5
u_pe/u_tree/g_l2[2].u_add/add_76_S2     7.4358     0.1    7.4358     0.0000  0.0000  fp16_add_piped_NUM_PIPE2_5_DW01_add_2
u_pe/u_tree/g_l2[2].u_add/sub_77      8.3689      0.1     8.3689     0.0000  0.0000  fp16_add_piped_NUM_PIPE2_5_DW01_sub_6
u_pe/u_tree/g_l2[3].u_add            72.2731      0.6    45.9853    10.7600  0.0000  fp16_add_piped_NUM_PIPE2_4
u_pe/u_tree/g_l2[3].u_add/add_76_S2     7.3775     0.1    7.3775     0.0000  0.0000  fp16_add_piped_NUM_PIPE2_4_DW01_add_2
u_pe/u_tree/g_l2[3].u_add/sub_77      8.1502      0.1     8.1502     0.0000  0.0000  fp16_add_piped_NUM_PIPE2_4_DW01_sub_6
u_pe/u_tree/g_l3[0].u_add            73.0021      0.6    46.4810    10.7746  0.0000  fp16_add_piped_NUM_PIPE2_3
u_pe/u_tree/g_l3[0].u_add/add_76_S2     7.4650     0.1    7.4650     0.0000  0.0000  fp16_add_piped_NUM_PIPE2_3_DW01_add_2
u_pe/u_tree/g_l3[0].u_add/sub_77      8.2814      0.1     8.2814     0.0000  0.0000  fp16_add_piped_NUM_PIPE2_3_DW01_sub_6
u_pe/u_tree/g_l3[1].u_add            72.7542      0.6    45.9999    10.7600  0.0000  fp16_add_piped_NUM_PIPE2_2
u_pe/u_tree/g_l3[1].u_add/add_76_S2     7.4504     0.1    7.4504     0.0000  0.0000  fp16_add_piped_NUM_PIPE2_2_DW01_add_2
u_pe/u_tree/g_l3[1].u_add/sub_77      8.5439      0.1     8.5439     0.0000  0.0000  fp16_add_piped_NUM_PIPE2_2_DW01_sub_6
u_pe/u_tree/g_mul[0].u_mul           78.5862      0.6    18.8665    10.1623  0.0000  fp16_mult_piped_NUM_PIPE2_0
u_pe/u_tree/g_mul[0].u_mul/mult_36    49.5574     0.4    42.5444     0.0000  0.0000  fp16_mult_piped_NUM_PIPE2_0_DW02_mult_0
u_pe/u_tree/g_mul[0].u_mul/mult_36/FS_1     7.0130     0.1    7.0130    0.0000 0.0000 fp16_mult_piped_NUM_PIPE2_0_DW01_add_3
u_pe/u_tree/g_mul[10].u_mul          78.3529      0.6    17.8751    10.0894  0.0000  fp16_mult_piped_NUM_PIPE2_6
u_pe/u_tree/g_mul[10].u_mul/mult_36    50.3885     0.4   43.2734     0.0000  0.0000  fp16_mult_piped_NUM_PIPE2_6_DW02_mult_0_DW02_mult_10
u_pe/u_tree/g_mul[10].u_mul/mult_36/FS_1     7.1150     0.1    7.1150    0.0000 0.0000 fp16_mult_piped_NUM_PIPE2_6_DW01_add_3
u_pe/u_tree/g_mul[11].u_mul          79.7234      0.7    20.0183    10.1623  0.0000  fp16_mult_piped_NUM_PIPE2_5
u_pe/u_tree/g_mul[11].u_mul/mult_36    49.5428     0.4   42.7048     0.0000  0.0000  fp16_mult_piped_NUM_PIPE2_5_DW02_mult_0_DW02_mult_11
u_pe/u_tree/g_mul[11].u_mul/mult_36/FS_1     6.8380     0.1    6.8380    0.0000 0.0000 fp16_mult_piped_NUM_PIPE2_5_DW01_add_3
u_pe/u_tree/g_mul[12].u_mul          77.2594      0.6    17.8605    10.0894  0.0000  fp16_mult_piped_NUM_PIPE2_4
u_pe/u_tree/g_mul[12].u_mul/mult_36    49.3096     0.4   42.6757     0.0000  0.0000  fp16_mult_piped_NUM_PIPE2_4_DW02_mult_0_DW02_mult_12
u_pe/u_tree/g_mul[12].u_mul/mult_36/FS_1     6.6339     0.1    6.6339    0.0000 0.0000 fp16_mult_piped_NUM_PIPE2_4_DW01_add_3
u_pe/u_tree/g_mul[13].u_mul          77.8426      0.6    18.3854    10.0894  0.0000  fp16_mult_piped_NUM_PIPE2_3
u_pe/u_tree/g_mul[13].u_mul/mult_36    49.3679     0.4   42.5153     0.0000  0.0000  fp16_mult_piped_NUM_PIPE2_3_DW02_mult_0_DW02_mult_13
u_pe/u_tree/g_mul[13].u_mul/mult_36/FS_1     6.8526     0.1    6.8526    0.0000 0.0000 fp16_mult_piped_NUM_PIPE2_3_DW01_add_3
u_pe/u_tree/g_mul[14].u_mul          79.8109      0.7    18.3708    10.0894  0.0000  fp16_mult_piped_NUM_PIPE2_2
u_pe/u_tree/g_mul[14].u_mul/mult_36    51.3508     0.4   43.4338     0.0000  0.0000  fp16_mult_piped_NUM_PIPE2_2_DW02_mult_0_DW02_mult_14
u_pe/u_tree/g_mul[14].u_mul/mult_36/FS_1     7.9169     0.1    7.9169    0.0000 0.0000 fp16_mult_piped_NUM_PIPE2_2_DW01_add_3
u_pe/u_tree/g_mul[15].u_mul          78.3967      0.6    18.1084    10.0894  0.0000  fp16_mult_piped_NUM_PIPE2_1
u_pe/u_tree/g_mul[15].u_mul/mult_36    50.1989     0.4   43.0402     0.0000  0.0000  fp16_mult_piped_NUM_PIPE2_1_DW02_mult_0_DW02_mult_15
u_pe/u_tree/g_mul[15].u_mul/mult_36/FS_1     7.1588     0.1    7.1588    0.0000 0.0000 fp16_mult_piped_NUM_PIPE2_1_DW01_add_3
u_pe/u_tree/g_mul[1].u_mul           77.9009      0.6    17.7584    10.0894  0.0000  fp16_mult_piped_NUM_PIPE2_15
u_pe/u_tree/g_mul[1].u_mul/mult_36    50.0531     0.4    42.9235     0.0000  0.0000  fp16_mult_piped_NUM_PIPE2_15_DW02_mult_0_DW02_mult_1
u_pe/u_tree/g_mul[1].u_mul/mult_36/FS_1     7.1296     0.1    7.1296    0.0000 0.0000 fp16_mult_piped_NUM_PIPE2_15_DW01_add_3
u_pe/u_tree/g_mul[2].u_mul           78.3967      0.6    18.6332    10.0894  0.0000  fp16_mult_piped_NUM_PIPE2_14
u_pe/u_tree/g_mul[2].u_mul/mult_36    49.6741     0.4    42.8652     0.0000  0.0000  fp16_mult_piped_NUM_PIPE2_14_DW02_mult_0_DW02_mult_2
u_pe/u_tree/g_mul[2].u_mul/mult_36/FS_1     6.8089     0.1    6.8089    0.0000 0.0000 fp16_mult_piped_NUM_PIPE2_14_DW01_add_3
u_pe/u_tree/g_mul[3].u_mul           77.7114      0.6    17.7876    10.0894  0.0000  fp16_mult_piped_NUM_PIPE2_13
u_pe/u_tree/g_mul[3].u_mul/mult_36    49.8344     0.4    42.7486     0.0000  0.0000  fp16_mult_piped_NUM_PIPE2_13_DW02_mult_0_DW02_mult_3
u_pe/u_tree/g_mul[3].u_mul/mult_36/FS_1     7.0859     0.1    7.0859    0.0000 0.0000 fp16_mult_piped_NUM_PIPE2_13_DW01_add_3
u_pe/u_tree/g_mul[4].u_mul           77.6677      0.6    17.4377    10.0894  0.0000  fp16_mult_piped_NUM_PIPE2_12
u_pe/u_tree/g_mul[4].u_mul/mult_36    50.1406     0.4    42.9673     0.0000  0.0000  fp16_mult_piped_NUM_PIPE2_12_DW02_mult_0_DW02_mult_4
u_pe/u_tree/g_mul[4].u_mul/mult_36/FS_1     7.1734     0.1    7.1734    0.0000 0.0000 fp16_mult_piped_NUM_PIPE2_12_DW01_add_3
u_pe/u_tree/g_mul[5].u_mul           79.0382      0.6    19.4060    10.0894  0.0000  fp16_mult_piped_NUM_PIPE2_11
u_pe/u_tree/g_mul[5].u_mul/mult_36    49.5428     0.4    42.7486     0.0000  0.0000  fp16_mult_piped_NUM_PIPE2_11_DW02_mult_0_DW02_mult_5
u_pe/u_tree/g_mul[5].u_mul/mult_36/FS_1     6.7943     0.1    6.7943    0.0000 0.0000 fp16_mult_piped_NUM_PIPE2_11_DW01_add_3
u_pe/u_tree/g_mul[6].u_mul           77.4635      0.6    17.9626    10.0894  0.0000  fp16_mult_piped_NUM_PIPE2_10
u_pe/u_tree/g_mul[6].u_mul/mult_36    49.4116     0.4    42.6319     0.0000  0.0000  fp16_mult_piped_NUM_PIPE2_10_DW02_mult_0_DW02_mult_6
u_pe/u_tree/g_mul[6].u_mul/mult_36/FS_1     6.7797     0.1    6.7797    0.0000 0.0000 fp16_mult_piped_NUM_PIPE2_10_DW01_add_3
u_pe/u_tree/g_mul[7].u_mul           77.5219      0.6    17.4377    10.0894  0.0000  fp16_mult_piped_NUM_PIPE2_9
u_pe/u_tree/g_mul[7].u_mul/mult_36    49.9948     0.4    42.7923     0.0000  0.0000  fp16_mult_piped_NUM_PIPE2_9_DW02_mult_0_DW02_mult_7
u_pe/u_tree/g_mul[7].u_mul/mult_36/FS_1     7.2025     0.1    7.2025    0.0000 0.0000 fp16_mult_piped_NUM_PIPE2_9_DW01_add_3
u_pe/u_tree/g_mul[8].u_mul           77.0553      0.6    17.1898    10.0894  0.0000  fp16_mult_piped_NUM_PIPE2_8
u_pe/u_tree/g_mul[8].u_mul/mult_36    49.7761     0.4    43.0985     0.0000  0.0000  fp16_mult_piped_NUM_PIPE2_8_DW02_mult_0_DW02_mult_8
u_pe/u_tree/g_mul[8].u_mul/mult_36/FS_1     6.6776     0.1    6.6776    0.0000 0.0000 fp16_mult_piped_NUM_PIPE2_8_DW01_add_3
u_pe/u_tree/g_mul[9].u_mul           77.1428      0.6    17.4377    10.0894  0.0000  fp16_mult_piped_NUM_PIPE2_7
u_pe/u_tree/g_mul[9].u_mul/mult_36    49.6157     0.4    42.7777     0.0000  0.0000  fp16_mult_piped_NUM_PIPE2_7_DW02_mult_0_DW02_mult_9
u_pe/u_tree/g_mul[9].u_mul/mult_36/FS_1     6.8380     0.1    6.8380    0.0000 0.0000 fp16_mult_piped_NUM_PIPE2_7_DW01_add_3
u_pe/u_tree/u_l4                     73.2937      0.6    46.2915    10.8475  0.0000  fp16_add_piped_NUM_PIPE2_1
u_pe/u_tree/u_l4/add_76_S2            7.4066      0.1     7.4066     0.0000  0.0000  fp16_add_piped_NUM_PIPE2_1_DW01_add_2
u_pe/u_tree/u_l4/sub_77               8.7480      0.1     8.7480     0.0000  0.0000  fp16_add_piped_NUM_PIPE2_1_DW01_sub_6
u_pe/u_vec_store                   3946.8788     32.4  1461.0472  2485.8316  0.0000  dbuf_16x256_DEPTH32
--------------------------------  ----------  -------  ---------  ---------  ------  ----------------------------------------------------
Total                                                  6084.3361  6096.7288  0.0000

1
