Information: Updating design information... (UID-85)
Warning: Design 'mq_pe_16x2_d32' contains 1 high-fanout nets. A fanout number of 1000 will be used for delay calculations involving these nets. (TIM-134)
 
****************************************
Report : qor
Design : mq_pe_16x2_d32
Version: P-2019.03-SP5-6
Date   : Fri Aug 28 23:32:38 2026
****************************************


  Timing Path Group 'clk'
  -----------------------------------
  Levels of Logic:              44.00
  Critical Path Length:       1159.04
  Critical Path Slack:        -443.49
  Critical Path Clk Period:    769.00
  Total Negative Slack:    -245284.02
  No. of Violating Paths:      846.00
  Worst Hold Violation:        -17.00
  Total Hold Violation:     -11536.25
  No. of Hold Violations:    12216.00
  -----------------------------------


  Cell Count
  -----------------------------------
  Hierarchical Cell Count:        102
  Hierarchical Port Count:       6890
  Leaf Cell Count:              98605
  Buf/Inv Cell Count:           20788
  Buf Cell Count:                3922
  Inv Cell Count:               16866
  CT Buf/Inv Cell Count:            0
  Combinational Cell Count:     77947
  Sequential Cell Count:        20658
  Macro Count:                      0
  -----------------------------------


  Area
  -----------------------------------
  Combinational Area:     6084.336065
  Noncombinational Area:  6096.728838
  Buf/Inv Area:           1026.898571
  Total Buffer Area:           266.14
  Total Inverter Area:         760.76
  Macro/Black Box Area:      0.000000
  Net Area:                  0.000000
  -----------------------------------
  Cell Area:             12181.064903
  Design Area:           12181.064903


  Design Rules
  -----------------------------------
  Total Number of Nets:        100599
  Nets With Violations:             0
  Max Trans Violations:             0
  Max Cap Violations:               0
  -----------------------------------


  Hostname: thu-olden

  Compile CPU Statistics
  -----------------------------------------
  Resource Sharing:                   46.93
  Logic Optimization:                270.94
  Mapping Optimization:              189.45
  -----------------------------------------
  Overall Compile Time:              523.79
  Overall Compile Wall Clock Time:   549.62

  --------------------------------------------------------------------

  Design  WNS: 443.49  TNS: 245284.02  Number of Violating Paths: 846


  Design (Hold)  WNS: 17.00  TNS: 11536.67  Number of Violating Paths: 12216

  --------------------------------------------------------------------


1
