============================================================
  Generated by:           Genus(TM) Synthesis Solution 25.10-p002_1
  Generated on:           Sep 02 2026  02:54:05 pm
  Module:                 gemv_unit
  Operating conditions:   PVT_0P7V_25C (balanced_tree)
  Wireload mode:          enclosed
  Area mode:              timing library
============================================================


Path 1: MET (0 ps) Setup Check with Pin u_vec_buf/g_copy[1].g_slice[15].u_mem/clk->banksel
          Group: clk
     Startpoint: (R) retime_s2_12_reg/CLK
          Clock: (R) clk
       Endpoint: (R) u_vec_buf/g_copy[1].g_slice[15].u_mem/banksel
          Clock: (F) clk

                     Capture       Launch     
        Clock Edge:+     384            0     
       Src Latency:+       0            0     
       Net Latency:+       0 (I)        0 (I) 
           Arrival:=     384            0     
                                              
             Setup:-      -1                  
       Uncertainty:-      23                  
     Required Time:=     362                  
      Launch Clock:-       0                  
         Data Path:-     362                  
             Slack:=       0                  

#----------------------------------------------------------------------------------------------------------------------------------------
#                 Timing Point                  Flags    Arc    Edge           Cell             Fanout Load Trans Delay Arrival Instance 
#                                                                                                      (fF)  (ps)  (ps)   (ps)  Location 
#----------------------------------------------------------------------------------------------------------------------------------------
  retime_s2_12_reg/CLK                          -       -       R     (arrival)                   1655    -     0     0       0    (-,-) 
  retime_s2_12_reg/QN                           -       CLK->QN F     ASYNC_DFFHx1_ASAP7_75t_SL      4 10.9    68    63      63    (-,-) 
  g34159__3680/Y                                -       B->Y    R     NAND2xp5_ASAP7_75t_SL          3  1.4    34    21      84    (-,-) 
  g34156__5526/Y                                -       B->Y    F     NOR2xp33_ASAP7_75t_SL          3  1.6    34    22     106    (-,-) 
  g34153__4319/Y                                -       B->Y    R     NAND2xp5_ASAP7_75t_SL          4  2.0    42    19     126    (-,-) 
  g34147__5477/Y                                -       A->Y    F     NOR3xp33_ASAP7_75t_SL          3  1.6    24    15     140    (-,-) 
  g34144__7410/Y                                -       B->Y    R     NAND2xp5_ASAP7_75t_SL          3  1.4    37    14     155    (-,-) 
  g34143/Y                                      -       A->Y    F     INVxp67_ASAP7_75t_SL           1  0.5    14     7     162    (-,-) 
  g34140__2883/Y                                -       B->Y    R     AOI211xp5_ASAP7_75t_SL         4  2.3    56    27     188    (-,-) 
  g52444/CON                                    -       B->CON  F     HAxp5_ASAP7_75t_SL             2  1.1    33    16     204    (-,-) 
  g52444/SN                                     -       CON->SN R     HAxp5_ASAP7_75t_SL             2  0.9    28    11     215    (-,-) 
  g50339__1617/Y                                -       B->Y    F     AOI21xp33_ASAP7_75t_SL         2  1.1    24    10     225    (-,-) 
  g50243__4319/Y                                -       B->Y    R     NAND2xp5_ASAP7_75t_SL          2 10.0   104    52     277    (-,-) 
  g49632__4733/Y                                -       A2->Y   F     OAI31xp33_ASAP7_75t_SL         4  2.0    53    24     301    (-,-) 
  g33933/Y                                      -       A->Y    R     INVxp67_ASAP7_75t_SL           3  1.4    28    18     319    (-,-) 
  u_vec_buf/g5115__7482/Y                       -       A->Y    F     NAND2xp5_ASAP7_75t_L           2  1.3    28    13     332    (-,-) 
  u_vec_buf/g5099__5526/Y                       -       B->Y    R     NAND2xp5_ASAP7_75t_SL         16  4.8    98    31     362    (-,-) 
  u_vec_buf/g_copy[1].g_slice[15].u_mem/banksel <<<     -       R     srambank_64x4x16_6t122        16    -     -     0     362    (-,-) 
#----------------------------------------------------------------------------------------------------------------------------------------

