============================================================
  Generated by:           Genus(TM) Synthesis Solution 25.10-p002_1
  Generated on:           Aug 31 2026  04:41:10 pm
  Operating conditions:   PVT_0P7V_25C (balanced_tree)
  Wireload mode:          enclosed
  Area mode:              timing library
============================================================

                                                                                       
           Gate             Instances    Area                   Library                
---------------------------------------------------------------------------------------
A2O1A1Ixp33_ASAP7_75t_SL          208    18.196     asap7sc7p5t_AO_SLVT_TT_nldm_201020 
A2O1A1O1Ixp25_ASAP7_75t_SL         80    10.498     asap7sc7p5t_AO_SLVT_TT_nldm_201020 
AND2x2_ASAP7_75t_SL               521    45.577 asap7sc7p5t_SIMPLE_SLVT_TT_nldm_201020 
AND2x4_ASAP7_75t_SL               144    20.995 asap7sc7p5t_SIMPLE_SLVT_TT_nldm_201020 
AND2x6_ASAP7_75t_SL                16     2.799 asap7sc7p5t_SIMPLE_SLVT_TT_nldm_201020 
AND3x1_ASAP7_75t_SL                32     2.799 asap7sc7p5t_SIMPLE_SLVT_TT_nldm_201020 
AND3x2_ASAP7_75t_SL                32     3.266 asap7sc7p5t_SIMPLE_SLVT_TT_nldm_201020 
AND4x1_ASAP7_75t_SL                16     1.633 asap7sc7p5t_SIMPLE_SLVT_TT_nldm_201020 
AO21x1_ASAP7_75t_L                 16     1.400      asap7sc7p5t_AO_LVT_TT_nldm_201020 
AO21x1_ASAP7_75t_SL               176    15.396     asap7sc7p5t_AO_SLVT_TT_nldm_201020 
AO21x2_ASAP7_75t_SL                16     1.633     asap7sc7p5t_AO_SLVT_TT_nldm_201020 
AO222x2_ASAP7_75t_SL               15     2.624     asap7sc7p5t_AO_SLVT_TT_nldm_201020 
AO22x1_ASAP7_75t_SL                83    10.891     asap7sc7p5t_AO_SLVT_TT_nldm_201020 
AO22x2_ASAP7_75t_SL                32     4.666     asap7sc7p5t_AO_SLVT_TT_nldm_201020 
AO332x1_ASAP7_75t_SL               15     2.406     asap7sc7p5t_AO_SLVT_TT_nldm_201020 
AOI211x1_ASAP7_75t_SL              16     2.799     asap7sc7p5t_AO_SLVT_TT_nldm_201020 
AOI211xp5_ASAP7_75t_SL             71     6.211     asap7sc7p5t_AO_SLVT_TT_nldm_201020 
AOI21x1_ASAP7_75t_SL              112    13.064     asap7sc7p5t_AO_SLVT_TT_nldm_201020 
AOI21xp33_ASAP7_75t_SL            292    21.287     asap7sc7p5t_AO_SLVT_TT_nldm_201020 
AOI21xp5_ASAP7_75t_L              192    13.997      asap7sc7p5t_AO_LVT_TT_nldm_201020 
AOI21xp5_ASAP7_75t_R               16     1.166      asap7sc7p5t_AO_RVT_TT_nldm_201020 
AOI21xp5_ASAP7_75t_SL             866    63.131     asap7sc7p5t_AO_SLVT_TT_nldm_201020 
AOI221xp5_ASAP7_75t_SL             90     9.185     asap7sc7p5t_AO_SLVT_TT_nldm_201020 
AOI222xp33_ASAP7_75t_SL            16     2.333     asap7sc7p5t_AO_SLVT_TT_nldm_201020 
AOI22x1_ASAP7_75t_R                16     2.333      asap7sc7p5t_AO_RVT_TT_nldm_201020 
AOI22x1_ASAP7_75t_SL              112    16.330     asap7sc7p5t_AO_SLVT_TT_nldm_201020 
AOI22xp33_ASAP7_75t_L             527    46.102      asap7sc7p5t_AO_LVT_TT_nldm_201020 
AOI22xp33_ASAP7_75t_SL            135    11.810     asap7sc7p5t_AO_SLVT_TT_nldm_201020 
AOI22xp5_ASAP7_75t_L               26     2.274      asap7sc7p5t_AO_LVT_TT_nldm_201020 
AOI22xp5_ASAP7_75t_SL            2174   190.182     asap7sc7p5t_AO_SLVT_TT_nldm_201020 
AOI31xp33_ASAP7_75t_SL             32     2.799     asap7sc7p5t_AO_SLVT_TT_nldm_201020 
AOI321xp33_ASAP7_75t_SL            32     3.732     asap7sc7p5t_AO_SLVT_TT_nldm_201020 
AOI32xp33_ASAP7_75t_SL             16     1.633     asap7sc7p5t_AO_SLVT_TT_nldm_201020 
AOI33xp33_ASAP7_75t_SL             16     1.866     asap7sc7p5t_AO_SLVT_TT_nldm_201020 
ASYNC_DFFHx1_ASAP7_75t_L          340   128.887     asap7sc7p5t_SEQ_LVT_TT_nldm_201020 
ASYNC_DFFHx1_ASAP7_75t_SL        1279   484.843    asap7sc7p5t_SEQ_SLVT_TT_nldm_201020 
BUFx2_ASAP7_75t_L                  55     4.010  asap7sc7p5t_INVBUF_LVT_TT_nldm_201020 
BUFx2_ASAP7_75t_SL                112     8.165 asap7sc7p5t_INVBUF_SLVT_TT_nldm_201020 
BUFx3_ASAP7_75t_L                   2     0.175  asap7sc7p5t_INVBUF_LVT_TT_nldm_201020 
BUFx3_ASAP7_75t_SL                112     9.798 asap7sc7p5t_INVBUF_SLVT_TT_nldm_201020 
BUFx4f_ASAP7_75t_SL                 3     0.350 asap7sc7p5t_INVBUF_SLVT_TT_nldm_201020 
BUFx6f_ASAP7_75t_SL                 2     0.292 asap7sc7p5t_INVBUF_SLVT_TT_nldm_201020 
CKINVDCx14_ASAP7_75t_R             84     0.000  asap7sc7p5t_INVBUF_RVT_TT_nldm_201020 
CKINVDCx16_ASAP7_75t_R            104     0.000  asap7sc7p5t_INVBUF_RVT_TT_nldm_201020 
CKINVDCx20_ASAP7_75t_R           1536     0.000  asap7sc7p5t_INVBUF_RVT_TT_nldm_201020 
CKINVDCx5p33_ASAP7_75t_R          472     0.000  asap7sc7p5t_INVBUF_RVT_TT_nldm_201020 
CKINVDCx8_ASAP7_75t_R              32     0.000  asap7sc7p5t_INVBUF_RVT_TT_nldm_201020 
FAx1_ASAP7_75t_SL                  16     3.266 asap7sc7p5t_SIMPLE_SLVT_TT_nldm_201020 
HAxp5_ASAP7_75t_SL                 16     2.100 asap7sc7p5t_SIMPLE_SLVT_TT_nldm_201020 
HB1xp67_ASAP7_75t_L                 1     0.058  asap7sc7p5t_INVBUF_LVT_TT_nldm_201020 
HB1xp67_ASAP7_75t_SL             1630    95.062 asap7sc7p5t_INVBUF_SLVT_TT_nldm_201020 
INVx1_ASAP7_75t_L                  33     1.443  asap7sc7p5t_INVBUF_LVT_TT_nldm_201020 
INVx1_ASAP7_75t_SL               3433   150.159 asap7sc7p5t_INVBUF_SLVT_TT_nldm_201020 
INVx2_ASAP7_75t_L                  96     5.599  asap7sc7p5t_INVBUF_LVT_TT_nldm_201020 
INVx2_ASAP7_75t_SL                669    39.016 asap7sc7p5t_INVBUF_SLVT_TT_nldm_201020 
INVx3_ASAP7_75t_SL                 82     5.978 asap7sc7p5t_INVBUF_SLVT_TT_nldm_201020 
INVx4_ASAP7_75t_SL                 49     4.287 asap7sc7p5t_INVBUF_SLVT_TT_nldm_201020 
INVx6_ASAP7_75t_SL                 16     1.866 asap7sc7p5t_INVBUF_SLVT_TT_nldm_201020 
INVxp33_ASAP7_75t_L                16     0.700  asap7sc7p5t_INVBUF_LVT_TT_nldm_201020 
INVxp33_ASAP7_75t_SL              256    11.197 asap7sc7p5t_INVBUF_SLVT_TT_nldm_201020 
INVxp67_ASAP7_75t_SL             3348   146.442 asap7sc7p5t_INVBUF_SLVT_TT_nldm_201020 
MAJIxp5_ASAP7_75t_SL              624    63.685 asap7sc7p5t_SIMPLE_SLVT_TT_nldm_201020 
MAJx2_ASAP7_75t_SL                 64     8.398 asap7sc7p5t_SIMPLE_SLVT_TT_nldm_201020 
NAND2x1_ASAP7_75t_SL              112     9.798 asap7sc7p5t_SIMPLE_SLVT_TT_nldm_201020 
NAND2x1p5_ASAP7_75t_L              16     1.866  asap7sc7p5t_SIMPLE_LVT_TT_nldm_201020 
NAND2x1p5_ASAP7_75t_SL            112    13.064 asap7sc7p5t_SIMPLE_SLVT_TT_nldm_201020 
NAND2xp33_ASAP7_75t_L              49     2.858  asap7sc7p5t_SIMPLE_LVT_TT_nldm_201020 
NAND2xp33_ASAP7_75t_SL            144     8.398 asap7sc7p5t_SIMPLE_SLVT_TT_nldm_201020 
NAND2xp5_ASAP7_75t_L              291    16.971  asap7sc7p5t_SIMPLE_LVT_TT_nldm_201020 
NAND2xp5_ASAP7_75t_SL            2416   140.901 asap7sc7p5t_SIMPLE_SLVT_TT_nldm_201020 
NAND3x1_ASAP7_75t_SL               16     2.566 asap7sc7p5t_SIMPLE_SLVT_TT_nldm_201020 
NAND3xp33_ASAP7_75t_L              16     1.166  asap7sc7p5t_SIMPLE_LVT_TT_nldm_201020 
NAND3xp33_ASAP7_75t_R              16     1.166  asap7sc7p5t_SIMPLE_RVT_TT_nldm_201020 
NAND3xp33_ASAP7_75t_SL            192    13.997 asap7sc7p5t_SIMPLE_SLVT_TT_nldm_201020 
NAND4xp25_ASAP7_75t_SL             27     2.362 asap7sc7p5t_SIMPLE_SLVT_TT_nldm_201020 
NAND4xp75_ASAP7_75t_SL             48     9.798 asap7sc7p5t_SIMPLE_SLVT_TT_nldm_201020 
NAND5xp2_ASAP7_75t_SL             162    16.534 asap7sc7p5t_SIMPLE_SLVT_TT_nldm_201020 
NOR2x1_ASAP7_75t_SL               544    47.589 asap7sc7p5t_SIMPLE_SLVT_TT_nldm_201020 
NOR2x1p5_ASAP7_75t_L               16     1.866  asap7sc7p5t_SIMPLE_LVT_TT_nldm_201020 
NOR2x1p5_ASAP7_75t_SL              96    11.197 asap7sc7p5t_SIMPLE_SLVT_TT_nldm_201020 
NOR2xp33_ASAP7_75t_L               17     0.991  asap7sc7p5t_SIMPLE_LVT_TT_nldm_201020 
NOR2xp33_ASAP7_75t_R               16     0.933  asap7sc7p5t_SIMPLE_RVT_TT_nldm_201020 
NOR2xp33_ASAP7_75t_SL            1357    79.140 asap7sc7p5t_SIMPLE_SLVT_TT_nldm_201020 
NOR2xp67_ASAP7_75t_L               16     1.400  asap7sc7p5t_SIMPLE_LVT_TT_nldm_201020 
NOR2xp67_ASAP7_75t_SL             160    13.997 asap7sc7p5t_SIMPLE_SLVT_TT_nldm_201020 
NOR3x1_ASAP7_75t_SL                16     2.566 asap7sc7p5t_SIMPLE_SLVT_TT_nldm_201020 
NOR3xp33_ASAP7_75t_SL              99     7.217 asap7sc7p5t_SIMPLE_SLVT_TT_nldm_201020 
NOR4xp25_ASAP7_75t_SL              53     4.636 asap7sc7p5t_SIMPLE_SLVT_TT_nldm_201020 
NOR5xp2_ASAP7_75t_SL               83     8.471 asap7sc7p5t_SIMPLE_SLVT_TT_nldm_201020 
O2A1O1Ixp33_ASAP7_75t_L            32     2.799      asap7sc7p5t_OA_LVT_TT_nldm_201020 
O2A1O1Ixp33_ASAP7_75t_SL          225    19.683     asap7sc7p5t_OA_SLVT_TT_nldm_201020 
O2A1O1Ixp5_ASAP7_75t_SL            64     7.465     asap7sc7p5t_OA_SLVT_TT_nldm_201020 
OA211x2_ASAP7_75t_SL                1     0.117     asap7sc7p5t_OA_SLVT_TT_nldm_201020 
OA21x2_ASAP7_75t_SL               128    13.064     asap7sc7p5t_OA_SLVT_TT_nldm_201020 
OA222x2_ASAP7_75t_SL               16     2.799     asap7sc7p5t_OA_SLVT_TT_nldm_201020 
OA22x2_ASAP7_75t_SL               160    23.328     asap7sc7p5t_OA_SLVT_TT_nldm_201020 
OAI211xp5_ASAP7_75t_SL            224    19.596     asap7sc7p5t_OA_SLVT_TT_nldm_201020 
OAI21x1_ASAP7_75t_SL               80     9.331     asap7sc7p5t_OA_SLVT_TT_nldm_201020 
OAI21xp33_ASAP7_75t_L               1     0.073      asap7sc7p5t_OA_LVT_TT_nldm_201020 
OAI21xp33_ASAP7_75t_SL             97     7.071     asap7sc7p5t_OA_SLVT_TT_nldm_201020 
OAI21xp5_ASAP7_75t_SL            1203    87.699     asap7sc7p5t_OA_SLVT_TT_nldm_201020 
OAI221xp5_ASAP7_75t_SL            103    10.512     asap7sc7p5t_OA_SLVT_TT_nldm_201020 
OAI222xp33_ASAP7_75t_SL           105    15.309     asap7sc7p5t_OA_SLVT_TT_nldm_201020 
OAI22x1_ASAP7_75t_L                16     2.333      asap7sc7p5t_OA_LVT_TT_nldm_201020 
OAI22x1_ASAP7_75t_SL               16     2.333     asap7sc7p5t_OA_SLVT_TT_nldm_201020 
OAI22xp33_ASAP7_75t_SL            112     9.798     asap7sc7p5t_OA_SLVT_TT_nldm_201020 
OAI22xp5_ASAP7_75t_L               16     1.400      asap7sc7p5t_OA_LVT_TT_nldm_201020 
OAI22xp5_ASAP7_75t_SL            2374   207.678     asap7sc7p5t_OA_SLVT_TT_nldm_201020 
OAI31xp33_ASAP7_75t_SL             16     1.400     asap7sc7p5t_OA_SLVT_TT_nldm_201020 
OAI31xp67_ASAP7_75t_SL             16     3.033     asap7sc7p5t_OA_SLVT_TT_nldm_201020 
OAI321xp33_ASAP7_75t_SL            16     1.866     asap7sc7p5t_OA_SLVT_TT_nldm_201020 
OR2x2_ASAP7_75t_SL                236    20.645 asap7sc7p5t_SIMPLE_SLVT_TT_nldm_201020 
OR2x6_ASAP7_75t_SL                 16     2.799 asap7sc7p5t_SIMPLE_SLVT_TT_nldm_201020 
OR4x1_ASAP7_75t_SL                 16     1.633 asap7sc7p5t_SIMPLE_SLVT_TT_nldm_201020 
XNOR2x1_ASAP7_75t_SL              112    19.596 asap7sc7p5t_SIMPLE_SLVT_TT_nldm_201020 
XNOR2x2_ASAP7_75t_SL               48     7.698 asap7sc7p5t_SIMPLE_SLVT_TT_nldm_201020 
XNOR2xp5_ASAP7_75t_SL             882   115.736 asap7sc7p5t_SIMPLE_SLVT_TT_nldm_201020 
XOR2x1_ASAP7_75t_SL                32     5.599 asap7sc7p5t_SIMPLE_SLVT_TT_nldm_201020 
XOR2x2_ASAP7_75t_SL                64    10.264 asap7sc7p5t_SIMPLE_SLVT_TT_nldm_201020 
XOR2xp5_ASAP7_75t_SL              657    86.212 asap7sc7p5t_SIMPLE_SLVT_TT_nldm_201020 
srambank_64x4x16_6t122             32  7972.577                 srambank_64x4x16_6t122 
---------------------------------------------------------------------------------------
total                           33847 10845.683                                        
                                                                      
                Library                Instances   Area   Instances % 
----------------------------------------------------------------------
asap7sc7p5t_AO_LVT_TT_nldm_201020            761   63.773         2.2 
asap7sc7p5t_AO_RVT_TT_nldm_201020             32    3.499         0.1 
asap7sc7p5t_AO_SLVT_TT_nldm_201020          4605  412.672        13.6 
asap7sc7p5t_INVBUF_LVT_TT_nldm_201020        203   11.985         0.6 
asap7sc7p5t_INVBUF_RVT_TT_nldm_201020       2228    0.000         6.6 
asap7sc7p5t_INVBUF_SLVT_TT_nldm_201020      9712  472.611        28.7 
asap7sc7p5t_OA_LVT_TT_nldm_201020             65    6.605         0.2 
asap7sc7p5t_OA_SLVT_TT_nldm_201020          4956  442.080        14.6 
asap7sc7p5t_SEQ_LVT_TT_nldm_201020           340  128.887         1.0 
asap7sc7p5t_SEQ_SLVT_TT_nldm_201020         1279  484.843         3.8 
asap7sc7p5t_SIMPLE_LVT_TT_nldm_201020        421   27.119         1.2 
asap7sc7p5t_SIMPLE_RVT_TT_nldm_201020         32    2.100         0.1 
asap7sc7p5t_SIMPLE_SLVT_TT_nldm_201020      9181  816.932        27.1 
srambank_64x4x16_6t122                        32 7972.577         0.1 
                                          
     Type      Instances    Area   Area % 
------------------------------------------
timing_model          32  7972.577   73.5 
sequential          1619   613.731    5.7 
inverter           10226   366.687    3.4 
buffer              1917   117.908    1.1 
logic              20053  1774.780   16.4 
physical_cells         0     0.000    0.0 
------------------------------------------
total              33847 10845.683  100.0 
