============================================================
  Generated by:           Genus(TM) Synthesis Solution 25.10-p002_1
  Generated on:           Sep 02 2026  02:54:05 pm
  Module:                 gemv_unit
  Operating conditions:   PVT_0P7V_25C (balanced_tree)
  Wireload mode:          enclosed
  Area mode:              timing library
============================================================

Timing
--------

Clock Period 
-------------
clk    769.0 


  Cost    Critical         Violating 
 Group   Path Slack  TNS     Paths   
-------------------------------------
clk             0.2   0.0          0 
default    No paths   0.0            
-------------------------------------
Total                 0.0          0 

Instance Count
--------------
Leaf Instance Count             44430 
Physical Instance count             0 
Sequential Instance Count        1655 
Combinational Instance Count    42775 
Hierarchical Instance Count        33 

Area
----
Cell Area                          11703.235
Physical Cell Area                 0.000
Total Cell Area (Cell+Physical)    11703.235
Net Area                           0.000
Total Area (Cell+Physical+Net)     11703.235

Max Fanout                         1655 (clk)
Min Fanout                         0 (g_mul[1].pv)
Average Fanout                     2.2
Terms to net ratio                 3.2192
Terms to instance ratio            3.2978
Runtime                            217.03839299999967 seconds
Elapsed Runtime                    217 seconds
Genus peak memory usage            2486.89 
Innovus peak memory usage          no_value 
Hostname                           squire.ece.uw.edu
