============================================================
  Generated by:           Genus(TM) Synthesis Solution 25.10-p002_1
  Generated on:           Aug 31 2026  01:00:51 pm
  Module:                 accumulator_logic
  Operating conditions:   PVT_0P7V_25C (balanced_tree)
  Wireload mode:          enclosed
  Area mode:              timing library
============================================================

     Instance       Module   Cell-Count  Cell-Area  Net-Area   Total-Area   Wireload  
--------------------------------------------------------------------------------------
accumulator_logic  NA             11186    967.368     0.000      967.368 <none> (D)  
  g_lane[0].u_add  fp16_add         560     41.830     0.000       41.830 <none> (D)  
  g_lane[10].u_add fp16_add         560     41.830     0.000       41.830 <none> (D)  
  g_lane[11].u_add fp16_add         560     41.830     0.000       41.830 <none> (D)  
  g_lane[12].u_add fp16_add         560     41.830     0.000       41.830 <none> (D)  
  g_lane[13].u_add fp16_add         560     41.830     0.000       41.830 <none> (D)  
  g_lane[14].u_add fp16_add         560     41.830     0.000       41.830 <none> (D)  
  g_lane[15].u_add fp16_add         560     41.830     0.000       41.830 <none> (D)  
  g_lane[1].u_add  fp16_add         560     41.830     0.000       41.830 <none> (D)  
  g_lane[2].u_add  fp16_add         560     41.830     0.000       41.830 <none> (D)  
  g_lane[3].u_add  fp16_add         560     41.830     0.000       41.830 <none> (D)  
  g_lane[4].u_add  fp16_add         560     41.830     0.000       41.830 <none> (D)  
  g_lane[5].u_add  fp16_add         560     41.830     0.000       41.830 <none> (D)  
  g_lane[6].u_add  fp16_add         560     41.830     0.000       41.830 <none> (D)  
  g_lane[7].u_add  fp16_add         560     41.830     0.000       41.830 <none> (D)  
  g_lane[8].u_add  fp16_add         560     41.830     0.000       41.830 <none> (D)  
  g_lane[9].u_add  fp16_add         560     41.830     0.000       41.830 <none> (D)  
  (D) = wireload is default in technology library
