============================================================
  Generated by:           Genus(TM) Synthesis Solution 25.10-p002_1
  Generated on:           Aug 31 2026  01:00:52 pm
  Operating conditions:   PVT_0P7V_25C (balanced_tree)
  Wireload mode:          enclosed
  Area mode:              timing library
============================================================

                                                                                     
           Gate             Instances   Area                  Library                
-------------------------------------------------------------------------------------
A2O1A1Ixp33_ASAP7_75t_SL           96   8.398     asap7sc7p5t_AO_SLVT_TT_nldm_201020 
A2O1A1O1Ixp25_ASAP7_75t_SL         48   6.299     asap7sc7p5t_AO_SLVT_TT_nldm_201020 
AND2x2_ASAP7_75t_SL                81   7.086 asap7sc7p5t_SIMPLE_SLVT_TT_nldm_201020 
AND2x4_ASAP7_75t_SL                16   2.333 asap7sc7p5t_SIMPLE_SLVT_TT_nldm_201020 
AND4x1_ASAP7_75t_SL                16   1.633 asap7sc7p5t_SIMPLE_SLVT_TT_nldm_201020 
AND5x1_ASAP7_75t_SL                32   3.732 asap7sc7p5t_SIMPLE_SLVT_TT_nldm_201020 
AO21x1_ASAP7_75t_SL                16   1.400     asap7sc7p5t_AO_SLVT_TT_nldm_201020 
AO32x1_ASAP7_75t_SL               240  27.994     asap7sc7p5t_AO_SLVT_TT_nldm_201020 
AOI211xp5_ASAP7_75t_SL             48   4.199     asap7sc7p5t_AO_SLVT_TT_nldm_201020 
AOI21x1_ASAP7_75t_L                16   1.866      asap7sc7p5t_AO_LVT_TT_nldm_201020 
AOI21xp33_ASAP7_75t_SL             64   4.666     asap7sc7p5t_AO_SLVT_TT_nldm_201020 
AOI21xp5_ASAP7_75t_SL             128   9.331     asap7sc7p5t_AO_SLVT_TT_nldm_201020 
AOI221xp5_ASAP7_75t_SL             96   9.798     asap7sc7p5t_AO_SLVT_TT_nldm_201020 
AOI22x1_ASAP7_75t_SL               16   2.333     asap7sc7p5t_AO_SLVT_TT_nldm_201020 
AOI22xp33_ASAP7_75t_L              16   1.400      asap7sc7p5t_AO_LVT_TT_nldm_201020 
AOI22xp33_ASAP7_75t_SL            272  23.795     asap7sc7p5t_AO_SLVT_TT_nldm_201020 
AOI22xp5_ASAP7_75t_L               49   4.287      asap7sc7p5t_AO_LVT_TT_nldm_201020 
AOI22xp5_ASAP7_75t_SL            1041  91.067     asap7sc7p5t_AO_SLVT_TT_nldm_201020 
AOI322xp5_ASAP7_75t_SL             32   4.199     asap7sc7p5t_AO_SLVT_TT_nldm_201020 
AOI32xp33_ASAP7_75t_SL             16   1.633     asap7sc7p5t_AO_SLVT_TT_nldm_201020 
ASYNC_DFFHx1_ASAP7_75t_L          274 103.868     asap7sc7p5t_SEQ_LVT_TT_nldm_201020 
ASYNC_DFFHx1_ASAP7_75t_SL         517 195.984    asap7sc7p5t_SEQ_SLVT_TT_nldm_201020 
BUFx2_ASAP7_75t_L                   4   0.292  asap7sc7p5t_INVBUF_LVT_TT_nldm_201020 
CKINVDCx11_ASAP7_75t_R              2   0.000  asap7sc7p5t_INVBUF_RVT_TT_nldm_201020 
CKINVDCx14_ASAP7_75t_R             64   0.000  asap7sc7p5t_INVBUF_RVT_TT_nldm_201020 
CKINVDCx16_ASAP7_75t_R            224   0.000  asap7sc7p5t_INVBUF_RVT_TT_nldm_201020 
CKINVDCx20_ASAP7_75t_R            890   0.000  asap7sc7p5t_INVBUF_RVT_TT_nldm_201020 
CKINVDCx5p33_ASAP7_75t_R          402   0.000  asap7sc7p5t_INVBUF_RVT_TT_nldm_201020 
HAxp5_ASAP7_75t_SL                 16   2.100 asap7sc7p5t_SIMPLE_SLVT_TT_nldm_201020 
HB1xp67_ASAP7_75t_L                14   0.816  asap7sc7p5t_INVBUF_LVT_TT_nldm_201020 
HB4xp67_ASAP7_75t_L                 1   0.102  asap7sc7p5t_INVBUF_LVT_TT_nldm_201020 
INVx1_ASAP7_75t_SL                546  23.882 asap7sc7p5t_INVBUF_SLVT_TT_nldm_201020 
INVx2_ASAP7_75t_SL                 33   1.925 asap7sc7p5t_INVBUF_SLVT_TT_nldm_201020 
INVx5_ASAP7_75t_SL                 16   1.633 asap7sc7p5t_INVBUF_SLVT_TT_nldm_201020 
INVxp33_ASAP7_75t_SL               64   2.799 asap7sc7p5t_INVBUF_SLVT_TT_nldm_201020 
INVxp67_ASAP7_75t_SL             1295  56.643 asap7sc7p5t_INVBUF_SLVT_TT_nldm_201020 
MAJIxp5_ASAP7_75t_SL              176  17.963 asap7sc7p5t_SIMPLE_SLVT_TT_nldm_201020 
NAND2xp33_ASAP7_75t_L              32   1.866  asap7sc7p5t_SIMPLE_LVT_TT_nldm_201020 
NAND2xp33_ASAP7_75t_SL             48   2.799 asap7sc7p5t_SIMPLE_SLVT_TT_nldm_201020 
NAND2xp5_ASAP7_75t_L               96   5.599  asap7sc7p5t_SIMPLE_LVT_TT_nldm_201020 
NAND2xp5_ASAP7_75t_SL             833  48.581 asap7sc7p5t_SIMPLE_SLVT_TT_nldm_201020 
NAND3xp33_ASAP7_75t_SL             64   4.666 asap7sc7p5t_SIMPLE_SLVT_TT_nldm_201020 
NAND5xp2_ASAP7_75t_SL              64   6.532 asap7sc7p5t_SIMPLE_SLVT_TT_nldm_201020 
NOR2xp33_ASAP7_75t_SL             816  47.589 asap7sc7p5t_SIMPLE_SLVT_TT_nldm_201020 
NOR3xp33_ASAP7_75t_SL              81   5.905 asap7sc7p5t_SIMPLE_SLVT_TT_nldm_201020 
NOR5xp2_ASAP7_75t_SL               32   3.266 asap7sc7p5t_SIMPLE_SLVT_TT_nldm_201020 
O2A1O1Ixp33_ASAP7_75t_SL          192  16.796     asap7sc7p5t_OA_SLVT_TT_nldm_201020 
OA21x2_ASAP7_75t_SL                48   4.899     asap7sc7p5t_OA_SLVT_TT_nldm_201020 
OAI211xp5_ASAP7_75t_SL            176  15.396     asap7sc7p5t_OA_SLVT_TT_nldm_201020 
OAI21xp33_ASAP7_75t_SL             32   2.333     asap7sc7p5t_OA_SLVT_TT_nldm_201020 
OAI21xp5_ASAP7_75t_SL             256  18.662     asap7sc7p5t_OA_SLVT_TT_nldm_201020 
OAI221xp5_ASAP7_75t_L              16   1.633      asap7sc7p5t_OA_LVT_TT_nldm_201020 
OAI221xp5_ASAP7_75t_SL             48   4.899     asap7sc7p5t_OA_SLVT_TT_nldm_201020 
OAI222xp33_ASAP7_75t_SL            48   6.998     asap7sc7p5t_OA_SLVT_TT_nldm_201020 
OAI22xp33_ASAP7_75t_SL             32   2.799     asap7sc7p5t_OA_SLVT_TT_nldm_201020 
OAI22xp5_ASAP7_75t_SL             962  84.156     asap7sc7p5t_OA_SLVT_TT_nldm_201020 
OAI32xp33_ASAP7_75t_L              16   1.633      asap7sc7p5t_OA_LVT_TT_nldm_201020 
OAI332xp33_ASAP7_75t_SL            16   2.333     asap7sc7p5t_OA_SLVT_TT_nldm_201020 
OR2x2_ASAP7_75t_SL                 33   2.887 asap7sc7p5t_SIMPLE_SLVT_TT_nldm_201020 
XNOR2xp5_ASAP7_75t_SL              96  12.597 asap7sc7p5t_SIMPLE_SLVT_TT_nldm_201020 
XOR2x2_ASAP7_75t_SL                48   7.698 asap7sc7p5t_SIMPLE_SLVT_TT_nldm_201020 
XOR2xp5_ASAP7_75t_L                48   6.299  asap7sc7p5t_SIMPLE_LVT_TT_nldm_201020 
XOR2xp5_ASAP7_75t_SL              176  23.095 asap7sc7p5t_SIMPLE_SLVT_TT_nldm_201020 
-------------------------------------------------------------------------------------
total                           11186 967.368                                        
                                                                     
                Library                Instances   Area  Instances % 
---------------------------------------------------------------------
asap7sc7p5t_AO_LVT_TT_nldm_201020             81   7.552         0.7 
asap7sc7p5t_AO_SLVT_TT_nldm_201020          2113 195.110        18.9 
asap7sc7p5t_INVBUF_LVT_TT_nldm_201020         19   1.210         0.2 
asap7sc7p5t_INVBUF_RVT_TT_nldm_201020       1582   0.000        14.1 
asap7sc7p5t_INVBUF_SLVT_TT_nldm_201020      1954  86.882        17.5 
asap7sc7p5t_OA_LVT_TT_nldm_201020             32   3.266         0.3 
asap7sc7p5t_OA_SLVT_TT_nldm_201020          1810 159.272        16.2 
asap7sc7p5t_SEQ_LVT_TT_nldm_201020           274 103.868         2.4 
asap7sc7p5t_SEQ_SLVT_TT_nldm_201020          517 195.984         4.6 
asap7sc7p5t_SIMPLE_LVT_TT_nldm_201020        176  13.764         1.6 
asap7sc7p5t_SIMPLE_SLVT_TT_nldm_201020      2628 200.460        23.5 
                                        
     Type      Instances   Area  Area % 
----------------------------------------
sequential           791 299.852   31.0 
inverter            3536  86.882    9.0 
buffer                19   1.210    0.1 
logic               6840 579.424   59.9 
physical_cells         0   0.000    0.0 
----------------------------------------
total              11186 967.368  100.0 
