============================================================
  Generated by:           Genus(TM) Synthesis Solution 25.10-p002_1
  Generated on:           Aug 31 2026  01:00:51 pm
  Module:                 accumulator_logic
  Operating conditions:   PVT_0P7V_25C (balanced_tree)
  Wireload mode:          enclosed
  Area mode:              timing library
============================================================


Path 1: MET (50 ps) Setup Check with Pin g_lane[15].u_add/y_reg[13]/CLK->D
          Group: clk
     Startpoint: (R) retime_3_reg/CLK
          Clock: (R) clk
       Endpoint: (F) g_lane[15].u_add/y_reg[13]/D
          Clock: (R) clk

                     Capture       Launch     
        Clock Edge:+    1502            0     
       Src Latency:+       0            0     
       Net Latency:+       0 (I)        0 (I) 
           Arrival:=    1502            0     
                                              
             Setup:-      11                  
       Uncertainty:-      45                  
     Required Time:=    1445                  
      Launch Clock:-       0                  
         Data Path:-    1396                  
             Slack:=      50                  

#----------------------------------------------------------------------------------------------------------------------------------------------
#                    Timing Point                     Flags    Arc    Edge           Cell             Fanout Load Trans Delay Arrival Instance 
#                                                                                                            (fF)  (ps)  (ps)   (ps)  Location 
#----------------------------------------------------------------------------------------------------------------------------------------------
  retime_3_reg/CLK                                    -       -       R     (arrival)                    791    -     0     0       0    (-,-) 
  retime_3_reg/QN                                     -       CLK->QN F     ASYNC_DFFHx1_ASAP7_75t_SL     20 23.3   131    95      95    (-,-) 
  g14677__2398/Y                                      -       B2->Y   R     OAI22xp5_ASAP7_75t_SL          3 13.0   188   106     201    (-,-) 
  g23243__7482/Y                                      -       B->Y    R     OR2x2_ASAP7_75t_SL            23 23.1    83    56     258    (-,-) 
  g23236/Y                                            -       A->Y    R     HB4xp67_ASAP7_75t_L           24 12.0   141   120     378    (-,-) 
  g22809__2346/Y                                      -       A1->Y   R     AO32x1_ASAP7_75t_SL            5 14.1   101    66     444    (-,-) 
  g_lane[15].u_add/g7973__5122/Y                      (P)     A1->Y   F     AOI22xp5_ASAP7_75t_SL          1  0.5    34     9     453    (-,-) 
  g_lane[15].u_add/g7964__8428/Y                      (P)     A->Y    R     NAND2xp5_ASAP7_75t_SL          3  1.7    28    19     472    (-,-) 
  g_lane[15].u_add/g7955__1666/Y                      (P)     B->Y    F     NOR2xp33_ASAP7_75t_SL          1  0.6    18    12     484    (-,-) 
  g_lane[15].u_add/g7953__2883/Y                      (P)     A1->Y   R     AOI21xp5_ASAP7_75t_SL          1  1.1    22    12     496    (-,-) 
  g_lane[15].u_add/g7952__9945/Y                      (P)     B->Y    R     AND2x4_ASAP7_75t_SL           13 10.1    21    22     518    (-,-) 
  g_lane[15].u_add/g7945__5115/Y                      (P)     B->Y    F     NAND2xp5_ASAP7_75t_SL          1  0.6    28     8     525    (-,-) 
  g_lane[15].u_add/g7942__6131/Y                      (P)     B->Y    F     OA21x2_ASAP7_75t_SL            6  4.7    18    21     546    (-,-) 
  g_lane[15].u_add/g7937/Y                            (P)     A->Y    R     INVx2_ASAP7_75t_SL             5  2.9    14    10     556    (-,-) 
  g_lane[15].u_add/g7889__8428/Y                      (P)     B2->Y   F     AOI22xp33_ASAP7_75t_SL         3  1.6    37    16     572    (-,-) 
  g_lane[15].u_add/g7861__1881/Y                      (P)     A2->Y   F     OA21x2_ASAP7_75t_SL           13  7.6    26    31     604    (-,-) 
  g_lane[15].u_add/g7834__7410/Y                      (P)     B->Y    R     NAND2xp5_ASAP7_75t_SL          3  1.9    29    17     621    (-,-) 
  g_lane[15].u_add/g7832/Y                            (P)     A->Y    F     INVx1_ASAP7_75t_SL             2  1.1    14     8     628    (-,-) 
  g_lane[15].u_add/g7807__1617/Y                      (P)     A->Y    R     NAND2xp5_ASAP7_75t_SL          1  0.6    13     9     637    (-,-) 
  g_lane[15].u_add/g7789__1666/Y                      (P)     B->Y    F     NAND2xp5_ASAP7_75t_SL          3  1.6    20    11     649    (-,-) 
  g_lane[15].u_add/g7784__9945/Y                      (P)     A->Y    R     NAND2xp5_ASAP7_75t_L           1  0.6    15    12     661    (-,-) 
  g_lane[15].u_add/g7772__5122/Y                      (P)     C->Y    F     O2A1O1Ixp33_ASAP7_75t_SL       1  0.6    18     9     670    (-,-) 
  g_lane[15].u_add/g7768__3680/Y                      (P)     C->Y    R     O2A1O1Ixp33_ASAP7_75t_SL       1  0.6    23    13     683    (-,-) 
  g_lane[15].u_add/g2/Y                               (P)     C->Y    F     O2A1O1Ixp33_ASAP7_75t_SL       1  0.5    16    10     693    (-,-) 
  g_lane[15].u_add/g7761__2398/Y                      (P)     B->Y    R     OAI211xp5_ASAP7_75t_SL         3  1.3    39    14     707    (-,-) 
  g_lane[15].u_add/sub_75_53_Y_add_74_53_g795__2802/Y (P)     B->Y    F     NOR2xp33_ASAP7_75t_SL          2  1.5    64    22     729    (-,-) 
  g_lane[15].u_add/sub_75_53_Y_add_74_53_g767__2346/Y (P)     A->Y    F     AND2x2_ASAP7_75t_SL            2  1.6    12    26     755    (-,-) 
  g_lane[15].u_add/sub_75_53_Y_add_74_53_g753__6161/Y (P)     B->Y    R     NAND2xp5_ASAP7_75t_SL          2  1.6    32    12     767    (-,-) 
  g_lane[15].u_add/sub_75_53_Y_add_74_53_g740__1881/Y (P)     A->Y    F     MAJIxp5_ASAP7_75t_SL           2  1.6    33    16     783    (-,-) 
  g_lane[15].u_add/sub_75_53_Y_add_74_53_g736__6131/Y (P)     A->Y    R     MAJIxp5_ASAP7_75t_SL           2  1.7    40    21     804    (-,-) 
  g_lane[15].u_add/sub_75_53_Y_add_74_53_g733__7098/Y (P)     A->Y    F     MAJIxp5_ASAP7_75t_SL           2  1.6    33    17     821    (-,-) 
  g_lane[15].u_add/sub_75_53_Y_add_74_53_g730__8246/Y (P)     A->Y    R     MAJIxp5_ASAP7_75t_SL           2  1.6    39    21     842    (-,-) 
  g_lane[15].u_add/sub_75_53_Y_add_74_53_g728__5122/Y (P)     A->Y    F     MAJIxp5_ASAP7_75t_SL           2  1.6    33    17     859    (-,-) 
  g_lane[15].u_add/sub_75_53_Y_add_74_53_g725__1705/Y (P)     A->Y    R     MAJIxp5_ASAP7_75t_SL           2  1.7    40    21     880    (-,-) 
  g_lane[15].u_add/sub_75_53_Y_add_74_53_g722__2802/Y (P)     A->Y    F     MAJIxp5_ASAP7_75t_SL           2  1.6    33    17     897    (-,-) 
  g_lane[15].u_add/sub_75_53_Y_add_74_53_g719__1617/Y (P)     A->Y    R     MAJIxp5_ASAP7_75t_SL           2  1.6    39    21     918    (-,-) 
  g_lane[15].u_add/sub_75_53_Y_add_74_53_g716__3680/Y (P)     A->Y    F     MAJIxp5_ASAP7_75t_SL           2  1.6    33    17     934    (-,-) 
  g_lane[15].u_add/sub_75_53_Y_add_74_53_g712__6783/Y (P)     A->Y    R     MAJIxp5_ASAP7_75t_SL           2  1.4    36    20     954    (-,-) 
  g_lane[15].u_add/sub_75_53_Y_add_74_53_g711__5526/Y (P)     A->Y    F     XOR2x2_ASAP7_75t_SL            4  2.2    13    22     976    (-,-) 
  g_lane[15].u_add/g7220/Y                            (P)     A->Y    R     INVxp67_ASAP7_75t_SL           3  1.7    20    12     988    (-,-) 
  g_lane[15].u_add/g7197__2346/Y                      (P)     A->Y    F     NAND2xp5_ASAP7_75t_SL          2  1.0    16     8     996    (-,-) 
  g_lane[15].u_add/g7183__7482/Y                      (P)     A->Y    R     NOR2xp33_ASAP7_75t_SL          2  1.1    26    14    1010    (-,-) 
  g_lane[15].u_add/g7169__2802/Y                      (P)     B->Y    F     NAND2xp5_ASAP7_75t_SL          5  2.5    33    17    1028    (-,-) 
  g_lane[15].u_add/g8047/Y                            (P)     A->Y    R     NOR2xp33_ASAP7_75t_SL          2  0.8    24    14    1041    (-,-) 
  g_lane[15].u_add/g7149__2346/Y                      (P)     B->Y    F     NOR2xp33_ASAP7_75t_SL          3  1.8    65    22    1063    (-,-) 
  g_lane[15].u_add/g7141__4733/Y                      (P)     B->Y    R     NAND2xp5_ASAP7_75t_SL          6  3.4    50    32    1095    (-,-) 
  g_lane[15].u_add/g7073__5526/Y                      (P)     A2->Y   F     OAI22xp5_ASAP7_75t_SL          2  1.1    26    14    1109    (-,-) 
  g_lane[15].u_add/g7057__9945/Y                      (P)     B->Y    R     NAND2xp5_ASAP7_75t_SL          3  1.4    23    15    1124    (-,-) 
  g_lane[15].u_add/g7041__5122/Y                      (P)     B->Y    F     NOR2xp33_ASAP7_75t_SL          3  1.7    39    21    1145    (-,-) 
  g_lane[15].u_add/g7037__2802/Y                      (P)     B->Y    R     NAND2xp5_ASAP7_75t_SL          3  1.4    25    17    1162    (-,-) 
  g_lane[15].u_add/g7030__8428/Y                      (P)     B->Y    F     NOR2xp33_ASAP7_75t_SL          3  1.7    38    21    1183    (-,-) 
  g_lane[15].u_add/g7025__6260/Y                      (P)     B->Y    R     NAND2xp5_ASAP7_75t_SL          3  1.4    25    17    1200    (-,-) 
  g_lane[15].u_add/g7022__2398/Y                      (P)     B->Y    F     NOR2xp33_ASAP7_75t_SL          3  1.7    38    21    1220    (-,-) 
  g_lane[15].u_add/g7020__5477/Y                      (P)     B->Y    R     NAND2xp5_ASAP7_75t_SL          3  1.4    25    17    1237    (-,-) 
  g_lane[15].u_add/g7018__6417/Y                      (P)     B->Y    F     NOR2xp33_ASAP7_75t_SL          3  1.7    41    21    1258    (-,-) 
  g_lane[15].u_add/g7016__7410/Y                      (P)     B->Y    R     NAND2xp5_ASAP7_75t_SL          3  1.6    27    18    1277    (-,-) 
  g_lane[15].u_add/g7015/Y                            (P)     A->Y    F     INVxp67_ASAP7_75t_SL           2  1.2    17    10    1287    (-,-) 
  g_lane[15].u_add/g7013__2346/Y                      (P)     B->Y    R     NAND2xp5_ASAP7_75t_SL          3  1.4    22    13    1300    (-,-) 
  g_lane[15].u_add/g7010__9945/Y                      (P)     B->Y    F     NOR2xp33_ASAP7_75t_SL          3  1.4    28    18    1318    (-,-) 
  g_lane[15].u_add/g7007__6161/Y                      (P)     B->Y    R     AOI21xp33_ASAP7_75t_SL         2  1.4    36    22    1341    (-,-) 
  g_lane[15].u_add/g7000__7098/Y                      (P)     A2->Y   F     AOI21x1_ASAP7_75t_L           11  8.8    54    30    1371    (-,-) 
  g_lane[15].u_add/g8032/Y                            (P)     A->Y    R     CKINVDCx5p33_ASAP7_75t_R       4  2.0    16    14    1385    (-,-) 
  g_lane[15].u_add/g6985__5107/Y                      (P)     B->Y    F     NOR2xp33_ASAP7_75t_SL          1  0.6    17    11    1396    (-,-) 
  g_lane[15].u_add/y_reg[13]/D                        <<< (P) -       F     ASYNC_DFFHx1_ASAP7_75t_L       1    -     -     0    1396    (-,-) 
#----------------------------------------------------------------------------------------------------------------------------------------------

(P) : Instance is preserved

