============================================================
  Generated by:           Genus(TM) Synthesis Solution 25.10-p002_1
  Generated on:           Sep 02 2026  02:32:35 pm
  Module:                 accumulator_logic
  Operating conditions:   PVT_0P7V_25C (balanced_tree)
  Wireload mode:          enclosed
  Area mode:              timing library
============================================================

Timing
--------

Clock Period 
-------------
clk   1502.0 


  Cost    Critical         Violating 
 Group   Path Slack  TNS     Paths   
-------------------------------------
clk           201.2   0.0          0 
default    No paths   0.0            
-------------------------------------
Total                 0.0          0 

Instance Count
--------------
Leaf Instance Count             11749 
Physical Instance count             0 
Sequential Instance Count         789 
Combinational Instance Count    10960 
Hierarchical Instance Count        16 

Area
----
Cell Area                          1003.250
Physical Cell Area                 0.000
Total Cell Area (Cell+Physical)    1003.250
Net Area                           0.000
Total Area (Cell+Physical+Net)     1003.250

Max Fanout                         789 (clk)
Min Fanout                         0 (n_24)
Average Fanout                     2.4
Terms to net ratio                 3.4909
Terms to instance ratio            3.5783
Runtime                            60.56644400000002 seconds
Elapsed Runtime                    57 seconds
Genus peak memory usage            2372.64 
Innovus peak memory usage          no_value 
Hostname                           squire.ece.uw.edu
