============================================================
  Generated by:           Genus(TM) Synthesis Solution 25.10-p002_1
  Generated on:           Aug 31 2026  12:57:11 pm
  Operating conditions:   PVT_0P7V_25C (balanced_tree)
  Wireload mode:          enclosed
  Area mode:              timing library
============================================================

                                                                                   
           Gate            Instances  Area                  Library                
-----------------------------------------------------------------------------------
A2O1A1Ixp33_ASAP7_75t_SL           1  0.087     asap7sc7p5t_AO_SLVT_TT_nldm_201020 
AND2x2_ASAP7_75t_SL               14  1.225 asap7sc7p5t_SIMPLE_SLVT_TT_nldm_201020 
AND2x4_ASAP7_75t_SL                2  0.292 asap7sc7p5t_SIMPLE_SLVT_TT_nldm_201020 
AND3x1_ASAP7_75t_SL                1  0.087 asap7sc7p5t_SIMPLE_SLVT_TT_nldm_201020 
AOI211xp5_ASAP7_75t_SL             1  0.087     asap7sc7p5t_AO_SLVT_TT_nldm_201020 
AOI21xp5_ASAP7_75t_L               2  0.146      asap7sc7p5t_AO_LVT_TT_nldm_201020 
AOI21xp5_ASAP7_75t_SL             16  1.166     asap7sc7p5t_AO_SLVT_TT_nldm_201020 
AOI221xp5_ASAP7_75t_SL             1  0.102     asap7sc7p5t_AO_SLVT_TT_nldm_201020 
AOI22xp33_ASAP7_75t_L              1  0.087      asap7sc7p5t_AO_LVT_TT_nldm_201020 
AOI22xp33_ASAP7_75t_SL             1  0.087     asap7sc7p5t_AO_SLVT_TT_nldm_201020 
AOI22xp5_ASAP7_75t_L              18  1.575      asap7sc7p5t_AO_LVT_TT_nldm_201020 
AOI22xp5_ASAP7_75t_SL             60  5.249     asap7sc7p5t_AO_SLVT_TT_nldm_201020 
AOI311xp33_ASAP7_75t_SL            1  0.102     asap7sc7p5t_AO_SLVT_TT_nldm_201020 
AOI31xp33_ASAP7_75t_SL             1  0.087     asap7sc7p5t_AO_SLVT_TT_nldm_201020 
AOI32xp33_ASAP7_75t_SL             1  0.102     asap7sc7p5t_AO_SLVT_TT_nldm_201020 
ASYNC_DFFHx1_ASAP7_75t_L           7  2.654     asap7sc7p5t_SEQ_LVT_TT_nldm_201020 
ASYNC_DFFHx1_ASAP7_75t_SL         10  3.791    asap7sc7p5t_SEQ_SLVT_TT_nldm_201020 
CKINVDCx14_ASAP7_75t_R             3  0.000  asap7sc7p5t_INVBUF_RVT_TT_nldm_201020 
CKINVDCx16_ASAP7_75t_R             8  0.000  asap7sc7p5t_INVBUF_RVT_TT_nldm_201020 
CKINVDCx20_ASAP7_75t_R            80  0.000  asap7sc7p5t_INVBUF_RVT_TT_nldm_201020 
CKINVDCx5p33_ASAP7_75t_R           5  0.000  asap7sc7p5t_INVBUF_RVT_TT_nldm_201020 
FAx1_ASAP7_75t_SL                  2  0.408 asap7sc7p5t_SIMPLE_SLVT_TT_nldm_201020 
HAxp5_ASAP7_75t_SL                 2  0.262 asap7sc7p5t_SIMPLE_SLVT_TT_nldm_201020 
INVx1_ASAP7_75t_SL                44  1.925 asap7sc7p5t_INVBUF_SLVT_TT_nldm_201020 
INVx2_ASAP7_75t_SL                 2  0.117 asap7sc7p5t_INVBUF_SLVT_TT_nldm_201020 
INVxp33_ASAP7_75t_SL               2  0.087 asap7sc7p5t_INVBUF_SLVT_TT_nldm_201020 
INVxp67_ASAP7_75t_SL              50  2.187 asap7sc7p5t_INVBUF_SLVT_TT_nldm_201020 
MAJIxp5_ASAP7_75t_SL              43  4.389 asap7sc7p5t_SIMPLE_SLVT_TT_nldm_201020 
NAND2xp33_ASAP7_75t_L              1  0.058  asap7sc7p5t_SIMPLE_LVT_TT_nldm_201020 
NAND2xp5_ASAP7_75t_L              11  0.642  asap7sc7p5t_SIMPLE_LVT_TT_nldm_201020 
NAND2xp5_ASAP7_75t_SL             43  2.508 asap7sc7p5t_SIMPLE_SLVT_TT_nldm_201020 
NAND5xp2_ASAP7_75t_SL              5  0.510 asap7sc7p5t_SIMPLE_SLVT_TT_nldm_201020 
NOR2x1_ASAP7_75t_SL                1  0.087 asap7sc7p5t_SIMPLE_SLVT_TT_nldm_201020 
NOR2xp33_ASAP7_75t_SL             51  2.974 asap7sc7p5t_SIMPLE_SLVT_TT_nldm_201020 
NOR4xp25_ASAP7_75t_SL              1  0.087 asap7sc7p5t_SIMPLE_SLVT_TT_nldm_201020 
NOR5xp2_ASAP7_75t_SL               2  0.204 asap7sc7p5t_SIMPLE_SLVT_TT_nldm_201020 
O2A1O1Ixp33_ASAP7_75t_SL           5  0.437     asap7sc7p5t_OA_SLVT_TT_nldm_201020 
OAI211xp5_ASAP7_75t_SL             9  0.787     asap7sc7p5t_OA_SLVT_TT_nldm_201020 
OAI21xp33_ASAP7_75t_SL             1  0.073     asap7sc7p5t_OA_SLVT_TT_nldm_201020 
OAI21xp5_ASAP7_75t_SL             13  0.948     asap7sc7p5t_OA_SLVT_TT_nldm_201020 
OAI221xp5_ASAP7_75t_SL             3  0.306     asap7sc7p5t_OA_SLVT_TT_nldm_201020 
OAI22xp33_ASAP7_75t_SL             2  0.175     asap7sc7p5t_OA_SLVT_TT_nldm_201020 
OAI22xp5_ASAP7_75t_SL             90  7.873     asap7sc7p5t_OA_SLVT_TT_nldm_201020 
OAI321xp33_ASAP7_75t_SL            1  0.117     asap7sc7p5t_OA_SLVT_TT_nldm_201020 
OR2x2_ASAP7_75t_SL                 3  0.262 asap7sc7p5t_SIMPLE_SLVT_TT_nldm_201020 
OR5x1_ASAP7_75t_SL                 1  0.117 asap7sc7p5t_SIMPLE_SLVT_TT_nldm_201020 
OR5x2_ASAP7_75t_SL                 2  0.262 asap7sc7p5t_SIMPLE_SLVT_TT_nldm_201020 
XNOR2x2_ASAP7_75t_SL               1  0.160 asap7sc7p5t_SIMPLE_SLVT_TT_nldm_201020 
XNOR2xp5_ASAP7_75t_SL             48  6.299 asap7sc7p5t_SIMPLE_SLVT_TT_nldm_201020 
XOR2xp5_ASAP7_75t_SL              34  4.461 asap7sc7p5t_SIMPLE_SLVT_TT_nldm_201020 
-----------------------------------------------------------------------------------
total                            707 55.652                                        
                                                                    
                Library                Instances  Area  Instances % 
--------------------------------------------------------------------
asap7sc7p5t_AO_LVT_TT_nldm_201020             21  1.808         3.0 
asap7sc7p5t_AO_SLVT_TT_nldm_201020            83  7.071        11.7 
asap7sc7p5t_INVBUF_RVT_TT_nldm_201020         96  0.000        13.6 
asap7sc7p5t_INVBUF_SLVT_TT_nldm_201020        98  4.316        13.9 
asap7sc7p5t_OA_SLVT_TT_nldm_201020           124 10.716        17.5 
asap7sc7p5t_SEQ_LVT_TT_nldm_201020             7  2.654         1.0 
asap7sc7p5t_SEQ_SLVT_TT_nldm_201020           10  3.791         1.4 
asap7sc7p5t_SIMPLE_LVT_TT_nldm_201020         12  0.700         1.7 
asap7sc7p5t_SIMPLE_SLVT_TT_nldm_201020       256 24.596        36.2 
                                       
     Type      Instances  Area  Area % 
---------------------------------------
sequential            17  6.444   11.6 
inverter             194  4.316    7.8 
logic                496 44.892   80.7 
physical_cells         0  0.000    0.0 
---------------------------------------
total                707 55.652  100.0 
