============================================================
  Generated by:           Genus(TM) Synthesis Solution 25.10-p002_1
  Generated on:           Sep 02 2026  02:26:40 pm
  Module:                 fp16_mult
  Operating conditions:   PVT_0P7V_25C (balanced_tree)
  Wireload mode:          enclosed
  Area mode:              timing library
============================================================


Path 1: MET (0 ps) Setup Check with Pin y_reg[12]/CLK->D
          Group: clk
     Startpoint: (R) b[9]
          Clock: (R) clk
       Endpoint: (F) y_reg[12]/D
          Clock: (R) clk

                     Capture       Launch     
        Clock Edge:+    1350            0     
        Drv Adjust:+       0           17     
       Src Latency:+       0            0     
       Net Latency:+       0 (I)        0 (I) 
           Arrival:=    1350           17     
                                              
             Setup:-      15                  
       Uncertainty:-      40                  
     Required Time:=    1295                  
      Launch Clock:-      17                  
       Input Delay:-     338                  
         Data Path:-     940                  
             Slack:=       0                  

Exceptions/Constraints:
  input_delay             338             in_del_24_1   

#-----------------------------------------------------------------------------------------------------------------
#      Timing Point       Flags   Arc   Edge            Cell             Fanout Load Trans Delay Arrival Instance 
#                                                                               (fF)  (ps)  (ps)   (ps)  Location 
#-----------------------------------------------------------------------------------------------------------------
  b[9]                    -       -     R     (arrival)                      17 14.4    38     0     354    (-,-) 
  mul_42_26_g6802/Y       -       A->Y  F     CKINVDCx8_ASAP7_75t_R          14  8.3    16    15     369    (-,-) 
  mul_42_26_g6689__1881/Y -       A2->Y R     AOI22xp5_ASAP7_75t_SL           2 12.5   162    73     442    (-,-) 
  mul_42_26_g6651/Y       -       A->Y  F     CKINVDCx20_ASAP7_75t_R          1  0.6    21    15     457    (-,-) 
  mul_42_26_g6582__5526/Y -       A1->Y R     AOI22xp5_ASAP7_75t_SL           2  2.3    40    21     477    (-,-) 
  mul_42_26_g6936__1666/Y -       A->Y  R     XOR2xp5_ASAP7_75t_SL            2  2.3    41    28     505    (-,-) 
  mul_42_26_g6241__7482/Y -       B->Y  F     MAJIxp5_ASAP7_75t_SL            2  2.1    34    21     526    (-,-) 
  mul_42_26_g6906__2883/Y -       B->Y  R     XNOR2xp5_ASAP7_75t_SL           1  1.1    28    18     544    (-,-) 
  mul_42_26_g6895__5122/Y -       B->Y  R     XOR2xp5_ASAP7_75t_SL            2  1.0    24    19     562    (-,-) 
  mul_42_26_g6117__1666/Y -       A->Y  F     NOR2xp33_ASAP7_75t_SL           2  1.1    26    17     579    (-,-) 
  mul_42_26_g6111/Y       -       A->Y  R     INVxp67_ASAP7_75t_SL            2  1.1    18    12     592    (-,-) 
  mul_42_26_g6099__6131/Y -       A->Y  F     NAND2xp5_ASAP7_75t_SL           2 12.5   118    54     646    (-,-) 
  mul_42_26_g6098/Y       -       A->Y  R     CKINVDCx20_ASAP7_75t_R          1  0.6    19    17     663    (-,-) 
  mul_42_26_g6078__5526/Y -       B1->Y F     OAI22xp5_ASAP7_75t_SL           4  2.1    56    15     678    (-,-) 
  g4595__3680/Y           -       A->Y  R     NOR2xp33_ASAP7_75t_SL           2  1.0    33    17     694    (-,-) 
  g4575__2883/Y           -       B->Y  F     NAND2xp5_ASAP7_75t_SL           3  1.7    51    14     709    (-,-) 
  g4570__6161/Y           -       A->Y  R     NOR4xp25_ASAP7_75t_SL           2  1.1    49    29     738    (-,-) 
  g4546__4319/Y           -       C->Y  F     A2O1A1Ixp33_ASAP7_75t_SL        1  0.6    28    15     752    (-,-) 
  g4531__2346/Y           -       A2->Y R     A2O1A1Ixp33_ASAP7_75t_SL        1  0.5    22    12     765    (-,-) 
  g4503__2802/Y           -       A2->Y F     A2O1A1O1Ixp25_ASAP7_75t_SL      1  0.6    22    12     777    (-,-) 
  g4501__1617/Y           -       A2->Y F     OA21x2_ASAP7_75t_SL            17  9.8    31    31     808    (-,-) 
  sll_58_26_g2857/Y       -       A->Y  R     INVx1_ASAP7_75t_SL             15  8.3    60    34     842    (-,-) 
  sll_58_26_g2820__5115/Y -       A->Y  F     NAND2xp5_ASAP7_75t_SL           6 14.4   139    66     908    (-,-) 
  sll_58_26_g2777__5122/Y -       B1->Y R     OAI322xp33_ASAP7_75t_SL         2  0.8    77    51     959    (-,-) 
  sll_58_26_g2759__7410/Y -       B->Y  F     NOR2xp33_ASAP7_75t_SL           2  1.0    36    21     980    (-,-) 
  g7042/Y                 -       A2->Y R     OAI32xp33_ASAP7_75t_SL          1  3.7    86    41    1021    (-,-) 
  g7041/Y                 -       A->Y  F     CKINVDCx5p33_ASAP7_75t_R        1  0.4    14    11    1032    (-,-) 
  srl_73_47_g1068__1881/Y -       A->Y  R     NOR2xp33_ASAP7_75t_SL           2  0.9    24    12    1045    (-,-) 
  srl_73_47_g1057__1705/Y -       A->Y  F     NAND2xp5_ASAP7_75t_SL           2  1.2    18     9    1054    (-,-) 
  srl_73_47_g1023__3680/Y -       B2->Y R     OAI22xp5_ASAP7_75t_SL           2  1.2    31    16    1070    (-,-) 
  srl_73_47_g1003__2346/Y -       B2->Y F     AOI22xp5_ASAP7_75t_SL           2  1.2    27    13    1083    (-,-) 
  srl_73_47_g975__5526/Y  -       B2->Y R     OAI22xp5_ASAP7_75t_SL           2  1.2    33    18    1100    (-,-) 
  g4835__9315/Y           -       B->Y  F     NAND2xp5_ASAP7_75t_SL           3  1.4    23    13    1113    (-,-) 
  g4824__7482/Y           -       B->Y  R     NOR2xp33_ASAP7_75t_SL           3  1.7    38    22    1135    (-,-) 
  g4810__8246/Y           -       B->Y  F     NAND2xp5_ASAP7_75t_SL           3  2.1    30    17    1152    (-,-) 
  g4798__3680/Y           -       B->Y  R     NOR2x1_ASAP7_75t_SL             3  1.7    21    12    1164    (-,-) 
  g4791__8428/Y           -       B->Y  F     NAND2xp5_ASAP7_75t_SL           3  2.1    26    15    1179    (-,-) 
  g4784__5107/Y           -       B->Y  R     NOR2x1_ASAP7_75t_SL             3  1.7    20    12    1191    (-,-) 
  g4778__1666/Y           -       B->Y  F     NAND2xp5_ASAP7_75t_SL           3  2.1    26    15    1206    (-,-) 
  g4773__2883/Y           -       B->Y  R     NOR2x1_ASAP7_75t_SL             3  1.7    20    12    1217    (-,-) 
  g4769__6161/Y           -       B->Y  F     NAND2xp5_ASAP7_75t_SL           3  2.1    26    15    1232    (-,-) 
  g4763__1881/Y           -       B->Y  R     NOR2x1_ASAP7_75t_SL             2  1.6    19    12    1244    (-,-) 
  g4757__8246/Y           -       B->Y  F     NAND2x1_ASAP7_75t_SL            2  1.6    20     8    1252    (-,-) 
  g4749__6783/Y           -       B->Y  R     NOR2x1_ASAP7_75t_SL             4  2.3    23    13    1265    (-,-) 
  g4744__6260/Y           -       B->Y  F     NAND2xp5_ASAP7_75t_SL           2  1.0    17    10    1275    (-,-) 
  g4727__2883/Y           -       A->Y  R     NAND2xp5_ASAP7_75t_L            1  0.5    13    11    1285    (-,-) 
  g4721__7482/Y           -       A1->Y F     AOI31xp33_ASAP7_75t_SL          1  0.6    36     9    1295    (-,-) 
  y_reg[12]/D             <<<     -     F     ASYNC_DFFHx1_ASAP7_75t_SL       1    -     -     0    1295    (-,-) 
#-----------------------------------------------------------------------------------------------------------------

