============================================================
  Generated by:           Genus(TM) Synthesis Solution 25.10-p002_1
  Generated on:           Sep 02 2026  02:26:40 pm
  Module:                 fp16_mult
  Operating conditions:   PVT_0P7V_25C (balanced_tree)
  Wireload mode:          enclosed
  Area mode:              timing library
============================================================

Timing
--------

Clock Period 
-------------
clk   1350.0 


  Cost    Critical         Violating 
 Group   Path Slack  TNS     Paths   
-------------------------------------
clk             0.0   0.0          0 
default    No paths   0.0            
-------------------------------------
Total                 0.0          0 

Instance Count
--------------
Leaf Instance Count             982 
Physical Instance count           0 
Sequential Instance Count        17 
Combinational Instance Count    965 
Hierarchical Instance Count       0 

Area
----
Cell Area                          76.020
Physical Cell Area                 0.000
Total Cell Area (Cell+Physical)    76.020
Net Area                           0.000
Total Area (Cell+Physical+Net)     76.020

Max Fanout                         19 (b[5])
Min Fanout                         0 (n_4)
Average Fanout                     2.4
Terms to net ratio                 3.4185
Terms to instance ratio            3.5438
Runtime                            47.847426000000006 seconds
Elapsed Runtime                    49 seconds
Genus peak memory usage            2401.66 
Innovus peak memory usage          no_value 
Hostname                           squire.ece.uw.edu
