============================================================
  Generated by:           Genus(TM) Synthesis Solution 25.10-p002_1
  Generated on:           Aug 31 2026  12:57:16 pm
  Module:                 bf16_add
  Operating conditions:   PVT_0P7V_25C (balanced_tree)
  Wireload mode:          enclosed
  Area mode:              timing library
============================================================

Timing
--------

Clock Period 
-------------
clk   1350.0 


  Cost    Critical         Violating 
 Group   Path Slack  TNS     Paths   
-------------------------------------
clk             0.1   0.0          0 
default    No paths   0.0            
-------------------------------------
Total                 0.0          0 

Instance Count
--------------
Leaf Instance Count             459 
Physical Instance count           0 
Sequential Instance Count        17 
Combinational Instance Count    442 
Hierarchical Instance Count       0 

Area
----
Cell Area                          35.400
Physical Cell Area                 0.000
Total Cell Area (Cell+Physical)    35.400
Net Area                           0.000
Total Area (Cell+Physical+Net)     35.400

Max Fanout                         17 (clk)
Min Fanout                         0 (n_485)
Average Fanout                     2.3
Terms to net ratio                 3.2460
Terms to instance ratio            3.5076
Runtime                            39.183733000000004 seconds
Elapsed Runtime                    40 seconds
Genus peak memory usage            2314.46 
Innovus peak memory usage          no_value 
Hostname                           squire.ece.uw.edu
