============================================================
  Generated by:           Genus(TM) Synthesis Solution 25.10-p002_1
  Generated on:           Aug 31 2026  12:57:17 pm
  Operating conditions:   PVT_0P7V_25C (balanced_tree)
  Wireload mode:          enclosed
  Area mode:              timing library
============================================================

                                                                                    
           Gate             Instances  Area                  Library                
------------------------------------------------------------------------------------
A2O1A1Ixp33_ASAP7_75t_SL            9  0.787     asap7sc7p5t_AO_SLVT_TT_nldm_201020 
A2O1A1O1Ixp25_ASAP7_75t_SL          5  0.656     asap7sc7p5t_AO_SLVT_TT_nldm_201020 
AND2x6_ASAP7_75t_SL                 1  0.175 asap7sc7p5t_SIMPLE_SLVT_TT_nldm_201020 
AND3x2_ASAP7_75t_SL                 1  0.102 asap7sc7p5t_SIMPLE_SLVT_TT_nldm_201020 
AO21x1_ASAP7_75t_L                  1  0.087      asap7sc7p5t_AO_LVT_TT_nldm_201020 
AO21x1_ASAP7_75t_SL                 2  0.175     asap7sc7p5t_AO_SLVT_TT_nldm_201020 
AOI211xp5_ASAP7_75t_SL              4  0.350     asap7sc7p5t_AO_SLVT_TT_nldm_201020 
AOI21xp33_ASAP7_75t_SL              4  0.292     asap7sc7p5t_AO_SLVT_TT_nldm_201020 
AOI21xp5_ASAP7_75t_SL               5  0.365     asap7sc7p5t_AO_SLVT_TT_nldm_201020 
AOI221xp5_ASAP7_75t_L               1  0.102      asap7sc7p5t_AO_LVT_TT_nldm_201020 
AOI221xp5_ASAP7_75t_SL              2  0.204     asap7sc7p5t_AO_SLVT_TT_nldm_201020 
AOI22x1_ASAP7_75t_SL                1  0.146     asap7sc7p5t_AO_SLVT_TT_nldm_201020 
AOI22xp5_ASAP7_75t_L                1  0.087      asap7sc7p5t_AO_LVT_TT_nldm_201020 
AOI22xp5_ASAP7_75t_SL              34  2.974     asap7sc7p5t_AO_SLVT_TT_nldm_201020 
AOI311xp33_ASAP7_75t_SL             1  0.102     asap7sc7p5t_AO_SLVT_TT_nldm_201020 
AOI31xp33_ASAP7_75t_SL              3  0.262     asap7sc7p5t_AO_SLVT_TT_nldm_201020 
AOI32xp33_ASAP7_75t_SL              4  0.408     asap7sc7p5t_AO_SLVT_TT_nldm_201020 
ASYNC_DFFHx1_ASAP7_75t_L            5  1.895     asap7sc7p5t_SEQ_LVT_TT_nldm_201020 
ASYNC_DFFHx1_ASAP7_75t_SL          12  4.549    asap7sc7p5t_SEQ_SLVT_TT_nldm_201020 
CKINVDCx14_ASAP7_75t_R              2  0.000  asap7sc7p5t_INVBUF_RVT_TT_nldm_201020 
CKINVDCx16_ASAP7_75t_R              2  0.000  asap7sc7p5t_INVBUF_RVT_TT_nldm_201020 
CKINVDCx20_ASAP7_75t_R             13  0.000  asap7sc7p5t_INVBUF_RVT_TT_nldm_201020 
CKINVDCx5p33_ASAP7_75t_R           42  0.000  asap7sc7p5t_INVBUF_RVT_TT_nldm_201020 
FAx1_ASAP7_75t_SL                   1  0.204 asap7sc7p5t_SIMPLE_SLVT_TT_nldm_201020 
INVx1_ASAP7_75t_SL                 19  0.831 asap7sc7p5t_INVBUF_SLVT_TT_nldm_201020 
INVx2_ASAP7_75t_L                   3  0.175  asap7sc7p5t_INVBUF_LVT_TT_nldm_201020 
INVx2_ASAP7_75t_SL                  2  0.117 asap7sc7p5t_INVBUF_SLVT_TT_nldm_201020 
INVx8_ASAP7_75t_SL                  1  0.146 asap7sc7p5t_INVBUF_SLVT_TT_nldm_201020 
INVxp33_ASAP7_75t_SL                5  0.219 asap7sc7p5t_INVBUF_SLVT_TT_nldm_201020 
INVxp67_ASAP7_75t_SL               62  2.712 asap7sc7p5t_INVBUF_SLVT_TT_nldm_201020 
NAND2x1p5_ASAP7_75t_SL              2  0.233 asap7sc7p5t_SIMPLE_SLVT_TT_nldm_201020 
NAND2x2_ASAP7_75t_SL                1  0.146 asap7sc7p5t_SIMPLE_SLVT_TT_nldm_201020 
NAND2xp33_ASAP7_75t_L               2  0.117  asap7sc7p5t_SIMPLE_LVT_TT_nldm_201020 
NAND2xp33_ASAP7_75t_SL              3  0.175 asap7sc7p5t_SIMPLE_SLVT_TT_nldm_201020 
NAND2xp5_ASAP7_75t_L                1  0.058  asap7sc7p5t_SIMPLE_LVT_TT_nldm_201020 
NAND2xp5_ASAP7_75t_SL              38  2.216 asap7sc7p5t_SIMPLE_SLVT_TT_nldm_201020 
NAND3x1_ASAP7_75t_SL                1  0.160 asap7sc7p5t_SIMPLE_SLVT_TT_nldm_201020 
NAND3xp33_ASAP7_75t_SL              3  0.219 asap7sc7p5t_SIMPLE_SLVT_TT_nldm_201020 
NAND4xp25_ASAP7_75t_SL              3  0.262 asap7sc7p5t_SIMPLE_SLVT_TT_nldm_201020 
NAND5xp2_ASAP7_75t_SL               3  0.306 asap7sc7p5t_SIMPLE_SLVT_TT_nldm_201020 
NOR2x1_ASAP7_75t_SL                 5  0.437 asap7sc7p5t_SIMPLE_SLVT_TT_nldm_201020 
NOR2x1p5_ASAP7_75t_L                1  0.117  asap7sc7p5t_SIMPLE_LVT_TT_nldm_201020 
NOR2x1p5_ASAP7_75t_SL               1  0.117 asap7sc7p5t_SIMPLE_SLVT_TT_nldm_201020 
NOR2xp33_ASAP7_75t_L                1  0.058  asap7sc7p5t_SIMPLE_LVT_TT_nldm_201020 
NOR2xp33_ASAP7_75t_SL              34  1.983 asap7sc7p5t_SIMPLE_SLVT_TT_nldm_201020 
NOR2xp67_ASAP7_75t_L                5  0.437  asap7sc7p5t_SIMPLE_LVT_TT_nldm_201020 
NOR2xp67_ASAP7_75t_SL               4  0.350 asap7sc7p5t_SIMPLE_SLVT_TT_nldm_201020 
NOR3xp33_ASAP7_75t_SL               3  0.219 asap7sc7p5t_SIMPLE_SLVT_TT_nldm_201020 
NOR4xp25_ASAP7_75t_SL               2  0.175 asap7sc7p5t_SIMPLE_SLVT_TT_nldm_201020 
NOR5xp2_ASAP7_75t_SL                4  0.408 asap7sc7p5t_SIMPLE_SLVT_TT_nldm_201020 
O2A1O1Ixp33_ASAP7_75t_SL           10  0.875     asap7sc7p5t_OA_SLVT_TT_nldm_201020 
O2A1O1Ixp5_ASAP7_75t_SL             1  0.117     asap7sc7p5t_OA_SLVT_TT_nldm_201020 
OAI211xp5_ASAP7_75t_SL             10  0.875     asap7sc7p5t_OA_SLVT_TT_nldm_201020 
OAI21x1_ASAP7_75t_SL                2  0.233     asap7sc7p5t_OA_SLVT_TT_nldm_201020 
OAI21xp33_ASAP7_75t_SL              3  0.219     asap7sc7p5t_OA_SLVT_TT_nldm_201020 
OAI21xp5_ASAP7_75t_SL              10  0.729     asap7sc7p5t_OA_SLVT_TT_nldm_201020 
OAI221xp5_ASAP7_75t_SL              3  0.306     asap7sc7p5t_OA_SLVT_TT_nldm_201020 
OAI22x1_ASAP7_75t_SL                5  0.729     asap7sc7p5t_OA_SLVT_TT_nldm_201020 
OAI22xp33_ASAP7_75t_SL              1  0.087     asap7sc7p5t_OA_SLVT_TT_nldm_201020 
OAI22xp5_ASAP7_75t_SL              32  2.799     asap7sc7p5t_OA_SLVT_TT_nldm_201020 
OAI32xp33_ASAP7_75t_SL              4  0.408     asap7sc7p5t_OA_SLVT_TT_nldm_201020 
XNOR2xp5_ASAP7_75t_L                1  0.131  asap7sc7p5t_SIMPLE_LVT_TT_nldm_201020 
XNOR2xp5_ASAP7_75t_SL               8  1.050 asap7sc7p5t_SIMPLE_SLVT_TT_nldm_201020 
XOR2xp5_ASAP7_75t_SL                4  0.525 asap7sc7p5t_SIMPLE_SLVT_TT_nldm_201020 
------------------------------------------------------------------------------------
total                             459 35.400                                        
                                                                   
                Library                Instances  Area Instances % 
-------------------------------------------------------------------
asap7sc7p5t_AO_LVT_TT_nldm_201020              3 0.277         0.7 
asap7sc7p5t_AO_SLVT_TT_nldm_201020            74 6.721        16.1 
asap7sc7p5t_INVBUF_LVT_TT_nldm_201020          3 0.175         0.7 
asap7sc7p5t_INVBUF_RVT_TT_nldm_201020         59 0.000        12.9 
asap7sc7p5t_INVBUF_SLVT_TT_nldm_201020        89 4.024        19.4 
asap7sc7p5t_OA_SLVT_TT_nldm_201020            81 7.377        17.6 
asap7sc7p5t_SEQ_LVT_TT_nldm_201020             5 1.895         1.1 
asap7sc7p5t_SEQ_SLVT_TT_nldm_201020           12 4.549         2.6 
asap7sc7p5t_SIMPLE_LVT_TT_nldm_201020         11 0.919         2.4 
asap7sc7p5t_SIMPLE_SLVT_TT_nldm_201020       122 9.462        26.6 
                                       
     Type      Instances  Area  Area % 
---------------------------------------
sequential            17  6.444   18.2 
inverter             151  4.199   11.9 
logic                291 24.757   69.9 
physical_cells         0  0.000    0.0 
---------------------------------------
total                459 35.400  100.0 
