============================================================
  Generated by:           Genus(TM) Synthesis Solution 25.10-p002_1
  Generated on:           Aug 31 2026  12:57:16 pm
  Module:                 bf16_add
  Operating conditions:   PVT_0P7V_25C (balanced_tree)
  Wireload mode:          enclosed
  Area mode:              timing library
============================================================


Path 1: MET (0 ps) Setup Check with Pin y_reg[11]/CLK->D
          Group: clk
     Startpoint: (F) b[1]
          Clock: (R) clk
       Endpoint: (F) y_reg[11]/D
          Clock: (R) clk

                     Capture       Launch     
        Clock Edge:+    1350            0     
        Drv Adjust:+       0            8     
       Src Latency:+       0            0     
       Net Latency:+       0 (I)        0 (I) 
           Arrival:=    1350            8     
                                              
             Setup:-      13                  
       Uncertainty:-      40                  
     Required Time:=    1296                  
      Launch Clock:-       8                  
       Input Delay:-     338                  
         Data Path:-     951                  
             Slack:=       0                  

Exceptions/Constraints:
  input_delay             338             in_del_32_1   

#----------------------------------------------------------------------------------------------------------
# Timing Point   Flags    Arc    Edge            Cell             Fanout Load Trans Delay Arrival Instance 
#                                                                        (fF)  (ps)  (ps)   (ps)  Location 
#----------------------------------------------------------------------------------------------------------
  b[1]           -       -       F     (arrival)                       4  6.5    19     0     345    (-,-) 
  g15864__8246/Y -       B->Y    R     NOR2x1p5_ASAP7_75t_L            2  4.6    28    18     363    (-,-) 
  g15809__9315/Y -       A1->Y   F     O2A1O1Ixp5_ASAP7_75t_SL         1  1.1    22    13     376    (-,-) 
  g15805__1881/Y -       A2->Y   R     OAI21x1_ASAP7_75t_SL            2  1.0    17    10     386    (-,-) 
  g15799__7098/Y -       A1->Y   F     AOI21xp33_ASAP7_75t_SL          1  0.6    17    10     397    (-,-) 
  g15795__5122/Y -       A1->Y   R     OAI21xp5_ASAP7_75t_SL           1  0.5    14     9     405    (-,-) 
  g15792__1705/Y -       A2->Y   F     A2O1A1O1Ixp25_ASAP7_75t_SL      1  0.6    23    11     416    (-,-) 
  g15791__2802/Y -       A2->Y   R     OAI21xp5_ASAP7_75t_SL           1  1.1    23    14     431    (-,-) 
  g15790__1617/Y -       B->Y    R     AND2x6_ASAP7_75t_SL            13 12.5    20    24     455    (-,-) 
  g15789/Y       -       A->Y    F     INVx8_ASAP7_75t_SL             12  7.6    11     7     461    (-,-) 
  g15777__5107/Y -       A1->Y   R     OAI22x1_ASAP7_75t_SL            5  5.9    48    22     483    (-,-) 
  g15744__8246/Y -       B->Y    F     NAND2xp5_ASAP7_75t_SL           2  1.3    25    13     496    (-,-) 
  g15728__1666/Y -       B2->Y   R     AOI22xp5_ASAP7_75t_SL           9  5.6    79    40     536    (-,-) 
  g15722/Y       -       A->Y    F     INVx2_ASAP7_75t_L               8  4.7    31    20     556    (-,-) 
  g15694__5526/Y -       A1->Y   R     OAI22xp5_ASAP7_75t_SL           3  1.7    44    18     574    (-,-) 
  g15685__2346/Y -       A->Y    F     NAND4xp25_ASAP7_75t_SL          1  0.5    29    14     588    (-,-) 
  g15654__5526/Y -       A2->Y   R     AOI221xp5_ASAP7_75t_SL          3  3.2    77    35     623    (-,-) 
  g15630__1666/Y -       B->Y    F     NAND2x2_ASAP7_75t_SL            3  5.0    31    13     636    (-,-) 
  g15620__4733/Y -       B->Y    R     NOR2xp67_ASAP7_75t_L            2  1.2    23    16     652    (-,-) 
  g15612__7098/Y -       B->Y    F     NOR2xp67_ASAP7_75t_L            2  1.6    28    16     668    (-,-) 
  g15607__3680/Y -       B->Y    R     A2O1A1O1Ixp25_ASAP7_75t_SL      1  1.6    47    25     693    (-,-) 
  g15946/CON     -       CI->CON F     FAx1_ASAP7_75t_SL               2  2.1    40    23     716    (-,-) 
  g15598__4319/Y -       B1->Y   R     OAI22x1_ASAP7_75t_SL            2  2.1    31    17     733    (-,-) 
  g15594__5107/Y -       A1->Y   F     OAI22x1_ASAP7_75t_SL            2  2.2    24    14     747    (-,-) 
  g15588__7410/Y -       A1->Y   R     OAI22x1_ASAP7_75t_SL            2  1.5    28    12     759    (-,-) 
  g15584__2883/Y -       A1->Y   F     AOI22xp5_ASAP7_75t_SL           2  1.6    29    13     772    (-,-) 
  g15577__6161/Y -       A2->Y   R     OAI22xp5_ASAP7_75t_SL           2  1.1    29    16     788    (-,-) 
  g15575/Y       -       A->Y    F     INVxp67_ASAP7_75t_SL            2  1.2    17    10     799    (-,-) 
  g15573__5115/Y -       B1->Y   R     OAI22xp5_ASAP7_75t_SL           2  4.8    74    33     832    (-,-) 
  g15566__6131/Y -       B->Y    F     NOR2x1_ASAP7_75t_SL             4  1.8    30    16     847    (-,-) 
  g15564/Y       -       A->Y    R     INVxp67_ASAP7_75t_SL            1  0.6    15    10     857    (-,-) 
  g15562__6783/Y -       A->Y    F     NAND3xp33_ASAP7_75t_SL          3  1.5    32    15     872    (-,-) 
  g15560/Y       -       A->Y    R     INVxp67_ASAP7_75t_SL            1  1.4    23    15     887    (-,-) 
  g15557__4319/Y -       A->Y    F     NAND3x1_ASAP7_75t_SL            2  4.3    31    15     902    (-,-) 
  g15547__7410/Y -       B->Y    R     NAND2xp5_ASAP7_75t_SL           3  1.8    34    18     919    (-,-) 
  g15540__1881/Y -       B->Y    F     NOR2xp67_ASAP7_75t_SL           4  2.1    39    17     936    (-,-) 
  g15521__8428/Y -       A2->Y   R     AOI32xp33_ASAP7_75t_SL          2  4.8   106    52     988    (-,-) 
  g15509__7410/Y -       B->Y    F     NOR2x1_ASAP7_75t_SL             3  2.7    40    22    1009    (-,-) 
  g15493__6161/Y -       A->Y    R     NAND2x1p5_ASAP7_75t_SL          3  5.8    36    24    1034    (-,-) 
  g15487__7482/Y -       B->Y    F     NOR2x1p5_ASAP7_75t_SL           3  2.7    31    12    1045    (-,-) 
  g15485__6131/Y -       A->Y    R     NAND2x1p5_ASAP7_75t_SL          3  5.3    37    21    1066    (-,-) 
  g15482__8246/Y -       B->Y    F     NOR2x1_ASAP7_75t_SL             3  1.7    38    12    1079    (-,-) 
  g15477__1705/Y -       B->Y    R     NAND2xp5_ASAP7_75t_SL           3  1.4    25    17    1096    (-,-) 
  g15473__3680/Y -       B->Y    F     NOR2xp33_ASAP7_75t_SL           2  1.1    28    16    1112    (-,-) 
  g15462__2398/Y -       B->Y    R     NAND2xp5_ASAP7_75t_SL           3  1.8    27    17    1129    (-,-) 
  g15457__1666/Y -       B->Y    F     NOR2xp67_ASAP7_75t_SL           3  1.7    30    14    1143    (-,-) 
  g15454__2883/Y -       B->Y    R     NAND2xp5_ASAP7_75t_SL           3  1.9    27    18    1161    (-,-) 
  g15451__9315/Y -       B->Y    F     NOR2xp67_ASAP7_75t_L            3  1.7    26    17    1178    (-,-) 
  g15449__4733/Y -       A->Y    R     NAND2xp5_ASAP7_75t_SL           3  2.0    33    18    1196    (-,-) 
  g15446__5115/Y -       A->Y    F     NOR2xp67_ASAP7_75t_L            3  1.5    24    19    1215    (-,-) 
  g15441__6131/Y -       B->Y    R     A2O1A1Ixp33_ASAP7_75t_SL        2  1.0    45    16    1230    (-,-) 
  g15439__7098/Y -       C->Y    F     OAI211xp5_ASAP7_75t_SL          8  4.7    75    34    1264    (-,-) 
  g15438/Y       -       A->Y    R     INVx2_ASAP7_75t_L               6  3.4    29    22    1285    (-,-) 
  g15433__2398/Y -       C->Y    F     O2A1O1Ixp33_ASAP7_75t_SL        1  0.6    27    11    1296    (-,-) 
  y_reg[11]/D    <<<     -       F     ASYNC_DFFHx1_ASAP7_75t_SL       1    -     -     0    1296    (-,-) 
#----------------------------------------------------------------------------------------------------------

