 
****************************************
Report : timing
        -path full
        -delay min
        -max_paths 20
Design : accum_buffer_bg_attacc
Version: P-2019.03-SP5-6
Date   : Tue Sep  1 00:19:52 2026
****************************************

Operating Conditions: PVT_0P7V_25C   Library: asap7sc7p5t_AO_RVT_TT_nldm_211120
Wire Load Model Mode: top

  Startpoint: wr_data[0] (input port clocked by clk)
  Endpoint: u_buf/u_mem
            (rising edge-triggered flip-flop clocked by clk)
  Path Group: clk
  Path Type: min

  Point                                                   Incr       Path
  --------------------------------------------------------------------------
  clock clk (rise edge)                                   0.00       0.00
  clock network delay (ideal)                             0.00       0.00
  input external delay                                  450.45     450.45 r
  wr_data[0] (in)                                         0.66     451.11 r
  u_buf/wr_data[0] (accum_buffer_bg_DEPTH8)               0.00     451.11 r
  u_buf/u_mem/wd[0] (srambank_64x4x16_6t122)              0.00     451.11 r
  data arrival time                                                451.11

  clock clk (rise edge)                                   0.00       0.00
  clock network delay (ideal)                             0.00       0.00
  clock uncertainty                                      50.00      50.00
  u_buf/u_mem/clk (srambank_64x4x16_6t122)                0.00      50.00 r
  library hold time                                      24.66      74.66
  data required time                                                74.66
  --------------------------------------------------------------------------
  data required time                                                74.66
  data arrival time                                               -451.11
  --------------------------------------------------------------------------
  slack (MET)                                                      376.45


  Startpoint: wr_data[10]
              (input port clocked by clk)
  Endpoint: u_buf/u_mem
            (rising edge-triggered flip-flop clocked by clk)
  Path Group: clk
  Path Type: min

  Point                                                   Incr       Path
  --------------------------------------------------------------------------
  clock clk (rise edge)                                   0.00       0.00
  clock network delay (ideal)                             0.00       0.00
  input external delay                                  450.45     450.45 r
  wr_data[10] (in)                                        0.66     451.11 r
  u_buf/wr_data[10] (accum_buffer_bg_DEPTH8)              0.00     451.11 r
  u_buf/u_mem/wd[10] (srambank_64x4x16_6t122)             0.00     451.11 r
  data arrival time                                                451.11

  clock clk (rise edge)                                   0.00       0.00
  clock network delay (ideal)                             0.00       0.00
  clock uncertainty                                      50.00      50.00
  u_buf/u_mem/clk (srambank_64x4x16_6t122)                0.00      50.00 r
  library hold time                                      24.66      74.66
  data required time                                                74.66
  --------------------------------------------------------------------------
  data required time                                                74.66
  data arrival time                                               -451.11
  --------------------------------------------------------------------------
  slack (MET)                                                      376.45


  Startpoint: wr_data[11]
              (input port clocked by clk)
  Endpoint: u_buf/u_mem
            (rising edge-triggered flip-flop clocked by clk)
  Path Group: clk
  Path Type: min

  Point                                                   Incr       Path
  --------------------------------------------------------------------------
  clock clk (rise edge)                                   0.00       0.00
  clock network delay (ideal)                             0.00       0.00
  input external delay                                  450.45     450.45 r
  wr_data[11] (in)                                        0.66     451.11 r
  u_buf/wr_data[11] (accum_buffer_bg_DEPTH8)              0.00     451.11 r
  u_buf/u_mem/wd[11] (srambank_64x4x16_6t122)             0.00     451.11 r
  data arrival time                                                451.11

  clock clk (rise edge)                                   0.00       0.00
  clock network delay (ideal)                             0.00       0.00
  clock uncertainty                                      50.00      50.00
  u_buf/u_mem/clk (srambank_64x4x16_6t122)                0.00      50.00 r
  library hold time                                      24.66      74.66
  data required time                                                74.66
  --------------------------------------------------------------------------
  data required time                                                74.66
  data arrival time                                               -451.11
  --------------------------------------------------------------------------
  slack (MET)                                                      376.45


  Startpoint: wr_data[12]
              (input port clocked by clk)
  Endpoint: u_buf/u_mem
            (rising edge-triggered flip-flop clocked by clk)
  Path Group: clk
  Path Type: min

  Point                                                   Incr       Path
  --------------------------------------------------------------------------
  clock clk (rise edge)                                   0.00       0.00
  clock network delay (ideal)                             0.00       0.00
  input external delay                                  450.45     450.45 r
  wr_data[12] (in)                                        0.66     451.11 r
  u_buf/wr_data[12] (accum_buffer_bg_DEPTH8)              0.00     451.11 r
  u_buf/u_mem/wd[12] (srambank_64x4x16_6t122)             0.00     451.11 r
  data arrival time                                                451.11

  clock clk (rise edge)                                   0.00       0.00
  clock network delay (ideal)                             0.00       0.00
  clock uncertainty                                      50.00      50.00
  u_buf/u_mem/clk (srambank_64x4x16_6t122)                0.00      50.00 r
  library hold time                                      24.66      74.66
  data required time                                                74.66
  --------------------------------------------------------------------------
  data required time                                                74.66
  data arrival time                                               -451.11
  --------------------------------------------------------------------------
  slack (MET)                                                      376.45


  Startpoint: wr_data[13]
              (input port clocked by clk)
  Endpoint: u_buf/u_mem
            (rising edge-triggered flip-flop clocked by clk)
  Path Group: clk
  Path Type: min

  Point                                                   Incr       Path
  --------------------------------------------------------------------------
  clock clk (rise edge)                                   0.00       0.00
  clock network delay (ideal)                             0.00       0.00
  input external delay                                  450.45     450.45 r
  wr_data[13] (in)                                        0.66     451.11 r
  u_buf/wr_data[13] (accum_buffer_bg_DEPTH8)              0.00     451.11 r
  u_buf/u_mem/wd[13] (srambank_64x4x16_6t122)             0.00     451.11 r
  data arrival time                                                451.11

  clock clk (rise edge)                                   0.00       0.00
  clock network delay (ideal)                             0.00       0.00
  clock uncertainty                                      50.00      50.00
  u_buf/u_mem/clk (srambank_64x4x16_6t122)                0.00      50.00 r
  library hold time                                      24.66      74.66
  data required time                                                74.66
  --------------------------------------------------------------------------
  data required time                                                74.66
  data arrival time                                               -451.11
  --------------------------------------------------------------------------
  slack (MET)                                                      376.45


  Startpoint: wr_data[14]
              (input port clocked by clk)
  Endpoint: u_buf/u_mem
            (rising edge-triggered flip-flop clocked by clk)
  Path Group: clk
  Path Type: min

  Point                                                   Incr       Path
  --------------------------------------------------------------------------
  clock clk (rise edge)                                   0.00       0.00
  clock network delay (ideal)                             0.00       0.00
  input external delay                                  450.45     450.45 r
  wr_data[14] (in)                                        0.66     451.11 r
  u_buf/wr_data[14] (accum_buffer_bg_DEPTH8)              0.00     451.11 r
  u_buf/u_mem/wd[14] (srambank_64x4x16_6t122)             0.00     451.11 r
  data arrival time                                                451.11

  clock clk (rise edge)                                   0.00       0.00
  clock network delay (ideal)                             0.00       0.00
  clock uncertainty                                      50.00      50.00
  u_buf/u_mem/clk (srambank_64x4x16_6t122)                0.00      50.00 r
  library hold time                                      24.66      74.66
  data required time                                                74.66
  --------------------------------------------------------------------------
  data required time                                                74.66
  data arrival time                                               -451.11
  --------------------------------------------------------------------------
  slack (MET)                                                      376.45


  Startpoint: wr_data[15]
              (input port clocked by clk)
  Endpoint: u_buf/u_mem
            (rising edge-triggered flip-flop clocked by clk)
  Path Group: clk
  Path Type: min

  Point                                                   Incr       Path
  --------------------------------------------------------------------------
  clock clk (rise edge)                                   0.00       0.00
  clock network delay (ideal)                             0.00       0.00
  input external delay                                  450.45     450.45 r
  wr_data[15] (in)                                        0.66     451.11 r
  u_buf/wr_data[15] (accum_buffer_bg_DEPTH8)              0.00     451.11 r
  u_buf/u_mem/wd[15] (srambank_64x4x16_6t122)             0.00     451.11 r
  data arrival time                                                451.11

  clock clk (rise edge)                                   0.00       0.00
  clock network delay (ideal)                             0.00       0.00
  clock uncertainty                                      50.00      50.00
  u_buf/u_mem/clk (srambank_64x4x16_6t122)                0.00      50.00 r
  library hold time                                      24.66      74.66
  data required time                                                74.66
  --------------------------------------------------------------------------
  data required time                                                74.66
  data arrival time                                               -451.11
  --------------------------------------------------------------------------
  slack (MET)                                                      376.45


  Startpoint: wr_data[1] (input port clocked by clk)
  Endpoint: u_buf/u_mem
            (rising edge-triggered flip-flop clocked by clk)
  Path Group: clk
  Path Type: min

  Point                                                   Incr       Path
  --------------------------------------------------------------------------
  clock clk (rise edge)                                   0.00       0.00
  clock network delay (ideal)                             0.00       0.00
  input external delay                                  450.45     450.45 r
  wr_data[1] (in)                                         0.66     451.11 r
  u_buf/wr_data[1] (accum_buffer_bg_DEPTH8)               0.00     451.11 r
  u_buf/u_mem/wd[1] (srambank_64x4x16_6t122)              0.00     451.11 r
  data arrival time                                                451.11

  clock clk (rise edge)                                   0.00       0.00
  clock network delay (ideal)                             0.00       0.00
  clock uncertainty                                      50.00      50.00
  u_buf/u_mem/clk (srambank_64x4x16_6t122)                0.00      50.00 r
  library hold time                                      24.66      74.66
  data required time                                                74.66
  --------------------------------------------------------------------------
  data required time                                                74.66
  data arrival time                                               -451.11
  --------------------------------------------------------------------------
  slack (MET)                                                      376.45


  Startpoint: wr_data[2] (input port clocked by clk)
  Endpoint: u_buf/u_mem
            (rising edge-triggered flip-flop clocked by clk)
  Path Group: clk
  Path Type: min

  Point                                                   Incr       Path
  --------------------------------------------------------------------------
  clock clk (rise edge)                                   0.00       0.00
  clock network delay (ideal)                             0.00       0.00
  input external delay                                  450.45     450.45 r
  wr_data[2] (in)                                         0.66     451.11 r
  u_buf/wr_data[2] (accum_buffer_bg_DEPTH8)               0.00     451.11 r
  u_buf/u_mem/wd[2] (srambank_64x4x16_6t122)              0.00     451.11 r
  data arrival time                                                451.11

  clock clk (rise edge)                                   0.00       0.00
  clock network delay (ideal)                             0.00       0.00
  clock uncertainty                                      50.00      50.00
  u_buf/u_mem/clk (srambank_64x4x16_6t122)                0.00      50.00 r
  library hold time                                      24.66      74.66
  data required time                                                74.66
  --------------------------------------------------------------------------
  data required time                                                74.66
  data arrival time                                               -451.11
  --------------------------------------------------------------------------
  slack (MET)                                                      376.45


  Startpoint: wr_data[3] (input port clocked by clk)
  Endpoint: u_buf/u_mem
            (rising edge-triggered flip-flop clocked by clk)
  Path Group: clk
  Path Type: min

  Point                                                   Incr       Path
  --------------------------------------------------------------------------
  clock clk (rise edge)                                   0.00       0.00
  clock network delay (ideal)                             0.00       0.00
  input external delay                                  450.45     450.45 r
  wr_data[3] (in)                                         0.66     451.11 r
  u_buf/wr_data[3] (accum_buffer_bg_DEPTH8)               0.00     451.11 r
  u_buf/u_mem/wd[3] (srambank_64x4x16_6t122)              0.00     451.11 r
  data arrival time                                                451.11

  clock clk (rise edge)                                   0.00       0.00
  clock network delay (ideal)                             0.00       0.00
  clock uncertainty                                      50.00      50.00
  u_buf/u_mem/clk (srambank_64x4x16_6t122)                0.00      50.00 r
  library hold time                                      24.66      74.66
  data required time                                                74.66
  --------------------------------------------------------------------------
  data required time                                                74.66
  data arrival time                                               -451.11
  --------------------------------------------------------------------------
  slack (MET)                                                      376.45


  Startpoint: wr_data[4] (input port clocked by clk)
  Endpoint: u_buf/u_mem
            (rising edge-triggered flip-flop clocked by clk)
  Path Group: clk
  Path Type: min

  Point                                                   Incr       Path
  --------------------------------------------------------------------------
  clock clk (rise edge)                                   0.00       0.00
  clock network delay (ideal)                             0.00       0.00
  input external delay                                  450.45     450.45 r
  wr_data[4] (in)                                         0.66     451.11 r
  u_buf/wr_data[4] (accum_buffer_bg_DEPTH8)               0.00     451.11 r
  u_buf/u_mem/wd[4] (srambank_64x4x16_6t122)              0.00     451.11 r
  data arrival time                                                451.11

  clock clk (rise edge)                                   0.00       0.00
  clock network delay (ideal)                             0.00       0.00
  clock uncertainty                                      50.00      50.00
  u_buf/u_mem/clk (srambank_64x4x16_6t122)                0.00      50.00 r
  library hold time                                      24.66      74.66
  data required time                                                74.66
  --------------------------------------------------------------------------
  data required time                                                74.66
  data arrival time                                               -451.11
  --------------------------------------------------------------------------
  slack (MET)                                                      376.45


  Startpoint: wr_data[5] (input port clocked by clk)
  Endpoint: u_buf/u_mem
            (rising edge-triggered flip-flop clocked by clk)
  Path Group: clk
  Path Type: min

  Point                                                   Incr       Path
  --------------------------------------------------------------------------
  clock clk (rise edge)                                   0.00       0.00
  clock network delay (ideal)                             0.00       0.00
  input external delay                                  450.45     450.45 r
  wr_data[5] (in)                                         0.66     451.11 r
  u_buf/wr_data[5] (accum_buffer_bg_DEPTH8)               0.00     451.11 r
  u_buf/u_mem/wd[5] (srambank_64x4x16_6t122)              0.00     451.11 r
  data arrival time                                                451.11

  clock clk (rise edge)                                   0.00       0.00
  clock network delay (ideal)                             0.00       0.00
  clock uncertainty                                      50.00      50.00
  u_buf/u_mem/clk (srambank_64x4x16_6t122)                0.00      50.00 r
  library hold time                                      24.66      74.66
  data required time                                                74.66
  --------------------------------------------------------------------------
  data required time                                                74.66
  data arrival time                                               -451.11
  --------------------------------------------------------------------------
  slack (MET)                                                      376.45


  Startpoint: wr_data[6] (input port clocked by clk)
  Endpoint: u_buf/u_mem
            (rising edge-triggered flip-flop clocked by clk)
  Path Group: clk
  Path Type: min

  Point                                                   Incr       Path
  --------------------------------------------------------------------------
  clock clk (rise edge)                                   0.00       0.00
  clock network delay (ideal)                             0.00       0.00
  input external delay                                  450.45     450.45 r
  wr_data[6] (in)                                         0.66     451.11 r
  u_buf/wr_data[6] (accum_buffer_bg_DEPTH8)               0.00     451.11 r
  u_buf/u_mem/wd[6] (srambank_64x4x16_6t122)              0.00     451.11 r
  data arrival time                                                451.11

  clock clk (rise edge)                                   0.00       0.00
  clock network delay (ideal)                             0.00       0.00
  clock uncertainty                                      50.00      50.00
  u_buf/u_mem/clk (srambank_64x4x16_6t122)                0.00      50.00 r
  library hold time                                      24.66      74.66
  data required time                                                74.66
  --------------------------------------------------------------------------
  data required time                                                74.66
  data arrival time                                               -451.11
  --------------------------------------------------------------------------
  slack (MET)                                                      376.45


  Startpoint: wr_data[7] (input port clocked by clk)
  Endpoint: u_buf/u_mem
            (rising edge-triggered flip-flop clocked by clk)
  Path Group: clk
  Path Type: min

  Point                                                   Incr       Path
  --------------------------------------------------------------------------
  clock clk (rise edge)                                   0.00       0.00
  clock network delay (ideal)                             0.00       0.00
  input external delay                                  450.45     450.45 r
  wr_data[7] (in)                                         0.66     451.11 r
  u_buf/wr_data[7] (accum_buffer_bg_DEPTH8)               0.00     451.11 r
  u_buf/u_mem/wd[7] (srambank_64x4x16_6t122)              0.00     451.11 r
  data arrival time                                                451.11

  clock clk (rise edge)                                   0.00       0.00
  clock network delay (ideal)                             0.00       0.00
  clock uncertainty                                      50.00      50.00
  u_buf/u_mem/clk (srambank_64x4x16_6t122)                0.00      50.00 r
  library hold time                                      24.66      74.66
  data required time                                                74.66
  --------------------------------------------------------------------------
  data required time                                                74.66
  data arrival time                                               -451.11
  --------------------------------------------------------------------------
  slack (MET)                                                      376.45


  Startpoint: wr_data[8] (input port clocked by clk)
  Endpoint: u_buf/u_mem
            (rising edge-triggered flip-flop clocked by clk)
  Path Group: clk
  Path Type: min

  Point                                                   Incr       Path
  --------------------------------------------------------------------------
  clock clk (rise edge)                                   0.00       0.00
  clock network delay (ideal)                             0.00       0.00
  input external delay                                  450.45     450.45 r
  wr_data[8] (in)                                         0.66     451.11 r
  u_buf/wr_data[8] (accum_buffer_bg_DEPTH8)               0.00     451.11 r
  u_buf/u_mem/wd[8] (srambank_64x4x16_6t122)              0.00     451.11 r
  data arrival time                                                451.11

  clock clk (rise edge)                                   0.00       0.00
  clock network delay (ideal)                             0.00       0.00
  clock uncertainty                                      50.00      50.00
  u_buf/u_mem/clk (srambank_64x4x16_6t122)                0.00      50.00 r
  library hold time                                      24.66      74.66
  data required time                                                74.66
  --------------------------------------------------------------------------
  data required time                                                74.66
  data arrival time                                               -451.11
  --------------------------------------------------------------------------
  slack (MET)                                                      376.45


  Startpoint: wr_data[9] (input port clocked by clk)
  Endpoint: u_buf/u_mem
            (rising edge-triggered flip-flop clocked by clk)
  Path Group: clk
  Path Type: min

  Point                                                   Incr       Path
  --------------------------------------------------------------------------
  clock clk (rise edge)                                   0.00       0.00
  clock network delay (ideal)                             0.00       0.00
  input external delay                                  450.45     450.45 r
  wr_data[9] (in)                                         0.66     451.11 r
  u_buf/wr_data[9] (accum_buffer_bg_DEPTH8)               0.00     451.11 r
  u_buf/u_mem/wd[9] (srambank_64x4x16_6t122)              0.00     451.11 r
  data arrival time                                                451.11

  clock clk (rise edge)                                   0.00       0.00
  clock network delay (ideal)                             0.00       0.00
  clock uncertainty                                      50.00      50.00
  u_buf/u_mem/clk (srambank_64x4x16_6t122)                0.00      50.00 r
  library hold time                                      24.66      74.66
  data required time                                                74.66
  --------------------------------------------------------------------------
  data required time                                                74.66
  data arrival time                                               -451.11
  --------------------------------------------------------------------------
  slack (MET)                                                      376.45


  Startpoint: wr_en (input port clocked by clk)
  Endpoint: u_buf/u_mem
            (rising edge-triggered flip-flop clocked by clk)
  Path Group: clk
  Path Type: min

  Point                                                   Incr       Path
  --------------------------------------------------------------------------
  clock clk (rise edge)                                   0.00       0.00
  clock network delay (ideal)                             0.00       0.00
  input external delay                                  450.45     450.45 r
  wr_en (in)                                              4.63     455.08 r
  u_buf/wr_en (accum_buffer_bg_DEPTH8)                    0.00     455.08 r
  u_buf/u_mem/write (srambank_64x4x16_6t122)              0.00     455.08 r
  data arrival time                                                455.08

  clock clk (rise edge)                                   0.00       0.00
  clock network delay (ideal)                             0.00       0.00
  clock uncertainty                                      50.00      50.00
  u_buf/u_mem/clk (srambank_64x4x16_6t122)                0.00      50.00 r
  library hold time                                      10.79      60.79
  data required time                                                60.79
  --------------------------------------------------------------------------
  data required time                                                60.79
  data arrival time                                               -455.08
  --------------------------------------------------------------------------
  slack (MET)                                                      394.28


  Startpoint: rd_en (input port clocked by clk)
  Endpoint: u_buf/u_mem
            (rising edge-triggered flip-flop clocked by clk)
  Path Group: clk
  Path Type: min

  Point                                                   Incr       Path
  --------------------------------------------------------------------------
  clock clk (rise edge)                                   0.00       0.00
  clock network delay (ideal)                             0.00       0.00
  input external delay                                  450.45     450.45 r
  rd_en (in)                                              1.08     451.53 r
  u_buf/rd_en (accum_buffer_bg_DEPTH8)                    0.00     451.53 r
  u_buf/U6/Y (INVx1_ASAP7_75t_R)                          5.79     457.32 f
  u_buf/U4/Y (NAND2xp5_ASAP7_75t_R)                       6.91     464.23 r
  u_buf/u_mem/banksel (srambank_64x4x16_6t122)            0.00     464.23 r
  data arrival time                                                464.23

  clock clk (rise edge)                                   0.00       0.00
  clock network delay (ideal)                             0.00       0.00
  clock uncertainty                                      50.00      50.00
  u_buf/u_mem/clk (srambank_64x4x16_6t122)                0.00      50.00 r
  library hold time                                      10.73      60.73
  data required time                                                60.73
  --------------------------------------------------------------------------
  data required time                                                60.73
  data arrival time                                               -464.23
  --------------------------------------------------------------------------
  slack (MET)                                                      403.50


  Startpoint: wr_en (input port clocked by clk)
  Endpoint: u_buf/u_mem
            (rising edge-triggered flip-flop clocked by clk)
  Path Group: clk
  Path Type: min

  Point                                                   Incr       Path
  --------------------------------------------------------------------------
  clock clk (rise edge)                                   0.00       0.00
  clock network delay (ideal)                             0.00       0.00
  input external delay                                  450.45     450.45 f
  wr_en (in)                                              4.18     454.63 f
  u_buf/wr_en (accum_buffer_bg_DEPTH8)                    0.00     454.63 f
  u_buf/U2/Y (NOR2xp33_ASAP7_75t_R)                      11.28     465.91 r
  u_buf/u_mem/read (srambank_64x4x16_6t122)               0.00     465.91 r
  data arrival time                                                465.91

  clock clk (rise edge)                                   0.00       0.00
  clock network delay (ideal)                             0.00       0.00
  clock uncertainty                                      50.00      50.00
  u_buf/u_mem/clk (srambank_64x4x16_6t122)                0.00      50.00 r
  library hold time                                      10.82      60.82
  data required time                                                60.82
  --------------------------------------------------------------------------
  data required time                                                60.82
  data arrival time                                               -465.91
  --------------------------------------------------------------------------
  slack (MET)                                                      405.09


  Startpoint: rd_addr[0] (input port clocked by clk)
  Endpoint: u_buf/u_mem
            (rising edge-triggered flip-flop clocked by clk)
  Path Group: clk
  Path Type: min

  Point                                                   Incr       Path
  --------------------------------------------------------------------------
  clock clk (rise edge)                                   0.00       0.00
  clock network delay (ideal)                             0.00       0.00
  input external delay                                  450.45     450.45 r
  rd_addr[0] (in)                                         0.74     451.19 r
  u_buf/rd_addr[0] (accum_buffer_bg_DEPTH8)               0.00     451.19 r
  u_buf/U9/Y (AO22x1_ASAP7_75t_R)                        17.58     468.77 r
  u_buf/u_mem/ADDRESS[0] (srambank_64x4x16_6t122)         0.00     468.77 r
  data arrival time                                                468.77

  clock clk (rise edge)                                   0.00       0.00
  clock network delay (ideal)                             0.00       0.00
  clock uncertainty                                      50.00      50.00
  u_buf/u_mem/clk (srambank_64x4x16_6t122)                0.00      50.00 r
  library hold time                                      10.84      60.84
  data required time                                                60.84
  --------------------------------------------------------------------------
  data required time                                                60.84
  data arrival time                                               -468.77
  --------------------------------------------------------------------------
  slack (MET)                                                      407.94


1
