== phase 1: leaf macros (tight clocks) ==
skip fp16_mult_p700 (done)
skip fp16_add_p700 (done)
skip fp16_mult_p1350 (done)
skip fp16_add_p1350 (done)
skip fp32_add_p630 (done)
skip fp32_mul_p630 (done)
skip bf16_mult_p1350 (done)
skip bf16_add_p1350 (done)
== phase 2: components (leaves as macros) ==
skip gemv_flop_p1501 (done)
skip accbg_attacc_p1501 (done)
skip accbg_fugue_p769 (done)
skip acclogic_p1501 (done)
skip diffdec_p1501 (done)
skip causal_p1501 (done)
skip rope_p1501 (done)
skip recip_p699 (done)
skip sfmpe_p699 (done)
skip kvtlb_p1501 (done)
skip ctrl_attacc_p1501 (done)
skip ctrl_fugue_p1501 (done)
done accbuf_attacc_p1501 rc=0
done accbuf_fugue_p769 rc=0
done dbuf_p1501 rc=0
done dbuf_p769 rc=0
done gemv_attacc_p1501 rc=0
done gemv_fugue_p769 rc=0
== phase 3: integrated logic-die softmax fabric ==
