============================================================
  Generated by:           Genus(TM) Synthesis Solution 25.10-p002_1
  Generated on:           Aug 27 2026  02:56:19 pm
  Module:                 mq_pe_16x2_d32
  Operating conditions:   PVT_0P7V_25C (balanced_tree)
  Wireload mode:          enclosed
  Area mode:              timing library
============================================================


Path 1: MET (0 ps) Setup Check with Pin retime_s7_11_reg/CLK->SI
           View: TT.setup_view
          Group: clk
     Startpoint: (R) retime_s6_2_reg/CLK
          Clock: (R) clk
       Endpoint: (R) retime_s7_11_reg/SI
          Clock: (R) clk

                     Capture       Launch     
        Clock Edge:+     333            0     
       Src Latency:+       0            0     
       Net Latency:+       0 (I)        0 (I) 
           Arrival:=     333            0     
                                              
             Setup:-      17                  
       Uncertainty:-      10                  
     Required Time:=     306                  
      Launch Clock:-       0                  
         Data Path:-     306                  
             Slack:=       0                  

#-------------------------------------------------------------------------------------------------------------
#    Timing Point     Flags    Arc    Edge           Cell            Fanout Load Trans Delay Arrival Instance 
#                                                                           (fF)  (ps)  (ps)   (ps)  Location 
#-------------------------------------------------------------------------------------------------------------
  retime_s6_2_reg/CLK -       -       R     (arrival)                 29594    -     3     0       0    (-,-) 
  retime_s6_2_reg/QN  -       CLK->QN R     DFFHQNx1_ASAP7_75t_SL         1  1.3    18    33      33    (-,-) 
  g616833/Y           -       A->Y    F     INVx2_ASAP7_75t_SL            6  4.1    15    10      43    (-,-) 
  g615708/Y           -       B->Y    R     A2O1A1Ixp33_ASAP7_75t_SL      1  1.1    24    14      57    (-,-) 
  g617233/Y           -       A->Y    R     XOR2xp5_ASAP7_75t_SL          4  1.8    33    23      81    (-,-) 
  g615647/Y           -       B->Y    F     NOR2xp33_ASAP7_75t_SL         1  0.5    18    12      92    (-,-) 
  g615634/Y           -       A->Y    F     AND2x2_ASAP7_75t_SL           4  2.7    12    19     111    (-,-) 
  g615618/Y           -       B->Y    R     NAND2x1p5_ASAP7_75t_SL        7  3.5    23    12     123    (-,-) 
  g615587/Y           -       A2->Y   R     OA21x2_ASAP7_75t_SL          14  9.8    37    30     154    (-,-) 
  g615575/Y           -       A->Y    F     INVx5_ASAP7_75t_SL           12  6.4    16     9     162    (-,-) 
  g615508/Y           -       B2->Y   R     OAI22xp5_ASAP7_75t_SL         2  1.1    27    15     177    (-,-) 
  g615499/Y           -       A->Y    F     INVxp67_ASAP7_75t_SL          2  1.9    22    14     191    (-,-) 
  g615446/Y           -       A2->Y   R     OAI22x1_ASAP7_75t_SL          3  1.6    26    14     204    (-,-) 
  g615410/Y           -       B1->Y   F     AOI22xp5_ASAP7_75t_SL         2  1.4    29    11     215    (-,-) 
  g615383/Y           -       B->Y    R     NOR2x1_ASAP7_75t_SL           4  1.9    22    13     228    (-,-) 
  g615372/Y           -       A->Y    F     NAND3xp33_ASAP7_75t_SL        2  1.2    29    14     243    (-,-) 
  g615366/Y           -       A->Y    R     INVxp67_ASAP7_75t_SL          2  0.9    17    12     254    (-,-) 
  g615274/Y           -       A->Y    F     NAND5xp2_ASAP7_75t_SL         1  0.5    31    13     268    (-,-) 
  g615264__2883/Y     -       C->Y    R     NOR3xp33_ASAP7_75t_SL         3  1.3    37    19     286    (-,-) 
  g615254__9945/Y     -       A->Y    F     NAND2xp5_ASAP7_75t_SL         3  1.7    24    12     298    (-,-) 
  g615251/Y           -       A->Y    R     INVx1_ASAP7_75t_SL            1  0.6    11     8     306    (-,-) 
  retime_s7_11_reg/SI <<<     -       R     SDFHx4_ASAP7_75t_SL           1    -     -     0     306    (-,-) 
#-------------------------------------------------------------------------------------------------------------


