============================================================
  Generated by:           Genus(TM) Synthesis Solution 25.10-p002_1
  Generated on:           Aug 27 2026  02:56:30 pm
  Operating conditions:   PVT_0P7V_25C (balanced_tree)
  Wireload mode:          enclosed
  Area mode:              timing library
============================================================

                                                                                       Library 
           Gate             Instances    Area                   Library                 Domain 
-----------------------------------------------------------------------------------------------
A2O1A1Ixp33_ASAP7_75t_R             8     0.700      asap7sc7p5t_AO_RVT_TT_nldm_201020       0 
A2O1A1Ixp33_ASAP7_75t_SL          331    28.956     asap7sc7p5t_AO_SLVT_TT_nldm_201020       0 
A2O1A1O1Ixp25_ASAP7_75t_SL         40     5.249     asap7sc7p5t_AO_SLVT_TT_nldm_201020       0 
AND2x2_ASAP7_75t_L                  3     0.262  asap7sc7p5t_SIMPLE_LVT_TT_nldm_201020       0 
AND2x2_ASAP7_75t_R                  2     0.175  asap7sc7p5t_SIMPLE_RVT_TT_nldm_201020       0 
AND2x2_ASAP7_75t_SL               865    75.670 asap7sc7p5t_SIMPLE_SLVT_TT_nldm_201020       0 
AND2x4_ASAP7_75t_L                 77    11.227  asap7sc7p5t_SIMPLE_LVT_TT_nldm_201020       0 
AND2x4_ASAP7_75t_R                  2     0.292  asap7sc7p5t_SIMPLE_RVT_TT_nldm_201020       0 
AND2x4_ASAP7_75t_SL                83    12.101 asap7sc7p5t_SIMPLE_SLVT_TT_nldm_201020       0 
AND2x6_ASAP7_75t_L                437    76.458  asap7sc7p5t_SIMPLE_LVT_TT_nldm_201020       0 
AND2x6_ASAP7_75t_SL                 8     1.400 asap7sc7p5t_SIMPLE_SLVT_TT_nldm_201020       0 
AND3x1_ASAP7_75t_SL                22     1.925 asap7sc7p5t_SIMPLE_SLVT_TT_nldm_201020       0 
AND3x2_ASAP7_75t_SL                 7     0.714 asap7sc7p5t_SIMPLE_SLVT_TT_nldm_201020       0 
AND3x4_ASAP7_75t_SL                 2     0.408 asap7sc7p5t_SIMPLE_SLVT_TT_nldm_201020       0 
AND4x1_ASAP7_75t_SL               617    62.971 asap7sc7p5t_SIMPLE_SLVT_TT_nldm_201020       0 
AND5x1_ASAP7_75t_SL                30     3.499 asap7sc7p5t_SIMPLE_SLVT_TT_nldm_201020       0 
AO211x2_ASAP7_75t_SL                1     0.233     asap7sc7p5t_AO_SLVT_TT_nldm_201020       0 
AO21x1_ASAP7_75t_L                  4     0.350      asap7sc7p5t_AO_LVT_TT_nldm_201020       0 
AO21x1_ASAP7_75t_SL                70     6.124     asap7sc7p5t_AO_SLVT_TT_nldm_201020       0 
AO21x2_ASAP7_75t_SL                18     1.837     asap7sc7p5t_AO_SLVT_TT_nldm_201020       0 
AO221x1_ASAP7_75t_SL               11     1.604     asap7sc7p5t_AO_SLVT_TT_nldm_201020       0 
AO221x2_ASAP7_75t_SL                1     0.160     asap7sc7p5t_AO_SLVT_TT_nldm_201020       0 
AO22x1_ASAP7_75t_SL                35     4.593     asap7sc7p5t_AO_SLVT_TT_nldm_201020       0 
AO22x2_ASAP7_75t_L                  2     0.292      asap7sc7p5t_AO_LVT_TT_nldm_201020       0 
AO22x2_ASAP7_75t_SL                29     4.228     asap7sc7p5t_AO_SLVT_TT_nldm_201020       0 
AO31x2_ASAP7_75t_SL                 3     0.700     asap7sc7p5t_AO_SLVT_TT_nldm_201020       0 
AO32x1_ASAP7_75t_SL                 6     0.700     asap7sc7p5t_AO_SLVT_TT_nldm_201020       0 
AO331x1_ASAP7_75t_SL                1     0.146     asap7sc7p5t_AO_SLVT_TT_nldm_201020       0 
AOI211x1_ASAP7_75t_L                1     0.175      asap7sc7p5t_AO_LVT_TT_nldm_201020       0 
AOI211x1_ASAP7_75t_SL               6     1.050     asap7sc7p5t_AO_SLVT_TT_nldm_201020       0 
AOI211xp5_ASAP7_75t_SL            509    44.527     asap7sc7p5t_AO_SLVT_TT_nldm_201020       0 
AOI21x1_ASAP7_75t_L                 4     0.467      asap7sc7p5t_AO_LVT_TT_nldm_201020       0 
AOI21x1_ASAP7_75t_SL               29     3.383     asap7sc7p5t_AO_SLVT_TT_nldm_201020       0 
AOI21xp33_ASAP7_75t_SL           7835   571.172     asap7sc7p5t_AO_SLVT_TT_nldm_201020       0 
AOI21xp5_ASAP7_75t_L              208    15.163      asap7sc7p5t_AO_LVT_TT_nldm_201020       0 
AOI21xp5_ASAP7_75t_R               16     1.166      asap7sc7p5t_AO_RVT_TT_nldm_201020       0 
AOI21xp5_ASAP7_75t_SL            1133    82.596     asap7sc7p5t_AO_SLVT_TT_nldm_201020       0 
AOI221x1_ASAP7_75t_SL               3     0.612     asap7sc7p5t_AO_SLVT_TT_nldm_201020       0 
AOI221xp5_ASAP7_75t_R               2     0.204      asap7sc7p5t_AO_RVT_TT_nldm_201020       0 
AOI221xp5_ASAP7_75t_SL            847    86.445     asap7sc7p5t_AO_SLVT_TT_nldm_201020       0 
AOI222xp33_ASAP7_75t_SL            60     8.748     asap7sc7p5t_AO_SLVT_TT_nldm_201020       0 
AOI22x1_ASAP7_75t_L                 1     0.146      asap7sc7p5t_AO_LVT_TT_nldm_201020       0 
AOI22x1_ASAP7_75t_SL                8     1.166     asap7sc7p5t_AO_SLVT_TT_nldm_201020       0 
AOI22xp33_ASAP7_75t_L             269    23.532      asap7sc7p5t_AO_LVT_TT_nldm_201020       0 
AOI22xp33_ASAP7_75t_SL           3566   311.954     asap7sc7p5t_AO_SLVT_TT_nldm_201020       0 
AOI22xp5_ASAP7_75t_L              213    18.633      asap7sc7p5t_AO_LVT_TT_nldm_201020       0 
AOI22xp5_ASAP7_75t_R                5     0.437      asap7sc7p5t_AO_RVT_TT_nldm_201020       0 
AOI22xp5_ASAP7_75t_SL            9018   788.895     asap7sc7p5t_AO_SLVT_TT_nldm_201020       0 
AOI311xp33_ASAP7_75t_L              3     0.306      asap7sc7p5t_AO_LVT_TT_nldm_201020       0 
AOI311xp33_ASAP7_75t_SL            16     1.633     asap7sc7p5t_AO_SLVT_TT_nldm_201020       0 
AOI31xp33_ASAP7_75t_SL            187    16.359     asap7sc7p5t_AO_SLVT_TT_nldm_201020       0 
AOI31xp67_ASAP7_75t_SL              2     0.379     asap7sc7p5t_AO_SLVT_TT_nldm_201020       0 
AOI321xp33_ASAP7_75t_SL            20     2.333     asap7sc7p5t_AO_SLVT_TT_nldm_201020       0 
AOI322xp5_ASAP7_75t_R               1     0.131      asap7sc7p5t_AO_RVT_TT_nldm_201020       0 
AOI322xp5_ASAP7_75t_SL            432    56.687     asap7sc7p5t_AO_SLVT_TT_nldm_201020       0 
AOI32xp33_ASAP7_75t_L               1     0.102      asap7sc7p5t_AO_LVT_TT_nldm_201020       0 
AOI32xp33_ASAP7_75t_SL             67     6.838     asap7sc7p5t_AO_SLVT_TT_nldm_201020       0 
AOI332xp33_ASAP7_75t_SL             3     0.437     asap7sc7p5t_AO_SLVT_TT_nldm_201020       0 
AOI33xp33_ASAP7_75t_SL              5     0.583     asap7sc7p5t_AO_SLVT_TT_nldm_201020       0 
ASYNC_DFFHx1_ASAP7_75t_L          103    39.045     asap7sc7p5t_SEQ_LVT_TT_nldm_201020       0 
ASYNC_DFFHx1_ASAP7_75t_SL         528   200.154    asap7sc7p5t_SEQ_SLVT_TT_nldm_201020       0 
BUFx10_ASAP7_75t_L                  4     0.816  asap7sc7p5t_INVBUF_LVT_TT_nldm_201020       0 
BUFx10_ASAP7_75t_R                  1     3.266  asap7sc7p5t_INVBUF_RVT_TT_nldm_201020       0 
BUFx10_ASAP7_75t_SL                 2     0.408 asap7sc7p5t_INVBUF_SLVT_TT_nldm_201020       0 
BUFx12f_ASAP7_75t_SL               60    15.746 asap7sc7p5t_INVBUF_SLVT_TT_nldm_201020       0 
BUFx16f_ASAP7_75t_SL                1     0.321 asap7sc7p5t_INVBUF_SLVT_TT_nldm_201020       0 
BUFx2_ASAP7_75t_L                  93     6.780  asap7sc7p5t_INVBUF_LVT_TT_nldm_201020       0 
BUFx2_ASAP7_75t_R                   3     3.499  asap7sc7p5t_INVBUF_RVT_TT_nldm_201020       0 
BUFx2_ASAP7_75t_SL                 46     3.353 asap7sc7p5t_INVBUF_SLVT_TT_nldm_201020       0 
BUFx3_ASAP7_75t_L                  65     5.686  asap7sc7p5t_INVBUF_LVT_TT_nldm_201020       0 
BUFx3_ASAP7_75t_SL                422    36.917 asap7sc7p5t_INVBUF_SLVT_TT_nldm_201020       0 
BUFx4f_ASAP7_75t_L                  9     1.050  asap7sc7p5t_INVBUF_LVT_TT_nldm_201020       0 
BUFx4f_ASAP7_75t_SL               727    84.797 asap7sc7p5t_INVBUF_SLVT_TT_nldm_201020       0 
BUFx5_ASAP7_75t_SL                 26     3.033 asap7sc7p5t_INVBUF_SLVT_TT_nldm_201020       0 
BUFx6f_ASAP7_75t_R                  1     2.333  asap7sc7p5t_INVBUF_RVT_TT_nldm_201020       0 
BUFx6f_ASAP7_75t_SL               508    74.066 asap7sc7p5t_INVBUF_SLVT_TT_nldm_201020       0 
BUFx8_ASAP7_75t_L                   6     1.050  asap7sc7p5t_INVBUF_LVT_TT_nldm_201020       0 
BUFx8_ASAP7_75t_SL                 12     2.100 asap7sc7p5t_INVBUF_SLVT_TT_nldm_201020       0 
CKINVDCx11_ASAP7_75t_R              8     0.000  asap7sc7p5t_INVBUF_RVT_TT_nldm_201020       0 
CKINVDCx12_ASAP7_75t_R            294     0.000  asap7sc7p5t_INVBUF_RVT_TT_nldm_201020       0 
CKINVDCx14_ASAP7_75t_R          13051     0.000  asap7sc7p5t_INVBUF_RVT_TT_nldm_201020       0 
CKINVDCx14_ASAP7_75t_SL             1     0.426 asap7sc7p5t_INVBUF_SLVT_TT_nldm_201020       0 
CKINVDCx16_ASAP7_75t_R            117     0.000  asap7sc7p5t_INVBUF_RVT_TT_nldm_201020       0 
CKINVDCx20_ASAP7_75t_R           1163     0.000  asap7sc7p5t_INVBUF_RVT_TT_nldm_201020       0 
CKINVDCx5p33_ASAP7_75t_R          154     0.000  asap7sc7p5t_INVBUF_RVT_TT_nldm_201020       0 
CKINVDCx5p33_ASAP7_75t_SL           1     0.341 asap7sc7p5t_INVBUF_SLVT_TT_nldm_201020       0 
CKINVDCx6p67_ASAP7_75t_R            3     0.000  asap7sc7p5t_INVBUF_RVT_TT_nldm_201020       0 
CKINVDCx8_ASAP7_75t_R              35     0.000  asap7sc7p5t_INVBUF_RVT_TT_nldm_201020       0 
CKINVDCx9p33_ASAP7_75t_R            2     0.000  asap7sc7p5t_INVBUF_RVT_TT_nldm_201020       0 
DFFHQNx1_ASAP7_75t_L               49    14.288     asap7sc7p5t_SEQ_LVT_TT_nldm_201020       0 
DFFHQNx1_ASAP7_75t_R               17     4.957     asap7sc7p5t_SEQ_RVT_TT_nldm_201020       0 
DFFHQNx1_ASAP7_75t_SL            7392  2155.507    asap7sc7p5t_SEQ_SLVT_TT_nldm_201020       0 
DFFHQNx2_ASAP7_75t_SL            1792   548.675    asap7sc7p5t_SEQ_SLVT_TT_nldm_201020       0 
DFFHQx4_ASAP7_75t_L                 1     0.364     asap7sc7p5t_SEQ_LVT_TT_nldm_201020       0 
DFFHQx4_ASAP7_75t_SL               29    10.570    asap7sc7p5t_SEQ_SLVT_TT_nldm_201020       0 
FAx1_ASAP7_75t_SL                   7     1.429 asap7sc7p5t_SIMPLE_SLVT_TT_nldm_201020       0 
HAxp5_ASAP7_75t_L                   2     0.262  asap7sc7p5t_SIMPLE_LVT_TT_nldm_201020       0 
HAxp5_ASAP7_75t_R                   1     0.131  asap7sc7p5t_SIMPLE_RVT_TT_nldm_201020       0 
HAxp5_ASAP7_75t_SL                 59     7.742 asap7sc7p5t_SIMPLE_SLVT_TT_nldm_201020       0 
HB1xp67_ASAP7_75t_L                12     0.700  asap7sc7p5t_INVBUF_LVT_TT_nldm_201020       0 
HB1xp67_ASAP7_75t_SL              391    22.803 asap7sc7p5t_INVBUF_SLVT_TT_nldm_201020       0 
INVx11_ASAP7_75t_SL                 4     0.758 asap7sc7p5t_INVBUF_SLVT_TT_nldm_201020       0 
INVx1_ASAP7_75t_L                  25     1.094  asap7sc7p5t_INVBUF_LVT_TT_nldm_201020       0 
INVx1_ASAP7_75t_SL               4184   183.008 asap7sc7p5t_INVBUF_SLVT_TT_nldm_201020       0 
INVx2_ASAP7_75t_L                  21     1.225  asap7sc7p5t_INVBUF_LVT_TT_nldm_201020       0 
INVx2_ASAP7_75t_R                   1     0.933  asap7sc7p5t_INVBUF_RVT_TT_nldm_201020       0 
INVx2_ASAP7_75t_SL                935    54.529 asap7sc7p5t_INVBUF_SLVT_TT_nldm_201020       0 
INVx3_ASAP7_75t_L                   1     0.073  asap7sc7p5t_INVBUF_LVT_TT_nldm_201020       0 
INVx3_ASAP7_75t_SL                255    18.590 asap7sc7p5t_INVBUF_SLVT_TT_nldm_201020       0 
INVx4_ASAP7_75t_L                   1     0.087  asap7sc7p5t_INVBUF_LVT_TT_nldm_201020       0 
INVx4_ASAP7_75t_R                   4     5.599  asap7sc7p5t_INVBUF_RVT_TT_nldm_201020       0 
INVx4_ASAP7_75t_SL                133    11.635 asap7sc7p5t_INVBUF_SLVT_TT_nldm_201020       0 
INVx5_ASAP7_75t_SL                 34     3.470 asap7sc7p5t_INVBUF_SLVT_TT_nldm_201020       0 
INVx6_ASAP7_75t_L                   1     0.117  asap7sc7p5t_INVBUF_LVT_TT_nldm_201020       0 
INVx6_ASAP7_75t_SL                 18     2.100 asap7sc7p5t_INVBUF_SLVT_TT_nldm_201020       0 
INVx8_ASAP7_75t_SL                 30     4.374 asap7sc7p5t_INVBUF_SLVT_TT_nldm_201020       0 
INVxp33_ASAP7_75t_L                91     3.980  asap7sc7p5t_INVBUF_LVT_TT_nldm_201020       0 
INVxp33_ASAP7_75t_SL              553    24.188 asap7sc7p5t_INVBUF_SLVT_TT_nldm_201020       0 
INVxp67_ASAP7_75t_L                 1     0.044  asap7sc7p5t_INVBUF_LVT_TT_nldm_201020       0 
INVxp67_ASAP7_75t_R                 6     4.199  asap7sc7p5t_INVBUF_RVT_TT_nldm_201020       0 
INVxp67_ASAP7_75t_SL            18317   801.186 asap7sc7p5t_INVBUF_SLVT_TT_nldm_201020       0 
MAJIxp5_ASAP7_75t_SL               97     9.900 asap7sc7p5t_SIMPLE_SLVT_TT_nldm_201020       0 
MAJx2_ASAP7_75t_SL                 11     1.443 asap7sc7p5t_SIMPLE_SLVT_TT_nldm_201020       0 
NAND2x1_ASAP7_75t_L                 3     0.262  asap7sc7p5t_SIMPLE_LVT_TT_nldm_201020       0 
NAND2x1_ASAP7_75t_SL               81     7.086 asap7sc7p5t_SIMPLE_SLVT_TT_nldm_201020       0 
NAND2x1p5_ASAP7_75t_L               3     0.350  asap7sc7p5t_SIMPLE_LVT_TT_nldm_201020       0 
NAND2x1p5_ASAP7_75t_SL             18     2.100 asap7sc7p5t_SIMPLE_SLVT_TT_nldm_201020       0 
NAND2x2_ASAP7_75t_SL                1     0.146 asap7sc7p5t_SIMPLE_SLVT_TT_nldm_201020       0 
NAND2xp33_ASAP7_75t_L              99     5.774  asap7sc7p5t_SIMPLE_LVT_TT_nldm_201020       0 
NAND2xp33_ASAP7_75t_R              21     1.225  asap7sc7p5t_SIMPLE_RVT_TT_nldm_201020       0 
NAND2xp33_ASAP7_75t_SL            269    15.688 asap7sc7p5t_SIMPLE_SLVT_TT_nldm_201020       0 
NAND2xp5_ASAP7_75t_L              665    38.783  asap7sc7p5t_SIMPLE_LVT_TT_nldm_201020       0 
NAND2xp5_ASAP7_75t_R               14     0.816  asap7sc7p5t_SIMPLE_RVT_TT_nldm_201020       0 
NAND2xp5_ASAP7_75t_SL            3506   204.470 asap7sc7p5t_SIMPLE_SLVT_TT_nldm_201020       0 
NAND2xp67_ASAP7_75t_SL              6     0.525 asap7sc7p5t_SIMPLE_SLVT_TT_nldm_201020       0 
NAND3x1_ASAP7_75t_L                 2     0.321  asap7sc7p5t_SIMPLE_LVT_TT_nldm_201020       0 
NAND3x1_ASAP7_75t_SL                6     0.962 asap7sc7p5t_SIMPLE_SLVT_TT_nldm_201020       0 
NAND3x2_ASAP7_75t_L                 1     0.292  asap7sc7p5t_SIMPLE_LVT_TT_nldm_201020       0 
NAND3xp33_ASAP7_75t_L              18     1.312  asap7sc7p5t_SIMPLE_LVT_TT_nldm_201020       0 
NAND3xp33_ASAP7_75t_R               1     0.073  asap7sc7p5t_SIMPLE_RVT_TT_nldm_201020       0 
NAND3xp33_ASAP7_75t_SL            231    16.840 asap7sc7p5t_SIMPLE_SLVT_TT_nldm_201020       0 
NAND4xp25_ASAP7_75t_SL           1760   153.965 asap7sc7p5t_SIMPLE_SLVT_TT_nldm_201020       0 
NAND4xp75_ASAP7_75t_SL              3     0.612 asap7sc7p5t_SIMPLE_SLVT_TT_nldm_201020       0 
NAND5xp2_ASAP7_75t_SL             167    17.044 asap7sc7p5t_SIMPLE_SLVT_TT_nldm_201020       0 
NOR2x1_ASAP7_75t_R                  2     0.175  asap7sc7p5t_SIMPLE_RVT_TT_nldm_201020       0 
NOR2x1_ASAP7_75t_SL               171    14.959 asap7sc7p5t_SIMPLE_SLVT_TT_nldm_201020       0 
NOR2x1p5_ASAP7_75t_SL              13     1.516 asap7sc7p5t_SIMPLE_SLVT_TT_nldm_201020       0 
NOR2x2_ASAP7_75t_SL                 4     0.583 asap7sc7p5t_SIMPLE_SLVT_TT_nldm_201020       0 
NOR2xp33_ASAP7_75t_L               72     4.199  asap7sc7p5t_SIMPLE_LVT_TT_nldm_201020       0 
NOR2xp33_ASAP7_75t_R               58     3.383  asap7sc7p5t_SIMPLE_RVT_TT_nldm_201020       0 
NOR2xp33_ASAP7_75t_SL           10421   607.753 asap7sc7p5t_SIMPLE_SLVT_TT_nldm_201020       0 
NOR2xp67_ASAP7_75t_L               69     6.036  asap7sc7p5t_SIMPLE_LVT_TT_nldm_201020       0 
NOR2xp67_ASAP7_75t_R                7     0.612  asap7sc7p5t_SIMPLE_RVT_TT_nldm_201020       0 
NOR2xp67_ASAP7_75t_SL             131    11.460 asap7sc7p5t_SIMPLE_SLVT_TT_nldm_201020       0 
NOR3x1_ASAP7_75t_SL                 6     0.962 asap7sc7p5t_SIMPLE_SLVT_TT_nldm_201020       0 
NOR3xp33_ASAP7_75t_L                2     0.146  asap7sc7p5t_SIMPLE_LVT_TT_nldm_201020       0 
NOR3xp33_ASAP7_75t_R                3     0.219  asap7sc7p5t_SIMPLE_RVT_TT_nldm_201020       0 
NOR3xp33_ASAP7_75t_SL             253    18.444 asap7sc7p5t_SIMPLE_SLVT_TT_nldm_201020       0 
NOR4xp25_ASAP7_75t_L                3     0.262  asap7sc7p5t_SIMPLE_LVT_TT_nldm_201020       0 
NOR4xp25_ASAP7_75t_SL             134    11.722 asap7sc7p5t_SIMPLE_SLVT_TT_nldm_201020       0 
NOR4xp75_ASAP7_75t_SL               1     0.204 asap7sc7p5t_SIMPLE_SLVT_TT_nldm_201020       0 
NOR5xp2_ASAP7_75t_R                 1     0.102  asap7sc7p5t_SIMPLE_RVT_TT_nldm_201020       0 
NOR5xp2_ASAP7_75t_SL              190    19.391 asap7sc7p5t_SIMPLE_SLVT_TT_nldm_201020       0 
O2A1O1Ixp33_ASAP7_75t_L             9     0.787      asap7sc7p5t_OA_LVT_TT_nldm_201020       0 
O2A1O1Ixp33_ASAP7_75t_R             5     0.437      asap7sc7p5t_OA_RVT_TT_nldm_201020       0 
O2A1O1Ixp33_ASAP7_75t_SL          357    31.230     asap7sc7p5t_OA_SLVT_TT_nldm_201020       0 
O2A1O1Ixp5_ASAP7_75t_SL            43     5.016     asap7sc7p5t_OA_SLVT_TT_nldm_201020       0 
OA211x2_ASAP7_75t_SL               21     2.449     asap7sc7p5t_OA_SLVT_TT_nldm_201020       0 
OA21x2_ASAP7_75t_SL               197    20.106     asap7sc7p5t_OA_SLVT_TT_nldm_201020       0 
OA22x2_ASAP7_75t_SL                38     5.540     asap7sc7p5t_OA_SLVT_TT_nldm_201020       0 
OA331x1_ASAP7_75t_SL                1     0.146     asap7sc7p5t_OA_SLVT_TT_nldm_201020       0 
OAI211xp5_ASAP7_75t_L               5     0.437      asap7sc7p5t_OA_LVT_TT_nldm_201020       0 
OAI211xp5_ASAP7_75t_SL            424    37.092     asap7sc7p5t_OA_SLVT_TT_nldm_201020       0 
OAI21x1_ASAP7_75t_L                 4     0.467      asap7sc7p5t_OA_LVT_TT_nldm_201020       0 
OAI21x1_ASAP7_75t_SL               35     4.082     asap7sc7p5t_OA_SLVT_TT_nldm_201020       0 
OAI21xp33_ASAP7_75t_L               5     0.365      asap7sc7p5t_OA_LVT_TT_nldm_201020       0 
OAI21xp33_ASAP7_75t_R               8     0.583      asap7sc7p5t_OA_RVT_TT_nldm_201020       0 
OAI21xp33_ASAP7_75t_SL            345    25.151     asap7sc7p5t_OA_SLVT_TT_nldm_201020       0 
OAI21xp5_ASAP7_75t_L               10     0.729      asap7sc7p5t_OA_LVT_TT_nldm_201020       0 
OAI21xp5_ASAP7_75t_SL            1576   114.890     asap7sc7p5t_OA_SLVT_TT_nldm_201020       0 
OAI221xp5_ASAP7_75t_L               2     0.204      asap7sc7p5t_OA_LVT_TT_nldm_201020       0 
OAI221xp5_ASAP7_75t_SL           1465   149.518     asap7sc7p5t_OA_SLVT_TT_nldm_201020       0 
OAI222xp33_ASAP7_75t_R              2     0.292      asap7sc7p5t_OA_RVT_TT_nldm_201020       0 
OAI222xp33_ASAP7_75t_SL            49     7.144     asap7sc7p5t_OA_SLVT_TT_nldm_201020       0 
OAI22x1_ASAP7_75t_SL               15     2.187     asap7sc7p5t_OA_SLVT_TT_nldm_201020       0 
OAI22xp33_ASAP7_75t_R               6     0.525      asap7sc7p5t_OA_RVT_TT_nldm_201020       0 
OAI22xp33_ASAP7_75t_SL            516    45.140     asap7sc7p5t_OA_SLVT_TT_nldm_201020       0 
OAI22xp5_ASAP7_75t_L                1     0.087      asap7sc7p5t_OA_LVT_TT_nldm_201020       0 
OAI22xp5_ASAP7_75t_R                3     0.262      asap7sc7p5t_OA_RVT_TT_nldm_201020       0 
OAI22xp5_ASAP7_75t_SL            2075   181.521     asap7sc7p5t_OA_SLVT_TT_nldm_201020       0 
OAI311xp33_ASAP7_75t_SL            12     1.225     asap7sc7p5t_OA_SLVT_TT_nldm_201020       0 
OAI31xp33_ASAP7_75t_R               1     0.087      asap7sc7p5t_OA_RVT_TT_nldm_201020       0 
OAI31xp33_ASAP7_75t_SL            262    22.920     asap7sc7p5t_OA_SLVT_TT_nldm_201020       0 
OAI321xp33_ASAP7_75t_L              1     0.117      asap7sc7p5t_OA_LVT_TT_nldm_201020       0 
OAI321xp33_ASAP7_75t_R              1     0.117      asap7sc7p5t_OA_RVT_TT_nldm_201020       0 
OAI321xp33_ASAP7_75t_SL            39     4.549     asap7sc7p5t_OA_SLVT_TT_nldm_201020       0 
OAI322xp33_ASAP7_75t_L             28     3.674      asap7sc7p5t_OA_LVT_TT_nldm_201020       0 
OAI322xp33_ASAP7_75t_SL           544    71.384     asap7sc7p5t_OA_SLVT_TT_nldm_201020       0 
OAI32xp33_ASAP7_75t_L               5     0.510      asap7sc7p5t_OA_LVT_TT_nldm_201020       0 
OAI32xp33_ASAP7_75t_SL             57     5.817     asap7sc7p5t_OA_SLVT_TT_nldm_201020       0 
OAI331xp33_ASAP7_75t_R              2     0.262      asap7sc7p5t_OA_RVT_TT_nldm_201020       0 
OAI331xp33_ASAP7_75t_SL            13     1.706     asap7sc7p5t_OA_SLVT_TT_nldm_201020       0 
OAI332xp33_ASAP7_75t_SL             5     0.729     asap7sc7p5t_OA_SLVT_TT_nldm_201020       0 
OAI33xp33_ASAP7_75t_SL             14     1.633     asap7sc7p5t_OA_SLVT_TT_nldm_201020       0 
OR2x2_ASAP7_75t_SL                537    46.977 asap7sc7p5t_SIMPLE_SLVT_TT_nldm_201020       0 
OR2x4_ASAP7_75t_SL                  2     0.233 asap7sc7p5t_SIMPLE_SLVT_TT_nldm_201020       0 
OR2x6_ASAP7_75t_L                   1     0.175  asap7sc7p5t_SIMPLE_LVT_TT_nldm_201020       0 
OR2x6_ASAP7_75t_SL                 14     2.449 asap7sc7p5t_SIMPLE_SLVT_TT_nldm_201020       0 
OR3x1_ASAP7_75t_SL                 26     2.274 asap7sc7p5t_SIMPLE_SLVT_TT_nldm_201020       0 
OR3x2_ASAP7_75t_SL                  6     0.612 asap7sc7p5t_SIMPLE_SLVT_TT_nldm_201020       0 
OR4x1_ASAP7_75t_SL                  4     0.408 asap7sc7p5t_SIMPLE_SLVT_TT_nldm_201020       0 
OR4x2_ASAP7_75t_SL                  3     0.350 asap7sc7p5t_SIMPLE_SLVT_TT_nldm_201020       0 
OR5x1_ASAP7_75t_SL                  7     0.816 asap7sc7p5t_SIMPLE_SLVT_TT_nldm_201020       0 
SDFHx1_ASAP7_75t_L                 20     7.290     asap7sc7p5t_SEQ_LVT_TT_nldm_201020       0 
SDFHx1_ASAP7_75t_R                  3     1.093     asap7sc7p5t_SEQ_RVT_TT_nldm_201020       0 
SDFHx1_ASAP7_75t_SL             19432  7082.964    asap7sc7p5t_SEQ_SLVT_TT_nldm_201020       0 
SDFHx2_ASAP7_75t_SL                 9     3.412    asap7sc7p5t_SEQ_SLVT_TT_nldm_201020       0 
SDFHx3_ASAP7_75t_SL                 3     1.181    asap7sc7p5t_SEQ_SLVT_TT_nldm_201020       0 
SDFHx4_ASAP7_75t_SL               216    97.628    asap7sc7p5t_SEQ_SLVT_TT_nldm_201020       0 
XNOR2x1_ASAP7_75t_SL               21     3.674 asap7sc7p5t_SIMPLE_SLVT_TT_nldm_201020       0 
XNOR2x2_ASAP7_75t_L                 1     0.160  asap7sc7p5t_SIMPLE_LVT_TT_nldm_201020       0 
XNOR2x2_ASAP7_75t_SL               18     2.887 asap7sc7p5t_SIMPLE_SLVT_TT_nldm_201020       0 
XNOR2xp5_ASAP7_75t_L               11     1.443  asap7sc7p5t_SIMPLE_LVT_TT_nldm_201020       0 
XNOR2xp5_ASAP7_75t_SL             557    73.090 asap7sc7p5t_SIMPLE_SLVT_TT_nldm_201020       0 
XOR2x1_ASAP7_75t_SL                 4     0.700 asap7sc7p5t_SIMPLE_SLVT_TT_nldm_201020       0 
XOR2x2_ASAP7_75t_L                  1     0.160  asap7sc7p5t_SIMPLE_LVT_TT_nldm_201020       0 
XOR2x2_ASAP7_75t_SL                20     3.208 asap7sc7p5t_SIMPLE_SLVT_TT_nldm_201020       0 
XOR2xp5_ASAP7_75t_L                14     1.837  asap7sc7p5t_SIMPLE_LVT_TT_nldm_201020       0 
XOR2xp5_ASAP7_75t_R                 1     0.131  asap7sc7p5t_SIMPLE_RVT_TT_nldm_201020       0 
XOR2xp5_ASAP7_75t_SL              523    68.628 asap7sc7p5t_SIMPLE_SLVT_TT_nldm_201020       0 
-----------------------------------------------------------------------------------------------
total                          127177 16060.053                                                
                                                                       
                Library                Instances    Area   Instances % 
-----------------------------------------------------------------------
asap7sc7p5t_AO_LVT_TT_nldm_201020            706    59.166         0.6 
asap7sc7p5t_AO_RVT_TT_nldm_201020             32     2.639         0.0 
asap7sc7p5t_AO_SLVT_TT_nldm_201020         24292  2040.325        19.1 
asap7sc7p5t_INVBUF_LVT_TT_nldm_201020        330    22.701         0.3 
asap7sc7p5t_INVBUF_RVT_TT_nldm_201020      14843    19.829        11.7 
asap7sc7p5t_INVBUF_SLVT_TT_nldm_201020     26660  1348.148        21.0 
asap7sc7p5t_OA_LVT_TT_nldm_201020             70     7.377         0.1 
asap7sc7p5t_OA_RVT_TT_nldm_201020             28     2.566         0.0 
asap7sc7p5t_OA_SLVT_TT_nldm_201020          8103   741.174         6.4 
asap7sc7p5t_SEQ_LVT_TT_nldm_201020           173    60.988         0.1 
asap7sc7p5t_SEQ_RVT_TT_nldm_201020            20     6.051         0.0 
asap7sc7p5t_SEQ_SLVT_TT_nldm_201020        29401 10100.091        23.1 
asap7sc7p5t_SIMPLE_LVT_TT_nldm_201020       1484   149.722         1.2 
asap7sc7p5t_SIMPLE_RVT_TT_nldm_201020        113     7.334         0.1 
asap7sc7p5t_SIMPLE_SLVT_TT_nldm_201020     20922  1491.942        16.5 
                                          
     Type      Instances    Area   Area % 
------------------------------------------
sequential         29594 10167.130   63.3 
inverter           39444  1121.954    7.0 
buffer              2389   268.724    1.7 
logic              55750  4502.246   28.0 
physical_cells         0     0.000    0.0 
------------------------------------------
total             127177 16060.053  100.0 
