============================================================
  Generated by:           Genus(TM) Synthesis Solution 25.10-p002_1
  Generated on:           Aug 27 2026  02:56:19 pm
  Module:                 mq_pe_16x2_d32
  Operating conditions:   PVT_0P7V_25C (balanced_tree)
  Wireload mode:          enclosed
  Area mode:              timing library
============================================================

Timing
--------

Analysis view Clock Period 
---------------------------
TT.setup_view clk    333.0 


   Analysis     Cost   Critical        Violating 
     View      Group  Path Slack  TNS    Paths   
-------------------------------------------------
TT.setup_view     clk        0.0  0.0          0 
              default   No paths  0.0          0 
-------------------------------------------------
Total                            -0.0          0 
                                                 

Instance Count
--------------
Leaf Instance Count             127177 
Physical Instance count              0 
Sequential Instance Count        29594 
Combinational Instance Count     97583 
Hierarchical Instance Count          0 

Area
----
Cell Area                          16060.053
Physical Cell Area                 0.000
Total Cell Area (Cell+Physical)    16060.053
Net Area                           0.000
Total Area (Cell+Physical+Net)     16060.053

Max Fanout                         29594 (clk)
Min Fanout                         0 (n_81629)
Average Fanout                     2.5
Terms to net ratio                 3.5083
Terms to instance ratio            3.5251
Runtime                            3124.389788000042 seconds
Elapsed Runtime                    3346 seconds
Genus peak memory usage            3814.37 
Innovus peak memory usage          no_value 
Hostname                           squire.ece.uw.edu
