============================================================
  Generated by:           Genus(TM) Synthesis Solution 25.10-p002_1
  Generated on:           Aug 27 2026  02:44:52 pm
  Module:                 mq_pe_16x2_d32
  Operating conditions:   PVT_0P7V_25C (balanced_tree)
  Wireload mode:          enclosed
  Area mode:              timing library
============================================================

Timing
--------

Analysis view Clock Period 
---------------------------
TT.setup_view clk    833.0 


   Analysis     Cost   Critical        Violating 
     View      Group  Path Slack  TNS    Paths   
-------------------------------------------------
TT.setup_view     clk        0.0  0.0          0 
              default   No paths  0.0          0 
-------------------------------------------------
Total                            -0.0          0 
                                                 

Instance Count
--------------
Leaf Instance Count             101595 
Physical Instance count              0 
Sequential Instance Count        29016 
Combinational Instance Count     72579 
Hierarchical Instance Count          0 

Area
----
Cell Area                          13858.655
Physical Cell Area                 0.000
Total Cell Area (Cell+Physical)    13858.655
Net Area                           0.000
Total Area (Cell+Physical+Net)     13858.655

Max Fanout                         29016 (clk)
Min Fanout                         0 (n_6965)
Average Fanout                     2.7
Terms to net ratio                 3.7420
Terms to instance ratio            3.7647
Runtime                            2470.881147000043 seconds
Elapsed Runtime                    2676 seconds
Genus peak memory usage            3668.73 
Innovus peak memory usage          no_value 
Hostname                           squire.ece.uw.edu
