============================================================
  Generated by:           Genus(TM) Synthesis Solution 25.10-p002_1
  Generated on:           Aug 27 2026  02:44:52 pm
  Module:                 mq_pe_16x2_d32
  Operating conditions:   PVT_0P7V_25C (balanced_tree)
  Wireload mode:          enclosed
  Area mode:              timing library
============================================================


Path 1: MET (0 ps) Setup Check with Pin retime_s4_102_reg/CLK->D
           View: TT.setup_view
          Group: clk
     Startpoint: (R) retime_s3_84_reg/CLK
          Clock: (R) clk
       Endpoint: (R) retime_s4_102_reg/D
          Clock: (R) clk

                     Capture       Launch     
        Clock Edge:+     833            0     
       Src Latency:+       0            0     
       Net Latency:+       0 (I)        0 (I) 
           Arrival:=     833            0     
                                              
             Setup:-       8                  
       Uncertainty:-      25                  
     Required Time:=     800                  
      Launch Clock:-       0                  
         Data Path:-     800                  
             Slack:=       0                  

#--------------------------------------------------------------------------------------------------------------
#    Timing Point      Flags    Arc    Edge           Cell            Fanout Load Trans Delay Arrival Instance 
#                                                                            (fF)  (ps)  (ps)   (ps)  Location 
#--------------------------------------------------------------------------------------------------------------
  retime_s3_84_reg/CLK -       -       R     (arrival)                 29016    -     8     0       0    (-,-) 
  retime_s3_84_reg/QN  -       CLK->QN F     DFFHQNx1_ASAP7_75t_SL         2  0.9    15    30      30    (-,-) 
  g636248/Y            -       A->Y    R     INVxp67_ASAP7_75t_SL          2  1.0    15    10      40    (-,-) 
  g635957/Y            -       A->Y    F     NOR2xp33_ASAP7_75t_SL         2  1.0    22    14      54    (-,-) 
  g635940/Y            -       B->Y    R     NOR2xp33_ASAP7_75t_SL         2  1.7    38    21      75    (-,-) 
  g635924/Y            -       A2->Y   F     OAI22xp5_ASAP7_75t_SL         2  1.1    23    14      89    (-,-) 
  g635918/Y            -       A2->Y   R     AOI22xp5_ASAP7_75t_SL         2  1.2    26    15     104    (-,-) 
  g635902/Y            -       A2->Y   F     OAI22xp5_ASAP7_75t_SL         2  1.1    24    12     116    (-,-) 
  g635889/Y            -       A2->Y   R     AOI22xp5_ASAP7_75t_SL         2  1.2    26    15     131    (-,-) 
  g635876/Y            -       A2->Y   F     OAI22xp5_ASAP7_75t_SL         2  1.1    25    12     143    (-,-) 
  g635858/Y            -       B2->Y   R     AOI22xp5_ASAP7_75t_SL         2  1.2    26    17     160    (-,-) 
  g635845/Y            -       A2->Y   F     OAI22xp5_ASAP7_75t_SL         2  1.0    24    12     172    (-,-) 
  g635828/Y            -       A1->Y   R     OAI221xp5_ASAP7_75t_SL        3  1.6    53    27     199    (-,-) 
  g635810/Y            -       B->Y    F     NAND2xp5_ASAP7_75t_SL         2  1.1    24    12     211    (-,-) 
  g635782/Y            -       A2->Y   R     A2O1A1Ixp33_ASAP7_75t_SL      1  0.6    30    13     224    (-,-) 
  g635776/Y            -       C->Y    F     A2O1A1Ixp33_ASAP7_75t_SL      1  1.1    29    17     241    (-,-) 
  g636723/Y            -       B->Y    R     XOR2x2_ASAP7_75t_SL           5  2.7    15    30     270    (-,-) 
  g635754/Y            -       B->Y    F     NOR2xp33_ASAP7_75t_SL         2  1.1    28    14     285    (-,-) 
  g635747/Y            -       B->Y    R     OAI21xp5_ASAP7_75t_SL         1  0.6    16    10     294    (-,-) 
  g635729__5122/Y      -       B->Y    R     OA21x2_ASAP7_75t_SL          13  8.4    32    27     322    (-,-) 
  g635723/Y            -       A->Y    F     INVx2_ASAP7_75t_SL           11  6.4    25    15     336    (-,-) 
  g635698/Y            -       B2->Y   R     AOI22xp5_ASAP7_75t_SL         2  1.0    27    15     352    (-,-) 
  g635675/Y            -       A->Y    F     NAND2xp5_ASAP7_75t_L          2  1.0    22    11     363    (-,-) 
  g635662/Y            -       A->Y    R     NAND2xp5_ASAP7_75t_SL         9  4.8    54    30     392    (-,-) 
  g635655/Y            -       A->Y    F     INVx1_ASAP7_75t_SL            8  4.5    36    22     414    (-,-) 
  g635640/Y            -       B->Y    R     NAND2xp5_ASAP7_75t_SL         3  1.6    30    18     431    (-,-) 
  g635600/Y            -       B2->Y   F     OAI22xp5_ASAP7_75t_SL         2  1.0    27    10     442    (-,-) 
  g635579/Y            -       A->Y    R     NAND2xp5_ASAP7_75t_SL         3  1.4    24    16     457    (-,-) 
  g635562/Y            -       B->Y    F     NOR2xp33_ASAP7_75t_SL         3  1.6    34    20     477    (-,-) 
  g635552/Y            -       B->Y    R     NAND2xp5_ASAP7_75t_SL         3  1.4    24    16     493    (-,-) 
  g635544/Y            -       B->Y    F     NOR2xp33_ASAP7_75t_SL         3  1.6    38    20     513    (-,-) 
  g635537/Y            -       B->Y    R     NAND2xp5_ASAP7_75t_SL         3  1.4    25    17     530    (-,-) 
  g635531/Y            -       B->Y    F     NOR2xp33_ASAP7_75t_SL         3  1.6    34    20     551    (-,-) 
  g635522/Y            -       B->Y    R     NAND2xp5_ASAP7_75t_SL         3  1.4    25    16     567    (-,-) 
  g635511/Y            -       B->Y    F     NOR2xp33_ASAP7_75t_SL         3  1.6    36    20     587    (-,-) 
  g635505/Y            -       B->Y    R     NAND2xp5_ASAP7_75t_SL         3  1.5    26    17     604    (-,-) 
  g635501/Y            -       B->Y    F     NOR2xp33_ASAP7_75t_SL         2  1.6    37    20     624    (-,-) 
  g635499/Y            -       B->Y    R     NAND2xp5_ASAP7_75t_SL         2  1.0    21    14     639    (-,-) 
  g635494__1617/Y      -       B->Y    F     NOR2xp33_ASAP7_75t_SL         3  1.6    39    20     658    (-,-) 
  g635483/Y            -       A2->Y   R     OAI211xp5_ASAP7_75t_SL        2  1.0    34    22     680    (-,-) 
  g635479/Y            -       A->Y    F     NOR5xp2_ASAP7_75t_SL          1  0.6    25     9     690    (-,-) 
  g635477/Y            -       A->Y    F     OR4x1_ASAP7_75t_SL           12  6.2    40    41     731    (-,-) 
  g635463/Y            -       B->Y    R     NAND2xp5_ASAP7_75t_SL         5  2.4    34    22     754    (-,-) 
  g635451/Y            -       C->Y    F     OAI321xp33_ASAP7_75t_SL       1  3.7    86    32     786    (-,-) 
  g620173/Y            -       A->Y    R     CKINVDCx5p33_ASAP7_75t_R      1  0.6    17    14     800    (-,-) 
  retime_s4_102_reg/D  <<<     -       R     DFFHQNx1_ASAP7_75t_SL         1    -     -     0     800    (-,-) 
#--------------------------------------------------------------------------------------------------------------


