============================================================
  Generated by:           Genus(TM) Synthesis Solution 25.10-p002_1
  Generated on:           Aug 27 2026  02:45:10 pm
  Operating conditions:   PVT_0P7V_25C (balanced_tree)
  Wireload mode:          enclosed
  Area mode:              timing library
============================================================

                                                                                       Library 
           Gate             Instances    Area                   Library                 Domain 
-----------------------------------------------------------------------------------------------
A2O1A1Ixp33_ASAP7_75t_SL          225    19.683     asap7sc7p5t_AO_SLVT_TT_nldm_201020       0 
A2O1A1O1Ixp25_ASAP7_75t_SL         15     1.968     asap7sc7p5t_AO_SLVT_TT_nldm_201020       0 
AND2x2_ASAP7_75t_SL               273    23.882 asap7sc7p5t_SIMPLE_SLVT_TT_nldm_201020       0 
AND2x4_ASAP7_75t_SL                11     1.604 asap7sc7p5t_SIMPLE_SLVT_TT_nldm_201020       0 
AND3x1_ASAP7_75t_SL                 1     0.087 asap7sc7p5t_SIMPLE_SLVT_TT_nldm_201020       0 
AND4x1_ASAP7_75t_SL              1032   105.326 asap7sc7p5t_SIMPLE_SLVT_TT_nldm_201020       0 
AND5x1_ASAP7_75t_SL                13     1.516 asap7sc7p5t_SIMPLE_SLVT_TT_nldm_201020       0 
AO21x1_ASAP7_75t_L                  1     0.087      asap7sc7p5t_AO_LVT_TT_nldm_201020       0 
AO21x1_ASAP7_75t_SL                22     1.925     asap7sc7p5t_AO_SLVT_TT_nldm_201020       0 
AO21x2_ASAP7_75t_L                  1     0.102      asap7sc7p5t_AO_LVT_TT_nldm_201020       0 
AO21x2_ASAP7_75t_SL                 4     0.408     asap7sc7p5t_AO_SLVT_TT_nldm_201020       0 
AO221x1_ASAP7_75t_SL                3     0.437     asap7sc7p5t_AO_SLVT_TT_nldm_201020       0 
AO22x1_ASAP7_75t_SL                 7     0.919     asap7sc7p5t_AO_SLVT_TT_nldm_201020       0 
AO22x2_ASAP7_75t_SL                 1     0.146     asap7sc7p5t_AO_SLVT_TT_nldm_201020       0 
AO32x1_ASAP7_75t_SL                16     1.866     asap7sc7p5t_AO_SLVT_TT_nldm_201020       0 
AO32x2_ASAP7_75t_SL                 1     0.131     asap7sc7p5t_AO_SLVT_TT_nldm_201020       0 
AO331x1_ASAP7_75t_SL                2     0.292     asap7sc7p5t_AO_SLVT_TT_nldm_201020       0 
AOI211xp5_ASAP7_75t_SL            415    36.304     asap7sc7p5t_AO_SLVT_TT_nldm_201020       0 
AOI21x1_ASAP7_75t_L                 1     0.117      asap7sc7p5t_AO_LVT_TT_nldm_201020       0 
AOI21xp33_ASAP7_75t_SL             80     5.832     asap7sc7p5t_AO_SLVT_TT_nldm_201020       0 
AOI21xp5_ASAP7_75t_L               88     6.415      asap7sc7p5t_AO_LVT_TT_nldm_201020       0 
AOI21xp5_ASAP7_75t_SL             438    31.930     asap7sc7p5t_AO_SLVT_TT_nldm_201020       0 
AOI221xp5_ASAP7_75t_L               1     0.102      asap7sc7p5t_AO_LVT_TT_nldm_201020       0 
AOI221xp5_ASAP7_75t_SL            729    74.402     asap7sc7p5t_AO_SLVT_TT_nldm_201020       0 
AOI222xp33_ASAP7_75t_SL            13     1.895     asap7sc7p5t_AO_SLVT_TT_nldm_201020       0 
AOI22xp33_ASAP7_75t_L            2755   241.007      asap7sc7p5t_AO_LVT_TT_nldm_201020       0 
AOI22xp33_ASAP7_75t_SL           1537   134.457     asap7sc7p5t_AO_SLVT_TT_nldm_201020       0 
AOI22xp5_ASAP7_75t_L              184    16.096      asap7sc7p5t_AO_LVT_TT_nldm_201020       0 
AOI22xp5_ASAP7_75t_SL            7664   670.447     asap7sc7p5t_AO_SLVT_TT_nldm_201020       0 
AOI311xp33_ASAP7_75t_SL            10     1.021     asap7sc7p5t_AO_SLVT_TT_nldm_201020       0 
AOI31xp33_ASAP7_75t_SL             99     8.661     asap7sc7p5t_AO_SLVT_TT_nldm_201020       0 
AOI321xp33_ASAP7_75t_SL            25     2.916     asap7sc7p5t_AO_SLVT_TT_nldm_201020       0 
AOI322xp5_ASAP7_75t_SL            466    61.149     asap7sc7p5t_AO_SLVT_TT_nldm_201020       0 
AOI32xp33_ASAP7_75t_SL             29     2.960     asap7sc7p5t_AO_SLVT_TT_nldm_201020       0 
AOI331xp33_ASAP7_75t_SL             1     0.131     asap7sc7p5t_AO_SLVT_TT_nldm_201020       0 
AOI332xp33_ASAP7_75t_SL             1     0.146     asap7sc7p5t_AO_SLVT_TT_nldm_201020       0 
AOI333xp33_ASAP7_75t_SL             1     0.160     asap7sc7p5t_AO_SLVT_TT_nldm_201020       0 
AOI33xp33_ASAP7_75t_SL              7     0.816     asap7sc7p5t_AO_SLVT_TT_nldm_201020       0 
ASYNC_DFFHx1_ASAP7_75t_L           36    13.647     asap7sc7p5t_SEQ_LVT_TT_nldm_201020       0 
ASYNC_DFFHx1_ASAP7_75t_SL         563   213.422    asap7sc7p5t_SEQ_SLVT_TT_nldm_201020       0 
BUFx12_ASAP7_75t_SL                 1     0.233 asap7sc7p5t_INVBUF_SLVT_TT_nldm_201020       0 
BUFx2_ASAP7_75t_L                 442    32.222  asap7sc7p5t_INVBUF_LVT_TT_nldm_201020       0 
BUFx2_ASAP7_75t_SL                307    22.380 asap7sc7p5t_INVBUF_SLVT_TT_nldm_201020       0 
BUFx3_ASAP7_75t_L                  49     4.287  asap7sc7p5t_INVBUF_LVT_TT_nldm_201020       0 
BUFx3_ASAP7_75t_SL                  2     0.175 asap7sc7p5t_INVBUF_SLVT_TT_nldm_201020       0 
BUFx4f_ASAP7_75t_SL                13     1.516 asap7sc7p5t_INVBUF_SLVT_TT_nldm_201020       0 
BUFx8_ASAP7_75t_SL                  4     0.700 asap7sc7p5t_INVBUF_SLVT_TT_nldm_201020       0 
CKINVDCx11_ASAP7_75t_R             16     0.000  asap7sc7p5t_INVBUF_RVT_TT_nldm_201020       0 
CKINVDCx12_ASAP7_75t_R            261     0.000  asap7sc7p5t_INVBUF_RVT_TT_nldm_201020       0 
CKINVDCx14_ASAP7_75t_R            163     0.000  asap7sc7p5t_INVBUF_RVT_TT_nldm_201020       0 
CKINVDCx16_ASAP7_75t_R            774     0.000  asap7sc7p5t_INVBUF_RVT_TT_nldm_201020       0 
CKINVDCx20_ASAP7_75t_R          30920     0.000  asap7sc7p5t_INVBUF_RVT_TT_nldm_201020       0 
CKINVDCx5p33_ASAP7_75t_R          490     0.000  asap7sc7p5t_INVBUF_RVT_TT_nldm_201020       0 
CKINVDCx8_ASAP7_75t_R              22     0.000  asap7sc7p5t_INVBUF_RVT_TT_nldm_201020       0 
DFFHQNx1_ASAP7_75t_L               91    26.536     asap7sc7p5t_SEQ_LVT_TT_nldm_201020       0 
DFFHQNx1_ASAP7_75t_R                5     1.458     asap7sc7p5t_SEQ_RVT_TT_nldm_201020       0 
DFFHQNx1_ASAP7_75t_SL             890   259.524    asap7sc7p5t_SEQ_SLVT_TT_nldm_201020       0 
DFFHQNx2_ASAP7_75t_SL               3     0.919    asap7sc7p5t_SEQ_SLVT_TT_nldm_201020       0 
DFFHQNx3_ASAP7_75t_SL               1     0.321    asap7sc7p5t_SEQ_SLVT_TT_nldm_201020       0 
DFFHQx4_ASAP7_75t_SL                2     0.729    asap7sc7p5t_SEQ_SLVT_TT_nldm_201020       0 
FAx1_ASAP7_75t_SL                 116    23.678 asap7sc7p5t_SIMPLE_SLVT_TT_nldm_201020       0 
HAxp5_ASAP7_75t_SL                 31     4.068 asap7sc7p5t_SIMPLE_SLVT_TT_nldm_201020       0 
HB1xp67_ASAP7_75t_L                29     1.691  asap7sc7p5t_INVBUF_LVT_TT_nldm_201020       0 
HB1xp67_ASAP7_75t_SL               14     0.816 asap7sc7p5t_INVBUF_SLVT_TT_nldm_201020       0 
HB4xp67_ASAP7_75t_L                 3     0.306  asap7sc7p5t_INVBUF_LVT_TT_nldm_201020       0 
INVx1_ASAP7_75t_SL               2142    93.691 asap7sc7p5t_INVBUF_SLVT_TT_nldm_201020       0 
INVx2_ASAP7_75t_L                   1     0.058  asap7sc7p5t_INVBUF_LVT_TT_nldm_201020       0 
INVx2_ASAP7_75t_SL                 50     2.916 asap7sc7p5t_INVBUF_SLVT_TT_nldm_201020       0 
INVx3_ASAP7_75t_SL                  6     0.437 asap7sc7p5t_INVBUF_SLVT_TT_nldm_201020       0 
INVx4_ASAP7_75t_SL                  3     0.262 asap7sc7p5t_INVBUF_SLVT_TT_nldm_201020       0 
INVx5_ASAP7_75t_SL                  1     0.102 asap7sc7p5t_INVBUF_SLVT_TT_nldm_201020       0 
INVx8_ASAP7_75t_SL                  1     0.146 asap7sc7p5t_INVBUF_SLVT_TT_nldm_201020       0 
INVxp33_ASAP7_75t_SL              180     7.873 asap7sc7p5t_INVBUF_SLVT_TT_nldm_201020       0 
INVxp67_ASAP7_75t_SL             2696   117.923 asap7sc7p5t_INVBUF_SLVT_TT_nldm_201020       0 
MAJIxp5_ASAP7_75t_L                15     1.531  asap7sc7p5t_SIMPLE_LVT_TT_nldm_201020       0 
MAJIxp5_ASAP7_75t_SL              708    72.258 asap7sc7p5t_SIMPLE_SLVT_TT_nldm_201020       0 
MAJx2_ASAP7_75t_SL                  1     0.131 asap7sc7p5t_SIMPLE_SLVT_TT_nldm_201020       0 
NAND2x1_ASAP7_75t_SL               11     0.962 asap7sc7p5t_SIMPLE_SLVT_TT_nldm_201020       0 
NAND2x1p5_ASAP7_75t_L               1     0.117  asap7sc7p5t_SIMPLE_LVT_TT_nldm_201020       0 
NAND2x1p5_ASAP7_75t_SL              1     0.117 asap7sc7p5t_SIMPLE_SLVT_TT_nldm_201020       0 
NAND2x2_ASAP7_75t_SL                2     0.292 asap7sc7p5t_SIMPLE_SLVT_TT_nldm_201020       0 
NAND2xp33_ASAP7_75t_L              66     3.849  asap7sc7p5t_SIMPLE_LVT_TT_nldm_201020       0 
NAND2xp33_ASAP7_75t_SL             65     3.791 asap7sc7p5t_SIMPLE_SLVT_TT_nldm_201020       0 
NAND2xp5_ASAP7_75t_L              308    17.963  asap7sc7p5t_SIMPLE_LVT_TT_nldm_201020       0 
NAND2xp5_ASAP7_75t_SL            1766   102.993 asap7sc7p5t_SIMPLE_SLVT_TT_nldm_201020       0 
NAND3xp33_ASAP7_75t_L               2     0.146  asap7sc7p5t_SIMPLE_LVT_TT_nldm_201020       0 
NAND3xp33_ASAP7_75t_SL             55     4.010 asap7sc7p5t_SIMPLE_SLVT_TT_nldm_201020       0 
NAND4xp25_ASAP7_75t_SL           1126    98.502 asap7sc7p5t_SIMPLE_SLVT_TT_nldm_201020       0 
NAND5xp2_ASAP7_75t_SL             216    22.045 asap7sc7p5t_SIMPLE_SLVT_TT_nldm_201020       0 
NOR2x1_ASAP7_75t_SL                27     2.362 asap7sc7p5t_SIMPLE_SLVT_TT_nldm_201020       0 
NOR2x1p5_ASAP7_75t_SL               1     0.117 asap7sc7p5t_SIMPLE_SLVT_TT_nldm_201020       0 
NOR2x2_ASAP7_75t_SL                 1     0.146 asap7sc7p5t_SIMPLE_SLVT_TT_nldm_201020       0 
NOR2xp33_ASAP7_75t_L                7     0.408  asap7sc7p5t_SIMPLE_LVT_TT_nldm_201020       0 
NOR2xp33_ASAP7_75t_SL            2042   119.089 asap7sc7p5t_SIMPLE_SLVT_TT_nldm_201020       0 
NOR2xp67_ASAP7_75t_L                4     0.350  asap7sc7p5t_SIMPLE_LVT_TT_nldm_201020       0 
NOR2xp67_ASAP7_75t_R                2     0.175  asap7sc7p5t_SIMPLE_RVT_TT_nldm_201020       0 
NOR2xp67_ASAP7_75t_SL               3     0.262 asap7sc7p5t_SIMPLE_SLVT_TT_nldm_201020       0 
NOR3xp33_ASAP7_75t_SL              83     6.051 asap7sc7p5t_SIMPLE_SLVT_TT_nldm_201020       0 
NOR4xp25_ASAP7_75t_SL             303    26.506 asap7sc7p5t_SIMPLE_SLVT_TT_nldm_201020       0 
NOR5xp2_ASAP7_75t_SL              203    20.718 asap7sc7p5t_SIMPLE_SLVT_TT_nldm_201020       0 
O2A1O1Ixp33_ASAP7_75t_SL          253    22.132     asap7sc7p5t_OA_SLVT_TT_nldm_201020       0 
OA211x2_ASAP7_75t_L                 1     0.117      asap7sc7p5t_OA_LVT_TT_nldm_201020       0 
OA211x2_ASAP7_75t_SL                5     0.583     asap7sc7p5t_OA_SLVT_TT_nldm_201020       0 
OA21x2_ASAP7_75t_SL                12     1.225     asap7sc7p5t_OA_SLVT_TT_nldm_201020       0 
OA22x2_ASAP7_75t_SL                 7     1.021     asap7sc7p5t_OA_SLVT_TT_nldm_201020       0 
OA331x1_ASAP7_75t_SL                1     0.146     asap7sc7p5t_OA_SLVT_TT_nldm_201020       0 
OA33x2_ASAP7_75t_R                  1     0.146      asap7sc7p5t_OA_RVT_TT_nldm_201020       0 
OA33x2_ASAP7_75t_SL                 1     0.146     asap7sc7p5t_OA_SLVT_TT_nldm_201020       0 
OAI211xp5_ASAP7_75t_L               1     0.087      asap7sc7p5t_OA_LVT_TT_nldm_201020       0 
OAI211xp5_ASAP7_75t_SL            206    18.021     asap7sc7p5t_OA_SLVT_TT_nldm_201020       0 
OAI21x1_ASAP7_75t_SL                5     0.583     asap7sc7p5t_OA_SLVT_TT_nldm_201020       0 
OAI21xp33_ASAP7_75t_L               1     0.073      asap7sc7p5t_OA_LVT_TT_nldm_201020       0 
OAI21xp33_ASAP7_75t_SL             58     4.228     asap7sc7p5t_OA_SLVT_TT_nldm_201020       0 
OAI21xp5_ASAP7_75t_SL             585    42.647     asap7sc7p5t_OA_SLVT_TT_nldm_201020       0 
OAI221xp5_ASAP7_75t_SL           1685   171.971     asap7sc7p5t_OA_SLVT_TT_nldm_201020       0 
OAI222xp33_ASAP7_75t_SL            14     2.041     asap7sc7p5t_OA_SLVT_TT_nldm_201020       0 
OAI22xp33_ASAP7_75t_SL            110     9.623     asap7sc7p5t_OA_SLVT_TT_nldm_201020       0 
OAI22xp5_ASAP7_75t_L                1     0.087      asap7sc7p5t_OA_LVT_TT_nldm_201020       0 
OAI22xp5_ASAP7_75t_SL            3739   327.088     asap7sc7p5t_OA_SLVT_TT_nldm_201020       0 
OAI311xp33_ASAP7_75t_SL            12     1.225     asap7sc7p5t_OA_SLVT_TT_nldm_201020       0 
OAI31xp33_ASAP7_75t_L               1     0.087      asap7sc7p5t_OA_LVT_TT_nldm_201020       0 
OAI31xp33_ASAP7_75t_SL            464    40.591     asap7sc7p5t_OA_SLVT_TT_nldm_201020       0 
OAI321xp33_ASAP7_75t_SL            26     3.033     asap7sc7p5t_OA_SLVT_TT_nldm_201020       0 
OAI322xp33_ASAP7_75t_L              5     0.656      asap7sc7p5t_OA_LVT_TT_nldm_201020       0 
OAI322xp33_ASAP7_75t_SL          1133   148.672     asap7sc7p5t_OA_SLVT_TT_nldm_201020       0 
OAI32xp33_ASAP7_75t_L               2     0.204      asap7sc7p5t_OA_LVT_TT_nldm_201020       0 
OAI32xp33_ASAP7_75t_SL             44     4.491     asap7sc7p5t_OA_SLVT_TT_nldm_201020       0 
OAI331xp33_ASAP7_75t_SL             2     0.262     asap7sc7p5t_OA_SLVT_TT_nldm_201020       0 
OAI332xp33_ASAP7_75t_SL             2     0.292     asap7sc7p5t_OA_SLVT_TT_nldm_201020       0 
OAI33xp33_ASAP7_75t_SL              6     0.700     asap7sc7p5t_OA_SLVT_TT_nldm_201020       0 
OR2x2_ASAP7_75t_SL                707    61.848 asap7sc7p5t_SIMPLE_SLVT_TT_nldm_201020       0 
OR2x4_ASAP7_75t_SL                  1     0.117 asap7sc7p5t_SIMPLE_SLVT_TT_nldm_201020       0 
OR3x1_ASAP7_75t_L                   1     0.087  asap7sc7p5t_SIMPLE_LVT_TT_nldm_201020       0 
OR3x1_ASAP7_75t_SL                 16     1.400 asap7sc7p5t_SIMPLE_SLVT_TT_nldm_201020       0 
OR3x4_ASAP7_75t_SL                  1     0.131 asap7sc7p5t_SIMPLE_SLVT_TT_nldm_201020       0 
OR4x1_ASAP7_75t_SL                 11     1.123 asap7sc7p5t_SIMPLE_SLVT_TT_nldm_201020       0 
OR4x2_ASAP7_75t_SL                  1     0.117 asap7sc7p5t_SIMPLE_SLVT_TT_nldm_201020       0 
OR5x1_ASAP7_75t_SL                 30     3.499 asap7sc7p5t_SIMPLE_SLVT_TT_nldm_201020       0 
OR5x2_ASAP7_75t_SL                  5     0.656 asap7sc7p5t_SIMPLE_SLVT_TT_nldm_201020       0 
SDFHx1_ASAP7_75t_L                 13     4.739     asap7sc7p5t_SEQ_LVT_TT_nldm_201020       0 
SDFHx1_ASAP7_75t_R                  1     0.364     asap7sc7p5t_SEQ_RVT_TT_nldm_201020       0 
SDFHx1_ASAP7_75t_SL             27404  9988.758    asap7sc7p5t_SEQ_SLVT_TT_nldm_201020       0 
SDFHx3_ASAP7_75t_SL                 7     2.756    asap7sc7p5t_SEQ_SLVT_TT_nldm_201020       0 
XNOR2x2_ASAP7_75t_L                 2     0.321  asap7sc7p5t_SIMPLE_LVT_TT_nldm_201020       0 
XNOR2x2_ASAP7_75t_SL                1     0.160 asap7sc7p5t_SIMPLE_SLVT_TT_nldm_201020       0 
XNOR2xp5_ASAP7_75t_L               14     1.837  asap7sc7p5t_SIMPLE_LVT_TT_nldm_201020       0 
XNOR2xp5_ASAP7_75t_SL             891   116.917 asap7sc7p5t_SIMPLE_SLVT_TT_nldm_201020       0 
XOR2x2_ASAP7_75t_L                  2     0.321  asap7sc7p5t_SIMPLE_LVT_TT_nldm_201020       0 
XOR2x2_ASAP7_75t_SL                10     1.604 asap7sc7p5t_SIMPLE_SLVT_TT_nldm_201020       0 
XOR2xp5_ASAP7_75t_L                11     1.443  asap7sc7p5t_SIMPLE_LVT_TT_nldm_201020       0 
XOR2xp5_ASAP7_75t_SL              564    74.008 asap7sc7p5t_SIMPLE_SLVT_TT_nldm_201020       0 
-----------------------------------------------------------------------------------------------
total                          101595 13858.655                                                
                                                                       
                Library                Instances    Area   Instances % 
-----------------------------------------------------------------------
asap7sc7p5t_AO_LVT_TT_nldm_201020           3031   263.927         3.0 
asap7sc7p5t_AO_SLVT_TT_nldm_201020         11811  1061.001        11.6 
asap7sc7p5t_INVBUF_LVT_TT_nldm_201020        524    38.564         0.5 
asap7sc7p5t_INVBUF_RVT_TT_nldm_201020      32646     0.000        32.1 
asap7sc7p5t_INVBUF_SLVT_TT_nldm_201020      5420   249.172         5.3 
asap7sc7p5t_OA_LVT_TT_nldm_201020             12     1.312         0.0 
asap7sc7p5t_OA_RVT_TT_nldm_201020              1     0.146         0.0 
asap7sc7p5t_OA_SLVT_TT_nldm_201020          8370   800.719         8.2 
asap7sc7p5t_SEQ_LVT_TT_nldm_201020           140    44.921         0.1 
asap7sc7p5t_SEQ_RVT_TT_nldm_201020             6     1.823         0.0 
asap7sc7p5t_SEQ_SLVT_TT_nldm_201020        28870 10466.428        28.4 
asap7sc7p5t_SIMPLE_LVT_TT_nldm_201020        433    28.373         0.4 
asap7sc7p5t_SIMPLE_RVT_TT_nldm_201020          2     0.175         0.0 
asap7sc7p5t_SIMPLE_SLVT_TT_nldm_201020     10329   902.094        10.2 
                                          
     Type      Instances    Area   Area % 
------------------------------------------
sequential         29016 10513.171   75.9 
inverter           37726   223.409    1.6 
buffer               864    64.327    0.5 
logic              33989  3057.747   22.1 
physical_cells         0     0.000    0.0 
------------------------------------------
total             101595 13858.654  100.0 
