============================================================
  Generated by:           Genus(TM) Synthesis Solution 25.10-p002_1
  Generated on:           Aug 27 2026  02:38:19 pm
  Operating conditions:   PVT_0P7V_25C (balanced_tree)
  Wireload mode:          enclosed
  Area mode:              timing library
============================================================

                                                                                       Library 
           Gate             Instances    Area                   Library                 Domain 
-----------------------------------------------------------------------------------------------
A2O1A1Ixp33_ASAP7_75t_SL          206    18.021     asap7sc7p5t_AO_SLVT_TT_nldm_201020       0 
A2O1A1O1Ixp25_ASAP7_75t_SL         37     4.855     asap7sc7p5t_AO_SLVT_TT_nldm_201020       0 
AND2x2_ASAP7_75t_SL              1197   104.714 asap7sc7p5t_SIMPLE_SLVT_TT_nldm_201020       0 
AND2x4_ASAP7_75t_SL                48     6.998 asap7sc7p5t_SIMPLE_SLVT_TT_nldm_201020       0 
AND2x6_ASAP7_75t_L                  3     0.525  asap7sc7p5t_SIMPLE_LVT_TT_nldm_201020       0 
AND2x6_ASAP7_75t_SL                 3     0.525 asap7sc7p5t_SIMPLE_SLVT_TT_nldm_201020       0 
AND3x1_ASAP7_75t_L                  2     0.175  asap7sc7p5t_SIMPLE_LVT_TT_nldm_201020       0 
AND3x1_ASAP7_75t_SL                34     2.974 asap7sc7p5t_SIMPLE_SLVT_TT_nldm_201020       0 
AND3x2_ASAP7_75t_SL                 9     0.919 asap7sc7p5t_SIMPLE_SLVT_TT_nldm_201020       0 
AND3x4_ASAP7_75t_SL                 1     0.204 asap7sc7p5t_SIMPLE_SLVT_TT_nldm_201020       0 
AND4x1_ASAP7_75t_SL              1251   127.677 asap7sc7p5t_SIMPLE_SLVT_TT_nldm_201020       0 
AND5x1_ASAP7_75t_SL                34     3.966 asap7sc7p5t_SIMPLE_SLVT_TT_nldm_201020       0 
AO211x2_ASAP7_75t_SL                3     0.700     asap7sc7p5t_AO_SLVT_TT_nldm_201020       0 
AO21x1_ASAP7_75t_L                 14     1.225      asap7sc7p5t_AO_LVT_TT_nldm_201020       0 
AO21x1_ASAP7_75t_SL                81     7.086     asap7sc7p5t_AO_SLVT_TT_nldm_201020       0 
AO21x2_ASAP7_75t_SL                38     3.878     asap7sc7p5t_AO_SLVT_TT_nldm_201020       0 
AO221x1_ASAP7_75t_SL               12     1.750     asap7sc7p5t_AO_SLVT_TT_nldm_201020       0 
AO221x2_ASAP7_75t_SL                4     0.642     asap7sc7p5t_AO_SLVT_TT_nldm_201020       0 
AO22x1_ASAP7_75t_SL                98    12.860     asap7sc7p5t_AO_SLVT_TT_nldm_201020       0 
AO22x2_ASAP7_75t_SL                23     3.353     asap7sc7p5t_AO_SLVT_TT_nldm_201020       0 
AO322x2_ASAP7_75t_SL                1     0.219     asap7sc7p5t_AO_SLVT_TT_nldm_201020       0 
AOI211x1_ASAP7_75t_R                1     0.175      asap7sc7p5t_AO_RVT_TT_nldm_201020       0 
AOI211x1_ASAP7_75t_SL               8     1.400     asap7sc7p5t_AO_SLVT_TT_nldm_201020       0 
AOI211xp5_ASAP7_75t_SL            272    23.795     asap7sc7p5t_AO_SLVT_TT_nldm_201020       0 
AOI21x1_ASAP7_75t_L                 1     0.117      asap7sc7p5t_AO_LVT_TT_nldm_201020       0 
AOI21x1_ASAP7_75t_SL               27     3.149     asap7sc7p5t_AO_SLVT_TT_nldm_201020       0 
AOI21xp33_ASAP7_75t_SL            140    10.206     asap7sc7p5t_AO_SLVT_TT_nldm_201020       0 
AOI21xp5_ASAP7_75t_L              119     8.675      asap7sc7p5t_AO_LVT_TT_nldm_201020       0 
AOI21xp5_ASAP7_75t_SL             850    61.965     asap7sc7p5t_AO_SLVT_TT_nldm_201020       0 
AOI221x1_ASAP7_75t_SL               4     0.816     asap7sc7p5t_AO_SLVT_TT_nldm_201020       0 
AOI221xp5_ASAP7_75t_SL            580    59.195     asap7sc7p5t_AO_SLVT_TT_nldm_201020       0 
AOI222xp33_ASAP7_75t_SL            50     7.290     asap7sc7p5t_AO_SLVT_TT_nldm_201020       0 
AOI22x1_ASAP7_75t_L                 2     0.292      asap7sc7p5t_AO_LVT_TT_nldm_201020       0 
AOI22x1_ASAP7_75t_SL                5     0.729     asap7sc7p5t_AO_SLVT_TT_nldm_201020       0 
AOI22xp33_ASAP7_75t_L             122    10.673      asap7sc7p5t_AO_LVT_TT_nldm_201020       0 
AOI22xp33_ASAP7_75t_SL           1667   145.829     asap7sc7p5t_AO_SLVT_TT_nldm_201020       0 
AOI22xp5_ASAP7_75t_L              248    21.695      asap7sc7p5t_AO_LVT_TT_nldm_201020       0 
AOI22xp5_ASAP7_75t_SL           11122   972.953     asap7sc7p5t_AO_SLVT_TT_nldm_201020       0 
AOI311xp33_ASAP7_75t_L              1     0.102      asap7sc7p5t_AO_LVT_TT_nldm_201020       0 
AOI311xp33_ASAP7_75t_SL             5     0.510     asap7sc7p5t_AO_SLVT_TT_nldm_201020       0 
AOI31xp33_ASAP7_75t_L               2     0.175      asap7sc7p5t_AO_LVT_TT_nldm_201020       0 
AOI31xp33_ASAP7_75t_SL            101     8.835     asap7sc7p5t_AO_SLVT_TT_nldm_201020       0 
AOI31xp67_ASAP7_75t_R               1     0.190      asap7sc7p5t_AO_RVT_TT_nldm_201020       0 
AOI31xp67_ASAP7_75t_SL              3     0.569     asap7sc7p5t_AO_SLVT_TT_nldm_201020       0 
AOI321xp33_ASAP7_75t_SL            28     3.266     asap7sc7p5t_AO_SLVT_TT_nldm_201020       0 
AOI322xp5_ASAP7_75t_L               1     0.131      asap7sc7p5t_AO_LVT_TT_nldm_201020       0 
AOI322xp5_ASAP7_75t_SL            338    44.352     asap7sc7p5t_AO_SLVT_TT_nldm_201020       0 
AOI32xp33_ASAP7_75t_SL             65     6.634     asap7sc7p5t_AO_SLVT_TT_nldm_201020       0 
AOI332xp33_ASAP7_75t_SL             1     0.146     asap7sc7p5t_AO_SLVT_TT_nldm_201020       0 
AOI333xp33_ASAP7_75t_SL             1     0.160     asap7sc7p5t_AO_SLVT_TT_nldm_201020       0 
AOI33xp33_ASAP7_75t_SL              2     0.233     asap7sc7p5t_AO_SLVT_TT_nldm_201020       0 
ASYNC_DFFHx1_ASAP7_75t_L           33    12.510     asap7sc7p5t_SEQ_LVT_TT_nldm_201020       0 
ASYNC_DFFHx1_ASAP7_75t_SL         598   226.690    asap7sc7p5t_SEQ_SLVT_TT_nldm_201020       0 
BUFx10_ASAP7_75t_L                  2     0.408  asap7sc7p5t_INVBUF_LVT_TT_nldm_201020       0 
BUFx10_ASAP7_75t_SL                 5     1.021 asap7sc7p5t_INVBUF_SLVT_TT_nldm_201020       0 
BUFx12f_ASAP7_75t_SL                9     2.362 asap7sc7p5t_INVBUF_SLVT_TT_nldm_201020       0 
BUFx24_ASAP7_75t_R                  2    13.997  asap7sc7p5t_INVBUF_RVT_TT_nldm_201020       0 
BUFx2_ASAP7_75t_L                 354    25.807  asap7sc7p5t_INVBUF_LVT_TT_nldm_201020       0 
BUFx2_ASAP7_75t_SL                183    13.341 asap7sc7p5t_INVBUF_SLVT_TT_nldm_201020       0 
BUFx3_ASAP7_75t_L                 158    13.822  asap7sc7p5t_INVBUF_LVT_TT_nldm_201020       0 
BUFx3_ASAP7_75t_SL                190    16.621 asap7sc7p5t_INVBUF_SLVT_TT_nldm_201020       0 
BUFx4f_ASAP7_75t_R                  2     3.732  asap7sc7p5t_INVBUF_RVT_TT_nldm_201020       0 
BUFx4f_ASAP7_75t_SL               664    77.449 asap7sc7p5t_INVBUF_SLVT_TT_nldm_201020       0 
BUFx5_ASAP7_75t_SL                 59     6.882 asap7sc7p5t_INVBUF_SLVT_TT_nldm_201020       0 
BUFx6f_ASAP7_75t_SL                59     8.602 asap7sc7p5t_INVBUF_SLVT_TT_nldm_201020       0 
BUFx8_ASAP7_75t_L                   3     0.525  asap7sc7p5t_INVBUF_LVT_TT_nldm_201020       0 
BUFx8_ASAP7_75t_SL                 15     2.624 asap7sc7p5t_INVBUF_SLVT_TT_nldm_201020       0 
CKINVDCx11_ASAP7_75t_R              8     0.000  asap7sc7p5t_INVBUF_RVT_TT_nldm_201020       0 
CKINVDCx12_ASAP7_75t_R            279     0.000  asap7sc7p5t_INVBUF_RVT_TT_nldm_201020       0 
CKINVDCx14_ASAP7_75t_R            567     0.000  asap7sc7p5t_INVBUF_RVT_TT_nldm_201020       0 
CKINVDCx16_ASAP7_75t_R          26985     0.000  asap7sc7p5t_INVBUF_RVT_TT_nldm_201020       0 
CKINVDCx20_ASAP7_75t_R            491     0.000  asap7sc7p5t_INVBUF_RVT_TT_nldm_201020       0 
CKINVDCx5p33_ASAP7_75t_R          170     0.000  asap7sc7p5t_INVBUF_RVT_TT_nldm_201020       0 
CKINVDCx6p67_ASAP7_75t_R            1     0.000  asap7sc7p5t_INVBUF_RVT_TT_nldm_201020       0 
CKINVDCx8_ASAP7_75t_R              44     0.000  asap7sc7p5t_INVBUF_RVT_TT_nldm_201020       0 
DFFHQNx1_ASAP7_75t_L               39    11.372     asap7sc7p5t_SEQ_LVT_TT_nldm_201020       0 
DFFHQNx1_ASAP7_75t_R                3     0.875     asap7sc7p5t_SEQ_RVT_TT_nldm_201020       0 
DFFHQNx1_ASAP7_75t_SL            1173   342.047    asap7sc7p5t_SEQ_SLVT_TT_nldm_201020       0 
DFFHQNx2_ASAP7_75t_SL              11     3.368    asap7sc7p5t_SEQ_SLVT_TT_nldm_201020       0 
DFFHQNx3_ASAP7_75t_SL               2     0.642    asap7sc7p5t_SEQ_SLVT_TT_nldm_201020       0 
DFFHQx4_ASAP7_75t_SL               17     6.196    asap7sc7p5t_SEQ_SLVT_TT_nldm_201020       0 
FAx1_ASAP7_75t_SL                   9     1.837 asap7sc7p5t_SIMPLE_SLVT_TT_nldm_201020       0 
HAxp5_ASAP7_75t_SL                 70     9.185 asap7sc7p5t_SIMPLE_SLVT_TT_nldm_201020       0 
HB1xp67_ASAP7_75t_L                15     0.875  asap7sc7p5t_INVBUF_LVT_TT_nldm_201020       0 
HB1xp67_ASAP7_75t_SL              168     9.798 asap7sc7p5t_INVBUF_SLVT_TT_nldm_201020       0 
INVx1_ASAP7_75t_L                   6     0.262  asap7sc7p5t_INVBUF_LVT_TT_nldm_201020       0 
INVx1_ASAP7_75t_SL               3809   166.606 asap7sc7p5t_INVBUF_SLVT_TT_nldm_201020       0 
INVx2_ASAP7_75t_L                   5     0.292  asap7sc7p5t_INVBUF_LVT_TT_nldm_201020       0 
INVx2_ASAP7_75t_R                   1     0.933  asap7sc7p5t_INVBUF_RVT_TT_nldm_201020       0 
INVx2_ASAP7_75t_SL                906    52.838 asap7sc7p5t_INVBUF_SLVT_TT_nldm_201020       0 
INVx3_ASAP7_75t_SL                193    14.070 asap7sc7p5t_INVBUF_SLVT_TT_nldm_201020       0 
INVx4_ASAP7_75t_R                   1     1.400  asap7sc7p5t_INVBUF_RVT_TT_nldm_201020       0 
INVx4_ASAP7_75t_SL                 60     5.249 asap7sc7p5t_INVBUF_SLVT_TT_nldm_201020       0 
INVx5_ASAP7_75t_SL                 32     3.266 asap7sc7p5t_INVBUF_SLVT_TT_nldm_201020       0 
INVx6_ASAP7_75t_SL                 11     1.283 asap7sc7p5t_INVBUF_SLVT_TT_nldm_201020       0 
INVx8_ASAP7_75t_SL                 15     2.187 asap7sc7p5t_INVBUF_SLVT_TT_nldm_201020       0 
INVxp33_ASAP7_75t_SL              346    15.134 asap7sc7p5t_INVBUF_SLVT_TT_nldm_201020       0 
INVxp67_ASAP7_75t_SL             4578   200.242 asap7sc7p5t_INVBUF_SLVT_TT_nldm_201020       0 
MAJIxp5_ASAP7_75t_L                 3     0.306  asap7sc7p5t_SIMPLE_LVT_TT_nldm_201020       0 
MAJIxp5_ASAP7_75t_SL              346    35.313 asap7sc7p5t_SIMPLE_SLVT_TT_nldm_201020       0 
MAJx2_ASAP7_75t_SL                 37     4.855 asap7sc7p5t_SIMPLE_SLVT_TT_nldm_201020       0 
NAND2x1_ASAP7_75t_L                 1     0.087  asap7sc7p5t_SIMPLE_LVT_TT_nldm_201020       0 
NAND2x1_ASAP7_75t_SL               60     5.249 asap7sc7p5t_SIMPLE_SLVT_TT_nldm_201020       0 
NAND2x1p5_ASAP7_75t_SL             26     3.033 asap7sc7p5t_SIMPLE_SLVT_TT_nldm_201020       0 
NAND2x2_ASAP7_75t_SL                2     0.292 asap7sc7p5t_SIMPLE_SLVT_TT_nldm_201020       0 
NAND2xp33_ASAP7_75t_L              46     2.683  asap7sc7p5t_SIMPLE_LVT_TT_nldm_201020       0 
NAND2xp33_ASAP7_75t_SL            131     7.640 asap7sc7p5t_SIMPLE_SLVT_TT_nldm_201020       0 
NAND2xp5_ASAP7_75t_L              468    27.294  asap7sc7p5t_SIMPLE_LVT_TT_nldm_201020       0 
NAND2xp5_ASAP7_75t_SL            2776   161.896 asap7sc7p5t_SIMPLE_SLVT_TT_nldm_201020       0 
NAND3x1_ASAP7_75t_SL                6     0.962 asap7sc7p5t_SIMPLE_SLVT_TT_nldm_201020       0 
NAND3xp33_ASAP7_75t_L              10     0.729  asap7sc7p5t_SIMPLE_LVT_TT_nldm_201020       0 
NAND3xp33_ASAP7_75t_SL            142    10.352 asap7sc7p5t_SIMPLE_SLVT_TT_nldm_201020       0 
NAND4xp25_ASAP7_75t_SL           1165   101.914 asap7sc7p5t_SIMPLE_SLVT_TT_nldm_201020       0 
NAND4xp75_ASAP7_75t_SL             13     2.654 asap7sc7p5t_SIMPLE_SLVT_TT_nldm_201020       0 
NAND5xp2_ASAP7_75t_SL             261    26.638 asap7sc7p5t_SIMPLE_SLVT_TT_nldm_201020       0 
NOR2x1_ASAP7_75t_L                  1     0.087  asap7sc7p5t_SIMPLE_LVT_TT_nldm_201020       0 
NOR2x1_ASAP7_75t_SL               270    23.620 asap7sc7p5t_SIMPLE_SLVT_TT_nldm_201020       0 
NOR2x1p5_ASAP7_75t_L                2     0.233  asap7sc7p5t_SIMPLE_LVT_TT_nldm_201020       0 
NOR2x1p5_ASAP7_75t_SL              13     1.516 asap7sc7p5t_SIMPLE_SLVT_TT_nldm_201020       0 
NOR2x2_ASAP7_75t_SL                 2     0.292 asap7sc7p5t_SIMPLE_SLVT_TT_nldm_201020       0 
NOR2xp33_ASAP7_75t_L              105     6.124  asap7sc7p5t_SIMPLE_LVT_TT_nldm_201020       0 
NOR2xp33_ASAP7_75t_R                1     0.058  asap7sc7p5t_SIMPLE_RVT_TT_nldm_201020       0 
NOR2xp33_ASAP7_75t_SL            2062   120.256 asap7sc7p5t_SIMPLE_SLVT_TT_nldm_201020       0 
NOR2xp67_ASAP7_75t_L               10     0.875  asap7sc7p5t_SIMPLE_LVT_TT_nldm_201020       0 
NOR2xp67_ASAP7_75t_R                1     0.087  asap7sc7p5t_SIMPLE_RVT_TT_nldm_201020       0 
NOR2xp67_ASAP7_75t_SL             100     8.748 asap7sc7p5t_SIMPLE_SLVT_TT_nldm_201020       0 
NOR3x1_ASAP7_75t_SL                12     1.925 asap7sc7p5t_SIMPLE_SLVT_TT_nldm_201020       0 
NOR3xp33_ASAP7_75t_L                1     0.073  asap7sc7p5t_SIMPLE_LVT_TT_nldm_201020       0 
NOR3xp33_ASAP7_75t_SL             168    12.247 asap7sc7p5t_SIMPLE_SLVT_TT_nldm_201020       0 
NOR4xp25_ASAP7_75t_SL              85     7.436 asap7sc7p5t_SIMPLE_SLVT_TT_nldm_201020       0 
NOR4xp75_ASAP7_75t_SL               1     0.204 asap7sc7p5t_SIMPLE_SLVT_TT_nldm_201020       0 
NOR5xp2_ASAP7_75t_SL              193    19.698 asap7sc7p5t_SIMPLE_SLVT_TT_nldm_201020       0 
O2A1O1Ixp33_ASAP7_75t_L            14     1.225      asap7sc7p5t_OA_LVT_TT_nldm_201020       0 
O2A1O1Ixp33_ASAP7_75t_R             1     0.087      asap7sc7p5t_OA_RVT_TT_nldm_201020       0 
O2A1O1Ixp33_ASAP7_75t_SL          233    20.383     asap7sc7p5t_OA_SLVT_TT_nldm_201020       0 
O2A1O1Ixp5_ASAP7_75t_SL             9     1.050     asap7sc7p5t_OA_SLVT_TT_nldm_201020       0 
OA211x2_ASAP7_75t_SL               48     5.599     asap7sc7p5t_OA_SLVT_TT_nldm_201020       0 
OA21x2_ASAP7_75t_SL               162    16.534     asap7sc7p5t_OA_SLVT_TT_nldm_201020       0 
OA222x2_ASAP7_75t_SL                5     0.875     asap7sc7p5t_OA_SLVT_TT_nldm_201020       0 
OA22x2_ASAP7_75t_SL                67     9.769     asap7sc7p5t_OA_SLVT_TT_nldm_201020       0 
OAI211xp5_ASAP7_75t_L               3     0.262      asap7sc7p5t_OA_LVT_TT_nldm_201020       0 
OAI211xp5_ASAP7_75t_SL            288    25.194     asap7sc7p5t_OA_SLVT_TT_nldm_201020       0 
OAI21x1_ASAP7_75t_L                 2     0.233      asap7sc7p5t_OA_LVT_TT_nldm_201020       0 
OAI21x1_ASAP7_75t_SL               29     3.383     asap7sc7p5t_OA_SLVT_TT_nldm_201020       0 
OAI21xp33_ASAP7_75t_L              15     1.094      asap7sc7p5t_OA_LVT_TT_nldm_201020       0 
OAI21xp33_ASAP7_75t_SL            217    15.819     asap7sc7p5t_OA_SLVT_TT_nldm_201020       0 
OAI21xp5_ASAP7_75t_L               20     1.458      asap7sc7p5t_OA_LVT_TT_nldm_201020       0 
OAI21xp5_ASAP7_75t_SL            1144    83.398     asap7sc7p5t_OA_SLVT_TT_nldm_201020       0 
OAI221xp5_ASAP7_75t_L               1     0.102      asap7sc7p5t_OA_LVT_TT_nldm_201020       0 
OAI221xp5_ASAP7_75t_SL           1555   158.703     asap7sc7p5t_OA_SLVT_TT_nldm_201020       0 
OAI222xp33_ASAP7_75t_SL            39     5.686     asap7sc7p5t_OA_SLVT_TT_nldm_201020       0 
OAI22x1_ASAP7_75t_L                 1     0.146      asap7sc7p5t_OA_LVT_TT_nldm_201020       0 
OAI22x1_ASAP7_75t_SL                9     1.312     asap7sc7p5t_OA_SLVT_TT_nldm_201020       0 
OAI22xp33_ASAP7_75t_L               1     0.087      asap7sc7p5t_OA_LVT_TT_nldm_201020       0 
OAI22xp33_ASAP7_75t_SL            312    27.294     asap7sc7p5t_OA_SLVT_TT_nldm_201020       0 
OAI22xp5_ASAP7_75t_L                3     0.262      asap7sc7p5t_OA_LVT_TT_nldm_201020       0 
OAI22xp5_ASAP7_75t_SL            2286   199.979     asap7sc7p5t_OA_SLVT_TT_nldm_201020       0 
OAI311xp33_ASAP7_75t_SL             1     0.102     asap7sc7p5t_OA_SLVT_TT_nldm_201020       0 
OAI31xp33_ASAP7_75t_SL            631    55.200     asap7sc7p5t_OA_SLVT_TT_nldm_201020       0 
OAI321xp33_ASAP7_75t_SL            12     1.400     asap7sc7p5t_OA_SLVT_TT_nldm_201020       0 
OAI322xp33_ASAP7_75t_L             25     3.280      asap7sc7p5t_OA_LVT_TT_nldm_201020       0 
OAI322xp33_ASAP7_75t_SL          1301   170.717     asap7sc7p5t_OA_SLVT_TT_nldm_201020       0 
OAI32xp33_ASAP7_75t_L               1     0.102      asap7sc7p5t_OA_LVT_TT_nldm_201020       0 
OAI32xp33_ASAP7_75t_SL             25     2.551     asap7sc7p5t_OA_SLVT_TT_nldm_201020       0 
OAI33xp33_ASAP7_75t_SL              3     0.350     asap7sc7p5t_OA_SLVT_TT_nldm_201020       0 
OR2x2_ASAP7_75t_SL                410    35.867 asap7sc7p5t_SIMPLE_SLVT_TT_nldm_201020       0 
OR2x4_ASAP7_75t_SL                 68     7.932 asap7sc7p5t_SIMPLE_SLVT_TT_nldm_201020       0 
OR2x6_ASAP7_75t_L                   1     0.175  asap7sc7p5t_SIMPLE_LVT_TT_nldm_201020       0 
OR2x6_ASAP7_75t_SL                  9     1.575 asap7sc7p5t_SIMPLE_SLVT_TT_nldm_201020       0 
OR3x1_ASAP7_75t_SL                  4     0.350 asap7sc7p5t_SIMPLE_SLVT_TT_nldm_201020       0 
OR3x2_ASAP7_75t_SL                  4     0.408 asap7sc7p5t_SIMPLE_SLVT_TT_nldm_201020       0 
OR3x4_ASAP7_75t_SL                  2     0.262 asap7sc7p5t_SIMPLE_SLVT_TT_nldm_201020       0 
OR5x1_ASAP7_75t_SL                 17     1.983 asap7sc7p5t_SIMPLE_SLVT_TT_nldm_201020       0 
SDFHx1_ASAP7_75t_L                 33    12.028     asap7sc7p5t_SEQ_LVT_TT_nldm_201020       0 
SDFHx1_ASAP7_75t_SL             27154  9897.633    asap7sc7p5t_SEQ_SLVT_TT_nldm_201020       0 
SDFHx2_ASAP7_75t_L                  1     0.379     asap7sc7p5t_SEQ_LVT_TT_nldm_201020       0 
SDFHx2_ASAP7_75t_SL                12     4.549    asap7sc7p5t_SEQ_SLVT_TT_nldm_201020       0 
SDFHx4_ASAP7_75t_SL               218    98.532    asap7sc7p5t_SEQ_SLVT_TT_nldm_201020       0 
XNOR2x1_ASAP7_75t_SL               31     5.424 asap7sc7p5t_SIMPLE_SLVT_TT_nldm_201020       0 
XNOR2x2_ASAP7_75t_L                 3     0.481  asap7sc7p5t_SIMPLE_LVT_TT_nldm_201020       0 
XNOR2x2_ASAP7_75t_SL               37     5.934 asap7sc7p5t_SIMPLE_SLVT_TT_nldm_201020       0 
XNOR2xp5_ASAP7_75t_L               27     3.543  asap7sc7p5t_SIMPLE_LVT_TT_nldm_201020       0 
XNOR2xp5_ASAP7_75t_SL             660    86.605 asap7sc7p5t_SIMPLE_SLVT_TT_nldm_201020       0 
XOR2x1_ASAP7_75t_SL                 1     0.175 asap7sc7p5t_SIMPLE_SLVT_TT_nldm_201020       0 
XOR2x2_ASAP7_75t_SL                36     5.774 asap7sc7p5t_SIMPLE_SLVT_TT_nldm_201020       0 
XOR2xp5_ASAP7_75t_L                17     2.231  asap7sc7p5t_SIMPLE_LVT_TT_nldm_201020       0 
XOR2xp5_ASAP7_75t_SL              561    73.614 asap7sc7p5t_SIMPLE_SLVT_TT_nldm_201020       0 
-----------------------------------------------------------------------------------------------
total                          107506 14628.333                                                
                                                                       
                Library                Instances    Area   Instances % 
-----------------------------------------------------------------------
asap7sc7p5t_AO_LVT_TT_nldm_201020            510    43.084         0.5 
asap7sc7p5t_AO_RVT_TT_nldm_201020              2     0.364         0.0 
asap7sc7p5t_AO_SLVT_TT_nldm_201020         15772  1405.395        14.7 
asap7sc7p5t_INVBUF_LVT_TT_nldm_201020        543    41.990         0.5 
asap7sc7p5t_INVBUF_RVT_TT_nldm_201020      28551    20.062        26.6 
asap7sc7p5t_INVBUF_SLVT_TT_nldm_201020     11302   599.573        10.5 
asap7sc7p5t_OA_LVT_TT_nldm_201020             86     8.252         0.1 
asap7sc7p5t_OA_RVT_TT_nldm_201020              1     0.087         0.0 
asap7sc7p5t_OA_SLVT_TT_nldm_201020          8376   805.297         7.8 
asap7sc7p5t_SEQ_LVT_TT_nldm_201020           106    36.290         0.1 
asap7sc7p5t_SEQ_RVT_TT_nldm_201020             3     0.875         0.0 
asap7sc7p5t_SEQ_SLVT_TT_nldm_201020        29185 10579.656        27.1 
asap7sc7p5t_SIMPLE_LVT_TT_nldm_201020        700    45.621         0.7 
asap7sc7p5t_SIMPLE_RVT_TT_nldm_201020          2     0.146         0.0 
asap7sc7p5t_SIMPLE_SLVT_TT_nldm_201020     12367  1041.639        11.5 
                                          
     Type      Instances    Area   Area % 
------------------------------------------
sequential         29294 10616.821   72.6 
inverter           38508   463.761    3.2 
buffer              1888   197.865    1.4 
logic              37816  3349.886   22.9 
physical_cells         0     0.000    0.0 
------------------------------------------
total             107506 14628.333  100.0 
