============================================================
  Generated by:           Genus(TM) Synthesis Solution 25.10-p002_1
  Generated on:           Aug 27 2026  02:38:09 pm
  Module:                 mq_pe_16x2_d32
  Operating conditions:   PVT_0P7V_25C (balanced_tree)
  Wireload mode:          enclosed
  Area mode:              timing library
============================================================


Path 1: MET (0 ps) Setup Check with Pin retime_s3_310_reg/CLK->D
           View: TT.setup_view
          Group: clk
     Startpoint: (R) u_pe_u_tree_g_mul[6].u_mul_mul_36_26_retime_s2_144_reg/CLK
          Clock: (R) clk
       Endpoint: (R) retime_s3_310_reg/D
          Clock: (R) clk

                     Capture       Launch     
        Clock Edge:+     385            0     
       Src Latency:+       0            0     
       Net Latency:+       0 (I)        0 (I) 
           Arrival:=     385            0     
                                              
             Setup:-       8                  
       Uncertainty:-      12                  
     Required Time:=     365                  
      Launch Clock:-       0                  
         Data Path:-     365                  
             Slack:=       0                  

#-----------------------------------------------------------------------------------------------------------------------------------------------------
#                       Timing Point                         Flags    Arc    Edge           Cell             Fanout Load Trans Delay Arrival Instance 
#                                                                                                                   (fF)  (ps)  (ps)   (ps)  Location 
#-----------------------------------------------------------------------------------------------------------------------------------------------------
  u_pe_u_tree_g_mul[6].u_mul_mul_36_26_retime_s2_144_reg/CLK -       -       R     (arrival)                  29294    -     4     0       0    (-,-) 
  u_pe_u_tree_g_mul[6].u_mul_mul_36_26_retime_s2_144_reg/QN  -       CLK->QN R     ASYNC_DFFHx1_ASAP7_75t_SL      4  3.2    32    45      45    (-,-) 
  u_pe_u_tree_g_mul[6].u_mul_mul_36_26_g20644/Y              -       A->Y    R     BUFx3_ASAP7_75t_SL             3  2.3    10    16      61    (-,-) 
  u_pe_u_tree_g_mul[6].u_mul_mul_36_26_g20642/Y              -       A->Y    F     INVx2_ASAP7_75t_SL             5  2.9    10     7      68    (-,-) 
  u_pe_u_tree_g_mul[6].u_mul_mul_36_26_g20446__6783/Y        -       A2->Y   R     AOI22xp5_ASAP7_75t_SL          1  0.6    21    10      78    (-,-) 
  u_pe_u_tree_g_mul[6].u_mul_mul_36_26_g20379__5526/Y        -       B->Y    R     OA21x2_ASAP7_75t_SL            5  2.9    15    19      97    (-,-) 
  u_pe_u_tree_g_mul[6].u_mul_mul_36_26_g20366/Y              -       A->Y    F     INVx1_ASAP7_75t_SL             5  2.9    19    12     109    (-,-) 
  u_pe_u_tree_g_mul[6].u_mul_mul_36_26_g20286__5107/Y        -       A2->Y   R     OAI22xp5_ASAP7_75t_SL          2  1.1    24    14     123    (-,-) 
  u_pe_u_tree_g_mul[6].u_mul_mul_36_26_g20206__6783/Y        -       A->Y    F     NAND2xp5_ASAP7_75t_SL          3  1.6    24    11     134    (-,-) 
  u_pe_u_tree_g_mul[6].u_mul_mul_36_26_g20150__2398/Y        -       B->Y    R     OAI21xp5_ASAP7_75t_SL          2  2.2    37    15     149    (-,-) 
  u_pe_u_tree_g_mul[6].u_mul_mul_36_26_g20685__7410/Y        -       B->Y    R     XOR2xp5_ASAP7_75t_SL           1  1.1    27    20     169    (-,-) 
  u_pe_u_tree_g_mul[6].u_mul_mul_36_26_g20671__9945/Y        -       B->Y    R     XOR2xp5_ASAP7_75t_SL           2  1.7    31    22     191    (-,-) 
  u_pe_u_tree_g_mul[6].u_mul_mul_36_26_g20661__9315/Y        -       A->Y    R     XOR2xp5_ASAP7_75t_SL           3  1.3    27    21     212    (-,-) 
  u_pe_u_tree_g_mul[6].u_mul_mul_36_26_g19861__2883/Y        -       B->Y    F     NOR2xp33_ASAP7_75t_SL          2  0.8    21    14     226    (-,-) 
  u_pe_u_tree_g_mul[6].u_mul_mul_36_26_g19784__6783/Y        -       A2->Y   R     OAI31xp33_ASAP7_75t_SL         3  1.7    44    22     248    (-,-) 
  u_pe_u_tree_g_mul[6].u_mul_mul_36_26_g19765__5526/Y        -       A1->Y   F     OAI21xp5_ASAP7_75t_SL          2  1.1    25    14     262    (-,-) 
  u_pe_u_tree_g_mul[6].u_mul_mul_36_26_g19752__8428/Y        -       A->Y    R     NOR2xp67_ASAP7_75t_SL          2  1.4    20    13     274    (-,-) 
  u_pe_u_tree_g_mul[6].u_mul_mul_36_26_g19744__4319/Y        -       A->Y    F     NOR2x1_ASAP7_75t_SL            3  2.3    21    14     288    (-,-) 
  u_pe_u_tree_g_mul[6].u_mul_mul_36_26_g19732__6260/Y        -       A1->Y   R     OAI21x1_ASAP7_75t_SL           2  1.3    19    12     301    (-,-) 
  g657238__5107/Y                                            -       B->Y    F     NAND2xp5_ASAP7_75t_SL          2  1.6    23    12     313    (-,-) 
  g656822/Y                                                  -       B->Y    R     NOR2x1_ASAP7_75t_SL            3  2.2    22    13     326    (-,-) 
  g656660/Y                                                  -       B->Y    F     NAND2xp5_ASAP7_75t_SL          2  1.6    23    13     339    (-,-) 
  g656548/Y                                                  -       B->Y    R     NOR2x1_ASAP7_75t_SL            3  1.7    19    12     350    (-,-) 
  g656514/Y                                                  -       A->Y    F     INVx1_ASAP7_75t_SL             2  1.0    11     7     357    (-,-) 
  g656446/Y                                                  -       B->Y    R     OAI21xp33_ASAP7_75t_SL         1  0.6    22     8     365    (-,-) 
  retime_s3_310_reg/D                                        <<<     -       R     DFFHQNx1_ASAP7_75t_SL          1    -     -     0     365    (-,-) 
#-----------------------------------------------------------------------------------------------------------------------------------------------------


