============================================================
  Generated by:           Genus(TM) Synthesis Solution 25.10-p002_1
  Generated on:           Aug 27 2026  02:38:10 pm
  Module:                 mq_pe_16x2_d32
  Operating conditions:   PVT_0P7V_25C (balanced_tree)
  Wireload mode:          enclosed
  Area mode:              timing library
============================================================

Timing
--------

Analysis view Clock Period 
---------------------------
TT.setup_view clk    385.0 


   Analysis     Cost   Critical        Violating 
     View      Group  Path Slack  TNS    Paths   
-------------------------------------------------
TT.setup_view     clk        0.0  0.0          0 
              default   No paths  0.0          0 
-------------------------------------------------
Total                            -0.0          0 
                                                 

Instance Count
--------------
Leaf Instance Count             107506 
Physical Instance count              0 
Sequential Instance Count        29294 
Combinational Instance Count     78212 
Hierarchical Instance Count          0 

Area
----
Cell Area                          14628.333
Physical Cell Area                 0.000
Total Cell Area (Cell+Physical)    14628.333
Net Area                           0.000
Total Area (Cell+Physical+Net)     14628.333

Max Fanout                         29294 (clk)
Min Fanout                         0 (n_65560)
Average Fanout                     2.7
Terms to net ratio                 3.6980
Terms to instance ratio            3.7193
Runtime                            2130.8449560000345 seconds
Elapsed Runtime                    2270 seconds
Genus peak memory usage            3725.50 
Innovus peak memory usage          no_value 
Hostname                           squire.ece.uw.edu
