============================================================
  Generated by:           Genus(TM) Synthesis Solution 25.10-p002_1
  Generated on:           Sep 02 2026  02:53:37 pm
  Module:                 gemv_unit
  Operating conditions:   PVT_0P7V_25C (balanced_tree)
  Wireload mode:          enclosed
  Area mode:              timing library
============================================================

Timing
--------

Clock Period 
-------------
clk   1502.0 


  Cost    Critical         Violating 
 Group   Path Slack  TNS     Paths   
-------------------------------------
clk             0.1   0.0          0 
default    No paths   0.0            
-------------------------------------
Total                 0.0          0 

Instance Count
--------------
Leaf Instance Count             30633 
Physical Instance count             0 
Sequential Instance Count        1658 
Combinational Instance Count    28975 
Hierarchical Instance Count        33 

Area
----
Cell Area                          10557.495
Physical Cell Area                 0.000
Total Cell Area (Cell+Physical)    10557.495
Net Area                           0.000
Total Area (Cell+Physical+Net)     10557.495

Max Fanout                         1658 (clk)
Min Fanout                         0 (g_mul[1].pv)
Average Fanout                     2.4
Terms to net ratio                 3.4786
Terms to instance ratio            3.6125
Runtime                            184.44504299999983 seconds
Elapsed Runtime                    189 seconds
Genus peak memory usage            2419.18 
Innovus peak memory usage          no_value 
Hostname                           squire.ece.uw.edu
