============================================================
  Generated by:           Genus(TM) Synthesis Solution 25.10-p002_1
  Generated on:           Aug 31 2026  04:40:49 pm
  Operating conditions:   PVT_0P7V_25C (balanced_tree)
  Wireload mode:          enclosed
  Area mode:              timing library
============================================================

                                                                                       
           Gate             Instances    Area                   Library                
---------------------------------------------------------------------------------------
A2O1A1Ixp33_ASAP7_75t_SL          113     9.885     asap7sc7p5t_AO_SLVT_TT_nldm_201020 
A2O1A1O1Ixp25_ASAP7_75t_SL         48     6.299     asap7sc7p5t_AO_SLVT_TT_nldm_201020 
AND2x2_ASAP7_75t_SL               305    26.681 asap7sc7p5t_SIMPLE_SLVT_TT_nldm_201020 
AND2x4_ASAP7_75t_SL                48     6.998 asap7sc7p5t_SIMPLE_SLVT_TT_nldm_201020 
AND3x1_ASAP7_75t_SL                16     1.400 asap7sc7p5t_SIMPLE_SLVT_TT_nldm_201020 
AND4x1_ASAP7_75t_SL                16     1.633 asap7sc7p5t_SIMPLE_SLVT_TT_nldm_201020 
AND5x1_ASAP7_75t_SL                32     3.732 asap7sc7p5t_SIMPLE_SLVT_TT_nldm_201020 
AO21x1_ASAP7_75t_SL                98     8.573     asap7sc7p5t_AO_SLVT_TT_nldm_201020 
AO222x2_ASAP7_75t_SL               45     7.873     asap7sc7p5t_AO_SLVT_TT_nldm_201020 
AO32x1_ASAP7_75t_SL                15     1.750     asap7sc7p5t_AO_SLVT_TT_nldm_201020 
AO32x2_ASAP7_75t_SL                 1     0.131     asap7sc7p5t_AO_SLVT_TT_nldm_201020 
AO332x1_ASAP7_75t_SL              195    31.274     asap7sc7p5t_AO_SLVT_TT_nldm_201020 
AOI211xp5_ASAP7_75t_SL             71     6.211     asap7sc7p5t_AO_SLVT_TT_nldm_201020 
AOI21x1_ASAP7_75t_L                16     1.866      asap7sc7p5t_AO_LVT_TT_nldm_201020 
AOI21xp33_ASAP7_75t_SL             68     4.957     asap7sc7p5t_AO_SLVT_TT_nldm_201020 
AOI21xp5_ASAP7_75t_L               32     2.333      asap7sc7p5t_AO_LVT_TT_nldm_201020 
AOI21xp5_ASAP7_75t_SL             369    26.900     asap7sc7p5t_AO_SLVT_TT_nldm_201020 
AOI221xp5_ASAP7_75t_SL            148    15.105     asap7sc7p5t_AO_SLVT_TT_nldm_201020 
AOI22x1_ASAP7_75t_SL               16     2.333     asap7sc7p5t_AO_SLVT_TT_nldm_201020 
AOI22xp33_ASAP7_75t_L             561    49.076      asap7sc7p5t_AO_LVT_TT_nldm_201020 
AOI22xp33_ASAP7_75t_SL             37     3.237     asap7sc7p5t_AO_SLVT_TT_nldm_201020 
AOI22xp5_ASAP7_75t_L              346    30.268      asap7sc7p5t_AO_LVT_TT_nldm_201020 
AOI22xp5_ASAP7_75t_SL            2022   176.885     asap7sc7p5t_AO_SLVT_TT_nldm_201020 
AOI311xp33_ASAP7_75t_SL            16     1.633     asap7sc7p5t_AO_SLVT_TT_nldm_201020 
AOI31xp33_ASAP7_75t_SL             21     1.837     asap7sc7p5t_AO_SLVT_TT_nldm_201020 
AOI322xp5_ASAP7_75t_SL             32     4.199     asap7sc7p5t_AO_SLVT_TT_nldm_201020 
AOI32xp33_ASAP7_75t_SL             32     3.266     asap7sc7p5t_AO_SLVT_TT_nldm_201020 
ASYNC_DFFHx1_ASAP7_75t_L          396   150.116     asap7sc7p5t_SEQ_LVT_TT_nldm_201020 
ASYNC_DFFHx1_ASAP7_75t_SL        1230   466.268    asap7sc7p5t_SEQ_SLVT_TT_nldm_201020 
BUFx2_ASAP7_75t_L                  29     2.114  asap7sc7p5t_INVBUF_LVT_TT_nldm_201020 
BUFx3_ASAP7_75t_L                   4     0.350  asap7sc7p5t_INVBUF_LVT_TT_nldm_201020 
BUFx3_ASAP7_75t_SL                  1     0.087 asap7sc7p5t_INVBUF_SLVT_TT_nldm_201020 
BUFx4f_ASAP7_75t_SL                 1     0.117 asap7sc7p5t_INVBUF_SLVT_TT_nldm_201020 
CKINVDCx14_ASAP7_75t_R            112     0.000  asap7sc7p5t_INVBUF_RVT_TT_nldm_201020 
CKINVDCx16_ASAP7_75t_R            359     0.000  asap7sc7p5t_INVBUF_RVT_TT_nldm_201020 
CKINVDCx20_ASAP7_75t_R           2975     0.000  asap7sc7p5t_INVBUF_RVT_TT_nldm_201020 
CKINVDCx5p33_ASAP7_75t_R          250     0.000  asap7sc7p5t_INVBUF_RVT_TT_nldm_201020 
CKINVDCx8_ASAP7_75t_R               1     0.000  asap7sc7p5t_INVBUF_RVT_TT_nldm_201020 
FAx1_ASAP7_75t_SL                  32     6.532 asap7sc7p5t_SIMPLE_SLVT_TT_nldm_201020 
HAxp5_ASAP7_75t_SL                 49     6.430 asap7sc7p5t_SIMPLE_SLVT_TT_nldm_201020 
HB1xp67_ASAP7_75t_L                10     0.583  asap7sc7p5t_INVBUF_LVT_TT_nldm_201020 
HB1xp67_ASAP7_75t_SL              527    30.735 asap7sc7p5t_INVBUF_SLVT_TT_nldm_201020 
HB4xp67_ASAP7_75t_L                 1     0.102  asap7sc7p5t_INVBUF_LVT_TT_nldm_201020 
INVx1_ASAP7_75t_SL               1503    65.741 asap7sc7p5t_INVBUF_SLVT_TT_nldm_201020 
INVx2_ASAP7_75t_SL                 65     3.791 asap7sc7p5t_INVBUF_SLVT_TT_nldm_201020 
INVx4_ASAP7_75t_SL                  1     0.087 asap7sc7p5t_INVBUF_SLVT_TT_nldm_201020 
INVx5_ASAP7_75t_SL                 16     1.633 asap7sc7p5t_INVBUF_SLVT_TT_nldm_201020 
INVxp33_ASAP7_75t_SL               96     4.199 asap7sc7p5t_INVBUF_SLVT_TT_nldm_201020 
INVxp67_ASAP7_75t_SL             2236    97.803 asap7sc7p5t_INVBUF_SLVT_TT_nldm_201020 
MAJIxp5_ASAP7_75t_SL              864    88.180 asap7sc7p5t_SIMPLE_SLVT_TT_nldm_201020 
NAND2xp33_ASAP7_75t_L              52     3.033  asap7sc7p5t_SIMPLE_LVT_TT_nldm_201020 
NAND2xp33_ASAP7_75t_SL             48     2.799 asap7sc7p5t_SIMPLE_SLVT_TT_nldm_201020 
NAND2xp5_ASAP7_75t_L              259    15.105  asap7sc7p5t_SIMPLE_LVT_TT_nldm_201020 
NAND2xp5_ASAP7_75t_SL            1556    90.746 asap7sc7p5t_SIMPLE_SLVT_TT_nldm_201020 
NAND3xp33_ASAP7_75t_SL             64     4.666 asap7sc7p5t_SIMPLE_SLVT_TT_nldm_201020 
NAND4xp25_ASAP7_75t_SL              1     0.087 asap7sc7p5t_SIMPLE_SLVT_TT_nldm_201020 
NAND5xp2_ASAP7_75t_SL             153    15.615 asap7sc7p5t_SIMPLE_SLVT_TT_nldm_201020 
NOR2x1_ASAP7_75t_SL                17     1.487 asap7sc7p5t_SIMPLE_SLVT_TT_nldm_201020 
NOR2xp33_ASAP7_75t_SL            1677    97.803 asap7sc7p5t_SIMPLE_SLVT_TT_nldm_201020 
NOR3xp33_ASAP7_75t_SL              85     6.197 asap7sc7p5t_SIMPLE_SLVT_TT_nldm_201020 
NOR4xp25_ASAP7_75t_SL              22     1.925 asap7sc7p5t_SIMPLE_SLVT_TT_nldm_201020 
NOR5xp2_ASAP7_75t_SL               67     6.838 asap7sc7p5t_SIMPLE_SLVT_TT_nldm_201020 
O2A1O1Ixp33_ASAP7_75t_SL          274    23.970     asap7sc7p5t_OA_SLVT_TT_nldm_201020 
OA21x2_ASAP7_75t_SL                48     4.899     asap7sc7p5t_OA_SLVT_TT_nldm_201020 
OAI211xp5_ASAP7_75t_SL            321    28.081     asap7sc7p5t_OA_SLVT_TT_nldm_201020 
OAI21xp33_ASAP7_75t_SL             64     4.666     asap7sc7p5t_OA_SLVT_TT_nldm_201020 
OAI21xp5_ASAP7_75t_SL             633    46.146     asap7sc7p5t_OA_SLVT_TT_nldm_201020 
OAI221xp5_ASAP7_75t_L              16     1.633      asap7sc7p5t_OA_LVT_TT_nldm_201020 
OAI221xp5_ASAP7_75t_SL            106    10.818     asap7sc7p5t_OA_SLVT_TT_nldm_201020 
OAI222xp33_ASAP7_75t_SL            48     6.998     asap7sc7p5t_OA_SLVT_TT_nldm_201020 
OAI22xp33_ASAP7_75t_SL             78     6.823     asap7sc7p5t_OA_SLVT_TT_nldm_201020 
OAI22xp5_ASAP7_75t_SL            2680   234.446     asap7sc7p5t_OA_SLVT_TT_nldm_201020 
OAI311xp33_ASAP7_75t_SL             1     0.102     asap7sc7p5t_OA_SLVT_TT_nldm_201020 
OAI31xp33_ASAP7_75t_SL              1     0.087     asap7sc7p5t_OA_SLVT_TT_nldm_201020 
OAI321xp33_ASAP7_75t_SL            16     1.866     asap7sc7p5t_OA_SLVT_TT_nldm_201020 
OAI32xp33_ASAP7_75t_L              16     1.633      asap7sc7p5t_OA_LVT_TT_nldm_201020 
OAI332xp33_ASAP7_75t_SL            16     2.333     asap7sc7p5t_OA_SLVT_TT_nldm_201020 
OR2x2_ASAP7_75t_SL                 82     7.173 asap7sc7p5t_SIMPLE_SLVT_TT_nldm_201020 
OR4x1_ASAP7_75t_SL                  1     0.102 asap7sc7p5t_SIMPLE_SLVT_TT_nldm_201020 
OR5x1_ASAP7_75t_SL                 16     1.866 asap7sc7p5t_SIMPLE_SLVT_TT_nldm_201020 
OR5x2_ASAP7_75t_SL                 32     4.199 asap7sc7p5t_SIMPLE_SLVT_TT_nldm_201020 
XNOR2x2_ASAP7_75t_SL               16     2.566 asap7sc7p5t_SIMPLE_SLVT_TT_nldm_201020 
XNOR2xp5_ASAP7_75t_SL             868   113.899 asap7sc7p5t_SIMPLE_SLVT_TT_nldm_201020 
XOR2x2_ASAP7_75t_SL                48     7.698 asap7sc7p5t_SIMPLE_SLVT_TT_nldm_201020 
XOR2xp5_ASAP7_75t_L                48     6.299  asap7sc7p5t_SIMPLE_LVT_TT_nldm_201020 
XOR2xp5_ASAP7_75t_SL              722    94.741 asap7sc7p5t_SIMPLE_SLVT_TT_nldm_201020 
srambank_64x4x16_6t122             32  7972.577                 srambank_64x4x16_6t122 
---------------------------------------------------------------------------------------
total                           25661 10193.126                                        
                                                                      
                Library                Instances   Area   Instances % 
----------------------------------------------------------------------
asap7sc7p5t_AO_LVT_TT_nldm_201020            955   83.543         3.7 
asap7sc7p5t_AO_SLVT_TT_nldm_201020          3347  312.347        13.0 
asap7sc7p5t_INVBUF_LVT_TT_nldm_201020         44    3.149         0.2 
asap7sc7p5t_INVBUF_RVT_TT_nldm_201020       3697    0.000        14.4 
asap7sc7p5t_INVBUF_SLVT_TT_nldm_201020      4446  204.193        17.3 
asap7sc7p5t_OA_LVT_TT_nldm_201020             32    3.266         0.1 
asap7sc7p5t_OA_SLVT_TT_nldm_201020          4286  371.236        16.7 
asap7sc7p5t_SEQ_LVT_TT_nldm_201020           396  150.116         1.5 
asap7sc7p5t_SEQ_SLVT_TT_nldm_201020         1230  466.268         4.8 
asap7sc7p5t_SIMPLE_LVT_TT_nldm_201020        359   24.436         1.4 
asap7sc7p5t_SIMPLE_SLVT_TT_nldm_201020      6837  601.994        26.6 
srambank_64x4x16_6t122                        32 7972.577         0.1 
                                          
     Type      Instances    Area   Area % 
------------------------------------------
timing_model          32  7972.577   78.2 
sequential          1626   616.384    6.0 
inverter            7614   173.254    1.7 
buffer               573    34.088    0.3 
logic              15816  1396.822   13.7 
physical_cells         0     0.000    0.0 
------------------------------------------
total              25661 10193.126  100.0 
