============================================================
  Generated by:           Genus(TM) Synthesis Solution 25.10-p002_1
  Generated on:           Sep 02 2026  02:53:37 pm
  Module:                 gemv_unit
  Operating conditions:   PVT_0P7V_25C (balanced_tree)
  Wireload mode:          enclosed
  Area mode:              timing library
============================================================


Path 1: MET (0 ps) Setup Check with Pin u_vec_buf/g_copy[1].g_slice[15].u_mem/clk->banksel
          Group: clk
     Startpoint: (R) retime_s2_15_reg/CLK
          Clock: (R) clk
       Endpoint: (R) u_vec_buf/g_copy[1].g_slice[15].u_mem/banksel
          Clock: (F) clk

                     Capture       Launch     
        Clock Edge:+     751            0     
       Src Latency:+       0            0     
       Net Latency:+       0 (I)        0 (I) 
           Arrival:=     751            0     
                                              
             Setup:-      -1                  
       Uncertainty:-      45                  
     Required Time:=     707                  
      Launch Clock:-       0                  
         Data Path:-     707                  
             Slack:=       0                  

#----------------------------------------------------------------------------------------------------------------------------------------
#                 Timing Point                  Flags    Arc    Edge           Cell             Fanout Load Trans Delay Arrival Instance 
#                                                                                                      (fF)  (ps)  (ps)   (ps)  Location 
#----------------------------------------------------------------------------------------------------------------------------------------
  retime_s2_15_reg/CLK                          -       -       R     (arrival)                   1658    -     0     0       0    (-,-) 
  retime_s2_15_reg/QN                           -       CLK->QN F     ASYNC_DFFHx1_ASAP7_75t_SL      3 12.7    77    68      68    (-,-) 
  g34277/Y                                      -       A->Y    R     CKINVDCx20_ASAP7_75t_R         2  0.9    15    15      82    (-,-) 
  g34268__3680/Y                                -       B->Y    F     NOR2xp33_ASAP7_75t_SL          3  1.6    31    18     101    (-,-) 
  g34265__5526/Y                                -       B->Y    R     NAND2xp5_ASAP7_75t_SL          3  1.4    37    16     116    (-,-) 
  g34262__4319/Y                                -       B->Y    F     NOR2xp33_ASAP7_75t_SL          3  1.6    34    22     139    (-,-) 
  g34259__5107/Y                                -       B->Y    R     NAND2xp5_ASAP7_75t_SL          3  1.4    37    16     155    (-,-) 
  g34256__5477/Y                                -       B->Y    F     NOR2xp33_ASAP7_75t_SL          3  1.6    34    22     178    (-,-) 
  g34253__7410/Y                                -       B->Y    R     NAND2xp5_ASAP7_75t_SL          3 12.8   140    67     244    (-,-) 
  g34250__2346/Y                                -       B->Y    F     NOR2xp33_ASAP7_75t_SL          3  1.4    57    31     275    (-,-) 
  g34248__9945/Y                                -       A->Y    R     NAND2xp33_ASAP7_75t_L          1  0.6    31    25     300    (-,-) 
  g34246__6161/Y                                -       B->Y    F     O2A1O1Ixp33_ASAP7_75t_SL       3  1.9    37    16     316    (-,-) 
  g34471__5122/Y                                -       B->Y    R     XOR2xp5_ASAP7_75t_SL           2 12.4   160    75     390    (-,-) 
  g34429__2883/Y                                -       B->Y    F     AOI21xp33_ASAP7_75t_SL         2  1.1    45    11     402    (-,-) 
  g34427__9945/Y                                -       B->Y    R     NAND2xp5_ASAP7_75t_SL          2 12.5   129    68     470    (-,-) 
  g34411__2802/Y                                -       A1->Y   F     OAI311xp33_ASAP7_75t_SL       11 10.7   160    70     539    (-,-) 
  g35953/Y                                      -       A->Y    R     INVx2_ASAP7_75t_SL            28 11.7    77    48     588    (-,-) 
  u_vec_buf/g5081__7482/Y                       -       B->Y    F     NAND2xp5_ASAP7_75t_SL          2 12.5   127    69     656    (-,-) 
  u_vec_buf/g5065__5526/Y                       -       B->Y    R     NAND2xp5_ASAP7_75t_SL         16  4.8    98    50     707    (-,-) 
  u_vec_buf/g_copy[1].g_slice[15].u_mem/banksel <<<     -       R     srambank_64x4x16_6t122        16    -     -     0     707    (-,-) 
#----------------------------------------------------------------------------------------------------------------------------------------

