============================================================
  Generated by:           Genus(TM) Synthesis Solution 25.10-p002_1
  Generated on:           Aug 31 2026  11:28:59 am
  Operating conditions:   PVT_0P7V_25C (balanced_tree)
  Wireload mode:          enclosed
  Area mode:              timing library
============================================================

                                                                                      
           Gate             Instances   Area                   Library                
--------------------------------------------------------------------------------------
A2O1A1Ixp33_ASAP7_75t_SL           65    5.686     asap7sc7p5t_AO_SLVT_TT_nldm_201020 
A2O1A1O1Ixp25_ASAP7_75t_SL         21    2.756     asap7sc7p5t_AO_SLVT_TT_nldm_201020 
AND2x2_ASAP7_75t_SL                94    8.223 asap7sc7p5t_SIMPLE_SLVT_TT_nldm_201020 
AND3x1_ASAP7_75t_SL                 1    0.087 asap7sc7p5t_SIMPLE_SLVT_TT_nldm_201020 
AO21x1_ASAP7_75t_SL                46    4.024     asap7sc7p5t_AO_SLVT_TT_nldm_201020 
AO31x2_ASAP7_75t_SL                 1    0.233     asap7sc7p5t_AO_SLVT_TT_nldm_201020 
AOI211x1_ASAP7_75t_R                1    0.175      asap7sc7p5t_AO_RVT_TT_nldm_201020 
AOI211xp5_ASAP7_75t_SL            129   11.285     asap7sc7p5t_AO_SLVT_TT_nldm_201020 
AOI21xp33_ASAP7_75t_L              18    1.312      asap7sc7p5t_AO_LVT_TT_nldm_201020 
AOI21xp33_ASAP7_75t_SL             85    6.197     asap7sc7p5t_AO_SLVT_TT_nldm_201020 
AOI21xp5_ASAP7_75t_L               38    2.770      asap7sc7p5t_AO_LVT_TT_nldm_201020 
AOI21xp5_ASAP7_75t_SL             343   25.005     asap7sc7p5t_AO_SLVT_TT_nldm_201020 
AOI221xp5_ASAP7_75t_SL             38    3.878     asap7sc7p5t_AO_SLVT_TT_nldm_201020 
AOI222xp33_ASAP7_75t_SL             3    0.437     asap7sc7p5t_AO_SLVT_TT_nldm_201020 
AOI22xp33_ASAP7_75t_L               5    0.437      asap7sc7p5t_AO_LVT_TT_nldm_201020 
AOI22xp33_ASAP7_75t_SL             13    1.137     asap7sc7p5t_AO_SLVT_TT_nldm_201020 
AOI22xp5_ASAP7_75t_L               24    2.100      asap7sc7p5t_AO_LVT_TT_nldm_201020 
AOI22xp5_ASAP7_75t_SL             789   69.022     asap7sc7p5t_AO_SLVT_TT_nldm_201020 
AOI311xp33_ASAP7_75t_SL             4    0.408     asap7sc7p5t_AO_SLVT_TT_nldm_201020 
AOI31xp33_ASAP7_75t_L               1    0.087      asap7sc7p5t_AO_LVT_TT_nldm_201020 
AOI31xp33_ASAP7_75t_SL             51    4.461     asap7sc7p5t_AO_SLVT_TT_nldm_201020 
AOI321xp33_ASAP7_75t_SL             8    0.933     asap7sc7p5t_AO_SLVT_TT_nldm_201020 
AOI322xp5_ASAP7_75t_SL             25    3.280     asap7sc7p5t_AO_SLVT_TT_nldm_201020 
AOI32xp33_ASAP7_75t_SL              2    0.204     asap7sc7p5t_AO_SLVT_TT_nldm_201020 
AOI332xp33_ASAP7_75t_SL             1    0.146     asap7sc7p5t_AO_SLVT_TT_nldm_201020 
AOI33xp33_ASAP7_75t_SL              1    0.117     asap7sc7p5t_AO_SLVT_TT_nldm_201020 
ASYNC_DFFHx1_ASAP7_75t_L          202   76.574     asap7sc7p5t_SEQ_LVT_TT_nldm_201020 
ASYNC_DFFHx1_ASAP7_75t_SL         656  248.676    asap7sc7p5t_SEQ_SLVT_TT_nldm_201020 
BUFx2_ASAP7_75t_L                   6    0.437  asap7sc7p5t_INVBUF_LVT_TT_nldm_201020 
BUFx2_ASAP7_75t_SL                  3    0.219 asap7sc7p5t_INVBUF_SLVT_TT_nldm_201020 
BUFx3_ASAP7_75t_L                   1    0.087  asap7sc7p5t_INVBUF_LVT_TT_nldm_201020 
BUFx4f_ASAP7_75t_SL                 8    0.933 asap7sc7p5t_INVBUF_SLVT_TT_nldm_201020 
BUFx6f_ASAP7_75t_SL                 4    0.583 asap7sc7p5t_INVBUF_SLVT_TT_nldm_201020 
BUFx8_ASAP7_75t_SL                  1    0.175 asap7sc7p5t_INVBUF_SLVT_TT_nldm_201020 
CKINVDCx14_ASAP7_75t_R             96    0.000  asap7sc7p5t_INVBUF_RVT_TT_nldm_201020 
CKINVDCx16_ASAP7_75t_R            231    0.000  asap7sc7p5t_INVBUF_RVT_TT_nldm_201020 
CKINVDCx20_ASAP7_75t_R           1707    0.000  asap7sc7p5t_INVBUF_RVT_TT_nldm_201020 
CKINVDCx5p33_ASAP7_75t_R          682    0.000  asap7sc7p5t_INVBUF_RVT_TT_nldm_201020 
CKINVDCx8_ASAP7_75t_R               1    0.000  asap7sc7p5t_INVBUF_RVT_TT_nldm_201020 
FAx1_ASAP7_75t_SL                 103   21.024 asap7sc7p5t_SIMPLE_SLVT_TT_nldm_201020 
HAxp5_ASAP7_75t_SL                 25    3.280 asap7sc7p5t_SIMPLE_SLVT_TT_nldm_201020 
HB1xp67_ASAP7_75t_L                 3    0.175  asap7sc7p5t_INVBUF_LVT_TT_nldm_201020 
HB1xp67_ASAP7_75t_SL                9    0.525 asap7sc7p5t_INVBUF_SLVT_TT_nldm_201020 
INVx1_ASAP7_75t_SL                628   27.469 asap7sc7p5t_INVBUF_SLVT_TT_nldm_201020 
INVx2_ASAP7_75t_SL                  5    0.292 asap7sc7p5t_INVBUF_SLVT_TT_nldm_201020 
INVx3_ASAP7_75t_SL                  1    0.073 asap7sc7p5t_INVBUF_SLVT_TT_nldm_201020 
INVxp33_ASAP7_75t_SL               33    1.443 asap7sc7p5t_INVBUF_SLVT_TT_nldm_201020 
INVxp67_ASAP7_75t_SL              693   30.312 asap7sc7p5t_INVBUF_SLVT_TT_nldm_201020 
MAJIxp5_ASAP7_75t_SL               95    9.696 asap7sc7p5t_SIMPLE_SLVT_TT_nldm_201020 
MAJx2_ASAP7_75t_SL                  3    0.394 asap7sc7p5t_SIMPLE_SLVT_TT_nldm_201020 
NAND2x1_ASAP7_75t_R                 1    0.087  asap7sc7p5t_SIMPLE_RVT_TT_nldm_201020 
NAND2xp33_ASAP7_75t_L              35    2.041  asap7sc7p5t_SIMPLE_LVT_TT_nldm_201020 
NAND2xp33_ASAP7_75t_SL             31    1.808 asap7sc7p5t_SIMPLE_SLVT_TT_nldm_201020 
NAND2xp5_ASAP7_75t_L              242   14.113  asap7sc7p5t_SIMPLE_LVT_TT_nldm_201020 
NAND2xp5_ASAP7_75t_SL            1339   78.090 asap7sc7p5t_SIMPLE_SLVT_TT_nldm_201020 
NAND3xp33_ASAP7_75t_SL             75    5.468 asap7sc7p5t_SIMPLE_SLVT_TT_nldm_201020 
NAND4xp25_ASAP7_75t_SL             13    1.137 asap7sc7p5t_SIMPLE_SLVT_TT_nldm_201020 
NAND5xp2_ASAP7_75t_SL              32    3.266 asap7sc7p5t_SIMPLE_SLVT_TT_nldm_201020 
NOR2x1_ASAP7_75t_SL                 4    0.350 asap7sc7p5t_SIMPLE_SLVT_TT_nldm_201020 
NOR2x1p5_ASAP7_75t_SL               1    0.117 asap7sc7p5t_SIMPLE_SLVT_TT_nldm_201020 
NOR2xp33_ASAP7_75t_L               12    0.700  asap7sc7p5t_SIMPLE_LVT_TT_nldm_201020 
NOR2xp33_ASAP7_75t_SL            1837  107.134 asap7sc7p5t_SIMPLE_SLVT_TT_nldm_201020 
NOR2xp67_ASAP7_75t_R                2    0.175  asap7sc7p5t_SIMPLE_RVT_TT_nldm_201020 
NOR3xp33_ASAP7_75t_SL              58    4.228 asap7sc7p5t_SIMPLE_SLVT_TT_nldm_201020 
NOR4xp25_ASAP7_75t_L                1    0.087  asap7sc7p5t_SIMPLE_LVT_TT_nldm_201020 
NOR4xp25_ASAP7_75t_SL              80    6.998 asap7sc7p5t_SIMPLE_SLVT_TT_nldm_201020 
NOR5xp2_ASAP7_75t_SL               97    9.900 asap7sc7p5t_SIMPLE_SLVT_TT_nldm_201020 
O2A1O1Ixp33_ASAP7_75t_L             3    0.262      asap7sc7p5t_OA_LVT_TT_nldm_201020 
O2A1O1Ixp33_ASAP7_75t_SL          154   13.472     asap7sc7p5t_OA_SLVT_TT_nldm_201020 
OA211x2_ASAP7_75t_SL                5    0.583     asap7sc7p5t_OA_SLVT_TT_nldm_201020 
OA21x2_ASAP7_75t_SL                26    2.654     asap7sc7p5t_OA_SLVT_TT_nldm_201020 
OA222x2_ASAP7_75t_SL                2    0.350     asap7sc7p5t_OA_SLVT_TT_nldm_201020 
OA22x2_ASAP7_75t_SL                 1    0.146     asap7sc7p5t_OA_SLVT_TT_nldm_201020 
OAI211xp5_ASAP7_75t_SL             33    2.887     asap7sc7p5t_OA_SLVT_TT_nldm_201020 
OAI21xp33_ASAP7_75t_L               1    0.073      asap7sc7p5t_OA_LVT_TT_nldm_201020 
OAI21xp33_ASAP7_75t_SL             36    2.624     asap7sc7p5t_OA_SLVT_TT_nldm_201020 
OAI21xp5_ASAP7_75t_SL             583   42.501     asap7sc7p5t_OA_SLVT_TT_nldm_201020 
OAI221xp5_ASAP7_75t_SL             23    2.347     asap7sc7p5t_OA_SLVT_TT_nldm_201020 
OAI222xp33_ASAP7_75t_SL             4    0.583     asap7sc7p5t_OA_SLVT_TT_nldm_201020 
OAI22xp33_ASAP7_75t_SL             47    4.112     asap7sc7p5t_OA_SLVT_TT_nldm_201020 
OAI22xp5_ASAP7_75t_L                1    0.087      asap7sc7p5t_OA_LVT_TT_nldm_201020 
OAI22xp5_ASAP7_75t_SL             885   77.420     asap7sc7p5t_OA_SLVT_TT_nldm_201020 
OAI311xp33_ASAP7_75t_SL             5    0.510     asap7sc7p5t_OA_SLVT_TT_nldm_201020 
OAI31xp33_ASAP7_75t_SL             37    3.237     asap7sc7p5t_OA_SLVT_TT_nldm_201020 
OAI321xp33_ASAP7_75t_SL             6    0.700     asap7sc7p5t_OA_SLVT_TT_nldm_201020 
OAI322xp33_ASAP7_75t_L              1    0.131      asap7sc7p5t_OA_LVT_TT_nldm_201020 
OAI322xp33_ASAP7_75t_SL            40    5.249     asap7sc7p5t_OA_SLVT_TT_nldm_201020 
OAI32xp33_ASAP7_75t_SL             23    2.347     asap7sc7p5t_OA_SLVT_TT_nldm_201020 
OAI331xp33_ASAP7_75t_SL             4    0.525     asap7sc7p5t_OA_SLVT_TT_nldm_201020 
OAI332xp33_ASAP7_75t_SL             4    0.583     asap7sc7p5t_OA_SLVT_TT_nldm_201020 
OAI33xp33_ASAP7_75t_SL              1    0.117     asap7sc7p5t_OA_SLVT_TT_nldm_201020 
OR2x2_ASAP7_75t_SL                206   18.021 asap7sc7p5t_SIMPLE_SLVT_TT_nldm_201020 
OR3x1_ASAP7_75t_L                   2    0.175  asap7sc7p5t_SIMPLE_LVT_TT_nldm_201020 
OR3x1_ASAP7_75t_SL                 21    1.837 asap7sc7p5t_SIMPLE_SLVT_TT_nldm_201020 
OR4x1_ASAP7_75t_SL                 58    5.919 asap7sc7p5t_SIMPLE_SLVT_TT_nldm_201020 
OR5x1_ASAP7_75t_SL                 13    1.516 asap7sc7p5t_SIMPLE_SLVT_TT_nldm_201020 
XNOR2xp5_ASAP7_75t_SL             542   71.121 asap7sc7p5t_SIMPLE_SLVT_TT_nldm_201020 
XOR2xp5_ASAP7_75t_SL              501   65.741 asap7sc7p5t_SIMPLE_SLVT_TT_nldm_201020 
--------------------------------------------------------------------------------------
total                           14131 1140.302                                        
                                                                     
                Library                Instances   Area  Instances % 
---------------------------------------------------------------------
asap7sc7p5t_AO_LVT_TT_nldm_201020             86   6.707         0.6 
asap7sc7p5t_AO_RVT_TT_nldm_201020              1   0.175         0.0 
asap7sc7p5t_AO_SLVT_TT_nldm_201020          1625 139.210        11.5 
asap7sc7p5t_INVBUF_LVT_TT_nldm_201020         10   0.700         0.1 
asap7sc7p5t_INVBUF_RVT_TT_nldm_201020       2717   0.000        19.2 
asap7sc7p5t_INVBUF_SLVT_TT_nldm_201020      1385  62.023         9.8 
asap7sc7p5t_OA_LVT_TT_nldm_201020              6   0.554         0.0 
asap7sc7p5t_OA_SLVT_TT_nldm_201020          1919 162.946        13.6 
asap7sc7p5t_SEQ_LVT_TT_nldm_201020           202  76.574         1.4 
asap7sc7p5t_SEQ_SLVT_TT_nldm_201020          656 248.676         4.6 
asap7sc7p5t_SIMPLE_LVT_TT_nldm_201020        292  17.117         2.1 
asap7sc7p5t_SIMPLE_RVT_TT_nldm_201020          3   0.262         0.0 
asap7sc7p5t_SIMPLE_SLVT_TT_nldm_201020      5229 425.357        37.0 
                                         
     Type      Instances   Area   Area % 
-----------------------------------------
sequential           858  325.251   28.5 
inverter            4077   59.588    5.2 
buffer                35    3.135    0.3 
logic               9161  752.328   66.0 
physical_cells         0    0.000    0.0 
-----------------------------------------
total              14131 1140.302  100.0 
