============================================================
  Generated by:           Genus(TM) Synthesis Solution 25.10-p002_1
  Generated on:           Aug 31 2026  11:28:58 am
  Module:                 fp32_recip
  Operating conditions:   PVT_0P7V_25C (balanced_tree)
  Wireload mode:          enclosed
  Area mode:              timing library
============================================================

 Instance             Module            Cell-Count  Cell-Area  Net-Area   Total-Area   Wireload  
-------------------------------------------------------------------------------------------------
fp32_recip NA                                14131   1140.302     0.000     1140.302 <none> (D)  
  u_p00    fp32_recip_mul16_pipe              1513    113.593     0.000      113.593 <none> (D)  
  u_p01    fp32_recip_mul16_pipe_1             678     48.464     0.000       48.464 <none> (D)  
  u_p10    fp32_recip_mul16_pipe_2             507     37.033     0.000       37.033 <none> (D)  
  u_p11    fp32_recip_mul16_pipe_3             708     52.838     0.000       52.838 <none> (D)  
  u_r00    fp32_recip_mul16_pipe_223          1522    117.938     0.000      117.938 <none> (D)  
  u_r01    fp32_recip_mul16_pipe_222          1651    127.531     0.000      127.531 <none> (D)  
  u_r10    fp32_recip_mul16_pipe_7_224        1452    111.231     0.000      111.231 <none> (D)  
  u_r11    fp32_recip_mul16_pipe_7            1437    110.502     0.000      110.502 <none> (D)  
  (D) = wireload is default in technology library
