============================================================
  Generated by:           Genus(TM) Synthesis Solution 25.10-p002_1
  Generated on:           Aug 31 2026  11:28:57 am
  Module:                 fp32_recip
  Operating conditions:   PVT_0P7V_25C (balanced_tree)
  Wireload mode:          enclosed
  Area mode:              timing library
============================================================


Path 1: MET (0 ps) Setup Check with Pin csa_tree_ADD_TC_OP_2_rsh_pad_groupi_retime_s13_33_reg/CLK->D
          Group: clk
     Startpoint: (R) retime_s12_56_reg/CLK
          Clock: (R) clk
       Endpoint: (F) csa_tree_ADD_TC_OP_2_rsh_pad_groupi_retime_s13_33_reg/D
          Clock: (R) clk

                     Capture       Launch     
        Clock Edge:+     699            0     
       Src Latency:+       0            0     
       Net Latency:+       0 (I)        0 (I) 
           Arrival:=     699            0     
                                              
             Setup:-      11                  
       Uncertainty:-      21                  
     Required Time:=     667                  
      Launch Clock:-       0                  
         Data Path:-     667                  
             Slack:=       0                  

#--------------------------------------------------------------------------------------------------------------------------------------------------
#                      Timing Point                       Flags    Arc    Edge           Cell             Fanout Load Trans Delay Arrival Instance 
#                                                                                                                (fF)  (ps)  (ps)   (ps)  Location 
#--------------------------------------------------------------------------------------------------------------------------------------------------
  retime_s12_56_reg/CLK                                   -       -       R     (arrival)                    858    -     0     0       0    (-,-) 
  retime_s12_56_reg/QN                                    -       CLK->QN R     ASYNC_DFFHx1_ASAP7_75t_SL     12 27.2   186   117     117    (-,-) 
  u_p11/mul_727_34_g3808/Y                                -       A->Y    F     CKINVDCx16_ASAP7_75t_R        11  6.3    28    20     136    (-,-) 
  u_p11/mul_727_34_g3739/Y                                -       B->Y    R     AOI21xp5_ASAP7_75t_L           3  1.6    46    22     159    (-,-) 
  u_p11/mul_727_34_g3705/Y                                -       B->Y    F     AOI31xp33_ASAP7_75t_SL         2  0.9    50    11     170    (-,-) 
  u_p11/mul_727_34_g3704/Y                                -       A->Y    R     INVxp67_ASAP7_75t_SL           1  0.6    19    12     182    (-,-) 
  u_p11/mul_727_34_g3695/Y                                -       B->Y    F     OAI21xp5_ASAP7_75t_SL          3 13.0   129    58     240    (-,-) 
  u_p11/mul_727_34_g3648/Y                                -       A2->Y   R     OAI22xp5_ASAP7_75t_SL          2 12.5   186   101     341    (-,-) 
  u_p11/mul_727_34_g3635/Y                                -       A->Y    F     CKINVDCx20_ASAP7_75t_R         1  0.6    23    15     356    (-,-) 
  u_p11/mul_727_34_g3600/Y                                -       A2->Y   R     AOI22xp5_ASAP7_75t_SL          2  1.7    65    17     373    (-,-) 
  u_p11/mul_727_34_g3836/Y                                -       A->Y    R     XOR2xp5_ASAP7_75t_SL           3  1.9    43    27     400    (-,-) 
  u_p11/mul_727_34_g3496/Y                                -       A->Y    F     INVx1_ASAP7_75t_SL             1  0.6    14     6     406    (-,-) 
  u_p11/mul_727_34_g3475/Y                                -       A1->Y   R     AOI22xp5_ASAP7_75t_SL          2  1.0    48    13     419    (-,-) 
  u_p11/mul_727_34_g3817/Y                                -       A->Y    R     OR2x2_ASAP7_75t_SL             3 10.5    39    34     453    (-,-) 
  u_p11/mul_727_34_g3402/Y                                -       A->Y    F     NAND2xp5_ASAP7_75t_SL          2  1.5    23    11     464    (-,-) 
  u_p11/mul_727_34_g3396/Y                                -       B1->Y   R     OAI22xp33_ASAP7_75t_SL         1  0.5    25    13     477    (-,-) 
  u_p11/g1454/Y                                           -       A->Y    F     INVxp67_ASAP7_75t_SL           1  0.5    11     6     484    (-,-) 
  u_p11/g3940/Y                                           -       D->Y    R     NOR4xp25_ASAP7_75t_SL          2  1.3    49    24     508    (-,-) 
  u_p11/g2012/Y                                           -       B->Y    R     XNOR2xp5_ASAP7_75t_SL          2  1.0    25    16     524    (-,-) 
  u_p11/g1938/Y                                           -       A->Y    F     NOR2xp33_ASAP7_75t_SL          2  1.0    25    16     540    (-,-) 
  u_p11/g1936/Y                                           -       B->Y    R     AOI211xp5_ASAP7_75t_SL         1  0.7    37    16     556    (-,-) 
  g48914/Y                                                -       A->Y    F     INVx1_ASAP7_75t_SL             1  0.4    12     5     561    (-,-) 
  g48848/Y                                                -       B->Y    R     NOR2xp33_ASAP7_75t_SL          1  3.7    76    34     595    (-,-) 
  g47792/Y                                                -       A->Y    F     CKINVDCx5p33_ASAP7_75t_R       1  0.4    13    10     606    (-,-) 
  g51294/Y                                                -       B->Y    R     NOR2xp33_ASAP7_75t_SL          1  3.7    81    35     641    (-,-) 
  g47679/Y                                                -       A->Y    F     CKINVDCx5p33_ASAP7_75t_R       1  0.6    14    11     652    (-,-) 
  g51973/Y                                                -       B->Y    F     OR2x2_ASAP7_75t_SL             1  0.6    11    16     667    (-,-) 
  csa_tree_ADD_TC_OP_2_rsh_pad_groupi_retime_s13_33_reg/D <<<     -       F     ASYNC_DFFHx1_ASAP7_75t_L       1    -     -     0     667    (-,-) 
#--------------------------------------------------------------------------------------------------------------------------------------------------

