============================================================
  Generated by:           Genus(TM) Synthesis Solution 25.10-p002_1
  Generated on:           Aug 27 2026  04:59:40 pm
  Module:                 mq_pe_16x2_d32_mp1
  Operating conditions:   PVT_0P7V_25C (balanced_tree)
  Wireload mode:          enclosed
  Area mode:              timing library
============================================================


Path 1: MET (0 ps) Setup Check with Pin retime_s5_41_reg/CLK->D
           View: TT.setup_view
          Group: clk
     Startpoint: (R) retime_s4_26_reg/CLK
          Clock: (R) clk
       Endpoint: (F) retime_s5_41_reg/D
          Clock: (R) clk

                     Capture       Launch     
        Clock Edge:+     769            0     
       Src Latency:+       0            0     
       Net Latency:+       0 (I)        0 (I) 
           Arrival:=     769            0     
                                              
             Setup:-       5                  
       Uncertainty:-      23                  
     Required Time:=     741                  
      Launch Clock:-       0                  
         Data Path:-     741                  
             Slack:=       0                  

#----------------------------------------------------------------------------------------------------------------
#    Timing Point      Flags    Arc    Edge            Cell             Fanout Load Trans Delay Arrival Instance 
#                                                                              (fF)  (ps)  (ps)   (ps)  Location 
#----------------------------------------------------------------------------------------------------------------
  retime_s4_26_reg/CLK -       -       R     (arrival)                   28456    -     8     0       0    (-,-) 
  retime_s4_26_reg/QN  -       CLK->QN R     SDFHx1_ASAP7_75t_SL             2  1.0    16    34      34    (-,-) 
  g722529/Y            -       B->Y    F     NAND3xp33_ASAP7_75t_SL          1  0.6    17     9      43    (-,-) 
  g722451/Y            -       A2->Y   R     OAI21xp5_ASAP7_75t_SL           3  1.2    22    14      57    (-,-) 
  g722438/Y            -       A->Y    R     HB1xp67_ASAP7_75t_SL           10  4.2    45    31      88    (-,-) 
  g722409/Y            -       B->Y    F     NOR2xp33_ASAP7_75t_SL           5  2.8    53    33     121    (-,-) 
  g666582/Y            -       A1->Y   R     AOI22xp5_ASAP7_75t_SL           1  0.6    27    16     137    (-,-) 
  g666220/Y            -       C->Y    F     A2O1A1O1Ixp25_ASAP7_75t_SL      1  0.6    29    14     150    (-,-) 
  g666176/Y            -       A2->Y   R     OAI21xp5_ASAP7_75t_SL           1  0.6    19    12     163    (-,-) 
  g666156/Y            -       B->Y    R     AND3x1_ASAP7_75t_SL             1  1.1    13    18     181    (-,-) 
  g666117/Y            -       B->Y    R     OR2x6_ASAP7_75t_SL             17 14.2    22    23     203    (-,-) 
  g666101/Y            -       B->Y    R     AND2x2_ASAP7_75t_SL             9  5.1    22    22     225    (-,-) 
  g666078/Y            -       A->Y    F     INVxp67_ASAP7_75t_SL            1  0.5    10     6     232    (-,-) 
  g665903/Y            -       B1->Y   R     OAI22xp5_ASAP7_75t_L            2  0.9    26    14     245    (-,-) 
  g665874/Y            -       A->Y    F     INVxp67_ASAP7_75t_SL            2  1.2    17    10     256    (-,-) 
  g665721/Y            -       B1->Y   R     OAI22xp5_ASAP7_75t_SL           4  2.3    41    20     276    (-,-) 
  g665567/Y            -       A2->Y   F     OAI22xp5_ASAP7_75t_SL           2  1.2    40    14     290    (-,-) 
  g665432/Y            -       A2->Y   R     AOI22xp5_ASAP7_75t_SL           2  1.1    30    16     306    (-,-) 
  g665253/Y            -       A2->Y   F     OAI21xp5_ASAP7_75t_SL           1  0.6    16     9     315    (-,-) 
  g665236/Y            -       C->Y    R     O2A1O1Ixp5_ASAP7_75t_SL         3  2.0    37    19     334    (-,-) 
  g665033/Y            -       A->Y    F     NOR2xp67_ASAP7_75t_L            3  1.7    27    21     355    (-,-) 
  g665025/Y            -       B->Y    R     NAND2xp5_ASAP7_75t_SL           3  1.5    26    15     370    (-,-) 
  g664989/Y            -       A2->Y   F     AOI21xp5_ASAP7_75t_L            2  1.2    21    13     383    (-,-) 
  g664961/Y            -       A2->Y   R     OAI21xp5_ASAP7_75t_SL           2  1.0    22    14     396    (-,-) 
  g664934/Y            -       A2->Y   F     AOI21xp5_ASAP7_75t_L            2  1.1    20    12     408    (-,-) 
  g664914/Y            -       A->Y    R     MAJIxp5_ASAP7_75t_SL            2  1.1    27    15     424    (-,-) 
  g664879/Y            -       A->Y    F     MAJIxp5_ASAP7_75t_SL            2  1.2    24    13     437    (-,-) 
  g664855/Y            -       B->Y    R     OAI21xp5_ASAP7_75t_SL           2  0.9    23    10     447    (-,-) 
  g664835/Y            -       B->Y    F     NOR2xp33_ASAP7_75t_SL           2  1.0    25    15     462    (-,-) 
  g664813/Y            -       A1->Y   R     OAI32xp33_ASAP7_75t_SL          2  1.1    37    21     483    (-,-) 
  g664786/Y            -       A->Y    F     NAND2xp5_ASAP7_75t_L            2  1.1    20    12     495    (-,-) 
  g664749/Y            -       A1->Y   R     AOI31xp33_ASAP7_75t_SL          1  1.1    34    16     512    (-,-) 
  g664710/Y            -       A2->Y   F     OAI21x1_ASAP7_75t_SL            1  1.1    33     8     519    (-,-) 
  g664687/Y            -       A->Y    F     XNOR2xp5_ASAP7_75t_SL           3  2.3    32    27     546    (-,-) 
  g664674/Y            -       B->Y    R     NOR2x1_ASAP7_75t_SL             2  1.1    18    10     556    (-,-) 
  g664666/Y            -       B->Y    R     AND2x2_ASAP7_75t_SL             4  2.8    14    18     574    (-,-) 
  g664654/Y            -       B->Y    F     NAND2x1_ASAP7_75t_SL            4  2.1    19     9     583    (-,-) 
  g664627/Y            -       A2->Y   F     OA21x2_ASAP7_75t_SL            13  9.1    29    30     613    (-,-) 
  g664619/Y            -       A->Y    R     INVx4_ASAP7_75t_SL              8  4.6    16    10     623    (-,-) 
  g664567/Y            -       A2->Y   F     OAI22xp5_ASAP7_75t_SL           2  1.1    29    11     634    (-,-) 
  g664498/Y            -       B->Y    R     NAND2xp5_ASAP7_75t_SL           2  1.0    19    13     647    (-,-) 
  g664461/Y            -       B->Y    F     OAI21xp33_ASAP7_75t_SL          2  1.1    33    13     660    (-,-) 
  g664424/Y            -       B->Y    R     NAND2xp5_ASAP7_75t_SL           2  1.2    22    15     674    (-,-) 
  g664381/Y            -       B->Y    F     OAI21xp5_ASAP7_75t_SL           2  0.9    22     9     684    (-,-) 
  g664333/Y            -       B->Y    R     NOR2xp33_ASAP7_75t_SL           2  1.2    30    17     701    (-,-) 
  g664252/Y            -       B->Y    F     A2O1A1Ixp33_ASAP7_75t_SL        2  1.5    37    12     713    (-,-) 
  g664169/Y            -       A1->Y   R     OAI21x1_ASAP7_75t_SL            4  1.6    25    16     729    (-,-) 
  g664131__2883/Y      -       B->Y    F     NOR2xp33_ASAP7_75t_SL           1  0.6    18    12     741    (-,-) 
  retime_s5_41_reg/D   <<<     -       F     DFFHQNx1_ASAP7_75t_SL           1    -     -     0     741    (-,-) 
#----------------------------------------------------------------------------------------------------------------


