============================================================
  Generated by:           Genus(TM) Synthesis Solution 25.10-p002_1
  Generated on:           Aug 27 2026  04:59:52 pm
  Operating conditions:   PVT_0P7V_25C (balanced_tree)
  Wireload mode:          enclosed
  Area mode:              timing library
============================================================

                                                                                       Library 
           Gate             Instances    Area                   Library                 Domain 
-----------------------------------------------------------------------------------------------
A2O1A1Ixp33_ASAP7_75t_SL          477    41.728     asap7sc7p5t_AO_SLVT_TT_nldm_201020       0 
A2O1A1O1Ixp25_ASAP7_75t_SL         42     5.511     asap7sc7p5t_AO_SLVT_TT_nldm_201020       0 
AND2x2_ASAP7_75t_SL              1035    90.542 asap7sc7p5t_SIMPLE_SLVT_TT_nldm_201020       0 
AND2x4_ASAP7_75t_SL                 9     1.312 asap7sc7p5t_SIMPLE_SLVT_TT_nldm_201020       0 
AND2x6_ASAP7_75t_SL                 2     0.350 asap7sc7p5t_SIMPLE_SLVT_TT_nldm_201020       0 
AND3x1_ASAP7_75t_SL                17     1.487 asap7sc7p5t_SIMPLE_SLVT_TT_nldm_201020       0 
AND3x2_ASAP7_75t_SL                 1     0.102 asap7sc7p5t_SIMPLE_SLVT_TT_nldm_201020       0 
AND4x1_ASAP7_75t_SL              1034   105.530 asap7sc7p5t_SIMPLE_SLVT_TT_nldm_201020       0 
AND5x1_ASAP7_75t_SL                 7     0.816 asap7sc7p5t_SIMPLE_SLVT_TT_nldm_201020       0 
AO21x1_ASAP7_75t_L                  6     0.525      asap7sc7p5t_AO_LVT_TT_nldm_201020       0 
AO21x1_ASAP7_75t_SL                47     4.112     asap7sc7p5t_AO_SLVT_TT_nldm_201020       0 
AO21x2_ASAP7_75t_SL                21     2.143     asap7sc7p5t_AO_SLVT_TT_nldm_201020       0 
AO22x1_ASAP7_75t_SL                20     2.624     asap7sc7p5t_AO_SLVT_TT_nldm_201020       0 
AO22x2_ASAP7_75t_SL                 6     0.875     asap7sc7p5t_AO_SLVT_TT_nldm_201020       0 
AO31x2_ASAP7_75t_SL                 1     0.233     asap7sc7p5t_AO_SLVT_TT_nldm_201020       0 
AO32x1_ASAP7_75t_SL                 2     0.233     asap7sc7p5t_AO_SLVT_TT_nldm_201020       0 
AO32x2_ASAP7_75t_SL                 1     0.131     asap7sc7p5t_AO_SLVT_TT_nldm_201020       0 
AO33x2_ASAP7_75t_SL                 1     0.146     asap7sc7p5t_AO_SLVT_TT_nldm_201020       0 
AOI211x1_ASAP7_75t_SL               1     0.175     asap7sc7p5t_AO_SLVT_TT_nldm_201020       0 
AOI211xp5_ASAP7_75t_SL            587    51.351     asap7sc7p5t_AO_SLVT_TT_nldm_201020       0 
AOI21x1_ASAP7_75t_L                 1     0.117      asap7sc7p5t_AO_LVT_TT_nldm_201020       0 
AOI21x1_ASAP7_75t_R                 2     0.233      asap7sc7p5t_AO_RVT_TT_nldm_201020       0 
AOI21x1_ASAP7_75t_SL               16     1.866     asap7sc7p5t_AO_SLVT_TT_nldm_201020       0 
AOI21xp33_ASAP7_75t_SL            159    11.591     asap7sc7p5t_AO_SLVT_TT_nldm_201020       0 
AOI21xp5_ASAP7_75t_L              154    11.227      asap7sc7p5t_AO_LVT_TT_nldm_201020       0 
AOI21xp5_ASAP7_75t_SL            1076    78.440     asap7sc7p5t_AO_SLVT_TT_nldm_201020       0 
AOI221x1_ASAP7_75t_SL               1     0.204     asap7sc7p5t_AO_SLVT_TT_nldm_201020       0 
AOI221xp5_ASAP7_75t_SL            811    82.771     asap7sc7p5t_AO_SLVT_TT_nldm_201020       0 
AOI222xp33_ASAP7_75t_SL            47     6.853     asap7sc7p5t_AO_SLVT_TT_nldm_201020       0 
AOI22x1_ASAP7_75t_R                 1     0.146      asap7sc7p5t_AO_RVT_TT_nldm_201020       0 
AOI22x1_ASAP7_75t_SL                1     0.146     asap7sc7p5t_AO_SLVT_TT_nldm_201020       0 
AOI22xp33_ASAP7_75t_L              81     7.086      asap7sc7p5t_AO_LVT_TT_nldm_201020       0 
AOI22xp33_ASAP7_75t_SL            798    69.809     asap7sc7p5t_AO_SLVT_TT_nldm_201020       0 
AOI22xp5_ASAP7_75t_L              293    25.632      asap7sc7p5t_AO_LVT_TT_nldm_201020       0 
AOI22xp5_ASAP7_75t_SL           10859   949.945     asap7sc7p5t_AO_SLVT_TT_nldm_201020       0 
AOI311xp33_ASAP7_75t_L              1     0.102      asap7sc7p5t_AO_LVT_TT_nldm_201020       0 
AOI311xp33_ASAP7_75t_SL             6     0.612     asap7sc7p5t_AO_SLVT_TT_nldm_201020       0 
AOI31xp33_ASAP7_75t_L               1     0.087      asap7sc7p5t_AO_LVT_TT_nldm_201020       0 
AOI31xp33_ASAP7_75t_R               1     0.087      asap7sc7p5t_AO_RVT_TT_nldm_201020       0 
AOI31xp33_ASAP7_75t_SL            137    11.985     asap7sc7p5t_AO_SLVT_TT_nldm_201020       0 
AOI321xp33_ASAP7_75t_SL            12     1.400     asap7sc7p5t_AO_SLVT_TT_nldm_201020       0 
AOI322xp5_ASAP7_75t_SL            665    87.261     asap7sc7p5t_AO_SLVT_TT_nldm_201020       0 
AOI32xp33_ASAP7_75t_L               2     0.204      asap7sc7p5t_AO_LVT_TT_nldm_201020       0 
AOI32xp33_ASAP7_75t_SL             83     8.471     asap7sc7p5t_AO_SLVT_TT_nldm_201020       0 
AOI331xp33_ASAP7_75t_SL             9     1.181     asap7sc7p5t_AO_SLVT_TT_nldm_201020       0 
AOI332xp33_ASAP7_75t_SL             3     0.437     asap7sc7p5t_AO_SLVT_TT_nldm_201020       0 
AOI33xp33_ASAP7_75t_SL              8     0.933     asap7sc7p5t_AO_SLVT_TT_nldm_201020       0 
ASYNC_DFFHx1_ASAP7_75t_L           31    11.751     asap7sc7p5t_SEQ_LVT_TT_nldm_201020       0 
ASYNC_DFFHx1_ASAP7_75t_SL         568   215.317    asap7sc7p5t_SEQ_SLVT_TT_nldm_201020       0 
BUFx2_ASAP7_75t_L                 916    66.776  asap7sc7p5t_INVBUF_LVT_TT_nldm_201020       0 
BUFx2_ASAP7_75t_R                   1     1.166  asap7sc7p5t_INVBUF_RVT_TT_nldm_201020       0 
BUFx2_ASAP7_75t_SL                 27     1.968 asap7sc7p5t_INVBUF_SLVT_TT_nldm_201020       0 
BUFx3_ASAP7_75t_L                 187    16.359  asap7sc7p5t_INVBUF_LVT_TT_nldm_201020       0 
BUFx3_ASAP7_75t_SL                 22     1.925 asap7sc7p5t_INVBUF_SLVT_TT_nldm_201020       0 
BUFx4_ASAP7_75t_SL                  2     0.204 asap7sc7p5t_INVBUF_SLVT_TT_nldm_201020       0 
BUFx4f_ASAP7_75t_SL                65     7.582 asap7sc7p5t_INVBUF_SLVT_TT_nldm_201020       0 
BUFx5_ASAP7_75t_SL                 49     5.715 asap7sc7p5t_INVBUF_SLVT_TT_nldm_201020       0 
BUFx6f_ASAP7_75t_SL                13     1.895 asap7sc7p5t_INVBUF_SLVT_TT_nldm_201020       0 
BUFx8_ASAP7_75t_SL                  5     0.875 asap7sc7p5t_INVBUF_SLVT_TT_nldm_201020       0 
CKINVDCx11_ASAP7_75t_R              5     0.000  asap7sc7p5t_INVBUF_RVT_TT_nldm_201020       0 
CKINVDCx12_ASAP7_75t_R            266     0.000  asap7sc7p5t_INVBUF_RVT_TT_nldm_201020       0 
CKINVDCx14_ASAP7_75t_R            175     0.000  asap7sc7p5t_INVBUF_RVT_TT_nldm_201020       0 
CKINVDCx16_ASAP7_75t_R            532     0.000  asap7sc7p5t_INVBUF_RVT_TT_nldm_201020       0 
CKINVDCx20_ASAP7_75t_R          28639     0.000  asap7sc7p5t_INVBUF_RVT_TT_nldm_201020       0 
CKINVDCx5p33_ASAP7_75t_R          398     0.000  asap7sc7p5t_INVBUF_RVT_TT_nldm_201020       0 
CKINVDCx8_ASAP7_75t_R              23     0.000  asap7sc7p5t_INVBUF_RVT_TT_nldm_201020       0 
DFFHQNx1_ASAP7_75t_L               24     6.998     asap7sc7p5t_SEQ_LVT_TT_nldm_201020       0 
DFFHQNx1_ASAP7_75t_R                2     0.583     asap7sc7p5t_SEQ_RVT_TT_nldm_201020       0 
DFFHQNx1_ASAP7_75t_SL             582   169.711    asap7sc7p5t_SEQ_SLVT_TT_nldm_201020       0 
DFFHQNx2_ASAP7_75t_SL               3     0.919    asap7sc7p5t_SEQ_SLVT_TT_nldm_201020       0 
DFFHQNx3_ASAP7_75t_SL               3     0.962    asap7sc7p5t_SEQ_SLVT_TT_nldm_201020       0 
DFFHQx4_ASAP7_75t_L                 1     0.364     asap7sc7p5t_SEQ_LVT_TT_nldm_201020       0 
DFFHQx4_ASAP7_75t_SL               20     7.290    asap7sc7p5t_SEQ_SLVT_TT_nldm_201020       0 
FAx1_ASAP7_75t_SL                  18     3.674 asap7sc7p5t_SIMPLE_SLVT_TT_nldm_201020       0 
HAxp5_ASAP7_75t_SL                 66     8.661 asap7sc7p5t_SIMPLE_SLVT_TT_nldm_201020       0 
HB1xp67_ASAP7_75t_L               190    11.081  asap7sc7p5t_INVBUF_LVT_TT_nldm_201020       0 
HB1xp67_ASAP7_75t_SL              226    13.180 asap7sc7p5t_INVBUF_SLVT_TT_nldm_201020       0 
HB4xp67_ASAP7_75t_L                 2     0.204  asap7sc7p5t_INVBUF_LVT_TT_nldm_201020       0 
INVx1_ASAP7_75t_SL               2846   124.484 asap7sc7p5t_INVBUF_SLVT_TT_nldm_201020       0 
INVx2_ASAP7_75t_SL                223    13.005 asap7sc7p5t_INVBUF_SLVT_TT_nldm_201020       0 
INVx3_ASAP7_75t_SL                 31     2.260 asap7sc7p5t_INVBUF_SLVT_TT_nldm_201020       0 
INVx4_ASAP7_75t_R                   1     1.400  asap7sc7p5t_INVBUF_RVT_TT_nldm_201020       0 
INVx4_ASAP7_75t_SL                 18     1.575 asap7sc7p5t_INVBUF_SLVT_TT_nldm_201020       0 
INVx5_ASAP7_75t_SL                  3     0.306 asap7sc7p5t_INVBUF_SLVT_TT_nldm_201020       0 
INVx6_ASAP7_75t_SL                  2     0.233 asap7sc7p5t_INVBUF_SLVT_TT_nldm_201020       0 
INVx8_ASAP7_75t_SL                  3     0.437 asap7sc7p5t_INVBUF_SLVT_TT_nldm_201020       0 
INVxp33_ASAP7_75t_SL              383    16.752 asap7sc7p5t_INVBUF_SLVT_TT_nldm_201020       0 
INVxp67_ASAP7_75t_SL             4576   200.154 asap7sc7p5t_INVBUF_SLVT_TT_nldm_201020       0 
MAJIxp5_ASAP7_75t_SL               75     7.654 asap7sc7p5t_SIMPLE_SLVT_TT_nldm_201020       0 
MAJx2_ASAP7_75t_SL                  1     0.131 asap7sc7p5t_SIMPLE_SLVT_TT_nldm_201020       0 
NAND2x1_ASAP7_75t_L                 3     0.262  asap7sc7p5t_SIMPLE_LVT_TT_nldm_201020       0 
NAND2x1_ASAP7_75t_SL               34     2.974 asap7sc7p5t_SIMPLE_SLVT_TT_nldm_201020       0 
NAND2x1p5_ASAP7_75t_SL             11     1.283 asap7sc7p5t_SIMPLE_SLVT_TT_nldm_201020       0 
NAND2x2_ASAP7_75t_SL                5     0.729 asap7sc7p5t_SIMPLE_SLVT_TT_nldm_201020       0 
NAND2xp33_ASAP7_75t_L             110     6.415  asap7sc7p5t_SIMPLE_LVT_TT_nldm_201020       0 
NAND2xp33_ASAP7_75t_SL            105     6.124 asap7sc7p5t_SIMPLE_SLVT_TT_nldm_201020       0 
NAND2xp5_ASAP7_75t_L              590    34.409  asap7sc7p5t_SIMPLE_LVT_TT_nldm_201020       0 
NAND2xp5_ASAP7_75t_SL            2808   163.763 asap7sc7p5t_SIMPLE_SLVT_TT_nldm_201020       0 
NAND3x1_ASAP7_75t_SL                4     0.642 asap7sc7p5t_SIMPLE_SLVT_TT_nldm_201020       0 
NAND3xp33_ASAP7_75t_L              18     1.312  asap7sc7p5t_SIMPLE_LVT_TT_nldm_201020       0 
NAND3xp33_ASAP7_75t_SL            170    12.393 asap7sc7p5t_SIMPLE_SLVT_TT_nldm_201020       0 
NAND4xp25_ASAP7_75t_SL           1118    97.803 asap7sc7p5t_SIMPLE_SLVT_TT_nldm_201020       0 
NAND4xp75_ASAP7_75t_SL              6     1.225 asap7sc7p5t_SIMPLE_SLVT_TT_nldm_201020       0 
NAND5xp2_ASAP7_75t_SL             263    26.842 asap7sc7p5t_SIMPLE_SLVT_TT_nldm_201020       0 
NOR2x1_ASAP7_75t_SL                96     8.398 asap7sc7p5t_SIMPLE_SLVT_TT_nldm_201020       0 
NOR2x1p5_ASAP7_75t_SL               8     0.933 asap7sc7p5t_SIMPLE_SLVT_TT_nldm_201020       0 
NOR2x2_ASAP7_75t_SL                 1     0.146 asap7sc7p5t_SIMPLE_SLVT_TT_nldm_201020       0 
NOR2xp33_ASAP7_75t_L               42     2.449  asap7sc7p5t_SIMPLE_LVT_TT_nldm_201020       0 
NOR2xp33_ASAP7_75t_R                5     0.292  asap7sc7p5t_SIMPLE_RVT_TT_nldm_201020       0 
NOR2xp33_ASAP7_75t_SL            3034   176.943 asap7sc7p5t_SIMPLE_SLVT_TT_nldm_201020       0 
NOR2xp67_ASAP7_75t_L               13     1.137  asap7sc7p5t_SIMPLE_LVT_TT_nldm_201020       0 
NOR2xp67_ASAP7_75t_R                2     0.175  asap7sc7p5t_SIMPLE_RVT_TT_nldm_201020       0 
NOR2xp67_ASAP7_75t_SL              26     2.274 asap7sc7p5t_SIMPLE_SLVT_TT_nldm_201020       0 
NOR3x1_ASAP7_75t_SL                 7     1.123 asap7sc7p5t_SIMPLE_SLVT_TT_nldm_201020       0 
NOR3xp33_ASAP7_75t_L                1     0.073  asap7sc7p5t_SIMPLE_LVT_TT_nldm_201020       0 
NOR3xp33_ASAP7_75t_SL             235    17.132 asap7sc7p5t_SIMPLE_SLVT_TT_nldm_201020       0 
NOR4xp25_ASAP7_75t_SL              55     4.811 asap7sc7p5t_SIMPLE_SLVT_TT_nldm_201020       0 
NOR4xp75_ASAP7_75t_SL               1     0.204 asap7sc7p5t_SIMPLE_SLVT_TT_nldm_201020       0 
NOR5xp2_ASAP7_75t_SL              205    20.922 asap7sc7p5t_SIMPLE_SLVT_TT_nldm_201020       0 
O2A1O1Ixp33_ASAP7_75t_L             3     0.262      asap7sc7p5t_OA_LVT_TT_nldm_201020       0 
O2A1O1Ixp33_ASAP7_75t_SL          386    33.767     asap7sc7p5t_OA_SLVT_TT_nldm_201020       0 
O2A1O1Ixp5_ASAP7_75t_SL             6     0.700     asap7sc7p5t_OA_SLVT_TT_nldm_201020       0 
OA211x2_ASAP7_75t_SL                6     0.700     asap7sc7p5t_OA_SLVT_TT_nldm_201020       0 
OA21x2_ASAP7_75t_R                  1     0.102      asap7sc7p5t_OA_RVT_TT_nldm_201020       0 
OA21x2_ASAP7_75t_SL                90     9.185     asap7sc7p5t_OA_SLVT_TT_nldm_201020       0 
OA222x2_ASAP7_75t_SL                2     0.350     asap7sc7p5t_OA_SLVT_TT_nldm_201020       0 
OA22x2_ASAP7_75t_SL                24     3.499     asap7sc7p5t_OA_SLVT_TT_nldm_201020       0 
OA31x2_ASAP7_75t_SL                 1     0.219     asap7sc7p5t_OA_SLVT_TT_nldm_201020       0 
OA331x2_ASAP7_75t_SL                1     0.160     asap7sc7p5t_OA_SLVT_TT_nldm_201020       0 
OA33x2_ASAP7_75t_SL                 2     0.292     asap7sc7p5t_OA_SLVT_TT_nldm_201020       0 
OAI211xp5_ASAP7_75t_L               8     0.700      asap7sc7p5t_OA_LVT_TT_nldm_201020       0 
OAI211xp5_ASAP7_75t_SL            409    35.779     asap7sc7p5t_OA_SLVT_TT_nldm_201020       0 
OAI21x1_ASAP7_75t_L                 2     0.233      asap7sc7p5t_OA_LVT_TT_nldm_201020       0 
OAI21x1_ASAP7_75t_SL               14     1.633     asap7sc7p5t_OA_SLVT_TT_nldm_201020       0 
OAI21xp33_ASAP7_75t_L               2     0.146      asap7sc7p5t_OA_LVT_TT_nldm_201020       0 
OAI21xp33_ASAP7_75t_SL            255    18.590     asap7sc7p5t_OA_SLVT_TT_nldm_201020       0 
OAI21xp5_ASAP7_75t_L                7     0.510      asap7sc7p5t_OA_LVT_TT_nldm_201020       0 
OAI21xp5_ASAP7_75t_SL            1352    98.561     asap7sc7p5t_OA_SLVT_TT_nldm_201020       0 
OAI221xp5_ASAP7_75t_L               5     0.510      asap7sc7p5t_OA_LVT_TT_nldm_201020       0 
OAI221xp5_ASAP7_75t_SL           1674   170.848     asap7sc7p5t_OA_SLVT_TT_nldm_201020       0 
OAI222xp33_ASAP7_75t_SL            48     6.998     asap7sc7p5t_OA_SLVT_TT_nldm_201020       0 
OAI22xp33_ASAP7_75t_SL            199    17.409     asap7sc7p5t_OA_SLVT_TT_nldm_201020       0 
OAI22xp5_ASAP7_75t_L                6     0.525      asap7sc7p5t_OA_LVT_TT_nldm_201020       0 
OAI22xp5_ASAP7_75t_SL            2422   211.877     asap7sc7p5t_OA_SLVT_TT_nldm_201020       0 
OAI311xp33_ASAP7_75t_L              1     0.102      asap7sc7p5t_OA_LVT_TT_nldm_201020       0 
OAI311xp33_ASAP7_75t_SL             7     0.714     asap7sc7p5t_OA_SLVT_TT_nldm_201020       0 
OAI31xp33_ASAP7_75t_SL            522    45.665     asap7sc7p5t_OA_SLVT_TT_nldm_201020       0 
OAI321xp33_ASAP7_75t_SL            20     2.333     asap7sc7p5t_OA_SLVT_TT_nldm_201020       0 
OAI322xp33_ASAP7_75t_SL          1219   159.957     asap7sc7p5t_OA_SLVT_TT_nldm_201020       0 
OAI32xp33_ASAP7_75t_L               1     0.102      asap7sc7p5t_OA_LVT_TT_nldm_201020       0 
OAI32xp33_ASAP7_75t_SL             75     7.654     asap7sc7p5t_OA_SLVT_TT_nldm_201020       0 
OAI331xp33_ASAP7_75t_SL             3     0.394     asap7sc7p5t_OA_SLVT_TT_nldm_201020       0 
OAI332xp33_ASAP7_75t_SL             3     0.437     asap7sc7p5t_OA_SLVT_TT_nldm_201020       0 
OAI33xp33_ASAP7_75t_SL             10     1.166     asap7sc7p5t_OA_SLVT_TT_nldm_201020       0 
OR2x2_ASAP7_75t_SL                402    35.167 asap7sc7p5t_SIMPLE_SLVT_TT_nldm_201020       0 
OR2x4_ASAP7_75t_SL                  2     0.233 asap7sc7p5t_SIMPLE_SLVT_TT_nldm_201020       0 
OR2x6_ASAP7_75t_L                   1     0.175  asap7sc7p5t_SIMPLE_LVT_TT_nldm_201020       0 
OR2x6_ASAP7_75t_SL                  5     0.875 asap7sc7p5t_SIMPLE_SLVT_TT_nldm_201020       0 
OR3x1_ASAP7_75t_SL                 14     1.225 asap7sc7p5t_SIMPLE_SLVT_TT_nldm_201020       0 
OR4x1_ASAP7_75t_SL                 12     1.225 asap7sc7p5t_SIMPLE_SLVT_TT_nldm_201020       0 
OR5x1_ASAP7_75t_SL                 22     2.566 asap7sc7p5t_SIMPLE_SLVT_TT_nldm_201020       0 
SDFHx1_ASAP7_75t_L                129    47.020     asap7sc7p5t_SEQ_LVT_TT_nldm_201020       0 
SDFHx1_ASAP7_75t_SL             27066  9865.557    asap7sc7p5t_SEQ_SLVT_TT_nldm_201020       0 
SDFHx2_ASAP7_75t_SL                 2     0.758    asap7sc7p5t_SEQ_SLVT_TT_nldm_201020       0 
SDFHx3_ASAP7_75t_SL                 1     0.394    asap7sc7p5t_SEQ_SLVT_TT_nldm_201020       0 
SDFHx4_ASAP7_75t_SL                24    10.848    asap7sc7p5t_SEQ_SLVT_TT_nldm_201020       0 
XNOR2x1_ASAP7_75t_SL                2     0.350 asap7sc7p5t_SIMPLE_SLVT_TT_nldm_201020       0 
XNOR2x2_ASAP7_75t_SL               10     1.604 asap7sc7p5t_SIMPLE_SLVT_TT_nldm_201020       0 
XNOR2xp5_ASAP7_75t_L               19     2.493  asap7sc7p5t_SIMPLE_LVT_TT_nldm_201020       0 
XNOR2xp5_ASAP7_75t_SL             536    70.334 asap7sc7p5t_SIMPLE_SLVT_TT_nldm_201020       0 
XOR2x1_ASAP7_75t_SL                 1     0.175 asap7sc7p5t_SIMPLE_SLVT_TT_nldm_201020       0 
XOR2x2_ASAP7_75t_L                  1     0.160  asap7sc7p5t_SIMPLE_LVT_TT_nldm_201020       0 
XOR2x2_ASAP7_75t_SL                12     1.925 asap7sc7p5t_SIMPLE_SLVT_TT_nldm_201020       0 
XOR2xp5_ASAP7_75t_L                15     1.968  asap7sc7p5t_SIMPLE_LVT_TT_nldm_201020       0 
XOR2xp5_ASAP7_75t_SL              434    56.949 asap7sc7p5t_SIMPLE_SLVT_TT_nldm_201020       0 
-----------------------------------------------------------------------------------------------
total                          106240 14119.578                                                
                                                                       
                Library                Instances    Area   Instances % 
-----------------------------------------------------------------------
asap7sc7p5t_AO_LVT_TT_nldm_201020            539    44.979         0.5 
asap7sc7p5t_AO_RVT_TT_nldm_201020              4     0.467         0.0 
asap7sc7p5t_AO_SLVT_TT_nldm_201020         15897  1423.168        15.0 
asap7sc7p5t_INVBUF_LVT_TT_nldm_201020       1295    94.420         1.2 
asap7sc7p5t_INVBUF_RVT_TT_nldm_201020      30040     2.566        28.3 
asap7sc7p5t_INVBUF_SLVT_TT_nldm_201020      8494   392.552         8.0 
asap7sc7p5t_OA_LVT_TT_nldm_201020             35     3.091         0.0 
asap7sc7p5t_OA_RVT_TT_nldm_201020              1     0.102         0.0 
asap7sc7p5t_OA_SLVT_TT_nldm_201020          8750   828.888         8.2 
asap7sc7p5t_SEQ_LVT_TT_nldm_201020           185    66.135         0.2 
asap7sc7p5t_SEQ_RVT_TT_nldm_201020             2     0.583         0.0 
asap7sc7p5t_SEQ_SLVT_TT_nldm_201020        28269 10271.756        26.6 
asap7sc7p5t_SIMPLE_LVT_TT_nldm_201020        813    50.855         0.8 
asap7sc7p5t_SIMPLE_RVT_TT_nldm_201020          7     0.467         0.0 
asap7sc7p5t_SIMPLE_SLVT_TT_nldm_201020     11909   939.550        11.2 
                                          
     Type      Instances    Area   Area % 
------------------------------------------
sequential         28456 10338.474   73.2 
inverter           38124   360.607    2.6 
buffer              1705   128.931    0.9 
logic              37955  3291.566   23.3 
physical_cells         0     0.000    0.0 
------------------------------------------
total             106240 14119.578  100.0 
