============================================================
  Generated by:           Genus(TM) Synthesis Solution 25.10-p002_1
  Generated on:           Aug 27 2026  04:59:40 pm
  Module:                 mq_pe_16x2_d32_mp1
  Operating conditions:   PVT_0P7V_25C (balanced_tree)
  Wireload mode:          enclosed
  Area mode:              timing library
============================================================

Timing
--------

Analysis view Clock Period 
---------------------------
TT.setup_view clk    769.0 


   Analysis     Cost   Critical        Violating 
     View      Group  Path Slack  TNS    Paths   
-------------------------------------------------
TT.setup_view     clk        0.0  0.0          0 
              default   No paths  0.0          0 
-------------------------------------------------
Total                            -0.0          0 
                                                 

Instance Count
--------------
Leaf Instance Count             106240 
Physical Instance count              0 
Sequential Instance Count        28456 
Combinational Instance Count     77784 
Hierarchical Instance Count          0 

Area
----
Cell Area                          14119.578
Physical Cell Area                 0.000
Total Cell Area (Cell+Physical)    14119.578
Net Area                           0.000
Total Area (Cell+Physical+Net)     14119.578

Max Fanout                         28456 (clk)
Min Fanout                         0 (rst_n)
Average Fanout                     2.7
Terms to net ratio                 3.7160
Terms to instance ratio            3.7377
Runtime                            2252.074878000032 seconds
Elapsed Runtime                    2392 seconds
Genus peak memory usage            3659.81 
Innovus peak memory usage          no_value 
Hostname                           squire.ece.uw.edu
