Information: Updating design information... (UID-85)
Warning: Design 'softmax_buffer_attacc' contains 2 high-fanout nets. A fanout number of 1000 will be used for delay calculations involving these nets. (TIM-134)
 
****************************************
Report : qor
Design : softmax_buffer_attacc
Version: P-2019.03-SP5-6
Date   : Sat Aug 29 00:00:24 2026
****************************************


  Timing Path Group 'clk'
  -----------------------------------
  Levels of Logic:              20.00
  Critical Path Length:        470.90
  Critical Path Slack:           0.01
  Critical Path Clk Period:    769.00
  Total Negative Slack:          0.00
  No. of Violating Paths:        0.00
  Worst Hold Violation:         -1.54
  Total Hold Violation:    -103703.24
  No. of Hold Violations:   130426.00
  -----------------------------------


  Cell Count
  -----------------------------------
  Hierarchical Cell Count:          1
  Hierarchical Port Count:       2088
  Leaf Cell Count:             393874
  Buf/Inv Cell Count:           35006
  Buf Cell Count:               28417
  Inv Cell Count:                6589
  CT Buf/Inv Cell Count:            0
  Combinational Cell Count:    261776
  Sequential Cell Count:       132098
  Macro Count:                      0
  -----------------------------------


  Area
  -----------------------------------
  Combinational Area:    23115.350702
  Noncombinational Area: 38609.529827
  Buf/Inv Area:           1991.205203
  Total Buffer Area:          1701.00
  Total Inverter Area:         290.20
  Macro/Black Box Area:      0.000000
  Net Area:                  0.000000
  -----------------------------------
  Cell Area:             61724.880530
  Design Area:           61724.880530


  Design Rules
  -----------------------------------
  Total Number of Nets:        394932
  Nets With Violations:             0
  Max Trans Violations:             0
  Max Cap Violations:               0
  -----------------------------------


  Hostname: thu-olden

  Compile CPU Statistics
  -----------------------------------------
  Resource Sharing:                  125.74
  Logic Optimization:                432.65
  Mapping Optimization:             1452.69
  -----------------------------------------
  Overall Compile Time:             2118.47
  Overall Compile Wall Clock Time:  2169.10

  --------------------------------------------------------------------

  Design  WNS: 0.00  TNS: 0.00  Number of Violating Paths: 0


  Design (Hold)  WNS: 1.54  TNS: 103806.66  Number of Violating Paths: 130426

  --------------------------------------------------------------------


1
