Information: Updating design information... (UID-85)
 
****************************************
Report : qor
Design : causal_comparator
Version: P-2019.03-SP5-6
Date   : Tue Sep  1 00:26:25 2026
****************************************


  Timing Path Group 'clk'
  -----------------------------------
  Levels of Logic:              35.00
  Critical Path Length:        681.35
  Critical Path Slack:         299.55
  Critical Path Clk Period:   1501.50
  Total Negative Slack:          0.00
  No. of Violating Paths:        0.00
  Worst Hold Violation:          0.00
  Total Hold Violation:          0.00
  No. of Hold Violations:        0.00
  -----------------------------------


  Cell Count
  -----------------------------------
  Hierarchical Cell Count:          1
  Hierarchical Port Count:         32
  Leaf Cell Count:                937
  Buf/Inv Cell Count:             233
  Buf Cell Count:                  31
  Inv Cell Count:                 202
  CT Buf/Inv Cell Count:            0
  Combinational Cell Count:       920
  Sequential Cell Count:           17
  Macro Count:                      0
  -----------------------------------


  Area
  -----------------------------------
  Combinational Area:       85.701239
  Noncombinational Area:     6.444360
  Buf/Inv Area:             10.643400
  Total Buffer Area:             1.81
  Total Inverter Area:           8.84
  Macro/Black Box Area:      0.000000
  Net Area:                  0.000000
  -----------------------------------
  Cell Area:                92.145599
  Design Area:              92.145599


  Design Rules
  -----------------------------------
  Total Number of Nets:           986
  Nets With Violations:             0
  Max Trans Violations:             0
  Max Cap Violations:               0
  -----------------------------------


  Hostname: thu-olden

  Compile CPU Statistics
  -----------------------------------------
  Resource Sharing:                    0.03
  Logic Optimization:                  0.04
  Mapping Optimization:                0.17
  -----------------------------------------
  Overall Compile Time:                1.74
  Overall Compile Wall Clock Time:     2.20

  --------------------------------------------------------------------

  Design  WNS: 0.00  TNS: 0.00  Number of Violating Paths: 0


  Design (Hold)  WNS: 0.00  TNS: 0.00  Number of Violating Paths: 0

  --------------------------------------------------------------------


1
