============================================================
  Generated by:           Genus(TM) Synthesis Solution 25.10-p002_1
  Generated on:           Aug 27 2026  02:57:56 pm
  Module:                 mq_pe_16x2_d32
  Operating conditions:   PVT_0P7V_25C (balanced_tree)
  Wireload mode:          enclosed
  Area mode:              timing library
============================================================


Path 1: VIOLATED (-40 ps) Setup Check with Pin u_pe_stage_reg[0][5][7][12]/CLK->D
           View: TT.setup_view
          Group: clk
     Startpoint: (R) subdec_SUB_TC_OP_4_Y_addinc_ADD_TC_OP_1982_retime_s13_21_reg/CLK
          Clock: (R) clk
       Endpoint: (R) u_pe_stage_reg[0][5][7][12]/D
          Clock: (R) clk

                     Capture       Launch     
        Clock Edge:+     300            0     
       Src Latency:+       0            0     
       Net Latency:+       0 (I)        0 (I) 
           Arrival:=     300            0     
                                              
             Setup:-       7                  
       Uncertainty:-       9                  
     Required Time:=     284                  
      Launch Clock:-       0                  
         Data Path:-     323                  
             Slack:=     -40                  

#--------------------------------------------------------------------------------------------------------------------------------------------------------
#                          Timing Point                            Flags    Arc    Edge          Cell           Fanout Load Trans Delay Arrival Instance 
#                                                                                                                      (fF)  (ps)  (ps)   (ps)  Location 
#--------------------------------------------------------------------------------------------------------------------------------------------------------
  subdec_SUB_TC_OP_4_Y_addinc_ADD_TC_OP_1982_retime_s13_21_reg/CLK -       -       R     (arrival)               29553    -     3     0       0    (-,-) 
  subdec_SUB_TC_OP_4_Y_addinc_ADD_TC_OP_1982_retime_s13_21_reg/QN  -       CLK->QN R     DFFHQNx1_ASAP7_75t_SL       1  1.3    18    33      33    (-,-) 
  g55588/Y                                                         -       A->Y    F     INVx2_ASAP7_75t_SL          2  1.2     8     5      38    (-,-) 
  g292/Y                                                           -       A2->Y   F     AO21x2_ASAP7_75t_SL         2  1.3    10    16      54    (-,-) 
  g291/Y                                                           -       A->Y    R     INVx1_ASAP7_75t_SL          2  1.1    11     7      61    (-,-) 
  g57695/Y                                                         -       A1->Y   F     OAI211xp5_ASAP7_75t_SL      1  1.1    24    12      74    (-,-) 
  g57694/Y                                                         -       A->Y    F     AND2x4_ASAP7_75t_SL         3  3.1     9    18      92    (-,-) 
  g56415/Y                                                         -       B->Y    R     AOI21x1_ASAP7_75t_SL        2  1.5    19    10     102    (-,-) 
  g113/Y                                                           -       A1->Y   F     AOI21x1_ASAP7_75t_SL        1  2.5    21    12     114    (-,-) 
  g112/Y                                                           -       A->Y    R     INVx4_ASAP7_75t_SL         14  9.2    21    13     127    (-,-) 
  g578178/Y                                                        -       A->Y    F     INVxp67_ASAP7_75t_SL        2  1.2    15    10     137    (-,-) 
  g578132/Y                                                        -       A1->Y   R     AOI22xp5_ASAP7_75t_SL       2  1.2    25    14     151    (-,-) 
  g56091/Y                                                         -       B1->Y   F     OAI22xp5_ASAP7_75t_SL       2  1.2    21    11     163    (-,-) 
  g56078/Y                                                         -       A->Y    R     NAND2xp5_ASAP7_75t_SL       2  1.1    19    13     176    (-,-) 
  g952032/Y                                                        -       A->Y    F     NAND3xp33_ASAP7_75t_SL      1  0.5    17     9     185    (-,-) 
  g56476/Y                                                         -       C->Y    R     NAND3xp33_ASAP7_75t_SL      1  0.7    17    11     196    (-,-) 
  g56355/Y                                                         -       B->Y    F     NOR2xp67_ASAP7_75t_SL       3  1.5    19    12     208    (-,-) 
  g55716/Y                                                         -       A->Y    R     INVxp67_ASAP7_75t_SL        1  0.5    11     8     216    (-,-) 
  g55777/Y                                                         -       A->Y    F     NAND2xp5_ASAP7_75t_SL       1  0.6    11     6     222    (-,-) 
  g56333/Y                                                         -       A1->Y   F     OA22x2_ASAP7_75t_SL         3  2.7    13    19     241    (-,-) 
  g56420/Y                                                         -       B->Y    F     AND2x4_ASAP7_75t_SL         7  3.9    10    16     256    (-,-) 
  g56336/Y                                                         -       A->Y    R     NAND2xp5_ASAP7_75t_SL       1  1.1    16    10     267    (-,-) 
  g57152/Y                                                         -       A->Y    R     AND2x4_ASAP7_75t_SL         2  6.2    15    17     284    (-,-) 
  fopt56469/Y                                                      -       A->Y    F     INVx5_ASAP7_75t_SL          8 10.4    15    10     293    (-,-) 
  fopt939495/Y                                                     -       A->Y    F     BUFx6f_ASAP7_75t_SL        32 13.3    16    19     312    (-,-) 
  g872961/Y                                                        -       A2->Y   R     AOI21xp33_ASAP7_75t_SL      1  0.6    24    12     323    (-,-) 
  u_pe_stage_reg[0][5][7][12]/D                                    <<<     -       R     DFFHQNx2_ASAP7_75t_SL       1    -     -     0     323    (-,-) 
#--------------------------------------------------------------------------------------------------------------------------------------------------------


