============================================================
  Generated by:           Genus(TM) Synthesis Solution 25.10-p002_1
  Generated on:           Aug 27 2026  02:58:07 pm
  Operating conditions:   PVT_0P7V_25C (balanced_tree)
  Wireload mode:          enclosed
  Area mode:              timing library
============================================================

                                                                                       Library 
           Gate             Instances    Area                   Library                 Domain 
-----------------------------------------------------------------------------------------------
A2O1A1Ixp33_ASAP7_75t_R             9     0.787      asap7sc7p5t_AO_RVT_TT_nldm_201020       0 
A2O1A1Ixp33_ASAP7_75t_SL          248    21.695     asap7sc7p5t_AO_SLVT_TT_nldm_201020       0 
A2O1A1O1Ixp25_ASAP7_75t_L           1     0.131      asap7sc7p5t_AO_LVT_TT_nldm_201020       0 
A2O1A1O1Ixp25_ASAP7_75t_SL         38     4.986     asap7sc7p5t_AO_SLVT_TT_nldm_201020       0 
AND2x2_ASAP7_75t_R                  3     0.262  asap7sc7p5t_SIMPLE_RVT_TT_nldm_201020       0 
AND2x2_ASAP7_75t_SL               963    84.243 asap7sc7p5t_SIMPLE_SLVT_TT_nldm_201020       0 
AND2x4_ASAP7_75t_L                 67     9.769  asap7sc7p5t_SIMPLE_LVT_TT_nldm_201020       0 
AND2x4_ASAP7_75t_SL               470    68.526 asap7sc7p5t_SIMPLE_SLVT_TT_nldm_201020       0 
AND2x6_ASAP7_75t_L                 11     1.925  asap7sc7p5t_SIMPLE_LVT_TT_nldm_201020       0 
AND2x6_ASAP7_75t_SL                12     2.100 asap7sc7p5t_SIMPLE_SLVT_TT_nldm_201020       0 
AND3x1_ASAP7_75t_SL                30     2.624 asap7sc7p5t_SIMPLE_SLVT_TT_nldm_201020       0 
AND3x2_ASAP7_75t_SL                19     1.939 asap7sc7p5t_SIMPLE_SLVT_TT_nldm_201020       0 
AND3x4_ASAP7_75t_SL                 4     0.816 asap7sc7p5t_SIMPLE_SLVT_TT_nldm_201020       0 
AND4x1_ASAP7_75t_L                  1     0.102  asap7sc7p5t_SIMPLE_LVT_TT_nldm_201020       0 
AND4x1_ASAP7_75t_R                  1     0.102  asap7sc7p5t_SIMPLE_RVT_TT_nldm_201020       0 
AND4x1_ASAP7_75t_SL               551    56.235 asap7sc7p5t_SIMPLE_SLVT_TT_nldm_201020       0 
AND5x1_ASAP7_75t_SL                37     4.316 asap7sc7p5t_SIMPLE_SLVT_TT_nldm_201020       0 
AO211x2_ASAP7_75t_SL                4     0.933     asap7sc7p5t_AO_SLVT_TT_nldm_201020       0 
AO21x1_ASAP7_75t_L                  5     0.437      asap7sc7p5t_AO_LVT_TT_nldm_201020       0 
AO21x1_ASAP7_75t_SL               102     8.923     asap7sc7p5t_AO_SLVT_TT_nldm_201020       0 
AO21x2_ASAP7_75t_SL                80     8.165     asap7sc7p5t_AO_SLVT_TT_nldm_201020       0 
AO221x1_ASAP7_75t_SL                8     1.166     asap7sc7p5t_AO_SLVT_TT_nldm_201020       0 
AO221x2_ASAP7_75t_SL                1     0.160     asap7sc7p5t_AO_SLVT_TT_nldm_201020       0 
AO222x2_ASAP7_75t_SL                1     0.175     asap7sc7p5t_AO_SLVT_TT_nldm_201020       0 
AO22x1_ASAP7_75t_SL               159    20.864     asap7sc7p5t_AO_SLVT_TT_nldm_201020       0 
AO22x2_ASAP7_75t_SL               111    16.184     asap7sc7p5t_AO_SLVT_TT_nldm_201020       0 
AO31x2_ASAP7_75t_SL                 3     0.700     asap7sc7p5t_AO_SLVT_TT_nldm_201020       0 
AO32x1_ASAP7_75t_SL                 3     0.350     asap7sc7p5t_AO_SLVT_TT_nldm_201020       0 
AO32x2_ASAP7_75t_SL                 1     0.131     asap7sc7p5t_AO_SLVT_TT_nldm_201020       0 
AO331x2_ASAP7_75t_SL                2     0.321     asap7sc7p5t_AO_SLVT_TT_nldm_201020       0 
AOI211x1_ASAP7_75t_SL              16     2.799     asap7sc7p5t_AO_SLVT_TT_nldm_201020       0 
AOI211xp5_ASAP7_75t_L               1     0.087      asap7sc7p5t_AO_LVT_TT_nldm_201020       0 
AOI211xp5_ASAP7_75t_SL            271    23.707     asap7sc7p5t_AO_SLVT_TT_nldm_201020       0 
AOI21x1_ASAP7_75t_L                 2     0.233      asap7sc7p5t_AO_LVT_TT_nldm_201020       0 
AOI21x1_ASAP7_75t_SL              156    18.196     asap7sc7p5t_AO_SLVT_TT_nldm_201020       0 
AOI21xp33_ASAP7_75t_L               1     0.073      asap7sc7p5t_AO_LVT_TT_nldm_201020       0 
AOI21xp33_ASAP7_75t_R               1     0.073      asap7sc7p5t_AO_RVT_TT_nldm_201020       0 
AOI21xp33_ASAP7_75t_SL           7353   536.034     asap7sc7p5t_AO_SLVT_TT_nldm_201020       0 
AOI21xp5_ASAP7_75t_L              136     9.914      asap7sc7p5t_AO_LVT_TT_nldm_201020       0 
AOI21xp5_ASAP7_75t_R               16     1.166      asap7sc7p5t_AO_RVT_TT_nldm_201020       0 
AOI21xp5_ASAP7_75t_SL            1094    79.753     asap7sc7p5t_AO_SLVT_TT_nldm_201020       0 
AOI221x1_ASAP7_75t_L                1     0.204      asap7sc7p5t_AO_LVT_TT_nldm_201020       0 
AOI221x1_ASAP7_75t_SL               3     0.612     asap7sc7p5t_AO_SLVT_TT_nldm_201020       0 
AOI221xp5_ASAP7_75t_L              57     5.817      asap7sc7p5t_AO_LVT_TT_nldm_201020       0 
AOI221xp5_ASAP7_75t_R               5     0.510      asap7sc7p5t_AO_RVT_TT_nldm_201020       0 
AOI221xp5_ASAP7_75t_SL            823    83.995     asap7sc7p5t_AO_SLVT_TT_nldm_201020       0 
AOI222xp33_ASAP7_75t_L              2     0.292      asap7sc7p5t_AO_LVT_TT_nldm_201020       0 
AOI222xp33_ASAP7_75t_SL           120    17.496     asap7sc7p5t_AO_SLVT_TT_nldm_201020       0 
AOI22x1_ASAP7_75t_L                 9     1.312      asap7sc7p5t_AO_LVT_TT_nldm_201020       0 
AOI22x1_ASAP7_75t_SL               44     6.415     asap7sc7p5t_AO_SLVT_TT_nldm_201020       0 
AOI22xp33_ASAP7_75t_L             235    20.558      asap7sc7p5t_AO_LVT_TT_nldm_201020       0 
AOI22xp33_ASAP7_75t_R              14     1.225      asap7sc7p5t_AO_RVT_TT_nldm_201020       0 
AOI22xp33_ASAP7_75t_SL           1959   171.373     asap7sc7p5t_AO_SLVT_TT_nldm_201020       0 
AOI22xp5_ASAP7_75t_L              168    14.697      asap7sc7p5t_AO_LVT_TT_nldm_201020       0 
AOI22xp5_ASAP7_75t_R                7     0.612      asap7sc7p5t_AO_RVT_TT_nldm_201020       0 
AOI22xp5_ASAP7_75t_SL           10184   890.896     asap7sc7p5t_AO_SLVT_TT_nldm_201020       0 
AOI311xp33_ASAP7_75t_R              3     0.306      asap7sc7p5t_AO_RVT_TT_nldm_201020       0 
AOI311xp33_ASAP7_75t_SL             7     0.714     asap7sc7p5t_AO_SLVT_TT_nldm_201020       0 
AOI31xp33_ASAP7_75t_L               2     0.175      asap7sc7p5t_AO_LVT_TT_nldm_201020       0 
AOI31xp33_ASAP7_75t_R               2     0.175      asap7sc7p5t_AO_RVT_TT_nldm_201020       0 
AOI31xp33_ASAP7_75t_SL            150    13.122     asap7sc7p5t_AO_SLVT_TT_nldm_201020       0 
AOI31xp67_ASAP7_75t_SL             10     1.895     asap7sc7p5t_AO_SLVT_TT_nldm_201020       0 
AOI321xp33_ASAP7_75t_L              1     0.117      asap7sc7p5t_AO_LVT_TT_nldm_201020       0 
AOI321xp33_ASAP7_75t_SL            22     2.566     asap7sc7p5t_AO_SLVT_TT_nldm_201020       0 
AOI322xp5_ASAP7_75t_SL            305    40.022     asap7sc7p5t_AO_SLVT_TT_nldm_201020       0 
AOI32xp33_ASAP7_75t_L               2     0.204      asap7sc7p5t_AO_LVT_TT_nldm_201020       0 
AOI32xp33_ASAP7_75t_SL             46     4.695     asap7sc7p5t_AO_SLVT_TT_nldm_201020       0 
AOI331xp33_ASAP7_75t_SL             2     0.262     asap7sc7p5t_AO_SLVT_TT_nldm_201020       0 
ASYNC_DFFHx1_ASAP7_75t_L           82    31.085     asap7sc7p5t_SEQ_LVT_TT_nldm_201020       0 
ASYNC_DFFHx1_ASAP7_75t_SL         541   205.082    asap7sc7p5t_SEQ_SLVT_TT_nldm_201020       0 
BUFx10_ASAP7_75t_L                  4     0.816  asap7sc7p5t_INVBUF_LVT_TT_nldm_201020       0 
BUFx10_ASAP7_75t_SL                 1     0.204 asap7sc7p5t_INVBUF_SLVT_TT_nldm_201020       0 
BUFx12f_ASAP7_75t_L                 2     0.525  asap7sc7p5t_INVBUF_LVT_TT_nldm_201020       0 
BUFx12f_ASAP7_75t_SL              171    44.877 asap7sc7p5t_INVBUF_SLVT_TT_nldm_201020       0 
BUFx16f_ASAP7_75t_SL                2     0.642 asap7sc7p5t_INVBUF_SLVT_TT_nldm_201020       0 
BUFx24_ASAP7_75t_L                  1     0.437  asap7sc7p5t_INVBUF_LVT_TT_nldm_201020       0 
BUFx24_ASAP7_75t_SL                 2     0.875 asap7sc7p5t_INVBUF_SLVT_TT_nldm_201020       0 
BUFx2_ASAP7_75t_L                  86     6.269  asap7sc7p5t_INVBUF_LVT_TT_nldm_201020       0 
BUFx2_ASAP7_75t_R                   2     2.333  asap7sc7p5t_INVBUF_RVT_TT_nldm_201020       0 
BUFx2_ASAP7_75t_SL                 57     4.155 asap7sc7p5t_INVBUF_SLVT_TT_nldm_201020       0 
BUFx3_ASAP7_75t_L                  80     6.998  asap7sc7p5t_INVBUF_LVT_TT_nldm_201020       0 
BUFx3_ASAP7_75t_SL                635    55.550 asap7sc7p5t_INVBUF_SLVT_TT_nldm_201020       0 
BUFx4_ASAP7_75t_SL                  1     0.102 asap7sc7p5t_INVBUF_SLVT_TT_nldm_201020       0 
BUFx4f_ASAP7_75t_SL               275    32.076 asap7sc7p5t_INVBUF_SLVT_TT_nldm_201020       0 
BUFx5_ASAP7_75t_SL                  8     0.933 asap7sc7p5t_INVBUF_SLVT_TT_nldm_201020       0 
BUFx6f_ASAP7_75t_L                  1     0.146  asap7sc7p5t_INVBUF_LVT_TT_nldm_201020       0 
BUFx6f_ASAP7_75t_SL              1101   160.526 asap7sc7p5t_INVBUF_SLVT_TT_nldm_201020       0 
BUFx8_ASAP7_75t_L                   6     1.050  asap7sc7p5t_INVBUF_LVT_TT_nldm_201020       0 
BUFx8_ASAP7_75t_R                   1     2.799  asap7sc7p5t_INVBUF_RVT_TT_nldm_201020       0 
BUFx8_ASAP7_75t_SL                 21     3.674 asap7sc7p5t_INVBUF_SLVT_TT_nldm_201020       0 
CKINVDCx10_ASAP7_75t_R              1     0.000  asap7sc7p5t_INVBUF_RVT_TT_nldm_201020       0 
CKINVDCx11_ASAP7_75t_R              3     0.000  asap7sc7p5t_INVBUF_RVT_TT_nldm_201020       0 
CKINVDCx12_ASAP7_75t_R            302     0.000  asap7sc7p5t_INVBUF_RVT_TT_nldm_201020       0 
CKINVDCx14_ASAP7_75t_R             46     0.000  asap7sc7p5t_INVBUF_RVT_TT_nldm_201020       0 
CKINVDCx16_ASAP7_75t_R            114     0.000  asap7sc7p5t_INVBUF_RVT_TT_nldm_201020       0 
CKINVDCx16_ASAP7_75t_SL             2     0.901 asap7sc7p5t_INVBUF_SLVT_TT_nldm_201020       0 
CKINVDCx20_ASAP7_75t_R           5288     0.000  asap7sc7p5t_INVBUF_RVT_TT_nldm_201020       0 
CKINVDCx5p33_ASAP7_75t_R          167     0.000  asap7sc7p5t_INVBUF_RVT_TT_nldm_201020       0 
CKINVDCx6p67_ASAP7_75t_R            7     0.000  asap7sc7p5t_INVBUF_RVT_TT_nldm_201020       0 
CKINVDCx8_ASAP7_75t_R              33     0.000  asap7sc7p5t_INVBUF_RVT_TT_nldm_201020       0 
CKINVDCx9p33_ASAP7_75t_R           11     0.000  asap7sc7p5t_INVBUF_RVT_TT_nldm_201020       0 
DFFHQNx1_ASAP7_75t_L               58    16.913     asap7sc7p5t_SEQ_LVT_TT_nldm_201020       0 
DFFHQNx1_ASAP7_75t_R                1     0.292     asap7sc7p5t_SEQ_RVT_TT_nldm_201020       0 
DFFHQNx1_ASAP7_75t_SL            1735   505.926    asap7sc7p5t_SEQ_SLVT_TT_nldm_201020       0 
DFFHQNx2_ASAP7_75t_SL            6802  2082.636    asap7sc7p5t_SEQ_SLVT_TT_nldm_201020       0 
DFFHQNx3_ASAP7_75t_SL               9     2.887    asap7sc7p5t_SEQ_SLVT_TT_nldm_201020       0 
DFFHQx4_ASAP7_75t_L                15     5.468     asap7sc7p5t_SEQ_LVT_TT_nldm_201020       0 
DFFHQx4_ASAP7_75t_SL              127    46.291    asap7sc7p5t_SEQ_SLVT_TT_nldm_201020       0 
FAx1_ASAP7_75t_SL                   2     0.408 asap7sc7p5t_SIMPLE_SLVT_TT_nldm_201020       0 
HAxp5_ASAP7_75t_L                   5     0.656  asap7sc7p5t_SIMPLE_LVT_TT_nldm_201020       0 
HAxp5_ASAP7_75t_R                   6     0.787  asap7sc7p5t_SIMPLE_RVT_TT_nldm_201020       0 
HAxp5_ASAP7_75t_SL                 11     1.443 asap7sc7p5t_SIMPLE_SLVT_TT_nldm_201020       0 
HB1xp67_ASAP7_75t_L                13     0.758  asap7sc7p5t_INVBUF_LVT_TT_nldm_201020       0 
HB1xp67_ASAP7_75t_SL              948    55.287 asap7sc7p5t_INVBUF_SLVT_TT_nldm_201020       0 
INVx11_ASAP7_75t_SL                 4     0.758 asap7sc7p5t_INVBUF_SLVT_TT_nldm_201020       0 
INVx13_ASAP7_75t_SL                 1     0.219 asap7sc7p5t_INVBUF_SLVT_TT_nldm_201020       0 
INVx1_ASAP7_75t_L                 103     4.505  asap7sc7p5t_INVBUF_LVT_TT_nldm_201020       0 
INVx1_ASAP7_75t_SL               6467   282.867 asap7sc7p5t_INVBUF_SLVT_TT_nldm_201020       0 
INVx2_ASAP7_75t_L                  76     4.432  asap7sc7p5t_INVBUF_LVT_TT_nldm_201020       0 
INVx2_ASAP7_75t_SL               1231    71.792 asap7sc7p5t_INVBUF_SLVT_TT_nldm_201020       0 
INVx3_ASAP7_75t_SL                491    35.794 asap7sc7p5t_INVBUF_SLVT_TT_nldm_201020       0 
INVx4_ASAP7_75t_L                   4     0.350  asap7sc7p5t_INVBUF_LVT_TT_nldm_201020       0 
INVx4_ASAP7_75t_SL                369    32.280 asap7sc7p5t_INVBUF_SLVT_TT_nldm_201020       0 
INVx5_ASAP7_75t_SL                 46     4.695 asap7sc7p5t_INVBUF_SLVT_TT_nldm_201020       0 
INVx6_ASAP7_75t_SL                 27     3.149 asap7sc7p5t_INVBUF_SLVT_TT_nldm_201020       0 
INVx8_ASAP7_75t_SL                 30     4.374 asap7sc7p5t_INVBUF_SLVT_TT_nldm_201020       0 
INVxp33_ASAP7_75t_L                46     2.012  asap7sc7p5t_INVBUF_LVT_TT_nldm_201020       0 
INVxp33_ASAP7_75t_SL             1706    74.620 asap7sc7p5t_INVBUF_SLVT_TT_nldm_201020       0 
INVxp67_ASAP7_75t_L                 8     0.350  asap7sc7p5t_INVBUF_LVT_TT_nldm_201020       0 
INVxp67_ASAP7_75t_R                12     8.398  asap7sc7p5t_INVBUF_RVT_TT_nldm_201020       0 
INVxp67_ASAP7_75t_SL            23793  1040.706 asap7sc7p5t_INVBUF_SLVT_TT_nldm_201020       0 
MAJIxp5_ASAP7_75t_SL              200    20.412 asap7sc7p5t_SIMPLE_SLVT_TT_nldm_201020       0 
MAJx2_ASAP7_75t_SL                 51     6.692 asap7sc7p5t_SIMPLE_SLVT_TT_nldm_201020       0 
NAND2x1_ASAP7_75t_L                 6     0.525  asap7sc7p5t_SIMPLE_LVT_TT_nldm_201020       0 
NAND2x1_ASAP7_75t_SL              146    12.772 asap7sc7p5t_SIMPLE_SLVT_TT_nldm_201020       0 
NAND2x1p5_ASAP7_75t_L               8     0.933  asap7sc7p5t_SIMPLE_LVT_TT_nldm_201020       0 
NAND2x1p5_ASAP7_75t_R               1     0.117  asap7sc7p5t_SIMPLE_RVT_TT_nldm_201020       0 
NAND2x1p5_ASAP7_75t_SL             49     5.715 asap7sc7p5t_SIMPLE_SLVT_TT_nldm_201020       0 
NAND2x2_ASAP7_75t_SL                7     1.021 asap7sc7p5t_SIMPLE_SLVT_TT_nldm_201020       0 
NAND2xp33_ASAP7_75t_L              89     5.190  asap7sc7p5t_SIMPLE_LVT_TT_nldm_201020       0 
NAND2xp33_ASAP7_75t_R              37     2.158  asap7sc7p5t_SIMPLE_RVT_TT_nldm_201020       0 
NAND2xp33_ASAP7_75t_SL            283    16.505 asap7sc7p5t_SIMPLE_SLVT_TT_nldm_201020       0 
NAND2xp5_ASAP7_75t_L              388    22.628  asap7sc7p5t_SIMPLE_LVT_TT_nldm_201020       0 
NAND2xp5_ASAP7_75t_R               12     0.700  asap7sc7p5t_SIMPLE_RVT_TT_nldm_201020       0 
NAND2xp5_ASAP7_75t_SL            3420   199.454 asap7sc7p5t_SIMPLE_SLVT_TT_nldm_201020       0 
NAND2xp67_ASAP7_75t_SL             25     2.187 asap7sc7p5t_SIMPLE_SLVT_TT_nldm_201020       0 
NAND3x1_ASAP7_75t_L                 1     0.160  asap7sc7p5t_SIMPLE_LVT_TT_nldm_201020       0 
NAND3x1_ASAP7_75t_SL               16     2.566 asap7sc7p5t_SIMPLE_SLVT_TT_nldm_201020       0 
NAND3x2_ASAP7_75t_SL                2     0.583 asap7sc7p5t_SIMPLE_SLVT_TT_nldm_201020       0 
NAND3xp33_ASAP7_75t_L              23     1.677  asap7sc7p5t_SIMPLE_LVT_TT_nldm_201020       0 
NAND3xp33_ASAP7_75t_R               4     0.292  asap7sc7p5t_SIMPLE_RVT_TT_nldm_201020       0 
NAND3xp33_ASAP7_75t_SL            272    19.829 asap7sc7p5t_SIMPLE_SLVT_TT_nldm_201020       0 
NAND4xp25_ASAP7_75t_L               2     0.175  asap7sc7p5t_SIMPLE_LVT_TT_nldm_201020       0 
NAND4xp25_ASAP7_75t_R               1     0.087  asap7sc7p5t_SIMPLE_RVT_TT_nldm_201020       0 
NAND4xp25_ASAP7_75t_SL           1625   142.155 asap7sc7p5t_SIMPLE_SLVT_TT_nldm_201020       0 
NAND4xp75_ASAP7_75t_SL             12     2.449 asap7sc7p5t_SIMPLE_SLVT_TT_nldm_201020       0 
NAND5xp2_ASAP7_75t_SL             281    28.679 asap7sc7p5t_SIMPLE_SLVT_TT_nldm_201020       0 
NOR2x1_ASAP7_75t_R                  1     0.087  asap7sc7p5t_SIMPLE_RVT_TT_nldm_201020       0 
NOR2x1_ASAP7_75t_SL               336    29.393 asap7sc7p5t_SIMPLE_SLVT_TT_nldm_201020       0 
NOR2x1p5_ASAP7_75t_L                2     0.233  asap7sc7p5t_SIMPLE_LVT_TT_nldm_201020       0 
NOR2x1p5_ASAP7_75t_SL              34     3.966 asap7sc7p5t_SIMPLE_SLVT_TT_nldm_201020       0 
NOR2x2_ASAP7_75t_SL                 4     0.583 asap7sc7p5t_SIMPLE_SLVT_TT_nldm_201020       0 
NOR2xp33_ASAP7_75t_L               69     4.024  asap7sc7p5t_SIMPLE_LVT_TT_nldm_201020       0 
NOR2xp33_ASAP7_75t_R               80     4.666  asap7sc7p5t_SIMPLE_RVT_TT_nldm_201020       0 
NOR2xp33_ASAP7_75t_SL            9371   546.517 asap7sc7p5t_SIMPLE_SLVT_TT_nldm_201020       0 
NOR2xp67_ASAP7_75t_L               74     6.474  asap7sc7p5t_SIMPLE_LVT_TT_nldm_201020       0 
NOR2xp67_ASAP7_75t_R               12     1.050  asap7sc7p5t_SIMPLE_RVT_TT_nldm_201020       0 
NOR2xp67_ASAP7_75t_SL             286    25.019 asap7sc7p5t_SIMPLE_SLVT_TT_nldm_201020       0 
NOR3x1_ASAP7_75t_L                  2     0.321  asap7sc7p5t_SIMPLE_LVT_TT_nldm_201020       0 
NOR3x1_ASAP7_75t_SL                11     1.764 asap7sc7p5t_SIMPLE_SLVT_TT_nldm_201020       0 
NOR3xp33_ASAP7_75t_L                4     0.292  asap7sc7p5t_SIMPLE_LVT_TT_nldm_201020       0 
NOR3xp33_ASAP7_75t_R                3     0.219  asap7sc7p5t_SIMPLE_RVT_TT_nldm_201020       0 
NOR3xp33_ASAP7_75t_SL             289    21.068 asap7sc7p5t_SIMPLE_SLVT_TT_nldm_201020       0 
NOR4xp25_ASAP7_75t_R                1     0.087  asap7sc7p5t_SIMPLE_RVT_TT_nldm_201020       0 
NOR4xp25_ASAP7_75t_SL             106     9.273 asap7sc7p5t_SIMPLE_SLVT_TT_nldm_201020       0 
NOR4xp75_ASAP7_75t_L                1     0.204  asap7sc7p5t_SIMPLE_LVT_TT_nldm_201020       0 
NOR4xp75_ASAP7_75t_R                1     0.204  asap7sc7p5t_SIMPLE_RVT_TT_nldm_201020       0 
NOR4xp75_ASAP7_75t_SL               3     0.612 asap7sc7p5t_SIMPLE_SLVT_TT_nldm_201020       0 
NOR5xp2_ASAP7_75t_SL              125    12.758 asap7sc7p5t_SIMPLE_SLVT_TT_nldm_201020       0 
O2A1O1Ixp33_ASAP7_75t_L             7     0.612      asap7sc7p5t_OA_LVT_TT_nldm_201020       0 
O2A1O1Ixp33_ASAP7_75t_R             6     0.525      asap7sc7p5t_OA_RVT_TT_nldm_201020       0 
O2A1O1Ixp33_ASAP7_75t_SL          259    22.657     asap7sc7p5t_OA_SLVT_TT_nldm_201020       0 
O2A1O1Ixp5_ASAP7_75t_L              1     0.117      asap7sc7p5t_OA_LVT_TT_nldm_201020       0 
O2A1O1Ixp5_ASAP7_75t_SL            53     6.182     asap7sc7p5t_OA_SLVT_TT_nldm_201020       0 
OA211x2_ASAP7_75t_L                 1     0.117      asap7sc7p5t_OA_LVT_TT_nldm_201020       0 
OA211x2_ASAP7_75t_SL              243    28.344     asap7sc7p5t_OA_SLVT_TT_nldm_201020       0 
OA21x2_ASAP7_75t_SL               292    29.802     asap7sc7p5t_OA_SLVT_TT_nldm_201020       0 
OA221x2_ASAP7_75t_SL                5     1.166     asap7sc7p5t_OA_SLVT_TT_nldm_201020       0 
OA222x2_ASAP7_75t_SL                3     0.525     asap7sc7p5t_OA_SLVT_TT_nldm_201020       0 
OA22x2_ASAP7_75t_SL               110    16.038     asap7sc7p5t_OA_SLVT_TT_nldm_201020       0 
OA332x2_ASAP7_75t_SL                2     0.350     asap7sc7p5t_OA_SLVT_TT_nldm_201020       0 
OAI211xp5_ASAP7_75t_R               1     0.087      asap7sc7p5t_OA_RVT_TT_nldm_201020       0 
OAI211xp5_ASAP7_75t_SL            292    25.544     asap7sc7p5t_OA_SLVT_TT_nldm_201020       0 
OAI21x1_ASAP7_75t_L                 8     0.933      asap7sc7p5t_OA_LVT_TT_nldm_201020       0 
OAI21x1_ASAP7_75t_R                 2     0.233      asap7sc7p5t_OA_RVT_TT_nldm_201020       0 
OAI21x1_ASAP7_75t_SL              129    15.047     asap7sc7p5t_OA_SLVT_TT_nldm_201020       0 
OAI21xp33_ASAP7_75t_L               9     0.656      asap7sc7p5t_OA_LVT_TT_nldm_201020       0 
OAI21xp33_ASAP7_75t_R               5     0.365      asap7sc7p5t_OA_RVT_TT_nldm_201020       0 
OAI21xp33_ASAP7_75t_SL            320    23.328     asap7sc7p5t_OA_SLVT_TT_nldm_201020       0 
OAI21xp5_ASAP7_75t_L               18     1.312      asap7sc7p5t_OA_LVT_TT_nldm_201020       0 
OAI21xp5_ASAP7_75t_SL            1354    98.707     asap7sc7p5t_OA_SLVT_TT_nldm_201020       0 
OAI221xp5_ASAP7_75t_L               4     0.408      asap7sc7p5t_OA_LVT_TT_nldm_201020       0 
OAI221xp5_ASAP7_75t_R               4     0.408      asap7sc7p5t_OA_RVT_TT_nldm_201020       0 
OAI221xp5_ASAP7_75t_SL           1352   137.985     asap7sc7p5t_OA_SLVT_TT_nldm_201020       0 
OAI222xp33_ASAP7_75t_R              3     0.437      asap7sc7p5t_OA_RVT_TT_nldm_201020       0 
OAI222xp33_ASAP7_75t_SL           242    35.284     asap7sc7p5t_OA_SLVT_TT_nldm_201020       0 
OAI22x1_ASAP7_75t_L                 3     0.437      asap7sc7p5t_OA_LVT_TT_nldm_201020       0 
OAI22x1_ASAP7_75t_SL               71    10.352     asap7sc7p5t_OA_SLVT_TT_nldm_201020       0 
OAI22xp33_ASAP7_75t_L               1     0.087      asap7sc7p5t_OA_LVT_TT_nldm_201020       0 
OAI22xp33_ASAP7_75t_R              14     1.225      asap7sc7p5t_OA_RVT_TT_nldm_201020       0 
OAI22xp33_ASAP7_75t_SL            408    35.692     asap7sc7p5t_OA_SLVT_TT_nldm_201020       0 
OAI22xp5_ASAP7_75t_L                9     0.787      asap7sc7p5t_OA_LVT_TT_nldm_201020       0 
OAI22xp5_ASAP7_75t_R                1     0.087      asap7sc7p5t_OA_RVT_TT_nldm_201020       0 
OAI22xp5_ASAP7_75t_SL            1848   161.663     asap7sc7p5t_OA_SLVT_TT_nldm_201020       0 
OAI311xp33_ASAP7_75t_L              1     0.102      asap7sc7p5t_OA_LVT_TT_nldm_201020       0 
OAI311xp33_ASAP7_75t_SL             9     0.919     asap7sc7p5t_OA_SLVT_TT_nldm_201020       0 
OAI31xp33_ASAP7_75t_L               1     0.087      asap7sc7p5t_OA_LVT_TT_nldm_201020       0 
OAI31xp33_ASAP7_75t_R               2     0.175      asap7sc7p5t_OA_RVT_TT_nldm_201020       0 
OAI31xp33_ASAP7_75t_SL            472    41.291     asap7sc7p5t_OA_SLVT_TT_nldm_201020       0 
OAI31xp67_ASAP7_75t_SL              5     0.948     asap7sc7p5t_OA_SLVT_TT_nldm_201020       0 
OAI321xp33_ASAP7_75t_L              6     0.700      asap7sc7p5t_OA_LVT_TT_nldm_201020       0 
OAI321xp33_ASAP7_75t_R              2     0.233      asap7sc7p5t_OA_RVT_TT_nldm_201020       0 
OAI321xp33_ASAP7_75t_SL            27     3.149     asap7sc7p5t_OA_SLVT_TT_nldm_201020       0 
OAI322xp33_ASAP7_75t_L              4     0.525      asap7sc7p5t_OA_LVT_TT_nldm_201020       0 
OAI322xp33_ASAP7_75t_R              1     0.131      asap7sc7p5t_OA_RVT_TT_nldm_201020       0 
OAI322xp33_ASAP7_75t_SL           988   129.645     asap7sc7p5t_OA_SLVT_TT_nldm_201020       0 
OAI32xp33_ASAP7_75t_L               4     0.408      asap7sc7p5t_OA_LVT_TT_nldm_201020       0 
OAI32xp33_ASAP7_75t_R               2     0.204      asap7sc7p5t_OA_RVT_TT_nldm_201020       0 
OAI32xp33_ASAP7_75t_SL             30     3.062     asap7sc7p5t_OA_SLVT_TT_nldm_201020       0 
OAI331xp33_ASAP7_75t_SL             1     0.131     asap7sc7p5t_OA_SLVT_TT_nldm_201020       0 
OAI33xp33_ASAP7_75t_SL              1     0.117     asap7sc7p5t_OA_SLVT_TT_nldm_201020       0 
OR2x2_ASAP7_75t_L                   1     0.087  asap7sc7p5t_SIMPLE_LVT_TT_nldm_201020       0 
OR2x2_ASAP7_75t_SL                497    43.478 asap7sc7p5t_SIMPLE_SLVT_TT_nldm_201020       0 
OR2x4_ASAP7_75t_SL                 35     4.082 asap7sc7p5t_SIMPLE_SLVT_TT_nldm_201020       0 
OR2x6_ASAP7_75t_L                   1     0.175  asap7sc7p5t_SIMPLE_LVT_TT_nldm_201020       0 
OR2x6_ASAP7_75t_SL                 11     1.925 asap7sc7p5t_SIMPLE_SLVT_TT_nldm_201020       0 
OR3x1_ASAP7_75t_SL                 22     1.925 asap7sc7p5t_SIMPLE_SLVT_TT_nldm_201020       0 
OR3x2_ASAP7_75t_SL                  2     0.204 asap7sc7p5t_SIMPLE_SLVT_TT_nldm_201020       0 
OR4x1_ASAP7_75t_SL                 19     1.939 asap7sc7p5t_SIMPLE_SLVT_TT_nldm_201020       0 
OR5x1_ASAP7_75t_SL                 10     1.166 asap7sc7p5t_SIMPLE_SLVT_TT_nldm_201020       0 
SDFHx1_ASAP7_75t_L                  6     2.187     asap7sc7p5t_SEQ_LVT_TT_nldm_201020       0 
SDFHx1_ASAP7_75t_R                  1     0.364     asap7sc7p5t_SEQ_RVT_TT_nldm_201020       0 
SDFHx1_ASAP7_75t_SL             19905  7255.372    asap7sc7p5t_SEQ_SLVT_TT_nldm_201020       0 
SDFHx2_ASAP7_75t_L                  1     0.379     asap7sc7p5t_SEQ_LVT_TT_nldm_201020       0 
SDFHx2_ASAP7_75t_R                  2     0.758     asap7sc7p5t_SEQ_RVT_TT_nldm_201020       0 
SDFHx2_ASAP7_75t_SL                 8     3.033    asap7sc7p5t_SEQ_SLVT_TT_nldm_201020       0 
SDFHx3_ASAP7_75t_SL                 1     0.394    asap7sc7p5t_SEQ_SLVT_TT_nldm_201020       0 
SDFHx4_ASAP7_75t_L                  2     0.904     asap7sc7p5t_SEQ_LVT_TT_nldm_201020       0 
SDFHx4_ASAP7_75t_SL               257   116.159    asap7sc7p5t_SEQ_SLVT_TT_nldm_201020       0 
XNOR2x1_ASAP7_75t_L                 1     0.175  asap7sc7p5t_SIMPLE_LVT_TT_nldm_201020       0 
XNOR2x1_ASAP7_75t_SL              180    31.493 asap7sc7p5t_SIMPLE_SLVT_TT_nldm_201020       0 
XNOR2x2_ASAP7_75t_L                 1     0.160  asap7sc7p5t_SIMPLE_LVT_TT_nldm_201020       0 
XNOR2x2_ASAP7_75t_R                 3     0.481  asap7sc7p5t_SIMPLE_RVT_TT_nldm_201020       0 
XNOR2x2_ASAP7_75t_SL               46     7.377 asap7sc7p5t_SIMPLE_SLVT_TT_nldm_201020       0 
XNOR2xp5_ASAP7_75t_L               17     2.231  asap7sc7p5t_SIMPLE_LVT_TT_nldm_201020       0 
XNOR2xp5_ASAP7_75t_SL             576    75.583 asap7sc7p5t_SIMPLE_SLVT_TT_nldm_201020       0 
XOR2x1_ASAP7_75t_SL                21     3.674 asap7sc7p5t_SIMPLE_SLVT_TT_nldm_201020       0 
XOR2x2_ASAP7_75t_L                  2     0.321  asap7sc7p5t_SIMPLE_LVT_TT_nldm_201020       0 
XOR2x2_ASAP7_75t_R                  2     0.321  asap7sc7p5t_SIMPLE_RVT_TT_nldm_201020       0 
XOR2x2_ASAP7_75t_SL                79    12.670 asap7sc7p5t_SIMPLE_SLVT_TT_nldm_201020       0 
XOR2xp5_ASAP7_75t_L                13     1.706  asap7sc7p5t_SIMPLE_LVT_TT_nldm_201020       0 
XOR2xp5_ASAP7_75t_R                 6     0.787  asap7sc7p5t_SIMPLE_RVT_TT_nldm_201020       0 
XOR2xp5_ASAP7_75t_SL              434    56.949 asap7sc7p5t_SIMPLE_SLVT_TT_nldm_201020       0 
-----------------------------------------------------------------------------------------------
total                          127949 16756.747                                                
                                                                       
                Library                Instances    Area   Instances % 
-----------------------------------------------------------------------
asap7sc7p5t_AO_LVT_TT_nldm_201020            623    54.252         0.5 
asap7sc7p5t_AO_RVT_TT_nldm_201020             57     4.855         0.0 
asap7sc7p5t_AO_SLVT_TT_nldm_201020         23326  1979.308        18.2 
asap7sc7p5t_INVBUF_LVT_TT_nldm_201020        430    28.650         0.3 
asap7sc7p5t_INVBUF_RVT_TT_nldm_201020       5987    13.530         4.7 
asap7sc7p5t_INVBUF_SLVT_TT_nldm_201020     37389  1911.056        29.2 
asap7sc7p5t_OA_LVT_TT_nldm_201020             77     7.290         0.1 
asap7sc7p5t_OA_RVT_TT_nldm_201020             43     4.112         0.0 
asap7sc7p5t_OA_SLVT_TT_nldm_201020          8516   827.925         6.7 
asap7sc7p5t_SEQ_LVT_TT_nldm_201020           164    56.935         0.1 
asap7sc7p5t_SEQ_RVT_TT_nldm_201020             4     1.414         0.0 
asap7sc7p5t_SEQ_SLVT_TT_nldm_201020        29385 10217.781        23.0 
asap7sc7p5t_SIMPLE_LVT_TT_nldm_201020        789    60.143         0.6 
asap7sc7p5t_SIMPLE_RVT_TT_nldm_201020        174    12.408         0.1 
asap7sc7p5t_SIMPLE_SLVT_TT_nldm_201020     20985  1577.089        16.4 
                                          
     Type      Instances    Area   Area % 
------------------------------------------
sequential         29553 10276.130   61.3 
inverter           40388  1572.202    9.4 
buffer              3418   381.034    2.3 
logic              54590  4527.382   27.0 
physical_cells         0     0.000    0.0 
------------------------------------------
total             127949 16756.747  100.0 
