============================================================
  Generated by:           Genus(TM) Synthesis Solution 25.10-p002_1
  Generated on:           Aug 27 2026  02:57:56 pm
  Module:                 mq_pe_16x2_d32
  Operating conditions:   PVT_0P7V_25C (balanced_tree)
  Wireload mode:          enclosed
  Area mode:              timing library
============================================================

Timing
--------

Analysis view Clock Period 
---------------------------
TT.setup_view clk    300.0 


   Analysis     Cost   Critical             Violating 
     View      Group  Path Slack    TNS       Paths   
------------------------------------------------------
TT.setup_view     clk      -39.6 -289311.5       8404 
              default   No paths       0.0          0 
------------------------------------------------------
Total                            -289311.5       8404 
                                                      

Instance Count
--------------
Leaf Instance Count             127949 
Physical Instance count              0 
Sequential Instance Count        29553 
Combinational Instance Count     98396 
Hierarchical Instance Count          0 

Area
----
Cell Area                          16756.747
Physical Cell Area                 0.000
Total Cell Area (Cell+Physical)    16756.747
Net Area                           0.000
Total Area (Cell+Physical+Net)     16756.747

Max Fanout                         29553 (clk)
Min Fanout                         0 (n_80750)
Average Fanout                     2.5
Terms to net ratio                 3.5018
Terms to instance ratio            3.5173
Runtime                            3183.6521250000424 seconds
Elapsed Runtime                    3443 seconds
Genus peak memory usage            3795.18 
Innovus peak memory usage          no_value 
Hostname                           squire.ece.uw.edu
