============================================================
  Generated by:           Genus(TM) Synthesis Solution 25.10-p002_1
  Generated on:           Aug 31 2026  04:38:38 pm
  Module:                 dbuf_16x256
  Operating conditions:   PVT_0P7V_25C (balanced_tree)
  Wireload mode:          enclosed
  Area mode:              timing library
============================================================

Timing
--------

Clock Period 
-------------
clk   1502.0 


  Cost    Critical         Violating 
 Group   Path Slack  TNS     Paths   
-------------------------------------
clk           361.2   0.0          0 
default    No paths   0.0            
-------------------------------------
Total                 0.0          0 

Instance Count
--------------
Leaf Instance Count             1104 
Physical Instance count            0 
Sequential Instance Count        289 
Combinational Instance Count     815 
Hierarchical Instance Count        0 

Area
----
Cell Area                          8123.436
Physical Cell Area                 0.000
Total Cell Area (Cell+Physical)    8123.436
Net Area                           0.000
Total Area (Cell+Physical+Net)     8123.436

Max Fanout                         289 (clk)
Min Fanout                         0 (n_1)
Average Fanout                     1.8
Terms to net ratio                 2.7612
Terms to instance ratio            4.6395
Runtime                            36.67201400000004 seconds
Elapsed Runtime                    36 seconds
Genus peak memory usage            2281.81 
Innovus peak memory usage          no_value 
Hostname                           squire.ece.uw.edu
