============================================================
  Generated by:           Genus(TM) Synthesis Solution 25.10-p002_1
  Generated on:           Aug 31 2026  01:03:26 pm
  Module:                 softmax_pe
  Operating conditions:   PVT_0P7V_25C (balanced_tree)
  Wireload mode:          enclosed
  Area mode:              timing library
============================================================


Path 1: MET (0 ps) Setup Check with Pin u_exp/add_136_40_retime_s2_58_reg/CLK->D
          Group: clk
     Startpoint: (R) u_exp/s1_mag_u_reg[26]/CLK
          Clock: (R) clk
       Endpoint: (F) u_exp/add_136_40_retime_s2_58_reg/D
          Clock: (R) clk

                     Capture       Launch     
        Clock Edge:+     699            0     
       Src Latency:+       0            0     
       Net Latency:+       0 (I)        0 (I) 
           Arrival:=     699            0     
                                              
             Setup:-      10                  
       Uncertainty:-      21                  
     Required Time:=     668                  
      Launch Clock:-       0                  
         Data Path:-     668                  
             Slack:=       0                  

#-------------------------------------------------------------------------------------------------------------------------------
#            Timing Point             Flags    Arc    Edge            Cell             Fanout Load Trans Delay Arrival Instance 
#                                                                                             (fF)  (ps)  (ps)   (ps)  Location 
#-------------------------------------------------------------------------------------------------------------------------------
  u_exp/s1_mag_u_reg[26]/CLK          -       -       R     (arrival)                    1381    -     0     0       0    (-,-) 
  u_exp/s1_mag_u_reg[26]/QN           -       CLK->QN F     ASYNC_DFFHx1_ASAP7_75t_SL       9 12.4    76    67      67    (-,-) 
  u_exp/const_mul_132_30_g2029/Y      -       A->Y    R     CKINVDCx14_ASAP7_75t_R          9  4.3    19    18      85    (-,-) 
  u_exp/const_mul_132_30_g1983/Y      -       A->Y    F     NOR2xp33_ASAP7_75t_SL           2 10.0   162    81     166    (-,-) 
  u_exp/const_mul_132_30_g1968/Y      -       B->Y    R     AOI21xp33_ASAP7_75t_SL          2  1.1    60    44     210    (-,-) 
  u_exp/const_mul_132_30_g1952/Y      -       C->Y    F     OAI221xp5_ASAP7_75t_SL          2  1.6    54    20     230    (-,-) 
  u_exp/add_134_78_g2448/Y            -       B->Y    R     NAND2xp5_ASAP7_75t_SL           2  1.7    32    21     250    (-,-) 
  u_exp/g24335/Y                      -       B->Y    F     A2O1A1Ixp33_ASAP7_75t_SL        2  1.4    32    12     262    (-,-) 
  u_exp/g24336/Y                      -       A2->Y   F     AO22x1_ASAP7_75t_SL             2  1.4    18    22     284    (-,-) 
  u_exp/g24337/Y                      -       A2->Y   F     AO22x1_ASAP7_75t_SL             2  1.4    14    20     304    (-,-) 
  u_exp/g24338/Y                      -       A2->Y   F     AO22x1_ASAP7_75t_SL             2  1.4    14    20     323    (-,-) 
  u_exp/g24339/Y                      -       A2->Y   F     AO22x1_ASAP7_75t_SL             2  1.4    15    20     343    (-,-) 
  u_exp/g24340/Y                      -       A2->Y   F     AO22x1_ASAP7_75t_SL             2  1.4    14    20     362    (-,-) 
  u_exp/g24341/Y                      -       A2->Y   F     AO22x1_ASAP7_75t_SL             2  1.4    15    19     382    (-,-) 
  u_exp/g24342/Y                      -       A2->Y   F     AO22x1_ASAP7_75t_SL             2  1.4    14    20     401    (-,-) 
  u_exp/g24343/Y                      -       A2->Y   F     AO22x1_ASAP7_75t_SL             2  1.4    14    20     421    (-,-) 
  u_exp/g24344/Y                      -       A2->Y   F     AO22x1_ASAP7_75t_SL             2  1.4    16    20     440    (-,-) 
  u_exp/g24345/Y                      -       A2->Y   F     AO22x1_ASAP7_75t_SL             2  1.4    14    20     460    (-,-) 
  u_exp/g24346/Y                      -       A2->Y   F     AO22x1_ASAP7_75t_SL             2  1.4    14    20     480    (-,-) 
  u_exp/g24347/Y                      -       A2->Y   F     AO22x1_ASAP7_75t_SL             2  1.4    14    20     499    (-,-) 
  u_exp/g24348/Y                      -       A2->Y   F     AO22x1_ASAP7_75t_SL             2  1.4    19    20     519    (-,-) 
  u_exp/g24349/Y                      -       A2->Y   F     AO22x1_ASAP7_75t_SL             3  2.2    18    22     541    (-,-) 
  u_exp/add_134_78_g2791/Y            -       A2->Y   R     A2O1A1O1Ixp25_ASAP7_75t_SL      2  1.2    38    19     560    (-,-) 
  u_exp/add_134_78_g2790/Y            -       B->Y    F     NAND2xp5_ASAP7_75t_SL           2  1.2    22    12     572    (-,-) 
  u_exp/add_134_78_g2789/Y            -       B->Y    R     OAI21xp5_ASAP7_75t_SL           2  1.1    31    11     583    (-,-) 
  u_exp/add_134_78_g2787/Y            -       B->Y    F     NAND2xp5_ASAP7_75t_SL           2  1.0    19    10     593    (-,-) 
  u_exp/add_134_78_g2786/Y            -       B->Y    R     OAI21xp5_ASAP7_75t_SL           2  1.1    28    10     604    (-,-) 
  u_exp/add_134_78_g2784/Y            -       B->Y    F     NAND2xp5_ASAP7_75t_SL           2  1.0    18    10     614    (-,-) 
  u_exp/add_134_78_g2783/Y            -       B->Y    R     OAI21xp5_ASAP7_75t_SL           2  1.1    23    10     624    (-,-) 
  u_exp/add_134_78_g2781/Y            -       B->Y    F     NAND2xp5_ASAP7_75t_SL           2  1.0    17    10     634    (-,-) 
  u_exp/add_134_78_g2780/Y            -       B->Y    R     OAI21xp5_ASAP7_75t_SL           2  1.2    29    10     644    (-,-) 
  u_exp/add_134_78_g2778/Y            -       B->Y    F     NAND2xp5_ASAP7_75t_SL           2  1.0    18    10     654    (-,-) 
  u_exp/g24293/Y                      -       B->Y    F     OA21x2_ASAP7_75t_SL             1  0.6     8    14     668    (-,-) 
  u_exp/add_136_40_retime_s2_58_reg/D <<<     -       F     ASYNC_DFFHx1_ASAP7_75t_L        1    -     -     0     668    (-,-) 
#-------------------------------------------------------------------------------------------------------------------------------

