============================================================
  Generated by:           Genus(TM) Synthesis Solution 25.10-p002_1
  Generated on:           Aug 31 2026  01:03:26 pm
  Module:                 softmax_pe
  Operating conditions:   PVT_0P7V_25C (balanced_tree)
  Wireload mode:          enclosed
  Area mode:              timing library
============================================================

Timing
--------

Clock Period 
-------------
clk    699.0 


  Cost    Critical         Violating 
 Group   Path Slack  TNS     Paths   
-------------------------------------
clk             0.0   0.0          0 
default    No paths   0.0            
-------------------------------------
Total                 0.0          0 

Instance Count
--------------
Leaf Instance Count             11837 
Physical Instance count             0 
Sequential Instance Count        1381 
Combinational Instance Count    10456 
Hierarchical Instance Count         3 

Area
----
Cell Area                          1188.912
Physical Cell Area                 0.000
Total Cell Area (Cell+Physical)    1188.912
Net Area                           0.000
Total Area (Cell+Physical+Net)     1188.912

Max Fanout                         1381 (clk)
Min Fanout                         0 (n_222)
Average Fanout                     2.2
Terms to net ratio                 3.3638
Terms to instance ratio            3.4450
Runtime                            181.51311400000026 seconds
Elapsed Runtime                    186 seconds
Genus peak memory usage            2504.08 
Innovus peak memory usage          no_value 
Hostname                           squire.ece.uw.edu
