============================================================
  Generated by:           Genus(TM) Synthesis Solution 25.10-p002_1
  Generated on:           Aug 31 2026  01:03:26 pm
  Operating conditions:   PVT_0P7V_25C (balanced_tree)
  Wireload mode:          enclosed
  Area mode:              timing library
============================================================

                                                                                      
           Gate             Instances   Area                   Library                
--------------------------------------------------------------------------------------
A2O1A1Ixp33_ASAP7_75t_SL           67    5.861     asap7sc7p5t_AO_SLVT_TT_nldm_201020 
A2O1A1O1Ixp25_ASAP7_75t_SL         14    1.837     asap7sc7p5t_AO_SLVT_TT_nldm_201020 
AND2x2_ASAP7_75t_SL               103    9.010 asap7sc7p5t_SIMPLE_SLVT_TT_nldm_201020 
AND3x1_ASAP7_75t_SL                 1    0.087 asap7sc7p5t_SIMPLE_SLVT_TT_nldm_201020 
AND4x1_ASAP7_75t_L                  1    0.102  asap7sc7p5t_SIMPLE_LVT_TT_nldm_201020 
AND4x1_ASAP7_75t_SL                 5    0.510 asap7sc7p5t_SIMPLE_SLVT_TT_nldm_201020 
AND4x2_ASAP7_75t_L                  1    0.117  asap7sc7p5t_SIMPLE_LVT_TT_nldm_201020 
AND4x2_ASAP7_75t_SL                 1    0.117 asap7sc7p5t_SIMPLE_SLVT_TT_nldm_201020 
AO21x1_ASAP7_75t_SL                67    5.861     asap7sc7p5t_AO_SLVT_TT_nldm_201020 
AO21x2_ASAP7_75t_SL                 1    0.102     asap7sc7p5t_AO_SLVT_TT_nldm_201020 
AO22x1_ASAP7_75t_SL                15    1.968     asap7sc7p5t_AO_SLVT_TT_nldm_201020 
AO31x2_ASAP7_75t_SL                 1    0.233     asap7sc7p5t_AO_SLVT_TT_nldm_201020 
AOI211x1_ASAP7_75t_L                1    0.175      asap7sc7p5t_AO_LVT_TT_nldm_201020 
AOI211x1_ASAP7_75t_SL               1    0.175     asap7sc7p5t_AO_SLVT_TT_nldm_201020 
AOI211xp5_ASAP7_75t_SL             35    3.062     asap7sc7p5t_AO_SLVT_TT_nldm_201020 
AOI21xp33_ASAP7_75t_L               1    0.073      asap7sc7p5t_AO_LVT_TT_nldm_201020 
AOI21xp33_ASAP7_75t_SL             47    3.426     asap7sc7p5t_AO_SLVT_TT_nldm_201020 
AOI21xp5_ASAP7_75t_L               22    1.604      asap7sc7p5t_AO_LVT_TT_nldm_201020 
AOI21xp5_ASAP7_75t_SL             416   30.326     asap7sc7p5t_AO_SLVT_TT_nldm_201020 
AOI221xp5_ASAP7_75t_SL             24    2.449     asap7sc7p5t_AO_SLVT_TT_nldm_201020 
AOI222xp33_ASAP7_75t_SL             3    0.437     asap7sc7p5t_AO_SLVT_TT_nldm_201020 
AOI22xp33_ASAP7_75t_L               2    0.175      asap7sc7p5t_AO_LVT_TT_nldm_201020 
AOI22xp33_ASAP7_75t_SL             16    1.400     asap7sc7p5t_AO_SLVT_TT_nldm_201020 
AOI22xp5_ASAP7_75t_L               55    4.811      asap7sc7p5t_AO_LVT_TT_nldm_201020 
AOI22xp5_ASAP7_75t_SL             368   32.193     asap7sc7p5t_AO_SLVT_TT_nldm_201020 
AOI311xp33_ASAP7_75t_SL             1    0.102     asap7sc7p5t_AO_SLVT_TT_nldm_201020 
AOI31xp33_ASAP7_75t_SL             25    2.187     asap7sc7p5t_AO_SLVT_TT_nldm_201020 
AOI321xp33_ASAP7_75t_SL             4    0.467     asap7sc7p5t_AO_SLVT_TT_nldm_201020 
AOI322xp5_ASAP7_75t_L               1    0.131      asap7sc7p5t_AO_LVT_TT_nldm_201020 
AOI322xp5_ASAP7_75t_SL             20    2.624     asap7sc7p5t_AO_SLVT_TT_nldm_201020 
AOI32xp33_ASAP7_75t_SL              4    0.408     asap7sc7p5t_AO_SLVT_TT_nldm_201020 
ASYNC_DFFHx1_ASAP7_75t_L          263   99.698     asap7sc7p5t_SEQ_LVT_TT_nldm_201020 
ASYNC_DFFHx1_ASAP7_75t_R            1    0.379     asap7sc7p5t_SEQ_RVT_TT_nldm_201020 
ASYNC_DFFHx1_ASAP7_75t_SL        1117  423.432    asap7sc7p5t_SEQ_SLVT_TT_nldm_201020 
BUFx2_ASAP7_75t_L                   1    0.073  asap7sc7p5t_INVBUF_LVT_TT_nldm_201020 
BUFx2_ASAP7_75t_SL                  2    0.146 asap7sc7p5t_INVBUF_SLVT_TT_nldm_201020 
BUFx4f_ASAP7_75t_SL                 1    0.117 asap7sc7p5t_INVBUF_SLVT_TT_nldm_201020 
BUFx5_ASAP7_75t_SL                  1    0.117 asap7sc7p5t_INVBUF_SLVT_TT_nldm_201020 
CKINVDCx12_ASAP7_75t_R             10    0.000  asap7sc7p5t_INVBUF_RVT_TT_nldm_201020 
CKINVDCx14_ASAP7_75t_R             72    0.000  asap7sc7p5t_INVBUF_RVT_TT_nldm_201020 
CKINVDCx16_ASAP7_75t_R            108    0.000  asap7sc7p5t_INVBUF_RVT_TT_nldm_201020 
CKINVDCx20_ASAP7_75t_R           1223    0.000  asap7sc7p5t_INVBUF_RVT_TT_nldm_201020 
CKINVDCx5p33_ASAP7_75t_R          329    0.000  asap7sc7p5t_INVBUF_RVT_TT_nldm_201020 
CKINVDCx8_ASAP7_75t_R               3    0.000  asap7sc7p5t_INVBUF_RVT_TT_nldm_201020 
FAx1_ASAP7_75t_SL                 123   25.107 asap7sc7p5t_SIMPLE_SLVT_TT_nldm_201020 
HAxp5_ASAP7_75t_SL                 20    2.624 asap7sc7p5t_SIMPLE_SLVT_TT_nldm_201020 
HB1xp67_ASAP7_75t_SL                8    0.467 asap7sc7p5t_INVBUF_SLVT_TT_nldm_201020 
INVx1_ASAP7_75t_L                   1    0.044  asap7sc7p5t_INVBUF_LVT_TT_nldm_201020 
INVx1_ASAP7_75t_SL                366   16.009 asap7sc7p5t_INVBUF_SLVT_TT_nldm_201020 
INVx2_ASAP7_75t_SL                  7    0.408 asap7sc7p5t_INVBUF_SLVT_TT_nldm_201020 
INVxp33_ASAP7_75t_SL               98    4.287 asap7sc7p5t_INVBUF_SLVT_TT_nldm_201020 
INVxp67_ASAP7_75t_SL              674   29.481 asap7sc7p5t_INVBUF_SLVT_TT_nldm_201020 
MAJIxp5_ASAP7_75t_SL              158   16.125 asap7sc7p5t_SIMPLE_SLVT_TT_nldm_201020 
MAJx2_ASAP7_75t_SL                  2    0.262 asap7sc7p5t_SIMPLE_SLVT_TT_nldm_201020 
NAND2x1_ASAP7_75t_L                 1    0.087  asap7sc7p5t_SIMPLE_LVT_TT_nldm_201020 
NAND2x1_ASAP7_75t_SL                2    0.175 asap7sc7p5t_SIMPLE_SLVT_TT_nldm_201020 
NAND2xp33_ASAP7_75t_L              44    2.566  asap7sc7p5t_SIMPLE_LVT_TT_nldm_201020 
NAND2xp33_ASAP7_75t_SL             79    4.607 asap7sc7p5t_SIMPLE_SLVT_TT_nldm_201020 
NAND2xp5_ASAP7_75t_L              192   11.197  asap7sc7p5t_SIMPLE_LVT_TT_nldm_201020 
NAND2xp5_ASAP7_75t_SL            1549   90.338 asap7sc7p5t_SIMPLE_SLVT_TT_nldm_201020 
NAND3xp33_ASAP7_75t_L               7    0.510  asap7sc7p5t_SIMPLE_LVT_TT_nldm_201020 
NAND3xp33_ASAP7_75t_SL             68    4.957 asap7sc7p5t_SIMPLE_SLVT_TT_nldm_201020 
NAND4xp25_ASAP7_75t_SL             34    2.974 asap7sc7p5t_SIMPLE_SLVT_TT_nldm_201020 
NAND5xp2_ASAP7_75t_SL              42    4.287 asap7sc7p5t_SIMPLE_SLVT_TT_nldm_201020 
NOR2x1_ASAP7_75t_SL                 6    0.525 asap7sc7p5t_SIMPLE_SLVT_TT_nldm_201020 
NOR2xp33_ASAP7_75t_L               14    0.816  asap7sc7p5t_SIMPLE_LVT_TT_nldm_201020 
NOR2xp33_ASAP7_75t_SL            1176   68.584 asap7sc7p5t_SIMPLE_SLVT_TT_nldm_201020 
NOR2xp67_ASAP7_75t_R                3    0.262  asap7sc7p5t_SIMPLE_RVT_TT_nldm_201020 
NOR2xp67_ASAP7_75t_SL               3    0.262 asap7sc7p5t_SIMPLE_SLVT_TT_nldm_201020 
NOR3x1_ASAP7_75t_R                  1    0.160  asap7sc7p5t_SIMPLE_RVT_TT_nldm_201020 
NOR3xp33_ASAP7_75t_SL              55    4.010 asap7sc7p5t_SIMPLE_SLVT_TT_nldm_201020 
NOR4xp25_ASAP7_75t_SL              43    3.762 asap7sc7p5t_SIMPLE_SLVT_TT_nldm_201020 
NOR4xp75_ASAP7_75t_L                1    0.204  asap7sc7p5t_SIMPLE_LVT_TT_nldm_201020 
NOR4xp75_ASAP7_75t_R                1    0.204  asap7sc7p5t_SIMPLE_RVT_TT_nldm_201020 
NOR4xp75_ASAP7_75t_SL               1    0.204 asap7sc7p5t_SIMPLE_SLVT_TT_nldm_201020 
NOR5xp2_ASAP7_75t_SL               33    3.368 asap7sc7p5t_SIMPLE_SLVT_TT_nldm_201020 
O2A1O1Ixp33_ASAP7_75t_SL           60    5.249     asap7sc7p5t_OA_SLVT_TT_nldm_201020 
OA21x2_ASAP7_75t_SL               120   12.247     asap7sc7p5t_OA_SLVT_TT_nldm_201020 
OA22x2_ASAP7_75t_SL                 1    0.146     asap7sc7p5t_OA_SLVT_TT_nldm_201020 
OAI211xp5_ASAP7_75t_SL             35    3.062     asap7sc7p5t_OA_SLVT_TT_nldm_201020 
OAI21xp33_ASAP7_75t_SL             91    6.634     asap7sc7p5t_OA_SLVT_TT_nldm_201020 
OAI21xp5_ASAP7_75t_L                2    0.146      asap7sc7p5t_OA_LVT_TT_nldm_201020 
OAI21xp5_ASAP7_75t_SL             751   54.748     asap7sc7p5t_OA_SLVT_TT_nldm_201020 
OAI221xp5_ASAP7_75t_SL             50    5.103     asap7sc7p5t_OA_SLVT_TT_nldm_201020 
OAI22xp33_ASAP7_75t_SL             82    7.173     asap7sc7p5t_OA_SLVT_TT_nldm_201020 
OAI22xp5_ASAP7_75t_SL             401   35.079     asap7sc7p5t_OA_SLVT_TT_nldm_201020 
OAI311xp33_ASAP7_75t_SL             4    0.408     asap7sc7p5t_OA_SLVT_TT_nldm_201020 
OAI31xp33_ASAP7_75t_SL             26    2.274     asap7sc7p5t_OA_SLVT_TT_nldm_201020 
OAI31xp67_ASAP7_75t_SL              1    0.190     asap7sc7p5t_OA_SLVT_TT_nldm_201020 
OAI321xp33_ASAP7_75t_SL             2    0.233     asap7sc7p5t_OA_SLVT_TT_nldm_201020 
OAI322xp33_ASAP7_75t_L              1    0.131      asap7sc7p5t_OA_LVT_TT_nldm_201020 
OAI322xp33_ASAP7_75t_SL            13    1.706     asap7sc7p5t_OA_SLVT_TT_nldm_201020 
OAI32xp33_ASAP7_75t_SL              3    0.306     asap7sc7p5t_OA_SLVT_TT_nldm_201020 
OR2x2_ASAP7_75t_SL                 47    4.112 asap7sc7p5t_SIMPLE_SLVT_TT_nldm_201020 
OR2x4_ASAP7_75t_SL                  1    0.117 asap7sc7p5t_SIMPLE_SLVT_TT_nldm_201020 
OR3x1_ASAP7_75t_SL                  4    0.350 asap7sc7p5t_SIMPLE_SLVT_TT_nldm_201020 
OR4x1_ASAP7_75t_SL                 11    1.123 asap7sc7p5t_SIMPLE_SLVT_TT_nldm_201020 
OR5x1_ASAP7_75t_SL                  2    0.233 asap7sc7p5t_SIMPLE_SLVT_TT_nldm_201020 
OR5x2_ASAP7_75t_SL                  2    0.262 asap7sc7p5t_SIMPLE_SLVT_TT_nldm_201020 
XNOR2xp5_ASAP7_75t_L                4    0.525  asap7sc7p5t_SIMPLE_LVT_TT_nldm_201020 
XNOR2xp5_ASAP7_75t_SL             359   47.108 asap7sc7p5t_SIMPLE_SLVT_TT_nldm_201020 
XOR2x2_ASAP7_75t_SL                 1    0.160 asap7sc7p5t_SIMPLE_SLVT_TT_nldm_201020 
XOR2xp5_ASAP7_75t_L                 2    0.262  asap7sc7p5t_SIMPLE_LVT_TT_nldm_201020 
XOR2xp5_ASAP7_75t_SL              495   64.954 asap7sc7p5t_SIMPLE_SLVT_TT_nldm_201020 
--------------------------------------------------------------------------------------
total                           11837 1188.912                                        
                                                                     
                Library                Instances   Area  Instances % 
---------------------------------------------------------------------
asap7sc7p5t_AO_LVT_TT_nldm_201020             82   6.969         0.7 
asap7sc7p5t_AO_SLVT_TT_nldm_201020          1129  95.120         9.5 
asap7sc7p5t_INVBUF_LVT_TT_nldm_201020          2   0.117         0.0 
asap7sc7p5t_INVBUF_RVT_TT_nldm_201020       1745   0.000        14.7 
asap7sc7p5t_INVBUF_SLVT_TT_nldm_201020      1157  51.030         9.8 
asap7sc7p5t_OA_LVT_TT_nldm_201020              3   0.277         0.0 
asap7sc7p5t_OA_SLVT_TT_nldm_201020          1640 134.559        13.9 
asap7sc7p5t_SEQ_LVT_TT_nldm_201020           263  99.698         2.2 
asap7sc7p5t_SEQ_RVT_TT_nldm_201020             1   0.379         0.0 
asap7sc7p5t_SEQ_SLVT_TT_nldm_201020         1117 423.432         9.4 
asap7sc7p5t_SIMPLE_LVT_TT_nldm_201020        267  16.388         2.3 
asap7sc7p5t_SIMPLE_RVT_TT_nldm_201020          5   0.627         0.0 
asap7sc7p5t_SIMPLE_SLVT_TT_nldm_201020      4426 360.316        37.4 
                                         
     Type      Instances   Area   Area % 
-----------------------------------------
sequential          1381  523.509   44.0 
inverter            2891   50.228    4.2 
buffer                13    0.919    0.1 
logic               7552  614.255   51.7 
physical_cells         0    0.000    0.0 
-----------------------------------------
total              11837 1188.912  100.0 
