============================================================
  Generated by:           Genus(TM) Synthesis Solution 25.10-p002_1
  Generated on:           Sep 02 2026  01:07:19 pm
  Operating conditions:   PVT_0P7V_25C (balanced_tree)
  Wireload mode:          enclosed
  Area mode:              timing library
============================================================

                                                                                    
           Gate            Instances   Area                  Library                
------------------------------------------------------------------------------------
AND2x2_ASAP7_75t_SL                9   0.787 asap7sc7p5t_SIMPLE_SLVT_TT_nldm_201020 
AOI221xp5_ASAP7_75t_SL            80   8.165     asap7sc7p5t_AO_SLVT_TT_nldm_201020 
AOI22xp5_ASAP7_75t_SL            160  13.997     asap7sc7p5t_AO_SLVT_TT_nldm_201020 
ASYNC_DFFHx1_ASAP7_75t_SL         16   6.065    asap7sc7p5t_SEQ_SLVT_TT_nldm_201020 
CKINVDCx12_ASAP7_75t_R            16   0.000  asap7sc7p5t_INVBUF_RVT_TT_nldm_201020 
CKINVDCx20_ASAP7_75t_R          1061   0.000  asap7sc7p5t_INVBUF_RVT_TT_nldm_201020 
CKINVDCx5p33_ASAP7_75t_R           1   0.000  asap7sc7p5t_INVBUF_RVT_TT_nldm_201020 
NAND2xp5_ASAP7_75t_SL             84   4.899 asap7sc7p5t_SIMPLE_SLVT_TT_nldm_201020 
NAND5xp2_ASAP7_75t_SL             32   3.266 asap7sc7p5t_SIMPLE_SLVT_TT_nldm_201020 
NOR2xp33_ASAP7_75t_SL             27   1.575 asap7sc7p5t_SIMPLE_SLVT_TT_nldm_201020 
NOR3xp33_ASAP7_75t_SL             23   1.677 asap7sc7p5t_SIMPLE_SLVT_TT_nldm_201020 
NOR4xp25_ASAP7_75t_SL             16   1.400 asap7sc7p5t_SIMPLE_SLVT_TT_nldm_201020 
NOR5xp2_ASAP7_75t_SL              32   3.266 asap7sc7p5t_SIMPLE_SLVT_TT_nldm_201020 
OAI221xp5_ASAP7_75t_SL           112  11.431     asap7sc7p5t_OA_SLVT_TT_nldm_201020 
OAI22xp5_ASAP7_75t_SL            176  15.396     asap7sc7p5t_OA_SLVT_TT_nldm_201020 
OR2x2_ASAP7_75t_SL                36   3.149 asap7sc7p5t_SIMPLE_SLVT_TT_nldm_201020 
SDFHx1_ASAP7_75t_SL             1024 373.248    asap7sc7p5t_SEQ_SLVT_TT_nldm_201020 
------------------------------------------------------------------------------------
total                           2905 448.320                                        
                                                                     
                Library                Instances   Area  Instances % 
---------------------------------------------------------------------
asap7sc7p5t_AO_SLVT_TT_nldm_201020           240  22.162         8.3 
asap7sc7p5t_INVBUF_RVT_TT_nldm_201020       1078   0.000        37.1 
asap7sc7p5t_OA_SLVT_TT_nldm_201020           288  26.827         9.9 
asap7sc7p5t_SEQ_SLVT_TT_nldm_201020         1040 379.313        35.8 
asap7sc7p5t_SIMPLE_SLVT_TT_nldm_201020       259  20.018         8.9 
                                        
     Type      Instances   Area  Area % 
----------------------------------------
sequential          1040 379.313   84.6 
inverter            1078   0.000    0.0 
logic                787  69.007   15.4 
physical_cells         0   0.000    0.0 
----------------------------------------
total               2905 448.320  100.0 
