============================================================
  Generated by:           Genus(TM) Synthesis Solution 25.10-p002_1
  Generated on:           Sep 02 2026  01:07:19 pm
  Module:                 accum_buffer_bg_fugue
  Operating conditions:   PVT_0P7V_25C (balanced_tree)
  Wireload mode:          enclosed
  Area mode:              timing library
============================================================


Path 1: MET (296 ps) Setup Check with Pin retime_s1_6_reg/CLK->D
          Group: clk
     Startpoint: (F) rd_addr[0]
          Clock: (R) clk
       Endpoint: (R) retime_s1_6_reg/D
          Clock: (R) clk

                     Capture       Launch     
        Clock Edge:+     769            0     
        Drv Adjust:+       0           14     
       Src Latency:+       0            0     
       Net Latency:+       0 (I)        0 (I) 
           Arrival:=     769           14     
                                              
             Setup:-       9                  
       Uncertainty:-      23                  
     Required Time:=     737                  
      Launch Clock:-      14                  
       Input Delay:-      77                  
         Data Path:-     350                  
             Slack:=     296                  

Exceptions/Constraints:
  input_delay              77             in_del_30_1   

#------------------------------------------------------------------------------------------------------------
#    Timing Point     Flags   Arc   Edge           Cell             Fanout Load Trans Delay Arrival Instance 
#                                                                          (fF)  (ps)  (ps)   (ps)  Location 
#------------------------------------------------------------------------------------------------------------
  rd_addr[0]          -       -     F     (arrival)                      3 12.7    29     0      91    (-,-) 
  u_buf/g1406/Y       -       A->Y  R     CKINVDCx20_ASAP7_75t_R         2  0.8     9    10     101    (-,-) 
  u_buf/g1398__2398/Y -       B->Y  F     NOR2xp33_ASAP7_75t_SL          3 13.1   211   101     202    (-,-) 
  u_buf/g1385__2883/Y -       B->Y  R     NAND2xp5_ASAP7_75t_SL          8  4.2    94    58     260    (-,-) 
  u_buf/g1310__4319/Y -       B->Y  F     NOR2xp33_ASAP7_75t_SL         16  8.0   142    83     344    (-,-) 
  u_buf/g3872__6161/Y -       A2->Y R     AOI221xp5_ASAP7_75t_SL         1  0.5    55    21     365    (-,-) 
  u_buf/g3785__5115/Y -       A->Y  F     NAND5xp2_ASAP7_75t_SL          1  0.6    39    20     385    (-,-) 
  u_buf/g3761__9315/Y -       A->Y  R     NOR5xp2_ASAP7_75t_SL           1  0.5    42    23     408    (-,-) 
  u_buf/g3745__8428/Y -       A->Y  F     NAND5xp2_ASAP7_75t_SL          1  0.6    35    19     426    (-,-) 
  g32__5107/Y         -       B2->Y R     AOI22xp5_ASAP7_75t_SL          1  0.6    30    14     441    (-,-) 
  retime_s1_6_reg/D   -       -     R     ASYNC_DFFHx1_ASAP7_75t_SL      1    -     -     0     441    (-,-) 
#------------------------------------------------------------------------------------------------------------

