Warning: Design 'softmax_buffer_fugue' has '1' unresolved references. For more detailed information, use the "link" command. (UID-341)
 
****************************************
Report : area
Design : softmax_buffer_fugue
Version: P-2019.03-SP5-6
Date   : Fri Aug 28 23:23:40 2026
****************************************

Library(s) Used:

    No libraries used.

Number of ports:                         2104
Number of nets:                          2104
Number of cells:                            1
Number of combinational cells:              0
Number of sequential cells:                 1
Number of macros/black boxes:               0
Number of buf/inv:                          0
Number of references:                       1

Combinational area:                  0.000000
Buf/Inv area:                        0.000000
Noncombinational area:               0.000000
Macro/Black Box area:                0.000000
Net Interconnect area:      undefined  (No wire load specified)

Total cell area:                     0.000000
Total area:                 undefined

Information: This design contains black box (unknown) components. (RPT-8)

Hierarchical area distribution
------------------------------

                                  Global cell area          Local cell area
                                  ------------------  --------------------------- 
Hierarchical cell                 Absolute   Percent  Combi-    Noncombi-  Black-
                                  Total      Total    national  national   boxes   Design
--------------------------------  ---------  -------  --------  ---------  ------  ---------
softmax_buffer_fugue                 0.0000      0.0    0.0000     0.0000  0.0000  softmax_buffer_fugue
--------------------------------  ---------  -------  --------  ---------  ------  ---------
Total                                                   0.0000     0.0000  0.0000

1
