============================================================
  Generated by:           Genus(TM) Synthesis Solution 25.10-p002_1
  Generated on:           Aug 31 2026  04:38:38 pm
  Operating conditions:   PVT_0P7V_25C (balanced_tree)
  Wireload mode:          enclosed
  Area mode:              timing library
============================================================

                                                                                     
           Gate            Instances   Area                   Library                
-------------------------------------------------------------------------------------
AOI22xp5_ASAP7_75t_SL            256   22.395     asap7sc7p5t_AO_SLVT_TT_nldm_201020 
ASYNC_DFFHx1_ASAP7_75t_SL        257   97.424    asap7sc7p5t_SEQ_SLVT_TT_nldm_201020 
CKINVDCx14_ASAP7_75t_R             1    0.000  asap7sc7p5t_INVBUF_RVT_TT_nldm_201020 
CKINVDCx20_ASAP7_75t_R            23    0.000  asap7sc7p5t_INVBUF_RVT_TT_nldm_201020 
CKINVDCx5p33_ASAP7_75t_R           1    0.000  asap7sc7p5t_INVBUF_RVT_TT_nldm_201020 
HB1xp67_ASAP7_75t_L                8    0.467  asap7sc7p5t_INVBUF_LVT_TT_nldm_201020 
HB1xp67_ASAP7_75t_SL             512   29.860 asap7sc7p5t_INVBUF_SLVT_TT_nldm_201020 
INVx1_ASAP7_75t_SL                 1    0.044 asap7sc7p5t_INVBUF_SLVT_TT_nldm_201020 
NAND2xp5_ASAP7_75t_L               4    0.233  asap7sc7p5t_SIMPLE_LVT_TT_nldm_201020 
NAND2xp5_ASAP7_75t_SL              2    0.117 asap7sc7p5t_SIMPLE_SLVT_TT_nldm_201020 
OAI22xp5_ASAP7_75t_SL              8    0.700     asap7sc7p5t_OA_SLVT_TT_nldm_201020 
XNOR2xp5_ASAP7_75t_SL              1    0.131 asap7sc7p5t_SIMPLE_SLVT_TT_nldm_201020 
srambank_64x4x16_6t122            32 7972.577                 srambank_64x4x16_6t122 
-------------------------------------------------------------------------------------
total                           1106 8123.947                                        
                                                                      
                Library                Instances   Area   Instances % 
----------------------------------------------------------------------
asap7sc7p5t_AO_SLVT_TT_nldm_201020           256   22.395        23.1 
asap7sc7p5t_INVBUF_LVT_TT_nldm_201020          8    0.467         0.7 
asap7sc7p5t_INVBUF_RVT_TT_nldm_201020         25    0.000         2.3 
asap7sc7p5t_INVBUF_SLVT_TT_nldm_201020       513   29.904        46.4 
asap7sc7p5t_OA_SLVT_TT_nldm_201020             8    0.700         0.7 
asap7sc7p5t_SEQ_SLVT_TT_nldm_201020          257   97.424        23.2 
asap7sc7p5t_SIMPLE_LVT_TT_nldm_201020          4    0.233         0.4 
asap7sc7p5t_SIMPLE_SLVT_TT_nldm_201020         3    0.248         0.3 
srambank_64x4x16_6t122                        32 7972.577         2.9 
                                         
     Type      Instances   Area   Area % 
-----------------------------------------
timing_model          32 7972.577   98.1 
sequential           257   97.424    1.2 
inverter              26    0.044    0.0 
buffer               520   30.326    0.4 
logic                271   23.576    0.3 
physical_cells         0    0.000    0.0 
-----------------------------------------
total               1106 8123.947  100.0 
