============================================================
  Generated by:           Genus(TM) Synthesis Solution 25.10-p002_1
  Generated on:           Aug 31 2026  01:03:55 pm
  Module:                 rotate_q_bf16
  Operating conditions:   PVT_0P7V_25C (balanced_tree)
  Wireload mode:          enclosed
  Area mode:              timing library
============================================================

Timing
--------

Clock Period 
-------------
clk   1502.0 


  Cost    Critical         Violating 
 Group   Path Slack  TNS     Paths   
-------------------------------------
clk             0.0   0.0          0 
default    No paths   0.0            
-------------------------------------
Total                 0.0          0 

Instance Count
--------------
Leaf Instance Count             54649 
Physical Instance count             0 
Sequential Instance Count        2880 
Combinational Instance Count    51769 
Hierarchical Instance Count       104 

Area
----
Cell Area                          4392.998
Physical Cell Area                 0.000
Total Cell Area (Cell+Physical)    4392.998
Net Area                           0.000
Total Area (Cell+Physical+Net)     4392.998

Max Fanout                         2880 (clk)
Min Fanout                         0 (rst_n)
Average Fanout                     2.3
Terms to net ratio                 3.4063
Terms to instance ratio            3.4634
Runtime                            237.6785929999997 seconds
Elapsed Runtime                    231 seconds
Genus peak memory usage            2575.61 
Innovus peak memory usage          no_value 
Hostname                           squire.ece.uw.edu
