============================================================
  Generated by:           Genus(TM) Synthesis Solution 25.10-p002_1
  Generated on:           Aug 31 2026  01:03:59 pm
  Operating conditions:   PVT_0P7V_25C (balanced_tree)
  Wireload mode:          enclosed
  Area mode:              timing library
============================================================

                                                                                      
           Gate             Instances   Area                   Library                
--------------------------------------------------------------------------------------
A2O1A1Ixp33_ASAP7_75t_SL          815   71.296     asap7sc7p5t_AO_SLVT_TT_nldm_201020 
A2O1A1O1Ixp25_ASAP7_75t_SL        252   33.067     asap7sc7p5t_AO_SLVT_TT_nldm_201020 
AND2x2_ASAP7_75t_SL               256   22.395 asap7sc7p5t_SIMPLE_SLVT_TT_nldm_201020 
AND2x6_ASAP7_75t_SL                48    8.398 asap7sc7p5t_SIMPLE_SLVT_TT_nldm_201020 
AND3x2_ASAP7_75t_SL                48    4.899 asap7sc7p5t_SIMPLE_SLVT_TT_nldm_201020 
AND4x1_ASAP7_75t_L                 48    4.899  asap7sc7p5t_SIMPLE_LVT_TT_nldm_201020 
AO21x1_ASAP7_75t_L                 48    4.199      asap7sc7p5t_AO_LVT_TT_nldm_201020 
AO21x1_ASAP7_75t_SL               117   10.235     asap7sc7p5t_AO_SLVT_TT_nldm_201020 
AO221x1_ASAP7_75t_SL                8    1.166     asap7sc7p5t_AO_SLVT_TT_nldm_201020 
AO222x2_ASAP7_75t_SL                7    1.225     asap7sc7p5t_AO_SLVT_TT_nldm_201020 
AO22x1_ASAP7_75t_SL                 1    0.131     asap7sc7p5t_AO_SLVT_TT_nldm_201020 
AO32x1_ASAP7_75t_SL                11    1.283     asap7sc7p5t_AO_SLVT_TT_nldm_201020 
AO331x1_ASAP7_75t_SL                3    0.437     asap7sc7p5t_AO_SLVT_TT_nldm_201020 
AO331x2_ASAP7_75t_SL                1    0.160     asap7sc7p5t_AO_SLVT_TT_nldm_201020 
AO332x1_ASAP7_75t_SL                7    1.123     asap7sc7p5t_AO_SLVT_TT_nldm_201020 
AOI211xp5_ASAP7_75t_SL            352   30.793     asap7sc7p5t_AO_SLVT_TT_nldm_201020 
AOI21xp33_ASAP7_75t_SL            377   27.483     asap7sc7p5t_AO_SLVT_TT_nldm_201020 
AOI21xp5_ASAP7_75t_L               25    1.823      asap7sc7p5t_AO_LVT_TT_nldm_201020 
AOI21xp5_ASAP7_75t_SL            1453  105.924     asap7sc7p5t_AO_SLVT_TT_nldm_201020 
AOI221xp5_ASAP7_75t_L              48    4.899      asap7sc7p5t_AO_LVT_TT_nldm_201020 
AOI221xp5_ASAP7_75t_SL            189   19.289     asap7sc7p5t_AO_SLVT_TT_nldm_201020 
AOI22x1_ASAP7_75t_SL               49    7.144     asap7sc7p5t_AO_SLVT_TT_nldm_201020 
AOI22xp33_ASAP7_75t_SL              9    0.787     asap7sc7p5t_AO_SLVT_TT_nldm_201020 
AOI22xp5_ASAP7_75t_L              196   17.146      asap7sc7p5t_AO_LVT_TT_nldm_201020 
AOI22xp5_ASAP7_75t_SL            3649  319.215     asap7sc7p5t_AO_SLVT_TT_nldm_201020 
AOI311xp33_ASAP7_75t_L              1    0.102      asap7sc7p5t_AO_LVT_TT_nldm_201020 
AOI311xp33_ASAP7_75t_SL            65    6.634     asap7sc7p5t_AO_SLVT_TT_nldm_201020 
AOI31xp33_ASAP7_75t_SL            311   27.206     asap7sc7p5t_AO_SLVT_TT_nldm_201020 
AOI321xp33_ASAP7_75t_SL            29    3.383     asap7sc7p5t_AO_SLVT_TT_nldm_201020 
AOI322xp5_ASAP7_75t_SL             66    8.661     asap7sc7p5t_AO_SLVT_TT_nldm_201020 
AOI32xp33_ASAP7_75t_L               1    0.102      asap7sc7p5t_AO_LVT_TT_nldm_201020 
AOI32xp33_ASAP7_75t_SL            309   31.537     asap7sc7p5t_AO_SLVT_TT_nldm_201020 
AOI331xp33_ASAP7_75t_SL             4    0.525     asap7sc7p5t_AO_SLVT_TT_nldm_201020 
AOI332xp33_ASAP7_75t_SL             2    0.292     asap7sc7p5t_AO_SLVT_TT_nldm_201020 
ASYNC_DFFHx1_ASAP7_75t_L         1520  576.202     asap7sc7p5t_SEQ_LVT_TT_nldm_201020 
ASYNC_DFFHx1_ASAP7_75t_SL        1360  515.549    asap7sc7p5t_SEQ_SLVT_TT_nldm_201020 
CKINVDCx14_ASAP7_75t_R            429    0.000  asap7sc7p5t_INVBUF_RVT_TT_nldm_201020 
CKINVDCx16_ASAP7_75t_R            497    0.000  asap7sc7p5t_INVBUF_RVT_TT_nldm_201020 
CKINVDCx20_ASAP7_75t_R           3545    0.000  asap7sc7p5t_INVBUF_RVT_TT_nldm_201020 
CKINVDCx5p33_ASAP7_75t_R         3408    0.000  asap7sc7p5t_INVBUF_RVT_TT_nldm_201020 
FAx1_ASAP7_75t_SL                  96   19.596 asap7sc7p5t_SIMPLE_SLVT_TT_nldm_201020 
HAxp5_ASAP7_75t_SL                145   19.027 asap7sc7p5t_SIMPLE_SLVT_TT_nldm_201020 
HB1xp67_ASAP7_75t_L                 1    0.058  asap7sc7p5t_INVBUF_LVT_TT_nldm_201020 
INVx1_ASAP7_75t_SL               2638  115.386 asap7sc7p5t_INVBUF_SLVT_TT_nldm_201020 
INVx2_ASAP7_75t_L                 144    8.398  asap7sc7p5t_INVBUF_LVT_TT_nldm_201020 
INVx2_ASAP7_75t_SL                195   11.372 asap7sc7p5t_INVBUF_SLVT_TT_nldm_201020 
INVx8_ASAP7_75t_SL                 48    6.998 asap7sc7p5t_INVBUF_SLVT_TT_nldm_201020 
INVxp33_ASAP7_75t_SL              376   16.446 asap7sc7p5t_INVBUF_SLVT_TT_nldm_201020 
INVxp67_ASAP7_75t_SL             5971  261.172 asap7sc7p5t_INVBUF_SLVT_TT_nldm_201020 
MAJIxp5_ASAP7_75t_SL                1    0.102 asap7sc7p5t_SIMPLE_SLVT_TT_nldm_201020 
NAND2x1p5_ASAP7_75t_SL             96   11.197 asap7sc7p5t_SIMPLE_SLVT_TT_nldm_201020 
NAND2x2_ASAP7_75t_SL               48    6.998 asap7sc7p5t_SIMPLE_SLVT_TT_nldm_201020 
NAND2xp33_ASAP7_75t_L             175   10.206  asap7sc7p5t_SIMPLE_LVT_TT_nldm_201020 
NAND2xp33_ASAP7_75t_SL            173   10.089 asap7sc7p5t_SIMPLE_SLVT_TT_nldm_201020 
NAND2xp5_ASAP7_75t_L              622   36.275  asap7sc7p5t_SIMPLE_LVT_TT_nldm_201020 
NAND2xp5_ASAP7_75t_SL            4657  271.596 asap7sc7p5t_SIMPLE_SLVT_TT_nldm_201020 
NAND3x1_ASAP7_75t_SL               48    7.698 asap7sc7p5t_SIMPLE_SLVT_TT_nldm_201020 
NAND3xp33_ASAP7_75t_SL            377   27.483 asap7sc7p5t_SIMPLE_SLVT_TT_nldm_201020 
NAND4xp25_ASAP7_75t_SL            269   23.532 asap7sc7p5t_SIMPLE_SLVT_TT_nldm_201020 
NAND5xp2_ASAP7_75t_SL             355   36.231 asap7sc7p5t_SIMPLE_SLVT_TT_nldm_201020 
NOR2x1_ASAP7_75t_SL               288   25.194 asap7sc7p5t_SIMPLE_SLVT_TT_nldm_201020 
NOR2x1p5_ASAP7_75t_L               48    5.599  asap7sc7p5t_SIMPLE_LVT_TT_nldm_201020 
NOR2x1p5_ASAP7_75t_SL              48    5.599 asap7sc7p5t_SIMPLE_SLVT_TT_nldm_201020 
NOR2xp33_ASAP7_75t_L              192   11.197  asap7sc7p5t_SIMPLE_LVT_TT_nldm_201020 
NOR2xp33_ASAP7_75t_SL            4845  282.560 asap7sc7p5t_SIMPLE_SLVT_TT_nldm_201020 
NOR2xp67_ASAP7_75t_L              289   25.282  asap7sc7p5t_SIMPLE_LVT_TT_nldm_201020 
NOR2xp67_ASAP7_75t_SL             192   16.796 asap7sc7p5t_SIMPLE_SLVT_TT_nldm_201020 
NOR3xp33_ASAP7_75t_SL             436   31.784 asap7sc7p5t_SIMPLE_SLVT_TT_nldm_201020 
NOR4xp25_ASAP7_75t_SL             152   13.297 asap7sc7p5t_SIMPLE_SLVT_TT_nldm_201020 
NOR5xp2_ASAP7_75t_SL              419   42.763 asap7sc7p5t_SIMPLE_SLVT_TT_nldm_201020 
O2A1O1Ixp33_ASAP7_75t_SL          567   49.601     asap7sc7p5t_OA_SLVT_TT_nldm_201020 
O2A1O1Ixp5_ASAP7_75t_SL            48    5.599     asap7sc7p5t_OA_SLVT_TT_nldm_201020 
OA21x2_ASAP7_75t_SL                 6    0.612     asap7sc7p5t_OA_SLVT_TT_nldm_201020 
OAI211xp5_ASAP7_75t_SL            875   76.545     asap7sc7p5t_OA_SLVT_TT_nldm_201020 
OAI21x1_ASAP7_75t_SL               96   11.197     asap7sc7p5t_OA_SLVT_TT_nldm_201020 
OAI21xp33_ASAP7_75t_SL            278   20.266     asap7sc7p5t_OA_SLVT_TT_nldm_201020 
OAI21xp5_ASAP7_75t_SL            1459  106.361     asap7sc7p5t_OA_SLVT_TT_nldm_201020 
OAI221xp5_ASAP7_75t_SL            257   26.229     asap7sc7p5t_OA_SLVT_TT_nldm_201020 
OAI222xp33_ASAP7_75t_SL            48    6.998     asap7sc7p5t_OA_SLVT_TT_nldm_201020 
OAI22x1_ASAP7_75t_SL              240   34.992     asap7sc7p5t_OA_SLVT_TT_nldm_201020 
OAI22xp33_ASAP7_75t_SL             54    4.724     asap7sc7p5t_OA_SLVT_TT_nldm_201020 
OAI22xp5_ASAP7_75t_SL            4046  353.944     asap7sc7p5t_OA_SLVT_TT_nldm_201020 
OAI311xp33_ASAP7_75t_SL            61    6.226     asap7sc7p5t_OA_SLVT_TT_nldm_201020 
OAI31xp33_ASAP7_75t_SL            178   15.571     asap7sc7p5t_OA_SLVT_TT_nldm_201020 
OAI321xp33_ASAP7_75t_L              1    0.117      asap7sc7p5t_OA_LVT_TT_nldm_201020 
OAI321xp33_ASAP7_75t_SL            24    2.799     asap7sc7p5t_OA_SLVT_TT_nldm_201020 
OAI322xp33_ASAP7_75t_SL            18    2.362     asap7sc7p5t_OA_SLVT_TT_nldm_201020 
OAI32xp33_ASAP7_75t_L               2    0.204      asap7sc7p5t_OA_LVT_TT_nldm_201020 
OAI32xp33_ASAP7_75t_SL            209   21.331     asap7sc7p5t_OA_SLVT_TT_nldm_201020 
OAI331xp33_ASAP7_75t_SL             4    0.525     asap7sc7p5t_OA_SLVT_TT_nldm_201020 
OAI332xp33_ASAP7_75t_SL             5    0.729     asap7sc7p5t_OA_SLVT_TT_nldm_201020 
OAI333xp33_ASAP7_75t_SL             1    0.160     asap7sc7p5t_OA_SLVT_TT_nldm_201020 
OAI33xp33_ASAP7_75t_SL              5    0.583     asap7sc7p5t_OA_SLVT_TT_nldm_201020 
OR2x2_ASAP7_75t_SL                193   16.884 asap7sc7p5t_SIMPLE_SLVT_TT_nldm_201020 
OR3x1_ASAP7_75t_L                   2    0.175  asap7sc7p5t_SIMPLE_LVT_TT_nldm_201020 
OR3x1_ASAP7_75t_SL                 37    3.237 asap7sc7p5t_SIMPLE_SLVT_TT_nldm_201020 
OR3x4_ASAP7_75t_SL                  2    0.262 asap7sc7p5t_SIMPLE_SLVT_TT_nldm_201020 
OR4x1_ASAP7_75t_SL                 69    7.042 asap7sc7p5t_SIMPLE_SLVT_TT_nldm_201020 
OR5x1_ASAP7_75t_SL                 76    8.865 asap7sc7p5t_SIMPLE_SLVT_TT_nldm_201020 
XNOR2xp5_ASAP7_75t_L               48    6.299  asap7sc7p5t_SIMPLE_LVT_TT_nldm_201020 
XNOR2xp5_ASAP7_75t_SL            1488  195.255 asap7sc7p5t_SIMPLE_SLVT_TT_nldm_201020 
XOR2x2_ASAP7_75t_SL                48    7.698 asap7sc7p5t_SIMPLE_SLVT_TT_nldm_201020 
XOR2xp5_ASAP7_75t_SL             1296  170.061 asap7sc7p5t_SIMPLE_SLVT_TT_nldm_201020 
--------------------------------------------------------------------------------------
total                           54649 4392.998                                        
                                                                      
                Library                Instances   Area   Instances % 
----------------------------------------------------------------------
asap7sc7p5t_AO_LVT_TT_nldm_201020            319   28.271         0.6 
asap7sc7p5t_AO_SLVT_TT_nldm_201020          8086  708.996        14.8 
asap7sc7p5t_INVBUF_LVT_TT_nldm_201020        145    8.456         0.3 
asap7sc7p5t_INVBUF_RVT_TT_nldm_201020       7879    0.000        14.4 
asap7sc7p5t_INVBUF_SLVT_TT_nldm_201020      9228  411.375        16.9 
asap7sc7p5t_OA_LVT_TT_nldm_201020              3    0.321         0.0 
asap7sc7p5t_OA_SLVT_TT_nldm_201020          8479  747.356        15.5 
asap7sc7p5t_SEQ_LVT_TT_nldm_201020          1520  576.202         2.8 
asap7sc7p5t_SEQ_SLVT_TT_nldm_201020         1360  515.549         2.5 
asap7sc7p5t_SIMPLE_LVT_TT_nldm_201020       1424   99.931         2.6 
asap7sc7p5t_SIMPLE_SLVT_TT_nldm_201020     16206 1296.541        29.7 
                                         
     Type      Instances   Area   Area % 
-----------------------------------------
sequential          2880 1091.750   24.9 
inverter           17251  419.773    9.6 
buffer                 1    0.058    0.0 
logic              34517 2881.416   65.6 
physical_cells         0    0.000    0.0 
-----------------------------------------
total              54649 4392.998  100.0 
