============================================================
  Generated by:           Genus(TM) Synthesis Solution 25.10-p002_1
  Generated on:           Aug 31 2026  01:03:56 pm
  Module:                 rotate_q_bf16
  Operating conditions:   PVT_0P7V_25C (balanced_tree)
  Wireload mode:          enclosed
  Area mode:              timing library
============================================================

     Instance           Module      Cell-Count  Cell-Area  Net-Area   Total-Area   Wireload  
---------------------------------------------------------------------------------------------
rotate_q_bf16      NA                    54649   4392.998     0.000     4392.998 <none> (D)  
  g_pair[0].a_even bf16_add                459     35.400     0.000       35.400 <none> (D)  
  g_pair[0].a_odd  bf16_add                459     35.400     0.000       35.400 <none> (D)  
  g_pair[0].m_ac   bf16_mult               516     39.643     0.000       39.643 <none> (D)  
  g_pair[0].m_as   bf16_mult               516     39.643     0.000       39.643 <none> (D)  
  g_pair[0].m_bc   bf16_mult               516     39.643     0.000       39.643 <none> (D)  
  g_pair[0].m_nbs  bf16_mult               516     39.643     0.000       39.643 <none> (D)  
  g_pair[0].u_sc   sincos_bf16            3669    283.362     0.000      283.362 <none> (D)  
    u_cdiff        bf16_add                459     35.400     0.000       35.400 <none> (D)  
    u_cterm        bf16_mult               516     39.643     0.000       39.643 <none> (D)  
    u_cval         bf16_add                459     35.400     0.000       35.400 <none> (D)  
    u_sdiff        bf16_add                459     35.400     0.000       35.400 <none> (D)  
    u_sterm        bf16_mult               516     39.643     0.000       39.643 <none> (D)  
    u_sval         bf16_add                459     35.400     0.000       35.400 <none> (D)  
  g_pair[1].a_even bf16_add                459     35.400     0.000       35.400 <none> (D)  
  g_pair[1].a_odd  bf16_add                459     35.400     0.000       35.400 <none> (D)  
  g_pair[1].m_ac   bf16_mult               516     39.643     0.000       39.643 <none> (D)  
  g_pair[1].m_as   bf16_mult               516     39.643     0.000       39.643 <none> (D)  
  g_pair[1].m_bc   bf16_mult               516     39.643     0.000       39.643 <none> (D)  
  g_pair[1].m_nbs  bf16_mult               516     39.643     0.000       39.643 <none> (D)  
  g_pair[1].u_sc   sincos_bf16_411        3660    283.304     0.000      283.304 <none> (D)  
    u_cdiff        bf16_add                459     35.400     0.000       35.400 <none> (D)  
    u_cterm        bf16_mult               516     39.643     0.000       39.643 <none> (D)  
    u_cval         bf16_add                459     35.400     0.000       35.400 <none> (D)  
    u_sdiff        bf16_add                459     35.400     0.000       35.400 <none> (D)  
    u_sterm        bf16_mult               516     39.643     0.000       39.643 <none> (D)  
    u_sval         bf16_add                459     35.400     0.000       35.400 <none> (D)  
  g_pair[2].a_even bf16_add                459     35.400     0.000       35.400 <none> (D)  
  g_pair[2].a_odd  bf16_add                459     35.400     0.000       35.400 <none> (D)  
  g_pair[2].m_ac   bf16_mult               516     39.643     0.000       39.643 <none> (D)  
  g_pair[2].m_as   bf16_mult               516     39.643     0.000       39.643 <none> (D)  
  g_pair[2].m_bc   bf16_mult               516     39.643     0.000       39.643 <none> (D)  
  g_pair[2].m_nbs  bf16_mult               516     39.643     0.000       39.643 <none> (D)  
  g_pair[2].u_sc   sincos_bf16_410        3670    283.348     0.000      283.348 <none> (D)  
    u_cdiff        bf16_add                459     35.400     0.000       35.400 <none> (D)  
    u_cterm        bf16_mult               516     39.643     0.000       39.643 <none> (D)  
    u_cval         bf16_add                459     35.400     0.000       35.400 <none> (D)  
    u_sdiff        bf16_add                459     35.400     0.000       35.400 <none> (D)  
    u_sterm        bf16_mult               516     39.643     0.000       39.643 <none> (D)  
    u_sval         bf16_add                459     35.400     0.000       35.400 <none> (D)  
  g_pair[3].a_even bf16_add                459     35.400     0.000       35.400 <none> (D)  
  g_pair[3].a_odd  bf16_add                459     35.400     0.000       35.400 <none> (D)  
  g_pair[3].m_ac   bf16_mult               516     39.643     0.000       39.643 <none> (D)  
  g_pair[3].m_as   bf16_mult               516     39.643     0.000       39.643 <none> (D)  
  g_pair[3].m_bc   bf16_mult               516     39.643     0.000       39.643 <none> (D)  
  g_pair[3].m_nbs  bf16_mult               516     39.643     0.000       39.643 <none> (D)  
  g_pair[3].u_sc   sincos_bf16_409        3643    281.875     0.000      281.875 <none> (D)  
    u_cdiff        bf16_add                459     35.400     0.000       35.400 <none> (D)  
    u_cterm        bf16_mult               516     39.643     0.000       39.643 <none> (D)  
    u_cval         bf16_add                459     35.400     0.000       35.400 <none> (D)  
    u_sdiff        bf16_add                459     35.400     0.000       35.400 <none> (D)  
    u_sterm        bf16_mult               516     39.643     0.000       39.643 <none> (D)  
    u_sval         bf16_add                459     35.400     0.000       35.400 <none> (D)  
  g_pair[4].a_even bf16_add                459     35.400     0.000       35.400 <none> (D)  
  g_pair[4].a_odd  bf16_add                459     35.400     0.000       35.400 <none> (D)  
  g_pair[4].m_ac   bf16_mult               516     39.643     0.000       39.643 <none> (D)  
  g_pair[4].m_as   bf16_mult               516     39.643     0.000       39.643 <none> (D)  
  g_pair[4].m_bc   bf16_mult               516     39.643     0.000       39.643 <none> (D)  
  g_pair[4].m_nbs  bf16_mult               516     39.643     0.000       39.643 <none> (D)  
  g_pair[4].u_sc   sincos_bf16_408        3665    282.619     0.000      282.619 <none> (D)  
    u_cdiff        bf16_add                459     35.400     0.000       35.400 <none> (D)  
    u_cterm        bf16_mult               516     39.643     0.000       39.643 <none> (D)  
    u_cval         bf16_add                459     35.400     0.000       35.400 <none> (D)  
    u_sdiff        bf16_add                459     35.400     0.000       35.400 <none> (D)  
    u_sterm        bf16_mult               516     39.643     0.000       39.643 <none> (D)  
    u_sval         bf16_add                459     35.400     0.000       35.400 <none> (D)  
  g_pair[5].a_even bf16_add                459     35.400     0.000       35.400 <none> (D)  
  g_pair[5].a_odd  bf16_add                459     35.400     0.000       35.400 <none> (D)  
  g_pair[5].m_ac   bf16_mult               516     39.643     0.000       39.643 <none> (D)  
  g_pair[5].m_as   bf16_mult               516     39.643     0.000       39.643 <none> (D)  
  g_pair[5].m_bc   bf16_mult               516     39.643     0.000       39.643 <none> (D)  
  g_pair[5].m_nbs  bf16_mult               516     39.643     0.000       39.643 <none> (D)  
  g_pair[5].u_sc   sincos_bf16_407        3628    281.977     0.000      281.977 <none> (D)  
    u_cdiff        bf16_add                459     35.400     0.000       35.400 <none> (D)  
    u_cterm        bf16_mult               516     39.643     0.000       39.643 <none> (D)  
    u_cval         bf16_add                459     35.400     0.000       35.400 <none> (D)  
    u_sdiff        bf16_add                459     35.400     0.000       35.400 <none> (D)  
    u_sterm        bf16_mult               516     39.643     0.000       39.643 <none> (D)  
    u_sval         bf16_add                459     35.400     0.000       35.400 <none> (D)  
  g_pair[6].a_even bf16_add                459     35.400     0.000       35.400 <none> (D)  
  g_pair[6].a_odd  bf16_add                459     35.400     0.000       35.400 <none> (D)  
  g_pair[6].m_ac   bf16_mult               516     39.643     0.000       39.643 <none> (D)  
  g_pair[6].m_as   bf16_mult               516     39.643     0.000       39.643 <none> (D)  
  g_pair[6].m_bc   bf16_mult               516     39.643     0.000       39.643 <none> (D)  
  g_pair[6].m_nbs  bf16_mult               516     39.643     0.000       39.643 <none> (D)  
  g_pair[6].u_sc   sincos_bf16_406        3629    281.496     0.000      281.496 <none> (D)  
    u_cdiff        bf16_add                459     35.400     0.000       35.400 <none> (D)  
    u_cterm        bf16_mult               516     39.643     0.000       39.643 <none> (D)  
    u_cval         bf16_add                459     35.400     0.000       35.400 <none> (D)  
    u_sdiff        bf16_add                459     35.400     0.000       35.400 <none> (D)  
    u_sterm        bf16_mult               516     39.643     0.000       39.643 <none> (D)  
    u_sval         bf16_add                459     35.400     0.000       35.400 <none> (D)  
  g_pair[7].a_even bf16_add                459     35.400     0.000       35.400 <none> (D)  
  g_pair[7].a_odd  bf16_add                459     35.400     0.000       35.400 <none> (D)  
  g_pair[7].m_ac   bf16_mult               516     39.643     0.000       39.643 <none> (D)  
  g_pair[7].m_as   bf16_mult               516     39.643     0.000       39.643 <none> (D)  
  g_pair[7].m_bc   bf16_mult               516     39.643     0.000       39.643 <none> (D)  
  g_pair[7].m_nbs  bf16_mult               516     39.643     0.000       39.643 <none> (D)  
  g_pair[7].u_sc   sincos_bf16_405        3652    282.837     0.000      282.837 <none> (D)  
    u_cdiff        bf16_add                459     35.400     0.000       35.400 <none> (D)  
    u_cterm        bf16_mult               516     39.643     0.000       39.643 <none> (D)  
    u_cval         bf16_add                459     35.400     0.000       35.400 <none> (D)  
    u_sdiff        bf16_add                459     35.400     0.000       35.400 <none> (D)  
    u_sterm        bf16_mult               516     39.643     0.000       39.643 <none> (D)  
    u_sval         bf16_add                459     35.400     0.000       35.400 <none> (D)  
  (D) = wireload is default in technology library
