============================================================
  Generated by:           Genus(TM) Synthesis Solution 25.10-p002_1
  Generated on:           Aug 31 2026  11:38:21 pm
  Module:                 sfm_array_fugue
  Operating conditions:   PVT_0P7V_25C (balanced_tree)
  Wireload mode:          enclosed
  Area mode:              timing library
============================================================


Path 1: MET (0 ps) Setup Check with Pin u_array/g_channel[15].u_channel/retime_s3_893_reg/CLK->SI
          Group: clk
     Startpoint: (R) u_array/g_channel[15].u_channel/retime_s2_2763_reg/CLK
          Clock: (R) clk
       Endpoint: (F) u_array/g_channel[15].u_channel/retime_s3_893_reg/SI
          Clock: (R) clk

                     Capture       Launch     
        Clock Edge:+     769            0     
       Src Latency:+       0            0     
       Net Latency:+       0 (I)        0 (I) 
           Arrival:=     769            0     
                                              
             Setup:-      12                  
       Uncertainty:-      23                  
     Required Time:=     734                  
      Launch Clock:-       0                  
         Data Path:-     734                  
             Slack:=       0                  

#---------------------------------------------------------------------------------------------------------------------------------------------------
#                     Timing Point                       Flags    Arc    Edge            Cell              Fanout Load Trans Delay Arrival Instance 
#                                                                                                                 (fF)  (ps)  (ps)   (ps)  Location 
#---------------------------------------------------------------------------------------------------------------------------------------------------
  u_array/g_channel[15].u_channel/retime_s2_2763_reg/CLK -       -       R     (arrival)                   455664    -     0     0       0    (-,-) 
  u_array/g_channel[15].u_channel/retime_s2_2763_reg/QN  -       CLK->QN R     DFFHQNx1_ASAP7_75t_SL            1 11.9    85    67      67    (-,-) 
  u_array/g_channel[15].u_channel/g335/Y                 -       A->Y    F     CKINVDCx20_ASAP7_75t_R           5  2.5    15    13      80    (-,-) 
  u_array/g_channel[15].u_channel/g46349/Y               -       B->Y    R     NOR2xp33_ASAP7_75t_SL            2  0.9    33    13      93    (-,-) 
  u_array/g_channel[15].u_channel/g45629/Y               -       A1->Y   F     OAI21xp33_ASAP7_75t_SL           1  0.6    31    12     105    (-,-) 
  u_array/g_channel[15].u_channel/g45546/Y               -       A2->Y   R     AOI22xp5_ASAP7_75t_L             2  1.2    30    19     124    (-,-) 
  u_array/g_channel[15].u_channel/g45478/Y               -       A2->Y   F     OAI21xp5_ASAP7_75t_SL            1  0.5    15     8     132    (-,-) 
  u_array/g_channel[15].u_channel/g45403/Y               -       A1->Y   R     A2O1A1O1Ixp25_ASAP7_75t_SL       1  0.6    32    15     148    (-,-) 
  u_array/g_channel[15].u_channel/g45332/Y               -       A2->Y   F     O2A1O1Ixp33_ASAP7_75t_SL         1  0.6    20    10     158    (-,-) 
  u_array/g_channel[15].u_channel/g44937/Y               -       A->Y    R     MAJIxp5_ASAP7_75t_SL             1  0.6    19    12     170    (-,-) 
  u_array/g_channel[15].u_channel/g44770/Y               -       B->Y    F     AOI21xp5_ASAP7_75t_SL            2  1.1    18    11     181    (-,-) 
  u_array/g_channel[15].u_channel/g44716/Y               -       A2->Y   R     OAI21xp5_ASAP7_75t_SL            1  0.6    16    10     191    (-,-) 
  u_array/g_channel[15].u_channel/g44712/Y               -       C->Y    F     A2O1A1Ixp33_ASAP7_75t_SL         2  1.1    26    14     206    (-,-) 
  u_array/g_channel[15].u_channel/g44696/Y               -       A2->Y   R     A2O1A1Ixp33_ASAP7_75t_SL         1  0.6    22    13     218    (-,-) 
  u_array/g_channel[15].u_channel/g44682/Y               -       A1->Y   F     AOI21xp5_ASAP7_75t_SL            1  0.5    16     8     227    (-,-) 
  u_array/g_channel[15].u_channel/g44663/Y               -       C->Y    R     AOI221xp5_ASAP7_75t_SL           1  0.5    39    14     241    (-,-) 
  u_array/g_channel[15].u_channel/g44616/Y               -       C->Y    F     AOI221xp5_ASAP7_75t_SL           1  0.6    34    12     252    (-,-) 
  u_array/g_channel[15].u_channel/g44607/Y               -       A2->Y   R     O2A1O1Ixp33_ASAP7_75t_SL         1  0.6    26    16     268    (-,-) 
  u_array/g_channel[15].u_channel/g44564/Y               -       A1->Y   F     OAI322xp33_ASAP7_75t_SL          2  2.0    44    21     289    (-,-) 
  u_array/g_channel[15].u_channel/g72/Y                  -       A2->Y   R     AOI22x1_ASAP7_75t_SL            32 19.9   133    68     357    (-,-) 
  u_array/g_channel[15].u_channel/g44542/Y               -       A->Y    F     INVx2_ASAP7_75t_SL              31 18.6    79    45     402    (-,-) 
  u_array/g_channel[15].u_channel/g44470/Y               -       A2->Y   R     OAI22xp5_ASAP7_75t_SL            3  1.8    57    29     431    (-,-) 
  u_array/g_channel[15].u_channel/g47055/Y               -       A->Y    F     INVx1_ASAP7_75t_SL               2  1.2    20     9     440    (-,-) 
  u_array/g_channel[15].u_channel/g46001/Y               -       B2->Y   R     OAI22xp5_ASAP7_75t_SL            2  1.2    31    16     456    (-,-) 
  u_array/g_channel[15].u_channel/g45898/Y               -       A->Y    F     INVx1_ASAP7_75t_SL               1  0.6    11     6     462    (-,-) 
  u_array/g_channel[15].u_channel/g45645/Y               -       A2->Y   R     AOI21xp5_ASAP7_75t_SL            1  0.6    18     9     471    (-,-) 
  u_array/g_channel[15].u_channel/g45496/Y               -       C->Y    F     A2O1A1O1Ixp25_ASAP7_75t_SL       1  0.6    27    12     484    (-,-) 
  u_array/g_channel[15].u_channel/g45440/Y               -       A2->Y   R     O2A1O1Ixp33_ASAP7_75t_SL         1  0.6    25    15     498    (-,-) 
  u_array/g_channel[15].u_channel/g45402/Y               -       A2->Y   F     OAI22xp5_ASAP7_75t_SL            1  0.6    23    10     508    (-,-) 
  u_array/g_channel[15].u_channel/g45366/Y               -       A->Y    R     MAJIxp5_ASAP7_75t_SL             1  0.6    48    13     521    (-,-) 
  u_array/g_channel[15].u_channel/g45157/Y               -       B->Y    F     A2O1A1Ixp33_ASAP7_75t_SL         1  0.5    28     7     527    (-,-) 
  u_array/g_channel[15].u_channel/g45009/Y               -       C->Y    R     OAI221xp5_ASAP7_75t_SL           1  0.6    34    13     541    (-,-) 
  u_array/g_channel[15].u_channel/g44726/Y               -       A1->Y   F     AOI321xp33_ASAP7_75t_SL          1  0.6    29    16     557    (-,-) 
  u_array/g_channel[15].u_channel/g44714/Y               -       A->Y    R     NOR5xp2_ASAP7_75t_SL             1  0.6    48    22     579    (-,-) 
  u_array/g_channel[15].u_channel/g44706/Y               -       A2->Y   F     OAI22xp5_ASAP7_75t_SL            1  0.6    26    11     590    (-,-) 
  u_array/g_channel[15].u_channel/g44697/Y               -       A->Y    R     MAJIxp5_ASAP7_75t_SL             2  0.9    29    15     605    (-,-) 
  u_array/g_channel[15].u_channel/g44694/Y               -       A->Y    F     INVxp67_ASAP7_75t_SL             1  0.4    11     6     610    (-,-) 
  u_array/g_channel[15].u_channel/g44687/Y               -       A->Y    R     NOR2xp33_ASAP7_75t_SL            1  0.5    15     9     619    (-,-) 
  u_array/g_channel[15].u_channel/g44686/Y               -       A->Y    R     OR2x4_ASAP7_75t_SL              32 19.9    39    34     653    (-,-) 
  u_array/g_channel[15].u_channel/g44683/Y               -       A->Y    F     INVx2_ASAP7_75t_SL              31 18.6    56    33     686    (-,-) 
  u_array/g_channel[15].u_channel/g44645/Y               -       B2->Y   R     OAI22xp5_ASAP7_75t_SL            1  3.7    64    38     724    (-,-) 
  u_array/g_channel[15].u_channel/g417/Y                 -       A->Y    F     CKINVDCx5p33_ASAP7_75t_R         1  0.6    12    10     734    (-,-) 
  u_array/g_channel[15].u_channel/retime_s3_893_reg/SI   <<<     -       F     SDFHx1_ASAP7_75t_SL              1    -     -     0     734    (-,-) 
#---------------------------------------------------------------------------------------------------------------------------------------------------

