============================================================
  Generated by:           Genus(TM) Synthesis Solution 25.10-p002_1
  Generated on:           Aug 31 2026  11:43:20 pm
  Operating conditions:   PVT_0P7V_25C (balanced_tree)
  Wireload mode:          enclosed
  Area mode:              timing library
============================================================

                                                                                         
           Gate             Instances     Area                    Library                
-----------------------------------------------------------------------------------------
A2O1A1Ixp33_ASAP7_75t_SL        23118    2022.363     asap7sc7p5t_AO_SLVT_TT_nldm_201020 
A2O1A1O1Ixp25_ASAP7_75t_L           1       0.131      asap7sc7p5t_AO_LVT_TT_nldm_201020 
A2O1A1O1Ixp25_ASAP7_75t_SL       6009     788.501     asap7sc7p5t_AO_SLVT_TT_nldm_201020 
AND2x2_ASAP7_75t_SL             34627    3029.170 asap7sc7p5t_SIMPLE_SLVT_TT_nldm_201020 
AND2x4_ASAP7_75t_L                  2       0.292  asap7sc7p5t_SIMPLE_LVT_TT_nldm_201020 
AND2x4_ASAP7_75t_R                 17       2.479  asap7sc7p5t_SIMPLE_RVT_TT_nldm_201020 
AND2x4_ASAP7_75t_SL                45       6.561 asap7sc7p5t_SIMPLE_SLVT_TT_nldm_201020 
AND2x6_ASAP7_75t_L                 67      11.722  asap7sc7p5t_SIMPLE_LVT_TT_nldm_201020 
AND2x6_ASAP7_75t_SL                10       1.750 asap7sc7p5t_SIMPLE_SLVT_TT_nldm_201020 
AND3x1_ASAP7_75t_L                  1       0.087  asap7sc7p5t_SIMPLE_LVT_TT_nldm_201020 
AND3x1_ASAP7_75t_SL               288      25.194 asap7sc7p5t_SIMPLE_SLVT_TT_nldm_201020 
AND3x2_ASAP7_75t_SL                12       1.225 asap7sc7p5t_SIMPLE_SLVT_TT_nldm_201020 
AND3x4_ASAP7_75t_L                  2       0.408  asap7sc7p5t_SIMPLE_LVT_TT_nldm_201020 
AND4x1_ASAP7_75t_L                260      26.536  asap7sc7p5t_SIMPLE_LVT_TT_nldm_201020 
AND4x1_ASAP7_75t_SL              1623     165.643 asap7sc7p5t_SIMPLE_SLVT_TT_nldm_201020 
AND4x2_ASAP7_75t_L                514      59.953  asap7sc7p5t_SIMPLE_LVT_TT_nldm_201020 
AND4x2_ASAP7_75t_SL               562      65.552 asap7sc7p5t_SIMPLE_SLVT_TT_nldm_201020 
AND5x1_ASAP7_75t_SL                64       7.465 asap7sc7p5t_SIMPLE_SLVT_TT_nldm_201020 
AND5x2_ASAP7_75t_L                  2       0.583  asap7sc7p5t_SIMPLE_LVT_TT_nldm_201020 
AND5x2_ASAP7_75t_SL                 9       2.624 asap7sc7p5t_SIMPLE_SLVT_TT_nldm_201020 
AO21x1_ASAP7_75t_L                 24       2.100      asap7sc7p5t_AO_LVT_TT_nldm_201020 
AO21x1_ASAP7_75t_SL             18009    1575.427     asap7sc7p5t_AO_SLVT_TT_nldm_201020 
AO21x2_ASAP7_75t_SL               587      59.909     asap7sc7p5t_AO_SLVT_TT_nldm_201020 
AO221x1_ASAP7_75t_SL               15       2.187     asap7sc7p5t_AO_SLVT_TT_nldm_201020 
AO222x2_ASAP7_75t_SL                4       0.700     asap7sc7p5t_AO_SLVT_TT_nldm_201020 
AO22x1_ASAP7_75t_SL              3875     508.478     asap7sc7p5t_AO_SLVT_TT_nldm_201020 
AO22x2_ASAP7_75t_SL                 5       0.729     asap7sc7p5t_AO_SLVT_TT_nldm_201020 
AO31x2_ASAP7_75t_SL               260      60.653     asap7sc7p5t_AO_SLVT_TT_nldm_201020 
AO32x1_ASAP7_75t_SL                90      10.498     asap7sc7p5t_AO_SLVT_TT_nldm_201020 
AO32x2_ASAP7_75t_SL                12       1.575     asap7sc7p5t_AO_SLVT_TT_nldm_201020 
AOI211x1_ASAP7_75t_L              263      46.014      asap7sc7p5t_AO_LVT_TT_nldm_201020 
AOI211x1_ASAP7_75t_SL             280      48.989     asap7sc7p5t_AO_SLVT_TT_nldm_201020 
AOI211xp5_ASAP7_75t_L               2       0.175      asap7sc7p5t_AO_LVT_TT_nldm_201020 
AOI211xp5_ASAP7_75t_SL          12842    1123.418     asap7sc7p5t_AO_SLVT_TT_nldm_201020 
AOI21x1_ASAP7_75t_L                21       2.449      asap7sc7p5t_AO_LVT_TT_nldm_201020 
AOI21x1_ASAP7_75t_SL              109      12.714     asap7sc7p5t_AO_SLVT_TT_nldm_201020 
AOI21xp33_ASAP7_75t_L             325      23.693      asap7sc7p5t_AO_LVT_TT_nldm_201020 
AOI21xp33_ASAP7_75t_SL          13169     960.020     asap7sc7p5t_AO_SLVT_TT_nldm_201020 
AOI21xp5_ASAP7_75t_L             7597     553.821      asap7sc7p5t_AO_LVT_TT_nldm_201020 
AOI21xp5_ASAP7_75t_SL          120827    8808.288     asap7sc7p5t_AO_SLVT_TT_nldm_201020 
AOI221xp5_ASAP7_75t_SL           9577     977.429     asap7sc7p5t_AO_SLVT_TT_nldm_201020 
AOI222xp33_ASAP7_75t_SL           947     138.073     asap7sc7p5t_AO_SLVT_TT_nldm_201020 
AOI22x1_ASAP7_75t_L                 2       0.292      asap7sc7p5t_AO_LVT_TT_nldm_201020 
AOI22x1_ASAP7_75t_R                 1       0.146      asap7sc7p5t_AO_RVT_TT_nldm_201020 
AOI22x1_ASAP7_75t_SL               13       1.895     asap7sc7p5t_AO_SLVT_TT_nldm_201020 
AOI22xp33_ASAP7_75t_L            1117      97.715      asap7sc7p5t_AO_LVT_TT_nldm_201020 
AOI22xp33_ASAP7_75t_SL           5848     511.583     asap7sc7p5t_AO_SLVT_TT_nldm_201020 
AOI22xp5_ASAP7_75t_L            21109    1846.615      asap7sc7p5t_AO_LVT_TT_nldm_201020 
AOI22xp5_ASAP7_75t_SL          172397   15081.290     asap7sc7p5t_AO_SLVT_TT_nldm_201020 
AOI311xp33_ASAP7_75t_L              1       0.102      asap7sc7p5t_AO_LVT_TT_nldm_201020 
AOI311xp33_ASAP7_75t_SL           401      40.926     asap7sc7p5t_AO_SLVT_TT_nldm_201020 
AOI31xp33_ASAP7_75t_L               5       0.437      asap7sc7p5t_AO_LVT_TT_nldm_201020 
AOI31xp33_ASAP7_75t_SL           9247     808.928     asap7sc7p5t_AO_SLVT_TT_nldm_201020 
AOI31xp67_ASAP7_75t_R               2       0.379      asap7sc7p5t_AO_RVT_TT_nldm_201020 
AOI31xp67_ASAP7_75t_SL              4       0.758     asap7sc7p5t_AO_SLVT_TT_nldm_201020 
AOI321xp33_ASAP7_75t_SL          1708     199.221     asap7sc7p5t_AO_SLVT_TT_nldm_201020 
AOI322xp5_ASAP7_75t_L             256      33.592      asap7sc7p5t_AO_LVT_TT_nldm_201020 
AOI322xp5_ASAP7_75t_SL           6326     830.098     asap7sc7p5t_AO_SLVT_TT_nldm_201020 
AOI32xp33_ASAP7_75t_L               1       0.102      asap7sc7p5t_AO_LVT_TT_nldm_201020 
AOI32xp33_ASAP7_75t_SL           1475     150.538     asap7sc7p5t_AO_SLVT_TT_nldm_201020 
AOI331xp33_ASAP7_75t_SL            21       2.756     asap7sc7p5t_AO_SLVT_TT_nldm_201020 
AOI332xp33_ASAP7_75t_SL            22       3.208     asap7sc7p5t_AO_SLVT_TT_nldm_201020 
AOI33xp33_ASAP7_75t_L               2       0.233      asap7sc7p5t_AO_LVT_TT_nldm_201020 
AOI33xp33_ASAP7_75t_SL             17       1.983     asap7sc7p5t_AO_SLVT_TT_nldm_201020 
ASYNC_DFFHx1_ASAP7_75t_L        84028   31853.334     asap7sc7p5t_SEQ_LVT_TT_nldm_201020 
ASYNC_DFFHx1_ASAP7_75t_R          256      97.044     asap7sc7p5t_SEQ_RVT_TT_nldm_201020 
ASYNC_DFFHx1_ASAP7_75t_SL      365300  138477.924    asap7sc7p5t_SEQ_SLVT_TT_nldm_201020 
BUFx10_ASAP7_75t_L                 87      17.758  asap7sc7p5t_INVBUF_LVT_TT_nldm_201020 
BUFx10_ASAP7_75t_SL                36       7.348 asap7sc7p5t_INVBUF_SLVT_TT_nldm_201020 
BUFx12_ASAP7_75t_SL               867     202.254 asap7sc7p5t_INVBUF_SLVT_TT_nldm_201020 
BUFx12f_ASAP7_75t_R                 1       4.199  asap7sc7p5t_INVBUF_RVT_TT_nldm_201020 
BUFx12f_ASAP7_75t_SL              335      87.917 asap7sc7p5t_INVBUF_SLVT_TT_nldm_201020 
BUFx16f_ASAP7_75t_SL                2       0.642 asap7sc7p5t_INVBUF_SLVT_TT_nldm_201020 
BUFx24_ASAP7_75t_SL                 2       0.875 asap7sc7p5t_INVBUF_SLVT_TT_nldm_201020 
BUFx2_ASAP7_75t_L                 988      72.025  asap7sc7p5t_INVBUF_LVT_TT_nldm_201020 
BUFx2_ASAP7_75t_R                   4       4.666  asap7sc7p5t_INVBUF_RVT_TT_nldm_201020 
BUFx2_ASAP7_75t_SL                657      47.895 asap7sc7p5t_INVBUF_SLVT_TT_nldm_201020 
BUFx3_ASAP7_75t_L                1893     165.600  asap7sc7p5t_INVBUF_LVT_TT_nldm_201020 
BUFx3_ASAP7_75t_SL               1508     131.920 asap7sc7p5t_INVBUF_SLVT_TT_nldm_201020 
BUFx4f_ASAP7_75t_L                  1       0.117  asap7sc7p5t_INVBUF_LVT_TT_nldm_201020 
BUFx4f_ASAP7_75t_SL               479      55.871 asap7sc7p5t_INVBUF_SLVT_TT_nldm_201020 
BUFx5_ASAP7_75t_SL                906     105.676 asap7sc7p5t_INVBUF_SLVT_TT_nldm_201020 
BUFx6f_ASAP7_75t_SL                66       9.623 asap7sc7p5t_INVBUF_SLVT_TT_nldm_201020 
BUFx8_ASAP7_75t_L                   8       1.400  asap7sc7p5t_INVBUF_LVT_TT_nldm_201020 
BUFx8_ASAP7_75t_SL                 43       7.523 asap7sc7p5t_INVBUF_SLVT_TT_nldm_201020 
CKINVDCx11_ASAP7_75t_R             46       0.000  asap7sc7p5t_INVBUF_RVT_TT_nldm_201020 
CKINVDCx12_ASAP7_75t_R           2598       0.000  asap7sc7p5t_INVBUF_RVT_TT_nldm_201020 
CKINVDCx14_ASAP7_75t_R          22521       0.000  asap7sc7p5t_INVBUF_RVT_TT_nldm_201020 
CKINVDCx16_ASAP7_75t_R          35368       0.000  asap7sc7p5t_INVBUF_RVT_TT_nldm_201020 
CKINVDCx20_ASAP7_75t_R         438484       0.000  asap7sc7p5t_INVBUF_RVT_TT_nldm_201020 
CKINVDCx5p33_ASAP7_75t_R        96378       0.000  asap7sc7p5t_INVBUF_RVT_TT_nldm_201020 
CKINVDCx6p67_ASAP7_75t_R            1       0.000  asap7sc7p5t_INVBUF_RVT_TT_nldm_201020 
CKINVDCx8_ASAP7_75t_R            1007       0.000  asap7sc7p5t_INVBUF_RVT_TT_nldm_201020 
DFFHQNx1_ASAP7_75t_L              211      61.528     asap7sc7p5t_SEQ_LVT_TT_nldm_201020 
DFFHQNx1_ASAP7_75t_R              512     149.299     asap7sc7p5t_SEQ_RVT_TT_nldm_201020 
DFFHQNx1_ASAP7_75t_SL            2349     684.968    asap7sc7p5t_SEQ_SLVT_TT_nldm_201020 
FAx1_ASAP7_75t_L                    3       0.612  asap7sc7p5t_SIMPLE_LVT_TT_nldm_201020 
FAx1_ASAP7_75t_SL               34340    7009.481 asap7sc7p5t_SIMPLE_SLVT_TT_nldm_201020 
HAxp5_ASAP7_75t_R                   2       0.262  asap7sc7p5t_SIMPLE_RVT_TT_nldm_201020 
HAxp5_ASAP7_75t_SL               5267     691.136 asap7sc7p5t_SIMPLE_SLVT_TT_nldm_201020 
HB1xp67_ASAP7_75t_L               362      21.112  asap7sc7p5t_INVBUF_LVT_TT_nldm_201020 
HB1xp67_ASAP7_75t_SL            36715    2141.219 asap7sc7p5t_INVBUF_SLVT_TT_nldm_201020 
HB4xp67_ASAP7_75t_L               480      48.989  asap7sc7p5t_INVBUF_LVT_TT_nldm_201020 
INVx1_ASAP7_75t_L                 273      11.941  asap7sc7p5t_INVBUF_LVT_TT_nldm_201020 
INVx1_ASAP7_75t_SL             120863    5286.548 asap7sc7p5t_INVBUF_SLVT_TT_nldm_201020 
INVx2_ASAP7_75t_L                  51       2.974  asap7sc7p5t_INVBUF_LVT_TT_nldm_201020 
INVx2_ASAP7_75t_SL               3501     204.178 asap7sc7p5t_INVBUF_SLVT_TT_nldm_201020 
INVx3_ASAP7_75t_SL                156      11.372 asap7sc7p5t_INVBUF_SLVT_TT_nldm_201020 
INVx4_ASAP7_75t_R                   1       1.400  asap7sc7p5t_INVBUF_RVT_TT_nldm_201020 
INVx4_ASAP7_75t_SL                 55       4.811 asap7sc7p5t_INVBUF_SLVT_TT_nldm_201020 
INVx5_ASAP7_75t_SL                 21       2.143 asap7sc7p5t_INVBUF_SLVT_TT_nldm_201020 
INVx6_ASAP7_75t_SL                441      51.438 asap7sc7p5t_INVBUF_SLVT_TT_nldm_201020 
INVx8_ASAP7_75t_SL                  9       1.312 asap7sc7p5t_INVBUF_SLVT_TT_nldm_201020 
INVxp33_ASAP7_75t_SL            29216    1277.908 asap7sc7p5t_INVBUF_SLVT_TT_nldm_201020 
INVxp67_ASAP7_75t_L                 1       0.044  asap7sc7p5t_INVBUF_LVT_TT_nldm_201020 
INVxp67_ASAP7_75t_SL           216989    9491.099 asap7sc7p5t_INVBUF_SLVT_TT_nldm_201020 
MAJIxp5_ASAP7_75t_L                31       3.164  asap7sc7p5t_SIMPLE_LVT_TT_nldm_201020 
MAJIxp5_ASAP7_75t_SL            51795    5286.198 asap7sc7p5t_SIMPLE_SLVT_TT_nldm_201020 
MAJx2_ASAP7_75t_L                  10       1.312  asap7sc7p5t_SIMPLE_LVT_TT_nldm_201020 
MAJx2_ASAP7_75t_SL                700      91.854 asap7sc7p5t_SIMPLE_SLVT_TT_nldm_201020 
NAND2x1_ASAP7_75t_L               284      24.844  asap7sc7p5t_SIMPLE_LVT_TT_nldm_201020 
NAND2x1_ASAP7_75t_R                 6       0.525  asap7sc7p5t_SIMPLE_RVT_TT_nldm_201020 
NAND2x1_ASAP7_75t_SL              640      55.987 asap7sc7p5t_SIMPLE_SLVT_TT_nldm_201020 
NAND2x1p5_ASAP7_75t_L               5       0.583  asap7sc7p5t_SIMPLE_LVT_TT_nldm_201020 
NAND2x1p5_ASAP7_75t_R               1       0.117  asap7sc7p5t_SIMPLE_RVT_TT_nldm_201020 
NAND2x1p5_ASAP7_75t_SL             31       3.616 asap7sc7p5t_SIMPLE_SLVT_TT_nldm_201020 
NAND2x2_ASAP7_75t_SL                6       0.875 asap7sc7p5t_SIMPLE_SLVT_TT_nldm_201020 
NAND2xp33_ASAP7_75t_L           14028     818.113  asap7sc7p5t_SIMPLE_LVT_TT_nldm_201020 
NAND2xp33_ASAP7_75t_SL          27914    1627.944 asap7sc7p5t_SIMPLE_SLVT_TT_nldm_201020 
NAND2xp5_ASAP7_75t_L            57402    3347.685  asap7sc7p5t_SIMPLE_LVT_TT_nldm_201020 
NAND2xp5_ASAP7_75t_R                1       0.058  asap7sc7p5t_SIMPLE_RVT_TT_nldm_201020 
NAND2xp5_ASAP7_75t_SL          454219   26490.052 asap7sc7p5t_SIMPLE_SLVT_TT_nldm_201020 
NAND2xp67_ASAP7_75t_SL              5       0.437 asap7sc7p5t_SIMPLE_SLVT_TT_nldm_201020 
NAND3xp33_ASAP7_75t_L            2868     209.077  asap7sc7p5t_SIMPLE_LVT_TT_nldm_201020 
NAND3xp33_ASAP7_75t_SL          21750    1585.575 asap7sc7p5t_SIMPLE_SLVT_TT_nldm_201020 
NAND4xp25_ASAP7_75t_SL          13013    1138.377 asap7sc7p5t_SIMPLE_SLVT_TT_nldm_201020 
NAND5xp2_ASAP7_75t_SL           14541    1484.054 asap7sc7p5t_SIMPLE_SLVT_TT_nldm_201020 
NOR2x1_ASAP7_75t_L                 14       1.225  asap7sc7p5t_SIMPLE_LVT_TT_nldm_201020 
NOR2x1_ASAP7_75t_R                  2       0.175  asap7sc7p5t_SIMPLE_RVT_TT_nldm_201020 
NOR2x1_ASAP7_75t_SL              2325     203.391 asap7sc7p5t_SIMPLE_SLVT_TT_nldm_201020 
NOR2x1p5_ASAP7_75t_L                6       0.700  asap7sc7p5t_SIMPLE_LVT_TT_nldm_201020 
NOR2x1p5_ASAP7_75t_SL              22       2.566 asap7sc7p5t_SIMPLE_SLVT_TT_nldm_201020 
NOR2x2_ASAP7_75t_SL                 2       0.292 asap7sc7p5t_SIMPLE_SLVT_TT_nldm_201020 
NOR2xp33_ASAP7_75t_L             6354     370.565  asap7sc7p5t_SIMPLE_LVT_TT_nldm_201020 
NOR2xp33_ASAP7_75t_SL          354256   20660.210 asap7sc7p5t_SIMPLE_SLVT_TT_nldm_201020 
NOR2xp67_ASAP7_75t_L              244      21.345  asap7sc7p5t_SIMPLE_LVT_TT_nldm_201020 
NOR2xp67_ASAP7_75t_R              847      74.096  asap7sc7p5t_SIMPLE_RVT_TT_nldm_201020 
NOR2xp67_ASAP7_75t_SL            1004      87.830 asap7sc7p5t_SIMPLE_SLVT_TT_nldm_201020 
NOR3x1_ASAP7_75t_R                257      41.218  asap7sc7p5t_SIMPLE_RVT_TT_nldm_201020 
NOR3x1_ASAP7_75t_SL                15       2.406 asap7sc7p5t_SIMPLE_SLVT_TT_nldm_201020 
NOR3xp33_ASAP7_75t_L                7       0.510  asap7sc7p5t_SIMPLE_LVT_TT_nldm_201020 
NOR3xp33_ASAP7_75t_SL           17729    1292.444 asap7sc7p5t_SIMPLE_SLVT_TT_nldm_201020 
NOR4xp25_ASAP7_75t_L               21       1.837  asap7sc7p5t_SIMPLE_LVT_TT_nldm_201020 
NOR4xp25_ASAP7_75t_SL           16656    1457.067 asap7sc7p5t_SIMPLE_SLVT_TT_nldm_201020 
NOR4xp75_ASAP7_75t_L              256      52.255  asap7sc7p5t_SIMPLE_LVT_TT_nldm_201020 
NOR4xp75_ASAP7_75t_R              256      52.255  asap7sc7p5t_SIMPLE_RVT_TT_nldm_201020 
NOR4xp75_ASAP7_75t_SL             258      52.663 asap7sc7p5t_SIMPLE_SLVT_TT_nldm_201020 
NOR5xp2_ASAP7_75t_L                12       1.225  asap7sc7p5t_SIMPLE_LVT_TT_nldm_201020 
NOR5xp2_ASAP7_75t_SL            13831    1411.592 asap7sc7p5t_SIMPLE_SLVT_TT_nldm_201020 
O2A1O1Ixp33_ASAP7_75t_L            70       6.124      asap7sc7p5t_OA_LVT_TT_nldm_201020 
O2A1O1Ixp33_ASAP7_75t_SL        18601    1627.215     asap7sc7p5t_OA_SLVT_TT_nldm_201020 
O2A1O1Ixp5_ASAP7_75t_SL            18       2.100     asap7sc7p5t_OA_SLVT_TT_nldm_201020 
OA211x2_ASAP7_75t_SL               55       6.415     asap7sc7p5t_OA_SLVT_TT_nldm_201020 
OA21x2_ASAP7_75t_SL             31685    3233.771     asap7sc7p5t_OA_SLVT_TT_nldm_201020 
OA222x2_ASAP7_75t_SL               48       8.398     asap7sc7p5t_OA_SLVT_TT_nldm_201020 
OA22x2_ASAP7_75t_SL               585      85.293     asap7sc7p5t_OA_SLVT_TT_nldm_201020 
OAI211xp5_ASAP7_75t_L              18       1.575      asap7sc7p5t_OA_LVT_TT_nldm_201020 
OAI211xp5_ASAP7_75t_SL          11215     981.088     asap7sc7p5t_OA_SLVT_TT_nldm_201020 
OAI21x1_ASAP7_75t_L                32       3.732      asap7sc7p5t_OA_LVT_TT_nldm_201020 
OAI21x1_ASAP7_75t_R                 4       0.467      asap7sc7p5t_OA_RVT_TT_nldm_201020 
OAI21x1_ASAP7_75t_SL               95      11.081     asap7sc7p5t_OA_SLVT_TT_nldm_201020 
OAI21xp33_ASAP7_75t_L               7       0.510      asap7sc7p5t_OA_LVT_TT_nldm_201020 
OAI21xp33_ASAP7_75t_SL          24303    1771.689     asap7sc7p5t_OA_SLVT_TT_nldm_201020 
OAI21xp5_ASAP7_75t_L              598      43.594      asap7sc7p5t_OA_LVT_TT_nldm_201020 
OAI21xp5_ASAP7_75t_SL          207025   15092.123     asap7sc7p5t_OA_SLVT_TT_nldm_201020 
OAI221xp5_ASAP7_75t_L               2       0.204      asap7sc7p5t_OA_LVT_TT_nldm_201020 
OAI221xp5_ASAP7_75t_SL          14491    1478.951     asap7sc7p5t_OA_SLVT_TT_nldm_201020 
OAI222xp33_ASAP7_75t_SL           481      70.130     asap7sc7p5t_OA_SLVT_TT_nldm_201020 
OAI22x1_ASAP7_75t_SL                4       0.583     asap7sc7p5t_OA_SLVT_TT_nldm_201020 
OAI22xp33_ASAP7_75t_SL          29337    2566.401     asap7sc7p5t_OA_SLVT_TT_nldm_201020 
OAI22xp5_ASAP7_75t_L                5       0.437      asap7sc7p5t_OA_LVT_TT_nldm_201020 
OAI22xp5_ASAP7_75t_SL          165641   14490.275     asap7sc7p5t_OA_SLVT_TT_nldm_201020 
OAI311xp33_ASAP7_75t_L              4       0.408      asap7sc7p5t_OA_LVT_TT_nldm_201020 
OAI311xp33_ASAP7_75t_SL          1379     140.741     asap7sc7p5t_OA_SLVT_TT_nldm_201020 
OAI31xp33_ASAP7_75t_L               2       0.175      asap7sc7p5t_OA_LVT_TT_nldm_201020 
OAI31xp33_ASAP7_75t_SL           7347     642.716     asap7sc7p5t_OA_SLVT_TT_nldm_201020 
OAI31xp67_ASAP7_75t_SL            257      48.712     asap7sc7p5t_OA_SLVT_TT_nldm_201020 
OAI321xp33_ASAP7_75t_L              4       0.467      asap7sc7p5t_OA_LVT_TT_nldm_201020 
OAI321xp33_ASAP7_75t_SL           996     116.173     asap7sc7p5t_OA_SLVT_TT_nldm_201020 
OAI322xp33_ASAP7_75t_L            259      33.986      asap7sc7p5t_OA_LVT_TT_nldm_201020 
OAI322xp33_ASAP7_75t_SL          5109     670.403     asap7sc7p5t_OA_SLVT_TT_nldm_201020 
OAI32xp33_ASAP7_75t_L               5       0.510      asap7sc7p5t_OA_LVT_TT_nldm_201020 
OAI32xp33_ASAP7_75t_SL           1190     121.451     asap7sc7p5t_OA_SLVT_TT_nldm_201020 
OAI331xp33_ASAP7_75t_SL             8       1.050     asap7sc7p5t_OA_SLVT_TT_nldm_201020 
OAI332xp33_ASAP7_75t_SL            14       2.041     asap7sc7p5t_OA_SLVT_TT_nldm_201020 
OAI333xp33_ASAP7_75t_SL             1       0.160     asap7sc7p5t_OA_SLVT_TT_nldm_201020 
OAI33xp33_ASAP7_75t_SL             21       2.449     asap7sc7p5t_OA_SLVT_TT_nldm_201020 
OR2x2_ASAP7_75t_SL              16453    1439.308 asap7sc7p5t_SIMPLE_SLVT_TT_nldm_201020 
OR2x4_ASAP7_75t_SL                533      62.169 asap7sc7p5t_SIMPLE_SLVT_TT_nldm_201020 
OR2x6_ASAP7_75t_L                   3       0.525  asap7sc7p5t_SIMPLE_LVT_TT_nldm_201020 
OR2x6_ASAP7_75t_SL                 13       2.274 asap7sc7p5t_SIMPLE_SLVT_TT_nldm_201020 
OR3x1_ASAP7_75t_L                  18       1.575  asap7sc7p5t_SIMPLE_LVT_TT_nldm_201020 
OR3x1_ASAP7_75t_SL               2325     203.391 asap7sc7p5t_SIMPLE_SLVT_TT_nldm_201020 
OR4x1_ASAP7_75t_SL               4841     494.072 asap7sc7p5t_SIMPLE_SLVT_TT_nldm_201020 
OR5x1_ASAP7_75t_SL               1320     153.965 asap7sc7p5t_SIMPLE_SLVT_TT_nldm_201020 
OR5x2_ASAP7_75t_SL                512      67.185 asap7sc7p5t_SIMPLE_SLVT_TT_nldm_201020 
SDFHx1_ASAP7_75t_SL              2560     933.120    asap7sc7p5t_SEQ_SLVT_TT_nldm_201020 
XNOR2x1_ASAP7_75t_L                 3       0.525  asap7sc7p5t_SIMPLE_LVT_TT_nldm_201020 
XNOR2x1_ASAP7_75t_SL               52       9.098 asap7sc7p5t_SIMPLE_SLVT_TT_nldm_201020 
XNOR2x2_ASAP7_75t_L                40       6.415  asap7sc7p5t_SIMPLE_LVT_TT_nldm_201020 
XNOR2x2_ASAP7_75t_R                28       4.491  asap7sc7p5t_SIMPLE_RVT_TT_nldm_201020 
XNOR2x2_ASAP7_75t_SL               71      11.387 asap7sc7p5t_SIMPLE_SLVT_TT_nldm_201020 
XNOR2xp5_ASAP7_75t_L             1666     218.613  asap7sc7p5t_SIMPLE_LVT_TT_nldm_201020 
XNOR2xp5_ASAP7_75t_SL          109359   14350.088 asap7sc7p5t_SIMPLE_SLVT_TT_nldm_201020 
XOR2x1_ASAP7_75t_SL                 6       1.050 asap7sc7p5t_SIMPLE_SLVT_TT_nldm_201020 
XOR2x2_ASAP7_75t_L                 17       2.726  asap7sc7p5t_SIMPLE_LVT_TT_nldm_201020 
XOR2x2_ASAP7_75t_R                  7       1.123  asap7sc7p5t_SIMPLE_RVT_TT_nldm_201020 
XOR2x2_ASAP7_75t_SL               551      88.369 asap7sc7p5t_SIMPLE_SLVT_TT_nldm_201020 
XOR2xp5_ASAP7_75t_L               968     127.021  asap7sc7p5t_SIMPLE_LVT_TT_nldm_201020 
XOR2xp5_ASAP7_75t_SL           139165   18261.231 asap7sc7p5t_SIMPLE_SLVT_TT_nldm_201020 
srambank_256x4x32_6t122            64   83906.148                srambank_256x4x32_6t122 
srambank_256x4x80_6t122           384 1107561.188                srambank_256x4x80_6t122 
-----------------------------------------------------------------------------------------
total                         3857235 1578384.728                                        
                                                                         
                Library                Instances     Area    Instances % 
-------------------------------------------------------------------------
asap7sc7p5t_AO_LVT_TT_nldm_201020          30726    2607.473         0.8 
asap7sc7p5t_AO_RVT_TT_nldm_201020              3       0.525         0.0 
asap7sc7p5t_AO_SLVT_TT_nldm_201020        407214   34733.132        10.6 
asap7sc7p5t_INVBUF_LVT_TT_nldm_201020       4144     341.959         0.1 
asap7sc7p5t_INVBUF_RVT_TT_nldm_201020     596409      10.264        15.5 
asap7sc7p5t_INVBUF_SLVT_TT_nldm_201020    412867   19129.572        10.7 
asap7sc7p5t_OA_LVT_TT_nldm_201020           1006      91.723         0.0 
asap7sc7p5t_OA_RVT_TT_nldm_201020              4       0.467         0.0 
asap7sc7p5t_OA_SLVT_TT_nldm_201020        519906   43171.409        13.5 
asap7sc7p5t_SEQ_LVT_TT_nldm_201020         84239   31914.862         2.2 
asap7sc7p5t_SEQ_RVT_TT_nldm_201020           768     246.344         0.0 
asap7sc7p5t_SEQ_SLVT_TT_nldm_201020       370209  140096.012         9.6 
asap7sc7p5t_SIMPLE_LVT_TT_nldm_201020      85108    5312.033         2.2 
asap7sc7p5t_SIMPLE_RVT_TT_nldm_201020       1424     176.797         0.0 
asap7sc7p5t_SIMPLE_SLVT_TT_nldm_201020   1342760  109084.819        34.8 
srambank_256x4x32_6t122                       64   83906.148         0.0 
srambank_256x4x80_6t122                      384 1107561.188         0.0 
                                            
     Type      Instances     Area    Area % 
--------------------------------------------
timing_model         448 1191467.336   75.5 
sequential        455216  172257.218   10.9 
inverter          967980   16347.169    1.0 
buffer             45440    3134.627    0.2 
logic            2388151  195178.378   12.4 
physical_cells         0       0.000    0.0 
--------------------------------------------
total            3857235 1578384.728  100.0 
