============================================================
  Generated by:           Genus(TM) Synthesis Solution 25.10-p002_1
  Generated on:           Aug 31 2026  11:38:21 pm
  Module:                 sfm_array_fugue
  Operating conditions:   PVT_0P7V_25C (balanced_tree)
  Wireload mode:          enclosed
  Area mode:              timing library
============================================================

Timing
--------

Clock Period 
-------------
clk    769.0 


  Cost    Critical         Violating 
 Group   Path Slack  TNS     Paths   
-------------------------------------
clk             0.0   0.0          0 
default    No paths   0.0            
-------------------------------------
Total                 0.0          0 

Instance Count
--------------
Leaf Instance Count             3857235 
Physical Instance count               0 
Sequential Instance Count        455664 
Combinational Instance Count    3401571 
Hierarchical Instance Count        1457 

Area
----
Cell Area                          1578384.728
Physical Cell Area                 0.000
Total Cell Area (Cell+Physical)    1578384.728
Net Area                           0.000
Total Area (Cell+Physical+Net)     1578384.728

Max Fanout                         455664 (clk)
Min Fanout                         0 (u_array/g_channel[0].u_channel/G[0].u_pe/u_add/n_10)
Average Fanout                     2.0
Terms to net ratio                 3.0950
Terms to instance ratio            3.4856
Runtime                            28633.871780000496 seconds
Elapsed Runtime                    28742 seconds
Genus peak memory usage            24331.37 
Innovus peak memory usage          no_value 
Hostname                           squire.ece.uw.edu
