============================================================
  Generated by:           Genus(TM) Synthesis Solution 25.10-p002_1
  Generated on:           Aug 31 2026  03:34:41 pm
  Operating conditions:   PVT_0P7V_25C (balanced_tree)
  Wireload mode:          enclosed
  Area mode:              timing library
============================================================

                                                                                 
         Gate           Instances   Area                  Library                
---------------------------------------------------------------------------------
CKINVDCx20_ASAP7_75t_R          8   0.000  asap7sc7p5t_INVBUF_RVT_TT_nldm_201020 
HB1xp67_ASAP7_75t_SL           16   0.933 asap7sc7p5t_INVBUF_SLVT_TT_nldm_201020 
NAND2xp5_ASAP7_75t_SL           1   0.058 asap7sc7p5t_SIMPLE_SLVT_TT_nldm_201020 
NOR2xp33_ASAP7_75t_SL           1   0.058 asap7sc7p5t_SIMPLE_SLVT_TT_nldm_201020 
OAI22xp5_ASAP7_75t_SL           3   0.262     asap7sc7p5t_OA_SLVT_TT_nldm_201020 
srambank_64x4x16_6t122          1 249.143                 srambank_64x4x16_6t122 
---------------------------------------------------------------------------------
total                          30 250.455                                        
                                                                     
                Library                Instances   Area  Instances % 
---------------------------------------------------------------------
asap7sc7p5t_INVBUF_RVT_TT_nldm_201020          8   0.000        26.7 
asap7sc7p5t_INVBUF_SLVT_TT_nldm_201020        16   0.933        53.3 
asap7sc7p5t_OA_SLVT_TT_nldm_201020             3   0.262        10.0 
asap7sc7p5t_SIMPLE_SLVT_TT_nldm_201020         2   0.117         6.7 
srambank_64x4x16_6t122                         1 249.143         3.3 
                                        
     Type      Instances   Area  Area % 
----------------------------------------
timing_model           1 249.143   99.5 
inverter               8   0.000    0.0 
buffer                16   0.933    0.4 
logic                  5   0.379    0.2 
physical_cells         0   0.000    0.0 
----------------------------------------
total                 30 250.455  100.0 
