============================================================
  Generated by:           Genus(TM) Synthesis Solution 25.10-p002_1
  Generated on:           Aug 31 2026  03:34:41 pm
  Module:                 accum_buffer_bg_attacc
  Operating conditions:   PVT_0P7V_25C (balanced_tree)
  Wireload mode:          enclosed
  Area mode:              timing library
============================================================

Timing
--------

Clock Period 
-------------
clk   1502.0 


  Cost    Critical         Violating 
 Group   Path Slack  TNS     Paths   
-------------------------------------
clk           453.5   0.0          0 
default    No paths   0.0            
-------------------------------------
Total                 0.0          0 

Instance Count
--------------
Leaf Instance Count             30 
Physical Instance count          0 
Sequential Instance Count        1 
Combinational Instance Count    29 
Hierarchical Instance Count      1 

Area
----
Cell Area                          250.455
Physical Cell Area                 0.000
Total Cell Area (Cell+Physical)    250.455
Net Area                           0.000
Total Area (Cell+Physical+Net)     250.455

Max Fanout                         6 (wr_en)
Min Fanout                         0 (rst_n)
Average Fanout                     1.2
Terms to net ratio                 1.5694
Terms to instance ratio            3.7667
Runtime                            19.981559 seconds
Elapsed Runtime                    19 seconds
Genus peak memory usage            2280.76 
Innovus peak memory usage          no_value 
Hostname                           squire.ece.uw.edu
