============================================================
  Generated by:           Genus(TM) Synthesis Solution 25.10-p002_1
  Generated on:           Aug 31 2026  03:34:41 pm
  Module:                 accum_buffer_bg_fugue
  Operating conditions:   PVT_0P7V_25C (balanced_tree)
  Wireload mode:          enclosed
  Area mode:              timing library
============================================================


Path 1: MET (182 ps) Late External Delay Assertion at pin rd_data[0]
          Group: clk
     Startpoint: (F) clk
          Clock: (F) clk
       Endpoint: (F) rd_data[0]
          Clock: (R) clk

                     Capture       Launch     
        Clock Edge:+     769          384     
        Drv Adjust:+       0            0     
       Src Latency:+       0            0     
       Net Latency:+       0 (I)        0 (I) 
           Arrival:=     769          384     
                                              
      Output Delay:-      77                  
       Uncertainty:-      23                  
     Required Time:=     669                  
      Launch Clock:-     384                  
       Input Delay:-       0                  
         Data Path:-     102                  
             Slack:=     182                  

Exceptions/Constraints:
  input_delay               0              create_clock_delay_domain_1_clk_F_0   
  output_delay              77             ou_del_44_1                           

#----------------------------------------------------------------------------------------------------------------------
#     Timing Point       Flags        Arc        Edge          Cell           Fanout Load Trans Delay Arrival Instance 
#                                                                                    (fF)  (ps)  (ps)   (ps)  Location 
#----------------------------------------------------------------------------------------------------------------------
  clk                    (i)     -               F     (arrival)                   1  0.0     0     0     384    (-,-) 
  u_buf/u_mem/dataout[0] -       clk->dataout[0] F     srambank_64x4x16_6t122      1  0.3     8    72     456    (-,-) 
  u_buf/drc_bufs226/Y    -       A->Y            F     HB1xp67_ASAP7_75t_SL        1  5.0    42    30     486    (-,-) 
  rd_data[0]             <<<     -               F     (port)                      -    -     -     0     486    (-,-) 
#----------------------------------------------------------------------------------------------------------------------

(i) : Net is ideal.

