============================================================
  Generated by:           Genus(TM) Synthesis Solution 25.10-p002_1
  Generated on:           Aug 31 2026  03:34:41 pm
  Module:                 accum_buffer_bg_fugue
  Operating conditions:   PVT_0P7V_25C (balanced_tree)
  Wireload mode:          enclosed
  Area mode:              timing library
============================================================

Timing
--------

Clock Period 
-------------
clk    769.0 


  Cost    Critical         Violating 
 Group   Path Slack  TNS     Paths   
-------------------------------------
clk           182.5   0.0          0 
default    No paths   0.0            
-------------------------------------
Total                 0.0          0 

Instance Count
--------------
Leaf Instance Count             39 
Physical Instance count          0 
Sequential Instance Count        1 
Combinational Instance Count    38 
Hierarchical Instance Count      1 

Area
----
Cell Area                          250.718
Physical Cell Area                 0.000
Total Cell Area (Cell+Physical)    250.718
Net Area                           0.000
Total Area (Cell+Physical+Net)     250.718

Max Fanout                         9 (wr_en)
Min Fanout                         0 (rst_n)
Average Fanout                     1.2
Terms to net ratio                 1.6092
Terms to instance ratio            3.5897
Runtime                            19.972525 seconds
Elapsed Runtime                    19 seconds
Genus peak memory usage            2299.95 
Innovus peak memory usage          no_value 
Hostname                           squire.ece.uw.edu
