============================================================
  Generated by:           Genus(TM) Synthesis Solution 25.10-p002_1
  Generated on:           Aug 31 2026  04:38:38 pm
  Module:                 dbuf_16x256
  Operating conditions:   PVT_0P7V_25C (balanced_tree)
  Wireload mode:          enclosed
  Area mode:              timing library
============================================================


Path 1: MET (361 ps) Setup Check with Pin g_copy[0].g_slice[15].u_mem/clk->banksel
          Group: clk
     Startpoint: (R) sel_reg/CLK
          Clock: (R) clk
       Endpoint: (R) g_copy[0].g_slice[15].u_mem/banksel
          Clock: (F) clk

                     Capture       Launch     
        Clock Edge:+     751            0     
       Src Latency:+       0            0     
       Net Latency:+       0 (I)        0 (I) 
           Arrival:=     751            0     
                                              
             Setup:-      -1                  
       Uncertainty:-      45                  
     Required Time:=     707                  
      Launch Clock:-       0                  
         Data Path:-     346                  
             Slack:=     361                  

#------------------------------------------------------------------------------------------------------------------------------
#            Timing Point             Flags    Arc    Edge           Cell             Fanout Load Trans Delay Arrival Instance 
#                                                                                            (fF)  (ps)  (ps)   (ps)  Location 
#------------------------------------------------------------------------------------------------------------------------------
  sel_reg/CLK                         -       -       R     (arrival)                    289    -     0     0       0    (-,-) 
  sel_reg/QN                          -       CLK->QN F     ASYNC_DFFHx1_ASAP7_75t_SL     29 40.2   218   136     136    (-,-) 
  drc_bufs11991/Y                     -       A->Y    R     CKINVDCx20_ASAP7_75t_R         9 95.7   101    80     217    (-,-) 
  g10897__7482/Y                      -       A->Y    F     NAND2xp5_ASAP7_75t_L           2 12.5   138    76     293    (-,-) 
  g10625__5107/Y                      -       B->Y    R     NAND2xp5_ASAP7_75t_SL         16  4.8    91    52     346    (-,-) 
  g_copy[0].g_slice[15].u_mem/banksel <<<     -       R     srambank_64x4x16_6t122        16    -     -     0     346    (-,-) 
#------------------------------------------------------------------------------------------------------------------------------

